
R version 3.1.2 (2014-10-31) -- "Pumpkin Helmet"
Copyright (C) 2014 The R Foundation for Statistical Computing
Platform: x86_64-apple-darwin13.4.0 (64-bit)

R is free software and comes with ABSOLUTELY NO WARRANTY.
You are welcome to redistribute it under certain conditions.
Type 'license()' or 'licence()' for distribution details.

  Natural language support but running in an English locale

R is a collaborative project with many contributors.
Type 'contributors()' for more information and
'citation()' on how to cite R or R packages in publications.

Type 'demo()' for some demos, 'help()' for on-line help, or
'help.start()' for an HTML browser interface to help.
Type 'q()' to quit R.

> 
> #.libPaths("/home/stu/kuppal3/karan_libs/Rlibs")
> library(snow)
> library(e1071)
> library(yaImpute)

Attaching package: ‘yaImpute’

The following object is masked from ‘package:e1071’:

    impute

> library(pROC)
Type 'citation("pROC")' for a citation.

Attaching package: ‘pROC’

The following objects are masked from ‘package:stats’:

    cov, smooth, var

> library(bioDist)
Loading required package: Biobase
Loading required package: BiocGenerics
Loading required package: parallel

Attaching package: ‘parallel’

The following objects are masked from ‘package:snow’:

    clusterApply, clusterApplyLB, clusterCall, clusterEvalQ,
    clusterExport, clusterMap, clusterSplit, makeCluster, parApply,
    parCapply, parLapply, parRapply, parSapply, splitIndices,
    stopCluster


Attaching package: ‘BiocGenerics’

The following objects are masked from ‘package:parallel’:

    clusterApply, clusterApplyLB, clusterCall, clusterEvalQ,
    clusterExport, clusterMap, parApply, parCapply, parLapply,
    parLapplyLB, parRapply, parSapply, parSapplyLB

The following objects are masked from ‘package:snow’:

    clusterApply, clusterApplyLB, clusterCall, clusterEvalQ,
    clusterExport, clusterMap, parApply, parCapply, parLapply,
    parRapply, parSapply

The following object is masked from ‘package:stats’:

    xtabs

The following objects are masked from ‘package:base’:

    anyDuplicated, append, as.data.frame, as.vector, cbind, colnames,
    do.call, duplicated, eval, evalq, Filter, Find, get, intersect,
    is.unsorted, lapply, Map, mapply, match, mget, order, paste, pmax,
    pmax.int, pmin, pmin.int, Position, rank, rbind, Reduce, rep.int,
    rownames, sapply, setdiff, sort, table, tapply, union, unique,
    unlist, unsplit

Welcome to Bioconductor

    Vignettes contain introductory material; view with
    'browseVignettes()'. To cite Bioconductor, see
    'citation("Biobase")', and for packages 'citation("pkgname")'.

Loading required package: KernSmooth
KernSmooth 2.23 loaded
Copyright M. P. Wand 1997-2009
> #library(CMA, lib="/home/stu/kuppal3/karan_libs/Rlibs/")
> 
> library(CMA)

Attaching package: ‘CMA’

The following object is masked from ‘package:pROC’:

    roc

The following object is masked from ‘package:e1071’:

    tune

> library(expm)
Loading required package: Matrix

Attaching package: ‘expm’

The following object is masked from ‘package:Matrix’:

    expm

> 
> cl<-makeCluster(20)
> 
> 
> source("/Users/karanuppal/Documents/Gatech/Projects/Algorithms/TwostagePSO/Rcode/OCFS/OCFS_vdec242014.R") #_consistent_setup_evalfit.R")
> 
> 
> 
> if(FALSE){
+ trainy<-read.csv("/Users/karanuppal/Documents/Gatech/Projects/Algorithms/TwostagePSO/Datasets/ARCENE/arcene_train.labels", header=FALSE)
+ testy<-read.csv("/Users/karanuppal/Documents/Gatech/Projects/Algorithms/TwostagePSO/Datasets/ARCENE/arcene_valid.labels", header=FALSE)
+ trainm<-read.table("/Users/karanuppal/Documents/Gatech/Projects/Algorithms/TwostagePSO/Datasets/ARCENE/arcene_train.data", sep=" ",header=FALSE)
+ testm<-read.table("/Users/karanuppal/Documents/Gatech/Projects/Algorithms/TwostagePSO/Datasets/ARCENE/arcene_valid.data", sep=" ",header=FALSE)
+ }
> 
> #/home/stu/kuppal3/Research/Feature_selection/Datasets/Khan_SRBCT/khan.xtest
> 
> #/home/stu/kuppal3/Research/Feature_selection/Datasets/Khan_SRBCT/khan.xtest
> 
> if(FALSE){
+ trainy<-read.table("/Users/karanuppal/Documents/Gatech/Projects/Algorithms/TwostagePSO/Rcode/versionnov2014//khan.ytrain", header=FALSE)
+ testy<-read.table("/Users/karanuppal/Documents/Gatech/Projects/Algorithms/TwostagePSO/Rcode/versionnov2014//khan.ytest", header=FALSE)
+ 
+ trainy<-t(trainy)
+ testy<-t(testy)
+ 
+ #trainm<-read.table("/home/stu/kuppal3/Research/Feature_selection/Datasets/Khan_SRBCT/khan.xtrain", sep=" ",header=FALSE)
+ #testm<-read.table("/home/stu/kuppal3/Research/Feature_selection/Datasets/Khan_SRBCT/khan.xtest", sep=" ",header=FALSE)
+ 
+ trainm<-read.table("/Users/karanuppal/Documents/Gatech/Projects/Algorithms/TwostagePSO/Rcode/versionnov2014//khan.xtrain")
+ 
+ testm<-read.table("/Users/karanuppal/Documents/Gatech/Projects/Algorithms/TwostagePSO/Rcode/versionnov2014//khan.xtest")
+ 
+ trainm<-t(trainm) #[,-c(10001)]
+ testm<-t(testm) #[,-c(10001)]
+ trainm<-cbind(trainy,trainm)
+ testm<-cbind(testy,testm)
+ 
+ trainm<-na.omit(trainm)
+ testm<-na.omit(testm)
+ 
+ 
+ trainm<-read.csv("/Users/karanuppal/Documents/Gatech/Projects/Algorithms/TwostagePSO/Rcode/versionnov2014/SPECTF.train", header=FALSE)
+ testm<-read.csv("/Users/karanuppal/Documents/Gatech/Projects/Algorithms/TwostagePSO/Rcode/versionnov2014/SPECTF.test", header=FALSE)
+ }
> 
> trainy<-read.csv("/Users/karanuppal/Documents/Gatech/Projects/Algorithms/TwostagePSO/Datasets/ARCENE/arcene_train.labels", header=FALSE)
> testy<-read.csv("/Users/karanuppal/Documents/Gatech/Projects/Algorithms/TwostagePSO/Datasets/ARCENE/arcene_valid.labels", header=FALSE)
> 
> trainm<-read.table("/Users/karanuppal/Documents/Gatech/Projects/Algorithms/TwostagePSO/Datasets/ARCENE/arcene_train.data", sep=" ",header=FALSE)
> testm<-read.table("/Users/karanuppal/Documents/Gatech/Projects/Algorithms/TwostagePSO/Datasets/ARCENE/arcene_valid.data", sep=" ",header=FALSE)
> 
> trainm<-trainm[,-c(10001)]
> testm<-testm[,-c(10001)]
> 
> trainm<-as.data.frame(trainm)
> testm<-as.data.frame(testm)
> 
> 
> #trainm<-cbind(trainy,trainm)
> #testm<-cbind(testy,testm)
> 
> 
> outloc<-"/Users/karanuppal/Documents/Gatech/Projects/Algorithms/TwostagePSO/Rcode/versionnov2014//CMAandPSO_nov292014v2_ARCENE/"
> 
> 
> #trainy<-trainm[,c(1)]
> #testy<-testm[,c(1)]
> #a: Confusions
> #b: Neighbors
> #c: Global
> #d: Death
> 
> a<-c(0.25,0.25,0.25,0.25)
> b<-c(0.3,0.1,0.4,0.1)
> c<-c(0.25,0.25,0.5,0)
> d<-c(0.9,0.1,0,0.1)
> 
> a<-c(0,0.4,0.1,0.5)
> b<-c(0.3,0.1,0.4,0.1)
> c<-c(0,0.5,0.5,0)
> d<-c(0.9,0.1,0,0)
> 
> a<-c(0,0.4,0.1,0.5)
> b<-c(0.2,0.3,0.4,0.1)
> c<-c(0,0.4,0.4,0.2)
> d<-c(0.9,0.1,0,0)
> 
> transition_matrix<-rbind(a,b,c,d)
> 
> 
> dir.create(outloc)
Warning message:
In dir.create(outloc) :
  '/Users/karanuppal/Documents/Gatech/Projects/Algorithms/TwostagePSO/Rcode/versionnov2014//CMAandPSO_nov292014v2_ARCENE' already exists
> setwd(outloc)
> temp2=t(trainm)
> temp2=apply(temp2, 2, function(x){which(x=="MD")})
> temp2=unlist(temp2)
> temp2=unique(temp2)
> if(length(temp2)>1)
+ {
+ 	trainm=trainm[,-c(temp2)]
+ 
+ 	rm(temp2)
+ }
> 
> 
> #1
> CMAres<-performCMA(trainm, trainclass=trainy, testm, testclass=testy,outloc,
+ maxnum=0.5,
+ minnum=3,
+ stepitr=1,
+ gsmethods=c("rf","rfe","limma"), #"lasso","elasticnet","kruskal.test"), #"f.test", "f.test", "elasticnet", "wilcox.test", "welch.test"),
+ percentTest=0.40,
+ accuracyweight=1,
+ featweight=0.06,
+ minpresent=1,
+ kname="radial",
+ norm_method="none", 
+ tolerance=0.1,
+ maxitrs=100,
+ classindex=1,
+ numfacts=0,
+ evalmethod="CV",
+ numfolds=10,
+ CVfoldthresh=0.7,
+ backward.sel=TRUE,
+ scheme_val="one-vs-all",
+ iter_learn=100)
[1] "dim of trainm is "
[1]   100 10000
[1]   100 10000
Error in sort.list(y) : 'x' must be atomic for 'sort.list'
Have you called 'sort' on a list?
Calls: performCMA -> as.factor -> factor -> sort.list
Execution halted
