
R version 3.2.2 (2015-08-14) -- "Fire Safety"
Copyright (C) 2015 The R Foundation for Statistical Computing
Platform: x86_64-apple-darwin13.4.0 (64-bit)

R is free software and comes with ABSOLUTELY NO WARRANTY.
You are welcome to redistribute it under certain conditions.
Type 'license()' or 'licence()' for distribution details.

  Natural language support but running in an English locale

R is a collaborative project with many contributors.
Type 'contributors()' for more information and
'citation()' on how to cite R or R packages in publications.

Type 'demo()' for some demos, 'help()' for on-line help, or
'help.start()' for an HTML browser interface to help.
Type 'q()' to quit R.

> 
> #.libPaths("/home/kuppal3/karan_libs/Rlibs")
> library(snow)
Warning message:
package ‘snow’ was built under R version 3.2.5 
> library(e1071)
Warning message:
package ‘e1071’ was built under R version 3.2.5 
> library(yaImpute)

Attaching package: ‘yaImpute’

The following object is masked from ‘package:e1071’:

    impute

> library(pROC)
Type 'citation("pROC")' for a citation.

Attaching package: ‘pROC’

The following objects are masked from ‘package:stats’:

    cov, smooth, var

Warning message:
package ‘pROC’ was built under R version 3.2.5 
> library(bioDist)
Loading required package: Biobase
Loading required package: BiocGenerics
Loading required package: parallel

Attaching package: ‘parallel’

The following objects are masked from ‘package:snow’:

    clusterApply, clusterApplyLB, clusterCall, clusterEvalQ,
    clusterExport, clusterMap, clusterSplit, makeCluster, parApply,
    parCapply, parLapply, parRapply, parSapply, splitIndices,
    stopCluster


Attaching package: ‘BiocGenerics’

The following objects are masked from ‘package:parallel’:

    clusterApply, clusterApplyLB, clusterCall, clusterEvalQ,
    clusterExport, clusterMap, parApply, parCapply, parLapply,
    parLapplyLB, parRapply, parSapply, parSapplyLB

The following objects are masked from ‘package:snow’:

    clusterApply, clusterApplyLB, clusterCall, clusterEvalQ,
    clusterExport, clusterMap, parApply, parCapply, parLapply,
    parRapply, parSapply

The following objects are masked from ‘package:stats’:

    IQR, mad, xtabs

The following objects are masked from ‘package:base’:

    anyDuplicated, append, as.data.frame, as.vector, cbind, colnames,
    do.call, duplicated, eval, evalq, Filter, Find, get, grep, grepl,
    intersect, is.unsorted, lapply, lengths, Map, mapply, match, mget,
    order, paste, pmax, pmax.int, pmin, pmin.int, Position, rank,
    rbind, Reduce, rownames, sapply, setdiff, sort, table, tapply,
    union, unique, unlist, unsplit

Welcome to Bioconductor

    Vignettes contain introductory material; view with
    'browseVignettes()'. To cite Bioconductor, see
    'citation("Biobase")', and for packages 'citation("pkgname")'.

Loading required package: KernSmooth
KernSmooth 2.23 loaded
Copyright M. P. Wand 1997-2009
> #library(CMA, lib="/home/kuppal3/karan_libs/Rlibs/")
> library(RankAggreg)
Warning message:
package ‘RankAggreg’ was built under R version 3.2.5 
> library(CMA)

Attaching package: ‘CMA’

The following object is masked from ‘package:pROC’:

    roc

The following object is masked from ‘package:e1071’:

    tune

Warning message:
package ‘CMA’ was built under R version 3.2.4 
> library(expm)
Loading required package: Matrix

Attaching package: ‘expm’

The following object is masked from ‘package:Matrix’:

    expm

Warning messages:
1: package ‘expm’ was built under R version 3.2.5 
2: package ‘Matrix’ was built under R version 3.2.5 
> 
> cl<-makeCluster(1)
> 
> 
> args<-commandArgs(trailingOnly=TRUE)
> 
> dirloc<-"/Users/karanuppal/Documents/Gatech/Projects/Algorithms/TwostagePSO/"
> #sname<-paste("/home/stu/kuppal3/Research/Feature_selection/Rcode/versionnov2014/OCFS_",args[9],".R",sep="")
> 
> sname<-paste(dirloc,"version2017/OCFS_",args[9],".R",sep="")
> source(sname)
> 
> outloc<-paste(dirloc,"/Datasets/Golub/OCFSvmay2415_Golub",args[9],"/",sep="")
> 
> 
> sname<-paste(dirloc,"Datasets/Golub/Golub.Rda",sep="")
> load(sname)
> 
> #data_loc<-"/Users/karanuppal/Documents/Gatech/Projects/Algorithms/TwostagePSO/Datasets/Golub/"
> #data_loc<-"/home/kuppal2/Documents/Projects/xmsPANDA/Other/Datasets/Golub/"
> #load("/home/kuppal3/Research/Feature_selection/Datasets/Golub/Golub.rda")
> #load("Golub.rda")
> 
> trainm<-Golub$X
> testm<-Golub$Xt
> trainclass<-Golub$y
> testclass<-Golub$yt
> 
> cnames<-paste("var",seq(1,dim(trainm)[2]),sep="")
> colnames(trainm)<-cnames
> colnames(testm)<-cnames
> 
> trainm<-t(trainm)
> testm<-t(testm)
> 
> 
> 
> trainm[trainm < 100] <- 100
> trainm[trainm > 16000] <- 16000
> 
> testm[testm < 100] <- 100
> testm[testm > 16000] <- 16000
> 
> mmfilt <- function(x,r = 5, d = 500, na.rm = TRUE) {
+  minval <- min(x, na.rm = na.rm)
+  maxval <- max(x, na.rm = na.rm)
+  (maxval/minval > r) && (maxval - minval > d)
+ }
> 
> #mmfun <- mmfilt()
> #ffun <- filterfun(mmfun)
> #good <- genefilter(X, ffun)
> 
> good<-apply(trainm,1,mmfilt)
> 
> 
> trainm<-trainm[good,]
> 
> print(dim(trainm))
[1] 3051   38
> testm<-testm[good,]
> 
> 
> trainm<-log10(trainm+1)
>  testm<-log10(testm+1)
> 
> 
> trainm<-t(trainm)
> testm<-t(testm)
> 
> trainm<-cbind(trainclass,trainm)
> testm<-cbind(testclass,testm)
> 
> trainm<-na.omit(trainm)
> testm<-na.omit(testm)
> 
> 
> dir.create(outloc)
Warning message:
In dir.create(outloc) :
  '/Users/karanuppal/Documents/Gatech/Projects/Algorithms/TwostagePSO//Datasets/Golub/OCFSvmay2415_Golubvmarch62018_v3' already exists
> setwd(outloc)
> 
> trainm<-as.matrix(trainm)
> testm<-as.matrix(testm)
> trainclass<-trainm[,1] #CMAres$modtrainclass
> testclass<-testm[,1] #CMAres$modtestclass
> trainm<-trainm[,-c(1)] #CMAres$modtrainmata
> testm<-testm[,-c(1)] #CMAres$modtestmata
> 
> #a: Confusions
> #b: Neighbors
> #c: Global
> #d: Death
> 
> a<-c(0.25,0.25,0.25,0.25)
> b<-c(0.3,0.1,0.4,0.1)
> c<-c(0.25,0.25,0.5,0)
> d<-c(0.9,0.1,0,0.1)
> 
> a<-c(0,0.4,0.1,0.5)
> b<-c(0.3,0.1,0.4,0.1)
> c<-c(0,0.5,0.5,0)
> d<-c(0.9,0.1,0,0)
> 
> a<-c(0,0.4,0.1,0.5)
> b<-c(0.2,0.3,0.4,0.1)
> c<-c(0,0.4,0.4,0.2)
> d<-c(0.9,0.1,0,0)
> 
> transition_matrix<-rbind(a,b,c,d)
> 
> 
> dir.create(outloc)
Warning message:
In dir.create(outloc) :
  '/Users/karanuppal/Documents/Gatech/Projects/Algorithms/TwostagePSO//Datasets/Golub/OCFSvmay2415_Golubvmarch62018_v3' already exists
> setwd(outloc)
> temp2=t(trainm)
> temp2=apply(temp2, 2, function(x){which(x=="MD")})
> temp2=unlist(temp2)
> temp2=unique(temp2)
> if(length(temp2)>1)
+ {
+ 	trainm=trainm[,-c(temp2)]
+ 
+ 	rm(temp2)
+ }
> 
> boostweight=rep(0,dim(trainm)[2])
> 
> #if(FALSE)
> {
+ CMAres<-performCMA(trainm, trainclass, testm, testclass,outloc,
+ maxnum=as.numeric(args[10]),
+ minnum=3,
+ stepitr=1,
+ gsmethods=c("limma"), #"lasso","elasticnet","kruskal.test"), #"f.test", "f.test", "elasticnet", "wilcox.test", "welch.test"),
+ pct_train=0.4,
+ accuracyweight=1,
+ featweight=0.06,
+ minpresent=1,
+ kname="radial",
+ norm_method="none",
+ tolerance=0.5,
+ maxitrs=5,
+ classindex=1,
+ numfacts=0,
+ evalmethod="CV",
+ numfolds=10,
+ CVfoldthresh=0.7,
+ varselmethod=args[11],
+ scheme_val="one-vs-all",
+ iter_learn=1,boostweight=rep(0,dim(trainm)[2]))
+ 
+ 
+ CMAres<-performCMA(trainm, trainclass, testm, testclass,outloc,
+ maxnum=as.numeric(args[10]),
+ minnum=3,
+ stepitr=1,
+ gsmethods=c("lasso"), #"lasso","elasticnet","kruskal.test"), #"f.test", "f.test", "elasticnet", "wilcox.test", "welch.test"),
+ pct_train=0.4,
+ accuracyweight=1,
+ featweight=0.06,
+ minpresent=1,
+ kname="radial",
+ norm_method="none",
+ tolerance=0.5,
+ maxitrs=5,
+ classindex=1,
+ numfacts=0,
+ evalmethod="CV",
+ numfolds=10,
+ CVfoldthresh=0.7,
+ varselmethod=args[11],
+ scheme_val="one-vs-all",
+ iter_learn=1,boostweight=rep(0,dim(trainm)[2]))
+ 
+ CMAres<-performCMA(trainm, trainclass, testm, testclass,outloc,
+ maxnum=as.numeric(args[10]),
+ minnum=3,
+ stepitr=1,
+ gsmethods=c("rfe"), #"lasso","elasticnet","kruskal.test"), #"f.test", "f.test", "elasticnet", "wilcox.test", "welch.test"),
+ pct_train=0.4,
+ accuracyweight=1,
+ featweight=0.06,
+ minpresent=1,
+ kname="radial",
+ norm_method="none",
+ tolerance=0.5,
+ maxitrs=5,
+ classindex=1,
+ numfacts=0,
+ evalmethod="CV",
+ numfolds=10,
+ CVfoldthresh=0.7,
+ varselmethod=args[11],
+ scheme_val="one-vs-all",
+ iter_learn=1,boostweight=rep(0,dim(trainm)[2]))
+ 
+ CMAres<-performCMA(trainm, trainclass, testm, testclass,outloc,
+ maxnum=as.numeric(args[10]),
+ minnum=3,
+ stepitr=1,
+ gsmethods=c("elasticnet"), #"lasso","elasticnet","kruskal.test"), #"f.test", "f.test", "elasticnet", "wilcox.test", "welch.test"),
+ pct_train=0.4,
+ accuracyweight=1,
+ featweight=0.06,
+ minpresent=1,
+ kname="radial",
+ norm_method="none",
+ tolerance=0.5,
+ maxitrs=5,
+ classindex=1,
+ numfacts=0,
+ evalmethod="CV",
+ numfolds=10,
+ CVfoldthresh=0.7,
+ varselmethod=args[11],
+ scheme_val="one-vs-all",
+ iter_learn=1,boostweight=rep(0,dim(trainm)[2]))
+ 
+ if(FALSE){
+ CMAres<-performCMA(trainm, trainclass, testm, testclass,outloc,
+ maxnum=as.numeric(args[10]),
+ minnum=3,
+ stepitr=1,
+ gsmethods=c("rf"), #"lasso","elasticnet","kruskal.test"), #"f.test", "f.test", "elasticnet", "wilcox.test", "welch.test"),
+ pct_train=0.4,
+ accuracyweight=1,
+ featweight=0.06,
+ minpresent=1,
+ kname="radial",
+ norm_method="none",
+ tolerance=0.5,
+ maxitrs=5,
+ classindex=1,
+ numfacts=0,
+ evalmethod="CV",
+ numfolds=10,
+ CVfoldthresh=0.7,
+ varselmethod=args[11],
+ scheme_val="one-vs-all",
+ iter_learn=1,boostweight=rep(0,dim(trainm)[2]))
+ }
+ 
+ CMAres<-performCMA(trainm, trainclass, testm, testclass,outloc,
+ maxnum=as.numeric(args[10]),
+ minnum=3,
+ stepitr=1,
+ gsmethods=c("f.test"), #"lasso","elasticnet","kruskal.test"), #"f.test", "f.test", "elasticnet", "wilcox.test", "welch.test"),
+ pct_train=0.4,
+ accuracyweight=1,
+ featweight=0.06,
+ minpresent=1,
+ kname="radial",
+ norm_method="none",
+ tolerance=0.5,
+ maxitrs=5,
+ classindex=1,
+ numfacts=0,
+ evalmethod="CV",
+ numfolds=10,
+ CVfoldthresh=0.7,
+ varselmethod=args[11],
+ scheme_val="one-vs-all",
+ iter_learn=1,boostweight=rep(0,dim(trainm)[2]))
+ }
[1] "dim of trainm is "
[1]   38 3051
[1]   38 3051
[1] "maxnum is "
[1] 10
[1] "# of genes left after filtering:"
[1]   38 3051
[1] "limma"
[1] "Method name: limma"
[1]   38 3051
nci_y
-1  1 
27 11 
learningset mode:  CV 
number of learningsets:  10 
(maximum) number of observations per learning set:  35 
[1] "one-vs-all"
GeneSelection: iteration 1 

Attaching package: ‘limma’

The following object is masked from ‘package:BiocGenerics’:

    plotMA

GeneSelection: iteration 2 
GeneSelection: iteration 3 
GeneSelection: iteration 4 
GeneSelection: iteration 5 
GeneSelection: iteration 6 
GeneSelection: iteration 7 
GeneSelection: iteration 8 
GeneSelection: iteration 9 
GeneSelection: iteration 10 
[1] 23
[1] "varselmethod"
[1] "none"
[1] 23
[1] "Method: limma"
[1] 23
[1] "dim of scoring matrix is "
[1] 3051    1
    Min.  1st Qu.   Median     Mean  3rd Qu.     Max. 
0.000000 0.000000 0.000000 0.007539 0.000000 1.000000 
[1] 23
[1] 3051
[1] "DS index stage 1"
[1] NA
[1] "bestgenelist"
 [1]  378  515  521  523  717  808  829  894 1009 1413 1448 1676 1778 1977 1995
[16] 2124 2489 2499 2663 2664 2670 2750 2761
       var760  var1120  var1133  var1144  var1630  var1834  var1882  var2015
[1,] 2.209515 3.325926 2.720159 2.786041 2.757396 2.418301 2.482874 2.004321
[2,] 2.770115 3.609594 2.617000 2.967548 3.461499 2.008600 3.133219 2.167317
[3,] 2.318063 3.571359 2.989450 3.229938 3.435207 2.491362 2.406540 2.082785
      var2288  var3252  var3320  var3877  var4107  var4499  var4535  var4847
[1,] 2.004321 2.004321 3.051153 2.245513 2.206826 2.488551 3.137671 2.475671
[2,] 2.004321 2.167317 3.026533 2.093422 2.311754 2.271842 3.073718 2.488551
[3,] 2.004321 2.045323 3.145818 2.004321 2.004321 2.451786 3.346744 2.491362
      var5772  var5808  var6200  var6201  var6218  var6376  var6405
[1,] 3.492201 2.004321 2.466868 2.523746 2.004321 2.004321 2.004321
[2,] 3.048830 2.004321 3.314499 3.728029 2.004321 2.562293 2.322219
[3,] 3.657438 2.181844 2.004321 2.480007 2.004321 2.004321 2.110590
       var760  var1120  var1133  var1144  var1630  var1834  var1882  var2015
[1,] 2.004321 3.355068 2.888179 2.895975 2.923244 2.227887 2.004321 2.004321
[2,] 2.004321 3.042576 2.813581 2.997823 2.257679 2.389166 2.004321 2.004321
[3,] 2.356026 3.009876 2.481443 2.789581 2.887054 2.004321 2.004321 2.004321
      var2288  var3252  var3320  var3877  var4107  var4499  var4535  var4847
[1,] 2.004321 2.004321 3.050380 2.004321 2.004321 2.477121 2.247973 2.252853
[2,] 2.004321 2.004321 3.007321 2.786751 2.096910 2.572872 2.691081 2.025306
[3,] 2.004321 2.004321 2.632457 2.004321 2.004321 2.004321 3.100026 2.403121
      var5772  var5808  var6200  var6201  var6218  var6376  var6405
[1,] 3.309204 2.004321 2.526339 2.870404 2.037426 2.133539 2.004321
[2,] 3.175512 2.004321 2.222716 2.303196 2.230449 3.013259 2.004321
[3,] 3.627468 2.004321 2.178977 2.004321 2.584331 2.004321 2.004321
[1] "numgenes selected:23"
[1] "test acc:0.970588235294118"
[1] "test AUC acc:0.964285714285714"
[1] "10 fold train100"
[1] "confusion matrix train 10 fold"
          nci_y
pred10fold -1  1
        -1 27  0
        1   0 11
[1] "confusion matrix test"
         test_y
pred_test -1  1
       -1 20  1
       1   0 13
[1] "train acc:1"
[1] "confusion matrix train"
          nci_y
pred_train -1  1
        -1 27  0
        1   0 11
[1] "DS index stage 1"
[1] NA
[1] "KI index stage 1"
[1] NA
[1] "dim of trainm is "
[1]   38 3051
[1]   38 3051
[1] "maxnum is "
[1] 10
[1] "# of genes left after filtering:"
[1]   38 3051
[1] "lasso"
[1] "Method name: lasso"
[1]   38 3051
nci_y
-1  1 
27 11 
learningset mode:  CV 
number of learningsets:  10 
(maximum) number of observations per learning set:  35 
[1] "one-vs-all"
GeneSelection: iteration 1 
Loaded glmnet 2.0-10


Attaching package: ‘glmnet’

The following object is masked from ‘package:pROC’:

    auc

GeneSelection: iteration 2 
GeneSelection: iteration 3 
GeneSelection: iteration 4 
GeneSelection: iteration 5 
GeneSelection: iteration 6 
GeneSelection: iteration 7 
GeneSelection: iteration 8 
GeneSelection: iteration 9 
GeneSelection: iteration 10 
genelist
   1    2    3  829  808 2670    4  523 2124    5 2813 1448  792 1995 2198    6 
  10   10   10   10    9    8    7    6    5    4    4    3    2    2    2    1 
 140  378  894 1413 1977 2663 2750 
   1    1    1    1    1    1    1 
[1] 23
[1] "varselmethod"
[1] "none"
[1] 23
[1] "Method: lasso"
[1] 23
[1] "dim of scoring matrix is "
[1] 3051    1
    Min.  1st Qu.   Median     Mean  3rd Qu.     Max. 
0.000000 0.000000 0.000000 0.007539 0.000000 1.000000 
[1] 23
[1] 3051
[1] "DS index stage 1"
[1] NA
[1] "bestgenelist"
 [1]    1    2    3    4    5    6  140  378  523  792  808  829  894 1413 1448
[16] 1977 1995 2124 2198 2663 2670 2750 2813
        var36    var37    var38    var39    var40    var41   var312   var760
[1,] 2.004321 2.334454 2.902003 4.162535 3.988514 3.930949 2.916980 2.209515
[2,] 2.004321 2.068186 2.637490 2.789581 2.064458 3.181558 2.820201 2.770115
[3,] 2.021189 2.678518 3.168792 3.753583 3.514946 3.564548 3.059185 2.318063
      var1144  var1817  var1834  var1882  var2015  var3252  var3320  var4499
[1,] 2.786041 2.133539 2.418301 2.482874 2.004321 2.004321 3.051153 2.488551
[2,] 2.967548 2.187521 2.008600 3.133219 2.167317 2.167317 3.026533 2.271842
[3,] 3.229938 2.037426 2.491362 2.406540 2.082785 2.045323 3.145818 2.451786
      var4535  var4847  var5039  var6200  var6218  var6376  var6539
[1,] 3.137671 2.475671 2.778874 2.466868 2.004321 2.004321 2.212188
[2,] 3.073718 2.488551 2.528917 3.314499 2.004321 2.562293 2.230449
[3,] 3.346744 2.491362 2.759668 2.004321 2.004321 2.004321 2.004321
        var36    var37    var38    var39    var40    var41   var312   var760
[1,] 2.004321 2.133539 2.428135 2.004321 2.004321 2.004321 2.659916 2.004321
[2,] 2.004321 2.004321 2.572872 2.004321 2.004321 2.004321 2.710963 2.004321
[3,] 2.004321 2.004321 2.220108 2.021189 2.004321 2.004321 2.831230 2.356026
      var1144  var1817  var1834  var1882  var2015  var3252  var3320  var4499
[1,] 2.895975 2.863323 2.227887 2.004321 2.004321 2.004321 3.050380 2.477121
[2,] 2.997823 2.004321 2.389166 2.004321 2.004321 2.004321 3.007321 2.572872
[3,] 2.789581 2.004321 2.004321 2.004321 2.004321 2.004321 2.632457 2.004321
      var4535  var4847  var5039  var6200  var6218  var6376  var6539
[1,] 2.247973 2.252853 2.668386 2.526339 2.037426 2.133539 2.004321
[2,] 2.691081 2.025306 2.806180 2.222716 2.230449 3.013259 2.457882
[3,] 3.100026 2.403121 2.309630 2.178977 2.584331 2.004321 2.614897
[1] "numgenes selected:23"
[1] "test acc:0.970588235294118"
[1] "test AUC acc:0.964285714285714"
[1] "10 fold train100"
[1] "confusion matrix train 10 fold"
          nci_y
pred10fold -1  1
        -1 27  0
        1   0 11
[1] "confusion matrix test"
         test_y
pred_test -1  1
       -1 20  1
       1   0 13
[1] "train acc:1"
[1] "confusion matrix train"
          nci_y
pred_train -1  1
        -1 27  0
        1   0 11
[1] "DS index stage 1"
[1] NA
[1] "KI index stage 1"
[1] NA
[1] "dim of trainm is "
[1]   38 3051
[1]   38 3051
[1] "maxnum is "
[1] 10
[1] "# of genes left after filtering:"
[1]   38 3051
[1] "rfe"
[1] "Method name: rfe"
[1]   38 3051
nci_y
-1  1 
27 11 
learningset mode:  CV 
number of learningsets:  10 
(maximum) number of observations per learning set:  35 
[1] "one-vs-all"
GeneSelection: iteration 1 
GeneSelection: iteration 2 
GeneSelection: iteration 3 
GeneSelection: iteration 4 
GeneSelection: iteration 5 
GeneSelection: iteration 6 
GeneSelection: iteration 7 
GeneSelection: iteration 8 
GeneSelection: iteration 9 
GeneSelection: iteration 10 
[1] 24
[1] "varselmethod"
[1] "none"
[1] 24
[1] "Method: rfe"
[1] 24
[1] "dim of scoring matrix is "
[1] 3051    1
    Min.  1st Qu.   Median     Mean  3rd Qu.     Max. 
0.000000 0.000000 0.000000 0.007866 0.000000 1.000000 
[1] 24
[1] 3051
[1] "DS index stage 1"
[1] NA
[1] "bestgenelist"
 [1]  229  377  378  515  738  773  829 1009 1034 1038 1069 1162 2026 2065 2124
[16] 2402 2600 2656 2663 2664 2670 2698 2734 2945
       var487   var758   var760  var1120  var1685  var1779  var1882  var2288
[1,] 2.004321 3.293584 2.209515 3.325926 3.516271 2.004321 2.482874 2.004321
[2,] 2.004321 2.298853 2.770115 3.609594 3.211654 2.004321 3.133219 2.004321
[3,] 2.004321 2.763428 2.318063 3.571359 3.444669 2.004321 2.406540 2.004321
      var2345  var2349  var2402  var2642  var4595  var4680  var4847  var5552
[1,] 2.004321 2.220108 2.893762 3.969742 2.201397 4.161727 2.475671 3.961184
[2,] 3.147985 2.703291 2.567026 2.952308 2.004321 2.004321 2.488551 3.611829
[3,] 2.004321 2.004321 3.103462 2.798651 2.004321 2.004321 2.491362 3.504199
      var6041  var6185  var6200  var6201  var6218  var6277  var6345  var6884
[1,] 3.108903 2.294466 2.466868 2.523746 2.004321 2.004321 3.751510 2.079181
[2,] 2.733197 3.326541 3.314499 3.728029 2.004321 2.004321 3.686547 2.004321
[3,] 2.374748 2.985875 2.004321 2.480007 2.004321 2.004321 2.004321 2.238046
       var487   var758   var760  var1120  var1685  var1779  var1882  var2288
[1,] 2.466868 3.302547 2.004321 3.355068 3.939569 2.691081 2.004321 2.004321
[2,] 2.004321 3.256237 2.004321 3.042576 3.664172 2.004321 2.004321 2.004321
[3,] 2.910091 3.589279 2.356026 3.009876 3.172603 2.004321 2.004321 2.004321
      var2345  var2349  var2402  var2642  var4595  var4680  var4847  var5552
[1,] 2.004321 2.313867 2.797960 4.112906 2.387390 3.362294 2.252853 3.792392
[2,] 2.350248 2.004321 2.918030 3.258637 2.004321 2.004321 2.025306 2.492760
[3,] 3.839981 2.004321 2.845098 3.559667 2.004321 3.138303 2.403121 3.720325
      var6041  var6185  var6200  var6201  var6218  var6277  var6345  var6884
[1,] 2.004321 2.004321 2.526339 2.870404 2.037426 2.004321 2.004321 2.184691
[2,] 2.557507 2.290035 2.222716 2.303196 2.230449 2.004321 2.794488 2.604226
[3,] 2.752816 2.173186 2.178977 2.004321 2.584331 2.004321 2.089905 2.004321
[1] "numgenes selected:24"
[1] "test acc:0.970588235294118"
[1] "test AUC acc:0.964285714285714"
[1] "10 fold train100"
[1] "confusion matrix train 10 fold"
          nci_y
pred10fold -1  1
        -1 27  0
        1   0 11
[1] "confusion matrix test"
         test_y
pred_test -1  1
       -1 20  1
       1   0 13
[1] "train acc:1"
[1] "confusion matrix train"
          nci_y
pred_train -1  1
        -1 27  0
        1   0 11
[1] "DS index stage 1"
[1] NA
[1] "KI index stage 1"
[1] NA
[1] "dim of trainm is "
[1]   38 3051
[1]   38 3051
[1] "maxnum is "
[1] 10
[1] "# of genes left after filtering:"
[1]   38 3051
[1] "elasticnet"
[1] "Method name: elasticnet"
[1]   38 3051
nci_y
-1  1 
27 11 
learningset mode:  CV 
number of learningsets:  10 
(maximum) number of observations per learning set:  35 
[1] "one-vs-all"
GeneSelection: iteration 1 
GeneSelection: iteration 2 
GeneSelection: iteration 3 
GeneSelection: iteration 4 
GeneSelection: iteration 5 
GeneSelection: iteration 6 
GeneSelection: iteration 7 
GeneSelection: iteration 8 
GeneSelection: iteration 9 
GeneSelection: iteration 10 
[1] 22
[1] "varselmethod"
[1] "none"
[1] 22
[1] "Method: elasticnet"
[1] 22
[1] "dim of scoring matrix is "
[1] 3051    1
    Min.  1st Qu.   Median     Mean  3rd Qu.     Max. 
0.000000 0.000000 0.000000 0.007211 0.000000 1.000000 
[1] 22
[1] 3051
[1] "DS index stage 1"
[1] NA
[1] "bestgenelist"
 [1]    1    2    3    4    5    6    7  378  523  792  808  829  894 1413 1448
[16] 1977 1995 2124 2198 2663 2670 2750
        var36    var37    var38    var39    var40    var41    var42   var760
[1,] 2.004321 2.334454 2.902003 4.162535 3.988514 3.930949 4.178315 2.209515
[2,] 2.004321 2.068186 2.637490 2.789581 2.064458 3.181558 4.204147 2.770115
[3,] 2.021189 2.678518 3.168792 3.753583 3.514946 3.564548 4.204147 2.318063
      var1144  var1817  var1834  var1882  var2015  var3252  var3320  var4499
[1,] 2.786041 2.133539 2.418301 2.482874 2.004321 2.004321 3.051153 2.488551
[2,] 2.967548 2.187521 2.008600 3.133219 2.167317 2.167317 3.026533 2.271842
[3,] 3.229938 2.037426 2.491362 2.406540 2.082785 2.045323 3.145818 2.451786
      var4535  var4847  var5039  var6200  var6218  var6376
[1,] 3.137671 2.475671 2.778874 2.466868 2.004321 2.004321
[2,] 3.073718 2.488551 2.528917 3.314499 2.004321 2.562293
[3,] 3.346744 2.491362 2.759668 2.004321 2.004321 2.004321
        var36    var37    var38    var39    var40    var41    var42   var760
[1,] 2.004321 2.133539 2.428135 2.004321 2.004321 2.004321 3.802089 2.004321
[2,] 2.004321 2.004321 2.572872 2.004321 2.004321 2.004321 4.031691 2.004321
[3,] 2.004321 2.004321 2.220108 2.021189 2.004321 2.004321 4.007406 2.356026
      var1144  var1817  var1834  var1882  var2015  var3252  var3320  var4499
[1,] 2.895975 2.863323 2.227887 2.004321 2.004321 2.004321 3.050380 2.477121
[2,] 2.997823 2.004321 2.389166 2.004321 2.004321 2.004321 3.007321 2.572872
[3,] 2.789581 2.004321 2.004321 2.004321 2.004321 2.004321 2.632457 2.004321
      var4535  var4847  var5039  var6200  var6218  var6376
[1,] 2.247973 2.252853 2.668386 2.526339 2.037426 2.133539
[2,] 2.691081 2.025306 2.806180 2.222716 2.230449 3.013259
[3,] 3.100026 2.403121 2.309630 2.178977 2.584331 2.004321
[1] "numgenes selected:22"
[1] "test acc:0.970588235294118"
[1] "test AUC acc:0.964285714285714"
[1] "10 fold train100"
[1] "confusion matrix train 10 fold"
          nci_y
pred10fold -1  1
        -1 27  0
        1   0 11
[1] "confusion matrix test"
         test_y
pred_test -1  1
       -1 20  1
       1   0 13
[1] "train acc:1"
[1] "confusion matrix train"
          nci_y
pred_train -1  1
        -1 27  0
        1   0 11
[1] "DS index stage 1"
[1] NA
[1] "KI index stage 1"
[1] NA
[1] "dim of trainm is "
[1]   38 3051
[1]   38 3051
[1] "maxnum is "
[1] 10
[1] "# of genes left after filtering:"
[1]   38 3051
[1] "f.test"
[1] "Method name: f.test"
[1]   38 3051
nci_y
-1  1 
27 11 
learningset mode:  CV 
number of learningsets:  10 
(maximum) number of observations per learning set:  35 
[1] "one-vs-all"
GeneSelection: iteration 1 
GeneSelection: iteration 2 
GeneSelection: iteration 3 
GeneSelection: iteration 4 
GeneSelection: iteration 5 
GeneSelection: iteration 6 
GeneSelection: iteration 7 
GeneSelection: iteration 8 
GeneSelection: iteration 9 
GeneSelection: iteration 10 
[1] 24
[1] "varselmethod"
[1] "none"
[1] 24
[1] "Method: f.test"
[1] 24
[1] "dim of scoring matrix is "
[1] 3051    1
    Min.  1st Qu.   Median     Mean  3rd Qu.     Max. 
0.000000 0.000000 0.000000 0.007866 0.000000 1.000000 
[1] 24
[1] 3051
[1] "DS index stage 1"
[1] NA
[1] "bestgenelist"
 [1]  378  515  521  523  717  808  829  894  896  988 1009 1413 1448 1676 1977
[16] 1995 2124 2198 2489 2499 2663 2670 2750 2761
       var760  var1120  var1133  var1144  var1630  var1834  var1882  var2015
[1,] 2.209515 3.325926 2.720159 2.786041 2.757396 2.418301 2.482874 2.004321
[2,] 2.770115 3.609594 2.617000 2.967548 3.461499 2.008600 3.133219 2.167317
[3,] 2.318063 3.571359 2.989450 3.229938 3.435207 2.491362 2.406540 2.082785
      var2020  var2242  var2288  var3252  var3320  var3877  var4499  var4535
[1,] 2.816241 2.004321 2.004321 2.004321 3.051153 2.245513 2.488551 3.137671
[2,] 3.108565 2.041393 2.004321 2.167317 3.026533 2.093422 2.271842 3.073718
[3,] 3.109579 2.004321 2.004321 2.045323 3.145818 2.004321 2.451786 3.346744
      var4847  var5039  var5772  var5808  var6200  var6218  var6376  var6405
[1,] 2.475671 2.778874 3.492201 2.004321 2.466868 2.004321 2.004321 2.004321
[2,] 2.488551 2.528917 3.048830 2.004321 3.314499 2.004321 2.562293 2.322219
[3,] 2.491362 2.759668 3.657438 2.181844 2.004321 2.004321 2.004321 2.110590
       var760  var1120  var1133  var1144  var1630  var1834  var1882  var2015
[1,] 2.004321 3.355068 2.888179 2.895975 2.923244 2.227887 2.004321 2.004321
[2,] 2.004321 3.042576 2.813581 2.997823 2.257679 2.389166 2.004321 2.004321
[3,] 2.356026 3.009876 2.481443 2.789581 2.887054 2.004321 2.004321 2.004321
      var2020  var2242  var2288  var3252  var3320  var3877  var4499  var4535
[1,] 2.797960 2.004321 2.004321 2.004321 3.050380 2.004321 2.477121 2.247973
[2,] 2.702431 2.004321 2.004321 2.004321 3.007321 2.786751 2.572872 2.691081
[3,] 2.260071 2.004321 2.004321 2.004321 2.632457 2.004321 2.004321 3.100026
      var4847  var5039  var5772  var5808  var6200  var6218  var6376  var6405
[1,] 2.252853 2.668386 3.309204 2.004321 2.526339 2.037426 2.133539 2.004321
[2,] 2.025306 2.806180 3.175512 2.004321 2.222716 2.230449 3.013259 2.004321
[3,] 2.403121 2.309630 3.627468 2.004321 2.178977 2.584331 2.004321 2.004321
[1] "numgenes selected:24"
[1] "test acc:0.970588235294118"
[1] "test AUC acc:0.964285714285714"
[1] "10 fold train100"
[1] "confusion matrix train 10 fold"
          nci_y
pred10fold -1  1
        -1 27  0
        1   0 11
[1] "confusion matrix test"
         test_y
pred_test -1  1
       -1 20  1
       1   0 13
[1] "train acc:1"
[1] "confusion matrix train"
          nci_y
pred_train -1  1
        -1 27  0
        1   0 11
[1] "DS index stage 1"
[1] NA
[1] "KI index stage 1"
[1] NA
There were 40 warnings (use warnings() to see them)
> #1
> CMAres<-performCMA(trainm, trainclass, testm, testclass,outloc,
+ maxnum=as.numeric(args[10]),
+ minnum=3,
+ stepitr=1,
+ gsmethods=c("limma","lasso","rfe","elasticnet", "f.test"), #"lasso","elasticnet","kruskal.test"), #"f.test", "f.test", "elasticnet", "wilcox.test", "welch.test"),
+ pct_train=0.4,
+ accuracyweight=1,
+ featweight=0.06,
+ minpresent=1,
+ kname="radial",
+ norm_method="none",
+ tolerance=0.5,
+ maxitrs=5,
+ classindex=1,
+ numfacts=0,
+ evalmethod="CV",
+ numfolds=10,
+ CVfoldthresh=0.7,
+ varselmethod=args[11],
+ scheme_val="one-vs-all",
+ iter_learn=1,boostweight=rep(0,dim(trainm)[2]))
[1] "dim of trainm is "
[1]   38 3051
[1]   38 3051
[1] "maxnum is "
[1] 10
[1] "# of genes left after filtering:"
[1]   38 3051
[1] "limma"      "lasso"      "rfe"        "elasticnet" "f.test"    
[1] "Method name: limma"
[1]   38 3051
nci_y
-1  1 
27 11 
learningset mode:  CV 
number of learningsets:  10 
(maximum) number of observations per learning set:  35 
[1] "one-vs-all"
GeneSelection: iteration 1 
GeneSelection: iteration 2 
GeneSelection: iteration 3 
GeneSelection: iteration 4 
GeneSelection: iteration 5 
GeneSelection: iteration 6 
GeneSelection: iteration 7 
GeneSelection: iteration 8 
GeneSelection: iteration 9 
GeneSelection: iteration 10 
[1] 23
[1] "varselmethod"
[1] "none"
[1] 23
[1] "Method: limma"
[1] 23
[1] "Method name: lasso"
[1]   38 3051
nci_y
-1  1 
27 11 
learningset mode:  CV 
number of learningsets:  10 
(maximum) number of observations per learning set:  35 
[1] "one-vs-all"
GeneSelection: iteration 1 
GeneSelection: iteration 2 
GeneSelection: iteration 3 
GeneSelection: iteration 4 
GeneSelection: iteration 5 
GeneSelection: iteration 6 
GeneSelection: iteration 7 
GeneSelection: iteration 8 
GeneSelection: iteration 9 
GeneSelection: iteration 10 
genelist
   1    2    3  829  808 2670    4  523 2124    5 2813 1448  792 1995 2198    6 
  10   10   10   10    9    8    7    6    5    4    4    3    2    2    2    1 
 140  378  894 1413 1977 2663 2750 
   1    1    1    1    1    1    1 
[1] 23
[1] "varselmethod"
[1] "none"
[1] 23
[1] "Method: lasso"
[1] 23
[1] "Method name: rfe"
[1]   38 3051
nci_y
-1  1 
27 11 
learningset mode:  CV 
number of learningsets:  10 
(maximum) number of observations per learning set:  35 
[1] "one-vs-all"
GeneSelection: iteration 1 
GeneSelection: iteration 2 
GeneSelection: iteration 3 
GeneSelection: iteration 4 
GeneSelection: iteration 5 
GeneSelection: iteration 6 
GeneSelection: iteration 7 
GeneSelection: iteration 8 
GeneSelection: iteration 9 
GeneSelection: iteration 10 
[1] 24
[1] "varselmethod"
[1] "none"
[1] 24
[1] "Method: rfe"
[1] 24
[1] "Method name: elasticnet"
[1]   38 3051
nci_y
-1  1 
27 11 
learningset mode:  CV 
number of learningsets:  10 
(maximum) number of observations per learning set:  35 
[1] "one-vs-all"
GeneSelection: iteration 1 
GeneSelection: iteration 2 
GeneSelection: iteration 3 
GeneSelection: iteration 4 
GeneSelection: iteration 5 
GeneSelection: iteration 6 
GeneSelection: iteration 7 
GeneSelection: iteration 8 
GeneSelection: iteration 9 
GeneSelection: iteration 10 
[1] 22
[1] "varselmethod"
[1] "none"
[1] 22
[1] "Method: elasticnet"
[1] 22
[1] "Method name: f.test"
[1]   38 3051
nci_y
-1  1 
27 11 
learningset mode:  CV 
number of learningsets:  10 
(maximum) number of observations per learning set:  35 
[1] "one-vs-all"
GeneSelection: iteration 1 
GeneSelection: iteration 2 
GeneSelection: iteration 3 
GeneSelection: iteration 4 
GeneSelection: iteration 5 
GeneSelection: iteration 6 
GeneSelection: iteration 7 
GeneSelection: iteration 8 
GeneSelection: iteration 9 
GeneSelection: iteration 10 
[1] 24
[1] "varselmethod"
[1] "none"
[1] 24
[1] "Method: f.test"
[1] 24
[1] "dim of scoring matrix is "
[1] 3051    5
   Min. 1st Qu.  Median    Mean 3rd Qu.    Max. 
0.00000 0.00000 0.00000 0.03802 0.00000 5.00000 
[1] 52
[1] 3051
[1] "DS index stage 1"
[1] 0.5236635
[1] "bestgenelist"
 [1]    1    2    3    4    5    6    7  140  229  377  378  515  521  523  717
[16]  738  773  792  808  829  894  896  988 1009 1034 1038 1069 1162 1413 1448
[31] 1676 1778 1977 1995 2026 2065 2124 2198 2402 2489 2499 2600 2656 2663 2664
[46] 2670 2698 2734 2750 2761 2813 2945
        var36    var37    var38    var39    var40    var41    var42   var312
[1,] 2.004321 2.334454 2.902003 4.162535 3.988514 3.930949 4.178315 2.916980
[2,] 2.004321 2.068186 2.637490 2.789581 2.064458 3.181558 4.204147 2.820201
[3,] 2.021189 2.678518 3.168792 3.753583 3.514946 3.564548 4.204147 3.059185
       var487   var758   var760  var1120  var1133  var1144  var1630  var1685
[1,] 2.004321 3.293584 2.209515 3.325926 2.720159 2.786041 2.757396 3.516271
[2,] 2.004321 2.298853 2.770115 3.609594 2.617000 2.967548 3.461499 3.211654
[3,] 2.004321 2.763428 2.318063 3.571359 2.989450 3.229938 3.435207 3.444669
      var1779  var1817  var1834  var1882  var2015  var2020  var2242  var2288
[1,] 2.004321 2.133539 2.418301 2.482874 2.004321 2.816241 2.004321 2.004321
[2,] 2.004321 2.187521 2.008600 3.133219 2.167317 3.108565 2.041393 2.004321
[3,] 2.004321 2.037426 2.491362 2.406540 2.082785 3.109579 2.004321 2.004321
      var2345  var2349  var2402  var2642  var3252  var3320  var3877  var4107
[1,] 2.004321 2.220108 2.893762 3.969742 2.004321 3.051153 2.245513 2.206826
[2,] 3.147985 2.703291 2.567026 2.952308 2.167317 3.026533 2.093422 2.311754
[3,] 2.004321 2.004321 3.103462 2.798651 2.045323 3.145818 2.004321 2.004321
      var4499  var4535  var4595  var4680  var4847  var5039  var5552  var5772
[1,] 2.488551 3.137671 2.201397 4.161727 2.475671 2.778874 3.961184 3.492201
[2,] 2.271842 3.073718 2.004321 2.004321 2.488551 2.528917 3.611829 3.048830
[3,] 2.451786 3.346744 2.004321 2.004321 2.491362 2.759668 3.504199 3.657438
      var5808  var6041  var6185  var6200  var6201  var6218  var6277  var6345
[1,] 2.004321 3.108903 2.294466 2.466868 2.523746 2.004321 2.004321 3.751510
[2,] 2.004321 2.733197 3.326541 3.314499 3.728029 2.004321 2.004321 3.686547
[3,] 2.181844 2.374748 2.985875 2.004321 2.480007 2.004321 2.004321 2.004321
      var6376  var6405  var6539  var6884
[1,] 2.004321 2.004321 2.212188 2.079181
[2,] 2.562293 2.322219 2.230449 2.004321
[3,] 2.004321 2.110590 2.004321 2.238046
        var36    var37    var38    var39    var40    var41    var42   var312
[1,] 2.004321 2.133539 2.428135 2.004321 2.004321 2.004321 3.802089 2.659916
[2,] 2.004321 2.004321 2.572872 2.004321 2.004321 2.004321 4.031691 2.710963
[3,] 2.004321 2.004321 2.220108 2.021189 2.004321 2.004321 4.007406 2.831230
       var487   var758   var760  var1120  var1133  var1144  var1630  var1685
[1,] 2.466868 3.302547 2.004321 3.355068 2.888179 2.895975 2.923244 3.939569
[2,] 2.004321 3.256237 2.004321 3.042576 2.813581 2.997823 2.257679 3.664172
[3,] 2.910091 3.589279 2.356026 3.009876 2.481443 2.789581 2.887054 3.172603
      var1779  var1817  var1834  var1882  var2015  var2020  var2242  var2288
[1,] 2.691081 2.863323 2.227887 2.004321 2.004321 2.797960 2.004321 2.004321
[2,] 2.004321 2.004321 2.389166 2.004321 2.004321 2.702431 2.004321 2.004321
[3,] 2.004321 2.004321 2.004321 2.004321 2.004321 2.260071 2.004321 2.004321
      var2345  var2349  var2402  var2642  var3252  var3320  var3877  var4107
[1,] 2.004321 2.313867 2.797960 4.112906 2.004321 3.050380 2.004321 2.004321
[2,] 2.350248 2.004321 2.918030 3.258637 2.004321 3.007321 2.786751 2.096910
[3,] 3.839981 2.004321 2.845098 3.559667 2.004321 2.632457 2.004321 2.004321
      var4499  var4535  var4595  var4680  var4847  var5039  var5552  var5772
[1,] 2.477121 2.247973 2.387390 3.362294 2.252853 2.668386 3.792392 3.309204
[2,] 2.572872 2.691081 2.004321 2.004321 2.025306 2.806180 2.492760 3.175512
[3,] 2.004321 3.100026 2.004321 3.138303 2.403121 2.309630 3.720325 3.627468
      var5808  var6041  var6185  var6200  var6201  var6218  var6277  var6345
[1,] 2.004321 2.004321 2.004321 2.526339 2.870404 2.037426 2.004321 2.004321
[2,] 2.004321 2.557507 2.290035 2.222716 2.303196 2.230449 2.004321 2.794488
[3,] 2.004321 2.752816 2.173186 2.178977 2.004321 2.584331 2.004321 2.089905
      var6376  var6405  var6539  var6884
[1,] 2.133539 2.004321 2.004321 2.184691
[2,] 3.013259 2.004321 2.457882 2.604226
[3,] 2.004321 2.004321 2.614897 2.004321
[1] "numgenes selected:52"
[1] "test acc:0.970588235294118"
[1] "test AUC acc:0.964285714285714"
[1] "10 fold train100"
[1] "confusion matrix train 10 fold"
          nci_y
pred10fold -1  1
        -1 27  0
        1   0 11
[1] "confusion matrix test"
         test_y
pred_test -1  1
       -1 20  1
       1   0 13
[1] "train acc:1"
[1] "confusion matrix train"
          nci_y
pred_train -1  1
        -1 27  0
        1   0 11
[1] "DS index stage 1"
[1] 0.5236635
[1] "KI index stage 1"
[1] 1.210691
There were 11 warnings (use warnings() to see them)
> 
> cma_feat_list<-colnames(trainm)
> 
> save(CMAres,file="CMAres.Rda")
> write.table(cma_feat_list,file="selected_cma_feat_list.txt",sep="t",row.names=FALSE)
> 
> # modtraindata=modtrain, modtestdata=modtest, blindtest=testacc, modtrainclass=nci_y, modtestclass=test_y
> #if(FALSE)
> {
+ trainm<-CMAres$modtraindata
+ testm<-CMAres$modtestdata
+ trainclass<-CMAres$modtrainclass
+ testclass<-CMAres$modtestclass
+ learningsets<-CMAres$learningsets
+ }
> 
> if(FALSE)
+ {
+ trainclass<-trainm[,1] #CMAres$modtrainclass
+ testclass<-testm[,1] #CMAres$modtestclass
+ trainm<-trainm[,-c(1)] #CMAres$modtrainmata
+ testm<-testm[,-c(1)] #CMAres$modtestmata
+ 
+ }
> 
> d_dim<-dim(trainm)
> 
> print("Original dimension")
[1] "Original dimension"
> print(d_dim)
[1] 38 52
> 
> system.time(psores<-run_pso(outloc=outloc,trainm,trainclass,testm,testclass,transition_matrix,c1=2.05,
+ c2=2.05,
+ itr=10,
+ globalpso_maxitr=10,
+ global_max_itr=5,
+ num_part=20,
+ kname="radial",
+ errortype="BER",
+ weightA<-as.numeric(args[1]),
+ weightB<-as.numeric(args[2]),
+ weightC<-as.numeric(args[3]),
+ weightD<-as.numeric(args[4]),
+ featweight.max=0.01,
+ featweight.min=0.01,
+ numfolds=10,
+ followerprob=as.numeric(args[6]),
+ confusionprob=as.numeric(args[7]),
+ leaderprob=as.numeric(args[8]),
+ wmax=1,
+ wmin=1,
+ behavior_reset_itr=5,
+ maxitrreset=10,
+ num_neighbors=3,
+ minselect.pct=0.5,
+ evalMode="CV2",
+ minfitnessthresh=50,
+ maxnum=as.numeric(args[10]),minnum=3,inertia_method=args[5],particlebehav_method="randbased",constriction_factor=1,
+ select.global.best=TRUE,numnodes=4,evalFunc=eval_fit_kfold_diff,itr.terminate=FALSE,train.pct=0.8))
[1] "c1: 2.05"
[1] "c2: 2.05"
[1] "itr: 10"
[1] "globalpso_maxitr: 10"
[1] "global_max_itr: 5"
[1] "num_part: 20"
[1] "kname: radial"
[1] "errortype: BER"
[1] "weightA: 0.7"
[1] "weightB: 0.2"
[1] "weightC: 0.05"
[1] "weightD: 0.05"
[1] "featweight.max: 0.01"
[1] "featweight.min: 0.01"
[1] "numfolds: 10"
[1] "followerprob: 0.45"
[1] "confusionprob: 0.2"
[1] "leaderprob: 0.25"
[1] "wmax: 1"
[1] "wmin: 1"
[1] "behavior_reset_itr: 5"
[1] "maxitrreset: 10"
[1] "num_neighbors: 3"
[1] "minselect.pct: 0.5"
[1] "minfitnessthresh: 50"
[1] "maxnum: 10"
[1] "minnum: 3"
[1] "inertia_method: global"
[1] "particlebehav_method: randbased"
[1] "constriction_factor: 1"
[1] "select.global.best: TRUE"
[1] "train 10 fold"
[1] 100
[1] "here"
[1] "s"
[1] 30.4
[1] 38 52
[1] 10
[1] "learning sets: 1"
 [1]  6 28 12  2 16  7 25 20 29 13 15  3 19  9 30 26 21 38 27 10  5 14 23 34  8
[26] 24  4 31 36  1
[1] "Starting global iteration number : 1"
[1] "iteration number: "
[1] 1
[1] "Best fitness updated to:"
[1] -33.60509
[1] "Best solution:"
 [1] NA NA NA NA NA NA NA NA NA NA NA NA NA NA NA NA NA NA NA NA NA NA NA NA NA
[26] NA NA NA NA NA NA NA NA NA NA NA NA NA NA NA NA NA NA NA NA NA NA NA NA NA
[51] NA NA
[1] 0
[1] "iteration number: "
[1] 2
[1] "Best fitness updated to:"
[1] -40.16137
[1] "Best solution:"
 [1] 0 1 0 0 1 0 1 0 0 0 1 0 0 1 1 1 1 0 1 1 1 0 1 0 0 0 0 0 0 1 1 1 1 1 1 0 0 0
[39] 1 1 0 1 1 1 1 0 1 0 0 0 1 1
[1] 27
[1] "iteration number: "
[1] 3
[1] "Best fitness updated to:"
[1] -40.21906
[1] "Best solution:"
 [1] 0 1 0 0 1 0 0 0 0 0 0 0 0 0 0 0 0 0 0 0 0 1 1 0 0 0 1 0 0 0 1 0 0 1 0 1 0 0
[39] 0 0 0 0 0 0 0 1 0 1 0 0 0 0
[1] 10
[1] "iteration number: "
[1] 4
[1] "Best fitness updated to:"
[1] -40.38127
[1] "Best solution:"
 [1] 1 1 0 0 0 0 0 0 1 0 0 0 0 0 0 0 1 0 1 0 0 1 1 0 0 0 1 0 0 0 1 0 0 0 0 0 0 0
[39] 0 0 0 0 0 0 1 1 0 0 0 0 0 1
[1] 12
[1] "iteration number: "
[1] 5
[1] "Best fitness updated to:"
[1] -40.43896
[1] "Best solution:"
 [1] 0 0 0 0 1 0 0 1 0 0 0 0 0 0 1 1 0 0 1 1 0 1 0 0 1 1 1 1 0 1 1 0 0 0 0 1 1 1
[39] 0 0 1 1 1 1 0 0 1 0 0 1 1 0
[1] 23
[1] "iteration number: "
[1] 6
[1] "iteration number: "
[1] 7
[1] "iteration number: "
[1] 8
[1] "Best fitness updated to:"
[1] -40.49665
[1] "Best solution:"
 [1] 0 0 0 0 1 0 0 1 0 1 0 1 0 0 1 1 0 0 1 0 0 1 1 0 1 1 1 1 1 0 1 0 0 0 0 1 1 0
[39] 1 0 0 1 1 0 0 1 1 0 0 1 1 0
[1] 24
[1] "iteration number: "
[1] 9
[1] "iteration number: "
[1] 10
[1] "iteration number: "
[1] 11
[1] "iteration number: "
[1] 12
[1] "iteration number: "
[1] 13
[1] "iteration number: "
[1] 14
[1] "iteration number: "
[1] 15
[1] "iteration number: "
[1] 16
[1] "Best fitness updated to:"
[1] -40.61204
[1] "Best solution:"
 [1] 0 1 0 0 1 0 0 0 0 0 0 0 0 0 0 1 0 0 1 0 0 1 1 0 0 1 1 1 0 0 0 0 0 0 0 1 1 1
[39] 0 0 1 1 0 1 0 1 1 1 1 0 0 0
[1] 19
[1] "iteration number: "
[1] 17
[1] "iteration number: "
[1] 18
[1] "iteration number: "
[1] 19
[1] "Best fitness updated to:"
[1] -40.63127
[1] "Best solution:"
 [1] 0 0 0 1 1 0 0 0 0 0 0 0 0 0 1 0 0 0 1 0 0 1 1 0 0 1 0 0 0 0 1 0 0 0 0 0 1 0
[39] 0 0 0 1 1 0 1 1 1 0 0 0 0 0
[1] 14
[1] "iteration number: "
[1] 20
[1] "Best fitness updated to:"
[1] -40.66973
[1] "Best solution:"
 [1] 0 0 0 1 1 0 0 0 0 0 0 0 0 0 1 0 0 0 1 0 0 1 0 0 0 1 0 0 0 0 0 0 0 0 0 0 0 0
[39] 0 0 0 1 1 0 1 1 1 1 0 0 0 0
[1] 12
[1] "iteration number: "
[1] 21
[1] "iteration number: "
[1] 22
[1] "Best fitness updated to:"
[1] -41.16226
[1] "Best solution:"
 [1] 0 0 0 0 1 0 0 0 0 0 0 0 0 0 0 0 0 0 1 0 0 1 0 0 0 1 0 0 0 0 1 0 0 0 0 0 0 0
[39] 0 0 0 1 1 0 1 1 0 0 0 0 0 1
[1] 10
[1] "iteration number: "
[1] 23
[1] "Best fitness updated to:"
[1] -41.20072
[1] "Best solution:"
 [1] 1 1 0 0 0 0 0 0 0 0 0 0 0 0 0 1 0 0 0 1 0 1 1 0 0 0 1 0 0 0 1 0 0 0 0 1 1 1
[39] 0 0 0 0 0 0 0 1 1 1 0 0 0 0
[1] 14
[1] "iteration number: "
[1] 24
[1] "iteration number: "
[1] 25
[1] "iteration number: "
[1] 26
[1] "iteration number: "
[1] 27
[1] "iteration number: "
[1] 28
[1] "Best fitness updated to:"
[1] -41.21995
[1] "Best solution:"
 [1] 0 1 0 0 0 0 0 0 0 0 0 0 0 0 0 1 0 0 1 0 0 1 1 0 0 0 1 0 0 0 0 0 0 0 0 0 1 1
[39] 0 0 1 0 1 0 0 1 1 1 0 0 0 0
[1] 13
[1] "iteration number: "
[1] 29
[1] "iteration number: "
[1] 30
[1] "Best fitness updated to:"
[1] -41.27765
[1] "Best solution:"
 [1] 0 0 0 0 0 0 0 0 0 0 0 0 0 0 0 1 0 0 1 0 0 1 1 0 0 0 0 0 0 0 0 0 0 0 0 1 1 1
[39] 0 0 1 0 0 0 1 1 1 1 0 0 0 0
[1] 12
[1] "iteration number: "
[1] 31
[1] "iteration number: "
[1] 32
[1] "iteration number: "
[1] 33
[1] "iteration number: "
[1] 34
[1] "iteration number: "
[1] 35
[1] "iteration number: "
[1] 36
[1] "iteration number: "
[1] 37
[1] "iteration number: "
[1] 38
[1] "Best fitness updated to:"
[1] -41.31611
[1] "Best solution:"
 [1] 0 0 0 0 0 0 0 1 0 0 0 0 0 0 0 1 0 0 1 0 0 1 0 0 0 1 0 0 0 0 0 0 0 0 0 0 1 0
[39] 0 0 0 1 1 0 1 0 0 0 0 0 0 1
[1] 10
[1] "iteration number: "
[1] 39
[1] "iteration number: "
[1] 40
[1] "iteration number: "
[1] 41
[1] "iteration number: "
[1] 42
[1] "iteration number: "
[1] 43
[1] "iteration number: "
[1] 44
[1] "iteration number: "
[1] 45
[1] "iteration number: "
[1] 46
[1] "iteration number: "
[1] 47
[1] "iteration number: "
[1] 48
[1] "iteration number: "
[1] 49
[1] "RE-INITIALIZING..."
[1] 1
[1] 5
[1] 36
 [1] 1 4 2 3 3 2 3 3 2 3 2 3 2 1 2 3 2 2 3 3
[1] "iteration number: "
[1] 50
[1] "Best fitness updated to:"
[1] -41.33534
[1] "Best solution:"
 [1] 0 0 0 0 0 0 0 0 0 0 0 0 0 0 0 1 0 0 1 0 0 1 0 0 0 0 0 0 0 0 0 0 0 0 0 0 1 0
[39] 0 0 0 1 0 0 1 0 1 0 0 0 0 0
[1] 7
[1] "iteration number: "
[1] 51
[1] "iteration number: "
[1] 52
[1] "iteration number: "
[1] 53
[1] "iteration number: "
[1] 54
[1] "iteration number: "
[1] 55
[1] "iteration number: "
[1] 56
[1] "iteration number: "
[1] 57
[1] "iteration number: "
[1] 58
[1] "iteration number: "
[1] 59
[1] "Best fitness updated to:"
[1] -41.35457
[1] "Best solution:"
 [1] 0 0 0 0 0 0 0 0 0 0 0 0 0 0 0 1 0 0 1 0 0 1 0 0 0 0 0 0 0 0 0 0 0 0 0 0 1 0
[39] 0 0 0 0 0 0 0 0 1 1 0 0 0 0
[1] 6
[1] "iteration number: "
[1] 60
[1] "iteration number: "
[1] 61
[1] "iteration number: "
[1] 62
[1] "iteration number: "
[1] 63
[1] "iteration number: "
[1] 64
[1] "iteration number: "
[1] 65
[1] "iteration number: "
[1] 66
[1] "iteration number: "
[1] 67
[1] "iteration number: "
[1] 68
[1] "iteration number: "
[1] 69
[1] "iteration number: "
[1] 70
[1] "RE-INITIALIZING..."
[1] 1
[1] 5
[1] 24
 [1] 4 2 2 2 2 4 3 3 2 3 1 2 1 2 1 2 3 1 4 2
[1] "iteration number: "
[1] 71
[1] "iteration number: "
[1] 72
[1] "iteration number: "
[1] 73
[1] "iteration number: "
[1] 74
[1] "iteration number: "
[1] 75
[1] "iteration number: "
[1] 76
[1] "iteration number: "
[1] 77
[1] "iteration number: "
[1] 78
[1] "iteration number: "
[1] 79
[1] "iteration number: "
[1] 80
[1] "iteration number: "
[1] 81
[1] "RE-INITIALIZING..."
[1] 2
[1] 5
[1] 24
 [1] 3 3 1 2 2 2 2 3 2 1 2 3 2 2 2 1 2 2 1 2
[1] "iteration number: "
[1] 82
[1] "iteration number: "
[1] 83
[1] "iteration number: "
[1] 84
[1] "iteration number: "
[1] 85
[1] "iteration number: "
[1] 86
[1] "iteration number: "
[1] 87
[1] "iteration number: "
[1] 88
[1] "iteration number: "
[1] 89
[1] "iteration number: "
[1] 90
[1] "iteration number: "
[1] 91
[1] "iteration number: "
[1] 92
[1] "RE-INITIALIZING..."
[1] 3
[1] 5
[1] 21
 [1] 3 3 1 2 2 2 2 3 2 1 2 3 2 2 2 1 2 2 1 2
[1] "iteration number: "
[1] 93
[1] "iteration number: "
[1] 94
[1] "iteration number: "
[1] 95
[1] "iteration number: "
[1] 96
[1] "iteration number: "
[1] 97
[1] "iteration number: "
[1] 98
[1] "iteration number: "
[1] 99
[1] "iteration number: "
[1] 100
[1] "iteration number: "
[1] 101
[1] "iteration number: "
[1] 102
[1] "iteration number: "
[1] 103
[1] "RE-INITIALIZING..."
[1] 4
[1] 5
[1] 17
 [1] 1 4 2 3 3 2 3 3 2 3 2 3 2 1 2 3 2 2 3 3
[1] "iteration number: "
[1] 104
[1] "iteration number: "
[1] 105
[1] "iteration number: "
[1] 106
[1] "iteration number: "
[1] 107
[1] "iteration number: "
[1] 108
[1] "iteration number: "
[1] 109
[1] "iteration number: "
[1] 110
[1] "iteration number: "
[1] 111
[1] "iteration number: "
[1] 112
[1] "iteration number: "
[1] 113
[1] "iteration number: "
[1] 114
[1] "RE-INITIALIZING..."
[1] 5
[1] 5
[1] 17
 [1] 1 4 2 3 3 2 3 3 2 3 2 3 2 1 2 3 2 2 3 3
[1] "iteration number: "
[1] 115
[1] "iteration number: "
[1] 116
[1] "iteration number: "
[1] 117
[1] "iteration number: "
[1] 118
[1] "iteration number: "
[1] 119
[1] "iteration number: "
[1] 120
[1] "iteration number: "
[1] 121
[1] "iteration number: "
[1] 122
[1] "iteration number: "
[1] 123
[1] "iteration number: "
[1] 124
[1] "iteration number: "
[1] 125
[1] "RE-INITIALIZING..."
[1] 6
[1] 5
[1] 16
[1] "No change for 6 iterations. Exiting PSO."
[1] 16 19 22 37 45
[1] 1
[1] "##################################"
[1] "Results summary for itr:1"
[1] "number of features selected using population mean"
[1] 5
[1] "number of features selected using current global best"
[1] 5
[1] "feat ind length"
[1] 5
[1] "best accuracy"
[1] 41.35457
[1] "test acc:1"
[1] "##################################"
[1] "learning sets: 2"
 [1] 10 18 16  8  2 28  6 11 19  9  1  4 12 32 17 33 24  7 15  3 14 23 37 25 36
[26] 38 30 34 22 29
[1] "Starting global iteration number : 2"
[1] "iteration number: "
[1] 1
[1] "Best fitness updated to:"
[1] -39.82619
[1] "Best solution:"
 [1] NA NA NA NA NA NA NA NA NA NA NA NA NA NA NA NA NA NA NA NA NA NA NA NA NA
[26] NA NA NA NA NA NA NA NA NA NA NA NA NA NA NA NA NA NA NA NA NA NA NA NA NA
[51] NA NA
[1] 0
[1] "iteration number: "
[1] 2
[1] "Best fitness updated to:"
[1] -42.95867
[1] "Best solution:"
 [1] 0 1 0 0 1 0 1 0 0 0 1 0 0 1 1 1 1 0 1 1 1 0 1 0 0 0 0 0 0 1 1 1 1 1 1 0 0 0
[39] 1 1 0 1 1 1 1 0 1 0 0 0 1 1
[1] 27
[1] "iteration number: "
[1] 3
[1] "Best fitness updated to:"
[1] -43.66082
[1] "Best solution:"
 [1] 0 0 0 1 0 1 0 0 0 1 0 1 0 1 0 0 0 0 0 1 0 1 0 0 0 1 1 1 1 1 1 0 0 0 0 1 0 0
[39] 0 1 0 1 1 0 0 1 1 0 0 1 1 1
[1] 22
[1] "iteration number: "
[1] 4
[1] "iteration number: "
[1] 5
[1] "Best fitness updated to:"
[1] -44.41781
[1] "Best solution:"
 [1] 1 1 0 1 1 1 0 1 1 1 0 1 0 0 0 1 1 0 0 1 1 1 0 0 1 1 1 1 1 0 0 1 1 0 1 0 0 1
[39] 1 1 1 1 1 1 1 1 1 1 1 1 0 1
[1] 36
[1] "iteration number: "
[1] 6
[1] "iteration number: "
[1] 7
[1] "iteration number: "
[1] 8
[1] "iteration number: "
[1] 9
[1] "iteration number: "
[1] 10
[1] "iteration number: "
[1] 11
[1] "iteration number: "
[1] 12
[1] "Best fitness updated to:"
[1] -45.40309
[1] "Best solution:"
 [1] 0 0 0 0 0 1 0 1 1 0 0 0 1 0 0 1 0 0 1 0 0 0 0 1 0 1 0 0 1 0 0 0 1 0 1 1 0 0
[39] 1 0 1 0 1 0 0 1 1 1 1 0 0 1
[1] 20
[1] "iteration number: "
[1] 13
[1] "iteration number: "
[1] 14
[1] "iteration number: "
[1] 15
[1] "iteration number: "
[1] 16
[1] "iteration number: "
[1] 17
[1] "iteration number: "
[1] 18
[1] "iteration number: "
[1] 19
[1] "iteration number: "
[1] 20
[1] "iteration number: "
[1] 21
[1] "iteration number: "
[1] 22
[1] "Best fitness updated to:"
[1] -46.35122
[1] "Best solution:"
 [1] 0 0 0 0 0 0 0 0 0 0 0 0 1 0 0 1 0 0 1 0 0 0 0 1 0 0 0 0 0 0 1 0 0 0 1 1 0 0
[39] 1 0 1 0 1 0 1 1 1 1 1 0 0 1
[1] 16
[1] "iteration number: "
[1] 23
[1] "iteration number: "
[1] 24
[1] "iteration number: "
[1] 25
[1] "iteration number: "
[1] 26
[1] "iteration number: "
[1] 27
[1] "iteration number: "
[1] 28
[1] "iteration number: "
[1] 29
[1] "iteration number: "
[1] 30
[1] "iteration number: "
[1] 31
[1] "iteration number: "
[1] 32
[1] "iteration number: "
[1] 33
[1] "Best fitness updated to:"
[1] -46.37046
[1] "Best solution:"
 [1] 1 1 0 0 1 0 0 1 1 0 0 0 0 0 0 1 0 0 0 0 0 0 1 1 0 0 1 0 0 0 0 1 0 0 1 1 0 0
[39] 1 0 1 0 1 1 0 1 1 1 0 0 0 1
[1] 20
[1] "iteration number: "
[1] 34
[1] "Best fitness updated to:"
[1] -46.41258
[1] "Best solution:"
 [1] 1 1 0 0 0 0 0 1 1 0 0 0 0 0 0 0 0 0 0 0 0 0 1 1 0 0 1 0 1 0 0 0 0 0 1 1 0 0
[39] 1 0 0 0 1 1 0 1 1 1 1 0 0 1
[1] 18
[1] "iteration number: "
[1] 35
[1] "iteration number: "
[1] 36
[1] "iteration number: "
[1] 37
[1] "Best fitness updated to:"
[1] -46.45104
[1] "Best solution:"
 [1] 1 1 0 0 1 0 0 1 1 0 0 0 0 0 0 1 0 0 0 1 0 0 1 1 0 0 1 0 1 0 0 0 0 0 1 0 0 0
[39] 1 0 0 0 1 0 0 1 1 1 1 1 0 1
[1] 20
[1] "iteration number: "
[1] 38
[1] "iteration number: "
[1] 39
[1] "Best fitness updated to:"
[1] -46.96994
[1] "Best solution:"
 [1] 1 1 0 0 1 0 0 1 1 0 0 0 0 0 0 1 0 0 0 1 0 0 1 1 0 0 1 0 1 0 0 0 0 0 1 0 0 0
[39] 1 0 0 0 1 0 0 1 1 1 1 1 0 1
[1] 20
[1] "iteration number: "
[1] 40
[1] "iteration number: "
[1] 41
[1] "iteration number: "
[1] 42
[1] "iteration number: "
[1] 43
[1] "iteration number: "
[1] 44
[1] "iteration number: "
[1] 45
[1] "iteration number: "
[1] 46
[1] "iteration number: "
[1] 47
[1] "iteration number: "
[1] 48
[1] "iteration number: "
[1] 49
[1] "iteration number: "
[1] 50
[1] "RE-INITIALIZING..."
[1] 1
[1] 5
[1] 48
 [1] 4 2 2 2 2 4 3 3 2 3 1 2 1 2 1 2 3 1 4 2
[1] "iteration number: "
[1] 51
[1] "iteration number: "
[1] 52
[1] "iteration number: "
[1] 53
[1] "iteration number: "
[1] 54
[1] "iteration number: "
[1] 55
[1] "iteration number: "
[1] 56
[1] "iteration number: "
[1] 57
[1] "iteration number: "
[1] 58
[1] "iteration number: "
[1] 59
[1] "iteration number: "
[1] 60
[1] "iteration number: "
[1] 61
[1] "Best fitness updated to:"
[1] -47.02763
[1] "Best solution:"
 [1] 1 1 0 0 1 0 0 0 1 0 0 0 0 0 0 0 0 0 0 1 0 0 1 1 0 0 1 1 0 0 0 0 0 1 0 0 0 0
[39] 1 0 0 0 1 0 0 1 1 1 0 0 0 1
[1] 16
[1] "iteration number: "
[1] 62
[1] "iteration number: "
[1] 63
[1] "iteration number: "
[1] 64
[1] "iteration number: "
[1] 65
[1] "Best fitness updated to:"
[1] -47.06975
[1] "Best solution:"
 [1] 1 1 0 0 1 0 0 0 0 0 0 0 0 0 0 0 0 0 0 0 0 1 1 0 0 0 1 1 0 0 0 0 0 1 0 0 0 0
[39] 1 0 0 0 0 0 0 1 1 1 0 0 0 1
[1] 13
[1] "iteration number: "
[1] 66
[1] "iteration number: "
[1] 67
[1] "iteration number: "
[1] 68
[1] "iteration number: "
[1] 69
[1] "Best fitness updated to:"
[1] -47.08898
[1] "Best solution:"
 [1] 1 1 0 0 1 0 0 0 0 0 0 0 0 0 0 0 0 0 0 0 0 1 1 0 0 0 1 0 0 0 1 0 0 1 0 0 0 0
[39] 1 0 0 0 1 0 0 1 0 1 1 0 0 1
[1] 14
[1] "iteration number: "
[1] 70
[1] "iteration number: "
[1] 71
[1] "Best fitness updated to:"
[1] -47.10821
[1] "Best solution:"
 [1] 1 1 0 0 1 0 0 1 1 0 0 0 0 0 0 0 0 0 0 1 0 0 1 1 0 0 1 0 1 0 0 0 0 1 1 0 0 0
[39] 1 0 1 0 1 0 0 0 1 1 1 0 0 1
[1] 19
[1] "iteration number: "
[1] 72
[1] "Best fitness updated to:"
[1] -47.13961
[1] "Best solution:"
 [1] 1 1 0 0 1 0 0 1 1 0 0 0 0 0 0 0 0 0 0 1 0 0 1 1 0 0 1 0 1 0 1 0 0 1 1 0 0 0
[39] 0 0 0 0 1 0 0 0 1 1 1 0 0 1
[1] 18
[1] "iteration number: "
[1] 73
[1] "iteration number: "
[1] 74
[1] "iteration number: "
[1] 75
[1] "iteration number: "
[1] 76
[1] "iteration number: "
[1] 77
[1] "iteration number: "
[1] 78
[1] "iteration number: "
[1] 79
[1] "iteration number: "
[1] 80
[1] "iteration number: "
[1] 81
[1] "iteration number: "
[1] 82
[1] "iteration number: "
[1] 83
[1] "RE-INITIALIZING..."
[1] 1
[1] 5
[1] 42
 [1] 1 4 2 3 3 2 3 3 2 3 2 3 2 1 2 3 2 2 3 3
[1] "iteration number: "
[1] 84
[1] "iteration number: "
[1] 85
[1] "iteration number: "
[1] 86
[1] "iteration number: "
[1] 87
[1] "iteration number: "
[1] 88
[1] "iteration number: "
[1] 89
[1] "iteration number: "
[1] 90
[1] "iteration number: "
[1] 91
[1] "iteration number: "
[1] 92
[1] "iteration number: "
[1] 93
[1] "iteration number: "
[1] 94
[1] "RE-INITIALIZING..."
[1] 2
[1] 5
[1] 40
 [1] 1 4 2 3 3 2 3 3 2 3 2 3 2 1 2 3 2 2 3 3
[1] "iteration number: "
[1] 95
[1] "iteration number: "
[1] 96
[1] "iteration number: "
[1] 97
[1] "iteration number: "
[1] 98
[1] "iteration number: "
[1] 99
[1] "iteration number: "
[1] 100
[1] "iteration number: "
[1] 101
[1] "iteration number: "
[1] 102
[1] "iteration number: "
[1] 103
[1] "iteration number: "
[1] 104
[1] "iteration number: "
[1] 105
[1] "RE-INITIALIZING..."
[1] 3
[1] 5
[1] 39
 [1] 4 2 2 2 2 4 3 3 2 3 1 2 1 2 1 2 3 1 4 2
[1] "iteration number: "
[1] 106
[1] "iteration number: "
[1] 107
[1] "iteration number: "
[1] 108
[1] "iteration number: "
[1] 109
[1] "iteration number: "
[1] 110
[1] "iteration number: "
[1] 111
[1] "iteration number: "
[1] 112
[1] "iteration number: "
[1] 113
[1] "iteration number: "
[1] 114
[1] "iteration number: "
[1] 115
[1] "iteration number: "
[1] 116
[1] "Best fitness updated to:"
[1] -47.15884
[1] "Best solution:"
 [1] 1 1 0 0 1 0 0 0 1 0 0 0 0 0 0 0 0 0 0 1 0 0 1 1 0 0 1 0 1 0 0 0 0 1 0 0 0 0
[39] 0 0 0 0 1 0 0 1 1 1 0 0 0 1
[1] 15
[1] "iteration number: "
[1] 117
[1] "iteration number: "
[1] 118
[1] "iteration number: "
[1] 119
[1] "iteration number: "
[1] 120
[1] "iteration number: "
[1] 121
[1] "iteration number: "
[1] 122
[1] "Best fitness updated to:"
[1] -47.17807
[1] "Best solution:"
 [1] 1 1 0 0 1 0 0 0 1 0 0 0 0 0 0 0 0 0 0 1 0 0 1 0 0 0 1 0 0 0 0 0 0 1 0 0 0 0
[39] 0 0 0 0 1 0 0 1 1 1 0 0 0 1
[1] 13
[1] "iteration number: "
[1] 123
[1] "iteration number: "
[1] 124
[1] "iteration number: "
[1] 125
[1] "iteration number: "
[1] 126
[1] "iteration number: "
[1] 127
[1] "iteration number: "
[1] 128
[1] "iteration number: "
[1] 129
[1] "iteration number: "
[1] 130
[1] "iteration number: "
[1] 131
[1] "iteration number: "
[1] 132
[1] "iteration number: "
[1] 133
[1] "RE-INITIALIZING..."
[1] 1
[1] 5
[1] 35
 [1] 4 2 2 2 2 4 3 3 2 3 1 2 1 2 1 2 3 1 4 2
[1] "iteration number: "
[1] 134
[1] "iteration number: "
[1] 135
[1] "iteration number: "
[1] 136
[1] "iteration number: "
[1] 137
[1] "iteration number: "
[1] 138
[1] "iteration number: "
[1] 139
[1] "iteration number: "
[1] 140
[1] "iteration number: "
[1] 141
[1] "iteration number: "
[1] 142
[1] "iteration number: "
[1] 143
[1] "iteration number: "
[1] 144
[1] "RE-INITIALIZING..."
[1] 2
[1] 5
[1] 31
 [1] 3 3 1 2 2 2 2 3 2 1 2 3 2 2 2 1 2 2 1 2
[1] "iteration number: "
[1] 145
[1] "iteration number: "
[1] 146
[1] "iteration number: "
[1] 147
[1] "iteration number: "
[1] 148
[1] "iteration number: "
[1] 149
[1] "iteration number: "
[1] 150
[1] "iteration number: "
[1] 151
[1] "iteration number: "
[1] 152
[1] "iteration number: "
[1] 153
[1] "iteration number: "
[1] 154
[1] "iteration number: "
[1] 155
[1] "RE-INITIALIZING..."
[1] 3
[1] 5
[1] 30
 [1] 4 2 2 2 2 4 3 3 2 3 1 2 1 2 1 2 3 1 4 2
[1] "iteration number: "
[1] 156
[1] "iteration number: "
[1] 157
[1] "iteration number: "
[1] 158
[1] "iteration number: "
[1] 159
[1] "iteration number: "
[1] 160
[1] "iteration number: "
[1] 161
[1] "iteration number: "
[1] 162
[1] "iteration number: "
[1] 163
[1] "iteration number: "
[1] 164
[1] "iteration number: "
[1] 165
[1] "iteration number: "
[1] 166
[1] "RE-INITIALIZING..."
[1] 4
[1] 5
[1] 31
 [1] 3 3 1 2 2 2 2 3 2 1 2 3 2 2 2 1 2 2 1 2
[1] "iteration number: "
[1] 167
[1] "iteration number: "
[1] 168
[1] "iteration number: "
[1] 169
[1] "iteration number: "
[1] 170
[1] "iteration number: "
[1] 171
[1] "iteration number: "
[1] 172
[1] "iteration number: "
[1] 173
[1] "iteration number: "
[1] 174
[1] "iteration number: "
[1] 175
[1] "iteration number: "
[1] 176
[1] "iteration number: "
[1] 177
[1] "RE-INITIALIZING..."
[1] 5
[1] 5
[1] 31
 [1] 1 4 2 3 3 2 3 3 2 3 2 3 2 1 2 3 2 2 3 3
[1] "iteration number: "
[1] 178
[1] "iteration number: "
[1] 179
[1] "iteration number: "
[1] 180
[1] "iteration number: "
[1] 181
[1] "iteration number: "
[1] 182
[1] "iteration number: "
[1] 183
[1] "iteration number: "
[1] 184
[1] "iteration number: "
[1] 185
[1] "iteration number: "
[1] 186
[1] "iteration number: "
[1] 187
[1] "iteration number: "
[1] 188
[1] "RE-INITIALIZING..."
[1] 6
[1] 5
[1] 30
[1] "No change for 6 iterations. Exiting PSO."
 [1]  1  2  5  9 20 23 27 34 43 46 47 48 52
[1] 2
[1] "##################################"
[1] "Results summary for itr:2"
[1] "number of features selected using population mean"
[1] 13
[1] "number of features selected using current global best"
[1] 13
[1] "feat ind length"
[1] 13
[1] "best accuracy"
[1] 47.17807
[1] "test acc:1"
[1] "##################################"
[1] "learning sets: 3"
 [1] 20  9 12 22 11 15 34 37 13 38  8  4 28 23  3  7 30 19 36 31 32  6 24 16 18
[26] 27 10 35  2 26
[1] "Starting global iteration number : 3"
[1] "iteration number: "
[1] 1
[1] "Best fitness updated to:"
[1] -39.61482
[1] "Best solution:"
 [1] NA NA NA NA NA NA NA NA NA NA NA NA NA NA NA NA NA NA NA NA NA NA NA NA NA
[26] NA NA NA NA NA NA NA NA NA NA NA NA NA NA NA NA NA NA NA NA NA NA NA NA NA
[51] NA NA
[1] 0
[1] "iteration number: "
[1] 2
[1] "Best fitness updated to:"
[1] -43.57146
[1] "Best solution:"
 [1] 0 1 0 0 1 0 1 0 0 0 1 0 0 1 1 1 1 0 1 1 1 0 1 0 0 0 0 0 0 1 1 1 1 1 1 0 0 0
[39] 1 1 0 1 1 1 1 0 1 0 0 0 1 1
[1] 27
[1] "iteration number: "
[1] 3
[1] "Best fitness updated to:"
[1] -44.0568
[1] "Best solution:"
 [1] 1 1 0 0 1 0 0 0 0 0 0 1 1 0 0 0 0 1 0 0 0 0 0 0 1 1 1 0 0 0 1 1 1 1 0 0 0 1
[39] 1 1 1 0 0 1 1 1 1 1 1 0 0 1
[1] 24
[1] "iteration number: "
[1] 4
[1] "Best fitness updated to:"
[1] -44.7018
[1] "Best solution:"
 [1] 0 1 0 0 1 0 0 1 1 1 1 1 0 1 1 1 0 0 0 0 0 0 0 1 1 0 1 0 0 0 1 1 1 0 0 1 0 1
[39] 1 1 1 1 1 1 1 0 1 1 0 0 0 1
[1] 28
[1] "iteration number: "
[1] 5
[1] "Best fitness updated to:"
[1] -45.37938
[1] "Best solution:"
 [1] 0 0 0 1 1 0 0 1 0 0 1 0 0 1 0 0 0 0 1 1 0 0 0 0 0 1 1 0 1 1 0 1 0 1 0 1 1 1
[39] 0 1 1 0 0 1 0 0 0 1 1 0 0 1
[1] 22
[1] "iteration number: "
[1] 6
[1] "iteration number: "
[1] 7
[1] "Best fitness updated to:"
[1] -46.85157
[1] "Best solution:"
 [1] 0 1 0 0 1 0 0 0 0 0 0 0 0 0 0 0 1 0 0 0 0 0 0 0 1 1 1 0 0 0 0 1 0 1 0 1 1 0
[39] 0 1 1 0 0 0 0 1 0 1 0 0 0 0
[1] 14
[1] "iteration number: "
[1] 8
[1] "iteration number: "
[1] 9
[1] "iteration number: "
[1] 10
[1] "iteration number: "
[1] 11
[1] "iteration number: "
[1] 12
[1] "Best fitness updated to:"
[1] -48.04647
[1] "Best solution:"
 [1] 0 1 0 0 0 0 0 1 1 0 0 0 0 0 0 0 0 0 1 0 0 1 1 0 0 0 1 0 1 0 1 0 0 0 0 1 0 0
[39] 0 0 0 0 0 0 0 0 0 1 0 0 0 0
[1] 11
[1] "iteration number: "
[1] 13
[1] "iteration number: "
[1] 14
[1] "iteration number: "
[1] 15
[1] "Best fitness updated to:"
[1] -48.08493
[1] "Best solution:"
 [1] 0 1 0 0 1 0 0 1 0 0 1 0 1 1 0 0 0 1 1 1 0 0 0 0 0 1 0 0 0 1 0 1 1 1 0 0 1 1
[39] 1 1 1 1 0 1 0 0 0 1 1 0 0 1
[1] 24
[1] "iteration number: "
[1] 16
[1] "Best fitness updated to:"
[1] -48.18829
[1] "Best solution:"
 [1] 0 1 0 0 1 0 0 1 0 0 1 0 0 0 1 1 0 1 1 1 0 1 0 0 0 1 0 1 0 0 0 1 0 0 0 0 1 1
[39] 0 0 1 1 0 1 1 0 0 0 1 1 0 1
[1] 22
[1] "iteration number: "
[1] 17
[1] "iteration number: "
[1] 18
[1] "iteration number: "
[1] 19
[1] "iteration number: "
[1] 20
[1] "iteration number: "
[1] 21
[1] "iteration number: "
[1] 22
[1] "Best fitness updated to:"
[1] -48.26522
[1] "Best solution:"
 [1] 1 1 0 0 0 0 1 1 0 0 0 0 1 1 0 1 0 0 0 1 0 1 0 0 0 0 0 1 0 0 0 0 0 1 0 0 0 0
[39] 0 0 1 0 0 1 1 0 0 0 0 0 0 1
[1] 15
[1] "iteration number: "
[1] 23
[1] "iteration number: "
[1] 24
[1] "iteration number: "
[1] 25
[1] "iteration number: "
[1] 26
[1] "iteration number: "
[1] 27
[1] "Best fitness updated to:"
[1] -49.02325
[1] "Best solution:"
 [1] 1 1 0 0 0 0 0 1 0 0 0 0 1 0 0 1 0 1 1 0 0 1 0 0 0 0 0 0 0 1 0 0 0 1 0 0 0 0
[39] 0 0 1 0 0 0 0 0 0 1 1 0 0 1
[1] 14
[1] "iteration number: "
[1] 28
[1] "iteration number: "
[1] 29
[1] "iteration number: "
[1] 30
[1] "iteration number: "
[1] 31
[1] "iteration number: "
[1] 32
[1] "iteration number: "
[1] 33
[1] "iteration number: "
[1] 34
[1] "iteration number: "
[1] 35
[1] "iteration number: "
[1] 36
[1] "iteration number: "
[1] 37
[1] "Best fitness updated to:"
[1] -49.33949
[1] "Best solution:"
 [1] 1 1 0 0 0 0 0 1 0 1 0 0 1 0 0 1 0 1 1 1 0 1 0 0 0 1 0 0 0 0 0 0 0 0 0 0 0 1
[39] 0 0 0 0 0 1 1 0 0 0 1 0 0 1
[1] 16
[1] "iteration number: "
[1] 38
[1] "iteration number: "
[1] 39
[1] "iteration number: "
[1] 40
[1] "iteration number: "
[1] 41
[1] "iteration number: "
[1] 42
[1] "iteration number: "
[1] 43
[1] "iteration number: "
[1] 44
[1] "iteration number: "
[1] 45
[1] "iteration number: "
[1] 46
[1] "iteration number: "
[1] 47
[1] "iteration number: "
[1] 48
[1] "Best fitness updated to:"
[1] -49.35872
[1] "Best solution:"
 [1] 1 1 0 0 0 0 0 1 0 1 0 0 1 0 0 1 0 1 1 1 0 1 0 0 0 0 0 1 0 0 0 0 0 0 0 0 0 0
[39] 0 0 0 0 0 1 0 0 0 0 1 0 0 1
[1] 14
[1] "iteration number: "
[1] 49
[1] "iteration number: "
[1] 50
[1] "iteration number: "
[1] 51
[1] "iteration number: "
[1] 52
[1] "iteration number: "
[1] 53
[1] "iteration number: "
[1] 54
[1] "iteration number: "
[1] 55
[1] "iteration number: "
[1] 56
[1] "iteration number: "
[1] 57
[1] "iteration number: "
[1] 58
[1] "Best fitness updated to:"
[1] -50.06543
[1] "Best solution:"
 [1] 1 1 0 0 0 0 0 1 0 0 0 0 1 0 0 1 0 1 1 1 0 1 0 0 0 0 0 1 0 0 0 0 0 0 0 0 0 0
[39] 0 0 0 0 0 0 1 0 0 0 1 0 0 1
[1] 13
[1] "iteration number: "
[1] 59
[1] "Best fitness updated to:"
[1] -50.30475
[1] "Best solution:"
 [1] 0 1 0 0 0 0 0 1 0 0 0 0 1 0 0 1 0 1 1 1 0 0 0 0 0 0 0 1 0 0 0 0 0 0 0 0 0 0
[39] 0 0 0 0 0 0 0 0 0 0 1 0 0 1
[1] 10
[1] "iteration number: "
[1] 60
[1] "iteration number: "
[1] 61
[1] "iteration number: "
[1] 62
[1] "iteration number: "
[1] 63
[1] "iteration number: "
[1] 64
[1] "iteration number: "
[1] 65
[1] "iteration number: "
[1] 66
[1] "iteration number: "
[1] 67
[1] "iteration number: "
[1] 68
[1] "iteration number: "
[1] 69
[1] "iteration number: "
[1] 70
[1] "RE-INITIALIZING..."
[1] 1
[1] 5
[1] 37
 [1] 4 2 2 2 2 4 3 3 2 3 1 2 1 2 1 2 3 1 4 2
[1] "iteration number: "
[1] 71
[1] "iteration number: "
[1] 72
[1] "iteration number: "
[1] 73
[1] "iteration number: "
[1] 74
[1] "iteration number: "
[1] 75
[1] "iteration number: "
[1] 76
[1] "iteration number: "
[1] 77
[1] "iteration number: "
[1] 78
[1] "iteration number: "
[1] 79
[1] "iteration number: "
[1] 80
[1] "iteration number: "
[1] 81
[1] "RE-INITIALIZING..."
[1] 2
[1] 5
[1] 38
 [1] 3 3 1 2 2 2 2 3 2 1 2 3 2 2 2 1 2 2 1 2
[1] "iteration number: "
[1] 82
[1] "Best fitness updated to:"
[1] -50.99087
[1] "Best solution:"
 [1] 1 1 0 0 0 0 0 1 1 1 0 0 0 0 0 1 0 1 1 1 0 0 0 0 0 0 0 1 0 0 0 0 0 0 0 0 0 0
[39] 1 0 0 0 0 0 0 0 0 0 1 0 0 1
[1] 13
[1] "iteration number: "
[1] 83
[1] "iteration number: "
[1] 84
[1] "iteration number: "
[1] 85
[1] "iteration number: "
[1] 86
[1] "iteration number: "
[1] 87
[1] "iteration number: "
[1] 88
[1] "iteration number: "
[1] 89
[1] "iteration number: "
[1] 90
[1] "iteration number: "
[1] 91
[1] "iteration number: "
[1] 92
[1] "iteration number: "
[1] 93
[1] "RE-INITIALIZING..."
[1] 1
[1] 5
[1] 30
 [1] 1 4 2 3 3 2 3 3 2 3 2 3 2 1 2 3 2 2 3 3
[1] "iteration number: "
[1] 94
[1] "iteration number: "
[1] 95
[1] "iteration number: "
[1] 96
[1] "iteration number: "
[1] 97
[1] "Best fitness updated to:"
[1] -51.78389
[1] "Best solution:"
 [1] 1 1 0 0 0 0 0 1 0 0 1 0 0 0 0 1 0 0 1 0 0 1 1 0 0 0 0 0 0 0 0 0 0 0 0 0 0 1
[39] 1 0 0 0 0 0 0 0 0 1 0 0 0 0
[1] 11
[1] "iteration number: "
[1] 98
[1] "iteration number: "
[1] 99
[1] "iteration number: "
[1] 100
[1] "iteration number: "
[1] 101
[1] "iteration number: "
[1] 102
[1] "iteration number: "
[1] 103
[1] "iteration number: "
[1] 104
[1] "iteration number: "
[1] 105
[1] "iteration number: "
[1] 106
[1] "Best fitness updated to:"
[1] -51.84343
[1] "Best solution:"
 [1] 0 1 0 0 0 0 0 1 0 0 0 0 0 0 0 1 0 0 1 1 0 0 0 0 0 0 0 0 0 1 0 0 0 0 0 0 0 1
[39] 1 0 0 0 0 0 0 0 0 1 0 0 0 0
[1] 9
[1] "iteration number: "
[1] 107
[1] "iteration number: "
[1] 108
[1] "iteration number: "
[1] 109
[1] "iteration number: "
[1] 110
[1] "iteration number: "
[1] 111
[1] "Best fitness updated to:"
[1] -51.86266
[1] "Best solution:"
 [1] 0 1 0 0 0 0 0 1 0 0 0 0 0 0 0 1 0 0 1 1 0 0 0 0 0 0 0 0 0 1 0 0 0 0 0 0 0 1
[39] 1 0 0 0 0 0 0 0 0 1 0 0 0 0
[1] 9
[1] "iteration number: "
[1] 112
[1] "iteration number: "
[1] 113
[1] "iteration number: "
[1] 114
[1] "iteration number: "
[1] 115
[1] "iteration number: "
[1] 116
[1] "iteration number: "
[1] 117
[1] "iteration number: "
[1] 118
[1] "iteration number: "
[1] 119
[1] "iteration number: "
[1] 120
[1] "iteration number: "
[1] 121
[1] "iteration number: "
[1] 122
[1] "RE-INITIALIZING..."
[1] 1
[1] 5
[1] 28
 [1] 1 4 2 3 3 2 3 3 2 3 2 3 2 1 2 3 2 2 3 3
[1] "iteration number: "
[1] 123
[1] "iteration number: "
[1] 124
[1] "iteration number: "
[1] 125
[1] "iteration number: "
[1] 126
[1] "iteration number: "
[1] 127
[1] "iteration number: "
[1] 128
[1] "iteration number: "
[1] 129
[1] "iteration number: "
[1] 130
[1] "iteration number: "
[1] 131
[1] "iteration number: "
[1] 132
[1] "iteration number: "
[1] 133
[1] "RE-INITIALIZING..."
[1] 2
[1] 5
[1] 24
 [1] 1 4 2 3 3 2 3 3 2 3 2 3 2 1 2 3 2 2 3 3
[1] "iteration number: "
[1] 134
[1] "iteration number: "
[1] 135
[1] "iteration number: "
[1] 136
[1] "iteration number: "
[1] 137
[1] "iteration number: "
[1] 138
[1] "iteration number: "
[1] 139
[1] "iteration number: "
[1] 140
[1] "iteration number: "
[1] 141
[1] "iteration number: "
[1] 142
[1] "iteration number: "
[1] 143
[1] "iteration number: "
[1] 144
[1] "RE-INITIALIZING..."
[1] 3
[1] 5
[1] 23
 [1] 1 4 2 3 3 2 3 3 2 3 2 3 2 1 2 3 2 2 3 3
[1] "iteration number: "
[1] 145
[1] "iteration number: "
[1] 146
[1] "iteration number: "
[1] 147
[1] "iteration number: "
[1] 148
[1] "iteration number: "
[1] 149
[1] "iteration number: "
[1] 150
[1] "iteration number: "
[1] 151
[1] "iteration number: "
[1] 152
[1] "iteration number: "
[1] 153
[1] "iteration number: "
[1] 154
[1] "iteration number: "
[1] 155
[1] "RE-INITIALIZING..."
[1] 4
[1] 5
[1] 22
 [1] 4 2 2 2 2 4 3 3 2 3 1 2 1 2 1 2 3 1 4 2
[1] "iteration number: "
[1] 156
[1] "iteration number: "
[1] 157
[1] "iteration number: "
[1] 158
[1] "iteration number: "
[1] 159
[1] "iteration number: "
[1] 160
[1] "iteration number: "
[1] 161
[1] "Best fitness updated to:"
[1] -51.96534
[1] "Best solution:"
 [1] 0 1 0 0 0 0 0 1 0 0 0 0 0 0 0 1 0 0 1 0 0 1 0 0 0 0 0 0 0 0 0 0 0 0 0 0 0 1
[39] 1 0 0 0 0 0 0 0 0 1 0 0 0 0
[1] 8
[1] "iteration number: "
[1] 162
[1] "iteration number: "
[1] 163
[1] "iteration number: "
[1] 164
[1] "iteration number: "
[1] 165
[1] "Best fitness updated to:"
[1] -51.98457
[1] "Best solution:"
 [1] 0 1 0 0 0 0 0 1 0 0 0 0 1 0 0 1 0 0 1 0 0 1 0 0 0 0 0 0 0 0 0 0 0 1 0 0 0 1
[39] 1 0 0 0 0 0 0 0 0 1 0 0 0 1
[1] 11
[1] "iteration number: "
[1] 166
[1] "iteration number: "
[1] 167
[1] "iteration number: "
[1] 168
[1] "iteration number: "
[1] 169
[1] "iteration number: "
[1] 170
[1] "iteration number: "
[1] 171
[1] "iteration number: "
[1] 172
[1] "iteration number: "
[1] 173
[1] "iteration number: "
[1] 174
[1] "iteration number: "
[1] 175
[1] "Best fitness updated to:"
[1] -52.28158
[1] "Best solution:"
 [1] 0 1 0 0 0 0 0 1 0 0 0 0 1 0 0 1 0 0 1 0 0 1 0 0 0 0 0 0 0 0 0 0 0 1 0 0 0 1
[39] 0 0 0 0 0 0 0 0 0 1 0 0 0 1
[1] 10
[1] "iteration number: "
[1] 176
[1] "Best fitness updated to:"
[1] -52.54012
[1] "Best solution:"
 [1] 1 1 0 0 0 0 0 1 0 0 0 0 0 0 0 1 0 0 1 0 0 1 1 0 0 0 0 0 0 0 0 0 0 0 0 0 0 1
[39] 1 0 0 0 0 0 0 0 0 1 0 0 0 0
[1] 10
[1] "iteration number: "
[1] 177
[1] "iteration number: "
[1] 178
[1] "iteration number: "
[1] 179
[1] "iteration number: "
[1] 180
[1] "iteration number: "
[1] 181
[1] "iteration number: "
[1] 182
[1] "iteration number: "
[1] 183
[1] "iteration number: "
[1] 184
[1] "iteration number: "
[1] 185
[1] "iteration number: "
[1] 186
[1] "iteration number: "
[1] 187
[1] "RE-INITIALIZING..."
[1] 1
[1] 5
[1] 17
 [1] 1 4 2 3 3 2 3 3 2 3 2 3 2 1 2 3 2 2 3 3
[1] "iteration number: "
[1] 188
[1] "iteration number: "
[1] 189
[1] "iteration number: "
[1] 190
[1] "iteration number: "
[1] 191
[1] "iteration number: "
[1] 192
[1] "iteration number: "
[1] 193
[1] "iteration number: "
[1] 194
[1] "iteration number: "
[1] 195
[1] "iteration number: "
[1] 196
[1] "iteration number: "
[1] 197
[1] "iteration number: "
[1] 198
[1] "RE-INITIALIZING..."
[1] 2
[1] 5
[1] 15
 [1] 1 4 2 3 3 2 3 3 2 3 2 3 2 1 2 3 2 2 3 3
[1] "iteration number: "
[1] 199
[1] "iteration number: "
[1] 200
[1] "iteration number: "
[1] 201
[1] "iteration number: "
[1] 202
[1] "iteration number: "
[1] 203
[1] "iteration number: "
[1] 204
[1] "iteration number: "
[1] 205
[1] "iteration number: "
[1] 206
[1] "iteration number: "
[1] 207
[1] "iteration number: "
[1] 208
[1] "iteration number: "
[1] 209
[1] "RE-INITIALIZING..."
[1] 3
[1] 5
[1] 16
 [1] 1 4 2 3 3 2 3 3 2 3 2 3 2 1 2 3 2 2 3 3
[1] "iteration number: "
[1] 210
[1] "iteration number: "
[1] 211
[1] "iteration number: "
[1] 212
[1] "iteration number: "
[1] 213
[1] "iteration number: "
[1] 214
[1] "iteration number: "
[1] 215
[1] "iteration number: "
[1] 216
[1] "iteration number: "
[1] 217
[1] "iteration number: "
[1] 218
[1] "iteration number: "
[1] 219
[1] "iteration number: "
[1] 220
[1] "RE-INITIALIZING..."
[1] 4
[1] 5
[1] 16
 [1] 4 2 2 2 2 4 3 3 2 3 1 2 1 2 1 2 3 1 4 2
[1] "iteration number: "
[1] 221
[1] "iteration number: "
[1] 222
[1] "iteration number: "
[1] 223
[1] "iteration number: "
[1] 224
[1] "iteration number: "
[1] 225
[1] "iteration number: "
[1] 226
[1] "iteration number: "
[1] 227
[1] "iteration number: "
[1] 228
[1] "iteration number: "
[1] 229
[1] "iteration number: "
[1] 230
[1] "iteration number: "
[1] 231
[1] "RE-INITIALIZING..."
[1] 5
[1] 5
[1] 19
 [1] 3 3 1 2 2 2 2 3 2 1 2 3 2 2 2 1 2 2 1 2
[1] "iteration number: "
[1] 232
[1] "iteration number: "
[1] 233
[1] "iteration number: "
[1] 234
[1] "iteration number: "
[1] 235
[1] "iteration number: "
[1] 236
[1] "iteration number: "
[1] 237
[1] "iteration number: "
[1] 238
[1] "iteration number: "
[1] 239
[1] "iteration number: "
[1] 240
[1] "iteration number: "
[1] 241
[1] "iteration number: "
[1] 242
[1] "RE-INITIALIZING..."
[1] 6
[1] 5
[1] 15
[1] "No change for 6 iterations. Exiting PSO."
 [1]  2  8 16 19 20 22 34 38 48 52
[1] 3
[1] "##################################"
[1] "Results summary for itr:3"
[1] "number of features selected using population mean"
[1] 10
[1] "number of features selected using current global best"
[1] 10
[1] "feat ind length"
[1] 10
[1] "best accuracy"
[1] 52.54012
[1] "test acc:1"
[1] "##################################"
[1] "learning sets: 4"
 [1]  4 26 36 10 25 33 18 38  8  7 19 31 23 11  5 32  6 29 14 15 24  2 17 13 37
[26] 12 34 28 20 22
[1] "Starting global iteration number : 4"
[1] "iteration number: "
[1] 1
[1] "Best fitness updated to:"
[1] -42.30175
[1] "Best solution:"
 [1] NA NA NA NA NA NA NA NA NA NA NA NA NA NA NA NA NA NA NA NA NA NA NA NA NA
[26] NA NA NA NA NA NA NA NA NA NA NA NA NA NA NA NA NA NA NA NA NA NA NA NA NA
[51] NA NA
[1] 0
[1] "iteration number: "
[1] 2
[1] "Best fitness updated to:"
[1] -47.13366
[1] "Best solution:"
 [1] 0 1 0 0 1 0 1 0 0 0 1 0 0 1 1 1 1 0 1 1 1 0 1 0 0 0 0 0 0 1 1 1 1 1 1 0 0 0
[39] 1 1 0 1 1 1 1 0 1 0 0 0 1 1
[1] 27
[1] "iteration number: "
[1] 3
[1] "iteration number: "
[1] 4
[1] "iteration number: "
[1] 5
[1] "iteration number: "
[1] 6
[1] "iteration number: "
[1] 7
[1] "Best fitness updated to:"
[1] -47.26827
[1] "Best solution:"
 [1] 1 0 0 1 0 1 0 0 0 0 0 1 1 0 0 0 0 0 1 1 0 0 1 1 0 0 1 1 1 0 1 1 0 0 0 0 0 0
[39] 0 0 0 1 1 0 0 1 0 1 0 0 1 0
[1] 19
[1] "iteration number: "
[1] 8
[1] "iteration number: "
[1] 9
[1] "iteration number: "
[1] 10
[1] "iteration number: "
[1] 11
[1] "Best fitness updated to:"
[1] -48.73905
[1] "Best solution:"
 [1] 1 1 0 1 1 0 0 0 1 1 0 0 0 0 0 0 0 0 1 0 0 1 1 0 1 0 1 0 1 0 0 0 0 0 0 1 0 0
[39] 0 1 1 0 1 1 1 1 0 1 0 0 0 0
[1] 20
[1] "iteration number: "
[1] 12
[1] "iteration number: "
[1] 13
[1] "iteration number: "
[1] 14
[1] "iteration number: "
[1] 15
[1] "iteration number: "
[1] 16
[1] "iteration number: "
[1] 17
[1] "iteration number: "
[1] 18
[1] "Best fitness updated to:"
[1] -49.41331
[1] "Best solution:"
 [1] 0 0 0 0 0 1 0 1 1 0 0 0 0 0 0 0 0 1 1 0 0 0 1 0 0 0 0 0 1 0 0 0 0 0 1 0 0 1
[39] 1 0 0 0 1 0 0 1 0 1 1 0 0 1
[1] 15
[1] "iteration number: "
[1] 19
[1] "Best fitness updated to:"
[1] -49.71032
[1] "Best solution:"
 [1] 0 0 0 1 0 1 0 1 1 0 0 0 0 0 0 0 0 0 1 1 0 0 0 0 0 0 1 1 1 0 0 0 0 1 0 0 0 0
[39] 1 1 0 0 1 0 0 1 0 0 0 0 1 1
[1] 16
[1] "iteration number: "
[1] 20
[1] "iteration number: "
[1] 21
[1] "iteration number: "
[1] 22
[1] "iteration number: "
[1] 23
[1] "iteration number: "
[1] 24
[1] "Best fitness updated to:"
[1] -49.78724
[1] "Best solution:"
 [1] 0 0 0 1 0 1 0 1 1 0 0 0 0 0 0 0 0 0 1 1 0 0 0 0 0 0 1 1 1 0 0 0 0 1 0 0 0 0
[39] 1 1 0 0 1 0 0 1 0 0 0 0 1 1
[1] 16
[1] "iteration number: "
[1] 25
[1] "iteration number: "
[1] 26
[1] "iteration number: "
[1] 27
[1] "Best fitness updated to:"
[1] -49.80647
[1] "Best solution:"
 [1] 0 0 0 0 0 1 0 1 1 0 1 0 0 1 0 0 0 0 1 1 0 0 0 0 0 0 1 0 1 0 0 0 0 1 0 0 0 0
[39] 1 0 1 0 1 0 0 1 0 1 1 0 0 1
[1] 17
[1] "iteration number: "
[1] 28
[1] "iteration number: "
[1] 29
[1] "iteration number: "
[1] 30
[1] "iteration number: "
[1] 31
[1] "iteration number: "
[1] 32
[1] "iteration number: "
[1] 33
[1] "iteration number: "
[1] 34
[1] "iteration number: "
[1] 35
[1] "iteration number: "
[1] 36
[1] "iteration number: "
[1] 37
[1] "iteration number: "
[1] 38
[1] "RE-INITIALIZING..."
[1] 1
[1] 5
[1] 44
 [1] 1 4 2 3 3 2 3 3 2 3 2 3 2 1 2 3 2 2 3 3
[1] "iteration number: "
[1] 39
[1] "iteration number: "
[1] 40
[1] "iteration number: "
[1] 41
[1] "Best fitness updated to:"
[1] -49.9652
[1] "Best solution:"
 [1] 0 0 0 0 0 1 0 1 1 0 0 0 0 0 0 0 0 1 1 0 0 0 0 0 0 0 1 0 1 0 0 0 0 1 0 0 0 0
[39] 0 0 0 0 1 0 0 1 0 0 0 0 0 1
[1] 11
[1] "iteration number: "
[1] 42
[1] "iteration number: "
[1] 43
[1] "iteration number: "
[1] 44
[1] "iteration number: "
[1] 45
[1] "iteration number: "
[1] 46
[1] "iteration number: "
[1] 47
[1] "iteration number: "
[1] 48
[1] "iteration number: "
[1] 49
[1] "iteration number: "
[1] 50
[1] "iteration number: "
[1] 51
[1] "iteration number: "
[1] 52
[1] "RE-INITIALIZING..."
[1] 1
[1] 5
[1] 35
 [1] 4 2 2 2 2 4 3 3 2 3 1 2 1 2 1 2 3 1 4 2
[1] "iteration number: "
[1] 53
[1] "Best fitness updated to:"
[1] -50.77911
[1] "Best solution:"
 [1] 0 0 0 0 0 1 0 1 1 0 0 0 0 0 0 0 0 1 1 1 1 0 1 0 0 0 0 1 1 0 0 0 0 1 0 0 0 0
[39] 0 0 0 0 1 0 0 1 0 0 0 0 0 0
[1] 13
[1] "iteration number: "
[1] 54
[1] "iteration number: "
[1] 55
[1] "iteration number: "
[1] 56
[1] "iteration number: "
[1] 57
[1] "iteration number: "
[1] 58
[1] "iteration number: "
[1] 59
[1] "iteration number: "
[1] 60
[1] "iteration number: "
[1] 61
[1] "iteration number: "
[1] 62
[1] "iteration number: "
[1] 63
[1] "iteration number: "
[1] 64
[1] "RE-INITIALIZING..."
[1] 1
[1] 5
[1] 34
 [1] 3 3 1 2 2 2 2 3 2 1 2 3 2 2 2 1 2 2 1 2
[1] "iteration number: "
[1] 65
[1] "iteration number: "
[1] 66
[1] "iteration number: "
[1] 67
[1] "Best fitness updated to:"
[1] -51.07457
[1] "Best solution:"
 [1] 0 0 0 0 0 1 0 1 1 0 0 0 0 0 0 0 0 0 1 1 0 0 1 0 0 0 0 0 1 0 0 0 1 1 1 0 0 0
[39] 0 0 0 0 1 0 0 1 0 0 0 0 0 1
[1] 13
[1] "iteration number: "
[1] 68
[1] "iteration number: "
[1] 69
[1] "iteration number: "
[1] 70
[1] "iteration number: "
[1] 71
[1] "iteration number: "
[1] 72
[1] "iteration number: "
[1] 73
[1] "iteration number: "
[1] 74
[1] "iteration number: "
[1] 75
[1] "iteration number: "
[1] 76
[1] "iteration number: "
[1] 77
[1] "iteration number: "
[1] 78
[1] "RE-INITIALIZING..."
[1] 1
[1] 5
[1] 25
 [1] 4 2 2 2 2 4 3 3 2 3 1 2 1 2 1 2 3 1 4 2
[1] "iteration number: "
[1] 79
[1] "iteration number: "
[1] 80
[1] "iteration number: "
[1] 81
[1] "iteration number: "
[1] 82
[1] "iteration number: "
[1] 83
[1] "iteration number: "
[1] 84
[1] "iteration number: "
[1] 85
[1] "iteration number: "
[1] 86
[1] "iteration number: "
[1] 87
[1] "iteration number: "
[1] 88
[1] "iteration number: "
[1] 89
[1] "RE-INITIALIZING..."
[1] 2
[1] 5
[1] 25
 [1] 3 3 1 2 2 2 2 3 2 1 2 3 2 2 2 1 2 2 1 2
[1] "iteration number: "
[1] 90
[1] "iteration number: "
[1] 91
[1] "iteration number: "
[1] 92
[1] "iteration number: "
[1] 93
[1] "iteration number: "
[1] 94
[1] "iteration number: "
[1] 95
[1] "iteration number: "
[1] 96
[1] "iteration number: "
[1] 97
[1] "iteration number: "
[1] 98
[1] "iteration number: "
[1] 99
[1] "iteration number: "
[1] 100
[1] "RE-INITIALIZING..."
[1] 3
[1] 5
[1] 22
 [1] 4 2 2 2 2 4 3 3 2 3 1 2 1 2 1 2 3 1 4 2
[1] "iteration number: "
[1] 101
[1] "iteration number: "
[1] 102
[1] "iteration number: "
[1] 103
[1] "iteration number: "
[1] 104
[1] "iteration number: "
[1] 105
[1] "iteration number: "
[1] 106
[1] "iteration number: "
[1] 107
[1] "iteration number: "
[1] 108
[1] "iteration number: "
[1] 109
[1] "iteration number: "
[1] 110
[1] "iteration number: "
[1] 111
[1] "RE-INITIALIZING..."
[1] 4
[1] 5
[1] 23
 [1] 3 3 1 2 2 2 2 3 2 1 2 3 2 2 2 1 2 2 1 2
[1] "iteration number: "
[1] 112
[1] "iteration number: "
[1] 113
[1] "iteration number: "
[1] 114
[1] "iteration number: "
[1] 115
[1] "iteration number: "
[1] 116
[1] "iteration number: "
[1] 117
[1] "iteration number: "
[1] 118
[1] "iteration number: "
[1] 119
[1] "iteration number: "
[1] 120
[1] "iteration number: "
[1] 121
[1] "iteration number: "
[1] 122
[1] "RE-INITIALIZING..."
[1] 5
[1] 5
[1] 22
 [1] 1 4 2 3 3 2 3 3 2 3 2 3 2 1 2 3 2 2 3 3
[1] "iteration number: "
[1] 123
[1] "iteration number: "
[1] 124
[1] "iteration number: "
[1] 125
[1] "iteration number: "
[1] 126
[1] "iteration number: "
[1] 127
[1] "iteration number: "
[1] 128
[1] "iteration number: "
[1] 129
[1] "iteration number: "
[1] 130
[1] "iteration number: "
[1] 131
[1] "iteration number: "
[1] 132
[1] "iteration number: "
[1] 133
[1] "RE-INITIALIZING..."
[1] 6
[1] 5
[1] 18
 [1] 1 4 2 3 3 2 3 3 2 3 2 3 2 1 2 3 2 2 3 3
[1] "iteration number: "
[1] 134
[1] "iteration number: "
[1] 135
[1] "iteration number: "
[1] 136
[1] "iteration number: "
[1] 137
[1] "iteration number: "
[1] 138
[1] "iteration number: "
[1] 139
[1] "iteration number: "
[1] 140
[1] "iteration number: "
[1] 141
[1] "iteration number: "
[1] 142
[1] "iteration number: "
[1] 143
[1] "iteration number: "
[1] 144
[1] "RE-INITIALIZING..."
[1] 7
[1] 5
[1] 15
[1] "No change for 7 iterations. Exiting PSO."
[1] 19 23 29 34 43 46 52
[1] 4
[1] "##################################"
[1] "Results summary for itr:4"
[1] "number of features selected using population mean"
[1] 7
[1] "number of features selected using current global best"
[1] 7
[1] "feat ind length"
[1] 7
[1] "best accuracy"
[1] 51.07457
[1] "test acc:1"
[1] "##################################"
[1] "learning sets: 5"
 [1] 36 15 27 25 32 26 28 30  9 16 37 23 19  4  5  2  3 35 10 21  8  1 29 13 34
[26] 12  7 31 20 38
[1] "Starting global iteration number : 5"
[1] "iteration number: "
[1] 1
[1] "Best fitness updated to:"
[1] -45.06148
[1] "Best solution:"
 [1] NA NA NA NA NA NA NA NA NA NA NA NA NA NA NA NA NA NA NA NA NA NA NA NA NA
[26] NA NA NA NA NA NA NA NA NA NA NA NA NA NA NA NA NA NA NA NA NA NA NA NA NA
[51] NA NA
[1] 0
[1] "iteration number: "
[1] 2
[1] "Best fitness updated to:"
[1] -51.65882
[1] "Best solution:"
 [1] 0 1 0 0 1 0 1 0 0 0 1 0 0 1 1 1 1 0 1 1 1 0 1 0 0 0 0 0 0 1 1 1 1 1 1 0 0 0
[39] 1 1 0 1 1 1 1 0 1 0 0 0 1 1
[1] 27
[1] "iteration number: "
[1] 3
[1] "Best fitness updated to:"
[1] -53.60608
[1] "Best solution:"
 [1] 0 0 0 0 1 0 0 0 1 0 0 0 0 0 0 0 0 0 1 0 0 1 1 0 0 1 1 0 0 0 1 0 0 0 0 0 0 0
[39] 0 0 0 1 1 0 1 1 0 0 0 0 1 0
[1] 13
[1] "iteration number: "
[1] 4
[1] "Best fitness updated to:"
[1] -53.90628
[1] "Best solution:"
 [1] 1 1 0 0 0 0 0 0 0 0 0 0 0 0 0 0 0 0 0 0 0 1 1 0 0 0 1 0 0 0 0 0 0 1 0 0 0 0
[39] 0 0 0 0 0 0 0 1 0 1 0 0 0 0
[1] 8
[1] "iteration number: "
[1] 5
[1] "iteration number: "
[1] 6
[1] "iteration number: "
[1] 7
[1] "iteration number: "
[1] 8
[1] "iteration number: "
[1] 9
[1] "iteration number: "
[1] 10
[1] "iteration number: "
[1] 11
[1] "iteration number: "
[1] 12
[1] "Best fitness updated to:"
[1] -54.17551
[1] "Best solution:"
 [1] 1 0 1 0 1 0 0 0 0 0 1 1 1 1 0 1 0 0 1 0 0 1 0 0 1 0 1 0 0 0 0 0 0 1 0 0 0 0
[39] 1 0 1 1 1 1 1 1 0 0 1 0 1 0
[1] 22
[1] "iteration number: "
[1] 13
[1] "iteration number: "
[1] 14
[1] "Best fitness updated to:"
[1] -54.31012
[1] "Best solution:"
 [1] 1 1 1 0 1 0 0 0 0 0 1 0 1 0 0 0 1 0 0 0 0 1 1 0 1 1 1 0 0 0 1 0 1 1 1 1 0 0
[39] 1 1 0 1 0 1 0 1 0 1 0 0 0 0
[1] 23
[1] "iteration number: "
[1] 15
[1] "Best fitness updated to:"
[1] -54.67144
[1] "Best solution:"
 [1] 0 0 1 0 1 0 0 0 0 0 1 0 0 0 0 0 1 0 1 0 0 1 0 0 0 1 1 0 1 0 1 0 1 0 0 0 0 0
[39] 0 1 0 1 0 0 0 1 0 1 0 0 0 1
[1] 16
[1] "iteration number: "
[1] 16
[1] "iteration number: "
[1] 17
[1] "Best fitness updated to:"
[1] -54.7045
[1] "Best solution:"
 [1] 0 0 1 0 1 0 0 0 0 0 1 0 0 0 0 0 1 0 1 0 0 1 0 0 0 1 1 0 1 0 1 0 1 0 0 0 0 0
[39] 1 1 0 1 0 1 0 1 0 1 0 0 0 1
[1] 18
[1] "iteration number: "
[1] 18
[1] "Best fitness updated to:"
[1] -55.12965
[1] "Best solution:"
 [1] 0 1 1 0 1 0 0 0 0 0 1 0 0 0 0 1 1 0 1 0 0 1 1 0 0 1 1 0 1 0 1 0 1 0 0 0 0 0
[39] 0 1 0 1 0 0 0 1 0 1 0 0 0 1
[1] 19
[1] "iteration number: "
[1] 19
[1] "Best fitness updated to:"
[1] -55.14888
[1] "Best solution:"
 [1] 0 1 1 0 1 0 0 0 0 0 1 0 0 0 0 1 1 0 1 0 0 1 0 0 1 1 1 0 1 0 1 0 1 0 0 0 0 0
[39] 1 1 0 1 0 0 0 1 0 1 0 0 0 1
[1] 20
[1] "iteration number: "
[1] 20
[1] "iteration number: "
[1] 21
[1] "iteration number: "
[1] 22
[1] "Best fitness updated to:"
[1] -55.33384
[1] "Best solution:"
 [1] 0 1 1 0 1 0 0 0 0 0 1 0 1 0 0 1 0 0 1 0 0 1 0 0 1 1 1 0 1 0 1 0 1 0 0 0 0 0
[39] 0 1 0 1 1 0 0 1 0 1 0 0 1 1
[1] 21
[1] "iteration number: "
[1] 23
[1] "iteration number: "
[1] 24
[1] "iteration number: "
[1] 25
[1] "iteration number: "
[1] 26
[1] "iteration number: "
[1] 27
[1] "iteration number: "
[1] 28
[1] "iteration number: "
[1] 29
[1] "iteration number: "
[1] 30
[1] "iteration number: "
[1] 31
[1] "Best fitness updated to:"
[1] -55.42663
[1] "Best solution:"
 [1] 1 1 1 1 0 0 0 0 0 0 0 0 0 0 0 0 0 0 1 0 0 1 0 0 0 1 0 1 1 0 1 0 1 0 1 1 0 0
[39] 1 1 1 1 0 1 0 1 0 1 0 1 0 1
[1] 22
[1] "iteration number: "
[1] 32
[1] "iteration number: "
[1] 33
[1] "iteration number: "
[1] 34
[1] "iteration number: "
[1] 35
[1] "Best fitness updated to:"
[1] -55.63832
[1] "Best solution:"
 [1] 1 1 1 0 1 0 0 0 0 0 0 0 0 0 1 1 0 0 1 0 0 1 0 0 1 1 0 0 0 0 1 0 1 0 0 1 0 0
[39] 0 0 0 1 0 0 0 1 0 0 0 0 0 1
[1] 16
[1] "iteration number: "
[1] 36
[1] "iteration number: "
[1] 37
[1] "Best fitness updated to:"
[1] -56.13832
[1] "Best solution:"
 [1] 0 0 1 0 1 0 0 0 0 0 0 0 0 0 1 0 1 0 1 0 0 1 1 0 1 1 1 0 0 0 0 0 0 0 0 1 0 0
[39] 0 1 0 1 0 0 1 1 0 0 0 0 0 1
[1] 16
[1] "iteration number: "
[1] 38
[1] "iteration number: "
[1] 39
[1] "iteration number: "
[1] 40
[1] "iteration number: "
[1] 41
[1] "iteration number: "
[1] 42
[1] "iteration number: "
[1] 43
[1] "iteration number: "
[1] 44
[1] "iteration number: "
[1] 45
[1] "iteration number: "
[1] 46
[1] "iteration number: "
[1] 47
[1] "iteration number: "
[1] 48
[1] "RE-INITIALIZING..."
[1] 1
[1] 5
[1] 37
 [1] 1 4 2 3 3 2 3 3 2 3 2 3 2 1 2 3 2 2 3 3
[1] "iteration number: "
[1] 49
[1] "iteration number: "
[1] 50
[1] "iteration number: "
[1] 51
[1] "iteration number: "
[1] 52
[1] "iteration number: "
[1] 53
[1] "iteration number: "
[1] 54
[1] "iteration number: "
[1] 55
[1] "iteration number: "
[1] 56
[1] "iteration number: "
[1] 57
[1] "iteration number: "
[1] 58
[1] "iteration number: "
[1] 59
[1] "RE-INITIALIZING..."
[1] 2
[1] 5
[1] 37
 [1] 1 4 2 3 3 2 3 3 2 3 2 3 2 1 2 3 2 2 3 3
[1] "iteration number: "
[1] 60
[1] "Best fitness updated to:"
[1] -56.17678
[1] "Best solution:"
 [1] 0 0 1 0 1 0 0 0 0 0 0 0 0 0 1 0 1 0 1 0 0 1 1 0 1 1 1 0 0 0 0 0 0 0 0 1 0 0
[39] 0 1 0 1 0 0 1 1 0 0 0 0 0 1
[1] 16
[1] "iteration number: "
[1] 61
[1] "iteration number: "
[1] 62
[1] "Best fitness updated to:"
[1] -56.25355
[1] "Best solution:"
 [1] 0 0 1 0 1 0 0 0 0 0 0 0 0 0 1 0 0 0 1 0 0 1 1 0 0 0 1 0 0 0 0 0 0 0 0 1 0 0
[39] 0 1 0 1 0 0 1 1 0 0 0 0 0 1
[1] 13
[1] "iteration number: "
[1] 63
[1] "iteration number: "
[1] 64
[1] "iteration number: "
[1] 65
[1] "iteration number: "
[1] 66
[1] "iteration number: "
[1] 67
[1] "iteration number: "
[1] 68
[1] "iteration number: "
[1] 69
[1] "iteration number: "
[1] 70
[1] "iteration number: "
[1] 71
[1] "iteration number: "
[1] 72
[1] "iteration number: "
[1] 73
[1] "Best fitness updated to:"
[1] -56.27278
[1] "Best solution:"
 [1] 0 0 1 0 1 0 0 0 0 0 0 0 0 0 1 0 0 0 1 0 0 1 1 0 1 0 1 0 0 0 0 0 0 0 0 1 0 0
[39] 0 1 0 1 0 0 1 1 0 0 0 0 1 1
[1] 15
[1] "iteration number: "
[1] 74
[1] "iteration number: "
[1] 75
[1] "iteration number: "
[1] 76
[1] "iteration number: "
[1] 77
[1] "iteration number: "
[1] 78
[1] "iteration number: "
[1] 79
[1] "iteration number: "
[1] 80
[1] "iteration number: "
[1] 81
[1] "iteration number: "
[1] 82
[1] "iteration number: "
[1] 83
[1] "iteration number: "
[1] 84
[1] "RE-INITIALIZING..."
[1] 1
[1] 5
[1] 29
 [1] 4 2 2 2 2 4 3 3 2 3 1 2 1 2 1 2 3 1 4 2
[1] "iteration number: "
[1] 85
[1] "iteration number: "
[1] 86
[1] "iteration number: "
[1] 87
[1] "iteration number: "
[1] 88
[1] "iteration number: "
[1] 89
[1] "iteration number: "
[1] 90
[1] "iteration number: "
[1] 91
[1] "iteration number: "
[1] 92
[1] "Best fitness updated to:"
[1] -56.63371
[1] "Best solution:"
 [1] 1 1 0 0 1 0 0 0 0 0 0 0 0 0 0 0 0 0 1 0 0 1 1 0 0 0 1 0 0 0 0 0 0 0 0 1 0 0
[39] 0 0 0 1 0 0 0 1 0 1 0 0 0 0
[1] 11
[1] "iteration number: "
[1] 93
[1] "iteration number: "
[1] 94
[1] "iteration number: "
[1] 95
[1] "iteration number: "
[1] 96
[1] "iteration number: "
[1] 97
[1] "iteration number: "
[1] 98
[1] "Best fitness updated to:"
[1] -57.44602
[1] "Best solution:"
 [1] 0 1 1 0 0 0 0 0 0 0 0 0 0 0 0 1 0 0 1 0 0 1 1 0 1 1 1 0 0 0 0 0 1 0 0 0 0 0
[39] 0 1 0 1 0 0 0 1 0 1 0 0 0 0
[1] 14
[1] "iteration number: "
[1] 99
[1] "iteration number: "
[1] 100
[1] "iteration number: "
[1] 101
[1] "iteration number: "
[1] 102
[1] "iteration number: "
[1] 103
[1] "iteration number: "
[1] 104
[1] "iteration number: "
[1] 105
[1] "iteration number: "
[1] 106
[1] "iteration number: "
[1] 107
[1] "iteration number: "
[1] 108
[1] "iteration number: "
[1] 109
[1] "RE-INITIALIZING..."
[1] 1
[1] 5
[1] 28
 [1] 4 2 2 2 2 4 3 3 2 3 1 2 1 2 1 2 3 1 4 2
[1] "iteration number: "
[1] 110
[1] "iteration number: "
[1] 111
[1] "Best fitness updated to:"
[1] -58.99499
[1] "Best solution:"
 [1] 0 1 1 0 1 0 0 0 0 0 0 0 0 0 1 0 0 0 1 0 0 1 0 0 0 1 1 0 0 0 0 0 0 0 0 0 0 0
[39] 0 1 0 1 0 0 0 1 0 1 0 0 0 0
[1] 12
[1] "iteration number: "
[1] 112
[1] "iteration number: "
[1] 113
[1] "iteration number: "
[1] 114
[1] "iteration number: "
[1] 115
[1] "iteration number: "
[1] 116
[1] "iteration number: "
[1] 117
[1] "iteration number: "
[1] 118
[1] "iteration number: "
[1] 119
[1] "iteration number: "
[1] 120
[1] "iteration number: "
[1] 121
[1] "iteration number: "
[1] 122
[1] "RE-INITIALIZING..."
[1] 1
[1] 5
[1] 26
 [1] 2 1 4 1 3 1 1 3 2 4 3 2 2 3 1 2 1 1 3 2
[1] "iteration number: "
[1] 123
[1] "iteration number: "
[1] 124
[1] "iteration number: "
[1] 125
[1] "iteration number: "
[1] 126
[1] "iteration number: "
[1] 127
[1] "iteration number: "
[1] 128
[1] "iteration number: "
[1] 129
[1] "iteration number: "
[1] 130
[1] "iteration number: "
[1] 131
[1] "iteration number: "
[1] 132
[1] "iteration number: "
[1] 133
[1] "RE-INITIALIZING..."
[1] 2
[1] 5
[1] 23
 [1] 3 3 1 2 2 2 2 3 2 1 2 3 2 2 2 1 2 2 1 2
[1] "iteration number: "
[1] 134
[1] "Best fitness updated to:"
[1] -59.13712
[1] "Best solution:"
 [1] 1 1 1 0 1 0 0 0 0 0 0 0 0 0 1 0 0 0 1 0 0 1 0 0 0 1 1 0 0 0 0 0 0 0 0 0 0 0
[39] 0 1 0 1 0 0 0 1 0 1 0 0 0 0
[1] 13
[1] "iteration number: "
[1] 135
[1] "iteration number: "
[1] 136
[1] "iteration number: "
[1] 137
[1] "iteration number: "
[1] 138
[1] "iteration number: "
[1] 139
[1] "iteration number: "
[1] 140
[1] "iteration number: "
[1] 141
[1] "iteration number: "
[1] 142
[1] "iteration number: "
[1] 143
[1] "iteration number: "
[1] 144
[1] "iteration number: "
[1] 145
[1] "RE-INITIALIZING..."
[1] 1
[1] 5
[1] 21
 [1] 4 2 2 2 2 4 3 3 2 3 1 2 1 2 1 2 3 1 4 2
[1] "iteration number: "
[1] 146
[1] "Best fitness updated to:"
[1] -61.36772
[1] "Best solution:"
 [1] 0 1 1 0 0 0 1 0 0 0 0 0 0 0 1 0 0 0 0 0 0 1 1 0 0 1 0 0 0 0 0 0 0 0 0 0 0 0
[39] 0 1 0 1 0 0 0 1 0 1 0 0 0 0
[1] 11
[1] "iteration number: "
[1] 147
[1] "iteration number: "
[1] 148
[1] "iteration number: "
[1] 149
[1] "iteration number: "
[1] 150
[1] "iteration number: "
[1] 151
[1] "iteration number: "
[1] 152
[1] "iteration number: "
[1] 153
[1] "iteration number: "
[1] 154
[1] "iteration number: "
[1] 155
[1] "iteration number: "
[1] 156
[1] "iteration number: "
[1] 157
[1] "RE-INITIALIZING..."
[1] 1
[1] 5
[1] 20
 [1] 3 3 1 2 2 2 2 3 2 1 2 3 2 2 2 1 2 2 1 2
[1] "iteration number: "
[1] 158
[1] "iteration number: "
[1] 159
[1] "iteration number: "
[1] 160
[1] "iteration number: "
[1] 161
[1] "iteration number: "
[1] 162
[1] "iteration number: "
[1] 163
[1] "iteration number: "
[1] 164
[1] "iteration number: "
[1] 165
[1] "iteration number: "
[1] 166
[1] "iteration number: "
[1] 167
[1] "iteration number: "
[1] 168
[1] "RE-INITIALIZING..."
[1] 2
[1] 5
[1] 18
 [1] 1 4 2 3 3 2 3 3 2 3 2 3 2 1 2 3 2 2 3 3
[1] "iteration number: "
[1] 169
[1] "iteration number: "
[1] 170
[1] "iteration number: "
[1] 171
[1] "iteration number: "
[1] 172
[1] "iteration number: "
[1] 173
[1] "iteration number: "
[1] 174
[1] "iteration number: "
[1] 175
[1] "iteration number: "
[1] 176
[1] "iteration number: "
[1] 177
[1] "iteration number: "
[1] 178
[1] "iteration number: "
[1] 179
[1] "RE-INITIALIZING..."
[1] 3
[1] 5
[1] 17
 [1] 1 4 2 3 3 2 3 3 2 3 2 3 2 1 2 3 2 2 3 3
[1] "iteration number: "
[1] 180
[1] "iteration number: "
[1] 181
[1] "iteration number: "
[1] 182
[1] "iteration number: "
[1] 183
[1] "iteration number: "
[1] 184
[1] "iteration number: "
[1] 185
[1] "iteration number: "
[1] 186
[1] "iteration number: "
[1] 187
[1] "iteration number: "
[1] 188
[1] "iteration number: "
[1] 189
[1] "iteration number: "
[1] 190
[1] "RE-INITIALIZING..."
[1] 4
[1] 5
[1] 17
 [1] 4 2 2 2 2 4 3 3 2 3 1 2 1 2 1 2 3 1 4 2
[1] "iteration number: "
[1] 191
[1] "iteration number: "
[1] 192
[1] "iteration number: "
[1] 193
[1] "iteration number: "
[1] 194
[1] "iteration number: "
[1] 195
[1] "iteration number: "
[1] 196
[1] "iteration number: "
[1] 197
[1] "iteration number: "
[1] 198
[1] "iteration number: "
[1] 199
[1] "iteration number: "
[1] 200
[1] "iteration number: "
[1] 201
[1] "RE-INITIALIZING..."
[1] 5
[1] 5
[1] 19
 [1] 3 3 1 2 2 2 2 3 2 1 2 3 2 2 2 1 2 2 1 2
[1] "iteration number: "
[1] 202
[1] "iteration number: "
[1] 203
[1] "iteration number: "
[1] 204
[1] "iteration number: "
[1] 205
[1] "iteration number: "
[1] 206
[1] "iteration number: "
[1] 207
[1] "iteration number: "
[1] 208
[1] "iteration number: "
[1] 209
[1] "iteration number: "
[1] 210
[1] "iteration number: "
[1] 211
[1] "iteration number: "
[1] 212
[1] "RE-INITIALIZING..."
[1] 6
[1] 5
[1] 18
 [1] 1 4 2 3 3 2 3 3 2 3 2 3 2 1 2 3 2 2 3 3
[1] "iteration number: "
[1] 213
[1] "iteration number: "
[1] 214
[1] "iteration number: "
[1] 215
[1] "iteration number: "
[1] 216
[1] "iteration number: "
[1] 217
[1] "iteration number: "
[1] 218
[1] "iteration number: "
[1] 219
[1] "iteration number: "
[1] 220
[1] "iteration number: "
[1] 221
[1] "iteration number: "
[1] 222
[1] "iteration number: "
[1] 223
[1] "RE-INITIALIZING..."
[1] 7
[1] 5
[1] 17
[1] "No change for 7 iterations. Exiting PSO."
 [1]  2  3  7 15 22 23 26 40 42 46 48
[1] 5
[1] "##################################"
[1] "Results summary for itr:5"
[1] "number of features selected using population mean"
[1] 11
[1] "number of features selected using current global best"
[1] 11
[1] "feat ind length"
[1] 11
[1] "best accuracy"
[1] 61.36772
[1] "test acc:1"
[1] "##################################"
[1] "learning sets: 6"
 [1] 20 16 32  3 36 10 13  4 21 18 33 38 28 15 27  6  2 14 26  9 17 30 34 37 35
[26] 31 25  7 24  8
[1] "Starting global iteration number : 6"
[1] "iteration number: "
[1] 1
[1] "Best fitness updated to:"
[1] -26.19389
[1] "Best solution:"
 [1] NA NA NA NA NA NA NA NA NA NA NA NA NA NA NA NA NA NA NA NA NA NA NA NA NA
[26] NA NA NA NA NA NA NA NA NA NA NA NA NA NA NA NA NA NA NA NA NA NA NA NA NA
[51] NA NA
[1] 0
[1] "iteration number: "
[1] 2
[1] "Best fitness updated to:"
[1] -46.51568
[1] "Best solution:"
 [1] 0 1 0 0 1 0 1 0 0 0 1 0 0 1 1 1 1 0 1 1 1 0 1 0 0 0 0 0 0 1 1 1 1 1 1 0 0 0
[39] 1 1 0 1 1 1 1 0 1 0 0 0 1 1
[1] 27
[1] "iteration number: "
[1] 3
[1] "iteration number: "
[1] 4
[1] "Best fitness updated to:"
[1] -47.56573
[1] "Best solution:"
 [1] 0 0 0 0 1 0 0 1 0 0 0 0 0 0 1 1 0 0 0 1 0 1 0 0 0 1 1 1 1 1 1 1 0 0 0 1 1 1
[39] 0 0 1 1 1 0 0 0 1 0 0 1 1 1
[1] 23
[1] "iteration number: "
[1] 5
[1] "iteration number: "
[1] 6
[1] "iteration number: "
[1] 7
[1] "Best fitness updated to:"
[1] -48.22587
[1] "Best solution:"
 [1] 1 1 0 0 0 0 0 0 0 0 0 0 0 0 0 0 1 0 0 0 0 1 1 0 0 0 1 0 0 0 0 0 0 1 0 0 0 0
[39] 0 0 0 0 0 0 1 1 1 1 0 0 0 1
[1] 12
[1] "iteration number: "
[1] 8
[1] "iteration number: "
[1] 9
[1] "iteration number: "
[1] 10
[1] "iteration number: "
[1] 11
[1] "iteration number: "
[1] 12
[1] "iteration number: "
[1] 13
[1] "iteration number: "
[1] 14
[1] "Best fitness updated to:"
[1] -48.79284
[1] "Best solution:"
 [1] 1 1 0 0 0 0 0 0 0 0 0 0 0 0 0 0 1 0 0 0 0 1 1 0 0 0 0 0 0 0 0 0 0 1 0 0 0 0
[39] 0 0 0 0 0 0 1 1 0 1 0 0 0 1
[1] 10
[1] "iteration number: "
[1] 15
[1] "iteration number: "
[1] 16
[1] "iteration number: "
[1] 17
[1] "iteration number: "
[1] 18
[1] "iteration number: "
[1] 19
[1] "Best fitness updated to:"
[1] -50.55314
[1] "Best solution:"
 [1] 1 1 0 1 1 0 0 0 0 0 0 0 0 0 0 0 0 0 0 0 0 1 1 0 0 0 0 0 0 0 0 0 0 0 1 0 0 1
[39] 1 0 0 0 0 0 1 1 1 1 0 0 0 1
[1] 14
[1] "iteration number: "
[1] 20
[1] "iteration number: "
[1] 21
[1] "iteration number: "
[1] 22
[1] "iteration number: "
[1] 23
[1] "iteration number: "
[1] 24
[1] "Best fitness updated to:"
[1] -52.42613
[1] "Best solution:"
 [1] 1 1 0 0 0 0 0 0 0 0 0 0 0 0 0 0 0 0 0 0 0 1 1 0 0 0 0 0 0 0 1 0 0 0 0 0 0 1
[39] 0 0 0 0 0 0 0 1 1 1 0 0 0 1
[1] 10
[1] "iteration number: "
[1] 25
[1] "iteration number: "
[1] 26
[1] "iteration number: "
[1] 27
[1] "iteration number: "
[1] 28
[1] "iteration number: "
[1] 29
[1] "iteration number: "
[1] 30
[1] "iteration number: "
[1] 31
[1] "iteration number: "
[1] 32
[1] "iteration number: "
[1] 33
[1] "iteration number: "
[1] 34
[1] "iteration number: "
[1] 35
[1] "RE-INITIALIZING..."
[1] 1
[1] 5
[1] 46
 [1] 1 4 2 3 3 2 3 3 2 3 2 3 2 1 2 3 2 2 3 3
[1] "iteration number: "
[1] 36
[1] "iteration number: "
[1] 37
[1] "iteration number: "
[1] 38
[1] "iteration number: "
[1] 39
[1] "iteration number: "
[1] 40
[1] "iteration number: "
[1] 41
[1] "iteration number: "
[1] 42
[1] "iteration number: "
[1] 43
[1] "iteration number: "
[1] 44
[1] "iteration number: "
[1] 45
[1] "iteration number: "
[1] 46
[1] "RE-INITIALIZING..."
[1] 2
[1] 5
[1] 41
 [1] 1 4 2 3 3 2 3 3 2 3 2 3 2 1 2 3 2 2 3 3
[1] "iteration number: "
[1] 47
[1] "iteration number: "
[1] 48
[1] "iteration number: "
[1] 49
[1] "Best fitness updated to:"
[1] -52.93613
[1] "Best solution:"
 [1] 1 1 0 0 0 0 0 0 0 0 0 0 0 0 0 0 0 0 0 0 0 1 1 0 0 0 0 0 0 0 1 0 0 0 0 0 0 1
[39] 0 0 0 0 0 0 0 1 1 1 0 0 0 1
[1] 10
[1] "iteration number: "
[1] 50
[1] "iteration number: "
[1] 51
[1] "iteration number: "
[1] 52
[1] "iteration number: "
[1] 53
[1] "iteration number: "
[1] 54
[1] "iteration number: "
[1] 55
[1] "iteration number: "
[1] 56
[1] "iteration number: "
[1] 57
[1] "iteration number: "
[1] 58
[1] "iteration number: "
[1] 59
[1] "iteration number: "
[1] 60
[1] "RE-INITIALIZING..."
[1] 1
[1] 5
[1] 35
 [1] 4 2 2 2 2 4 3 3 2 3 1 2 1 2 1 2 3 1 4 2
[1] "iteration number: "
[1] 61
[1] "iteration number: "
[1] 62
[1] "iteration number: "
[1] 63
[1] "iteration number: "
[1] 64
[1] "iteration number: "
[1] 65
[1] "iteration number: "
[1] 66
[1] "iteration number: "
[1] 67
[1] "iteration number: "
[1] 68
[1] "iteration number: "
[1] 69
[1] "iteration number: "
[1] 70
[1] "iteration number: "
[1] 71
[1] "RE-INITIALIZING..."
[1] 2
[1] 5
[1] 21
 [1] 3 3 1 2 2 2 2 3 2 1 2 3 2 2 2 1 2 2 1 2
[1] "iteration number: "
[1] 72
[1] "iteration number: "
[1] 73
[1] "iteration number: "
[1] 74
[1] "iteration number: "
[1] 75
[1] "iteration number: "
[1] 76
[1] "iteration number: "
[1] 77
[1] "iteration number: "
[1] 78
[1] "iteration number: "
[1] 79
[1] "iteration number: "
[1] 80
[1] "iteration number: "
[1] 81
[1] "iteration number: "
[1] 82
[1] "RE-INITIALIZING..."
[1] 3
[1] 5
[1] 17
 [1] 1 4 2 3 3 2 3 3 2 3 2 3 2 1 2 3 2 2 3 3
[1] "iteration number: "
[1] 83
[1] "iteration number: "
[1] 84
[1] "iteration number: "
[1] 85
[1] "iteration number: "
[1] 86
[1] "iteration number: "
[1] 87
[1] "iteration number: "
[1] 88
[1] "iteration number: "
[1] 89
[1] "iteration number: "
[1] 90
[1] "iteration number: "
[1] 91
[1] "iteration number: "
[1] 92
[1] "iteration number: "
[1] 93
[1] "RE-INITIALIZING..."
[1] 4
[1] 5
[1] 16
 [1] 1 4 2 3 3 2 3 3 2 3 2 3 2 1 2 3 2 2 3 3
[1] "iteration number: "
[1] 94
[1] "iteration number: "
[1] 95
[1] "iteration number: "
[1] 96
[1] "iteration number: "
[1] 97
[1] "iteration number: "
[1] 98
[1] "iteration number: "
[1] 99
[1] "iteration number: "
[1] 100
[1] "iteration number: "
[1] 101
[1] "iteration number: "
[1] 102
[1] "iteration number: "
[1] 103
[1] "iteration number: "
[1] 104
[1] "RE-INITIALIZING..."
[1] 5
[1] 5
[1] 16
 [1] 1 4 2 3 3 2 3 3 2 3 2 3 2 1 2 3 2 2 3 3
[1] "iteration number: "
[1] 105
[1] "iteration number: "
[1] 106
[1] "iteration number: "
[1] 107
[1] "iteration number: "
[1] 108
[1] "iteration number: "
[1] 109
[1] "iteration number: "
[1] 110
[1] "iteration number: "
[1] 111
[1] "iteration number: "
[1] 112
[1] "iteration number: "
[1] 113
[1] "iteration number: "
[1] 114
[1] "iteration number: "
[1] 115
[1] "RE-INITIALIZING..."
[1] 6
[1] 5
[1] 16
[1] "No change for 6 iterations. Exiting PSO."
 [1]  1  2  4 22 23 31 38 46 47 48 52
[1] 6
[1] "##################################"
[1] "Results summary for itr:6"
[1] "number of features selected using population mean"
[1] 11
[1] "number of features selected using current global best"
[1] 11
[1] "feat ind length"
[1] 11
[1] "best accuracy"
[1] 52.93613
[1] "test acc:1"
[1] "##################################"
[1] "learning sets: 7"
 [1] 21 33 36 15 10 38  5  8 27  2 17  9 20  4 32 35 29 24 13 26  3 28 12 31 25
[26] 14 11 18 19  6
[1] "Starting global iteration number : 7"
[1] "iteration number: "
[1] 1
[1] "Best fitness updated to:"
[1] -33.61037
[1] "Best solution:"
 [1] NA NA NA NA NA NA NA NA NA NA NA NA NA NA NA NA NA NA NA NA NA NA NA NA NA
[26] NA NA NA NA NA NA NA NA NA NA NA NA NA NA NA NA NA NA NA NA NA NA NA NA NA
[51] NA NA
[1] 0
[1] "iteration number: "
[1] 2
[1] "Best fitness updated to:"
[1] -40.1139
[1] "Best solution:"
 [1] 0 1 0 0 1 0 1 0 0 0 1 0 0 1 1 1 1 0 1 1 1 0 1 0 0 0 0 0 0 1 1 1 1 1 1 0 0 0
[39] 1 1 0 1 1 1 1 0 1 0 0 0 1 1
[1] 27
[1] "iteration number: "
[1] 3
[1] "iteration number: "
[1] 4
[1] "iteration number: "
[1] 5
[1] "Best fitness updated to:"
[1] -40.15236
[1] "Best solution:"
 [1] 0 0 0 0 0 1 0 1 0 0 0 1 0 0 0 0 1 1 1 1 0 0 1 0 0 0 1 0 1 0 0 1 0 0 0 0 0 0
[39] 0 0 1 0 0 0 1 0 1 0 1 1 1 0
[1] 17
[1] "iteration number: "
[1] 6
[1] "Best fitness updated to:"
[1] -40.34212
[1] "Best solution:"
 [1] 1 1 0 1 0 0 0 1 0 0 0 1 0 1 1 1 1 0 1 0 0 0 0 0 1 1 1 1 1 1 1 0 1 0 0 1 0 0
[39] 0 1 0 1 1 0 1 1 1 1 0 0 0 1
[1] 27
[1] "iteration number: "
[1] 7
[1] "iteration number: "
[1] 8
[1] "iteration number: "
[1] 9
[1] "iteration number: "
[1] 10
[1] "iteration number: "
[1] 11
[1] "iteration number: "
[1] 12
[1] "iteration number: "
[1] 13
[1] "iteration number: "
[1] 14
[1] "iteration number: "
[1] 15
[1] "Best fitness updated to:"
[1] -40.55302
[1] "Best solution:"
 [1] 0 0 0 1 1 0 0 0 0 0 1 0 0 0 0 1 1 0 1 0 1 0 0 1 0 0 0 0 0 0 1 0 1 0 0 0 0 0
[39] 1 1 0 0 0 0 1 1 1 0 1 0 0 1
[1] 17
[1] "iteration number: "
[1] 16
[1] "Best fitness updated to:"
[1] -40.62995
[1] "Best solution:"
 [1] 1 1 0 1 1 0 0 0 0 0 1 1 0 0 1 1 1 0 1 0 0 0 0 1 0 1 0 0 0 0 1 1 1 0 0 1 0 0
[39] 1 1 1 0 1 0 1 1 1 1 1 0 0 1
[1] 26
[1] "iteration number: "
[1] 17
[1] "Best fitness updated to:"
[1] -41.98104
[1] "Best solution:"
 [1] 0 1 0 1 1 0 0 0 0 0 1 0 0 0 0 1 0 0 1 0 1 0 1 1 1 0 0 0 0 0 0 0 1 0 0 0 0 0
[39] 1 0 0 0 0 0 1 1 1 1 1 0 0 0
[1] 17
[1] "iteration number: "
[1] 18
[1] "iteration number: "
[1] 19
[1] "iteration number: "
[1] 20
[1] "iteration number: "
[1] 21
[1] "iteration number: "
[1] 22
[1] "iteration number: "
[1] 23
[1] "iteration number: "
[1] 24
[1] "iteration number: "
[1] 25
[1] "iteration number: "
[1] 26
[1] "iteration number: "
[1] 27
[1] "iteration number: "
[1] 28
[1] "RE-INITIALIZING..."
[1] 1
[1] 5
[1] 46
 [1] 1 4 2 3 3 2 3 3 2 3 2 3 2 1 2 3 2 2 3 3
[1] "iteration number: "
[1] 29
[1] "iteration number: "
[1] 30
[1] "iteration number: "
[1] 31
[1] "iteration number: "
[1] 32
[1] "iteration number: "
[1] 33
[1] "iteration number: "
[1] 34
[1] "Best fitness updated to:"
[1] -42.03873
[1] "Best solution:"
 [1] 0 0 0 0 0 0 0 0 0 0 0 0 0 0 0 0 1 0 0 0 0 0 0 0 0 1 1 0 0 0 0 0 0 0 0 0 1 0
[39] 0 0 0 0 0 0 0 0 1 0 1 0 0 0
[1] 6
[1] "iteration number: "
[1] 35
[1] "iteration number: "
[1] 36
[1] "iteration number: "
[1] 37
[1] "Best fitness updated to:"
[1] -43.39509
[1] "Best solution:"
 [1] 0 0 0 0 0 0 0 0 0 0 0 0 0 0 0 0 1 0 0 0 0 0 1 0 0 1 1 0 0 0 0 0 0 0 0 1 1 0
[39] 0 0 0 0 0 0 0 0 1 1 0 0 0 0
[1] 8
[1] "iteration number: "
[1] 38
[1] "iteration number: "
[1] 39
[1] "iteration number: "
[1] 40
[1] "iteration number: "
[1] 41
[1] "iteration number: "
[1] 42
[1] "iteration number: "
[1] 43
[1] "iteration number: "
[1] 44
[1] "iteration number: "
[1] 45
[1] "iteration number: "
[1] 46
[1] "iteration number: "
[1] 47
[1] "iteration number: "
[1] 48
[1] "RE-INITIALIZING..."
[1] 1
[1] 5
[1] 33
 [1] 1 4 2 3 3 2 3 3 2 3 2 3 2 1 2 3 2 2 3 3
[1] "iteration number: "
[1] 49
[1] "iteration number: "
[1] 50
[1] "iteration number: "
[1] 51
[1] "iteration number: "
[1] 52
[1] "iteration number: "
[1] 53
[1] "iteration number: "
[1] 54
[1] "iteration number: "
[1] 55
[1] "iteration number: "
[1] 56
[1] "iteration number: "
[1] 57
[1] "iteration number: "
[1] 58
[1] "iteration number: "
[1] 59
[1] "RE-INITIALIZING..."
[1] 2
[1] 5
[1] 36
 [1] 1 4 2 3 3 2 3 3 2 3 2 3 2 1 2 3 2 2 3 3
[1] "iteration number: "
[1] 60
[1] "iteration number: "
[1] 61
[1] "iteration number: "
[1] 62
[1] "iteration number: "
[1] 63
[1] "iteration number: "
[1] 64
[1] "iteration number: "
[1] 65
[1] "iteration number: "
[1] 66
[1] "iteration number: "
[1] 67
[1] "iteration number: "
[1] 68
[1] "iteration number: "
[1] 69
[1] "iteration number: "
[1] 70
[1] "RE-INITIALIZING..."
[1] 3
[1] 5
[1] 33
 [1] 4 2 2 2 2 4 3 3 2 3 1 2 1 2 1 2 3 1 4 2
[1] "iteration number: "
[1] 71
[1] "iteration number: "
[1] 72
[1] "iteration number: "
[1] 73
[1] "iteration number: "
[1] 74
[1] "iteration number: "
[1] 75
[1] "iteration number: "
[1] 76
[1] "iteration number: "
[1] 77
[1] "iteration number: "
[1] 78
[1] "iteration number: "
[1] 79
[1] "iteration number: "
[1] 80
[1] "iteration number: "
[1] 81
[1] "RE-INITIALIZING..."
[1] 4
[1] 5
[1] 31
 [1] 3 3 1 2 2 2 2 3 2 1 2 3 2 2 2 1 2 2 1 2
[1] "iteration number: "
[1] 82
[1] "iteration number: "
[1] 83
[1] "iteration number: "
[1] 84
[1] "iteration number: "
[1] 85
[1] "iteration number: "
[1] 86
[1] "iteration number: "
[1] 87
[1] "iteration number: "
[1] 88
[1] "iteration number: "
[1] 89
[1] "iteration number: "
[1] 90
[1] "iteration number: "
[1] 91
[1] "iteration number: "
[1] 92
[1] "RE-INITIALIZING..."
[1] 5
[1] 5
[1] 27
 [1] 1 4 2 3 3 2 3 3 2 3 2 3 2 1 2 3 2 2 3 3
[1] "iteration number: "
[1] 93
[1] "iteration number: "
[1] 94
[1] "iteration number: "
[1] 95
[1] "iteration number: "
[1] 96
[1] "iteration number: "
[1] 97
[1] "iteration number: "
[1] 98
[1] "iteration number: "
[1] 99
[1] "iteration number: "
[1] 100
[1] "iteration number: "
[1] 101
[1] "Best fitness updated to:"
[1] -43.41432
[1] "Best solution:"
 [1] 0 0 0 0 1 0 0 0 0 0 0 0 0 0 0 0 1 1 0 0 0 0 0 0 0 1 1 0 0 0 0 0 0 0 0 0 1 0
[39] 0 1 0 0 0 0 0 0 1 0 1 0 0 0
[1] 9
[1] "iteration number: "
[1] 102
[1] "iteration number: "
[1] 103
[1] "iteration number: "
[1] 104
[1] "iteration number: "
[1] 105
[1] "iteration number: "
[1] 106
[1] "iteration number: "
[1] 107
[1] "iteration number: "
[1] 108
[1] "iteration number: "
[1] 109
[1] "iteration number: "
[1] 110
[1] "iteration number: "
[1] 111
[1] "iteration number: "
[1] 112
[1] "RE-INITIALIZING..."
[1] 1
[1] 5
[1] 27
 [1] 1 4 2 3 3 2 3 3 2 3 2 3 2 1 2 3 2 2 3 3
[1] "iteration number: "
[1] 113
[1] "iteration number: "
[1] 114
[1] "iteration number: "
[1] 115
[1] "iteration number: "
[1] 116
[1] "iteration number: "
[1] 117
[1] "iteration number: "
[1] 118
[1] "iteration number: "
[1] 119
[1] "iteration number: "
[1] 120
[1] "iteration number: "
[1] 121
[1] "iteration number: "
[1] 122
[1] "iteration number: "
[1] 123
[1] "RE-INITIALIZING..."
[1] 2
[1] 5
[1] 25
 [1] 1 4 2 3 3 2 3 3 2 3 2 3 2 1 2 3 2 2 3 3
[1] "iteration number: "
[1] 124
[1] "iteration number: "
[1] 125
[1] "iteration number: "
[1] 126
[1] "iteration number: "
[1] 127
[1] "iteration number: "
[1] 128
[1] "iteration number: "
[1] 129
[1] "iteration number: "
[1] 130
[1] "iteration number: "
[1] 131
[1] "iteration number: "
[1] 132
[1] "iteration number: "
[1] 133
[1] "iteration number: "
[1] 134
[1] "RE-INITIALIZING..."
[1] 3
[1] 5
[1] 22
 [1] 1 4 2 3 3 2 3 3 2 3 2 3 2 1 2 3 2 2 3 3
[1] "iteration number: "
[1] 135
[1] "iteration number: "
[1] 136
[1] "iteration number: "
[1] 137
[1] "iteration number: "
[1] 138
[1] "iteration number: "
[1] 139
[1] "iteration number: "
[1] 140
[1] "iteration number: "
[1] 141
[1] "iteration number: "
[1] 142
[1] "iteration number: "
[1] 143
[1] "iteration number: "
[1] 144
[1] "iteration number: "
[1] 145
[1] "RE-INITIALIZING..."
[1] 4
[1] 5
[1] 22
 [1] 4 2 2 2 2 4 3 3 2 3 1 2 1 2 1 2 3 1 4 2
[1] "iteration number: "
[1] 146
[1] "iteration number: "
[1] 147
[1] "iteration number: "
[1] 148
[1] "iteration number: "
[1] 149
[1] "iteration number: "
[1] 150
[1] "iteration number: "
[1] 151
[1] "iteration number: "
[1] 152
[1] "iteration number: "
[1] 153
[1] "iteration number: "
[1] 154
[1] "iteration number: "
[1] 155
[1] "iteration number: "
[1] 156
[1] "RE-INITIALIZING..."
[1] 5
[1] 5
[1] 21
 [1] 3 3 1 2 2 2 2 3 2 1 2 3 2 2 2 1 2 2 1 2
[1] "iteration number: "
[1] 157
[1] "iteration number: "
[1] 158
[1] "iteration number: "
[1] 159
[1] "iteration number: "
[1] 160
[1] "iteration number: "
[1] 161
[1] "iteration number: "
[1] 162
[1] "iteration number: "
[1] 163
[1] "iteration number: "
[1] 164
[1] "iteration number: "
[1] 165
[1] "iteration number: "
[1] 166
[1] "iteration number: "
[1] 167
[1] "RE-INITIALIZING..."
[1] 6
[1] 5
[1] 21
[1] "No change for 6 iterations. Exiting PSO."
[1]  5 17 18 26 27 37 40 49
[1] 7
[1] "##################################"
[1] "Results summary for itr:7"
[1] "number of features selected using population mean"
[1] 8
[1] "number of features selected using current global best"
[1] 8
[1] "feat ind length"
[1] 8
[1] "best accuracy"
[1] 43.41432
[1] "test acc:1"
[1] "##################################"
[1] "learning sets: 8"
 [1] 38 31 14 18 26 10 13  4 12 22 15 34 24 37 25 35 28 33 20  8  6  2 23  1 29
[26] 11  3  9  5 27
[1] "Starting global iteration number : 8"
[1] "iteration number: "
[1] 1
[1] "Best fitness updated to:"
[1] -38.40378
[1] "Best solution:"
 [1] NA NA NA NA NA NA NA NA NA NA NA NA NA NA NA NA NA NA NA NA NA NA NA NA NA
[26] NA NA NA NA NA NA NA NA NA NA NA NA NA NA NA NA NA NA NA NA NA NA NA NA NA
[51] NA NA
[1] 0
[1] "iteration number: "
[1] 2
[1] "Best fitness updated to:"
[1] -42.54774
[1] "Best solution:"
 [1] 0 1 0 0 1 0 1 0 0 0 1 0 0 1 1 1 1 0 1 1 1 0 1 0 0 0 0 0 0 1 1 1 1 1 1 0 0 0
[39] 1 1 0 1 1 1 1 0 1 0 0 0 1 1
[1] 27
[1] "iteration number: "
[1] 3
[1] "iteration number: "
[1] 4
[1] "Best fitness updated to:"
[1] -43.29567
[1] "Best solution:"
 [1] 1 1 0 1 1 0 0 1 1 1 1 0 0 0 0 1 1 0 1 0 0 0 1 0 1 0 0 0 1 0 0 0 0 0 0 1 0 0
[39] 1 0 1 0 0 1 0 0 0 1 1 1 0 0
[1] 21
[1] "iteration number: "
[1] 5
[1] "Best fitness updated to:"
[1] -44.46874
[1] "Best solution:"
 [1] 1 1 0 0 0 0 0 0 0 0 0 0 0 0 1 0 0 0 0 0 0 0 1 0 0 0 1 0 0 0 0 0 0 1 0 0 0 0
[39] 0 0 0 0 0 0 0 1 0 1 0 0 0 1
[1] 9
[1] "iteration number: "
[1] 6
[1] "iteration number: "
[1] 7
[1] "iteration number: "
[1] 8
[1] "iteration number: "
[1] 9
[1] "Best fitness updated to:"
[1] -44.60336
[1] "Best solution:"
 [1] 1 1 0 0 0 1 0 1 0 0 0 0 0 0 0 1 0 0 1 0 0 0 1 0 0 0 1 1 1 0 0 0 0 1 0 1 0 0
[39] 0 1 0 1 1 0 1 1 0 1 0 0 0 1
[1] 19
[1] "iteration number: "
[1] 10
[1] "Best fitness updated to:"
[1] -44.62259
[1] "Best solution:"
 [1] 1 1 0 0 0 0 0 0 0 0 0 0 0 0 0 0 0 0 1 0 0 0 1 0 0 0 1 0 0 0 0 0 0 1 0 0 1 0
[39] 0 0 0 0 0 0 0 0 0 1 0 0 0 1
[1] 9
[1] "iteration number: "
[1] 11
[1] "iteration number: "
[1] 12
[1] "iteration number: "
[1] 13
[1] "iteration number: "
[1] 14
[1] "iteration number: "
[1] 15
[1] "iteration number: "
[1] 16
[1] "iteration number: "
[1] 17
[1] "iteration number: "
[1] 18
[1] "Best fitness updated to:"
[1] -45.62781
[1] "Best solution:"
 [1] 1 1 0 0 0 0 0 0 0 0 0 0 0 0 0 0 0 0 1 0 0 0 1 0 0 0 1 0 0 0 0 0 0 1 0 0 1 0
[39] 0 0 0 0 0 0 0 0 0 1 0 0 0 1
[1] 9
[1] "iteration number: "
[1] 19
[1] "iteration number: "
[1] 20
[1] "iteration number: "
[1] 21
[1] "iteration number: "
[1] 22
[1] "iteration number: "
[1] 23
[1] "iteration number: "
[1] 24
[1] "iteration number: "
[1] 25
[1] "iteration number: "
[1] 26
[1] "iteration number: "
[1] 27
[1] "Best fitness updated to:"
[1] -45.68378
[1] "Best solution:"
 [1] 1 1 0 0 1 0 0 0 0 0 0 0 0 0 0 0 0 1 1 0 0 0 1 0 0 0 0 0 0 0 0 0 0 1 0 0 1 1
[39] 0 0 1 0 0 0 0 0 0 1 0 0 0 1
[1] 12
[1] "iteration number: "
[1] 28
[1] "iteration number: "
[1] 29
[1] "Best fitness updated to:"
[1] -45.79916
[1] "Best solution:"
 [1] 1 1 0 0 0 0 0 1 1 1 0 0 0 0 0 0 0 0 1 0 0 0 1 0 0 0 1 1 0 0 0 0 0 0 0 1 1 1
[39] 1 1 0 1 0 1 0 0 0 1 0 1 0 1
[1] 19
[1] "iteration number: "
[1] 30
[1] "Best fitness updated to:"
[1] -45.83763
[1] "Best solution:"
 [1] 1 1 0 0 0 0 0 0 1 1 0 0 0 0 0 0 0 0 1 0 0 1 1 0 0 0 1 0 0 0 0 0 0 0 0 0 1 1
[39] 0 1 0 0 0 0 0 0 0 1 0 0 0 1
[1] 13
[1] "iteration number: "
[1] 31
[1] "iteration number: "
[1] 32
[1] "iteration number: "
[1] 33
[1] "iteration number: "
[1] 34
[1] "iteration number: "
[1] 35
[1] "iteration number: "
[1] 36
[1] "iteration number: "
[1] 37
[1] "Best fitness updated to:"
[1] -45.87609
[1] "Best solution:"
 [1] 1 1 0 0 0 0 0 0 1 1 0 0 0 0 0 0 0 0 0 0 0 1 0 0 0 0 1 0 0 0 0 0 0 0 0 0 1 1
[39] 0 0 0 0 0 0 0 1 0 1 0 0 0 1
[1] 11
[1] "iteration number: "
[1] 38
[1] "iteration number: "
[1] 39
[1] "iteration number: "
[1] 40
[1] "iteration number: "
[1] 41
[1] "iteration number: "
[1] 42
[1] "iteration number: "
[1] 43
[1] "iteration number: "
[1] 44
[1] "iteration number: "
[1] 45
[1] "iteration number: "
[1] 46
[1] "iteration number: "
[1] 47
[1] "iteration number: "
[1] 48
[1] "RE-INITIALIZING..."
[1] 1
[1] 5
[1] 29
 [1] 1 4 2 3 3 2 3 3 2 3 2 3 2 1 2 3 2 2 3 3
[1] "iteration number: "
[1] 49
[1] "iteration number: "
[1] 50
[1] "Best fitness updated to:"
[1] -45.89532
[1] "Best solution:"
 [1] 1 0 0 0 0 0 0 0 1 0 0 0 0 0 0 0 0 0 0 0 0 1 0 0 0 0 1 0 0 0 0 0 0 1 0 0 1 1
[39] 0 0 0 0 0 0 0 0 0 1 0 0 0 1
[1] 9
[1] "iteration number: "
[1] 51
[1] "iteration number: "
[1] 52
[1] "iteration number: "
[1] 53
[1] "iteration number: "
[1] 54
[1] "iteration number: "
[1] 55
[1] "iteration number: "
[1] 56
[1] "iteration number: "
[1] 57
[1] "iteration number: "
[1] 58
[1] "iteration number: "
[1] 59
[1] "iteration number: "
[1] 60
[1] "iteration number: "
[1] 61
[1] "RE-INITIALIZING..."
[1] 1
[1] 5
[1] 22
 [1] 4 2 2 2 2 4 3 3 2 3 1 2 1 2 1 2 3 1 4 2
[1] "iteration number: "
[1] 62
[1] "iteration number: "
[1] 63
[1] "iteration number: "
[1] 64
[1] "iteration number: "
[1] 65
[1] "iteration number: "
[1] 66
[1] "iteration number: "
[1] 67
[1] "iteration number: "
[1] 68
[1] "iteration number: "
[1] 69
[1] "Best fitness updated to:"
[1] -45.91455
[1] "Best solution:"
 [1] 1 0 0 0 0 0 0 0 1 0 0 0 0 0 0 0 0 0 0 0 0 1 0 0 0 0 0 0 0 0 0 0 0 1 0 0 1 1
[39] 0 0 0 0 0 0 0 0 0 1 0 0 0 1
[1] 8
[1] "iteration number: "
[1] 70
[1] "iteration number: "
[1] 71
[1] "iteration number: "
[1] 72
[1] "Best fitness updated to:"
[1] -47.57895
[1] "Best solution:"
 [1] 1 0 0 0 0 0 0 0 1 0 0 0 0 0 0 0 0 0 0 0 0 1 0 0 0 0 0 0 0 0 0 0 0 1 0 0 1 1
[39] 0 0 0 0 0 0 0 0 0 1 0 0 0 1
[1] 8
[1] "iteration number: "
[1] 73
[1] "iteration number: "
[1] 74
[1] "iteration number: "
[1] 75
[1] "iteration number: "
[1] 76
[1] "iteration number: "
[1] 77
[1] "iteration number: "
[1] 78
[1] "iteration number: "
[1] 79
[1] "iteration number: "
[1] 80
[1] "iteration number: "
[1] 81
[1] "iteration number: "
[1] 82
[1] "iteration number: "
[1] 83
[1] "RE-INITIALIZING..."
[1] 1
[1] 5
[1] 17
 [1] 1 4 2 3 3 2 3 3 2 3 2 3 2 1 2 3 2 2 3 3
[1] "iteration number: "
[1] 84
[1] "iteration number: "
[1] 85
[1] "iteration number: "
[1] 86
[1] "iteration number: "
[1] 87
[1] "iteration number: "
[1] 88
[1] "iteration number: "
[1] 89
[1] "iteration number: "
[1] 90
[1] "iteration number: "
[1] 91
[1] "iteration number: "
[1] 92
[1] "iteration number: "
[1] 93
[1] "iteration number: "
[1] 94
[1] "RE-INITIALIZING..."
[1] 2
[1] 5
[1] 17
 [1] 1 4 2 3 3 2 3 3 2 3 2 3 2 1 2 3 2 2 3 3
[1] "iteration number: "
[1] 95
[1] "iteration number: "
[1] 96
[1] "iteration number: "
[1] 97
[1] "iteration number: "
[1] 98
[1] "iteration number: "
[1] 99
[1] "iteration number: "
[1] 100
[1] "iteration number: "
[1] 101
[1] "iteration number: "
[1] 102
[1] "iteration number: "
[1] 103
[1] "iteration number: "
[1] 104
[1] "iteration number: "
[1] 105
[1] "RE-INITIALIZING..."
[1] 3
[1] 5
[1] 16
 [1] 4 2 2 2 2 4 3 3 2 3 1 2 1 2 1 2 3 1 4 2
[1] "iteration number: "
[1] 106
[1] "iteration number: "
[1] 107
[1] "iteration number: "
[1] 108
[1] "iteration number: "
[1] 109
[1] "iteration number: "
[1] 110
[1] "iteration number: "
[1] 111
[1] "iteration number: "
[1] 112
[1] "iteration number: "
[1] 113
[1] "iteration number: "
[1] 114
[1] "iteration number: "
[1] 115
[1] "iteration number: "
[1] 116
[1] "RE-INITIALIZING..."
[1] 4
[1] 5
[1] 20
 [1] 3 3 1 2 2 2 2 3 2 1 2 3 2 2 2 1 2 2 1 2
[1] "iteration number: "
[1] 117
[1] "iteration number: "
[1] 118
[1] "iteration number: "
[1] 119
[1] "iteration number: "
[1] 120
[1] "iteration number: "
[1] 121
[1] "iteration number: "
[1] 122
[1] "iteration number: "
[1] 123
[1] "iteration number: "
[1] 124
[1] "iteration number: "
[1] 125
[1] "iteration number: "
[1] 126
[1] "iteration number: "
[1] 127
[1] "RE-INITIALIZING..."
[1] 5
[1] 5
[1] 15
 [1] 1 4 2 3 3 2 3 3 2 3 2 3 2 1 2 3 2 2 3 3
[1] "iteration number: "
[1] 128
[1] "iteration number: "
[1] 129
[1] "iteration number: "
[1] 130
[1] "iteration number: "
[1] 131
[1] "iteration number: "
[1] 132
[1] "iteration number: "
[1] 133
[1] "iteration number: "
[1] 134
[1] "iteration number: "
[1] 135
[1] "iteration number: "
[1] 136
[1] "iteration number: "
[1] 137
[1] "iteration number: "
[1] 138
[1] "RE-INITIALIZING..."
[1] 6
[1] 5
[1] 12
[1] "No change for 6 iterations. Exiting PSO."
[1]  1  2  9 22 34 37 48
[1] 8
[1] "##################################"
[1] "Results summary for itr:8"
[1] "number of features selected using population mean"
[1] 7
[1] "number of features selected using current global best"
[1] 7
[1] "feat ind length"
[1] 7
[1] "best accuracy"
[1] 47.57895
[1] "test acc:1"
[1] "##################################"
[1] "learning sets: 9"
 [1] 37 14 28  3  6  8 18 10  4 23 19 12 38 20  9  2 22 13 21 34 29 15 35 16 31
[26] 11 25  7 24  1
[1] "Starting global iteration number : 9"
[1] "iteration number: "
[1] 1
[1] "Best fitness updated to:"
[1] -34.08355
[1] "Best solution:"
 [1] NA NA NA NA NA NA NA NA NA NA NA NA NA NA NA NA NA NA NA NA NA NA NA NA NA
[26] NA NA NA NA NA NA NA NA NA NA NA NA NA NA NA NA NA NA NA NA NA NA NA NA NA
[51] NA NA
[1] 0
[1] "iteration number: "
[1] 2
[1] "Best fitness updated to:"
[1] -40.58214
[1] "Best solution:"
 [1] 0 1 0 0 1 0 1 0 0 0 1 0 0 1 1 1 1 0 1 1 1 0 1 0 0 0 0 0 0 1 1 1 1 1 1 0 0 0
[39] 1 1 0 1 1 1 1 0 1 0 0 0 1 1
[1] 27
[1] "iteration number: "
[1] 3
[1] "Best fitness updated to:"
[1] -40.62077
[1] "Best solution:"
 [1] 0 0 1 0 1 1 0 1 1 0 1 0 0 0 0 1 1 1 0 0 0 1 0 0 1 1 0 0 0 0 0 0 0 0 0 0 1 0
[39] 0 0 1 1 0 1 1 0 0 1 1 1 0 1
[1] 21
[1] "iteration number: "
[1] 4
[1] "Best fitness updated to:"
[1] -40.64
[1] "Best solution:"
 [1] 0 0 0 1 1 0 0 0 1 0 0 0 0 1 0 0 0 0 1 0 0 1 1 1 0 0 0 0 1 0 0 1 0 0 0 0 1 1
[39] 0 1 0 0 0 1 0 0 1 1 1 0 0 1
[1] 18
[1] "iteration number: "
[1] 5
[1] "iteration number: "
[1] 6
[1] "Best fitness updated to:"
[1] -40.69753
[1] "Best solution:"
 [1] 1 1 0 1 1 0 0 1 0 0 0 1 0 1 1 1 1 0 1 0 0 0 0 0 1 1 1 1 1 1 1 0 1 0 0 1 0 0
[39] 0 1 0 1 1 0 1 1 1 1 0 0 0 1
[1] 28
[1] "iteration number: "
[1] 7
[1] "iteration number: "
[1] 8
[1] "Best fitness updated to:"
[1] -40.71676
[1] "Best solution:"
 [1] 0 0 0 0 1 0 0 1 0 0 0 0 0 0 0 1 0 0 1 0 0 0 1 1 0 1 0 1 0 0 0 0 0 0 1 0 1 1
[39] 0 0 0 1 0 1 0 0 0 0 1 1 0 1
[1] 16
[1] "iteration number: "
[1] 9
[1] "iteration number: "
[1] 10
[1] "Best fitness updated to:"
[1] -40.79368
[1] "Best solution:"
 [1] 1 1 0 0 0 0 0 0 0 0 0 0 0 0 0 1 0 0 0 0 0 0 1 0 0 1 1 0 0 0 0 0 0 0 0 0 0 0
[39] 0 0 0 0 1 0 1 1 0 1 0 0 0 1
[1] 11
[1] "iteration number: "
[1] 11
[1] "iteration number: "
[1] 12
[1] "iteration number: "
[1] 13
[1] "iteration number: "
[1] 14
[1] "iteration number: "
[1] 15
[1] "iteration number: "
[1] 16
[1] "iteration number: "
[1] 17
[1] "iteration number: "
[1] 18
[1] "iteration number: "
[1] 19
[1] "Best fitness updated to:"
[1] -40.81291
[1] "Best solution:"
 [1] 0 0 0 0 1 0 0 0 0 0 0 0 0 0 0 0 0 0 0 0 0 0 0 0 0 1 0 0 0 0 0 0 0 0 0 0 1 1
[39] 0 0 0 0 0 0 0 0 0 0 1 1 0 1
[1] 7
[1] "iteration number: "
[1] 20
[1] "iteration number: "
[1] 21
[1] "iteration number: "
[1] 22
[1] "iteration number: "
[1] 23
[1] "iteration number: "
[1] 24
[1] "iteration number: "
[1] 25
[1] "iteration number: "
[1] 26
[1] "iteration number: "
[1] 27
[1] "iteration number: "
[1] 28
[1] "iteration number: "
[1] 29
[1] "Best fitness updated to:"
[1] -40.83214
[1] "Best solution:"
 [1] 0 0 0 0 1 0 0 0 0 0 0 0 0 0 0 0 0 0 0 0 0 0 0 0 0 1 0 0 0 0 0 0 0 0 0 0 1 1
[39] 0 0 0 0 0 0 0 0 0 0 1 1 0 1
[1] 7
[1] "iteration number: "
[1] 30
[1] "iteration number: "
[1] 31
[1] "iteration number: "
[1] 32
[1] "iteration number: "
[1] 33
[1] "iteration number: "
[1] 34
[1] "iteration number: "
[1] 35
[1] "iteration number: "
[1] 36
[1] "iteration number: "
[1] 37
[1] "iteration number: "
[1] 38
[1] "iteration number: "
[1] 39
[1] "iteration number: "
[1] 40
[1] "RE-INITIALIZING..."
[1] 1
[1] 5
[1] 37
 [1] 4 2 2 2 2 4 3 3 2 3 1 2 1 2 1 2 3 1 4 2
[1] "iteration number: "
[1] 41
[1] "iteration number: "
[1] 42
[1] "iteration number: "
[1] 43
[1] "iteration number: "
[1] 44
[1] "iteration number: "
[1] 45
[1] "iteration number: "
[1] 46
[1] "iteration number: "
[1] 47
[1] "Best fitness updated to:"
[1] -40.85137
[1] "Best solution:"
 [1] 0 1 0 0 1 0 0 0 0 0 0 0 0 0 0 0 0 0 0 0 0 0 0 0 0 1 0 0 0 0 0 0 0 0 0 0 1 1
[39] 0 0 0 0 0 0 0 0 0 0 1 1 0 1
[1] 8
[1] "iteration number: "
[1] 48
[1] "iteration number: "
[1] 49
[1] "iteration number: "
[1] 50
[1] "iteration number: "
[1] 51
[1] "iteration number: "
[1] 52
[1] "iteration number: "
[1] 53
[1] "iteration number: "
[1] 54
[1] "iteration number: "
[1] 55
[1] "iteration number: "
[1] 56
[1] "Best fitness updated to:"
[1] -41.37503
[1] "Best solution:"
 [1] 0 1 0 1 1 0 0 0 0 0 0 0 0 0 0 0 0 0 0 0 0 1 1 0 0 0 0 0 0 0 0 0 0 1 0 0 1 1
[39] 0 0 0 0 0 0 0 0 0 1 0 0 0 0
[1] 9
[1] "iteration number: "
[1] 57
[1] "iteration number: "
[1] 58
[1] "iteration number: "
[1] 59
[1] "iteration number: "
[1] 60
[1] "iteration number: "
[1] 61
[1] "Best fitness updated to:"
[1] -43.51074
[1] "Best solution:"
 [1] 0 0 0 0 1 0 0 0 0 0 0 0 0 0 0 0 0 0 0 0 0 0 0 0 0 0 0 0 0 0 0 0 0 1 0 0 1 1
[39] 0 0 0 0 0 0 0 0 0 1 1 0 0 0
[1] 6
[1] "iteration number: "
[1] 62
[1] "iteration number: "
[1] 63
[1] "iteration number: "
[1] 64
[1] "iteration number: "
[1] 65
[1] "iteration number: "
[1] 66
[1] "iteration number: "
[1] 67
[1] "iteration number: "
[1] 68
[1] "iteration number: "
[1] 69
[1] "iteration number: "
[1] 70
[1] "iteration number: "
[1] 71
[1] "iteration number: "
[1] 72
[1] "RE-INITIALIZING..."
[1] 1
[1] 5
[1] 32
 [1] 1 4 2 3 3 2 3 3 2 3 2 3 2 1 2 3 2 2 3 3
[1] "iteration number: "
[1] 73
[1] "iteration number: "
[1] 74
[1] "iteration number: "
[1] 75
[1] "iteration number: "
[1] 76
[1] "iteration number: "
[1] 77
[1] "iteration number: "
[1] 78
[1] "iteration number: "
[1] 79
[1] "iteration number: "
[1] 80
[1] "iteration number: "
[1] 81
[1] "iteration number: "
[1] 82
[1] "iteration number: "
[1] 83
[1] "RE-INITIALIZING..."
[1] 2
[1] 5
[1] 25
 [1] 1 4 2 3 3 2 3 3 2 3 2 3 2 1 2 3 2 2 3 3
[1] "iteration number: "
[1] 84
[1] "iteration number: "
[1] 85
[1] "iteration number: "
[1] 86
[1] "iteration number: "
[1] 87
[1] "iteration number: "
[1] 88
[1] "iteration number: "
[1] 89
[1] "iteration number: "
[1] 90
[1] "iteration number: "
[1] 91
[1] "iteration number: "
[1] 92
[1] "iteration number: "
[1] 93
[1] "Best fitness updated to:"
[1] -43.52997
[1] "Best solution:"
 [1] 0 0 0 0 1 0 0 0 0 0 0 0 0 0 0 0 0 0 0 0 0 0 0 0 0 0 0 0 0 0 0 0 0 1 0 0 1 1
[39] 0 0 0 0 0 0 0 0 0 1 0 0 0 0
[1] 5
[1] "iteration number: "
[1] 94
[1] "iteration number: "
[1] 95
[1] "iteration number: "
[1] 96
[1] "iteration number: "
[1] 97
[1] "iteration number: "
[1] 98
[1] "iteration number: "
[1] 99
[1] "iteration number: "
[1] 100
[1] "iteration number: "
[1] 101
[1] "iteration number: "
[1] 102
[1] "iteration number: "
[1] 103
[1] "iteration number: "
[1] 104
[1] "RE-INITIALIZING..."
[1] 1
[1] 5
[1] 17
 [1] 1 4 2 3 3 2 3 3 2 3 2 3 2 1 2 3 2 2 3 3
[1] "iteration number: "
[1] 105
[1] "iteration number: "
[1] 106
[1] "iteration number: "
[1] 107
[1] "iteration number: "
[1] 108
[1] "iteration number: "
[1] 109
[1] "iteration number: "
[1] 110
[1] "iteration number: "
[1] 111
[1] "iteration number: "
[1] 112
[1] "iteration number: "
[1] 113
[1] "iteration number: "
[1] 114
[1] "iteration number: "
[1] 115
[1] "RE-INITIALIZING..."
[1] 2
[1] 5
[1] 16
 [1] 4 2 2 2 2 4 3 3 2 3 1 2 1 2 1 2 3 1 4 2
[1] "iteration number: "
[1] 116
[1] "iteration number: "
[1] 117
[1] "iteration number: "
[1] 118
[1] "iteration number: "
[1] 119
[1] "iteration number: "
[1] 120
[1] "iteration number: "
[1] 121
[1] "iteration number: "
[1] 122
[1] "iteration number: "
[1] 123
[1] "iteration number: "
[1] 124
[1] "iteration number: "
[1] 125
[1] "iteration number: "
[1] 126
[1] "RE-INITIALIZING..."
[1] 3
[1] 5
[1] 14
 [1] 3 3 1 2 2 2 2 3 2 1 2 3 2 2 2 1 2 2 1 2
[1] "iteration number: "
[1] 127
[1] "iteration number: "
[1] 128
[1] "iteration number: "
[1] 129
[1] "iteration number: "
[1] 130
[1] "iteration number: "
[1] 131
[1] "Best fitness updated to:"
[1] -43.54921
[1] "Best solution:"
 [1] 0 0 0 0 0 0 0 0 0 0 0 0 0 0 0 0 0 0 0 0 0 1 0 0 0 0 0 0 0 0 0 0 0 1 0 0 0 1
[39] 0 0 0 0 0 0 0 0 0 1 0 0 0 0
[1] 4
[1] "iteration number: "
[1] 132
[1] "iteration number: "
[1] 133
[1] "iteration number: "
[1] 134
[1] "iteration number: "
[1] 135
[1] "iteration number: "
[1] 136
[1] "iteration number: "
[1] 137
[1] "iteration number: "
[1] 138
[1] "iteration number: "
[1] 139
[1] "iteration number: "
[1] 140
[1] "iteration number: "
[1] 141
[1] "iteration number: "
[1] 142
[1] "RE-INITIALIZING..."
[1] 1
[1] 5
[1] 14
 [1] 4 2 2 2 2 4 3 3 2 3 1 2 1 2 1 2 3 1 4 2
[1] "iteration number: "
[1] 143
[1] "iteration number: "
[1] 144
[1] "iteration number: "
[1] 145
[1] "Best fitness updated to:"
[1] -43.54937
[1] "Best solution:"
 [1] 1 1 0 0 0 0 0 0 0 0 0 0 0 0 0 0 0 0 0 0 0 0 0 0 0 0 0 0 0 0 0 0 0 1 0 0 1 0
[39] 0 0 0 0 0 0 0 0 0 1 0 0 0 0
[1] 5
[1] "iteration number: "
[1] 146
[1] "iteration number: "
[1] 147
[1] "iteration number: "
[1] 148
[1] "iteration number: "
[1] 149
[1] "iteration number: "
[1] 150
[1] "iteration number: "
[1] 151
[1] "iteration number: "
[1] 152
[1] "iteration number: "
[1] 153
[1] "iteration number: "
[1] 154
[1] "iteration number: "
[1] 155
[1] "iteration number: "
[1] 156
[1] "RE-INITIALIZING..."
[1] 1
[1] 5
[1] 13
 [1] 2 1 4 1 3 1 1 3 2 4 3 2 2 3 1 2 1 1 3 2
[1] "iteration number: "
[1] 157
[1] "iteration number: "
[1] 158
[1] "iteration number: "
[1] 159
[1] "iteration number: "
[1] 160
[1] "iteration number: "
[1] 161
[1] "iteration number: "
[1] 162
[1] "iteration number: "
[1] 163
[1] "iteration number: "
[1] 164
[1] "iteration number: "
[1] 165
[1] "iteration number: "
[1] 166
[1] "iteration number: "
[1] 167
[1] "RE-INITIALIZING..."
[1] 2
[1] 5
[1] 12
 [1] 3 3 1 2 2 2 2 3 2 1 2 3 2 2 2 1 2 2 1 2
[1] "iteration number: "
[1] 168
[1] "iteration number: "
[1] 169
[1] "iteration number: "
[1] 170
[1] "iteration number: "
[1] 171
[1] "iteration number: "
[1] 172
[1] "iteration number: "
[1] 173
[1] "iteration number: "
[1] 174
[1] "iteration number: "
[1] 175
[1] "iteration number: "
[1] 176
[1] "iteration number: "
[1] 177
[1] "iteration number: "
[1] 178
[1] "RE-INITIALIZING..."
[1] 3
[1] 5
[1] 8
 [1] 1 4 2 3 3 2 3 3 2 3 2 3 2 1 2 3 2 2 3 3
[1] "iteration number: "
[1] 179
[1] "iteration number: "
[1] 180
[1] "iteration number: "
[1] 181
[1] "iteration number: "
[1] 182
[1] "iteration number: "
[1] 183
[1] "iteration number: "
[1] 184
[1] "iteration number: "
[1] 185
[1] "iteration number: "
[1] 186
[1] "iteration number: "
[1] 187
[1] "iteration number: "
[1] 188
[1] "iteration number: "
[1] 189
[1] "RE-INITIALIZING..."
[1] 4
[1] 5
[1] 9
 [1] 1 4 2 3 3 2 3 3 2 3 2 3 2 1 2 3 2 2 3 3
[1] "iteration number: "
[1] 190
[1] "iteration number: "
[1] 191
[1] "iteration number: "
[1] 192
[1] "iteration number: "
[1] 193
[1] "iteration number: "
[1] 194
[1] "iteration number: "
[1] 195
[1] "iteration number: "
[1] 196
[1] "iteration number: "
[1] 197
[1] "iteration number: "
[1] 198
[1] "iteration number: "
[1] 199
[1] "iteration number: "
[1] 200
[1] "RE-INITIALIZING..."
[1] 5
[1] 5
[1] 9
 [1] 4 2 2 2 2 4 3 3 2 3 1 2 1 2 1 2 3 1 4 2
[1] "iteration number: "
[1] 201
[1] "iteration number: "
[1] 202
[1] "iteration number: "
[1] 203
[1] "iteration number: "
[1] 204
[1] "iteration number: "
[1] 205
[1] "iteration number: "
[1] 206
[1] "iteration number: "
[1] 207
[1] "iteration number: "
[1] 208
[1] "iteration number: "
[1] 209
[1] "iteration number: "
[1] 210
[1] "iteration number: "
[1] 211
[1] "RE-INITIALIZING..."
[1] 6
[1] 5
[1] 9
[1] "No change for 6 iterations. Exiting PSO."
[1] 22 34 37 47 48
[1] 9
[1] "##################################"
[1] "Results summary for itr:9"
[1] "number of features selected using population mean"
[1] 5
[1] "number of features selected using current global best"
[1] 5
[1] "feat ind length"
[1] 5
[1] "best accuracy"
[1] 43.54937
[1] "test acc:1"
[1] "##################################"
[1] "learning sets: 10"
 [1]  8  3  4  7  6 10 28 13 30 23 34 21 25 15  1 16 17 18 12 36 19 11 24 33 29
[26] 31 20  2 27 38
[1] "Starting global iteration number : 10"
[1] "iteration number: "
[1] 1
[1] "Best fitness updated to:"
[1] -31.1228
[1] "Best solution:"
 [1] NA NA NA NA NA NA NA NA NA NA NA NA NA NA NA NA NA NA NA NA NA NA NA NA NA
[26] NA NA NA NA NA NA NA NA NA NA NA NA NA NA NA NA NA NA NA NA NA NA NA NA NA
[51] NA NA
[1] 0
[1] "iteration number: "
[1] 2
[1] "Best fitness updated to:"
[1] -41.94104
[1] "Best solution:"
 [1] 0 1 0 0 1 0 1 0 0 0 1 0 0 1 1 1 1 0 1 1 1 0 1 0 0 0 0 0 0 1 1 1 1 1 1 0 0 0
[39] 1 1 0 1 1 1 1 0 1 0 0 0 1 1
[1] 27
[1] "iteration number: "
[1] 3
[1] "iteration number: "
[1] 4
[1] "iteration number: "
[1] 5
[1] "Best fitness updated to:"
[1] -41.99873
[1] "Best solution:"
 [1] 0 0 0 0 0 1 0 1 1 0 0 0 1 0 0 1 0 0 1 0 1 0 0 1 0 1 0 0 1 0 1 0 1 0 0 0 0 0
[39] 0 0 1 0 1 0 1 1 0 0 1 0 0 1
[1] 18
[1] "iteration number: "
[1] 6
[1] "Best fitness updated to:"
[1] -42.07566
[1] "Best solution:"
 [1] 0 0 0 1 1 0 0 0 0 0 0 0 0 0 1 1 1 0 1 0 0 0 0 0 1 1 1 0 0 0 1 0 1 0 0 1 0 0
[39] 0 0 0 0 0 0 1 1 1 0 0 0 0 0
[1] 15
[1] "iteration number: "
[1] 7
[1] "Best fitness updated to:"
[1] -42.09489
[1] "Best solution:"
 [1] 0 0 0 0 1 0 0 1 0 0 0 0 0 0 0 1 0 0 0 0 0 0 0 0 0 1 0 1 1 0 0 0 0 0 1 0 1 1
[39] 0 0 0 1 0 0 0 0 0 0 1 1 0 1
[1] 13
[1] "iteration number: "
[1] 8
[1] "iteration number: "
[1] 9
[1] "iteration number: "
[1] 10
[1] "iteration number: "
[1] 11
[1] "iteration number: "
[1] 12
[1] "iteration number: "
[1] 13
[1] "iteration number: "
[1] 14
[1] "iteration number: "
[1] 15
[1] "iteration number: "
[1] 16
[1] "iteration number: "
[1] 17
[1] "Best fitness updated to:"
[1] -42.11412
[1] "Best solution:"
 [1] 0 1 0 0 1 0 0 0 0 0 0 0 0 0 0 1 1 0 1 0 0 0 1 1 0 1 0 0 0 0 1 0 1 0 0 0 0 0
[39] 0 0 0 0 0 0 1 1 0 1 0 0 0 1
[1] 14
[1] "iteration number: "
[1] 18
[1] "Best fitness updated to:"
[1] -42.13335
[1] "Best solution:"
 [1] 0 0 0 0 1 0 0 1 0 0 0 0 0 0 0 1 0 0 0 0 0 0 0 0 0 1 0 1 0 0 0 0 0 0 0 0 1 0
[39] 0 0 0 1 0 0 0 1 0 0 1 0 0 1
[1] 10
[1] "iteration number: "
[1] 19
[1] "iteration number: "
[1] 20
[1] "iteration number: "
[1] 21
[1] "iteration number: "
[1] 22
[1] "Best fitness updated to:"
[1] -42.15258
[1] "Best solution:"
 [1] 0 0 0 0 1 0 0 0 0 0 0 0 0 0 0 0 0 0 0 0 0 1 0 0 0 1 0 0 0 0 1 0 0 0 0 0 0 0
[39] 0 0 0 1 0 0 1 1 0 0 1 0 0 1
[1] 9
[1] "iteration number: "
[1] 23
[1] "iteration number: "
[1] 24
[1] "Best fitness updated to:"
[1] -42.17181
[1] "Best solution:"
 [1] 1 1 0 0 0 0 0 0 0 0 0 0 0 0 0 1 0 0 1 0 0 1 0 0 0 0 0 0 0 0 1 0 0 0 0 0 0 0
[39] 0 0 0 0 0 0 0 1 0 1 0 0 0 1
[1] 9
[1] "iteration number: "
[1] 25
[1] "Best fitness updated to:"
[1] -44.52517
[1] "Best solution:"
 [1] 0 0 0 0 0 0 0 0 0 0 0 0 0 0 0 1 0 0 1 0 0 0 0 0 0 0 0 0 0 0 1 0 0 0 0 0 0 0
[39] 0 0 0 0 1 0 1 1 0 1 0 0 0 1
[1] 8
[1] "iteration number: "
[1] 26
[1] "iteration number: "
[1] 27
[1] "Best fitness updated to:"
[1] -44.79921
[1] "Best solution:"
 [1] 0 0 0 0 1 1 0 1 1 0 0 0 0 0 0 1 0 1 0 0 0 0 0 0 0 1 0 0 0 0 0 0 1 0 0 0 0 0
[39] 0 0 0 0 0 0 1 1 0 0 1 0 0 1
[1] 12
[1] "iteration number: "
[1] 28
[1] "iteration number: "
[1] 29
[1] "iteration number: "
[1] 30
[1] "iteration number: "
[1] 31
[1] "iteration number: "
[1] 32
[1] "iteration number: "
[1] 33
[1] "Best fitness updated to:"
[1] -44.81844
[1] "Best solution:"
 [1] 0 0 0 0 1 1 0 1 1 0 0 0 0 0 0 1 0 0 0 0 0 0 0 0 0 1 0 0 0 0 0 0 1 0 0 0 0 0
[39] 0 0 0 0 0 1 0 1 0 0 1 0 0 1
[1] 11
[1] "iteration number: "
[1] 34
[1] "Best fitness updated to:"
[1] -44.8569
[1] "Best solution:"
 [1] 0 0 0 0 1 1 0 1 1 0 0 0 0 0 0 1 0 0 0 0 0 0 0 0 0 1 0 0 0 0 0 0 1 0 0 0 0 0
[39] 0 0 0 0 0 0 0 1 0 0 1 0 0 1
[1] 10
[1] "iteration number: "
[1] 35
[1] "Best fitness updated to:"
[1] -46.19642
[1] "Best solution:"
 [1] 0 0 0 0 1 0 0 1 1 0 0 0 0 0 0 1 0 0 0 0 0 0 0 0 0 1 0 0 0 0 0 0 1 0 0 0 0 0
[39] 0 0 0 0 0 0 0 1 0 0 1 0 0 1
[1] 9
[1] "iteration number: "
[1] 36
[1] "iteration number: "
[1] 37
[1] "iteration number: "
[1] 38
[1] "iteration number: "
[1] 39
[1] "iteration number: "
[1] 40
[1] "iteration number: "
[1] 41
[1] "iteration number: "
[1] 42
[1] "iteration number: "
[1] 43
[1] "iteration number: "
[1] 44
[1] "iteration number: "
[1] 45
[1] "iteration number: "
[1] 46
[1] "Best fitness updated to:"
[1] -47.34724
[1] "Best solution:"
 [1] 0 0 0 0 1 1 0 1 1 0 0 0 0 0 0 1 0 0 0 0 0 0 0 0 0 1 0 0 0 0 0 0 1 0 0 0 0 0
[39] 0 0 0 0 0 0 0 1 0 0 1 0 0 1
[1] 10
[1] "iteration number: "
[1] 47
[1] "iteration number: "
[1] 48
[1] "iteration number: "
[1] 49
[1] "iteration number: "
[1] 50
[1] "iteration number: "
[1] 51
[1] "iteration number: "
[1] 52
[1] "iteration number: "
[1] 53
[1] "iteration number: "
[1] 54
[1] "iteration number: "
[1] 55
[1] "iteration number: "
[1] 56
[1] "iteration number: "
[1] 57
[1] "RE-INITIALIZING..."
[1] 1
[1] 5
[1] 25
 [1] 1 4 2 3 3 2 3 3 2 3 2 3 2 1 2 3 2 2 3 3
[1] "iteration number: "
[1] 58
[1] "iteration number: "
[1] 59
[1] "iteration number: "
[1] 60
[1] "iteration number: "
[1] 61
[1] "iteration number: "
[1] 62
[1] "iteration number: "
[1] 63
[1] "iteration number: "
[1] 64
[1] "iteration number: "
[1] 65
[1] "iteration number: "
[1] 66
[1] "iteration number: "
[1] 67
[1] "iteration number: "
[1] 68
[1] "RE-INITIALIZING..."
[1] 2
[1] 5
[1] 24
 [1] 1 4 2 3 3 2 3 3 2 3 2 3 2 1 2 3 2 2 3 3
[1] "iteration number: "
[1] 69
[1] "iteration number: "
[1] 70
[1] "iteration number: "
[1] 71
[1] "iteration number: "
[1] 72
[1] "iteration number: "
[1] 73
[1] "iteration number: "
[1] 74
[1] "iteration number: "
[1] 75
[1] "iteration number: "
[1] 76
[1] "iteration number: "
[1] 77
[1] "iteration number: "
[1] 78
[1] "iteration number: "
[1] 79
[1] "RE-INITIALIZING..."
[1] 3
[1] 5
[1] 23
 [1] 1 4 2 3 3 2 3 3 2 3 2 3 2 1 2 3 2 2 3 3
[1] "iteration number: "
[1] 80
[1] "iteration number: "
[1] 81
[1] "iteration number: "
[1] 82
[1] "iteration number: "
[1] 83
[1] "iteration number: "
[1] 84
[1] "iteration number: "
[1] 85
[1] "iteration number: "
[1] 86
[1] "iteration number: "
[1] 87
[1] "iteration number: "
[1] 88
[1] "iteration number: "
[1] 89
[1] "iteration number: "
[1] 90
[1] "RE-INITIALIZING..."
[1] 4
[1] 5
[1] 22
 [1] 4 2 2 2 2 4 3 3 2 3 1 2 1 2 1 2 3 1 4 2
[1] "iteration number: "
[1] 91
[1] "iteration number: "
[1] 92
[1] "iteration number: "
[1] 93
[1] "iteration number: "
[1] 94
[1] "iteration number: "
[1] 95
[1] "iteration number: "
[1] 96
[1] "iteration number: "
[1] 97
[1] "iteration number: "
[1] 98
[1] "iteration number: "
[1] 99
[1] "iteration number: "
[1] 100
[1] "iteration number: "
[1] 101
[1] "RE-INITIALIZING..."
[1] 5
[1] 5
[1] 26
 [1] 3 3 1 2 2 2 2 3 2 1 2 3 2 2 2 1 2 2 1 2
[1] "iteration number: "
[1] 102
[1] "iteration number: "
[1] 103
[1] "iteration number: "
[1] 104
[1] "iteration number: "
[1] 105
[1] "iteration number: "
[1] 106
[1] "iteration number: "
[1] 107
[1] "iteration number: "
[1] 108
[1] "iteration number: "
[1] 109
[1] "iteration number: "
[1] 110
[1] "iteration number: "
[1] 111
[1] "iteration number: "
[1] 112
[1] "RE-INITIALIZING..."
[1] 6
[1] 5
[1] 30
 [1] 3 3 1 2 2 2 2 3 2 1 2 3 2 2 2 1 2 2 1 2
[1] "iteration number: "
[1] 113
[1] "iteration number: "
[1] 114
[1] "iteration number: "
[1] 115
[1] "iteration number: "
[1] 116
[1] "iteration number: "
[1] 117
[1] "iteration number: "
[1] 118
[1] "iteration number: "
[1] 119
[1] "iteration number: "
[1] 120
[1] "iteration number: "
[1] 121
[1] "iteration number: "
[1] 122
[1] "iteration number: "
[1] 123
[1] "RE-INITIALIZING..."
[1] 7
[1] 5
[1] 25
 [1] 3 3 1 2 2 2 2 3 2 1 2 3 2 2 2 1 2 2 1 2
[1] "iteration number: "
[1] 124
[1] "iteration number: "
[1] 125
[1] "iteration number: "
[1] 126
[1] "iteration number: "
[1] 127
[1] "iteration number: "
[1] 128
[1] "iteration number: "
[1] 129
[1] "iteration number: "
[1] 130
[1] "iteration number: "
[1] 131
[1] "iteration number: "
[1] 132
[1] "iteration number: "
[1] 133
[1] "iteration number: "
[1] 134
[1] "RE-INITIALIZING..."
[1] 8
[1] 5
[1] 22
 [1] 3 3 1 2 2 2 2 3 2 1 2 3 2 2 2 1 2 2 1 2
[1] "No change for 8 iterations. Exiting PSO."
 [1]  5  8 16 25 26 31 33 46 49 52
[1] 10
[1] "##################################"
[1] "Results summary for itr:10"
[1] "number of features selected using population mean"
[1] 8
[1] "number of features selected using current global best"
[1] 10
[1] "feat ind length"
[1] 10
[1] "best accuracy"
[1] 47.34724
[1] "test acc:1"
[1] "##################################"
[1] "testacc"
 [1] 1 1 1 1 1 1 1 1 1 1
[1] 1
   Min. 1st Qu.  Median    Mean 3rd Qu.    Max. 
      1       1       1       1       1       1 
[1] 0
      [,1] [,2] [,3] [,4] [,5] [,6] [,7] [,8] [,9] [,10]
 [1,]    0    1    0    0    0    1    0    1    0     0
 [2,]    0    1    1    0    1    1    0    1    0     0
 [3,]    0    0    0    0    1    0    0    0    0     0
 [4,]    0    0    0    0    0    1    0    0    0     0
 [5,]    0    1    0    0    0    0    1    0    0     1
 [6,]    0    0    0    0    0    0    0    0    0     0
 [7,]    0    0    0    0    1    0    0    0    0     0
 [8,]    0    0    1    0    0    0    0    0    0     1
 [9,]    0    1    0    0    0    0    0    1    0     0
[10,]    0    0    0    0    0    0    0    0    0     0
[11,]    0    0    0    0    0    0    0    0    0     0
[12,]    0    0    0    0    0    0    0    0    0     0
[13,]    0    0    0    0    0    0    0    0    0     0
[14,]    0    0    0    0    0    0    0    0    0     0
[15,]    0    0    0    0    1    0    0    0    0     0
[16,]    1    0    1    0    0    0    0    0    0     1
[17,]    0    0    0    0    0    0    1    0    0     0
[18,]    0    0    0    0    0    0    1    0    0     0
[19,]    1    0    1    1    0    0    0    0    0     0
[20,]    0    1    1    0    0    0    0    0    0     0
[21,]    0    0    0    0    0    0    0    0    0     0
[22,]    1    0    1    0    1    1    0    1    1     0
[23,]    0    1    0    1    1    1    0    0    0     0
[24,]    0    0    0    0    0    0    0    0    0     0
[25,]    0    0    0    0    0    0    0    0    0     1
[26,]    0    0    0    0    1    0    1    0    0     1
[27,]    0    1    0    0    0    0    1    0    0     0
[28,]    0    0    0    0    0    0    0    0    0     0
[29,]    0    0    0    1    0    0    0    0    0     0
[30,]    0    0    0    0    0    0    0    0    0     0
[31,]    0    0    0    0    0    1    0    0    0     1
[32,]    0    0    0    0    0    0    0    0    0     0
[33,]    0    0    0    0    0    0    0    0    0     1
[34,]    0    1    1    1    0    0    0    1    1     0
[35,]    0    0    0    0    0    0    0    0    0     0
[36,]    0    0    0    0    0    0    0    0    0     0
[37,]    1    0    0    0    0    0    1    1    1     0
[38,]    0    0    1    0    0    1    0    0    0     0
[39,]    0    0    0    0    0    0    0    0    0     0
[40,]    0    0    0    0    1    0    1    0    0     0
[41,]    0    0    0    0    0    0    0    0    0     0
[42,]    0    0    0    0    1    0    0    0    0     0
[43,]    0    1    0    1    0    0    0    0    0     0
[44,]    0    0    0    0    0    0    0    0    0     0
[45,]    1    0    0    0    0    0    0    0    0     0
[46,]    0    1    0    1    1    1    0    0    0     1
[47,]    0    1    0    0    0    1    0    0    1     0
[48,]    0    1    1    0    1    1    0    1    1     0
[49,]    0    0    0    0    0    0    1    0    0     1
[50,]    0    0    0    0    0    0    0    0    0     0
[51,]    0    0    0    0    0    0    0    0    0     0
[52,]    0    1    1    1    0    1    0    0    0     1
[1] "dim of scoring matrix is "
[1] 52 10
[1] "DS index stage 2"
[1] 0.2708963
[1] "KI index stage 2"
[1] -Inf
[1] 1
   Min. 1st Qu.  Median    Mean 3rd Qu.    Max. 
  0.000   0.000   1.000   1.673   3.000   6.000 
[1] "Number of features selected in 1 iterations:"
[1] 34
[1] "Number of features selected in 1 iterations:"
[1] 34
[1] 1 1
[1] 1 1
[1] "accuracy: 93.3820469786423 num_feat:34 fitness:42.6266749908266"
$fitfunc
[1] -42.62667

$cverror
[1] 93.38205

$cvpermerror
[1] 73.93716

$testacc
[1] 100

$reverseacc
[1] 100

[1] -42.62667
[1] "Number of features selected in 2 iterations:"
[1] 23
[1] 1 1
[1] 1 1
[1] "accuracy: 100 num_feat:23 fitness:48.0968796591289"
$fitfunc
[1] -48.09688

$cverror
[1] 100

$cvpermerror
[1] 73.51545

$testacc
[1] 100

$reverseacc
[1] 100

[1] -48.09688
[1] "Number of features selected in 3 iterations:"
[1] 14
[1] 1 1
[1] 1 1
[1] "accuracy: 100 num_feat:14 fitness:47.9747551414602"
$fitfunc
[1] -47.97476

$cverror
[1] 100

$cvpermerror
[1] 73.93716

$testacc
[1] 100

$reverseacc
[1] 100

[1] -47.97476
[1] "Number of features selected in 4 iterations:"
[1] 8
[1] 1 1
[1] 1 1
[1] "accuracy: 95.0532472365609 num_feat:8 fitness:46.0976919988131"
$fitfunc
[1] -46.09769

$cverror
[1] 95.05325

$cvpermerror
[1] 71.48342

$testacc
[1] 100

$reverseacc
[1] 100

[1] -46.09769
[1] "Number of features selected in 5 iterations:"
[1] 6
[1] 1 1
[1] 1 1
[1] "accuracy: 100 num_feat:6 fitness:48.6086586369734"
$fitfunc
[1] -48.60866

$cverror
[1] 100

$cvpermerror
[1] 73.25137

$testacc
[1] 100

$reverseacc
[1] 100

[1] -48.60866
[1] "Number of features selected in 6 iterations:"
[1] 2
[1] "accuracy: 1 num_feat:2 fitness:-100"
$fitfunc
[1] 100

$cverror
[1] 1

$cvpermerror
[1] 100

$testacc
[1] 1

$reverseacc
[1] 1

[1] 100
[1] "Number of features selected in 7 iterations:"
[1] 0
[1] "accuracy: 1 num_feat:0 fitness:-100"
$fitfunc
[1] 100

$cverror
[1] 1

$cvpermerror
[1] 100

$testacc
[1] 1

$reverseacc
[1] 1

[1] 100
[1] "Number of features selected in 8 iterations:"
[1] 0
[1] "accuracy: 1 num_feat:0 fitness:-100"
$fitfunc
[1] 100

$cverror
[1] 1

$cvpermerror
[1] 100

$testacc
[1] 1

$reverseacc
[1] 1

[1] 100
[1] "Number of features selected in 9 iterations:"
[1] 0
[1] "accuracy: 1 num_feat:0 fitness:-100"
$fitfunc
[1] 100

$cverror
[1] 1

$cvpermerror
[1] 100

$testacc
[1] 1

$reverseacc
[1] 1

[1] 100
[1] "Number of features selected in 10 iterations:"
[1] 0
[1] "accuracy: 1 num_feat:0 fitness:-100"
$fitfunc
[1] 100

$cverror
[1] 1

$cvpermerror
[1] 100

$testacc
[1] 1

$reverseacc
[1] 1

[1] 100
   Min. 1st Qu.  Median    Mean 3rd Qu.    Max. 
      1       1       1       1       1       1 
[1] "Number of features selected in 1 iterations:"
[1] 34
[1] "Modified train 10 fold accuracy using train data is "
[1] 100
[1] "Modified train accuracy is "
[1] 1
[1] "train confusion matrix is "
          trainclass
pred_train -1  1
        -1 27  0
        1   0 11
[1] "Train dimension is "
[1] 38 34
[1] "Test dimension is "
[1] 34 34
[1] "Test confusion matrix is "
    
pred -1  1
  -1 20  1
  1   0 13
[1] "Test acc is "
[1] 0.9705882
[1] "train 10 fold"
[1] 100
[1] "Test confusion matrix is "
    
pred -1  1
  -1 20  1
  1   0 13
[1] "Test acc is "
[1] 0.9705882
[1] "Test AUC:"
[1] 0.9642857
[1] "Train acc is "
[1] 1
[1] "# of features after CMA:"
NULL
[1] "# of features after PSO:"
[1] 38 35
    user   system  elapsed 
 510.170   11.304 9731.469 
There were 50 or more warnings (use warnings() to see the first 50)
> 
> 
> 
> feat_ind<-psores$bestfeatlist
> feat_names<-psores$bestfeatnames
> 
> scoringmatrix<-as.data.frame(psores$scoringmatrix)
> print(scoringmatrix)
   V1 V2 V3 V4 V5 V6 V7 V8 V9 V10
1   0  1  0  0  0  1  0  1  0   0
2   0  1  1  0  1  1  0  1  0   0
3   0  0  0  0  1  0  0  0  0   0
4   0  0  0  0  0  1  0  0  0   0
5   0  1  0  0  0  0  1  0  0   1
6   0  0  0  0  0  0  0  0  0   0
7   0  0  0  0  1  0  0  0  0   0
8   0  0  1  0  0  0  0  0  0   1
9   0  1  0  0  0  0  0  1  0   0
10  0  0  0  0  0  0  0  0  0   0
11  0  0  0  0  0  0  0  0  0   0
12  0  0  0  0  0  0  0  0  0   0
13  0  0  0  0  0  0  0  0  0   0
14  0  0  0  0  0  0  0  0  0   0
15  0  0  0  0  1  0  0  0  0   0
16  1  0  1  0  0  0  0  0  0   1
17  0  0  0  0  0  0  1  0  0   0
18  0  0  0  0  0  0  1  0  0   0
19  1  0  1  1  0  0  0  0  0   0
20  0  1  1  0  0  0  0  0  0   0
21  0  0  0  0  0  0  0  0  0   0
22  1  0  1  0  1  1  0  1  1   0
23  0  1  0  1  1  1  0  0  0   0
24  0  0  0  0  0  0  0  0  0   0
25  0  0  0  0  0  0  0  0  0   1
26  0  0  0  0  1  0  1  0  0   1
27  0  1  0  0  0  0  1  0  0   0
28  0  0  0  0  0  0  0  0  0   0
29  0  0  0  1  0  0  0  0  0   0
30  0  0  0  0  0  0  0  0  0   0
31  0  0  0  0  0  1  0  0  0   1
32  0  0  0  0  0  0  0  0  0   0
33  0  0  0  0  0  0  0  0  0   1
34  0  1  1  1  0  0  0  1  1   0
35  0  0  0  0  0  0  0  0  0   0
36  0  0  0  0  0  0  0  0  0   0
37  1  0  0  0  0  0  1  1  1   0
38  0  0  1  0  0  1  0  0  0   0
39  0  0  0  0  0  0  0  0  0   0
40  0  0  0  0  1  0  1  0  0   0
41  0  0  0  0  0  0  0  0  0   0
42  0  0  0  0  1  0  0  0  0   0
43  0  1  0  1  0  0  0  0  0   0
44  0  0  0  0  0  0  0  0  0   0
45  1  0  0  0  0  0  0  0  0   0
46  0  1  0  1  1  1  0  0  0   1
47  0  1  0  0  0  1  0  0  1   0
48  0  1  1  0  1  1  0  1  1   0
49  0  0  0  0  0  0  1  0  0   1
50  0  0  0  0  0  0  0  0  0   0
51  0  0  0  0  0  0  0  0  0   0
52  0  1  1  1  0  1  0  0  0   1
> print(feat_names[feat_ind])
 [1] "var36"   "var37"   "var38"   "var39"   "var40"   "var42"   "var312" 
 [8] "var487"  "var1630" "var1685" "var1779" "var1817" "var1834" "var1882"
[15] "var2020" "var2242" "var2345" "var2349" "var2402" "var3252" "var3877"
[22] "var4499" "var4535" "var4847" "var5039" "var5772" "var6041" "var6185"
[29] "var6201" "var6218" "var6277" "var6345" "var6376" "var6884"
> 
> save(psores,file="psores.Rda")
> print("Complete")
[1] "Complete"
> 
