
R version 3.2.2 (2015-08-14) -- "Fire Safety"
Copyright (C) 2015 The R Foundation for Statistical Computing
Platform: x86_64-apple-darwin13.4.0 (64-bit)

R is free software and comes with ABSOLUTELY NO WARRANTY.
You are welcome to redistribute it under certain conditions.
Type 'license()' or 'licence()' for distribution details.

  Natural language support but running in an English locale

R is a collaborative project with many contributors.
Type 'contributors()' for more information and
'citation()' on how to cite R or R packages in publications.

Type 'demo()' for some demos, 'help()' for on-line help, or
'help.start()' for an HTML browser interface to help.
Type 'q()' to quit R.

> 
> #.libPaths("/home/stu/kuppal3/karan_libs/Rlibs")
> library(snow)
Warning message:
package ‘snow’ was built under R version 3.2.5 
> library(e1071)
Warning message:
package ‘e1071’ was built under R version 3.2.5 
> library(yaImpute)

Attaching package: ‘yaImpute’

The following object is masked from ‘package:e1071’:

    impute

> library(pROC)
Type 'citation("pROC")' for a citation.

Attaching package: ‘pROC’

The following objects are masked from ‘package:stats’:

    cov, smooth, var

Warning message:
package ‘pROC’ was built under R version 3.2.5 
> library(bioDist)
Loading required package: Biobase
Loading required package: BiocGenerics
Loading required package: parallel

Attaching package: ‘parallel’

The following objects are masked from ‘package:snow’:

    clusterApply, clusterApplyLB, clusterCall, clusterEvalQ,
    clusterExport, clusterMap, clusterSplit, makeCluster, parApply,
    parCapply, parLapply, parRapply, parSapply, splitIndices,
    stopCluster


Attaching package: ‘BiocGenerics’

The following objects are masked from ‘package:parallel’:

    clusterApply, clusterApplyLB, clusterCall, clusterEvalQ,
    clusterExport, clusterMap, parApply, parCapply, parLapply,
    parLapplyLB, parRapply, parSapply, parSapplyLB

The following objects are masked from ‘package:snow’:

    clusterApply, clusterApplyLB, clusterCall, clusterEvalQ,
    clusterExport, clusterMap, parApply, parCapply, parLapply,
    parRapply, parSapply

The following objects are masked from ‘package:stats’:

    IQR, mad, xtabs

The following objects are masked from ‘package:base’:

    anyDuplicated, append, as.data.frame, as.vector, cbind, colnames,
    do.call, duplicated, eval, evalq, Filter, Find, get, grep, grepl,
    intersect, is.unsorted, lapply, lengths, Map, mapply, match, mget,
    order, paste, pmax, pmax.int, pmin, pmin.int, Position, rank,
    rbind, Reduce, rownames, sapply, setdiff, sort, table, tapply,
    union, unique, unlist, unsplit

Welcome to Bioconductor

    Vignettes contain introductory material; view with
    'browseVignettes()'. To cite Bioconductor, see
    'citation("Biobase")', and for packages 'citation("pkgname")'.

Loading required package: KernSmooth
KernSmooth 2.23 loaded
Copyright M. P. Wand 1997-2009
> #library(CMA, lib="/home/stu/kuppal3/karan_libs/Rlibs/")
> library(RankAggreg)
Warning message:
package ‘RankAggreg’ was built under R version 3.2.5 
> library(CMA)

Attaching package: ‘CMA’

The following object is masked from ‘package:pROC’:

    roc

The following object is masked from ‘package:e1071’:

    tune

Warning message:
package ‘CMA’ was built under R version 3.2.4 
> library(expm)
Loading required package: Matrix

Attaching package: ‘expm’

The following object is masked from ‘package:Matrix’:

    expm

Warning messages:
1: package ‘expm’ was built under R version 3.2.5 
2: package ‘Matrix’ was built under R version 3.2.5 
> library(plyr)

Attaching package: ‘plyr’

The following object is masked from ‘package:CMA’:

    join

Warning message:
package ‘plyr’ was built under R version 3.2.5 
> library(doParallel)
Loading required package: foreach
Loading required package: iterators
Warning messages:
1: package ‘foreach’ was built under R version 3.2.5 
2: package ‘iterators’ was built under R version 3.2.5 
> cl<-makeCluster(1)
> 
> 
> args<-commandArgs(trailingOnly=TRUE)
> #source("/home/stu/kuppal3/Research/Feature_selection/Rcode/versionnov2014/OCFS_vmay2415_v31.R")
> 
> #sname<-paste("/home/stu/kuppal3/Research/Feature_selection/Rcode/versionnov2014/OCFS_",args[9],".R",sep="")
> 
> dirloc<-"/Users/karanuppal/Documents/Gatech/Projects/Algorithms/TwostagePSO/"
> 
> sname<-paste(dirloc,"version2017/OCFS_",args[9],".R",sep="")
> source(sname)
> 
> 
> outloc<-paste(dirloc,"/Datasets/IRIS_Probe/OCFSvjan18",args[9],"/",sep="")
> 
> 
> sname<-paste(dirloc,"/Datasets/IRIS_Probe/IRIS.Rda",sep="")
> #load("/home/stu/kuppal3/Research/Feature_selection/Datasets/IRIS_Probe/IRIS.Rda")
> load(sname)
> 
> trainm<-Iris$X
> testm<-Iris$Xt
> trainclass<-Iris$Y
> testclass<-Iris$Yt
> 
> cnames<-paste("var",seq(1,dim(trainm)[2]),sep="")
> colnames(trainm)<-cnames
> colnames(testm)<-cnames
> 
> args<-commandArgs(trailingOnly=TRUE)
> trainm<-na.omit(trainm)
> testm<-na.omit(testm)
> 
> #outloc<-paste("/home/stu/kuppal3/Research/Feature_selection/Datasets/IRIS_Probe/OCFSvmay2415_v31_sensitivity_itr",args[9],"/",sep="")
> 
> dir.create(outloc)
> setwd(outloc)
> 
> trainm<-as.matrix(trainm)
> testm<-as.matrix(testm)
> 
> #a: Confusions
> #b: Neighbors
> #c: Global
> #d: Death
> 
> a<-c(0.25,0.25,0.25,0.25)
> b<-c(0.3,0.1,0.4,0.1)
> c<-c(0.25,0.25,0.5,0)
> d<-c(0.9,0.1,0,0.1)
> 
> a<-c(0,0.4,0.1,0.5)
> b<-c(0.3,0.1,0.4,0.1)
> c<-c(0,0.5,0.5,0)
> d<-c(0.9,0.1,0,0)
> 
> a<-c(0,0.4,0.1,0.5)
> b<-c(0.2,0.3,0.4,0.1)
> c<-c(0,0.4,0.4,0.2)
> d<-c(0.9,0.1,0,0)
> 
> transition_matrix<-rbind(a,b,c,d)
> 
> 
> dir.create(outloc)
Warning message:
In dir.create(outloc) :
  '/Users/karanuppal/Documents/Gatech/Projects/Algorithms/TwostagePSO//Datasets/IRIS_Probe/OCFSvjan18vfeb817_v5C_2018_v5' already exists
> setwd(outloc)
> temp2=t(trainm)
> temp2=apply(temp2, 2, function(x){which(x=="MD")})
> temp2=unlist(temp2)
> temp2=unique(temp2)
> if(length(temp2)>1)
+ {
+ 	trainm=trainm[,-c(temp2)]
+ 
+ 	rm(temp2)
+ }
> 
> boostweight=rep(0,dim(trainm)[2])
> 
> 
> # modtraindata=modtrain, modtestdata=modtest, blindtest=testacc, modtrainclass=nci_y, modtestclass=test_y
> if(FALSE)
+ {
+ trainm<-CMAres$modtraindata
+ testm<-CMAres$modtestdata
+ trainclass<-CMAres$modtrainclass
+ testclass<-CMAres$modtestclass
+ learningsets<-CMAres$learningsets
+ }
> 
> 
> print(apply(trainm,2,mean))
        var1         var2         var3         var4         var5         var6 
 0.049647135  0.013765690  0.037009799  0.013993886 -0.063711067 -0.140437497 
        var7         var8         var9        var10        var11        var12 
-0.244389569 -0.066747451  0.173283469  0.045440242 -0.002567537  0.056065205 
       var13        var14        var15        var16        var17        var18 
-0.121771199  0.014619353  0.195398720  0.012867617  0.163750039  0.179120885 
       var19        var20        var21        var22        var23        var24 
 0.151963336 -0.096026333  0.108363826 -0.094775201 -0.050262826  0.156814882 
       var25        var26        var27        var28        var29        var30 
-0.092870162  0.146433511  0.064873861 -0.108098662  0.047715372 -0.073731911 
       var31        var32        var33        var34        var35        var36 
 0.095984337 -0.018065316  0.020892432  0.168486709  0.112409779  0.022591805 
       var37        var38        var39        var40 
-0.092044191 -0.065853997 -0.049079894  0.063013440 
> d_dim<-dim(trainm)
> 
> print("Original dimension")
[1] "Original dimension"
> print(d_dim)
[1] 90 40
> 
> 
> system.time(psores<-run_pso(outloc=outloc,trainm,trainclass,testm,testclass,transition_matrix,c1=2.05,
+ c2=2.05,
+ itr=10,
+ globalpso_maxitr=10,
+ global_max_itr=30,
+ num_part=20,
+ kname="radial",
+ errortype="BER",
+ weightA<-as.numeric(args[1]),
+ weightB<-as.numeric(args[2]),
+ weightC<-as.numeric(args[3]),
+ weightD<-as.numeric(args[4]),
+ featweight.max=0.1,
+ featweight.min=0.01,
+ numfolds=10,
+ followerprob=as.numeric(args[6]),
+ confusionprob=as.numeric(args[7]),
+ leaderprob=as.numeric(args[8]),
+ wmax=1,
+ wmin=0.1,
+ behavior_reset_itr=5,
+ maxitrreset=10,
+ num_neighbors=3,
+ minselect.pct=0.5,
+ evalMode="CV2",
+ minfitnessthresh=50,
+ maxnum=as.numeric(args[10]),minnum=3,inertia_method=args[5],particlebehav_method="randbased",constriction_factor=1,
+ select.global.best=TRUE,numnodes=4,evalFunc=eval_fit_kfold_diff,itr.terminate=FALSE,train.pct=0.8))
[1] "c1: 2.05"
[1] "c2: 2.05"
[1] "itr: 10"
[1] "globalpso_maxitr: 10"
[1] "global_max_itr: 30"
[1] "num_part: 20"
[1] "kname: radial"
[1] "errortype: BER"
[1] "weightA: 0.7"
[1] "weightB: 0.2"
[1] "weightC: 0.05"
[1] "weightD: 0.05"
[1] "featweight.max: 0.1"
[1] "featweight.min: 0.01"
[1] "numfolds: 10"
[1] "followerprob: 0.45"
[1] "confusionprob: 0.2"
[1] "leaderprob: 0.25"
[1] "wmax: 1"
[1] "wmin: 0.1"
[1] "behavior_reset_itr: 5"
[1] "maxitrreset: 10"
[1] "num_neighbors: 3"
[1] "minselect.pct: 0.5"
[1] "minfitnessthresh: 50"
[1] "maxnum: 5"
[1] "minnum: 3"
[1] "inertia_method: global"
[1] "particlebehav_method: randbased"
[1] "constriction_factor: 1"
[1] "select.global.best: TRUE"
[1] "train 10 fold"
[1] 81.11111
[1] "here"
[1] "s"
[1] 72
[1] 90 40
[1] 10
[1] "learning sets: 1"
 [1] 29 28  7 30 11  9 26 27 10 17 13 23 14  1 22  4 25  6 15  8 19 18 24 12 55
[26] 42 36 46 37 50 34 33 57 53 47 43 41 38 44 54 39 49 45 59 35 48 60 51 88 84
[51] 82 90 66 67 85 74 87 79 71 77 78 89 65 70 62 64 80 61 86 63 81 72
[1] "Starting global iteration number : 1"
[1] "iteration number: "
[1] 1
[1] "Best fitness updated to:"
[1] -36.35409
[1] "Best solution:"
 [1] NA NA NA NA NA NA NA NA NA NA NA NA NA NA NA NA NA NA NA NA NA NA NA NA NA
[26] NA NA NA NA NA NA NA NA NA NA NA NA NA NA NA
[1] 0
[1] "iteration number: "
[1] 2
[1] "Best fitness updated to:"
[1] -40.85409
[1] "Best solution:"
 [1] 1 1 1 1 1 1 1 1 1 1 1 1 1 1 1 1 1 1 1 1 1 1 1 1 1 1 1 1 1 1 1 1 1 1 1 1 1 1
[39] 1 1
[1] 40
[1] "iteration number: "
[1] 3
[1] "Best fitness updated to:"
[1] -45.95713
[1] "Best solution:"
 [1] 1 1 1 1 1 1 1 1 1 1 1 1 1 1 1 1 1 1 1 1 1 1 1 1 1 1 1 1 1 1 1 1 1 1 1 1 1 1
[39] 1 1
[1] 40
[1] "iteration number: "
[1] 4
[1] "iteration number: "
[1] 5
[1] "Best fitness updated to:"
[1] -51.04298
[1] "Best solution:"
 [1] 1 1 0 1 0 0 1 0 1 1 0 0 1 1 1 0 1 1 1 1 0 0 1 1 0 0 1 1 0 0 1 1 1 1 1 1 1 0
[39] 1 1
[1] 26
[1] "iteration number: "
[1] 6
[1] "iteration number: "
[1] 7
[1] "iteration number: "
[1] 8
[1] "iteration number: "
[1] 9
[1] "Best fitness updated to:"
[1] -57.56056
[1] "Best solution:"
 [1] 1 1 1 1 0 0 1 0 1 1 0 0 1 1 1 0 1 1 1 1 1 0 0 1 0 0 1 1 0 0 1 1 1 1 1 1 0 0
[39] 1 1
[1] 26
[1] "iteration number: "
[1] 10
[1] "iteration number: "
[1] 11
[1] "Best fitness updated to:"
[1] -61.02743
[1] "Best solution:"
 [1] 0 1 1 1 0 0 1 0 0 1 1 0 1 1 1 0 0 1 1 1 1 1 1 1 0 0 1 1 0 0 1 1 1 1 0 1 0 0
[39] 1 1
[1] 25
[1] "iteration number: "
[1] 12
[1] "iteration number: "
[1] 13
[1] "iteration number: "
[1] 14
[1] "iteration number: "
[1] 15
[1] "iteration number: "
[1] 16
[1] "iteration number: "
[1] 17
[1] "iteration number: "
[1] 18
[1] "iteration number: "
[1] 19
[1] "iteration number: "
[1] 20
[1] "iteration number: "
[1] 21
[1] "Best fitness updated to:"
[1] -61.7268
[1] "Best solution:"
 [1] 0 1 1 1 0 0 1 0 0 0 0 0 1 1 1 0 0 1 1 1 1 1 1 1 0 0 1 1 0 0 1 1 1 1 0 1 0 0
[39] 1 1
[1] 23
[1] "iteration number: "
[1] 22
[1] "iteration number: "
[1] 23
[1] "iteration number: "
[1] 24
[1] "iteration number: "
[1] 25
[1] "iteration number: "
[1] 26
[1] "iteration number: "
[1] 27
[1] "iteration number: "
[1] 28
[1] "iteration number: "
[1] 29
[1] "iteration number: "
[1] 30
[1] "iteration number: "
[1] 31
[1] "Minimum fitness threshold not reached after 31 iterations! Continuing PSO."
[1] "iteration number: "
[1] 32
[1] "Best fitness updated to:"
[1] -62.26346
[1] "Best solution:"
 [1] 0 1 1 1 0 0 1 0 0 0 1 0 1 0 1 0 0 1 1 1 1 1 1 1 0 0 1 1 0 0 1 1 1 0 0 1 0 0
[39] 1 1
[1] 22
[1] "Minimum fitness threshold not reached after 32 iterations! Continuing PSO."
[1] "iteration number: "
[1] 33
[1] "Minimum fitness threshold not reached after 33 iterations! Continuing PSO."
[1] "iteration number: "
[1] 34
[1] "Minimum fitness threshold not reached after 34 iterations! Continuing PSO."
[1] "iteration number: "
[1] 35
[1] "Minimum fitness threshold not reached after 35 iterations! Continuing PSO."
[1] "iteration number: "
[1] 36
[1] "Minimum fitness threshold not reached after 36 iterations! Continuing PSO."
[1] "iteration number: "
[1] 37
[1] "Minimum fitness threshold not reached after 37 iterations! Continuing PSO."
[1] "iteration number: "
[1] 38
[1] "Minimum fitness threshold not reached after 38 iterations! Continuing PSO."
[1] "iteration number: "
[1] 39
[1] "Minimum fitness threshold not reached after 39 iterations! Continuing PSO."
[1] "iteration number: "
[1] 40
[1] "Minimum fitness threshold not reached after 40 iterations! Continuing PSO."
[1] "iteration number: "
[1] 41
[1] "Best fitness updated to:"
[1] -66.35293
[1] "Best solution:"
 [1] 0 1 1 1 0 0 1 1 0 1 1 0 1 0 0 0 0 1 1 1 1 1 1 1 0 0 1 1 0 1 1 1 1 0 1 1 0 0
[39] 1 1
[1] 25
[1] "Minimum fitness threshold not reached after 41 iterations! Continuing PSO."
[1] "iteration number: "
[1] 42
[1] "Minimum fitness threshold not reached after 42 iterations! Continuing PSO."
[1] "iteration number: "
[1] 43
[1] "Minimum fitness threshold not reached after 43 iterations! Continuing PSO."
[1] "iteration number: "
[1] 44
[1] "Minimum fitness threshold not reached after 44 iterations! Continuing PSO."
[1] "iteration number: "
[1] 45
[1] "Minimum fitness threshold not reached after 45 iterations! Continuing PSO."
[1] "iteration number: "
[1] 46
[1] "Minimum fitness threshold not reached after 46 iterations! Continuing PSO."
[1] "iteration number: "
[1] 47
[1] "Minimum fitness threshold not reached after 47 iterations! Continuing PSO."
[1] "iteration number: "
[1] 48
[1] "Minimum fitness threshold not reached after 48 iterations! Continuing PSO."
[1] "iteration number: "
[1] 49
[1] "Minimum fitness threshold not reached after 49 iterations! Continuing PSO."
[1] "iteration number: "
[1] 50
[1] "Minimum fitness threshold not reached after 50 iterations! Continuing PSO."
[1] "iteration number: "
[1] 51
[1] "Minimum fitness threshold not reached after 51 iterations! Continuing PSO."
[1] "iteration number: "
[1] 52
[1] "RE-INITIALIZING..."
[1] 1
[1] 30
[1] 40
[1] "Minimum fitness threshold not reached after 52 iterations! Continuing PSO."
[1] "iteration number: "
[1] 53
[1] "Minimum fitness threshold not reached after 53 iterations! Continuing PSO."
[1] "iteration number: "
[1] 54
[1] "Minimum fitness threshold not reached after 54 iterations! Continuing PSO."
[1] "iteration number: "
[1] 55
[1] "Minimum fitness threshold not reached after 55 iterations! Continuing PSO."
[1] "iteration number: "
[1] 56
[1] "Minimum fitness threshold not reached after 56 iterations! Continuing PSO."
[1] "iteration number: "
[1] 57
[1] "Minimum fitness threshold not reached after 57 iterations! Continuing PSO."
[1] "iteration number: "
[1] 58
[1] "Minimum fitness threshold not reached after 58 iterations! Continuing PSO."
[1] "iteration number: "
[1] 59
[1] "Minimum fitness threshold not reached after 59 iterations! Continuing PSO."
[1] "iteration number: "
[1] 60
[1] "Minimum fitness threshold not reached after 60 iterations! Continuing PSO."
[1] "iteration number: "
[1] 61
[1] "Best fitness updated to:"
[1] -67.75804
[1] "Best solution:"
 [1] 0 1 1 1 0 0 1 1 0 1 1 0 1 0 0 0 0 0 1 1 1 1 1 1 0 0 1 0 0 1 1 1 1 0 1 1 0 0
[39] 1 1
[1] 23
[1] "Minimum fitness threshold not reached after 61 iterations! Continuing PSO."
[1] "iteration number: "
[1] 62
[1] "Minimum fitness threshold not reached after 62 iterations! Continuing PSO."
[1] "iteration number: "
[1] 63
[1] "Minimum fitness threshold not reached after 63 iterations! Continuing PSO."
[1] "iteration number: "
[1] 64
[1] "Minimum fitness threshold not reached after 64 iterations! Continuing PSO."
[1] "iteration number: "
[1] 65
[1] "Minimum fitness threshold not reached after 65 iterations! Continuing PSO."
[1] "iteration number: "
[1] 66
[1] "Minimum fitness threshold not reached after 66 iterations! Continuing PSO."
[1] "iteration number: "
[1] 67
[1] "Minimum fitness threshold not reached after 67 iterations! Continuing PSO."
[1] "iteration number: "
[1] 68
[1] "Minimum fitness threshold not reached after 68 iterations! Continuing PSO."
[1] "iteration number: "
[1] 69
[1] "Minimum fitness threshold not reached after 69 iterations! Continuing PSO."
[1] "iteration number: "
[1] 70
[1] "Minimum fitness threshold not reached after 70 iterations! Continuing PSO."
[1] "iteration number: "
[1] 71
[1] "Minimum fitness threshold not reached after 71 iterations! Continuing PSO."
[1] "iteration number: "
[1] 72
[1] "RE-INITIALIZING..."
[1] 1
[1] 30
[1] 40
[1] "Minimum fitness threshold not reached after 72 iterations! Continuing PSO."
[1] "iteration number: "
[1] 73
[1] "Minimum fitness threshold not reached after 73 iterations! Continuing PSO."
[1] "iteration number: "
[1] 74
[1] "Minimum fitness threshold not reached after 74 iterations! Continuing PSO."
[1] "iteration number: "
[1] 75
[1] "Minimum fitness threshold not reached after 75 iterations! Continuing PSO."
[1] "iteration number: "
[1] 76
[1] "Minimum fitness threshold not reached after 76 iterations! Continuing PSO."
[1] "iteration number: "
[1] 77
[1] "Minimum fitness threshold not reached after 77 iterations! Continuing PSO."
[1] "iteration number: "
[1] 78
[1] "Minimum fitness threshold not reached after 78 iterations! Continuing PSO."
[1] "iteration number: "
[1] 79
[1] "Minimum fitness threshold not reached after 79 iterations! Continuing PSO."
[1] "iteration number: "
[1] 80
[1] "Minimum fitness threshold not reached after 80 iterations! Continuing PSO."
[1] "iteration number: "
[1] 81
[1] "Minimum fitness threshold not reached after 81 iterations! Continuing PSO."
[1] "iteration number: "
[1] 82
[1] "Minimum fitness threshold not reached after 82 iterations! Continuing PSO."
[1] "iteration number: "
[1] 83
[1] "RE-INITIALIZING..."
[1] 2
[1] 30
[1] 40
[1] "Minimum fitness threshold not reached after 83 iterations! Continuing PSO."
[1] "iteration number: "
[1] 84
[1] "Minimum fitness threshold not reached after 84 iterations! Continuing PSO."
[1] "iteration number: "
[1] 85
[1] "Minimum fitness threshold not reached after 85 iterations! Continuing PSO."
[1] "iteration number: "
[1] 86
[1] "Minimum fitness threshold not reached after 86 iterations! Continuing PSO."
[1] "iteration number: "
[1] 87
[1] "Minimum fitness threshold not reached after 87 iterations! Continuing PSO."
[1] "iteration number: "
[1] 88
[1] "Minimum fitness threshold not reached after 88 iterations! Continuing PSO."
[1] "iteration number: "
[1] 89
[1] "Minimum fitness threshold not reached after 89 iterations! Continuing PSO."
[1] "iteration number: "
[1] 90
[1] "Minimum fitness threshold not reached after 90 iterations! Continuing PSO."
[1] "iteration number: "
[1] 91
[1] "Minimum fitness threshold not reached after 91 iterations! Continuing PSO."
[1] "iteration number: "
[1] 92
[1] "Minimum fitness threshold not reached after 92 iterations! Continuing PSO."
[1] "iteration number: "
[1] 93
[1] "Minimum fitness threshold not reached after 93 iterations! Continuing PSO."
[1] "iteration number: "
[1] 94
[1] "RE-INITIALIZING..."
[1] 3
[1] 30
[1] 40
[1] "Minimum fitness threshold not reached after 94 iterations! Continuing PSO."
[1] "iteration number: "
[1] 95
[1] "Minimum fitness threshold not reached after 95 iterations! Continuing PSO."
[1] "iteration number: "
[1] 96
[1] "Minimum fitness threshold not reached after 96 iterations! Continuing PSO."
[1] "iteration number: "
[1] 97
[1] "Minimum fitness threshold not reached after 97 iterations! Continuing PSO."
[1] "iteration number: "
[1] 98
[1] "Minimum fitness threshold not reached after 98 iterations! Continuing PSO."
[1] "iteration number: "
[1] 99
[1] "Minimum fitness threshold not reached after 99 iterations! Continuing PSO."
[1] "iteration number: "
[1] 100
[1] "Minimum fitness threshold not reached after 100 iterations! Continuing PSO."
[1] "iteration number: "
[1] 101
[1] "Minimum fitness threshold not reached after 101 iterations! Continuing PSO."
[1] "iteration number: "
[1] 102
[1] "Minimum fitness threshold not reached after 102 iterations! Continuing PSO."
[1] "iteration number: "
[1] 103
[1] "Minimum fitness threshold not reached after 103 iterations! Continuing PSO."
[1] "iteration number: "
[1] 104
[1] "Minimum fitness threshold not reached after 104 iterations! Continuing PSO."
[1] "iteration number: "
[1] 105
[1] "RE-INITIALIZING..."
[1] 4
[1] 30
[1] 40
[1] "Minimum fitness threshold not reached after 105 iterations! Continuing PSO."
[1] "iteration number: "
[1] 106
[1] "Minimum fitness threshold not reached after 106 iterations! Continuing PSO."
[1] "iteration number: "
[1] 107
[1] "Minimum fitness threshold not reached after 107 iterations! Continuing PSO."
[1] "iteration number: "
[1] 108
[1] "Minimum fitness threshold not reached after 108 iterations! Continuing PSO."
[1] "iteration number: "
[1] 109
[1] "Minimum fitness threshold not reached after 109 iterations! Continuing PSO."
[1] "iteration number: "
[1] 110
[1] "Minimum fitness threshold not reached after 110 iterations! Continuing PSO."
[1] "iteration number: "
[1] 111
[1] "Minimum fitness threshold not reached after 111 iterations! Continuing PSO."
[1] "iteration number: "
[1] 112
[1] "Minimum fitness threshold not reached after 112 iterations! Continuing PSO."
[1] "iteration number: "
[1] 113
[1] "Minimum fitness threshold not reached after 113 iterations! Continuing PSO."
[1] "iteration number: "
[1] 114
[1] "Minimum fitness threshold not reached after 114 iterations! Continuing PSO."
[1] "iteration number: "
[1] 115
[1] "Minimum fitness threshold not reached after 115 iterations! Continuing PSO."
[1] "iteration number: "
[1] 116
[1] "RE-INITIALIZING..."
[1] 5
[1] 30
[1] 40
[1] "Minimum fitness threshold not reached after 116 iterations! Continuing PSO."
[1] "iteration number: "
[1] 117
[1] "Minimum fitness threshold not reached after 117 iterations! Continuing PSO."
[1] "iteration number: "
[1] 118
[1] "Minimum fitness threshold not reached after 118 iterations! Continuing PSO."
[1] "iteration number: "
[1] 119
[1] "Minimum fitness threshold not reached after 119 iterations! Continuing PSO."
[1] "iteration number: "
[1] 120
[1] "Minimum fitness threshold not reached after 120 iterations! Continuing PSO."
[1] "iteration number: "
[1] 121
[1] "Minimum fitness threshold not reached after 121 iterations! Continuing PSO."
[1] "iteration number: "
[1] 122
[1] "Minimum fitness threshold not reached after 122 iterations! Continuing PSO."
[1] "iteration number: "
[1] 123
[1] "Minimum fitness threshold not reached after 123 iterations! Continuing PSO."
[1] "iteration number: "
[1] 124
[1] "Minimum fitness threshold not reached after 124 iterations! Continuing PSO."
[1] "iteration number: "
[1] 125
[1] "Minimum fitness threshold not reached after 125 iterations! Continuing PSO."
[1] "iteration number: "
[1] 126
[1] "Minimum fitness threshold not reached after 126 iterations! Continuing PSO."
[1] "iteration number: "
[1] 127
[1] "RE-INITIALIZING..."
[1] 6
[1] 30
[1] 40
[1] "Minimum fitness threshold not reached after 127 iterations! Continuing PSO."
[1] "iteration number: "
[1] 128
[1] "Minimum fitness threshold not reached after 128 iterations! Continuing PSO."
[1] "iteration number: "
[1] 129
[1] "Minimum fitness threshold not reached after 129 iterations! Continuing PSO."
[1] "iteration number: "
[1] 130
[1] "Minimum fitness threshold not reached after 130 iterations! Continuing PSO."
[1] "iteration number: "
[1] 131
[1] "Minimum fitness threshold not reached after 131 iterations! Continuing PSO."
[1] "iteration number: "
[1] 132
[1] "Minimum fitness threshold not reached after 132 iterations! Continuing PSO."
[1] "iteration number: "
[1] 133
[1] "Minimum fitness threshold not reached after 133 iterations! Continuing PSO."
[1] "iteration number: "
[1] 134
[1] "Minimum fitness threshold not reached after 134 iterations! Continuing PSO."
[1] "iteration number: "
[1] 135
[1] "Minimum fitness threshold not reached after 135 iterations! Continuing PSO."
[1] "iteration number: "
[1] 136
[1] "Minimum fitness threshold not reached after 136 iterations! Continuing PSO."
[1] "iteration number: "
[1] 137
[1] "Minimum fitness threshold not reached after 137 iterations! Continuing PSO."
[1] "iteration number: "
[1] 138
[1] "RE-INITIALIZING..."
[1] 7
[1] 30
[1] 40
[1] "Minimum fitness threshold not reached after 138 iterations! Continuing PSO."
[1] "iteration number: "
[1] 139
[1] "Minimum fitness threshold not reached after 139 iterations! Continuing PSO."
[1] "iteration number: "
[1] 140
[1] "Minimum fitness threshold not reached after 140 iterations! Continuing PSO."
[1] "iteration number: "
[1] 141
[1] "Minimum fitness threshold not reached after 141 iterations! Continuing PSO."
[1] "iteration number: "
[1] 142
[1] "Minimum fitness threshold not reached after 142 iterations! Continuing PSO."
[1] "iteration number: "
[1] 143
[1] "Minimum fitness threshold not reached after 143 iterations! Continuing PSO."
[1] "iteration number: "
[1] 144
[1] "Minimum fitness threshold not reached after 144 iterations! Continuing PSO."
[1] "iteration number: "
[1] 145
[1] "Minimum fitness threshold not reached after 145 iterations! Continuing PSO."
[1] "iteration number: "
[1] 146
[1] "Minimum fitness threshold not reached after 146 iterations! Continuing PSO."
[1] "iteration number: "
[1] 147
[1] "Minimum fitness threshold not reached after 147 iterations! Continuing PSO."
[1] "iteration number: "
[1] 148
[1] "Minimum fitness threshold not reached after 148 iterations! Continuing PSO."
[1] "iteration number: "
[1] 149
[1] "RE-INITIALIZING..."
[1] 8
[1] 30
[1] 40
[1] "Minimum fitness threshold not reached after 149 iterations! Continuing PSO."
[1] "iteration number: "
[1] 150
[1] "Minimum fitness threshold not reached after 150 iterations! Continuing PSO."
[1] "iteration number: "
[1] 151
[1] "Minimum fitness threshold not reached after 151 iterations! Continuing PSO."
[1] "iteration number: "
[1] 152
[1] "Minimum fitness threshold not reached after 152 iterations! Continuing PSO."
[1] "iteration number: "
[1] 153
[1] "Minimum fitness threshold not reached after 153 iterations! Continuing PSO."
[1] "iteration number: "
[1] 154
[1] "Minimum fitness threshold not reached after 154 iterations! Continuing PSO."
[1] "iteration number: "
[1] 155
[1] "Minimum fitness threshold not reached after 155 iterations! Continuing PSO."
[1] "iteration number: "
[1] 156
[1] "Minimum fitness threshold not reached after 156 iterations! Continuing PSO."
[1] "iteration number: "
[1] 157
[1] "Minimum fitness threshold not reached after 157 iterations! Continuing PSO."
[1] "iteration number: "
[1] 158
[1] "Minimum fitness threshold not reached after 158 iterations! Continuing PSO."
[1] "iteration number: "
[1] 159
[1] "Minimum fitness threshold not reached after 159 iterations! Continuing PSO."
[1] "iteration number: "
[1] 160
[1] "RE-INITIALIZING..."
[1] 9
[1] 30
[1] 40
[1] "Minimum fitness threshold not reached after 160 iterations! Continuing PSO."
[1] "iteration number: "
[1] 161
[1] "Minimum fitness threshold not reached after 161 iterations! Continuing PSO."
[1] "iteration number: "
[1] 162
[1] "Minimum fitness threshold not reached after 162 iterations! Continuing PSO."
[1] "iteration number: "
[1] 163
[1] "Minimum fitness threshold not reached after 163 iterations! Continuing PSO."
[1] "iteration number: "
[1] 164
[1] "Minimum fitness threshold not reached after 164 iterations! Continuing PSO."
[1] "iteration number: "
[1] 165
[1] "Minimum fitness threshold not reached after 165 iterations! Continuing PSO."
[1] "iteration number: "
[1] 166
[1] "Minimum fitness threshold not reached after 166 iterations! Continuing PSO."
[1] "iteration number: "
[1] 167
[1] "Minimum fitness threshold not reached after 167 iterations! Continuing PSO."
[1] "iteration number: "
[1] 168
[1] "Minimum fitness threshold not reached after 168 iterations! Continuing PSO."
[1] "iteration number: "
[1] 169
[1] "Minimum fitness threshold not reached after 169 iterations! Continuing PSO."
[1] "iteration number: "
[1] 170
[1] "Minimum fitness threshold not reached after 170 iterations! Continuing PSO."
[1] "iteration number: "
[1] 171
[1] "RE-INITIALIZING..."
[1] 10
[1] 30
[1] 40
[1] "Minimum fitness threshold not reached after 171 iterations! Continuing PSO."
[1] "iteration number: "
[1] 172
[1] "Minimum fitness threshold not reached after 172 iterations! Continuing PSO."
[1] "iteration number: "
[1] 173
[1] "Minimum fitness threshold not reached after 173 iterations! Continuing PSO."
[1] "iteration number: "
[1] 174
[1] "Minimum fitness threshold not reached after 174 iterations! Continuing PSO."
[1] "iteration number: "
[1] 175
[1] "Minimum fitness threshold not reached after 175 iterations! Continuing PSO."
[1] "iteration number: "
[1] 176
[1] "Minimum fitness threshold not reached after 176 iterations! Continuing PSO."
[1] "iteration number: "
[1] 177
[1] "Minimum fitness threshold not reached after 177 iterations! Continuing PSO."
[1] "iteration number: "
[1] 178
[1] "Minimum fitness threshold not reached after 178 iterations! Continuing PSO."
[1] "iteration number: "
[1] 179
[1] "Minimum fitness threshold not reached after 179 iterations! Continuing PSO."
[1] "iteration number: "
[1] 180
[1] "Minimum fitness threshold not reached after 180 iterations! Continuing PSO."
[1] "iteration number: "
[1] 181
[1] "Minimum fitness threshold not reached after 181 iterations! Continuing PSO."
[1] "iteration number: "
[1] 182
[1] "RE-INITIALIZING..."
[1] 11
[1] 30
[1] 40
[1] "Minimum fitness threshold not reached after 182 iterations! Continuing PSO."
[1] "iteration number: "
[1] 183
[1] "Minimum fitness threshold not reached after 183 iterations! Continuing PSO."
[1] "iteration number: "
[1] 184
[1] "Minimum fitness threshold not reached after 184 iterations! Continuing PSO."
[1] "iteration number: "
[1] 185
[1] "Minimum fitness threshold not reached after 185 iterations! Continuing PSO."
[1] "iteration number: "
[1] 186
[1] "Minimum fitness threshold not reached after 186 iterations! Continuing PSO."
[1] "iteration number: "
[1] 187
[1] "Minimum fitness threshold not reached after 187 iterations! Continuing PSO."
[1] "iteration number: "
[1] 188
[1] "Minimum fitness threshold not reached after 188 iterations! Continuing PSO."
[1] "iteration number: "
[1] 189
[1] "Minimum fitness threshold not reached after 189 iterations! Continuing PSO."
[1] "iteration number: "
[1] 190
[1] "Minimum fitness threshold not reached after 190 iterations! Continuing PSO."
[1] "iteration number: "
[1] 191
[1] "Minimum fitness threshold not reached after 191 iterations! Continuing PSO."
[1] "iteration number: "
[1] 192
[1] "Minimum fitness threshold not reached after 192 iterations! Continuing PSO."
[1] "iteration number: "
[1] 193
[1] "RE-INITIALIZING..."
[1] 12
[1] 30
[1] 40
[1] "Minimum fitness threshold not reached after 193 iterations! Continuing PSO."
[1] "iteration number: "
[1] 194
[1] "Minimum fitness threshold not reached after 194 iterations! Continuing PSO."
[1] "iteration number: "
[1] 195
[1] "Minimum fitness threshold not reached after 195 iterations! Continuing PSO."
[1] "iteration number: "
[1] 196
[1] "Minimum fitness threshold not reached after 196 iterations! Continuing PSO."
[1] "iteration number: "
[1] 197
[1] "Minimum fitness threshold not reached after 197 iterations! Continuing PSO."
[1] "iteration number: "
[1] 198
[1] "Minimum fitness threshold not reached after 198 iterations! Continuing PSO."
[1] "iteration number: "
[1] 199
[1] "Minimum fitness threshold not reached after 199 iterations! Continuing PSO."
[1] "iteration number: "
[1] 200
[1] "Minimum fitness threshold not reached after 200 iterations! Continuing PSO."
[1] "iteration number: "
[1] 201
[1] "Minimum fitness threshold not reached after 201 iterations! Continuing PSO."
[1] "iteration number: "
[1] 202
[1] "Minimum fitness threshold not reached after 202 iterations! Continuing PSO."
[1] "iteration number: "
[1] 203
[1] "Minimum fitness threshold not reached after 203 iterations! Continuing PSO."
[1] "iteration number: "
[1] 204
[1] "RE-INITIALIZING..."
[1] 13
[1] 30
[1] 40
[1] "Minimum fitness threshold not reached after 204 iterations! Continuing PSO."
[1] "iteration number: "
[1] 205
[1] "Minimum fitness threshold not reached after 205 iterations! Continuing PSO."
[1] "iteration number: "
[1] 206
[1] "Minimum fitness threshold not reached after 206 iterations! Continuing PSO."
[1] "iteration number: "
[1] 207
[1] "Minimum fitness threshold not reached after 207 iterations! Continuing PSO."
[1] "iteration number: "
[1] 208
[1] "Minimum fitness threshold not reached after 208 iterations! Continuing PSO."
[1] "iteration number: "
[1] 209
[1] "Minimum fitness threshold not reached after 209 iterations! Continuing PSO."
[1] "iteration number: "
[1] 210
[1] "Minimum fitness threshold not reached after 210 iterations! Continuing PSO."
[1] "iteration number: "
[1] 211
[1] "Minimum fitness threshold not reached after 211 iterations! Continuing PSO."
[1] "iteration number: "
[1] 212
[1] "Minimum fitness threshold not reached after 212 iterations! Continuing PSO."
[1] "iteration number: "
[1] 213
[1] "Minimum fitness threshold not reached after 213 iterations! Continuing PSO."
[1] "iteration number: "
[1] 214
[1] "Minimum fitness threshold not reached after 214 iterations! Continuing PSO."
[1] "iteration number: "
[1] 215
[1] "RE-INITIALIZING..."
[1] 14
[1] 30
[1] 40
[1] "Minimum fitness threshold not reached after 215 iterations! Continuing PSO."
[1] "iteration number: "
[1] 216
[1] "Minimum fitness threshold not reached after 216 iterations! Continuing PSO."
[1] "iteration number: "
[1] 217
[1] "Minimum fitness threshold not reached after 217 iterations! Continuing PSO."
[1] "iteration number: "
[1] 218
[1] "Minimum fitness threshold not reached after 218 iterations! Continuing PSO."
[1] "iteration number: "
[1] 219
[1] "Minimum fitness threshold not reached after 219 iterations! Continuing PSO."
[1] "iteration number: "
[1] 220
[1] "Minimum fitness threshold not reached after 220 iterations! Continuing PSO."
[1] "iteration number: "
[1] 221
[1] "Minimum fitness threshold not reached after 221 iterations! Continuing PSO."
[1] "iteration number: "
[1] 222
[1] "Minimum fitness threshold not reached after 222 iterations! Continuing PSO."
[1] "iteration number: "
[1] 223
[1] "Minimum fitness threshold not reached after 223 iterations! Continuing PSO."
[1] "iteration number: "
[1] 224
[1] "Minimum fitness threshold not reached after 224 iterations! Continuing PSO."
[1] "iteration number: "
[1] 225
[1] "Minimum fitness threshold not reached after 225 iterations! Continuing PSO."
[1] "iteration number: "
[1] 226
[1] "RE-INITIALIZING..."
[1] 15
[1] 30
[1] 40
[1] "Minimum fitness threshold not reached after 226 iterations! Continuing PSO."
[1] "iteration number: "
[1] 227
[1] "Minimum fitness threshold not reached after 227 iterations! Continuing PSO."
[1] "iteration number: "
[1] 228
[1] "Minimum fitness threshold not reached after 228 iterations! Continuing PSO."
[1] "iteration number: "
[1] 229
[1] "Minimum fitness threshold not reached after 229 iterations! Continuing PSO."
[1] "iteration number: "
[1] 230
[1] "Minimum fitness threshold not reached after 230 iterations! Continuing PSO."
[1] "iteration number: "
[1] 231
[1] "Minimum fitness threshold not reached after 231 iterations! Continuing PSO."
[1] "iteration number: "
[1] 232
[1] "Minimum fitness threshold not reached after 232 iterations! Continuing PSO."
[1] "iteration number: "
[1] 233
[1] "Minimum fitness threshold not reached after 233 iterations! Continuing PSO."
[1] "iteration number: "
[1] 234
[1] "Minimum fitness threshold not reached after 234 iterations! Continuing PSO."
[1] "iteration number: "
[1] 235
[1] "Minimum fitness threshold not reached after 235 iterations! Continuing PSO."
[1] "iteration number: "
[1] 236
[1] "Minimum fitness threshold not reached after 236 iterations! Continuing PSO."
[1] "iteration number: "
[1] 237
[1] "RE-INITIALIZING..."
[1] 16
[1] 30
[1] 40
[1] "Minimum fitness threshold not reached after 237 iterations! Continuing PSO."
[1] "iteration number: "
[1] 238
[1] "Minimum fitness threshold not reached after 238 iterations! Continuing PSO."
[1] "iteration number: "
[1] 239
[1] "Minimum fitness threshold not reached after 239 iterations! Continuing PSO."
[1] "iteration number: "
[1] 240
[1] "Minimum fitness threshold not reached after 240 iterations! Continuing PSO."
[1] "iteration number: "
[1] 241
[1] "Minimum fitness threshold not reached after 241 iterations! Continuing PSO."
[1] "iteration number: "
[1] 242
[1] "Minimum fitness threshold not reached after 242 iterations! Continuing PSO."
[1] "iteration number: "
[1] 243
[1] "Minimum fitness threshold not reached after 243 iterations! Continuing PSO."
[1] "iteration number: "
[1] 244
[1] "Minimum fitness threshold not reached after 244 iterations! Continuing PSO."
[1] "iteration number: "
[1] 245
[1] "Minimum fitness threshold not reached after 245 iterations! Continuing PSO."
[1] "iteration number: "
[1] 246
[1] "Minimum fitness threshold not reached after 246 iterations! Continuing PSO."
[1] "iteration number: "
[1] 247
[1] "Minimum fitness threshold not reached after 247 iterations! Continuing PSO."
[1] "iteration number: "
[1] 248
[1] "RE-INITIALIZING..."
[1] 17
[1] 30
[1] 40
[1] "Minimum fitness threshold not reached after 248 iterations! Continuing PSO."
[1] "iteration number: "
[1] 249
[1] "Minimum fitness threshold not reached after 249 iterations! Continuing PSO."
[1] "iteration number: "
[1] 250
[1] "Minimum fitness threshold not reached after 250 iterations! Continuing PSO."
[1] "iteration number: "
[1] 251
[1] "Minimum fitness threshold not reached after 251 iterations! Continuing PSO."
[1] "iteration number: "
[1] 252
[1] "Minimum fitness threshold not reached after 252 iterations! Continuing PSO."
[1] "iteration number: "
[1] 253
[1] "Minimum fitness threshold not reached after 253 iterations! Continuing PSO."
[1] "iteration number: "
[1] 254
[1] "Minimum fitness threshold not reached after 254 iterations! Continuing PSO."
[1] "iteration number: "
[1] 255
[1] "Minimum fitness threshold not reached after 255 iterations! Continuing PSO."
[1] "iteration number: "
[1] 256
[1] "Minimum fitness threshold not reached after 256 iterations! Continuing PSO."
[1] "iteration number: "
[1] 257
[1] "Minimum fitness threshold not reached after 257 iterations! Continuing PSO."
[1] "iteration number: "
[1] 258
[1] "Minimum fitness threshold not reached after 258 iterations! Continuing PSO."
[1] "iteration number: "
[1] 259
[1] "RE-INITIALIZING..."
[1] 18
[1] 30
[1] 40
[1] "Minimum fitness threshold not reached after 259 iterations! Continuing PSO."
[1] "iteration number: "
[1] 260
[1] "Minimum fitness threshold not reached after 260 iterations! Continuing PSO."
[1] "iteration number: "
[1] 261
[1] "Minimum fitness threshold not reached after 261 iterations! Continuing PSO."
[1] "iteration number: "
[1] 262
[1] "Minimum fitness threshold not reached after 262 iterations! Continuing PSO."
[1] "iteration number: "
[1] 263
[1] "Minimum fitness threshold not reached after 263 iterations! Continuing PSO."
[1] "iteration number: "
[1] 264
[1] "Minimum fitness threshold not reached after 264 iterations! Continuing PSO."
[1] "iteration number: "
[1] 265
[1] "Minimum fitness threshold not reached after 265 iterations! Continuing PSO."
[1] "iteration number: "
[1] 266
[1] "Minimum fitness threshold not reached after 266 iterations! Continuing PSO."
[1] "iteration number: "
[1] 267
[1] "Minimum fitness threshold not reached after 267 iterations! Continuing PSO."
[1] "iteration number: "
[1] 268
[1] "Minimum fitness threshold not reached after 268 iterations! Continuing PSO."
[1] "iteration number: "
[1] 269
[1] "Minimum fitness threshold not reached after 269 iterations! Continuing PSO."
[1] "iteration number: "
[1] 270
[1] "RE-INITIALIZING..."
[1] 19
[1] 30
[1] 40
[1] "Minimum fitness threshold not reached after 270 iterations! Continuing PSO."
[1] "iteration number: "
[1] 271
[1] "Minimum fitness threshold not reached after 271 iterations! Continuing PSO."
[1] "iteration number: "
[1] 272
[1] "Minimum fitness threshold not reached after 272 iterations! Continuing PSO."
[1] "iteration number: "
[1] 273
[1] "Minimum fitness threshold not reached after 273 iterations! Continuing PSO."
[1] "iteration number: "
[1] 274
[1] "Minimum fitness threshold not reached after 274 iterations! Continuing PSO."
[1] "iteration number: "
[1] 275
[1] "Minimum fitness threshold not reached after 275 iterations! Continuing PSO."
[1] "iteration number: "
[1] 276
[1] "Minimum fitness threshold not reached after 276 iterations! Continuing PSO."
[1] "iteration number: "
[1] 277
[1] "Minimum fitness threshold not reached after 277 iterations! Continuing PSO."
[1] "iteration number: "
[1] 278
[1] "Minimum fitness threshold not reached after 278 iterations! Continuing PSO."
[1] "iteration number: "
[1] 279
[1] "Minimum fitness threshold not reached after 279 iterations! Continuing PSO."
[1] "iteration number: "
[1] 280
[1] "Minimum fitness threshold not reached after 280 iterations! Continuing PSO."
[1] "iteration number: "
[1] 281
[1] "RE-INITIALIZING..."
[1] 20
[1] 30
[1] 40
[1] "Minimum fitness threshold not reached after 281 iterations! Continuing PSO."
[1] "iteration number: "
[1] 282
[1] "Minimum fitness threshold not reached after 282 iterations! Continuing PSO."
[1] "iteration number: "
[1] 283
[1] "Minimum fitness threshold not reached after 283 iterations! Continuing PSO."
[1] "iteration number: "
[1] 284
[1] "Minimum fitness threshold not reached after 284 iterations! Continuing PSO."
[1] "iteration number: "
[1] 285
[1] "Minimum fitness threshold not reached after 285 iterations! Continuing PSO."
[1] "iteration number: "
[1] 286
[1] "Minimum fitness threshold not reached after 286 iterations! Continuing PSO."
[1] "iteration number: "
[1] 287
[1] "Minimum fitness threshold not reached after 287 iterations! Continuing PSO."
[1] "iteration number: "
[1] 288
[1] "Minimum fitness threshold not reached after 288 iterations! Continuing PSO."
[1] "iteration number: "
[1] 289
[1] "Minimum fitness threshold not reached after 289 iterations! Continuing PSO."
[1] "iteration number: "
[1] 290
[1] "Minimum fitness threshold not reached after 290 iterations! Continuing PSO."
[1] "iteration number: "
[1] 291
[1] "Minimum fitness threshold not reached after 291 iterations! Continuing PSO."
[1] "iteration number: "
[1] 292
[1] "RE-INITIALIZING..."
[1] 21
[1] 30
[1] 40
[1] "Minimum fitness threshold not reached after 292 iterations! Continuing PSO."
[1] "iteration number: "
[1] 293
[1] "Minimum fitness threshold not reached after 293 iterations! Continuing PSO."
[1] "iteration number: "
[1] 294
[1] "Minimum fitness threshold not reached after 294 iterations! Continuing PSO."
[1] "iteration number: "
[1] 295
[1] "Minimum fitness threshold not reached after 295 iterations! Continuing PSO."
[1] "iteration number: "
[1] 296
[1] "Minimum fitness threshold not reached after 296 iterations! Continuing PSO."
[1] "iteration number: "
[1] 297
[1] "Minimum fitness threshold not reached after 297 iterations! Continuing PSO."
[1] "iteration number: "
[1] 298
[1] "Minimum fitness threshold not reached after 298 iterations! Continuing PSO."
[1] "iteration number: "
[1] 299
[1] "Minimum fitness threshold not reached after 299 iterations! Continuing PSO."
[1] "iteration number: "
[1] 300
[1] "Minimum fitness threshold not reached after 300 iterations! Continuing PSO."
[1] "iteration number: "
[1] 301
[1] "Minimum fitness threshold not reached after 301 iterations! Continuing PSO."
[1] "iteration number: "
[1] 302
[1] "Minimum fitness threshold not reached after 302 iterations! Continuing PSO."
[1] "iteration number: "
[1] 303
[1] "RE-INITIALIZING..."
[1] 22
[1] 30
[1] 40
[1] "Minimum fitness threshold not reached after 303 iterations! Continuing PSO."
[1] "iteration number: "
[1] 304
[1] "Minimum fitness threshold not reached after 304 iterations! Continuing PSO."
[1] "iteration number: "
[1] 305
[1] "Minimum fitness threshold not reached after 305 iterations! Continuing PSO."
[1] "iteration number: "
[1] 306
[1] "Minimum fitness threshold not reached after 306 iterations! Continuing PSO."
[1] "iteration number: "
[1] 307
[1] "Minimum fitness threshold not reached after 307 iterations! Continuing PSO."
[1] "iteration number: "
[1] 308
[1] "Minimum fitness threshold not reached after 308 iterations! Continuing PSO."
[1] "iteration number: "
[1] 309
[1] "Minimum fitness threshold not reached after 309 iterations! Continuing PSO."
[1] "iteration number: "
[1] 310
[1] "Minimum fitness threshold not reached after 310 iterations! Continuing PSO."
[1] "iteration number: "
[1] 311
[1] "Minimum fitness threshold not reached after 311 iterations! Continuing PSO."
[1] "iteration number: "
[1] 312
[1] "Minimum fitness threshold not reached after 312 iterations! Continuing PSO."
[1] "iteration number: "
[1] 313
[1] "Minimum fitness threshold not reached after 313 iterations! Continuing PSO."
[1] "iteration number: "
[1] 314
[1] "RE-INITIALIZING..."
[1] 23
[1] 30
[1] 40
[1] "Minimum fitness threshold not reached after 314 iterations! Continuing PSO."
[1] "iteration number: "
[1] 315
[1] "Minimum fitness threshold not reached after 315 iterations! Continuing PSO."
[1] "iteration number: "
[1] 316
[1] "Minimum fitness threshold not reached after 316 iterations! Continuing PSO."
[1] "iteration number: "
[1] 317
[1] "Minimum fitness threshold not reached after 317 iterations! Continuing PSO."
[1] "iteration number: "
[1] 318
[1] "Minimum fitness threshold not reached after 318 iterations! Continuing PSO."
[1] "iteration number: "
[1] 319
[1] "Minimum fitness threshold not reached after 319 iterations! Continuing PSO."
[1] "iteration number: "
[1] 320
[1] "Minimum fitness threshold not reached after 320 iterations! Continuing PSO."
[1] "iteration number: "
[1] 321
[1] "Minimum fitness threshold not reached after 321 iterations! Continuing PSO."
[1] "iteration number: "
[1] 322
[1] "Minimum fitness threshold not reached after 322 iterations! Continuing PSO."
[1] "iteration number: "
[1] 323
[1] "Minimum fitness threshold not reached after 323 iterations! Continuing PSO."
[1] "iteration number: "
[1] 324
[1] "Minimum fitness threshold not reached after 324 iterations! Continuing PSO."
[1] "iteration number: "
[1] 325
[1] "RE-INITIALIZING..."
[1] 24
[1] 30
[1] 40
[1] "Minimum fitness threshold not reached after 325 iterations! Continuing PSO."
[1] "iteration number: "
[1] 326
[1] "Minimum fitness threshold not reached after 326 iterations! Continuing PSO."
[1] "iteration number: "
[1] 327
[1] "Minimum fitness threshold not reached after 327 iterations! Continuing PSO."
[1] "iteration number: "
[1] 328
[1] "Minimum fitness threshold not reached after 328 iterations! Continuing PSO."
[1] "iteration number: "
[1] 329
[1] "Minimum fitness threshold not reached after 329 iterations! Continuing PSO."
[1] "iteration number: "
[1] 330
[1] "Minimum fitness threshold not reached after 330 iterations! Continuing PSO."
[1] "iteration number: "
[1] 331
[1] "Minimum fitness threshold not reached after 331 iterations! Continuing PSO."
[1] "iteration number: "
[1] 332
[1] "Minimum fitness threshold not reached after 332 iterations! Continuing PSO."
[1] "iteration number: "
[1] 333
[1] "Minimum fitness threshold not reached after 333 iterations! Continuing PSO."
[1] "iteration number: "
[1] 334
[1] "Minimum fitness threshold not reached after 334 iterations! Continuing PSO."
[1] "iteration number: "
[1] 335
[1] "Minimum fitness threshold not reached after 335 iterations! Continuing PSO."
[1] "iteration number: "
[1] 336
[1] "RE-INITIALIZING..."
[1] 25
[1] 30
[1] 40
[1] "Minimum fitness threshold not reached after 336 iterations! Continuing PSO."
[1] "iteration number: "
[1] 337
[1] "Minimum fitness threshold not reached after 337 iterations! Continuing PSO."
[1] "iteration number: "
[1] 338
[1] "Minimum fitness threshold not reached after 338 iterations! Continuing PSO."
[1] "iteration number: "
[1] 339
[1] "Minimum fitness threshold not reached after 339 iterations! Continuing PSO."
[1] "iteration number: "
[1] 340
[1] "Minimum fitness threshold not reached after 340 iterations! Continuing PSO."
[1] "iteration number: "
[1] 341
[1] "Minimum fitness threshold not reached after 341 iterations! Continuing PSO."
[1] "iteration number: "
[1] 342
[1] "Minimum fitness threshold not reached after 342 iterations! Continuing PSO."
[1] "iteration number: "
[1] 343
[1] "Minimum fitness threshold not reached after 343 iterations! Continuing PSO."
[1] "iteration number: "
[1] 344
[1] "Minimum fitness threshold not reached after 344 iterations! Continuing PSO."
[1] "iteration number: "
[1] 345
[1] "Minimum fitness threshold not reached after 345 iterations! Continuing PSO."
[1] "iteration number: "
[1] 346
[1] "Minimum fitness threshold not reached after 346 iterations! Continuing PSO."
[1] "iteration number: "
[1] 347
[1] "RE-INITIALIZING..."
[1] 26
[1] 30
[1] 40
[1] "Minimum fitness threshold not reached after 347 iterations! Continuing PSO."
[1] "iteration number: "
[1] 348
[1] "Minimum fitness threshold not reached after 348 iterations! Continuing PSO."
[1] "iteration number: "
[1] 349
[1] "Minimum fitness threshold not reached after 349 iterations! Continuing PSO."
[1] "iteration number: "
[1] 350
[1] "Minimum fitness threshold not reached after 350 iterations! Continuing PSO."
[1] "iteration number: "
[1] 351
[1] "Minimum fitness threshold not reached after 351 iterations! Continuing PSO."
[1] "iteration number: "
[1] 352
[1] "Minimum fitness threshold not reached after 352 iterations! Continuing PSO."
[1] "iteration number: "
[1] 353
[1] "Minimum fitness threshold not reached after 353 iterations! Continuing PSO."
[1] "iteration number: "
[1] 354
[1] "Minimum fitness threshold not reached after 354 iterations! Continuing PSO."
[1] "iteration number: "
[1] 355
[1] "Minimum fitness threshold not reached after 355 iterations! Continuing PSO."
[1] "iteration number: "
[1] 356
[1] "Minimum fitness threshold not reached after 356 iterations! Continuing PSO."
[1] "iteration number: "
[1] 357
[1] "Minimum fitness threshold not reached after 357 iterations! Continuing PSO."
[1] "iteration number: "
[1] 358
[1] "RE-INITIALIZING..."
[1] 27
[1] 30
[1] 40
[1] "Minimum fitness threshold not reached after 358 iterations! Continuing PSO."
[1] "iteration number: "
[1] 359
[1] "Minimum fitness threshold not reached after 359 iterations! Continuing PSO."
[1] "iteration number: "
[1] 360
[1] "Minimum fitness threshold not reached after 360 iterations! Continuing PSO."
[1] "iteration number: "
[1] 361
[1] "Minimum fitness threshold not reached after 361 iterations! Continuing PSO."
[1] "iteration number: "
[1] 362
[1] "Minimum fitness threshold not reached after 362 iterations! Continuing PSO."
[1] "iteration number: "
[1] 363
[1] "Minimum fitness threshold not reached after 363 iterations! Continuing PSO."
[1] "iteration number: "
[1] 364
[1] "Minimum fitness threshold not reached after 364 iterations! Continuing PSO."
[1] "iteration number: "
[1] 365
[1] "Minimum fitness threshold not reached after 365 iterations! Continuing PSO."
[1] "iteration number: "
[1] 366
[1] "Minimum fitness threshold not reached after 366 iterations! Continuing PSO."
[1] "iteration number: "
[1] 367
[1] "Minimum fitness threshold not reached after 367 iterations! Continuing PSO."
[1] "iteration number: "
[1] 368
[1] "Minimum fitness threshold not reached after 368 iterations! Continuing PSO."
[1] "iteration number: "
[1] 369
[1] "RE-INITIALIZING..."
[1] 28
[1] 30
[1] 40
[1] "Minimum fitness threshold not reached after 369 iterations! Continuing PSO."
[1] "iteration number: "
[1] 370
[1] "Minimum fitness threshold not reached after 370 iterations! Continuing PSO."
[1] "iteration number: "
[1] 371
[1] "Minimum fitness threshold not reached after 371 iterations! Continuing PSO."
[1] "iteration number: "
[1] 372
[1] "Minimum fitness threshold not reached after 372 iterations! Continuing PSO."
[1] "iteration number: "
[1] 373
[1] "Minimum fitness threshold not reached after 373 iterations! Continuing PSO."
[1] "iteration number: "
[1] 374
[1] "Minimum fitness threshold not reached after 374 iterations! Continuing PSO."
[1] "iteration number: "
[1] 375
[1] "Minimum fitness threshold not reached after 375 iterations! Continuing PSO."
[1] "iteration number: "
[1] 376
[1] "Minimum fitness threshold not reached after 376 iterations! Continuing PSO."
[1] "iteration number: "
[1] 377
[1] "Minimum fitness threshold not reached after 377 iterations! Continuing PSO."
[1] "iteration number: "
[1] 378
[1] "Minimum fitness threshold not reached after 378 iterations! Continuing PSO."
[1] "iteration number: "
[1] 379
[1] "Minimum fitness threshold not reached after 379 iterations! Continuing PSO."
[1] "iteration number: "
[1] 380
[1] "RE-INITIALIZING..."
[1] 29
[1] 30
[1] 40
[1] "Minimum fitness threshold not reached after 380 iterations! Continuing PSO."
[1] "iteration number: "
[1] 381
[1] "Minimum fitness threshold not reached after 381 iterations! Continuing PSO."
[1] "iteration number: "
[1] 382
[1] "Minimum fitness threshold not reached after 382 iterations! Continuing PSO."
[1] "iteration number: "
[1] 383
[1] "Minimum fitness threshold not reached after 383 iterations! Continuing PSO."
[1] "iteration number: "
[1] 384
[1] "Minimum fitness threshold not reached after 384 iterations! Continuing PSO."
[1] "iteration number: "
[1] 385
[1] "Minimum fitness threshold not reached after 385 iterations! Continuing PSO."
[1] "iteration number: "
[1] 386
[1] "Minimum fitness threshold not reached after 386 iterations! Continuing PSO."
[1] "iteration number: "
[1] 387
[1] "Minimum fitness threshold not reached after 387 iterations! Continuing PSO."
[1] "iteration number: "
[1] 388
[1] "Minimum fitness threshold not reached after 388 iterations! Continuing PSO."
[1] "iteration number: "
[1] 389
[1] "Minimum fitness threshold not reached after 389 iterations! Continuing PSO."
[1] "iteration number: "
[1] 390
[1] "Minimum fitness threshold not reached after 390 iterations! Continuing PSO."
[1] "iteration number: "
[1] 391
[1] "RE-INITIALIZING..."
[1] 30
[1] 30
[1] 40
[1] "Minimum fitness threshold not reached after 391 iterations! Continuing PSO."
[1] "iteration number: "
[1] 392
[1] "Minimum fitness threshold not reached after 392 iterations! Continuing PSO."
[1] "iteration number: "
[1] 393
[1] "Minimum fitness threshold not reached after 393 iterations! Continuing PSO."
[1] "iteration number: "
[1] 394
[1] "Minimum fitness threshold not reached after 394 iterations! Continuing PSO."
[1] "iteration number: "
[1] 395
[1] "Minimum fitness threshold not reached after 395 iterations! Continuing PSO."
[1] "iteration number: "
[1] 396
[1] "Minimum fitness threshold not reached after 396 iterations! Continuing PSO."
[1] "iteration number: "
[1] 397
[1] "Minimum fitness threshold not reached after 397 iterations! Continuing PSO."
[1] "iteration number: "
[1] 398
[1] "Minimum fitness threshold not reached after 398 iterations! Continuing PSO."
[1] "iteration number: "
[1] 399
[1] "Minimum fitness threshold not reached after 399 iterations! Continuing PSO."
[1] "iteration number: "
[1] 400
[1] "Minimum fitness threshold not reached after 400 iterations! Continuing PSO."
[1] "iteration number: "
[1] 401
[1] "Minimum fitness threshold not reached after 401 iterations! Continuing PSO."
[1] "iteration number: "
[1] 402
[1] "RE-INITIALIZING..."
[1] 31
[1] 30
[1] 40
[1] "Minimum fitness threshold not reached after 402 iterations! Continuing PSO."
[1] "iteration number: "
[1] 403
[1] "iteration number: "
[1] 404
[1] "iteration number: "
[1] 405
[1] "iteration number: "
[1] 406
[1] "iteration number: "
[1] 407
[1] "iteration number: "
[1] 408
[1] "iteration number: "
[1] 409
[1] "iteration number: "
[1] 410
[1] "iteration number: "
[1] 411
[1] "iteration number: "
[1] 412
[1] "iteration number: "
[1] 413
[1] "RE-INITIALIZING..."
[1] 32
[1] 30
[1] 24
[1] "iteration number: "
[1] 414
[1] "iteration number: "
[1] 415
[1] "iteration number: "
[1] 416
[1] "iteration number: "
[1] 417
[1] "iteration number: "
[1] 418
[1] "iteration number: "
[1] 419
[1] "iteration number: "
[1] 420
[1] "iteration number: "
[1] 421
[1] "iteration number: "
[1] 422
[1] "iteration number: "
[1] 423
[1] "iteration number: "
[1] 424
[1] "RE-INITIALIZING..."
[1] 33
[1] 30
[1] 24
[1] "iteration number: "
[1] 425
[1] "iteration number: "
[1] 426
[1] "iteration number: "
[1] 427
[1] "iteration number: "
[1] 428
[1] "iteration number: "
[1] 429
[1] "iteration number: "
[1] 430
[1] "iteration number: "
[1] 431
[1] "iteration number: "
[1] 432
[1] "iteration number: "
[1] 433
[1] "iteration number: "
[1] 434
[1] "iteration number: "
[1] 435
[1] "RE-INITIALIZING..."
[1] 34
[1] 30
[1] 24
[1] "iteration number: "
[1] 436
[1] "iteration number: "
[1] 437
[1] "iteration number: "
[1] 438
[1] "iteration number: "
[1] 439
[1] "iteration number: "
[1] 440
[1] "iteration number: "
[1] 441
[1] "iteration number: "
[1] 442
[1] "iteration number: "
[1] 443
[1] "iteration number: "
[1] 444
[1] "iteration number: "
[1] 445
[1] "iteration number: "
[1] 446
[1] "RE-INITIALIZING..."
[1] 35
[1] 30
[1] 24
[1] "iteration number: "
[1] 447
[1] "iteration number: "
[1] 448
[1] "iteration number: "
[1] 449
[1] "iteration number: "
[1] 450
[1] "iteration number: "
[1] 451
[1] "iteration number: "
[1] 452
[1] "iteration number: "
[1] 453
[1] "iteration number: "
[1] 454
[1] "iteration number: "
[1] 455
[1] "iteration number: "
[1] 456
[1] "iteration number: "
[1] 457
[1] "RE-INITIALIZING..."
[1] 36
[1] 30
[1] 24
[1] "iteration number: "
[1] 458
[1] "iteration number: "
[1] 459
[1] "iteration number: "
[1] 460
[1] "iteration number: "
[1] 461
[1] "iteration number: "
[1] 462
[1] "iteration number: "
[1] 463
[1] "iteration number: "
[1] 464
[1] "iteration number: "
[1] 465
[1] "iteration number: "
[1] 466
[1] "iteration number: "
[1] 467
[1] "iteration number: "
[1] 468
[1] "RE-INITIALIZING..."
[1] 37
[1] 30
[1] 24
[1] "iteration number: "
[1] 469
[1] "iteration number: "
[1] 470
[1] "iteration number: "
[1] 471
[1] "iteration number: "
[1] 472
[1] "iteration number: "
[1] 473
[1] "iteration number: "
[1] 474
[1] "iteration number: "
[1] 475
[1] "iteration number: "
[1] 476
[1] "iteration number: "
[1] 477
[1] "iteration number: "
[1] 478
[1] "iteration number: "
[1] 479
[1] "RE-INITIALIZING..."
[1] 38
[1] 30
[1] 25
[1] "iteration number: "
[1] 480
[1] "iteration number: "
[1] 481
[1] "iteration number: "
[1] 482
[1] "iteration number: "
[1] 483
[1] "iteration number: "
[1] 484
[1] "iteration number: "
[1] 485
[1] "iteration number: "
[1] 486
[1] "iteration number: "
[1] 487
[1] "iteration number: "
[1] 488
[1] "iteration number: "
[1] 489
[1] "iteration number: "
[1] 490
[1] "RE-INITIALIZING..."
[1] 39
[1] 30
[1] 24
[1] "iteration number: "
[1] 491
[1] "iteration number: "
[1] 492
[1] "iteration number: "
[1] 493
[1] "iteration number: "
[1] 494
[1] "iteration number: "
[1] 495
[1] "iteration number: "
[1] 496
[1] "iteration number: "
[1] 497
[1] "iteration number: "
[1] 498
[1] "iteration number: "
[1] 499
[1] "iteration number: "
[1] 500
[1] "iteration number: "
[1] 501
[1] "RE-INITIALIZING..."
[1] 40
[1] 30
[1] 25
[1] "iteration number: "
[1] 502
[1] "iteration number: "
[1] 503
[1] "iteration number: "
[1] 504
[1] "iteration number: "
[1] 505
[1] "iteration number: "
[1] 506
[1] "iteration number: "
[1] 507
[1] "iteration number: "
[1] 508
[1] "iteration number: "
[1] 509
[1] "iteration number: "
[1] 510
[1] "iteration number: "
[1] 511
[1] "iteration number: "
[1] 512
[1] "RE-INITIALIZING..."
[1] 41
[1] 30
[1] 25
[1] "iteration number: "
[1] 513
[1] "iteration number: "
[1] 514
[1] "iteration number: "
[1] 515
[1] "iteration number: "
[1] 516
[1] "iteration number: "
[1] 517
[1] "iteration number: "
[1] 518
[1] "iteration number: "
[1] 519
[1] "iteration number: "
[1] 520
[1] "iteration number: "
[1] 521
[1] "iteration number: "
[1] 522
[1] "iteration number: "
[1] 523
[1] "RE-INITIALIZING..."
[1] 42
[1] 30
[1] 24
[1] "iteration number: "
[1] 524
[1] "iteration number: "
[1] 525
[1] "iteration number: "
[1] 526
[1] "iteration number: "
[1] 527
[1] "iteration number: "
[1] 528
[1] "iteration number: "
[1] 529
[1] "iteration number: "
[1] 530
[1] "iteration number: "
[1] 531
[1] "iteration number: "
[1] 532
[1] "iteration number: "
[1] 533
[1] "iteration number: "
[1] 534
[1] "RE-INITIALIZING..."
[1] 43
[1] 30
[1] 25
[1] "iteration number: "
[1] 535
[1] "iteration number: "
[1] 536
[1] "iteration number: "
[1] 537
[1] "iteration number: "
[1] 538
[1] "iteration number: "
[1] 539
[1] "iteration number: "
[1] 540
[1] "iteration number: "
[1] 541
[1] "iteration number: "
[1] 542
[1] "iteration number: "
[1] 543
[1] "iteration number: "
[1] 544
[1] "iteration number: "
[1] 545
[1] "RE-INITIALIZING..."
[1] 44
[1] 30
[1] 24
[1] "iteration number: "
[1] 546
[1] "iteration number: "
[1] 547
[1] "iteration number: "
[1] 548
[1] "iteration number: "
[1] 549
[1] "iteration number: "
[1] 550
[1] "iteration number: "
[1] 551
[1] "iteration number: "
[1] 552
[1] "iteration number: "
[1] 553
[1] "iteration number: "
[1] 554
[1] "iteration number: "
[1] 555
[1] "iteration number: "
[1] 556
[1] "RE-INITIALIZING..."
[1] 45
[1] 30
[1] 24
[1] "iteration number: "
[1] 557
[1] "iteration number: "
[1] 558
[1] "iteration number: "
[1] 559
[1] "iteration number: "
[1] 560
[1] "iteration number: "
[1] 561
[1] "iteration number: "
[1] 562
[1] "iteration number: "
[1] 563
[1] "iteration number: "
[1] 564
[1] "iteration number: "
[1] 565
[1] "iteration number: "
[1] 566
[1] "iteration number: "
[1] 567
[1] "RE-INITIALIZING..."
[1] 46
[1] 30
[1] 24
[1] "No change for 46 iterations. Exiting PSO."
[1] "##################################"
[1] "Results summary for itr:1"
[1] "number of features selected using population mean"
[1] 24
[1] "number of features selected using current global best"
[1] 23
[1] "feat ind length"
[1] 23
[1] "best accuracy"
[1] 67.75804
[1] "test acc:0.888888888888889"
[1] "##################################"
[1] "learning sets: 2"
 [1] 18 22 28 12  4 15  6 17 25 21 14  9 13  1 11 19 27 26 24 10 29 30  2  7 56
[26] 38 45 50 52 57 53 43 40 35 37 58 55 47 60 34 36 39 59 31 32 41 49 48 67 79
[51] 63 90 77 76 64 83 86 71 65 66 85 80 89 70 74 81 82 78 68 88 84 61
[1] "Starting global iteration number : 2"
[1] "iteration number: "
[1] 1
[1] "Best fitness updated to:"
[1] -42.84262
[1] "Best solution:"
 [1] NA NA NA NA NA NA NA NA NA NA NA NA NA NA NA NA NA NA NA NA NA NA NA NA NA
[26] NA NA NA NA NA NA NA NA NA NA NA NA NA NA NA
[1] 0
[1] "iteration number: "
[1] 2
[1] "Best fitness updated to:"
[1] -47.34262
[1] "Best solution:"
 [1] 1 1 1 1 1 1 1 1 1 1 1 1 1 1 1 1 1 1 1 1 1 1 1 1 1 1 1 1 1 1 1 1 1 1 1 1 1 1
[39] 1 1
[1] 40
[1] "iteration number: "
[1] 3
[1] "Best fitness updated to:"
[1] -48.84262
[1] "Best solution:"
 [1] 1 1 1 1 1 1 1 1 1 1 1 1 1 1 1 1 1 1 1 1 1 1 1 1 1 1 1 1 1 1 1 1 1 1 1 1 1 1
[39] 1 1
[1] 40
[1] "iteration number: "
[1] 4
[1] "Best fitness updated to:"
[1] -56.39802
[1] "Best solution:"
 [1] 1 1 1 1 1 1 1 1 1 1 1 1 1 1 1 1 1 1 1 1 1 1 1 1 1 1 1 1 1 1 1 1 1 1 1 1 1 1
[39] 1 1
[1] 40
[1] "iteration number: "
[1] 5
[1] "iteration number: "
[1] 6
[1] "iteration number: "
[1] 7
[1] "iteration number: "
[1] 8
[1] "iteration number: "
[1] 9
[1] "iteration number: "
[1] 10
[1] "iteration number: "
[1] 11
[1] "iteration number: "
[1] 12
[1] "iteration number: "
[1] 13
[1] "iteration number: "
[1] 14
[1] "iteration number: "
[1] 15
[1] "RE-INITIALIZING..."
[1] 1
[1] 30
[1] 40
[1] "iteration number: "
[1] 16
[1] "Best fitness updated to:"
[1] -57.74802
[1] "Best solution:"
 [1] 1 1 1 1 1 1 1 1 1 1 1 1 1 1 1 1 0 1 1 0 0 0 0 1 1 1 1 1 1 0 1 1 1 1 1 0 1 1
[39] 1 1
[1] 33
[1] "iteration number: "
[1] 17
[1] "iteration number: "
[1] 18
[1] "iteration number: "
[1] 19
[1] "iteration number: "
[1] 20
[1] "iteration number: "
[1] 21
[1] "Best fitness updated to:"
[1] -57.85516
[1] "Best solution:"
 [1] 1.00 1.00 1.00 1.00 1.00 1.00 1.00 1.00 1.00 1.00 1.00 1.00 1.00 1.00 1.00
[16] 1.00 0.95 1.00 1.00 0.95 0.95 0.95 0.95 1.00 1.00 1.00 1.00 1.00 0.95 0.95
[31] 1.00 1.00 1.00 1.00 1.00 0.95 1.00 1.00 1.00 1.00
[1] 32
[1] "iteration number: "
[1] 22
[1] "iteration number: "
[1] 23
[1] "iteration number: "
[1] 24
[1] "iteration number: "
[1] 25
[1] "iteration number: "
[1] 26
[1] "iteration number: "
[1] 27
[1] "iteration number: "
[1] 28
[1] "iteration number: "
[1] 29
[1] "iteration number: "
[1] 30
[1] "Best fitness updated to:"
[1] -57.95802
[1] "Best solution:"
 [1] 1.00 1.00 1.00 1.00 1.00 1.00 1.00 1.00 1.00 1.00 1.00 1.00 1.00 1.00 1.00
[16] 1.00 0.95 1.00 1.00 0.95 0.95 0.95 0.95 1.00 1.00 1.00 1.00 1.00 0.95 0.95
[31] 1.00 1.00 1.00 1.00 1.00 0.95 1.00 1.00 1.00 1.00
[1] 32
[1] "iteration number: "
[1] 31
[1] "Minimum fitness threshold not reached after 31 iterations! Continuing PSO."
[1] "iteration number: "
[1] 32
[1] "Minimum fitness threshold not reached after 32 iterations! Continuing PSO."
[1] "iteration number: "
[1] 33
[1] "Minimum fitness threshold not reached after 33 iterations! Continuing PSO."
[1] "iteration number: "
[1] 34
[1] "Minimum fitness threshold not reached after 34 iterations! Continuing PSO."
[1] "iteration number: "
[1] 35
[1] "Minimum fitness threshold not reached after 35 iterations! Continuing PSO."
[1] "iteration number: "
[1] 36
[1] "Minimum fitness threshold not reached after 36 iterations! Continuing PSO."
[1] "iteration number: "
[1] 37
[1] "Minimum fitness threshold not reached after 37 iterations! Continuing PSO."
[1] "iteration number: "
[1] 38
[1] "Minimum fitness threshold not reached after 38 iterations! Continuing PSO."
[1] "iteration number: "
[1] 39
[1] "Minimum fitness threshold not reached after 39 iterations! Continuing PSO."
[1] "iteration number: "
[1] 40
[1] "Minimum fitness threshold not reached after 40 iterations! Continuing PSO."
[1] "iteration number: "
[1] 41
[1] "RE-INITIALIZING..."
[1] 1
[1] 30
[1] 40
[1] "Minimum fitness threshold not reached after 41 iterations! Continuing PSO."
[1] "iteration number: "
[1] 42
[1] "Minimum fitness threshold not reached after 42 iterations! Continuing PSO."
[1] "iteration number: "
[1] 43
[1] "Minimum fitness threshold not reached after 43 iterations! Continuing PSO."
[1] "iteration number: "
[1] 44
[1] "Minimum fitness threshold not reached after 44 iterations! Continuing PSO."
[1] "iteration number: "
[1] 45
[1] "Minimum fitness threshold not reached after 45 iterations! Continuing PSO."
[1] "iteration number: "
[1] 46
[1] "Minimum fitness threshold not reached after 46 iterations! Continuing PSO."
[1] "iteration number: "
[1] 47
[1] "Minimum fitness threshold not reached after 47 iterations! Continuing PSO."
[1] "iteration number: "
[1] 48
