
R version 3.2.2 (2015-08-14) -- "Fire Safety"
Copyright (C) 2015 The R Foundation for Statistical Computing
Platform: x86_64-apple-darwin13.4.0 (64-bit)

R is free software and comes with ABSOLUTELY NO WARRANTY.
You are welcome to redistribute it under certain conditions.
Type 'license()' or 'licence()' for distribution details.

  Natural language support but running in an English locale

R is a collaborative project with many contributors.
Type 'contributors()' for more information and
'citation()' on how to cite R or R packages in publications.

Type 'demo()' for some demos, 'help()' for on-line help, or
'help.start()' for an HTML browser interface to help.
Type 'q()' to quit R.

> 
> #.libPaths("/home/stu/kuppal3/karan_libs/Rlibs")
> library(snow)
Warning message:
package ‘snow’ was built under R version 3.2.5 
> library(e1071)
Warning message:
package ‘e1071’ was built under R version 3.2.5 
> library(yaImpute)

Attaching package: ‘yaImpute’

The following object is masked from ‘package:e1071’:

    impute

> library(pROC)
Type 'citation("pROC")' for a citation.

Attaching package: ‘pROC’

The following objects are masked from ‘package:stats’:

    cov, smooth, var

Warning message:
package ‘pROC’ was built under R version 3.2.5 
> library(bioDist)
Loading required package: Biobase
Loading required package: BiocGenerics
Loading required package: parallel

Attaching package: ‘parallel’

The following objects are masked from ‘package:snow’:

    clusterApply, clusterApplyLB, clusterCall, clusterEvalQ,
    clusterExport, clusterMap, clusterSplit, makeCluster, parApply,
    parCapply, parLapply, parRapply, parSapply, splitIndices,
    stopCluster


Attaching package: ‘BiocGenerics’

The following objects are masked from ‘package:parallel’:

    clusterApply, clusterApplyLB, clusterCall, clusterEvalQ,
    clusterExport, clusterMap, parApply, parCapply, parLapply,
    parLapplyLB, parRapply, parSapply, parSapplyLB

The following objects are masked from ‘package:snow’:

    clusterApply, clusterApplyLB, clusterCall, clusterEvalQ,
    clusterExport, clusterMap, parApply, parCapply, parLapply,
    parRapply, parSapply

The following objects are masked from ‘package:stats’:

    IQR, mad, xtabs

The following objects are masked from ‘package:base’:

    anyDuplicated, append, as.data.frame, as.vector, cbind, colnames,
    do.call, duplicated, eval, evalq, Filter, Find, get, grep, grepl,
    intersect, is.unsorted, lapply, lengths, Map, mapply, match, mget,
    order, paste, pmax, pmax.int, pmin, pmin.int, Position, rank,
    rbind, Reduce, rownames, sapply, setdiff, sort, table, tapply,
    union, unique, unlist, unsplit

Welcome to Bioconductor

    Vignettes contain introductory material; view with
    'browseVignettes()'. To cite Bioconductor, see
    'citation("Biobase")', and for packages 'citation("pkgname")'.

Loading required package: KernSmooth
KernSmooth 2.23 loaded
Copyright M. P. Wand 1997-2009
> #library(CMA, lib="/home/stu/kuppal3/karan_libs/Rlibs/")
> library(RankAggreg)
Warning message:
package ‘RankAggreg’ was built under R version 3.2.5 
> library(CMA)

Attaching package: ‘CMA’

The following object is masked from ‘package:pROC’:

    roc

The following object is masked from ‘package:e1071’:

    tune

Warning message:
package ‘CMA’ was built under R version 3.2.4 
> library(expm)
Loading required package: Matrix

Attaching package: ‘expm’

The following object is masked from ‘package:Matrix’:

    expm

Warning messages:
1: package ‘expm’ was built under R version 3.2.5 
2: package ‘Matrix’ was built under R version 3.2.5 
> 
> cl<-makeCluster(1)
> 
> 
> args<-commandArgs(trailingOnly=TRUE)
> #source("/home/stu/kuppal3/Research/Feature_selection/Rcode/versionnov2014/OCFS_vmay2415_v31.R")
> 
> #sname<-paste("/home/stu/kuppal3/Research/Feature_selection/Rcode/versionnov2014/OCFS_",args[9],".R",sep="")
> 
> dirloc<-"/Users/karanuppal/Documents/Gatech/Projects/Algorithms/TwostagePSO/"
> 
> sname<-paste(dirloc,"version2017/OCFS_",args[9],".R",sep="")
> source(sname)
> 
> 
> outloc<-paste(dirloc,"/Datasets/IRIS_Probe/OCFSvjan18",args[9],"/",sep="")
> 
> 
> sname<-paste(dirloc,"/Datasets/IRIS_Probe/IRIS.Rda",sep="")
> #load("/home/stu/kuppal3/Research/Feature_selection/Datasets/IRIS_Probe/IRIS.Rda")
> load(sname)
> 
> trainm<-Iris$X
> testm<-Iris$Xt
> trainclass<-Iris$Y
> testclass<-Iris$Yt
> 
> cnames<-paste("var",seq(1,dim(trainm)[2]),sep="")
> colnames(trainm)<-cnames
> colnames(testm)<-cnames
> 
> args<-commandArgs(trailingOnly=TRUE)
> trainm<-na.omit(trainm)
> testm<-na.omit(testm)
> 
> #outloc<-paste("/home/stu/kuppal3/Research/Feature_selection/Datasets/IRIS_Probe/OCFSvmay2415_v31_sensitivity_itr",args[9],"/",sep="")
> 
> dir.create(outloc)
Warning message:
In dir.create(outloc) :
  '/Users/karanuppal/Documents/Gatech/Projects/Algorithms/TwostagePSO//Datasets/IRIS_Probe/OCFSvjan18vjan92018_v2' already exists
> setwd(outloc)
> 
> trainm<-as.matrix(trainm)
> testm<-as.matrix(testm)
> 
> #a: Confusions
> #b: Neighbors
> #c: Global
> #d: Death
> 
> a<-c(0.25,0.25,0.25,0.25)
> b<-c(0.3,0.1,0.4,0.1)
> c<-c(0.25,0.25,0.5,0)
> d<-c(0.9,0.1,0,0.1)
> 
> a<-c(0,0.4,0.1,0.5)
> b<-c(0.3,0.1,0.4,0.1)
> c<-c(0,0.5,0.5,0)
> d<-c(0.9,0.1,0,0)
> 
> a<-c(0,0.4,0.1,0.5)
> b<-c(0.2,0.3,0.4,0.1)
> c<-c(0,0.4,0.4,0.2)
> d<-c(0.9,0.1,0,0)
> 
> transition_matrix<-rbind(a,b,c,d)
> 
> 
> dir.create(outloc)
Warning message:
In dir.create(outloc) :
  '/Users/karanuppal/Documents/Gatech/Projects/Algorithms/TwostagePSO//Datasets/IRIS_Probe/OCFSvjan18vjan92018_v2' already exists
> setwd(outloc)
> temp2=t(trainm)
> temp2=apply(temp2, 2, function(x){which(x=="MD")})
> temp2=unlist(temp2)
> temp2=unique(temp2)
> if(length(temp2)>1)
+ {
+ 	trainm=trainm[,-c(temp2)]
+ 
+ 	rm(temp2)
+ }
> 
> boostweight=rep(0,dim(trainm)[2])
> 
> 
> # modtraindata=modtrain, modtestdata=modtest, blindtest=testacc, modtrainclass=nci_y, modtestclass=test_y
> if(FALSE)
+ {
+ trainm<-CMAres$modtraindata
+ testm<-CMAres$modtestdata
+ trainclass<-CMAres$modtrainclass
+ testclass<-CMAres$modtestclass
+ learningsets<-CMAres$learningsets
+ }
> 
> 
> print(apply(trainm,2,mean))
        var1         var2         var3         var4         var5         var6 
 0.049647135  0.013765690  0.037009799  0.013993886 -0.063711067 -0.140437497 
        var7         var8         var9        var10        var11        var12 
-0.244389569 -0.066747451  0.173283469  0.045440242 -0.002567537  0.056065205 
       var13        var14        var15        var16        var17        var18 
-0.121771199  0.014619353  0.195398720  0.012867617  0.163750039  0.179120885 
       var19        var20        var21        var22        var23        var24 
 0.151963336 -0.096026333  0.108363826 -0.094775201 -0.050262826  0.156814882 
       var25        var26        var27        var28        var29        var30 
-0.092870162  0.146433511  0.064873861 -0.108098662  0.047715372 -0.073731911 
       var31        var32        var33        var34        var35        var36 
 0.095984337 -0.018065316  0.020892432  0.168486709  0.112409779  0.022591805 
       var37        var38        var39        var40 
-0.092044191 -0.065853997 -0.049079894  0.063013440 
> d_dim<-dim(trainm)
> 
> print("Original dimension")
[1] "Original dimension"
> print(d_dim)
[1] 90 40
> 
> #2 call run_pso function()
> system.time(psores<-run_pso(outloc=outloc,trainm,trainclass,testm,testclass,transition_matrix,c1=2.05,
+ c2=2.05,
+ itr=10,
+ globalpso_maxitr=10,
+ global_max_itr=5,
+ num_part=20,
+ kname="radial",
+ errortype="BER",
+ weightA<-as.numeric(args[1]),
+ weightB<-as.numeric(args[2]),
+ weightC<-as.numeric(args[3]),
+ weightD<-as.numeric(args[4]),
+ featweight.max=0.01,
+ featweight.min=0.01,
+ numfolds=10,
+ followerprob=as.numeric(args[6]),
+ confusionprob=as.numeric(args[7]),
+ leaderprob=as.numeric(args[8]),
+ wmax=1,
+ wmin=1,
+ behavior_reset_itr=5,
+ maxitrreset=10,
+ num_neighbors=3,
+ minselect.pct=0.5,
+ evalMode="CV2",
+ minfitnessthresh=50,
+ maxnum=as.numeric(args[10]),minnum=3,inertia_method=args[5],particlebehav_method="randbased",constriction_factor=1,
+ select.global.best=TRUE,numnodes=4,evalFunc=eval_fit_kfold_diff,itr.terminate=FALSE,train.pct=0.8))
[1] "c1: 2.05"
[1] "c2: 2.05"
[1] "itr: 10"
[1] "globalpso_maxitr: 10"
[1] "global_max_itr: 5"
[1] "num_part: 20"
[1] "kname: radial"
[1] "errortype: BER"
[1] "weightA: 0.7"
[1] "weightB: 0.2"
[1] "weightC: 0.05"
[1] "weightD: 0.05"
[1] "featweight.max: 0.01"
[1] "featweight.min: 0.01"
[1] "numfolds: 10"
[1] "followerprob: 0.45"
[1] "confusionprob: 0.2"
[1] "leaderprob: 0.25"
[1] "wmax: 1"
[1] "wmin: 1"
[1] "behavior_reset_itr: 5"
[1] "maxitrreset: 10"
[1] "num_neighbors: 3"
[1] "minselect.pct: 0.5"
[1] "minfitnessthresh: 50"
[1] "maxnum: 3"
[1] "minnum: 3"
[1] "inertia_method: global"
[1] "particlebehav_method: randbased"
[1] "constriction_factor: 1"
[1] "select.global.best: TRUE"
[1] "train 10 fold"
[1] 86.66667
[1] "here"
[1] "s"
[1] 72
[1] 90 40
[1] 10
[1] "learning sets: 1"
 [1] 29 28  7 30 11  9 26 27 10 17 13 23 14  1 22  4 25  6 15  8 19 18 24 12 55
[26] 42 36 46 37 50 34 33 57 53 47 43 41 38 44 54 39 49 45 59 35 48 60 51 88 84
[51] 82 90 66 67 85 74 87 79 71 77 78 89 65 70 62 64 80 61 86 63 81 72
[1] "Starting global iteration number : 1"
[1] "iteration number: "
[1] 1
[1] "Best fitness updated to:"
[1] -45.35409
[1] "Best solution:"
 [1] NA NA NA NA NA NA NA NA NA NA NA NA NA NA NA NA NA NA NA NA NA NA NA NA NA
[26] NA NA NA NA NA NA NA NA NA NA NA NA NA NA NA
[1] 0
[1] "iteration number: "
[1] 2
[1] "iteration number: "
[1] 3
[1] "Best fitness updated to:"
[1] -53.48213
[1] "Best solution:"
 [1] 0 1 1 0 1 1 1 1 0 0 1 0 0 1 1 1 1 1 0 1 1 1 0 1 1 1 1 1 0 1 1 0 0 1 1 0 0 1
[39] 1 1
[1] 27
[1] "iteration number: "
[1] 4
[1] "Best fitness updated to:"
[1] -54.25318
[1] "Best solution:"
 [1] 1 1 1 1 1 1 1 1 1 1 1 0 1 0 1 0 1 1 1 1 1 1 0 0 1 1 0 0 1 1 1 0 1 1 1 1 1 1
[39] 1 0
[1] 31
[1] "iteration number: "
[1] 5
[1] "iteration number: "
[1] 6
[1] "Best fitness updated to:"
[1] -55.54747
[1] "Best solution:"
 [1] 1 1 0 1 1 0 1 1 1 1 1 1 1 1 1 0 1 1 0 1 1 1 1 0 1 1 0 1 1 1 1 1 1 1 1 1 1 0
[39] 1 1
[1] 33
[1] "iteration number: "
[1] 7
[1] "iteration number: "
[1] 8
[1] "Best fitness updated to:"
[1] -56.20328
[1] "Best solution:"
 [1] 0 1 1 1 1 1 0 0 0 0 1 0 0 1 0 0 1 1 0 1 1 0 0 1 1 0 1 1 1 1 1 0 0 1 1 1 0 1
[39] 1 0
[1] 23
[1] "iteration number: "
[1] 9
[1] "iteration number: "
[1] 10
[1] "iteration number: "
[1] 11
[1] "iteration number: "
[1] 12
[1] "iteration number: "
[1] 13
[1] "iteration number: "
[1] 14
[1] "iteration number: "
[1] 15
[1] "Best fitness updated to:"
[1] -57.24517
[1] "Best solution:"
 [1] 1 1 1 1 1 1 0 0 0 0 1 1 0 0 1 0 1 0 1 1 1 0 0 0 1 0 1 1 1 1 1 1 0 1 1 1 0 1
[39] 1 0
[1] 25
[1] "iteration number: "
[1] 16
[1] "Best fitness updated to:"
[1] -61.10289
[1] "Best solution:"
 [1] 1 1 1 1 1 1 0 0 1 1 0 0 0 0 1 0 0 0 1 0 0 0 0 0 1 1 0 0 1 0 1 1 0 0 1 0 1 1
[39] 0 0
[1] 18
[1] "iteration number: "
[1] 17
[1] "iteration number: "
[1] 18
[1] "iteration number: "
[1] 19
[1] "iteration number: "
[1] 20
[1] "iteration number: "
[1] 21
[1] "iteration number: "
[1] 22
[1] "iteration number: "
[1] 23
[1] "iteration number: "
[1] 24
[1] "iteration number: "
[1] 25
[1] "iteration number: "
[1] 26
[1] "Best fitness updated to:"
[1] -63.55951
[1] "Best solution:"
 [1] 1 1 1 1 0 0 0 0 0 0 1 0 0 0 0 0 0 0 1 0 1 1 1 0 0 0 1 0 1 1 1 0 0 1 0 1 0 1
[39] 1 1
[1] 18
[1] "iteration number: "
[1] 27
[1] "iteration number: "
[1] 28
[1] "iteration number: "
[1] 29
[1] "iteration number: "
[1] 30
[1] "iteration number: "
[1] 31
[1] "iteration number: "
[1] 32
[1] "iteration number: "
[1] 33
 [1]  1  2  3  4 11 19 20 21 22 23 27 29 30 31 34 36 38 39 40
[1] 1
[1] "##################################"
[1] "Results summary for itr:1"
[1] "number of features selected using population mean"
[1] 26
[1] "number of features selected using current global best"
[1] 19
[1] "feat ind length"
[1] 19
[1] "best accuracy"
[1] 63.55951
[1] "test acc:0.888888888888889"
[1] "##################################"
[1] "learning sets: 2"
 [1] 18 22 28 12  4 15  6 17 25 21 14  9 13  1 11 19 27 26 24 10 29 30  2  7 56
[26] 38 45 50 52 57 53 43 40 35 37 58 55 47 60 34 36 39 59 31 32 41 49 48 67 79
[51] 63 90 77 76 64 83 86 71 65 66 85 80 89 70 74 81 82 78 68 88 84 61
[1] "Starting global iteration number : 2"
[1] "iteration number: "
[1] 1
[1] "Best fitness updated to:"
[1] -51.84262
[1] "Best solution:"
 [1] NA NA NA NA NA NA NA NA NA NA NA NA NA NA NA NA NA NA NA NA NA NA NA NA NA
[26] NA NA NA NA NA NA NA NA NA NA NA NA NA NA NA
[1] 0
[1] "iteration number: "
[1] 2
[1] "Best fitness updated to:"
[1] -52.73301
[1] "Best solution:"
 [1] 0 0 0 0 1 1 1 0 0 0 0 0 0 1 0 0 1 0 0 1 0 0 0 1 1 0 1 1 0 0 1 0 0 0 0 1 0 1
[39] 0 0
[1] 13
[1] "iteration number: "
[1] 3
[1] "Best fitness updated to:"
[1] -55.00327
[1] "Best solution:"
 [1] 0 1 0 1 0 0 1 0 1 1 0 1 0 0 0 1 0 1 0 0 0 0 0 1 0 1 0 0 1 1 0 1 0 0 0 0 0 1
[39] 0 1
[1] 15
[1] "iteration number: "
[1] 4
[1] "Best fitness updated to:"
[1] -55.46378
[1] "Best solution:"
 [1] 0 1 1 1 1 1 1 1 1 1 0 1 0 0 0 1 1 0 1 1 1 1 0 0 1 1 0 0 0 0 0 1 1 1 1 0 1 0
[39] 1 0
[1] 24
[1] "iteration number: "
[1] 5
[1] "Best fitness updated to:"
[1] -57.01749
[1] "Best solution:"
 [1] 0 1 1 1 1 0 0 0 1 0 0 1 0 0 0 0 0 0 0 0 0 0 0 0 1 1 0 0 0 1 0 0 0 0 0 0 0 0
[39] 0 0
[1] 9
[1] "iteration number: "
[1] 6
 [1]  2  3  4  5  8 15 19 25 28 30 31 33 35 37 40
[1] 2
[1] "##################################"
[1] "Results summary for itr:2"
[1] "number of features selected using population mean"
[1] 40
[1] "number of features selected using current global best"
[1] 15
[1] "feat ind length"
[1] 15
[1] "best accuracy"
[1] 57.01749
[1] "test acc:0.888888888888889"
[1] "##################################"
[1] "learning sets: 3"
 [1]  7  6 16  8  1  3 28 24 25 29 30 13  2 18 11 17 23 26 14 10  5 19 12 22 54
[26] 48 51 57 31 46 53 58 52 40 34 32 37 33 43 59 36 41 45 44 38 39 49 55 72 82
[51] 75 86 84 64 85 78 88 70 80 68 66 62 83 61 89 71 63 69 65 87 79 90
[1] "Starting global iteration number : 3"
[1] "iteration number: "
[1] 1
[1] "Best fitness updated to:"
[1] -51.02206
[1] "Best solution:"
 [1] NA NA NA NA NA NA NA NA NA NA NA NA NA NA NA NA NA NA NA NA NA NA NA NA NA
[26] NA NA NA NA NA NA NA NA NA NA NA NA NA NA NA
[1] 0
[1] "iteration number: "
[1] 2
[1] "iteration number: "
[1] 3
[1] "Best fitness updated to:"
[1] -54.66835
[1] "Best solution:"
 [1] 0 1 1 0 1 1 1 1 0 0 1 0 0 1 1 1 1 1 0 1 1 1 0 1 1 1 1 1 0 1 1 0 0 1 1 0 0 1
[39] 1 1
[1] 27
[1] "iteration number: "
[1] 4
[1] "Best fitness updated to:"
[1] -55.65037
[1] "Best solution:"
 [1] 1 1 1 1 1 1 1 1 1 1 1 0 1 0 1 0 1 1 1 1 1 1 0 0 1 1 0 0 1 1 1 0 1 1 1 1 1 1
[39] 1 0
[1] 31
[1] "iteration number: "
[1] 5
[1] "iteration number: "
[1] 6
[1] "Best fitness updated to:"
[1] -57.59465
[1] "Best solution:"
 [1] 1 0 1 1 0 1 0 1 1 0 1 0 0 1 1 1 1 1 0 1 0 1 1 0 0 0 1 0 1 1 1 0 0 0 0 1 1 1
[39] 1 0
[1] 23
 [1]  1  2  3  4  5  7  8 10 11 12 14 16 17 19 20 21 22 24 26 28 34 35 36 37 39
[1] 3
[1] "##################################"
[1] "Results summary for itr:3"
[1] "number of features selected using population mean"
[1] 40
[1] "number of features selected using current global best"
[1] 25
[1] "feat ind length"
[1] 25
[1] "best accuracy"
[1] 57.59465
[1] "test acc:0.722222222222222"
[1] "##################################"
[1] "learning sets: 4"
 [1]  1 27 29 22 12 23 13  5  2  3 11 19 20  6 10 26 15  9  8 28  7 24 16  4 40
[26] 31 43 36 50 46 53 60 42 32 45 37 54 44 56 34 51 49 33 39 57 48 35 58 83 63
[51] 65 67 75 68 89 78 86 70 71 82 87 62 76 81 69 64 61 79 77 80 66 85
[1] "Starting global iteration number : 4"
[1] "iteration number: "
[1] 1
[1] "Best fitness updated to:"
[1] -38.91553
[1] "Best solution:"
 [1] NA NA NA NA NA NA NA NA NA NA NA NA NA NA NA NA NA NA NA NA NA NA NA NA NA
[26] NA NA NA NA NA NA NA NA NA NA NA NA NA NA NA
[1] 0
[1] "iteration number: "
[1] 2
[1] "Best fitness updated to:"
[1] -49.21663
[1] "Best solution:"
 [1] 0 0 0 0 1 1 1 0 0 0 0 0 0 1 0 0 1 0 0 1 0 0 0 1 1 0 1 1 0 0 1 0 0 0 0 1 0 1
[39] 0 0
[1] 13
[1] "iteration number: "
[1] 3
[1] "Best fitness updated to:"
[1] -54.30533
[1] "Best solution:"
 [1] 0 1 0 1 0 0 0 1 1 0 0 1 0 0 1 1 1 1 0 0 1 1 1 0 1 0 0 0 0 1 0 1 1 1 0 1 0 1
[39] 1 0
[1] 20
[1] "iteration number: "
[1] 4
[1] "iteration number: "
[1] 5
[1] "iteration number: "
[1] 6
[1] "Best fitness updated to:"
[1] -55.02233
[1] "Best solution:"
 [1] 0 1 1 1 1 0 0 1 0 1 0 0 0 0 0 1 0 0 1 0 0 1 0 0 0 1 0 0 0 1 0 0 1 1 0 0 1 0
[39] 0 0
[1] 14
 [1]  2  3  4  5  8 10 16 19 22 26 30 33 34 37
[1] 4
[1] "##################################"
[1] "Results summary for itr:4"
[1] "number of features selected using population mean"
[1] 21
[1] "number of features selected using current global best"
[1] 14
[1] "feat ind length"
[1] 14
[1] "best accuracy"
[1] 55.02233
[1] "test acc:0.944444444444444"
[1] "##################################"
[1] "learning sets: 5"
 [1] 27 30  5 14 28  3 26 23  9 20 13 29 24  8 25  4 22  7 17 19 10 16 18  1 38
[26] 60 40 32 37 42 41 36 57 48 34 56 55 53 31 33 47 45 39 46 59 43 44 52 87 78
[51] 85 62 66 90 63 65 64 67 89 68 80 74 82 72 77 79 61 73 71 70 83 88
[1] "Starting global iteration number : 5"
[1] "iteration number: "
[1] 1
[1] "Best fitness updated to:"
[1] -40.3587
[1] "Best solution:"
 [1] NA NA NA NA NA NA NA NA NA NA NA NA NA NA NA NA NA NA NA NA NA NA NA NA NA
[26] NA NA NA NA NA NA NA NA NA NA NA NA NA NA NA
[1] 0
[1] "iteration number: "
[1] 2
[1] "Best fitness updated to:"
[1] -46.40184
[1] "Best solution:"
 [1] 0 0 0 0 1 1 1 0 0 0 0 0 0 1 0 0 1 0 0 1 0 0 0 1 1 0 1 1 0 0 1 0 0 0 0 1 0 1
[39] 0 0
[1] 13
[1] "iteration number: "
[1] 3
[1] "Best fitness updated to:"
[1] -53.09046
[1] "Best solution:"
 [1] 0 1 0 0 1 1 0 0 1 1 0 0 1 0 0 0 1 1 0 0 0 0 0 0 1 0 0 0 0 1 0 1 1 0 1 0 1 0
[39] 0 1
[1] 15
[1] "iteration number: "
[1] 4
[1] "Best fitness updated to:"
[1] -54.88835
[1] "Best solution:"
 [1] 1 1 1 1 1 1 0 0 1 0 0 1 0 0 1 0 1 0 0 0 0 0 0 0 1 0 0 0 0 1 1 0 0 0 0 0 0 0
[39] 0 1
[1] 14
[1] "iteration number: "
[1] 5
[1] "Best fitness updated to:"
[1] -59.02876
[1] "Best solution:"
 [1] 1 1 1 1 0 1 0 1 1 0 1 0 0 0 1 1 0 0 1 0 0 1 1 0 1 0 0 0 0 1 1 0 0 0 0 0 1 0
[39] 0 1
[1] 18
[1] "iteration number: "
[1] 6
[1] "Best fitness updated to:"
[1] -59.04552
[1] "Best solution:"
 [1] 1 1 0 1 0 0 1 1 1 0 1 1 1 1 1 0 0 1 0 0 1 1 1 0 1 1 0 1 1 1 0 1 1 1 1 1 1 0
[39] 1 1
[1] 28
 [1]  1  2  3  4  5  6  8 10 15 16 17 20 22 27 29 31 34 35 37 38 39
[1] 5
[1] "##################################"
[1] "Results summary for itr:5"
[1] "number of features selected using population mean"
[1] 23
[1] "number of features selected using current global best"
[1] 21
[1] "feat ind length"
[1] 21
[1] "best accuracy"
[1] 59.04552
[1] "test acc:0.777777777777778"
[1] "##################################"
[1] "learning sets: 6"
 [1] 28  4 15 18 24 30 29 12 20 11  1  5  7 23 27 14 21  2 13  3 17 10 25 26 54
[26] 32 60 40 56 48 35 34 31 51 41 58 36 50 49 37 46 53 55 38 33 59 57 45 66 79
[51] 61 77 62 84 85 63 67 87 65 69 73 80 78 90 71 89 76 82 68 86 74 72
[1] "Starting global iteration number : 6"
[1] "iteration number: "
[1] 1
[1] "Best fitness updated to:"
[1] -43.74795
[1] "Best solution:"
 [1] NA NA NA NA NA NA NA NA NA NA NA NA NA NA NA NA NA NA NA NA NA NA NA NA NA
[26] NA NA NA NA NA NA NA NA NA NA NA NA NA NA NA
[1] 0
[1] "iteration number: "
[1] 2
[1] "Best fitness updated to:"
[1] -53.65815
[1] "Best solution:"
 [1] 0 0 0 0 1 1 1 0 0 0 0 0 0 1 0 0 1 0 0 1 0 0 0 1 1 0 1 1 0 0 1 0 0 0 0 1 0 1
[39] 0 0
[1] 13
[1] "iteration number: "
[1] 3
[1] "iteration number: "
[1] 4
[1] "Best fitness updated to:"
[1] -55.69018
[1] "Best solution:"
 [1] 0 1 0 1 1 0 0 1 1 0 1 0 0 0 0 0 0 0 1 0 1 0 0 1 1 0 0 1 0 1 0 0 1 0 0 0 1 1
[39] 0 1
[1] 16
[1] "iteration number: "
[1] 5
[1] "iteration number: "
[1] 6
[1] "Best fitness updated to:"
[1] -57.31774
[1] "Best solution:"
 [1] 1 1 1 0 1 0 0 1 1 0 1 1 0 1 0 1 0 1 0 1 0 1 0 1 1 1 0 1 0 0 0 1 0 1 1 1 0 0
[39] 0 1
[1] 22
 [1]  2  3  4  5  6  8 10 12 13 15 19 22 24 25 27 31 36 37 38 40
[1] 6
[1] "##################################"
[1] "Results summary for itr:6"
[1] "number of features selected using population mean"
[1] 32
[1] "number of features selected using current global best"
[1] 20
[1] "feat ind length"
[1] 20
[1] "best accuracy"
[1] 57.31774
[1] "test acc:0.833333333333333"
[1] "##################################"
[1] "learning sets: 7"
 [1] 14 24 19  8 18  4 11 16 23 12 28 25 13 21  9  3 20 29 27 26  6  7 15  2 34
[26] 39 47 54 46 41 44 37 60 52 45 36 57 49 32 43 56 40 42 33 38 59 35 31 70 62
[51] 76 66 68 88 73 65 63 83 86 72 77 78 85 64 69 67 61 71 84 87 79 90
[1] "Starting global iteration number : 7"
[1] "iteration number: "
[1] 1
[1] "Best fitness updated to:"
[1] -40.25022
[1] "Best solution:"
 [1] NA NA NA NA NA NA NA NA NA NA NA NA NA NA NA NA NA NA NA NA NA NA NA NA NA
[26] NA NA NA NA NA NA NA NA NA NA NA NA NA NA NA
[1] 0
[1] "iteration number: "
[1] 2
[1] "Best fitness updated to:"
[1] -49.94396
[1] "Best solution:"
 [1] 0 0 0 0 1 1 1 0 0 0 0 0 0 1 0 0 1 0 0 1 0 0 0 1 1 0 1 1 0 0 1 0 0 0 0 1 0 1
[39] 0 0
[1] 13
[1] "iteration number: "
[1] 3
[1] "Best fitness updated to:"
[1] -52.91617
[1] "Best solution:"
 [1] 1 0 1 0 0 1 0 1 1 0 1 0 0 1 1 1 1 1 0 1 0 1 1 0 0 0 1 0 0 1 1 0 0 0 0 1 1 0
[39] 0 1
[1] 20
[1] "iteration number: "
[1] 4
[1] "Best fitness updated to:"
[1] -53.14327
[1] "Best solution:"
 [1] 1 1 1 1 1 1 0 0 1 0 1 1 0 0 1 0 1 1 0 0 1 0 0 0 1 0 0 0 0 1 1 1 1 0 0 0 0 0
[39] 1 1
[1] 20
[1] "iteration number: "
[1] 5
[1] "Best fitness updated to:"
[1] -56.3083
[1] "Best solution:"
 [1] 0 1 1 1 0 0 0 0 0 1 1 0 0 0 0 0 0 1 0 0 0 0 0 0 0 0 0 0 1 1 1 1 1 0 0 0 0 1
[39] 1 1
[1] 14
[1] "iteration number: "
[1] 6
[1] "Best fitness updated to:"
[1] -57.55654
[1] "Best solution:"
 [1] 1 1 0 1 1 0 1 0 0 0 1 1 1 0 0 0 0 1 0 0 1 0 1 0 1 1 0 0 1 1 1 1 1 1 1 1 1 0
[39] 1 1
[1] 24
 [1]  2  3  4  8  9 10 13 14 16 19 21 24 26 29 30 32 33 34 37 40
[1] 7
[1] "##################################"
[1] "Results summary for itr:7"
[1] "number of features selected using population mean"
[1] 27
[1] "number of features selected using current global best"
[1] 20
[1] "feat ind length"
[1] 20
[1] "best accuracy"
[1] 57.55654
[1] "test acc:0.944444444444444"
[1] "##################################"
[1] "learning sets: 8"
 [1] 28 14  4 15  1 22  6 16 11 27 10  9  2 24  7 19 25 23 18 30  3  5  8 12 38
[26] 37 49 34 53 41 35 48 36 59 44 45 54 32 47 43 56 42 55 58 50 52 60 33 69 79
[51] 70 75 65 76 83 78 73 89 86 80 67 71 84 66 62 85 68 74 90 81 87 61
[1] "Starting global iteration number : 8"
[1] "iteration number: "
[1] 1
[1] "Best fitness updated to:"
[1] -36.2645
[1] "Best solution:"
 [1] NA NA NA NA NA NA NA NA NA NA NA NA NA NA NA NA NA NA NA NA NA NA NA NA NA
[26] NA NA NA NA NA NA NA NA NA NA NA NA NA NA NA
[1] 0
[1] "iteration number: "
[1] 2
[1] "Best fitness updated to:"
[1] -50.16751
[1] "Best solution:"
 [1] 0 0 0 0 1 1 1 0 0 0 0 0 0 1 0 0 1 0 0 1 0 0 0 1 1 0 1 1 0 0 1 0 0 0 0 1 0 1
[39] 0 0
[1] 13
[1] "iteration number: "
[1] 3
[1] "Best fitness updated to:"
[1] -54.90891
[1] "Best solution:"
 [1] 0 1 0 1 1 0 0 0 1 0 1 1 0 1 0 0 0 0 0 0 1 0 0 1 1 1 0 0 0 1 0 0 1 0 0 0 1 0
[39] 0 0
[1] 14
[1] "iteration number: "
[1] 4
[1] "iteration number: "
[1] 5
[1] "Best fitness updated to:"
[1] -56.64749
[1] "Best solution:"
 [1] 1 1 1 1 1 1 0 0 1 0 0 1 0 0 1 1 1 0 0 0 0 0 0 0 1 0 0 0 0 1 1 0 0 0 0 0 0 0
[39] 0 1
[1] 15
[1] "iteration number: "
[1] 6
 [1]  1  2  3  4  5  6  9 12 15 16 17 25 30 31 40
[1] 8
[1] "##################################"
[1] "Results summary for itr:8"
[1] "number of features selected using population mean"
[1] 20
[1] "number of features selected using current global best"
[1] 15
[1] "feat ind length"
[1] 15
[1] "best accuracy"
[1] 56.64749
[1] "test acc:0.833333333333333"
[1] "##################################"
[1] "learning sets: 9"
 [1] 23 25 22  9 14 13  6 28  3  1  4 11 16 17 29 24  2  8 15 10 27  5 12 26 53
[26] 51 57 59 60 54 37 43 42 48 44 33 34 32 47 49 55 45 36 31 40 38 39 50 73 71
[51] 82 86 76 74 81 79 75 67 83 66 61 87 70 84 65 78 69 77 64 85 72 90
[1] "Starting global iteration number : 9"
[1] "iteration number: "
[1] 1
[1] "Best fitness updated to:"
[1] -44.35784
[1] "Best solution:"
 [1] NA NA NA NA NA NA NA NA NA NA NA NA NA NA NA NA NA NA NA NA NA NA NA NA NA
[26] NA NA NA NA NA NA NA NA NA NA NA NA NA NA NA
[1] 0
[1] "iteration number: "
[1] 2
[1] "Best fitness updated to:"
[1] -45.4495
[1] "Best solution:"
 [1] 0 0 0 0 1 1 1 0 0 0 0 0 0 1 0 0 1 0 0 1 0 0 0 1 1 0 1 1 0 0 1 0 0 0 0 1 0 1
[39] 0 0
[1] 13
[1] "iteration number: "
[1] 3
[1] "Best fitness updated to:"
[1] -48.63186
[1] "Best solution:"
 [1] 0 1 1 1 1 0 1 1 0 1 0 0 0 1 0 1 0 0 1 0 1 1 0 1 0 1 0 0 0 0 0 0 0 0 0 0 1 0
[39] 0 1
[1] 16
[1] "iteration number: "
[1] 4
[1] "Best fitness updated to:"
[1] -49.39943
[1] "Best solution:"
 [1] 0 1 1 1 1 0 1 1 0 1 0 0 0 1 0 1 0 0 1 0 1 1 0 1 0 1 0 0 0 0 0 0 0 0 0 0 1 0
[39] 0 1
[1] 16
[1] "iteration number: "
[1] 5
[1] "Best fitness updated to:"
[1] -52.63107
[1] "Best solution:"
 [1] 0 1 1 1 1 0 1 1 1 1 0 0 0 1 0 1 0 0 1 0 1 1 0 1 0 1 0 0 0 0 0 0 0 0 0 0 1 0
[39] 0 1
[1] 17
[1] "iteration number: "
[1] 6
 [1]  1  2  3  4  5  8  9 10 11 13 14 16 19 20 22 24 26 28 31 35 37 40
[1] 9
[1] "##################################"
[1] "Results summary for itr:9"
[1] "number of features selected using population mean"
[1] 34
[1] "number of features selected using current global best"
[1] 22
[1] "feat ind length"
[1] 22
[1] "best accuracy"
[1] 52.63107
[1] "test acc:0.944444444444444"
[1] "##################################"
[1] "learning sets: 10"
 [1] 13  8 11 12  2  5 17 24 14  6 22 30 23 18 28 16 21 27  7 10 26  4  9 19 47
[26] 52 57 36 44 41 51 32 54 37 38 33 43 55 58 60 46 50 40 49 31 56 34 48 82 78
[51] 72 80 84 90 69 88 67 62 75 61 68 63 74 79 83 77 64 76 70 66 87 89
[1] "Starting global iteration number : 10"
[1] "iteration number: "
[1] 1
[1] "Best fitness updated to:"
[1] -46.67465
[1] "Best solution:"
 [1] NA NA NA NA NA NA NA NA NA NA NA NA NA NA NA NA NA NA NA NA NA NA NA NA NA
[26] NA NA NA NA NA NA NA NA NA NA NA NA NA NA NA
[1] 0
[1] "iteration number: "
[1] 2
[1] "Best fitness updated to:"
[1] -48.53004
[1] "Best solution:"
 [1] 0 0 0 0 1 1 1 0 0 0 0 0 0 1 0 0 1 0 0 1 0 0 0 1 1 0 1 1 0 0 1 0 0 0 0 1 0 1
[39] 0 0
[1] 13
[1] "iteration number: "
[1] 3
[1] "Best fitness updated to:"
[1] -56.58305
[1] "Best solution:"
 [1] 0 1 1 1 1 0 1 1 0 1 0 0 0 1 0 1 0 0 1 0 1 1 0 1 0 1 0 0 0 0 0 0 0 0 0 0 1 0
[39] 0 1
[1] 16
[1] "iteration number: "
[1] 4
[1] "Best fitness updated to:"
[1] -56.90105
[1] "Best solution:"
 [1] 0 1 1 1 0 0 1 1 0 1 0 0 1 1 1 1 1 1 1 0 0 0 0 1 0 1 0 1 0 1 1 0 0 1 1 0 1 1
[39] 1 1
[1] 24
[1] "iteration number: "
[1] 5
[1] "iteration number: "
[1] 6
[1] "Best fitness updated to:"
[1] -57.54191
[1] "Best solution:"
 [1] 1 0 1 1 0 1 0 1 1 0 1 0 1 1 1 1 1 1 0 1 0 1 1 0 0 0 0 1 1 1 1 0 0 1 1 1 1 1
[39] 1 1
[1] 27
 [1]  2  3  4  7  8 10 13 14 16 19 24 26 30 32 33 34 35 37 40
[1] 10
[1] "##################################"
[1] "Results summary for itr:10"
[1] "number of features selected using population mean"
[1] 34
[1] "number of features selected using current global best"
[1] 19
[1] "feat ind length"
[1] 19
[1] "best accuracy"
[1] 57.54191
[1] "test acc:0.944444444444444"
[1] "##################################"
[1] "testacc"
 [1] 0.8888889 0.8888889 0.7222222 0.9444444 0.7777778 0.8333333 0.9444444
 [8] 0.8333333 0.9444444 0.9444444
[1] 0.8722222
   Min. 1st Qu.  Median    Mean 3rd Qu.    Max. 
 0.7222  0.8333  0.8889  0.8722  0.9444  0.9444 
[1] 0.07878536
      [,1] [,2] [,3] [,4] [,5] [,6] [,7] [,8] [,9] [,10]
 [1,]    1    0    1    0    1    0    0    1    1     0
 [2,]    1    1    1    1    1    1    1    1    1     1
 [3,]    1    1    1    1    1    1    1    1    1     1
 [4,]    1    1    1    1    1    1    1    1    1     1
 [5,]    0    1    1    1    1    1    0    1    1     0
 [6,]    0    0    0    0    1    1    0    1    0     0
 [7,]    0    0    1    0    0    0    0    0    0     1
 [8,]    0    1    1    1    1    1    1    0    1     1
 [9,]    0    0    0    0    0    0    1    1    1     0
[10,]    0    0    1    1    1    1    1    0    1     1
[11,]    1    0    1    0    0    0    0    0    1     0
[12,]    0    0    1    0    0    1    0    1    0     0
[13,]    0    0    0    0    0    1    1    0    1     1
[14,]    0    0    1    0    0    0    1    0    1     1
[15,]    0    1    0    0    1    1    0    1    0     0
[16,]    0    0    1    1    1    0    1    1    1     1
[17,]    0    0    1    0    1    0    0    1    0     0
[18,]    0    0    0    0    0    0    0    0    0     0
[19,]    1    1    1    1    0    1    1    0    1     1
[20,]    1    0    1    0    1    0    0    0    1     0
[21,]    1    0    1    0    0    0    1    0    0     0
[22,]    1    0    1    1    1    1    0    0    1     0
[23,]    1    0    0    0    0    0    0    0    0     0
[24,]    0    0    1    0    0    1    1    0    1     1
[25,]    0    1    0    0    0    1    0    1    0     0
[26,]    0    0    1    1    0    0    1    0    1     1
[27,]    1    0    0    0    1    1    0    0    0     0
[28,]    0    1    1    0    0    0    0    0    1     0
[29,]    1    0    0    0    1    0    1    0    0     0
[30,]    1    1    0    1    0    0    1    1    0     1
[31,]    1    1    0    0    1    1    0    1    1     0
[32,]    0    0    0    0    0    0    1    0    0     1
[33,]    0    1    0    1    0    0    1    0    0     1
[34,]    1    0    1    1    1    0    1    0    0     1
[35,]    0    1    1    0    1    0    0    0    1     1
[36,]    1    0    1    0    0    1    0    0    0     0
[37,]    0    1    1    1    1    1    1    0    1     1
[38,]    1    0    0    0    1    1    0    0    0     0
[39,]    1    0    1    0    1    0    0    0    0     0
[40,]    1    1    0    0    0    1    1    1    1     1
[1] "dim of scoring matrix is "
[1] 40 10
[1] "DS index stage 2"
[1] 0.5512793
[1] "KI index stage 2"
[1] -Inf
[1] 1
   Min. 1st Qu.  Median    Mean 3rd Qu.    Max. 
   0.00    3.00    4.00    4.75    6.25   10.00 
[1] "Number of features selected in 1 iterations:"
[1] 39
[1] "Number of features selected in 1 iterations:"
[1] 39
[1] 1.0000000 0.8666667 0.9666667
[1] 1.0000000 0.8666667 0.9666667
[1] "accuracy: 80.6976738833795 num_feat:39 fitness:53.2406098227485"
$fitfunc
[1] -53.24061

$cverror
[1] 80.69767

$cvpermerror
[1] 44.32838

$testacc
[1] 100

$reverseacc
[1] 94.44444

[1] -53.24061
[1] "Number of features selected in 2 iterations:"
[1] 38
[1] 1.0000000 0.9000000 0.9666667
[1] 1.0000000 0.9000000 0.9666667
[1] "accuracy: 81.7810855071026 num_feat:38 fitness:54.2199657582292"
$fitfunc
[1] -54.21997

$cverror
[1] 81.78109

$cvpermerror
[1] 44.20518

$testacc
[1] 100

$reverseacc
[1] 95.55556

[1] -54.21997
[1] "Number of features selected in 3 iterations:"
[1] 36
[1] 1.0000000 0.9000000 0.9333333
[1] 1.0000000 0.9000000 0.9333333
[1] "accuracy: 80.5452985256685 num_feat:36 fitness:56.588756812889"
$fitfunc
[1] -56.58876

$cverror
[1] 80.5453

$cvpermerror
[1] 39.4892

$testacc
[1] 100

$reverseacc
[1] 94.44444

[1] -56.58876
[1] "Number of features selected in 4 iterations:"
[1] 23
[1] 1.0000000 0.9333333 0.9333333
[1] 1.0000000 0.9333333 0.9333333
[1] "accuracy: 85.6715728281893 num_feat:23 fitness:56.9039530003993"
$fitfunc
[1] -56.90395

$cverror
[1] 85.67157

$cvpermerror
[1] 45.07501

$testacc
[1] 100

$reverseacc
[1] 95.55556

[1] -56.90395
[1] "Number of features selected in 5 iterations:"
[1] 18
[1] 1.0000000 0.9333333 1.0000000
[1] 1.0000000 0.9333333 1.0000000
[1] "accuracy: 83.5748043859782 num_feat:18 fitness:59.6122732704672"
$fitfunc
[1] -59.61227

$cverror
[1] 83.5748

$cvpermerror
[1] 38.97928

$testacc
[1] 98.88889

$reverseacc
[1] 97.77778

[1] -59.61227
[1] "Number of features selected in 6 iterations:"
[1] 14
[1] 1.0000000 1.0000000 0.9666667
[1] 1.0000000 1.0000000 0.9666667
[1] "accuracy: 85.3128686677298 num_feat:14 fitness:55.1463999830119"
$fitfunc
[1] -55.1464

$cverror
[1] 85.31287

$cvpermerror
[1] 47.12607

$testacc
[1] 97.77778

$reverseacc
[1] 98.88889

[1] -55.1464
[1] "Number of features selected in 7 iterations:"
[1] 10
[1] 1.0000000 0.9666667 0.9666667
[1] 1.0000000 0.9666667 0.9666667
[1] "accuracy: 91.1716283036711 num_feat:10 fitness:63.9385784130931"
$fitfunc
[1] -63.93858

$cverror
[1] 91.17163

$cvpermerror
[1] 41.22401

$testacc
[1] 98.88889

$reverseacc
[1] 97.77778

[1] -63.93858
[1] "Number of features selected in 8 iterations:"
[1] 6
[1] 1.0000000 0.9666667 0.9333333
[1] 1.0000000 0.9666667 0.9333333
[1] "accuracy: 91.1765049992467 num_feat:6 fitness:59.7834587039096"
$fitfunc
[1] -59.78346

$cverror
[1] 91.1765

$cvpermerror
[1] 46.5937

$testacc
[1] 96.66667

$reverseacc
[1] 96.66667

[1] -59.78346
[1] "Number of features selected in 9 iterations:"
[1] 3
[1] 1.0000000 0.9666667 0.9333333
[1] 1.0000000 0.9666667 0.9333333
[1] "accuracy: 91.6552482330482 num_feat:3 fitness:67.0811242424596"
$fitfunc
[1] -67.08112

$cverror
[1] 91.65525

$cvpermerror
[1] 37.106

$testacc
[1] 97.77778

$reverseacc
[1] 96.66667

[1] -67.08112
[1] "Number of features selected in 10 iterations:"
[1] 3
[1] 1.0000000 0.9666667 0.9333333
[1] 1.0000000 0.9666667 0.9333333
[1] "accuracy: 91.6552482330482 num_feat:3 fitness:67.0811242424596"
$fitfunc
[1] -67.08112

$cverror
[1] 91.65525

$cvpermerror
[1] 37.106

$testacc
[1] 97.77778

$reverseacc
[1] 96.66667

[1] -67.08112
   Min. 1st Qu.  Median    Mean 3rd Qu.    Max. 
 0.7222  0.8333  0.8889  0.8722  0.9444  0.9444 
[1] "Number of features selected in 9 iterations:"
[1] 3
[1] "Modified train 10 fold accuracy using train data is "
[1] 97.77778
[1] "Modified train accuracy is "
[1] 0.9777778
[1] "train confusion matrix is "
            trainclass
pred_train   setosa versicolor virginica
  setosa         30          0         0
  versicolor      0         30         2
  virginica       0          0        28
[1] "Train dimension is "
[1] 90  3
[1] "Test dimension is "
[1] 60  3
[1] "Test confusion matrix is "
            
pred         setosa versicolor virginica
  setosa         19          0         0
  versicolor      1         20         2
  virginica       0          0        18
[1] "Test acc is "
[1] 0.95
[1] "train 10 fold"
[1] 95.55556
[1] "Test confusion matrix is "
            
pred         setosa versicolor virginica
  setosa         19          0         0
  versicolor      1         20         2
  virginica       0          0        18
[1] "Test acc is "
[1] 0.95
[1] "Test AUC:"
[1] 0.9741667
[1] "Train acc is "
[1] 0.9777778
[1] "# of features after CMA:"
There were 50 or more warnings (use warnings() to see the first 50)
Error in print(dim(CMAres$modtrainmata)) : 
  error in evaluating the argument 'x' in selecting a method for function 'print': Error: object 'CMAres' not found
Calls: system.time -> run_pso -> print
Timing stopped at: 19.49 1.022 516.606 
Execution halted
