
R version 3.2.2 (2015-08-14) -- "Fire Safety"
Copyright (C) 2015 The R Foundation for Statistical Computing
Platform: x86_64-apple-darwin13.4.0 (64-bit)

R is free software and comes with ABSOLUTELY NO WARRANTY.
You are welcome to redistribute it under certain conditions.
Type 'license()' or 'licence()' for distribution details.

  Natural language support but running in an English locale

R is a collaborative project with many contributors.
Type 'contributors()' for more information and
'citation()' on how to cite R or R packages in publications.

Type 'demo()' for some demos, 'help()' for on-line help, or
'help.start()' for an HTML browser interface to help.
Type 'q()' to quit R.

> 
> #.libPaths("/home/kuppal3/karan_libs/Rlibs")
> library(snow)
Warning message:
package ‘snow’ was built under R version 3.2.5 
> library(e1071)
Warning message:
package ‘e1071’ was built under R version 3.2.5 
> library(yaImpute)

Attaching package: ‘yaImpute’

The following object is masked from ‘package:e1071’:

    impute

> library(pROC)
Type 'citation("pROC")' for a citation.

Attaching package: ‘pROC’

The following objects are masked from ‘package:stats’:

    cov, smooth, var

Warning message:
package ‘pROC’ was built under R version 3.2.5 
> library(bioDist)
Loading required package: Biobase
Loading required package: BiocGenerics
Loading required package: parallel

Attaching package: ‘parallel’

The following objects are masked from ‘package:snow’:

    clusterApply, clusterApplyLB, clusterCall, clusterEvalQ,
    clusterExport, clusterMap, clusterSplit, makeCluster, parApply,
    parCapply, parLapply, parRapply, parSapply, splitIndices,
    stopCluster


Attaching package: ‘BiocGenerics’

The following objects are masked from ‘package:parallel’:

    clusterApply, clusterApplyLB, clusterCall, clusterEvalQ,
    clusterExport, clusterMap, parApply, parCapply, parLapply,
    parLapplyLB, parRapply, parSapply, parSapplyLB

The following objects are masked from ‘package:snow’:

    clusterApply, clusterApplyLB, clusterCall, clusterEvalQ,
    clusterExport, clusterMap, parApply, parCapply, parLapply,
    parRapply, parSapply

The following objects are masked from ‘package:stats’:

    IQR, mad, xtabs

The following objects are masked from ‘package:base’:

    anyDuplicated, append, as.data.frame, as.vector, cbind, colnames,
    do.call, duplicated, eval, evalq, Filter, Find, get, grep, grepl,
    intersect, is.unsorted, lapply, lengths, Map, mapply, match, mget,
    order, paste, pmax, pmax.int, pmin, pmin.int, Position, rank,
    rbind, Reduce, rownames, sapply, setdiff, sort, table, tapply,
    union, unique, unlist, unsplit

Welcome to Bioconductor

    Vignettes contain introductory material; view with
    'browseVignettes()'. To cite Bioconductor, see
    'citation("Biobase")', and for packages 'citation("pkgname")'.

Loading required package: KernSmooth
KernSmooth 2.23 loaded
Copyright M. P. Wand 1997-2009
> #library(CMA, lib="/home/kuppal3/karan_libs/Rlibs/")
> library(RankAggreg)
Warning message:
package ‘RankAggreg’ was built under R version 3.2.5 
> library(CMA)

Attaching package: ‘CMA’

The following object is masked from ‘package:pROC’:

    roc

The following object is masked from ‘package:e1071’:

    tune

Warning message:
package ‘CMA’ was built under R version 3.2.4 
> library(expm)
Loading required package: Matrix

Attaching package: ‘expm’

The following object is masked from ‘package:Matrix’:

    expm

Warning messages:
1: package ‘expm’ was built under R version 3.2.5 
2: package ‘Matrix’ was built under R version 3.2.5 
> 
> cl<-makeCluster(1)
> 
> 
> args<-commandArgs(trailingOnly=TRUE)
> 
> dirloc<-"/Users/karanuppal/Documents/Gatech/Projects/Algorithms/TwostagePSO/"
> #sname<-paste("/home/stu/kuppal3/Research/Feature_selection/Rcode/versionnov2014/OCFS_",args[9],".R",sep="")
> 
> sname<-paste(dirloc,"version2017/OCFS_",args[9],".R",sep="")
> source(sname)
> 
> outloc<-paste(dirloc,"/Datasets/MAQCII_BreastCancer/OCFSvmay2415_MAQCER",args[9],"/",sep="")
> 
> 
> sname<-paste(dirloc,"Datasets/MAQCII_BreastCancer/MaqcIIbr.Rda",sep="")
> load(sname)
> 
> trainm<-MaqcIIbr$trainx
> testm<-MaqcIIbr$testx
> trainclass<-MaqcIIbr$trainPCRvsRD
> testclass<-MaqcIIbr$testPCRvsRD
> 
> trainm<-trainm[,-c(22284)]
> testm<-testm[,-c(22284)]
> trainm<-apply(trainm,2,as.numeric)
> testm<-apply(testm,2,as.numeric)
> 
> trainm<-cbind(trainclass,trainm)
> testm<-cbind(testclass,testm)
> 
> trainm<-na.omit(trainm)
> testm<-na.omit(testm)
> 
> dir.create(outloc)
Warning message:
In dir.create(outloc) :
  '/Users/karanuppal/Documents/Gatech/Projects/Algorithms/TwostagePSO//Datasets/MAQCII_BreastCancer/OCFSvmay2415_MAQCERvmarch62018_v3' already exists
> setwd(outloc)
> 
> 
> trainm<-as.matrix(trainm)
> testm<-as.matrix(testm)
> trainclass<-trainm[,1] #CMAres$modtrainclass
> testclass<-testm[,1] #CMAres$modtestclass
> trainm<-trainm[,-c(1)] #CMAres$modtrainmata
> testm<-testm[,-c(1)] #CMAres$modtestmata
> 
> #a: Confusions
> #b: Neighbors
> #c: Global
> #d: Death
> 
> a<-c(0.25,0.25,0.25,0.25)
> b<-c(0.3,0.1,0.4,0.1)
> c<-c(0.25,0.25,0.5,0)
> d<-c(0.9,0.1,0,0.1)
> 
> a<-c(0,0.4,0.1,0.5)
> b<-c(0.3,0.1,0.4,0.1)
> c<-c(0,0.5,0.5,0)
> d<-c(0.9,0.1,0,0)
> 
> a<-c(0,0.4,0.1,0.5)
> b<-c(0.2,0.3,0.4,0.1)
> c<-c(0,0.4,0.4,0.2)
> d<-c(0.9,0.1,0,0)
> 
> transition_matrix<-rbind(a,b,c,d)
> 
> 
> dir.create(outloc)
Warning message:
In dir.create(outloc) :
  '/Users/karanuppal/Documents/Gatech/Projects/Algorithms/TwostagePSO//Datasets/MAQCII_BreastCancer/OCFSvmay2415_MAQCERvmarch62018_v3' already exists
> setwd(outloc)
> temp2=t(trainm)
> temp2=apply(temp2, 2, function(x){which(x=="MD")})
> temp2=unlist(temp2)
> temp2=unique(temp2)
> if(length(temp2)>1)
+ {
+ 	trainm=trainm[,-c(temp2)]
+ 
+ 	rm(temp2)
+ }
> 
> boostweight=rep(0,dim(trainm)[2])
> 
> #if(FALSE)
> {
+ CMAres<-performCMA(trainm, trainclass, testm, testclass,outloc,
+ maxnum=as.numeric(args[10]),
+ minnum=3,
+ stepitr=1,
+ gsmethods=c("limma"), #"lasso","elasticnet","kruskal.test"), #"f.test", "f.test", "elasticnet", "wilcox.test", "welch.test"),
+ pct_train=0.40,
+ accuracyweight=1,
+ featweight=0.06,
+ minpresent=1,
+ kname="radial",
+ norm_method="none",
+ tolerance=0.5,
+ maxitrs=5,
+ classindex=1,
+ numfacts=0,
+ evalmethod="CV",
+ numfolds=10,
+ CVfoldthresh=0.7,
+ varselmethod=args[11],
+ scheme_val="one-vs-all",
+ iter_learn=1,boostweight=rep(0,dim(trainm)[2]))
+ 
+ 
+ CMAres<-performCMA(trainm, trainclass, testm, testclass,outloc,
+ maxnum=as.numeric(args[10]),
+ minnum=3,
+ stepitr=1,
+ gsmethods=c("lasso"), #"lasso","elasticnet","kruskal.test"), #"f.test", "f.test", "elasticnet", "wilcox.test", "welch.test"),
+ pct_train=0.40,
+ accuracyweight=1,
+ featweight=0.06,
+ minpresent=1,
+ kname="radial",
+ norm_method="none",
+ tolerance=0.5,
+ maxitrs=5,
+ classindex=1,
+ numfacts=0,
+ evalmethod="CV",
+ numfolds=10,
+ CVfoldthresh=0.7,
+ varselmethod=args[11],
+ scheme_val="one-vs-all",
+ iter_learn=1,boostweight=rep(0,dim(trainm)[2]))
+ 
+ CMAres<-performCMA(trainm, trainclass, testm, testclass,outloc,
+ maxnum=as.numeric(args[10]),
+ minnum=3,
+ stepitr=1,
+ gsmethods=c("rfe"), #"lasso","elasticnet","kruskal.test"), #"f.test", "f.test", "elasticnet", "wilcox.test", "welch.test"),
+ pct_train=0.40,
+ accuracyweight=1,
+ featweight=0.06,
+ minpresent=1,
+ kname="radial",
+ norm_method="none",
+ tolerance=0.5,
+ maxitrs=5,
+ classindex=1,
+ numfacts=0,
+ evalmethod="CV",
+ numfolds=10,
+ CVfoldthresh=0.7,
+ varselmethod=args[11],
+ scheme_val="one-vs-all",
+ iter_learn=1,boostweight=rep(0,dim(trainm)[2]))
+ 
+ CMAres<-performCMA(trainm, trainclass, testm, testclass,outloc,
+ maxnum=as.numeric(args[10]),
+ minnum=3,
+ stepitr=1,
+ gsmethods=c("elasticnet"), #"lasso","elasticnet","kruskal.test"), #"f.test", "f.test", "elasticnet", "wilcox.test", "welch.test"),
+ pct_train=0.40,
+ accuracyweight=1,
+ featweight=0.06,
+ minpresent=1,
+ kname="radial",
+ norm_method="none",
+ tolerance=0.5,
+ maxitrs=5,
+ classindex=1,
+ numfacts=0,
+ evalmethod="CV",
+ numfolds=10,
+ CVfoldthresh=0.7,
+ varselmethod=args[11],
+ scheme_val="one-vs-all",
+ iter_learn=1,boostweight=rep(0,dim(trainm)[2]))
+ 
+ if(FALSE){
+ CMAres<-performCMA(trainm, trainclass, testm, testclass,outloc,
+ maxnum=as.numeric(args[10]),
+ minnum=3,
+ stepitr=1,
+ gsmethods=c("rf"), #"lasso","elasticnet","kruskal.test"), #"f.test", "f.test", "elasticnet", "wilcox.test", "welch.test"),
+ pct_train=0.40,
+ accuracyweight=1,
+ featweight=0.06,
+ minpresent=1,
+ kname="radial",
+ norm_method="none",
+ tolerance=0.5,
+ maxitrs=5,
+ classindex=1,
+ numfacts=0,
+ evalmethod="CV",
+ numfolds=10,
+ CVfoldthresh=0.7,
+ varselmethod=args[11],
+ scheme_val="one-vs-all",
+ iter_learn=1,boostweight=rep(0,dim(trainm)[2]))
+ }
+ 
+ CMAres<-performCMA(trainm, trainclass, testm, testclass,outloc,
+ maxnum=as.numeric(args[10]),
+ minnum=3,
+ stepitr=1,
+ gsmethods=c("f.test"), #"lasso","elasticnet","kruskal.test"), #"f.test", "f.test", "elasticnet", "wilcox.test", "welch.test"),
+ pct_train=0.40,
+ accuracyweight=1,
+ featweight=0.06,
+ minpresent=1,
+ kname="radial",
+ norm_method="none",
+ tolerance=0.5,
+ maxitrs=5,
+ classindex=1,
+ numfacts=0,
+ evalmethod="CV",
+ numfolds=10,
+ CVfoldthresh=0.7,
+ varselmethod=args[11],
+ scheme_val="one-vs-all",
+ iter_learn=1,boostweight=rep(0,dim(trainm)[2]))
+ }
[1] "dim of trainm is "
[1]   130 22283
[1]   130 22283
[1] "maxnum is "
[1] 3
[1] "# of genes left after filtering:"
[1]   130 22283
[1] "limma"
[1] "Method name: limma"
[1]   130 22283
nci_y
 1  2 
33 97 
learningset mode:  CV 
number of learningsets:  10 
(maximum) number of observations per learning set:  117 
[1] "one-vs-all"
GeneSelection: iteration 1 

Attaching package: ‘limma’

The following object is masked from ‘package:BiocGenerics’:

    plotMA

GeneSelection: iteration 2 
GeneSelection: iteration 3 
GeneSelection: iteration 4 
GeneSelection: iteration 5 
GeneSelection: iteration 6 
GeneSelection: iteration 7 
GeneSelection: iteration 8 
GeneSelection: iteration 9 
GeneSelection: iteration 10 
[1] 13
[1] "varselmethod"
[1] "maxnum"
[1] 13
[1] "Method: limma"
[1] 3
[1] "dim of scoring matrix is "
[1] 22283     1
     Min.   1st Qu.    Median      Mean   3rd Qu.      Max. 
0.0000000 0.0000000 0.0000000 0.0001346 0.0000000 1.0000000 
[1] 3
[1] 22283
[1] "DS index stage 1"
[1] NA
[1] "bestgenelist"
[1]  3155 13543 18415
     203628_at 214164_x_at 219051_x_at
[1,]   10.7755     12.6474      8.5236
[2,]    9.8410     11.7852      8.9626
[3,]    9.4169     12.7464     10.7458
     203628_at 214164_x_at 219051_x_at
[1,]    9.4326     12.7392      9.5138
[2,]    9.8046     10.9092      5.3641
[3,]    7.9079     10.6696      7.1097
[1] "numgenes selected:3"
[1] "test acc:0.76"
[1] "test AUC acc:0.749019607843137"
[1] "10 fold train76.9230769230769"
[1] "confusion matrix train 10 fold"
          nci_y
pred10fold  1  2
         1 21  8
         2 12 89
[1] "confusion matrix test"
         test_y
pred_test  1  2
        1 11 20
        2  4 65
[1] "train acc:0.846153846153846"
[1] "confusion matrix train"
          nci_y
pred_train  1  2
         1 21  8
         2 12 89
[1] "DS index stage 1"
[1] NA
[1] "KI index stage 1"
[1] NA
[1] "dim of trainm is "
[1]   130 22283
[1]   130 22283
[1] "maxnum is "
[1] 3
[1] "# of genes left after filtering:"
[1]   130 22283
[1] "lasso"
[1] "Method name: lasso"
[1]   130 22283
nci_y
 1  2 
33 97 
learningset mode:  CV 
number of learningsets:  10 
(maximum) number of observations per learning set:  117 
[1] "one-vs-all"
GeneSelection: iteration 1 
Loaded glmnet 2.0-10


Attaching package: ‘glmnet’

The following object is masked from ‘package:pROC’:

    auc

GeneSelection: iteration 2 
GeneSelection: iteration 3 
GeneSelection: iteration 4 
GeneSelection: iteration 5 
GeneSelection: iteration 6 
GeneSelection: iteration 7 
GeneSelection: iteration 8 
GeneSelection: iteration 9 
GeneSelection: iteration 10 
genelist
 1083 15464  2211  2667  8166 18226  1326  3155  4208  4349 11253 11968 
    9     5     3     3     2     2     1     1     1     1     1     1 
[1] 12
[1] "varselmethod"
[1] "maxnum"
[1] 12
[1] "Method: lasso"
[1] 3
[1] "dim of scoring matrix is "
[1] 22283     1
     Min.   1st Qu.    Median      Mean   3rd Qu.      Max. 
0.0000000 0.0000000 0.0000000 0.0001346 0.0000000 1.0000000 
[1] 3
[1] 22283
[1] "DS index stage 1"
[1] NA
[1] "bestgenelist"
[1]  1083  2211 15464
     201555_at 202683_s_at 216092_s_at
[1,]    9.9323      8.8393     10.4159
[2,]    9.5628      8.4030      9.7648
[3,]   10.3905      8.3998      8.3641
     201555_at 202683_s_at 216092_s_at
[1,]    9.9499      8.8732     10.6963
[2,]    9.6616      8.5511      9.3780
[3,]    9.4638      8.5826      9.3840
[1] "numgenes selected:3"
[1] "test acc:0.74"
[1] "test AUC acc:0.627450980392157"
[1] "10 fold train80"
[1] "confusion matrix train 10 fold"
          nci_y
pred10fold  1  2
         1 21  6
         2 12 91
[1] "confusion matrix test"
         test_y
pred_test  1  2
        1  7 18
        2  8 67
[1] "train acc:0.861538461538462"
[1] "confusion matrix train"
          nci_y
pred_train  1  2
         1 21  6
         2 12 91
[1] "DS index stage 1"
[1] NA
[1] "KI index stage 1"
[1] NA
[1] "dim of trainm is "
[1]   130 22283
[1]   130 22283
[1] "maxnum is "
[1] 3
[1] "# of genes left after filtering:"
[1]   130 22283
[1] "rfe"
[1] "Method name: rfe"
[1]   130 22283
nci_y
 1  2 
33 97 
learningset mode:  CV 
number of learningsets:  10 
(maximum) number of observations per learning set:  117 
[1] "one-vs-all"
GeneSelection: iteration 1 
GeneSelection: iteration 2 
GeneSelection: iteration 3 
GeneSelection: iteration 4 
GeneSelection: iteration 5 
GeneSelection: iteration 6 
GeneSelection: iteration 7 
GeneSelection: iteration 8 
GeneSelection: iteration 9 
GeneSelection: iteration 10 
[1] 13
[1] "varselmethod"
[1] "maxnum"
[1] 13
[1] "Method: rfe"
[1] 3
[1] "dim of scoring matrix is "
[1] 22283     1
     Min.   1st Qu.    Median      Mean   3rd Qu.      Max. 
0.0000000 0.0000000 0.0000000 0.0001346 0.0000000 1.0000000 
[1] 3
[1] 22283
[1] "DS index stage 1"
[1] NA
[1] "bestgenelist"
[1] 4756 5240 8388
     205229_s_at 205713_s_at 208893_s_at
[1,]      6.8695     10.0607      4.0949
[2,]      5.4533      5.6228      9.2703
[3,]      6.2767      6.8404      3.9487
     205229_s_at 205713_s_at 208893_s_at
[1,]      5.2668      5.2933      7.6049
[2,]      7.1769      4.3142      8.9154
[3,]      6.9284      4.5240      9.1121
[1] "numgenes selected:3"
[1] "test acc:0.81"
[1] "test AUC acc:0.641176470588235"
[1] "10 fold train78.4615384615385"
[1] "confusion matrix train 10 fold"
          nci_y
pred10fold  1  2
         1 17  5
         2 16 92
[1] "confusion matrix test"
         test_y
pred_test  1  2
        1  6 10
        2  9 75
[1] "train acc:0.838461538461538"
[1] "confusion matrix train"
          nci_y
pred_train  1  2
         1 17  5
         2 16 92
[1] "DS index stage 1"
[1] NA
[1] "KI index stage 1"
[1] NA
[1] "dim of trainm is "
[1]   130 22283
[1]   130 22283
[1] "maxnum is "
[1] 3
[1] "# of genes left after filtering:"
[1]   130 22283
[1] "elasticnet"
[1] "Method name: elasticnet"
[1]   130 22283
nci_y
 1  2 
33 97 
learningset mode:  CV 
number of learningsets:  10 
(maximum) number of observations per learning set:  117 
[1] "one-vs-all"
GeneSelection: iteration 1 
GeneSelection: iteration 2 
GeneSelection: iteration 3 
GeneSelection: iteration 4 
GeneSelection: iteration 5 
GeneSelection: iteration 6 
GeneSelection: iteration 7 
GeneSelection: iteration 8 
GeneSelection: iteration 9 
GeneSelection: iteration 10 
[1] 13
[1] "varselmethod"
[1] "maxnum"
[1] 13
[1] "Method: elasticnet"
[1] 3
[1] "dim of scoring matrix is "
[1] 22283     1
     Min.   1st Qu.    Median      Mean   3rd Qu.      Max. 
0.0000000 0.0000000 0.0000000 0.0001346 0.0000000 1.0000000 
[1] 3
[1] 22283
[1] "DS index stage 1"
[1] NA
[1] "bestgenelist"
[1]  1083  2211 15464
     201555_at 202683_s_at 216092_s_at
[1,]    9.9323      8.8393     10.4159
[2,]    9.5628      8.4030      9.7648
[3,]   10.3905      8.3998      8.3641
     201555_at 202683_s_at 216092_s_at
[1,]    9.9499      8.8732     10.6963
[2,]    9.6616      8.5511      9.3780
[3,]    9.4638      8.5826      9.3840
[1] "numgenes selected:3"
[1] "test acc:0.74"
[1] "test AUC acc:0.627450980392157"
[1] "10 fold train80"
[1] "confusion matrix train 10 fold"
          nci_y
pred10fold  1  2
         1 21  6
         2 12 91
[1] "confusion matrix test"
         test_y
pred_test  1  2
        1  7 18
        2  8 67
[1] "train acc:0.861538461538462"
[1] "confusion matrix train"
          nci_y
pred_train  1  2
         1 21  6
         2 12 91
[1] "DS index stage 1"
[1] NA
[1] "KI index stage 1"
[1] NA
[1] "dim of trainm is "
[1]   130 22283
[1]   130 22283
[1] "maxnum is "
[1] 3
[1] "# of genes left after filtering:"
[1]   130 22283
[1] "f.test"
[1] "Method name: f.test"
[1]   130 22283
nci_y
 1  2 
33 97 
learningset mode:  CV 
number of learningsets:  10 
(maximum) number of observations per learning set:  117 
[1] "one-vs-all"
GeneSelection: iteration 1 
GeneSelection: iteration 2 
GeneSelection: iteration 3 
GeneSelection: iteration 4 
GeneSelection: iteration 5 
GeneSelection: iteration 6 
GeneSelection: iteration 7 
GeneSelection: iteration 8 
GeneSelection: iteration 9 
GeneSelection: iteration 10 
[1] 16
[1] "varselmethod"
[1] "maxnum"
[1] 16
[1] "Method: f.test"
[1] 3
[1] "dim of scoring matrix is "
[1] 22283     1
     Min.   1st Qu.    Median      Mean   3rd Qu.      Max. 
0.0000000 0.0000000 0.0000000 0.0001346 0.0000000 1.0000000 
[1] 3
[1] 22283
[1] "DS index stage 1"
[1] NA
[1] "bestgenelist"
[1]  5927 13543 18415
     206401_s_at 214164_x_at 219051_x_at
[1,]      9.9796     12.6474      8.5236
[2,]      9.9498     11.7852      8.9626
[3,]      6.0807     12.7464     10.7458
     206401_s_at 214164_x_at 219051_x_at
[1,]     10.6463     12.7392      9.5138
[2,]      8.2532     10.9092      5.3641
[3,]      7.4477     10.6696      7.1097
[1] "numgenes selected:3"
[1] "test acc:0.71"
[1] "test AUC acc:0.692156862745098"
[1] "10 fold train80"
[1] "confusion matrix train 10 fold"
          nci_y
pred10fold  1  2
         1 21  8
         2 12 89
[1] "confusion matrix test"
         test_y
pred_test  1  2
        1 10 24
        2  5 61
[1] "train acc:0.846153846153846"
[1] "confusion matrix train"
          nci_y
pred_train  1  2
         1 21  8
         2 12 89
[1] "DS index stage 1"
[1] NA
[1] "KI index stage 1"
[1] NA
There were 32 warnings (use warnings() to see them)
> #1
> CMAres<-performCMA(trainm, trainclass, testm, testclass,outloc,
+ maxnum=as.numeric(args[10]),
+ minnum=3,
+ stepitr=1,
+ gsmethods=c("limma","lasso","rfe","elasticnet", "f.test"), #"lasso","elasticnet","kruskal.test"), #"f.test", "f.test", "elasticnet", "wilcox.test", "welch.test"),
+ pct_train=0.40,
+ accuracyweight=1,
+ featweight=0.06,
+ minpresent=1,
+ kname="radial",
+ norm_method="none",
+ tolerance=0.5,
+ maxitrs=5,
+ classindex=1,
+ numfacts=0,
+ evalmethod="CV",
+ numfolds=10,
+ CVfoldthresh=0.7,
+ varselmethod=args[11],
+ scheme_val="one-vs-all",
+ iter_learn=1,boostweight=rep(0,dim(trainm)[2]))
[1] "dim of trainm is "
[1]   130 22283
[1]   130 22283
[1] "maxnum is "
[1] 3
[1] "# of genes left after filtering:"
[1]   130 22283
[1] "limma"      "lasso"      "rfe"        "elasticnet" "f.test"    
[1] "Method name: limma"
[1]   130 22283
nci_y
 1  2 
33 97 
learningset mode:  CV 
number of learningsets:  10 
(maximum) number of observations per learning set:  117 
[1] "one-vs-all"
GeneSelection: iteration 1 
GeneSelection: iteration 2 
GeneSelection: iteration 3 
GeneSelection: iteration 4 
GeneSelection: iteration 5 
GeneSelection: iteration 6 
GeneSelection: iteration 7 
GeneSelection: iteration 8 
GeneSelection: iteration 9 
GeneSelection: iteration 10 
[1] 13
[1] "varselmethod"
[1] "maxnum"
[1] 13
[1] "Method: limma"
[1] 3
[1] "Method name: lasso"
[1]   130 22283
nci_y
 1  2 
33 97 
learningset mode:  CV 
number of learningsets:  10 
(maximum) number of observations per learning set:  117 
[1] "one-vs-all"
GeneSelection: iteration 1 
GeneSelection: iteration 2 
GeneSelection: iteration 3 
GeneSelection: iteration 4 
GeneSelection: iteration 5 
GeneSelection: iteration 6 
GeneSelection: iteration 7 
GeneSelection: iteration 8 
GeneSelection: iteration 9 
GeneSelection: iteration 10 
genelist
 1083 15464  2211  2667  8166 18226  1326  3155  4208  4349 11253 11968 
    9     5     3     3     2     2     1     1     1     1     1     1 
[1] 12
[1] "varselmethod"
[1] "maxnum"
[1] 12
[1] "Method: lasso"
[1] 3
[1] "Method name: rfe"
[1]   130 22283
nci_y
 1  2 
33 97 
learningset mode:  CV 
number of learningsets:  10 
(maximum) number of observations per learning set:  117 
[1] "one-vs-all"
GeneSelection: iteration 1 
GeneSelection: iteration 2 
GeneSelection: iteration 3 
GeneSelection: iteration 4 
GeneSelection: iteration 5 
GeneSelection: iteration 6 
GeneSelection: iteration 7 
GeneSelection: iteration 8 
GeneSelection: iteration 9 
GeneSelection: iteration 10 
[1] 13
[1] "varselmethod"
[1] "maxnum"
[1] 13
[1] "Method: rfe"
[1] 3
[1] "Method name: elasticnet"
[1]   130 22283
nci_y
 1  2 
33 97 
learningset mode:  CV 
number of learningsets:  10 
(maximum) number of observations per learning set:  117 
[1] "one-vs-all"
GeneSelection: iteration 1 
GeneSelection: iteration 2 
GeneSelection: iteration 3 
GeneSelection: iteration 4 
GeneSelection: iteration 5 
GeneSelection: iteration 6 
GeneSelection: iteration 7 
GeneSelection: iteration 8 
GeneSelection: iteration 9 
GeneSelection: iteration 10 
[1] 13
[1] "varselmethod"
[1] "maxnum"
[1] 13
[1] "Method: elasticnet"
[1] 3
[1] "Method name: f.test"
[1]   130 22283
nci_y
 1  2 
33 97 
learningset mode:  CV 
number of learningsets:  10 
(maximum) number of observations per learning set:  117 
[1] "one-vs-all"
GeneSelection: iteration 1 
GeneSelection: iteration 2 
GeneSelection: iteration 3 
GeneSelection: iteration 4 
GeneSelection: iteration 5 
GeneSelection: iteration 6 
GeneSelection: iteration 7 
GeneSelection: iteration 8 
GeneSelection: iteration 9 
GeneSelection: iteration 10 
[1] 16
[1] "varselmethod"
[1] "maxnum"
[1] 16
[1] "Method: f.test"
[1] 3
[1] "dim of scoring matrix is "
[1] 22283     5
     Min.   1st Qu.    Median      Mean   3rd Qu.      Max. 
0.0000000 0.0000000 0.0000000 0.0006732 0.0000000 2.0000000 
[1] 10
[1] 22283
[1] "DS index stage 1"
[1] 0.1666667
[1] "bestgenelist"
 [1]  1083  2211  3155  4756  5240  5927  8388 13543 15464 18415
     201555_at 202683_s_at 203628_at 205229_s_at 205713_s_at 206401_s_at
[1,]    9.9323      8.8393   10.7755      6.8695     10.0607      9.9796
[2,]    9.5628      8.4030    9.8410      5.4533      5.6228      9.9498
[3,]   10.3905      8.3998    9.4169      6.2767      6.8404      6.0807
     208893_s_at 214164_x_at 216092_s_at 219051_x_at
[1,]      4.0949     12.6474     10.4159      8.5236
[2,]      9.2703     11.7852      9.7648      8.9626
[3,]      3.9487     12.7464      8.3641     10.7458
     201555_at 202683_s_at 203628_at 205229_s_at 205713_s_at 206401_s_at
[1,]    9.9499      8.8732    9.4326      5.2668      5.2933     10.6463
[2,]    9.6616      8.5511    9.8046      7.1769      4.3142      8.2532
[3,]    9.4638      8.5826    7.9079      6.9284      4.5240      7.4477
     208893_s_at 214164_x_at 216092_s_at 219051_x_at
[1,]      7.6049     12.7392     10.6963      9.5138
[2,]      8.9154     10.9092      9.3780      5.3641
[3,]      9.1121     10.6696      9.3840      7.1097
[1] "numgenes selected:10"
[1] "test acc:0.75"
[1] "test AUC acc:0.715686274509804"
[1] "10 fold train84.6153846153846"
[1] "confusion matrix train 10 fold"
          nci_y
pred10fold  1  2
         1 28  1
         2  5 96
[1] "confusion matrix test"
         test_y
pred_test  1  2
        1 10 20
        2  5 65
[1] "train acc:0.953846153846154"
[1] "confusion matrix train"
          nci_y
pred_train  1  2
         1 28  1
         2  5 96
[1] "DS index stage 1"
[1] 0.1666667
[1] "KI index stage 1"
[1] 0.1665545
[[1]]
[1] "var3155"  "var13543" "var18415"

[[2]]
[1] "var1083"  "var2211"  "var15464"

[[3]]
[1] "var4756" "var5240" "var8388"

[[4]]
[1] "var1083"  "var2211"  "var15464"

[[5]]
[1] "var5927"  "var13543" "var18415"


 Iteration 1 :  Optimal value:  7.2 
 Optimal List:   var1083,var2211,var13543 

 Iteration 2 :  Optimal value:  7.2 
 Optimal List:   var1083,var13543,var2211 

 Iteration 3 :  Optimal value:  7.2 
 Optimal List:   var1083,var13543,var2211 

 Iteration 4 :  Optimal value:  7.2 
 Optimal List:   var1083,var13543,var2211 

 Iteration 5 :  Optimal value:  7.2 
 Optimal List:   var1083,var13543,var18415 

 Iteration 6 :  Optimal value:  7.2 
 Optimal List:   var1083,var13543,var15464 

 Iteration 7 :  Optimal value:  7.2 
 Optimal List:   var1083,var13543,var2211 
[1] "test acc rank aggreg CE:0.75"
[1] "test AUC acc rank aggreg CE:0.633333333333333"
[1] "10 fold train rank aggreg res CE79.2307692307692"
[1] "confusion matrix train 10 fold rank aggreg CE"
            nci_y
pred10foldRA  1  2
           1 21  7
           2 12 90
[1] "Num itr RA CE"
[1] 7
[1] "Test BER aggreg CE is"
[1] 0.6333333

 Iteration 1 :  Optimal value:  7.6 
 Optimal List:   var1083,var2211,var3155 

 Iteration 2 :  Optimal value:  7.6 
 Optimal List:   var1083,var2211,var3155 

 Iteration 3 :  Optimal value:  7.2 
 Optimal List:   var1083,var2211,var18415 

 Iteration 4 :  Optimal value:  7.2 
 Optimal List:   var1083,var2211,var13543 

 Iteration 5 :  Optimal value:  7.2 
 Optimal List:   var1083,var2211,var18415 

 Iteration 6 :  Optimal value:  7.2 
 Optimal List:   var1083,var2211,var18415 

 Iteration 7 :  Optimal value:  7.2 
 Optimal List:   var1083,var2211,var18415 

 Iteration 8 :  Optimal value:  7.2 
 Optimal List:   var1083,var2211,var18415 

 Iteration 9 :  Optimal value:  7.2 
 Optimal List:   var1083,var2211,var18415 

 Iteration 10 :  Optimal value:  7.2 
 Optimal List:   var1083,var2211,var18415 

 Iteration 11 :  Optimal value:  7.2 
 Optimal List:   var1083,var2211,var13543 

 Iteration 12 :  Optimal value:  7.2 
 Optimal List:   var1083,var2211,var18415 

 Iteration 13 :  Optimal value:  7.2 
 Optimal List:   var1083,var2211,var15464 

 Iteration 14 :  Optimal value:  7.2 
 Optimal List:   var1083,var2211,var18415 

 Iteration 15 :  Optimal value:  7.2 
 Optimal List:   var1083,var2211,var18415 

 Iteration 16 :  Optimal value:  7.2 
 Optimal List:   var1083,var2211,var18415 

 Iteration 17 :  Optimal value:  7.2 
 Optimal List:   var1083,var2211,var18415 

 Iteration 18 :  Optimal value:  7.2 
 Optimal List:   var1083,var2211,var18415 

 Iteration 19 :  Optimal value:  7.2 
 Optimal List:   var1083,var2211,var18415 

 Iteration 20 :  Optimal value:  7.2 
 Optimal List:   var1083,var2211,var18415 

 Iteration 21 :  Optimal value:  7.2 
 Optimal List:   var1083,var2211,var18415 

 Iteration 22 :  Optimal value:  7.2 
 Optimal List:   var1083,var2211,var18415 

 Iteration 23 :  Optimal value:  7.2 
 Optimal List:   var1083,var2211,var18415 

 Iteration 24 :  Optimal value:  7.2 
 Optimal List:   var1083,var2211,var18415 

 Iteration 25 :  Optimal value:  7.2 
 Optimal List:   var1083,var2211,var18415 

 Iteration 26 :  Optimal value:  7.2 
 Optimal List:   var1083,var2211,var18415 

 Iteration 27 :  Optimal value:  7.2 
 Optimal List:   var1083,var2211,var18415 

 Iteration 28 :  Optimal value:  7.2 
 Optimal List:   var1083,var2211,var18415 

 Iteration 29 :  Optimal value:  7.2 
 Optimal List:   var1083,var2211,var18415 

 Iteration 30 :  Optimal value:  7.2 
 Optimal List:   var1083,var2211,var18415 

 Iteration 31 :  Optimal value:  7.2 
 Optimal List:   var1083,var2211,var18415 

 Iteration 32 :  Optimal value:  7.2 
 Optimal List:   var1083,var2211,var18415 
[1] "test acc rank aggreg GA:0.71"
[1] "test AUC acc rank aggreg GA:0.609803921568627"
[1] "10 fold train rank aggreg res GA82.3076923076923"
[1] "confusion matrix train 10 fold rank aggreg GA"
            nci_y
pred10foldRA  1  2
           1 18  5
           2 15 92
[1] "Num itr RA GA"
[1] 33
[1] "Test BER aggreg GA is"
[1] 0.6098039
Warning messages:
1: In if (is.na(boostweight) == TRUE) { :
  the condition has length > 1 and only the first element will be used
2: In if (is.na(testm) == TRUE) { :
  the condition has length > 1 and only the first element will be used
3: In if (is.na(testclass) == TRUE) { :
  the condition has length > 1 and only the first element will be used
> 
> cma_feat_list<-colnames(trainm)
> 
> save(CMAres,file="CMAres.Rda")
> write.table(cma_feat_list,file="selected_cma_feat_list.txt",sep="t",row.names=FALSE)
> 
> # modtraindata=modtrain, modtestdata=modtest, blindtest=testacc, modtrainclass=nci_y, modtestclass=test_y
> #if(FALSE)
> {
+ trainm<-CMAres$modtraindata
+ testm<-CMAres$modtestdata
+ trainclass<-CMAres$modtrainclass
+ testclass<-CMAres$modtestclass
+ learningsets<-CMAres$learningsets
+ }
> 
> if(FALSE)
+ {
+ trainclass<-trainm[,1] #CMAres$modtrainclass
+ testclass<-testm[,1] #CMAres$modtestclass
+ trainm<-trainm[,-c(1)] #CMAres$modtrainmata
+ testm<-testm[,-c(1)] #CMAres$modtestmata
+ 
+ }
> 
> d_dim<-dim(trainm)
> 
> print("Original dimension")
[1] "Original dimension"
> print(d_dim)
[1] 130  10
> 
> system.time(psores<-run_pso(outloc=outloc,trainm,trainclass,testm,testclass,transition_matrix,c1=2.05,
+ c2=2.05,
+ itr=10,
+ globalpso_maxitr=10,
+ global_max_itr=5,
+ num_part=20,
+ kname="radial",
+ errortype="BER",
+ weightA<-as.numeric(args[1]),
+ weightB<-as.numeric(args[2]),
+ weightC<-as.numeric(args[3]),
+ weightD<-as.numeric(args[4]),
+ featweight.max=0.01,
+ featweight.min=0.01,
+ numfolds=10,
+ followerprob=as.numeric(args[6]),
+ confusionprob=as.numeric(args[7]),
+ leaderprob=as.numeric(args[8]),
+ wmax=1,
+ wmin=1,
+ behavior_reset_itr=5,
+ maxitrreset=10,
+ num_neighbors=3,
+ minselect.pct=0.5,
+ evalMode="CV2",
+ minfitnessthresh=50,
+ maxnum=as.numeric(args[10]),minnum=3,inertia_method=args[5],particlebehav_method="randbased",constriction_factor=1,
+ select.global.best=TRUE,numnodes=4,evalFunc=eval_fit_kfold_diff,itr.terminate=FALSE,train.pct=0.8))
[1] "c1: 2.05"
[1] "c2: 2.05"
[1] "itr: 10"
[1] "globalpso_maxitr: 10"
[1] "global_max_itr: 5"
[1] "num_part: 20"
[1] "kname: radial"
[1] "errortype: BER"
[1] "weightA: 0.7"
[1] "weightB: 0.2"
[1] "weightC: 0.05"
[1] "weightD: 0.05"
[1] "featweight.max: 0.01"
[1] "featweight.min: 0.01"
[1] "numfolds: 10"
[1] "followerprob: 0.45"
[1] "confusionprob: 0.2"
[1] "leaderprob: 0.25"
[1] "wmax: 1"
[1] "wmin: 1"
[1] "behavior_reset_itr: 5"
[1] "maxitrreset: 10"
[1] "num_neighbors: 3"
[1] "minselect.pct: 0.5"
[1] "minfitnessthresh: 50"
[1] "maxnum: 3"
[1] "minnum: 3"
[1] "inertia_method: global"
[1] "particlebehav_method: randbased"
[1] "constriction_factor: 1"
[1] "select.global.best: TRUE"
[1] "train 10 fold"
[1] 85.38462
[1] "here"
[1] "s"
[1] 104
[1] 130  10
[1] 10
[1] "learning sets: 1"
  [1] 110 106  24 109  32  30  33 120 103  74  41  93  54   8  91  14  31  22
 [19]  15  29  89  66  78  43  17  46  67  49 125  58 112  36 130  92 101 123
 [37] 115  65  52  25  40  85  42 126  63 116  48 118  69   1  20   2  50  96
 [55]  73  60  68  87 102  59  82  75 114 113  16   5  34  13 111  39  28  86
 [73]  44  95  51 105  10 121  21 100  72  11  47  38  53 108  61   4 104  18
 [91]  55  64  70 124  79 122   7  77  84 127  81 107   6  71
[1] "Starting global iteration number : 1"
[1] "iteration number: "
[1] 1
[1] "Best fitness updated to:"
[1] -26.74077
[1] "Best solution:"
 [1] NA NA NA NA NA NA NA NA NA NA
[1] 0
[1] "iteration number: "
[1] 2
[1] "Best fitness updated to:"
[1] -35.61923
[1] "Best solution:"
 [1] 0 1 1 1 0 1 0 0 1 1
[1] 6
[1] "iteration number: "
[1] 3
[1] "iteration number: "
[1] 4
[1] "iteration number: "
[1] 5
[1] "iteration number: "
[1] 6
[1] "iteration number: "
[1] 7
[1] "iteration number: "
[1] 8
[1] "iteration number: "
[1] 9
[1] "iteration number: "
[1] 10
[1] "iteration number: "
[1] 11
[1] "iteration number: "
[1] 12
[1] "iteration number: "
[1] 13
[1] "RE-INITIALIZING..."
[1] 1
[1] 5
[1] 10
 [1] 2 2 4 4 2 2 2 1 2 1 2 1 2 2 2 1 2 2 2 2
[1] "iteration number: "
[1] 14
[1] "iteration number: "
[1] 15
[1] "iteration number: "
[1] 16
[1] "iteration number: "
[1] 17
[1] "iteration number: "
[1] 18
[1] "iteration number: "
[1] 19
[1] "iteration number: "
[1] 20
[1] "iteration number: "
[1] 21
[1] "iteration number: "
[1] 22
[1] "iteration number: "
[1] 23
[1] "iteration number: "
[1] 24
[1] "RE-INITIALIZING..."
[1] 2
[1] 5
[1] 9
 [1] 2 2 2 1 2 1 4 4 3 3 4 2 1 3 4 1 1 4 2 3
[1] "iteration number: "
[1] 25
[1] "iteration number: "
[1] 26
[1] "iteration number: "
[1] 27
[1] "iteration number: "
[1] 28
[1] "iteration number: "
[1] 29
[1] "iteration number: "
[1] 30
[1] "iteration number: "
[1] 31
[1] "iteration number: "
[1] 32
[1] "iteration number: "
[1] 33
[1] "iteration number: "
[1] 34
[1] "iteration number: "
[1] 35
[1] "RE-INITIALIZING..."
[1] 3
[1] 5
[1] 9
 [1] 2 4 1 3 2 2 1 2 2 3 4 1 2 3 1 2 2 2 2 1
[1] "iteration number: "
[1] 36
[1] "iteration number: "
[1] 37
[1] "iteration number: "
[1] 38
[1] "iteration number: "
[1] 39
[1] "iteration number: "
[1] 40
[1] "iteration number: "
[1] 41
[1] "iteration number: "
[1] 42
[1] "iteration number: "
[1] 43
[1] "iteration number: "
[1] 44
[1] "iteration number: "
[1] 45
[1] "iteration number: "
[1] 46
[1] "RE-INITIALIZING..."
[1] 4
[1] 5
[1] 8
 [1] 2 4 1 3 2 2 1 2 2 3 4 1 2 3 1 2 2 2 2 1
[1] "iteration number: "
[1] 47
[1] "iteration number: "
[1] 48
[1] "iteration number: "
[1] 49
[1] "iteration number: "
[1] 50
[1] "iteration number: "
[1] 51
[1] "iteration number: "
[1] 52
[1] "iteration number: "
[1] 53
[1] "iteration number: "
[1] 54
[1] "iteration number: "
[1] 55
[1] "iteration number: "
[1] 56
[1] "iteration number: "
[1] 57
[1] "RE-INITIALIZING..."
[1] 5
[1] 5
[1] 9
 [1] 2 2 2 1 2 1 4 4 3 3 4 2 1 3 4 1 1 4 2 3
[1] "iteration number: "
[1] 58
[1] "iteration number: "
[1] 59
[1] "iteration number: "
[1] 60
[1] "iteration number: "
[1] 61
[1] "iteration number: "
[1] 62
[1] "iteration number: "
[1] 63
[1] "iteration number: "
[1] 64
[1] "iteration number: "
[1] 65
[1] "iteration number: "
[1] 66
[1] "iteration number: "
[1] 67
[1] "iteration number: "
[1] 68
[1] "RE-INITIALIZING..."
[1] 6
[1] 5
[1] 8
 [1] 2 2 2 1 2 1 4 4 3 3 4 2 1 3 4 1 1 4 2 3
[1] "iteration number: "
[1] 69
[1] "iteration number: "
[1] 70
[1] "iteration number: "
[1] 71
[1] "iteration number: "
[1] 72
[1] "iteration number: "
[1] 73
[1] "iteration number: "
[1] 74
[1] "iteration number: "
[1] 75
[1] "iteration number: "
[1] 76
[1] "iteration number: "
[1] 77
[1] "iteration number: "
[1] 78
[1] "iteration number: "
[1] 79
[1] "RE-INITIALIZING..."
[1] 7
[1] 5
[1] 8
 [1] 2 4 1 3 2 2 1 2 2 3 4 1 2 3 1 2 2 2 2 1
[1] "iteration number: "
[1] 80
[1] "iteration number: "
[1] 81
[1] "iteration number: "
[1] 82
[1] "iteration number: "
[1] 83
[1] "iteration number: "
[1] 84
[1] "iteration number: "
[1] 85
[1] "iteration number: "
[1] 86
[1] "iteration number: "
[1] 87
[1] "iteration number: "
[1] 88
[1] "iteration number: "
[1] 89
[1] "iteration number: "
[1] 90
[1] "RE-INITIALIZING..."
[1] 8
[1] 5
[1] 8
 [1] 2 2 2 1 2 1 4 4 3 3 4 2 1 3 4 1 1 4 2 3
[1] "No change for 8 iterations. Exiting PSO."
[1] 1 2 4 6 7 9
[1] 1
[1] "##################################"
[1] "Results summary for itr:1"
[1] "number of features selected using population mean"
[1] 5
[1] "number of features selected using current global best"
[1] 6
[1] "feat ind length"
[1] 6
[1] "best accuracy"
[1] 35.61923
[1] "test acc:0.884615384615385"
[1] "##################################"
[1] "learning sets: 2"
  [1] 120  41  14  56  22  74  66  93  54  31  91   8  43  90  46  15  24 110
 [19]  33 106   9  99  12  78  98  32  51   5  37  62  58  34 129 104  23  48
 [37]  75  39   2  18  52  27 119 117  82  36  77 116  79   3 111  38  95  70
 [55]  20  13 112  87  49  21  28  57 114  40 101 122 100  84  86  10 123  67
 [73]   6 113  44  61  68  85 118  97   7  71  45  16  47  19   4  76  53 128
 [91]  88  11  35  59  25 130  60  96  65  42  64  94 124  69
[1] "Starting global iteration number : 2"
[1] "iteration number: "
[1] 1
[1] "Best fitness updated to:"
[1] -30.62824
[1] "Best solution:"
 [1] NA NA NA NA NA NA NA NA NA NA
[1] 0
[1] "iteration number: "
[1] 2
[1] "Best fitness updated to:"
[1] -35.64886
[1] "Best solution:"
 [1] 0 1 1 1 0 1 0 0 1 1
[1] 6
[1] "iteration number: "
[1] 3
[1] "Best fitness updated to:"
[1] -35.74931
[1] "Best solution:"
 [1] 1 1 0 1 1 0 0 0 0 0
[1] 4
[1] "iteration number: "
[1] 4
[1] "iteration number: "
[1] 5
[1] "iteration number: "
[1] 6
[1] "iteration number: "
[1] 7
[1] "Best fitness updated to:"
[1] -36.20707
[1] "Best solution:"
 [1] 0 0 0 1 0 1 0 0 0 1
[1] 3
[1] "iteration number: "
[1] 8
[1] "iteration number: "
[1] 9
[1] "iteration number: "
[1] 10
[1] "iteration number: "
[1] 11
[1] "iteration number: "
[1] 12
[1] "iteration number: "
[1] 13
[1] "iteration number: "
[1] 14
[1] "iteration number: "
[1] 15
[1] "iteration number: "
[1] 16
[1] "iteration number: "
[1] 17
[1] "iteration number: "
[1] 18
[1] "RE-INITIALIZING..."
[1] 1
[1] 5
[1] 10
 [1] 2 2 2 2 2 1 2 1 2 2 4 2 1 2 2 2 3 2 2 1
[1] "iteration number: "
[1] 19
[1] "iteration number: "
[1] 20
[1] "iteration number: "
[1] 21
[1] "iteration number: "
[1] 22
[1] "Best fitness updated to:"
[1] -37.26551
[1] "Best solution:"
 [1] 0 1 0 1 1 1 1 0 0 0
[1] 5
[1] "iteration number: "
[1] 23
[1] "iteration number: "
[1] 24
[1] "iteration number: "
[1] 25
[1] "iteration number: "
[1] 26
[1] "iteration number: "
[1] 27
[1] "iteration number: "
[1] 28
[1] "iteration number: "
[1] 29
[1] "iteration number: "
[1] 30
[1] "iteration number: "
[1] 31
[1] "iteration number: "
[1] 32
[1] "iteration number: "
[1] 33
[1] "RE-INITIALIZING..."
[1] 1
[1] 5
[1] 10
 [1] 2 3 2 3 2 4 4 2 2 1 2 2 3 2 1 2 1 3 1 3
[1] "iteration number: "
[1] 34
[1] "iteration number: "
[1] 35
[1] "iteration number: "
[1] 36
[1] "iteration number: "
[1] 37
[1] "iteration number: "
[1] 38
[1] "iteration number: "
[1] 39
[1] "iteration number: "
[1] 40
[1] "iteration number: "
[1] 41
[1] "iteration number: "
[1] 42
[1] "iteration number: "
[1] 43
[1] "iteration number: "
[1] 44
[1] "RE-INITIALIZING..."
[1] 2
[1] 5
[1] 10
 [1] 3 2 2 2 2 3 4 4 4 2 3 3 2 4 3 3 2 4 2 3
[1] "iteration number: "
[1] 45
[1] "iteration number: "
[1] 46
[1] "iteration number: "
[1] 47
[1] "iteration number: "
[1] 48
[1] "iteration number: "
[1] 49
[1] "iteration number: "
[1] 50
[1] "iteration number: "
[1] 51
[1] "iteration number: "
[1] 52
[1] "iteration number: "
[1] 53
[1] "iteration number: "
[1] 54
[1] "iteration number: "
[1] 55
[1] "RE-INITIALIZING..."
[1] 3
[1] 5
[1] 7
 [1] 2 2 4 1 4 1 3 1 4 2 3 2 1 2 4 2 2 2 3 3
[1] "iteration number: "
[1] 56
[1] "iteration number: "
[1] 57
[1] "iteration number: "
[1] 58
[1] "iteration number: "
[1] 59
[1] "iteration number: "
[1] 60
[1] "iteration number: "
[1] 61
[1] "iteration number: "
[1] 62
[1] "iteration number: "
[1] 63
[1] "iteration number: "
[1] 64
[1] "iteration number: "
[1] 65
[1] "iteration number: "
[1] 66
[1] "RE-INITIALIZING..."
[1] 4
[1] 5
[1] 8
 [1] 2 2 2 1 2 1 2 1 2 2 2 1 2 2 2 2 2 4 2 3
[1] "iteration number: "
[1] 67
[1] "iteration number: "
[1] 68
[1] "iteration number: "
[1] 69
[1] "iteration number: "
[1] 70
[1] "iteration number: "
[1] 71
[1] "iteration number: "
[1] 72
[1] "iteration number: "
[1] 73
[1] "iteration number: "
[1] 74
[1] "iteration number: "
[1] 75
[1] "iteration number: "
[1] 76
[1] "iteration number: "
[1] 77
[1] "RE-INITIALIZING..."
[1] 5
[1] 5
[1] 8
 [1] 2 2 2 1 2 1 4 4 3 3 4 2 1 3 4 1 1 4 2 3
[1] "iteration number: "
[1] 78
[1] "iteration number: "
[1] 79
[1] "iteration number: "
[1] 80
[1] "iteration number: "
[1] 81
[1] "iteration number: "
[1] 82
[1] "iteration number: "
[1] 83
[1] "iteration number: "
[1] 84
[1] "iteration number: "
[1] 85
[1] "iteration number: "
[1] 86
[1] "iteration number: "
[1] 87
[1] "iteration number: "
[1] 88
[1] "RE-INITIALIZING..."
[1] 6
[1] 5
[1] 8
[1] "No change for 6 iterations. Exiting PSO."
[1] 2 4 5 6 8 9
[1] 2
[1] "##################################"
[1] "Results summary for itr:2"
[1] "number of features selected using population mean"
[1] 6
[1] "number of features selected using current global best"
[1] 6
[1] "feat ind length"
[1] 6
[1] "best accuracy"
[1] 37.26551
[1] "test acc:0.884615384615385"
[1] "##################################"
[1] "learning sets: 3"
  [1]   8  14  78 109 110  24  29  56   9  91  46  12  89  90  54  66  99  74
 [19]  98  17 120  32  31  93 103  30  40  45  88 102  36   6   7 105 129 111
 [37] 112 119  58  73 108  50  81  76 127  82  92 101  35 117  57 113  69  13
 [55]  20 125  10  96  47  18 130   1 115  68  75  71  87  60  72  86  42 104
 [73]  63   4  64  95  26  94  77  85  23  70  21  37  49 128   3 126  65  61
 [91] 118  39 121  38 124 107  80 114 122  79  19  28  34  11
[1] "Starting global iteration number : 3"
[1] "iteration number: "
[1] 1
[1] "Best fitness updated to:"
[1] -32.57117
[1] "Best solution:"
 [1] NA NA NA NA NA NA NA NA NA NA
[1] 0
[1] "iteration number: "
[1] 2
[1] "Best fitness updated to:"
[1] -35.35997
[1] "Best solution:"
 [1] 0 1 1 1 0 1 0 0 1 1
[1] 6
[1] "iteration number: "
[1] 3
[1] "iteration number: "
[1] 4
[1] "Best fitness updated to:"
[1] -35.60766
[1] "Best solution:"
 [1] 1 1 0 1 0 1 0 0 1 1
[1] 6
[1] "iteration number: "
[1] 5
[1] "iteration number: "
[1] 6
[1] "iteration number: "
[1] 7
[1] "iteration number: "
[1] 8
[1] "iteration number: "
[1] 9
[1] "Best fitness updated to:"
[1] -36.87049
[1] "Best solution:"
 [1] 1 0 0 1 1 1 0 1 1 1
[1] 7
[1] "iteration number: "
[1] 10
[1] "iteration number: "
[1] 11
[1] "iteration number: "
[1] 12
[1] "iteration number: "
[1] 13
[1] "iteration number: "
[1] 14
[1] "iteration number: "
[1] 15
[1] "iteration number: "
[1] 16
[1] "iteration number: "
[1] 17
[1] "iteration number: "
[1] 18
[1] "iteration number: "
[1] 19
[1] "iteration number: "
[1] 20
[1] "RE-INITIALIZING..."
[1] 1
[1] 5
[1] 9
 [1] 2 2 2 1 2 1 4 4 3 3 4 2 1 3 4 1 1 4 2 3
[1] "iteration number: "
[1] 21
[1] "iteration number: "
[1] 22
[1] "iteration number: "
[1] 23
[1] "iteration number: "
[1] 24
[1] "iteration number: "
[1] 25
[1] "iteration number: "
[1] 26
[1] "iteration number: "
[1] 27
[1] "iteration number: "
[1] 28
[1] "iteration number: "
[1] 29
[1] "iteration number: "
[1] 30
[1] "iteration number: "
[1] 31
[1] "RE-INITIALIZING..."
[1] 2
[1] 5
[1] 10
 [1] 2 4 1 3 2 2 1 2 2 3 4 1 2 3 1 2 2 2 2 1
[1] "iteration number: "
[1] 32
[1] "iteration number: "
[1] 33
[1] "iteration number: "
[1] 34
[1] "iteration number: "
[1] 35
[1] "iteration number: "
[1] 36
[1] "iteration number: "
[1] 37
[1] "iteration number: "
[1] 38
[1] "iteration number: "
[1] 39
[1] "iteration number: "
[1] 40
[1] "iteration number: "
[1] 41
[1] "iteration number: "
[1] 42
[1] "RE-INITIALIZING..."
[1] 3
[1] 5
[1] 10
 [1] 2 2 2 1 2 1 4 4 3 3 4 2 1 3 4 1 1 4 2 3
[1] "iteration number: "
[1] 43
[1] "iteration number: "
[1] 44
[1] "iteration number: "
[1] 45
[1] "iteration number: "
[1] 46
[1] "iteration number: "
[1] 47
[1] "iteration number: "
[1] 48
[1] "iteration number: "
[1] 49
[1] "iteration number: "
[1] 50
[1] "iteration number: "
[1] 51
[1] "iteration number: "
[1] 52
[1] "iteration number: "
[1] 53
[1] "RE-INITIALIZING..."
[1] 4
[1] 5
[1] 9
 [1] 2 2 2 1 2 1 4 4 3 3 4 2 1 3 4 1 1 4 2 3
[1] "iteration number: "
[1] 54
[1] "iteration number: "
[1] 55
[1] "iteration number: "
[1] 56
[1] "iteration number: "
[1] 57
[1] "iteration number: "
[1] 58
[1] "iteration number: "
[1] 59
[1] "iteration number: "
[1] 60
[1] "iteration number: "
[1] 61
[1] "iteration number: "
[1] 62
[1] "iteration number: "
[1] 63
[1] "iteration number: "
[1] 64
[1] "RE-INITIALIZING..."
[1] 5
[1] 5
[1] 9
 [1] 2 2 2 1 2 1 4 4 3 3 4 2 1 3 4 1 1 4 2 3
[1] "iteration number: "
[1] 65
[1] "iteration number: "
[1] 66
[1] "iteration number: "
[1] 67
[1] "iteration number: "
[1] 68
[1] "iteration number: "
[1] 69
[1] "iteration number: "
[1] 70
[1] "iteration number: "
[1] 71
[1] "iteration number: "
[1] 72
[1] "iteration number: "
[1] 73
[1] "iteration number: "
[1] 74
[1] "iteration number: "
[1] 75
[1] "RE-INITIALIZING..."
[1] 6
[1] 5
[1] 9
 [1] 2 4 1 3 2 2 1 2 2 3 4 1 2 3 1 2 2 2 2 1
[1] "iteration number: "
[1] 76
[1] "iteration number: "
[1] 77
[1] "iteration number: "
[1] 78
[1] "iteration number: "
[1] 79
[1] "iteration number: "
[1] 80
[1] "iteration number: "
[1] 81
[1] "iteration number: "
[1] 82
[1] "iteration number: "
[1] 83
[1] "iteration number: "
[1] 84
[1] "iteration number: "
[1] 85
[1] "iteration number: "
[1] 86
[1] "RE-INITIALIZING..."
[1] 7
[1] 5
[1] 9
 [1] 2 4 1 3 2 2 1 2 2 3 4 1 2 3 1 2 2 2 2 1
[1] "iteration number: "
[1] 87
[1] "iteration number: "
[1] 88
[1] "iteration number: "
[1] 89
[1] "iteration number: "
[1] 90
[1] "iteration number: "
[1] 91
[1] "iteration number: "
[1] 92
[1] "iteration number: "
[1] 93
[1] "iteration number: "
[1] 94
[1] "iteration number: "
[1] 95
[1] "iteration number: "
[1] 96
[1] "iteration number: "
[1] 97
[1] "RE-INITIALIZING..."
[1] 8
[1] 5
[1] 9
 [1] 2 4 1 3 2 2 1 2 2 3 4 1 2 3 1 2 2 2 2 1
[1] "No change for 8 iterations. Exiting PSO."
[1]  2  4  6  9 10
[1] 3
[1] "##################################"
[1] "Results summary for itr:3"
[1] "number of features selected using population mean"
[1] 6
[1] "number of features selected using current global best"
[1] 5
[1] "feat ind length"
[1] 5
[1] "best accuracy"
[1] 36.87049
[1] "test acc:0.961538461538462"
[1] "##################################"
[1] "learning sets: 4"
  [1]  54  22   9  14  46  99 120  29  43  74  66  91  41 106  32  56  83  93
 [19]  78  33  12  17 109   8  31  24  42  81  20  36 113   6  73 130  94  18
 [37]  26  75   7  28  71  72 121 107 129  59  27 127  92 112  39  67  97  79
 [55] 101  50 115 102  38  10  37  64  47  96 124  86  11  61  52  95 104  35
 [73]  23   4  70   3   1 118  16  49  88 119  58  68  45 100 117  77 116  63
 [91]  69  87  34 128 108 114 122   2  48  21  85  53  80  60
[1] "Starting global iteration number : 4"
[1] "iteration number: "
[1] 1
[1] "Best fitness updated to:"
[1] -27.05332
[1] "Best solution:"
 [1] NA NA NA NA NA NA NA NA NA NA
[1] 0
[1] "iteration number: "
[1] 2
[1] "Best fitness updated to:"
[1] -37.21495
[1] "Best solution:"
 [1] 0 1 1 1 0 1 0 0 1 1
[1] 6
[1] "iteration number: "
[1] 3
[1] "iteration number: "
[1] 4
[1] "iteration number: "
[1] 5
[1] "iteration number: "
[1] 6
[1] "iteration number: "
[1] 7
[1] "iteration number: "
[1] 8
[1] "iteration number: "
[1] 9
[1] "iteration number: "
[1] 10
[1] "iteration number: "
[1] 11
[1] "iteration number: "
[1] 12
[1] "iteration number: "
[1] 13
[1] "RE-INITIALIZING..."
[1] 1
[1] 5
[1] 10
 [1] 2 2 4 4 2 2 2 1 2 1 2 1 2 2 2 1 2 2 2 2
[1] "iteration number: "
[1] 14
[1] "iteration number: "
[1] 15
[1] "iteration number: "
[1] 16
[1] "iteration number: "
[1] 17
[1] "iteration number: "
[1] 18
[1] "iteration number: "
[1] 19
[1] "iteration number: "
[1] 20
[1] "iteration number: "
[1] 21
[1] "iteration number: "
[1] 22
[1] "iteration number: "
[1] 23
[1] "iteration number: "
[1] 24
[1] "RE-INITIALIZING..."
[1] 2
[1] 5
[1] 10
 [1] 2 4 1 3 2 2 1 2 2 3 4 1 2 3 1 2 2 2 2 1
[1] "iteration number: "
[1] 25
[1] "iteration number: "
[1] 26
[1] "iteration number: "
[1] 27
[1] "iteration number: "
[1] 28
[1] "iteration number: "
[1] 29
[1] "iteration number: "
[1] 30
[1] "iteration number: "
[1] 31
[1] "iteration number: "
[1] 32
[1] "iteration number: "
[1] 33
[1] "iteration number: "
[1] 34
[1] "iteration number: "
[1] 35
[1] "RE-INITIALIZING..."
[1] 3
[1] 5
[1] 9
 [1] 2 4 1 3 2 2 1 2 2 3 4 1 2 3 1 2 2 2 2 1
[1] "iteration number: "
[1] 36
[1] "iteration number: "
[1] 37
[1] "iteration number: "
[1] 38
[1] "iteration number: "
[1] 39
[1] "iteration number: "
[1] 40
[1] "iteration number: "
[1] 41
[1] "iteration number: "
[1] 42
[1] "iteration number: "
[1] 43
[1] "iteration number: "
[1] 44
[1] "iteration number: "
[1] 45
[1] "iteration number: "
[1] 46
[1] "RE-INITIALIZING..."
[1] 4
[1] 5
[1] 8
 [1] 2 4 1 3 2 2 1 2 2 3 4 1 2 3 1 2 2 2 2 1
[1] "iteration number: "
[1] 47
[1] "iteration number: "
[1] 48
[1] "iteration number: "
[1] 49
[1] "iteration number: "
[1] 50
[1] "iteration number: "
[1] 51
[1] "iteration number: "
[1] 52
[1] "iteration number: "
[1] 53
[1] "iteration number: "
[1] 54
[1] "iteration number: "
[1] 55
[1] "iteration number: "
[1] 56
[1] "iteration number: "
[1] 57
[1] "RE-INITIALIZING..."
[1] 5
[1] 5
[1] 8
 [1] 2 2 2 1 2 1 4 4 3 3 4 2 1 3 4 1 1 4 2 3
[1] "iteration number: "
[1] 58
[1] "iteration number: "
[1] 59
[1] "iteration number: "
[1] 60
[1] "iteration number: "
[1] 61
[1] "iteration number: "
[1] 62
[1] "iteration number: "
[1] 63
[1] "iteration number: "
[1] 64
[1] "iteration number: "
[1] 65
[1] "iteration number: "
[1] 66
[1] "iteration number: "
[1] 67
[1] "iteration number: "
[1] 68
[1] "RE-INITIALIZING..."
[1] 6
[1] 5
[1] 8
 [1] 2 2 2 1 2 1 4 4 3 3 4 2 1 3 4 1 1 4 2 3
[1] "iteration number: "
[1] 69
[1] "iteration number: "
[1] 70
[1] "iteration number: "
[1] 71
[1] "iteration number: "
[1] 72
[1] "iteration number: "
[1] 73
[1] "iteration number: "
[1] 74
[1] "iteration number: "
[1] 75
[1] "iteration number: "
[1] 76
[1] "iteration number: "
[1] 77
[1] "iteration number: "
[1] 78
[1] "iteration number: "
[1] 79
[1] "RE-INITIALIZING..."
[1] 7
[1] 5
[1] 7
 [1] 2 4 1 3 2 2 1 2 2 3 4 1 2 3 1 2 2 2 2 1
[1] "iteration number: "
[1] 80
[1] "iteration number: "
[1] 81
[1] "iteration number: "
[1] 82
[1] "iteration number: "
[1] 83
[1] "iteration number: "
[1] 84
[1] "iteration number: "
[1] 85
[1] "iteration number: "
[1] 86
[1] "iteration number: "
[1] 87
[1] "iteration number: "
[1] 88
[1] "iteration number: "
[1] 89
[1] "iteration number: "
[1] 90
[1] "RE-INITIALIZING..."
[1] 8
[1] 5
[1] 7
 [1] 2 2 2 1 2 1 4 4 3 3 4 2 1 3 4 1 1 4 2 3
[1] "No change for 8 iterations. Exiting PSO."
[1] 1 2 4 6 7 9
[1] 4
[1] "##################################"
[1] "Results summary for itr:4"
[1] "number of features selected using population mean"
[1] 5
[1] "number of features selected using current global best"
[1] 6
[1] "feat ind length"
[1] 6
[1] "best accuracy"
[1] 37.21495
[1] "test acc:0.923076923076923"
[1] "##################################"
[1] "learning sets: 5"
  [1]  41 109  74  78  24  32  15  22  46  33  43  54 106  17  99   8  91  12
 [19] 103  29  66  93   9 110  89  98  25  23  86 108 114  77 112   4  26   6
 [37]  11 122  21  38 101  50 124  84 130  80 115  62   1  69  75  82  58  19
 [55]  18  61   2  60   3 100 113 121  28  65 117 116  57 129  63  27 125  51
 [73]  55  47  72  16  70  13 127  92  79  10  96  94  34   7   5  88  20  68
 [91]  45  48  49  81 118 107 105  39 111  42  40  35 102  59
[1] "Starting global iteration number : 5"
[1] "iteration number: "
[1] 1
[1] "Best fitness updated to:"
[1] -29.28461
[1] "Best solution:"
 [1] NA NA NA NA NA NA NA NA NA NA
[1] 0
[1] "iteration number: "
[1] 2
[1] "Best fitness updated to:"
[1] -36.11405
[1] "Best solution:"
 [1] 0 1 1 1 0 1 0 0 1 1
[1] 6
[1] "iteration number: "
[1] 3
[1] "Best fitness updated to:"
[1] -36.4105
[1] "Best solution:"
 [1] 1 1 0 1 0 1 0 0 1 1
[1] 6
[1] "iteration number: "
[1] 4
[1] "Best fitness updated to:"
[1] -36.68949
[1] "Best solution:"
 [1] 1 1 0 1 0 1 1 0 1 1
[1] 7
[1] "iteration number: "
[1] 5
[1] "Best fitness updated to:"
[1] -37.5726
[1] "Best solution:"
 [1] 1 1 0 1 0 0 1 1 1 0
[1] 6
[1] "iteration number: "
[1] 6
[1] "iteration number: "
[1] 7
[1] "iteration number: "
[1] 8
[1] "iteration number: "
[1] 9
[1] "iteration number: "
[1] 10
[1] "iteration number: "
[1] 11
[1] "iteration number: "
[1] 12
[1] "iteration number: "
[1] 13
[1] "iteration number: "
[1] 14
[1] "iteration number: "
[1] 15
[1] "iteration number: "
[1] 16
[1] "RE-INITIALIZING..."
[1] 1
[1] 5
[1] 9
 [1] 2 2 2 2 2 1 2 1 2 2 4 2 1 2 2 2 3 2 2 1
[1] "iteration number: "
[1] 17
[1] "iteration number: "
[1] 18
[1] "iteration number: "
[1] 19
[1] "iteration number: "
[1] 20
[1] "iteration number: "
[1] 21
[1] "Best fitness updated to:"
[1] -39.49589
[1] "Best solution:"
 [1] 1 1 0 1 0 1 1 1 1 0
[1] 7
[1] "iteration number: "
[1] 22
[1] "iteration number: "
[1] 23
[1] "iteration number: "
[1] 24
[1] "iteration number: "
[1] 25
[1] "iteration number: "
[1] 26
[1] "iteration number: "
[1] 27
[1] "iteration number: "
[1] 28
[1] "iteration number: "
[1] 29
[1] "iteration number: "
[1] 30
[1] "iteration number: "
[1] 31
[1] "iteration number: "
[1] 32
[1] "RE-INITIALIZING..."
[1] 1
[1] 5
[1] 9
 [1] 2 2 2 1 2 1 4 4 3 3 4 2 1 3 4 1 1 4 2 3
[1] "iteration number: "
[1] 33
[1] "iteration number: "
[1] 34
[1] "iteration number: "
[1] 35
[1] "iteration number: "
[1] 36
[1] "iteration number: "
[1] 37
[1] "iteration number: "
[1] 38
[1] "iteration number: "
[1] 39
[1] "iteration number: "
[1] 40
[1] "iteration number: "
[1] 41
[1] "iteration number: "
[1] 42
[1] "iteration number: "
[1] 43
[1] "RE-INITIALIZING..."
[1] 2
[1] 5
[1] 9
 [1] 2 2 2 1 2 1 4 4 3 3 4 2 1 3 4 1 1 4 2 3
[1] "iteration number: "
[1] 44
[1] "iteration number: "
[1] 45
[1] "iteration number: "
[1] 46
[1] "iteration number: "
[1] 47
[1] "iteration number: "
[1] 48
[1] "iteration number: "
[1] 49
[1] "iteration number: "
[1] 50
[1] "iteration number: "
[1] 51
[1] "iteration number: "
[1] 52
[1] "iteration number: "
[1] 53
[1] "iteration number: "
[1] 54
[1] "RE-INITIALIZING..."
[1] 3
[1] 5
[1] 9
 [1] 2 2 2 1 2 1 4 4 3 3 4 2 1 3 4 1 1 4 2 3
[1] "iteration number: "
[1] 55
[1] "iteration number: "
[1] 56
[1] "iteration number: "
[1] 57
[1] "iteration number: "
[1] 58
[1] "iteration number: "
[1] 59
[1] "iteration number: "
[1] 60
[1] "iteration number: "
[1] 61
[1] "iteration number: "
[1] 62
[1] "iteration number: "
[1] 63
[1] "iteration number: "
[1] 64
[1] "iteration number: "
[1] 65
[1] "RE-INITIALIZING..."
[1] 4
[1] 5
[1] 9
 [1] 2 4 1 3 2 2 1 2 2 3 4 1 2 3 1 2 2 2 2 1
[1] "iteration number: "
[1] 66
[1] "iteration number: "
[1] 67
[1] "iteration number: "
[1] 68
[1] "iteration number: "
[1] 69
[1] "iteration number: "
[1] 70
[1] "iteration number: "
[1] 71
[1] "iteration number: "
[1] 72
[1] "iteration number: "
[1] 73
[1] "iteration number: "
[1] 74
[1] "iteration number: "
[1] 75
[1] "iteration number: "
[1] 76
[1] "RE-INITIALIZING..."
[1] 5
[1] 5
[1] 9
 [1] 2 4 1 3 2 2 1 2 2 3 4 1 2 3 1 2 2 2 2 1
[1] "iteration number: "
[1] 77
[1] "iteration number: "
[1] 78
[1] "iteration number: "
[1] 79
[1] "iteration number: "
[1] 80
[1] "iteration number: "
[1] 81
[1] "iteration number: "
[1] 82
[1] "iteration number: "
[1] 83
[1] "iteration number: "
[1] 84
[1] "iteration number: "
[1] 85
[1] "iteration number: "
[1] 86
[1] "iteration number: "
[1] 87
[1] "RE-INITIALIZING..."
[1] 6
[1] 5
[1] 9
 [1] 2 2 2 1 2 1 4 4 3 3 4 2 1 3 4 1 1 4 2 3
[1] "iteration number: "
[1] 88
[1] "iteration number: "
[1] 89
[1] "iteration number: "
[1] 90
[1] "iteration number: "
[1] 91
[1] "iteration number: "
[1] 92
[1] "iteration number: "
[1] 93
[1] "iteration number: "
[1] 94
[1] "iteration number: "
[1] 95
[1] "iteration number: "
[1] 96
[1] "iteration number: "
[1] 97
[1] "iteration number: "
[1] 98
[1] "RE-INITIALIZING..."
[1] 7
[1] 5
[1] 9
 [1] 2 4 1 3 2 2 1 2 2 3 4 1 2 3 1 2 2 2 2 1
[1] "iteration number: "
[1] 99
[1] "iteration number: "
[1] 100
[1] "iteration number: "
[1] 101
[1] "iteration number: "
[1] 102
[1] "iteration number: "
[1] 103
[1] "iteration number: "
[1] 104
[1] "iteration number: "
[1] 105
[1] "iteration number: "
[1] 106
[1] "iteration number: "
[1] 107
[1] "iteration number: "
[1] 108
[1] "iteration number: "
[1] 109
[1] "RE-INITIALIZING..."
[1] 8
[1] 5
[1] 9
 [1] 2 4 1 3 2 2 1 2 2 3 4 1 2 3 1 2 2 2 2 1
[1] "No change for 8 iterations. Exiting PSO."
[1]  1  2  4  6  8  9 10
[1] 5
[1] "##################################"
[1] "Results summary for itr:5"
[1] "number of features selected using population mean"
[1] 5
[1] "number of features selected using current global best"
[1] 7
[1] "feat ind length"
[1] 7
[1] "best accuracy"
[1] 39.49589
[1] "test acc:0.884615384615385"
[1] "##################################"
[1] "learning sets: 6"
  [1]   8  24  31  78  33  93 106  14  99  17  91  15 110 109  29  43  74  83
 [19]  54  12  90  66  98 103  32   9  49  72  23  77 118  96  70 111  35  28
 [37]  47  76 130  45  10  61  68  20  87  58 129   6 119  42  75  95 114  53
 [55]  82  73  63  34  80 121   1 123  51  40  26   3  60  69  84 102  44   4
 [73]  52 116  88 100 127 108 128  36  19  71 104  85  92 105  59  64 126   7
 [91]  11 117  67  27  65 124  39  21  97  86  94  79   5  55
[1] "Starting global iteration number : 6"
[1] "iteration number: "
[1] 1
[1] "Best fitness updated to:"
[1] -27.9738
[1] "Best solution:"
 [1] NA NA NA NA NA NA NA NA NA NA
[1] 0
[1] "iteration number: "
[1] 2
[1] "Best fitness updated to:"
[1] -34.95421
[1] "Best solution:"
 [1] 0 1 1 1 0 1 0 0 1 1
[1] 6
[1] "iteration number: "
[1] 3
[1] "iteration number: "
[1] 4
[1] "iteration number: "
[1] 5
[1] "iteration number: "
[1] 6
[1] "iteration number: "
[1] 7
[1] "iteration number: "
[1] 8
[1] "iteration number: "
[1] 9
[1] "iteration number: "
[1] 10
[1] "iteration number: "
[1] 11
[1] "Best fitness updated to:"
[1] -37.24318
[1] "Best solution:"
 [1] 1 1 0 1 0 1 0 0 1 1
[1] 6
[1] "iteration number: "
[1] 12
[1] "iteration number: "
[1] 13
[1] "iteration number: "
[1] 14
[1] "iteration number: "
[1] 15
[1] "iteration number: "
[1] 16
[1] "iteration number: "
[1] 17
[1] "iteration number: "
[1] 18
[1] "iteration number: "
[1] 19
[1] "iteration number: "
[1] 20
[1] "iteration number: "
[1] 21
[1] "iteration number: "
[1] 22
[1] "RE-INITIALIZING..."
[1] 1
[1] 5
[1] 9
 [1] 2 2 2 1 2 1 4 4 3 3 4 2 1 3 4 1 1 4 2 3
[1] "iteration number: "
[1] 23
[1] "iteration number: "
[1] 24
[1] "iteration number: "
[1] 25
[1] "iteration number: "
[1] 26
[1] "iteration number: "
[1] 27
[1] "iteration number: "
[1] 28
[1] "iteration number: "
[1] 29
[1] "iteration number: "
[1] 30
[1] "iteration number: "
[1] 31
[1] "iteration number: "
[1] 32
[1] "iteration number: "
[1] 33
[1] "RE-INITIALIZING..."
[1] 2
[1] 5
[1] 9
 [1] 2 2 2 1 2 1 4 4 3 3 4 2 1 3 4 1 1 4 2 3
[1] "iteration number: "
[1] 34
[1] "iteration number: "
[1] 35
[1] "iteration number: "
[1] 36
[1] "iteration number: "
[1] 37
[1] "iteration number: "
[1] 38
[1] "iteration number: "
[1] 39
[1] "iteration number: "
[1] 40
[1] "iteration number: "
[1] 41
[1] "iteration number: "
[1] 42
[1] "iteration number: "
[1] 43
[1] "iteration number: "
[1] 44
[1] "RE-INITIALIZING..."
[1] 3
[1] 5
[1] 9
 [1] 2 2 2 1 2 1 4 4 3 3 4 2 1 3 4 1 1 4 2 3
[1] "iteration number: "
[1] 45
[1] "iteration number: "
[1] 46
[1] "iteration number: "
[1] 47
[1] "iteration number: "
[1] 48
[1] "iteration number: "
[1] 49
[1] "iteration number: "
[1] 50
[1] "iteration number: "
[1] 51
[1] "iteration number: "
[1] 52
[1] "iteration number: "
[1] 53
[1] "iteration number: "
[1] 54
[1] "iteration number: "
[1] 55
[1] "RE-INITIALIZING..."
[1] 4
[1] 5
[1] 9
 [1] 2 4 1 3 2 2 1 2 2 3 4 1 2 3 1 2 2 2 2 1
[1] "iteration number: "
[1] 56
[1] "iteration number: "
[1] 57
[1] "iteration number: "
[1] 58
[1] "iteration number: "
[1] 59
[1] "iteration number: "
[1] 60
[1] "iteration number: "
[1] 61
[1] "iteration number: "
[1] 62
[1] "iteration number: "
[1] 63
[1] "iteration number: "
[1] 64
[1] "iteration number: "
[1] 65
[1] "iteration number: "
[1] 66
[1] "RE-INITIALIZING..."
[1] 5
[1] 5
[1] 9
 [1] 2 4 1 3 2 2 1 2 2 3 4 1 2 3 1 2 2 2 2 1
[1] "iteration number: "
[1] 67
[1] "iteration number: "
[1] 68
[1] "iteration number: "
[1] 69
[1] "iteration number: "
[1] 70
[1] "iteration number: "
[1] 71
[1] "iteration number: "
[1] 72
[1] "iteration number: "
[1] 73
[1] "iteration number: "
[1] 74
[1] "iteration number: "
[1] 75
[1] "iteration number: "
[1] 76
[1] "iteration number: "
[1] 77
[1] "RE-INITIALIZING..."
[1] 6
[1] 5
[1] 9
 [1] 2 2 2 1 2 1 4 4 3 3 4 2 1 3 4 1 1 4 2 3
[1] "iteration number: "
[1] 78
[1] "iteration number: "
[1] 79
[1] "iteration number: "
[1] 80
[1] "iteration number: "
[1] 81
[1] "iteration number: "
[1] 82
[1] "iteration number: "
[1] 83
[1] "iteration number: "
[1] 84
[1] "iteration number: "
[1] 85
[1] "iteration number: "
[1] 86
[1] "iteration number: "
[1] 87
[1] "iteration number: "
[1] 88
[1] "RE-INITIALIZING..."
[1] 7
[1] 5
[1] 9
 [1] 2 4 1 3 2 2 1 2 2 3 4 1 2 3 1 2 2 2 2 1
[1] "iteration number: "
[1] 89
[1] "iteration number: "
[1] 90
[1] "iteration number: "
[1] 91
[1] "iteration number: "
[1] 92
[1] "iteration number: "
[1] 93
[1] "iteration number: "
[1] 94
[1] "iteration number: "
[1] 95
[1] "iteration number: "
[1] 96
[1] "iteration number: "
[1] 97
[1] "iteration number: "
[1] 98
[1] "iteration number: "
[1] 99
[1] "RE-INITIALIZING..."
[1] 8
[1] 5
[1] 9
 [1] 2 4 1 3 2 2 1 2 2 3 4 1 2 3 1 2 2 2 2 1
[1] "No change for 8 iterations. Exiting PSO."
[1]  1  2  4  6  8  9 10
[1] 6
[1] "##################################"
[1] "Results summary for itr:6"
[1] "number of features selected using population mean"
[1] 5
[1] "number of features selected using current global best"
[1] 7
[1] "feat ind length"
[1] 7
[1] "best accuracy"
[1] 37.24318
[1] "test acc:0.807692307692308"
[1] "##################################"
[1] "learning sets: 7"
  [1]  90  83  54  17  22 110  56  91  41  98 106  14  74  30  12  78   8  93
 [19]  99 120 103  29  89  15 109  66  59  75 128   1  84 123   6  87 113 129
 [37] 125 118  62  19  69  20   5 100 111  85  68  92  81  51  23 112 115  10
 [55]  13  67  82  16  71  73  47  18  70  61  28 124  27  25   7  63 114  48
 [73]  57 117  58 119   4  52  21  88  64  53  49  95  55  94 116 102  37 121
 [91]   3  40  39 122 105 104  60  80  97  42 101  76  44  35
[1] "Starting global iteration number : 7"
[1] "iteration number: "
[1] 1
[1] "Best fitness updated to:"
[1] -26.56297
[1] "Best solution:"
 [1] NA NA NA NA NA NA NA NA NA NA
[1] 0
[1] "iteration number: "
[1] 2
[1] "Best fitness updated to:"
[1] -36.32497
[1] "Best solution:"
 [1] 0 1 1 1 0 1 0 0 1 1
[1] 6
[1] "iteration number: "
[1] 3
[1] "iteration number: "
[1] 4
[1] "iteration number: "
[1] 5
[1] "iteration number: "
[1] 6
[1] "iteration number: "
[1] 7
[1] "iteration number: "
[1] 8
[1] "iteration number: "
[1] 9
[1] "iteration number: "
[1] 10
[1] "iteration number: "
[1] 11
[1] "iteration number: "
[1] 12
[1] "iteration number: "
[1] 13
[1] "RE-INITIALIZING..."
[1] 1
[1] 5
[1] 10
 [1] 2 2 4 4 2 2 2 1 2 1 2 1 2 2 2 1 2 2 2 2
[1] "iteration number: "
[1] 14
[1] "iteration number: "
[1] 15
[1] "iteration number: "
[1] 16
[1] "iteration number: "
[1] 17
[1] "iteration number: "
[1] 18
[1] "iteration number: "
[1] 19
[1] "iteration number: "
[1] 20
[1] "iteration number: "
[1] 21
[1] "iteration number: "
[1] 22
[1] "iteration number: "
[1] 23
[1] "iteration number: "
[1] 24
[1] "RE-INITIALIZING..."
[1] 2
[1] 5
[1] 10
 [1] 2 4 1 3 2 2 1 2 2 3 4 1 2 3 1 2 2 2 2 1
[1] "iteration number: "
[1] 25
[1] "iteration number: "
[1] 26
[1] "iteration number: "
[1] 27
[1] "iteration number: "
[1] 28
[1] "iteration number: "
[1] 29
[1] "iteration number: "
[1] 30
[1] "iteration number: "
[1] 31
[1] "iteration number: "
[1] 32
[1] "iteration number: "
[1] 33
[1] "iteration number: "
[1] 34
[1] "iteration number: "
[1] 35
[1] "RE-INITIALIZING..."
[1] 3
[1] 5
[1] 10
 [1] 2 4 1 3 2 2 1 2 2 3 4 1 2 3 1 2 2 2 2 1
[1] "iteration number: "
[1] 36
[1] "iteration number: "
[1] 37
[1] "iteration number: "
[1] 38
[1] "iteration number: "
[1] 39
[1] "iteration number: "
[1] 40
[1] "iteration number: "
[1] 41
[1] "iteration number: "
[1] 42
[1] "iteration number: "
[1] 43
[1] "iteration number: "
[1] 44
[1] "iteration number: "
[1] 45
[1] "iteration number: "
[1] 46
[1] "RE-INITIALIZING..."
[1] 4
[1] 5
[1] 10
 [1] 2 4 1 3 2 2 1 2 2 3 4 1 2 3 1 2 2 2 2 1
[1] "iteration number: "
[1] 47
[1] "iteration number: "
[1] 48
[1] "iteration number: "
[1] 49
[1] "iteration number: "
[1] 50
[1] "iteration number: "
[1] 51
[1] "iteration number: "
[1] 52
[1] "iteration number: "
[1] 53
[1] "iteration number: "
[1] 54
[1] "iteration number: "
[1] 55
[1] "iteration number: "
[1] 56
[1] "iteration number: "
[1] 57
[1] "RE-INITIALIZING..."
[1] 5
[1] 5
[1] 10
 [1] 2 2 2 1 2 1 4 4 3 3 4 2 1 3 4 1 1 4 2 3
[1] "iteration number: "
[1] 58
[1] "iteration number: "
[1] 59
[1] "iteration number: "
[1] 60
[1] "iteration number: "
[1] 61
[1] "iteration number: "
[1] 62
[1] "iteration number: "
[1] 63
[1] "iteration number: "
[1] 64
[1] "iteration number: "
[1] 65
[1] "iteration number: "
[1] 66
[1] "iteration number: "
[1] 67
[1] "iteration number: "
[1] 68
[1] "RE-INITIALIZING..."
[1] 6
[1] 5
[1] 9
 [1] 2 2 2 1 2 1 4 4 3 3 4 2 1 3 4 1 1 4 2 3
[1] "iteration number: "
[1] 69
[1] "iteration number: "
[1] 70
[1] "iteration number: "
[1] 71
[1] "iteration number: "
[1] 72
[1] "iteration number: "
[1] 73
[1] "iteration number: "
[1] 74
[1] "iteration number: "
[1] 75
[1] "iteration number: "
[1] 76
[1] "iteration number: "
[1] 77
[1] "iteration number: "
[1] 78
[1] "iteration number: "
[1] 79
[1] "RE-INITIALIZING..."
[1] 7
[1] 5
[1] 9
 [1] 2 4 1 3 2 2 1 2 2 3 4 1 2 3 1 2 2 2 2 1
[1] "iteration number: "
[1] 80
[1] "iteration number: "
[1] 81
[1] "iteration number: "
[1] 82
[1] "iteration number: "
[1] 83
[1] "iteration number: "
[1] 84
[1] "iteration number: "
[1] 85
[1] "iteration number: "
[1] 86
[1] "iteration number: "
[1] 87
[1] "iteration number: "
[1] 88
[1] "iteration number: "
[1] 89
[1] "iteration number: "
[1] 90
[1] "RE-INITIALIZING..."
[1] 8
[1] 5
[1] 9
 [1] 2 2 2 1 2 1 4 4 3 3 4 2 1 3 4 1 1 4 2 3
[1] "No change for 8 iterations. Exiting PSO."
[1] 1 2 4 6 7 9
[1] 7
[1] "##################################"
[1] "Results summary for itr:7"
[1] "number of features selected using population mean"
[1] 4
[1] "number of features selected using current global best"
[1] 6
[1] "feat ind length"
[1] 6
[1] "best accuracy"
[1] 36.32497
[1] "test acc:0.884615384615385"
[1] "##################################"
[1] "learning sets: 8"
  [1]  41  66  90  46  12  31  22  33  91  98  54 110 106 109  30  83  14  43
 [19]   9   8 103  74  56  99  24  93  13  57  26 113  39  68  36  80  82 112
 [37]  69 127 116  51  92  48  16 104  49  75 100 126 107  85  44  64  88  84
 [55] 119 117 105  96   7 111 121 125  28  47  70  95  71  61  76 128  11  63
 [73]  79  94 114  53 108  73  34 129  55 124  60  45 123 130  19  50   3  65
 [91]  23  20  62  10  58 122  25  67   2  81 118 102  97   4
[1] "Starting global iteration number : 8"
[1] "iteration number: "
[1] 1
[1] "Best fitness updated to:"
[1] -34.69145
[1] "Best solution:"
 [1] NA NA NA NA NA NA NA NA NA NA
[1] 0
[1] "iteration number: "
[1] 2
[1] "Best fitness updated to:"
[1] -37.79137
[1] "Best solution:"
 [1] 0 1 1 1 0 1 0 0 1 1
[1] 6
[1] "iteration number: "
[1] 3
[1] "Best fitness updated to:"
[1] -37.88166
[1] "Best solution:"
 [1] 0 0 1 1 1 0 1 0 0 1
[1] 5
[1] "iteration number: "
[1] 4
[1] "Best fitness updated to:"
[1] -38.65845
[1] "Best solution:"
 [1] 1 1 0 1 0 1 1 0 1 1
[1] 7
[1] "iteration number: "
[1] 5
[1] "iteration number: "
[1] 6
[1] "iteration number: "
[1] 7
[1] "iteration number: "
[1] 8
[1] "iteration number: "
[1] 9
[1] "Best fitness updated to:"
[1] -39.81001
[1] "Best solution:"
 [1] 1 0 0 1 1 1 1 1 1 1
[1] 8
[1] "iteration number: "
[1] 10
[1] "iteration number: "
[1] 11
[1] "iteration number: "
[1] 12
[1] "iteration number: "
[1] 13
[1] "iteration number: "
[1] 14
[1] "iteration number: "
[1] 15
[1] "iteration number: "
[1] 16
[1] "iteration number: "
[1] 17
[1] "iteration number: "
[1] 18
[1] "iteration number: "
[1] 19
[1] "iteration number: "
[1] 20
[1] "RE-INITIALIZING..."
[1] 1
[1] 5
[1] 10
 [1] 2 2 2 1 2 1 4 4 3 3 4 2 1 3 4 1 1 4 2 3
[1] "iteration number: "
[1] 21
[1] "iteration number: "
[1] 22
[1] "iteration number: "
[1] 23
[1] "iteration number: "
[1] 24
[1] "iteration number: "
[1] 25
[1] "iteration number: "
[1] 26
[1] "iteration number: "
[1] 27
[1] "iteration number: "
[1] 28
[1] "iteration number: "
[1] 29
[1] "iteration number: "
[1] 30
[1] "iteration number: "
[1] 31
[1] "RE-INITIALIZING..."
[1] 2
[1] 5
[1] 10
 [1] 2 4 1 3 2 2 1 2 2 3 4 1 2 3 1 2 2 2 2 1
[1] "iteration number: "
[1] 32
[1] "iteration number: "
[1] 33
[1] "iteration number: "
[1] 34
[1] "iteration number: "
[1] 35
[1] "iteration number: "
[1] 36
[1] "iteration number: "
[1] 37
[1] "iteration number: "
[1] 38
[1] "iteration number: "
[1] 39
[1] "iteration number: "
[1] 40
[1] "iteration number: "
[1] 41
[1] "iteration number: "
[1] 42
[1] "RE-INITIALIZING..."
[1] 3
[1] 5
[1] 10
 [1] 2 4 1 3 2 2 1 2 2 3 4 1 2 3 1 2 2 2 2 1
[1] "iteration number: "
[1] 43
[1] "iteration number: "
[1] 44
[1] "iteration number: "
[1] 45
[1] "iteration number: "
[1] 46
[1] "iteration number: "
[1] 47
[1] "iteration number: "
[1] 48
[1] "iteration number: "
[1] 49
[1] "iteration number: "
[1] 50
[1] "iteration number: "
[1] 51
[1] "iteration number: "
[1] 52
[1] "iteration number: "
[1] 53
[1] "RE-INITIALIZING..."
[1] 4
[1] 5
[1] 9
 [1] 2 2 2 1 2 1 4 4 3 3 4 2 1 3 4 1 1 4 2 3
[1] "iteration number: "
[1] 54
[1] "iteration number: "
[1] 55
[1] "iteration number: "
[1] 56
[1] "iteration number: "
[1] 57
[1] "iteration number: "
[1] 58
[1] "iteration number: "
[1] 59
[1] "iteration number: "
[1] 60
[1] "iteration number: "
[1] 61
[1] "iteration number: "
[1] 62
[1] "iteration number: "
[1] 63
[1] "iteration number: "
[1] 64
[1] "RE-INITIALIZING..."
[1] 5
[1] 5
[1] 8
 [1] 2 2 2 1 2 1 4 4 3 3 4 2 1 3 4 1 1 4 2 3
[1] "iteration number: "
[1] 65
[1] "iteration number: "
[1] 66
[1] "iteration number: "
[1] 67
[1] "iteration number: "
[1] 68
[1] "iteration number: "
[1] 69
[1] "iteration number: "
[1] 70
[1] "iteration number: "
[1] 71
[1] "iteration number: "
[1] 72
[1] "iteration number: "
[1] 73
[1] "iteration number: "
[1] 74
[1] "iteration number: "
[1] 75
[1] "RE-INITIALIZING..."
[1] 6
[1] 5
[1] 8
[1] "No change for 6 iterations. Exiting PSO."
[1]  1  2  4  7  9 10
[1] 8
[1] "##################################"
[1] "Results summary for itr:8"
[1] "number of features selected using population mean"
[1] 6
[1] "number of features selected using current global best"
[1] 6
[1] "feat ind length"
[1] 6
[1] "best accuracy"
[1] 39.81001
[1] "test acc:0.884615384615385"
[1] "##################################"
[1] "learning sets: 9"
  [1]  14  66  43  91 106 109  78  22  31  93  29  30   9 120  41 110 103  74
 [19]  83  99  33  32  90  54  46  24  27  40 126  59  87   2 107 118 130  49
 [37] 122  52 114 102  55  73  82 104  39 123  69  25  67  63  13 127  38  64
 [55]  18  72 129 115  21 119  61  62  58   6  48 121   7  37 113  88 124  84
 [73] 117  76  97  45  47   5  79  42  60 100 128  35  70  81  92  36 108 116
 [91] 105  71  77  11  51  20  96  65 112  28  34  57  23   4
[1] "Starting global iteration number : 9"
[1] "iteration number: "
[1] 1
[1] "Best fitness updated to:"
[1] -33.31245
[1] "Best solution:"
 [1] NA NA NA NA NA NA NA NA NA NA
[1] 0
[1] "iteration number: "
[1] 2
[1] "Best fitness updated to:"
[1] -38.024
[1] "Best solution:"
 [1] 0 1 1 1 0 1 0 0 1 1
[1] 6
[1] "iteration number: "
[1] 3
[1] "iteration number: "
[1] 4
[1] "iteration number: "
[1] 5
[1] "iteration number: "
[1] 6
[1] "iteration number: "
[1] 7
[1] "iteration number: "
[1] 8
[1] "iteration number: "
[1] 9
[1] "iteration number: "
[1] 10
[1] "iteration number: "
[1] 11
[1] "iteration number: "
[1] 12
[1] "iteration number: "
[1] 13
[1] "RE-INITIALIZING..."
[1] 1
[1] 5
[1] 10
 [1] 2 2 4 4 2 2 2 1 2 1 2 1 2 2 2 1 2 2 2 2
[1] "iteration number: "
[1] 14
[1] "iteration number: "
[1] 15
[1] "iteration number: "
[1] 16
[1] "iteration number: "
[1] 17
[1] "iteration number: "
[1] 18
[1] "iteration number: "
[1] 19
[1] "iteration number: "
[1] 20
[1] "iteration number: "
[1] 21
[1] "iteration number: "
[1] 22
[1] "iteration number: "
[1] 23
[1] "iteration number: "
[1] 24
[1] "RE-INITIALIZING..."
[1] 2
[1] 5
[1] 10
 [1] 2 4 1 3 2 2 1 2 2 3 4 1 2 3 1 2 2 2 2 1
[1] "iteration number: "
[1] 25
[1] "iteration number: "
[1] 26
[1] "iteration number: "
[1] 27
[1] "iteration number: "
[1] 28
[1] "iteration number: "
[1] 29
[1] "iteration number: "
[1] 30
[1] "iteration number: "
[1] 31
[1] "iteration number: "
[1] 32
[1] "iteration number: "
[1] 33
[1] "iteration number: "
[1] 34
[1] "iteration number: "
[1] 35
[1] "RE-INITIALIZING..."
[1] 3
[1] 5
[1] 10
 [1] 2 4 1 3 2 2 1 2 2 3 4 1 2 3 1 2 2 2 2 1
[1] "iteration number: "
[1] 36
[1] "iteration number: "
[1] 37
[1] "iteration number: "
[1] 38
[1] "iteration number: "
[1] 39
[1] "iteration number: "
[1] 40
[1] "iteration number: "
[1] 41
[1] "iteration number: "
[1] 42
[1] "iteration number: "
[1] 43
[1] "iteration number: "
[1] 44
[1] "iteration number: "
[1] 45
[1] "iteration number: "
[1] 46
[1] "RE-INITIALIZING..."
[1] 4
[1] 5
[1] 10
 [1] 2 4 1 3 2 2 1 2 2 3 4 1 2 3 1 2 2 2 2 1
[1] "iteration number: "
[1] 47
[1] "iteration number: "
[1] 48
[1] "iteration number: "
[1] 49
[1] "iteration number: "
[1] 50
[1] "iteration number: "
[1] 51
[1] "iteration number: "
[1] 52
[1] "iteration number: "
[1] 53
[1] "iteration number: "
[1] 54
[1] "iteration number: "
[1] 55
[1] "iteration number: "
[1] 56
[1] "iteration number: "
[1] 57
[1] "RE-INITIALIZING..."
[1] 5
[1] 5
[1] 10
 [1] 2 2 2 1 2 1 4 4 3 3 4 2 1 3 4 1 1 4 2 3
[1] "iteration number: "
[1] 58
[1] "iteration number: "
[1] 59
[1] "iteration number: "
[1] 60
[1] "iteration number: "
[1] 61
[1] "iteration number: "
[1] 62
[1] "iteration number: "
[1] 63
[1] "iteration number: "
[1] 64
[1] "iteration number: "
[1] 65
[1] "iteration number: "
[1] 66
[1] "iteration number: "
[1] 67
[1] "iteration number: "
[1] 68
[1] "RE-INITIALIZING..."
[1] 6
[1] 5
[1] 10
 [1] 2 2 2 1 2 1 4 4 3 3 4 2 1 3 4 1 1 4 2 3
[1] "iteration number: "
[1] 69
[1] "iteration number: "
[1] 70
[1] "iteration number: "
[1] 71
[1] "iteration number: "
[1] 72
[1] "iteration number: "
[1] 73
[1] "iteration number: "
[1] 74
[1] "iteration number: "
[1] 75
[1] "iteration number: "
[1] 76
[1] "iteration number: "
[1] 77
[1] "iteration number: "
[1] 78
[1] "iteration number: "
[1] 79
[1] "RE-INITIALIZING..."
[1] 7
[1] 5
[1] 10
 [1] 2 4 1 3 2 2 1 2 2 3 4 1 2 3 1 2 2 2 2 1
[1] "iteration number: "
[1] 80
[1] "iteration number: "
[1] 81
[1] "iteration number: "
[1] 82
[1] "iteration number: "
[1] 83
[1] "iteration number: "
[1] 84
[1] "iteration number: "
[1] 85
[1] "iteration number: "
[1] 86
[1] "iteration number: "
[1] 87
[1] "iteration number: "
[1] 88
[1] "iteration number: "
[1] 89
[1] "iteration number: "
[1] 90
[1] "RE-INITIALIZING..."
[1] 8
[1] 5
[1] 10
 [1] 2 2 2 1 2 1 4 4 3 3 4 2 1 3 4 1 1 4 2 3
[1] "No change for 8 iterations. Exiting PSO."
[1] 1 2 4 6 7 9
[1] 9
[1] "##################################"
[1] "Results summary for itr:9"
[1] "number of features selected using population mean"
[1] 5
[1] "number of features selected using current global best"
[1] 6
[1] "feat ind length"
[1] 6
[1] "best accuracy"
[1] 38.024
[1] "test acc:0.923076923076923"
[1] "##################################"
[1] "learning sets: 10"
  [1]  66  99  15  32 106  98  89  31  17  43  91  56  14  12  41  74 120  93
 [19]  29 110 103  78  22  30  83  90 121  11  53  92  40  20  39 112  49  97
 [37]   5  35  96 123  52   7  70  68  51  79  57 102 129   3  77 126 114 130
 [55] 101  45  36   4 104 117  72  61  21  18  81  60 127  88   6 107  67  58
 [73]  85  80  65 116  34 108  84  64  55  59  71  62 119  13   1  47  87 122
 [91]  76 118  38 128  27  25 105 125   2  23 100 113  63  86
[1] "Starting global iteration number : 10"
[1] "iteration number: "
[1] 1
[1] "Best fitness updated to:"
[1] -36.68
[1] "Best solution:"
 [1] NA NA NA NA NA NA NA NA NA NA
[1] 0
[1] "iteration number: "
[1] 2
[1] "iteration number: "
[1] 3
[1] "Best fitness updated to:"
[1] -38.82839
[1] "Best solution:"
 [1] 1 0 1 1 0 0 1 1 0 1
[1] 6
[1] "iteration number: "
[1] 4
[1] "iteration number: "
[1] 5
[1] "iteration number: "
[1] 6
[1] "iteration number: "
[1] 7
[1] "iteration number: "
[1] 8
[1] "iteration number: "
[1] 9
[1] "iteration number: "
[1] 10
[1] "iteration number: "
[1] 11
[1] "iteration number: "
[1] 12
[1] "iteration number: "
[1] 13
[1] "iteration number: "
[1] 14
[1] "RE-INITIALIZING..."
[1] 1
[1] 5
[1] 10
 [1] 2 2 4 4 2 2 2 1 2 1 2 1 2 2 2 1 2 2 2 2
[1] "iteration number: "
[1] 15
[1] "iteration number: "
[1] 16
[1] "iteration number: "
[1] 17
[1] "iteration number: "
[1] 18
[1] "iteration number: "
[1] 19
[1] "iteration number: "
[1] 20
[1] "iteration number: "
[1] 21
[1] "iteration number: "
[1] 22
[1] "iteration number: "
[1] 23
[1] "iteration number: "
[1] 24
[1] "iteration number: "
[1] 25
[1] "RE-INITIALIZING..."
[1] 2
[1] 5
[1] 10
 [1] 2 2 2 1 2 1 4 4 3 3 4 2 1 3 4 1 1 4 2 3
[1] "iteration number: "
[1] 26
[1] "iteration number: "
[1] 27
[1] "iteration number: "
[1] 28
[1] "iteration number: "
[1] 29
[1] "iteration number: "
[1] 30
[1] "iteration number: "
[1] 31
[1] "iteration number: "
[1] 32
[1] "iteration number: "
[1] 33
[1] "iteration number: "
[1] 34
[1] "iteration number: "
[1] 35
[1] "iteration number: "
[1] 36
[1] "RE-INITIALIZING..."
[1] 3
[1] 5
[1] 10
 [1] 2 4 1 3 2 2 1 2 2 3 4 1 2 3 1 2 2 2 2 1
[1] "iteration number: "
[1] 37
[1] "iteration number: "
[1] 38
[1] "iteration number: "
[1] 39
[1] "iteration number: "
[1] 40
[1] "iteration number: "
[1] 41
[1] "iteration number: "
[1] 42
[1] "iteration number: "
[1] 43
[1] "iteration number: "
[1] 44
[1] "iteration number: "
[1] 45
[1] "iteration number: "
[1] 46
[1] "iteration number: "
[1] 47
[1] "RE-INITIALIZING..."
[1] 4
[1] 5
[1] 10
 [1] 2 2 2 1 2 1 4 4 3 3 4 2 1 3 4 1 1 4 2 3
[1] "iteration number: "
[1] 48
[1] "iteration number: "
[1] 49
[1] "iteration number: "
[1] 50
[1] "iteration number: "
[1] 51
[1] "iteration number: "
[1] 52
[1] "iteration number: "
[1] 53
[1] "iteration number: "
[1] 54
[1] "iteration number: "
[1] 55
[1] "iteration number: "
[1] 56
[1] "iteration number: "
[1] 57
[1] "iteration number: "
[1] 58
[1] "RE-INITIALIZING..."
[1] 5
[1] 5
[1] 9
 [1] 2 2 2 1 2 1 4 4 3 3 4 2 1 3 4 1 1 4 2 3
[1] "iteration number: "
[1] 59
[1] "iteration number: "
[1] 60
[1] "iteration number: "
[1] 61
[1] "iteration number: "
[1] 62
[1] "iteration number: "
[1] 63
[1] "iteration number: "
[1] 64
[1] "iteration number: "
[1] 65
[1] "iteration number: "
[1] 66
[1] "iteration number: "
[1] 67
[1] "iteration number: "
[1] 68
[1] "iteration number: "
[1] 69
[1] "RE-INITIALIZING..."
[1] 6
[1] 5
[1] 9
[1] "No change for 6 iterations. Exiting PSO."
[1]  1  2  3  4  6  9 10
[1] 10
[1] "##################################"
[1] "Results summary for itr:10"
[1] "number of features selected using population mean"
[1] 7
[1] "number of features selected using current global best"
[1] 7
[1] "feat ind length"
[1] 7
[1] "best accuracy"
[1] 38.82839
[1] "test acc:0.846153846153846"
[1] "##################################"
[1] "testacc"
 [1] 0.8846154 0.8846154 0.9615385 0.9230769 0.8846154 0.8076923 0.8846154
 [8] 0.8846154 0.9230769 0.8461538
[1] 0.8884615
   Min. 1st Qu.  Median    Mean 3rd Qu.    Max. 
 0.8077  0.8846  0.8846  0.8885  0.9135  0.9615 
[1] 0.04232711
      [,1] [,2] [,3] [,4] [,5] [,6] [,7] [,8] [,9] [,10]
 [1,]    1    0    0    1    1    1    1    1    1     1
 [2,]    1    1    1    1    1    1    1    1    1     1
 [3,]    0    0    0    0    0    0    0    0    0     1
 [4,]    1    1    1    1    1    1    1    1    1     1
 [5,]    0    1    0    0    0    0    0    0    0     0
 [6,]    1    1    1    1    1    1    1    0    1     1
 [7,]    1    0    0    1    0    0    1    1    1     0
 [8,]    0    1    0    0    1    1    0    0    0     0
 [9,]    1    1    1    1    1    1    1    1    1     1
[10,]    0    0    1    0    1    1    0    1    0     1
[1] "dim of scoring matrix is "
[1] 10 10
[1] "DS index stage 2"
[1] 0.794894
[1] "KI index stage 2"
[1] -Inf
[1] 1
   Min. 1st Qu.  Median    Mean 3rd Qu.    Max. 
   1.00    3.50    6.50    6.20    9.75   10.00 
[1] "Number of features selected in 1 iterations:"
[1] 10
[1] "Number of features selected in 1 iterations:"
[1] 10
[1] 0.6363636 0.9793814
[1] 0.6363636 0.9793814
[1] "accuracy: 73.7194676658793 num_feat:10 fitness:41.6642489451655"
$fitfunc
[1] -41.66425

$cverror
[1] 73.71947

$cvpermerror
[1] 50.06639

$testacc
[1] 91.90878

$reverseacc
[1] 80.78725

[1] -41.66425
[1] "Number of features selected in 2 iterations:"
[1] 8
[1] 0.7575758 0.9690722
[1] 0.7575758 0.9690722
[1] "accuracy: 77.0546471186379 num_feat:8 fitness:44.9861431021775"
$fitfunc
[1] -44.98614

$cverror
[1] 77.05465

$cvpermerror
[1] 50

$testacc
[1] 93.39269

$reverseacc
[1] 86.3324

[1] -44.98614
[1] "Number of features selected in 3 iterations:"
[1] 8
[1] 0.7575758 0.9690722
[1] 0.7575758 0.9690722
[1] "accuracy: 77.0546471186379 num_feat:8 fitness:44.9861431021775"
$fitfunc
[1] -44.98614

$cverror
[1] 77.05465

$cvpermerror
[1] 50

$testacc
[1] 93.39269

$reverseacc
[1] 86.3324

[1] -44.98614
[1] "Number of features selected in 4 iterations:"
[1] 7
[1] 0.7575758 0.9587629
[1] 0.7575758 0.9587629
[1] "accuracy: 76.5907957260572 num_feat:7 fitness:45.0155116648959"
$fitfunc
[1] -45.01551

$cverror
[1] 76.5908

$cvpermerror
[1] 50

$testacc
[1] 94.90784

$reverseacc
[1] 85.81693

[1] -45.01551
[1] "Number of features selected in 5 iterations:"
[1] 7
[1] 0.7575758 0.9587629
[1] 0.7575758 0.9587629
[1] "accuracy: 76.5907957260572 num_feat:7 fitness:45.0155116648959"
$fitfunc
[1] -45.01551

$cverror
[1] 76.5908

$cvpermerror
[1] 50

$testacc
[1] 94.90784

$reverseacc
[1] 85.81693

[1] -45.01551
[1] "Number of features selected in 6 iterations:"
[1] 5
[1] 0.5757576 0.9690722
[1] 0.5757576 0.9690722
[1] "accuracy: 74.4526871290489 num_feat:5 fitness:41.719982001606"
$fitfunc
[1] -41.71998

$cverror
[1] 74.45269

$cvpermerror
[1] 50.07302

$testacc
[1] 87.84755

$reverseacc
[1] 77.24149

[1] -41.71998
[1] "Number of features selected in 7 iterations:"
[1] 5
[1] 0.5757576 0.9690722
[1] 0.5757576 0.9690722
[1] "accuracy: 74.4526871290489 num_feat:5 fitness:41.719982001606"
$fitfunc
[1] -41.71998

$cverror
[1] 74.45269

$cvpermerror
[1] 50.07302

$testacc
[1] 87.84755

$reverseacc
[1] 77.24149

[1] -41.71998
[1] "Number of features selected in 8 iterations:"
[1] 5
[1] 0.5757576 0.9690722
[1] 0.5757576 0.9690722
[1] "accuracy: 74.4526871290489 num_feat:5 fitness:41.719982001606"
$fitfunc
[1] -41.71998

$cverror
[1] 74.45269

$cvpermerror
[1] 50.07302

$testacc
[1] 87.84755

$reverseacc
[1] 77.24149

[1] -41.71998
[1] "Number of features selected in 9 iterations:"
[1] 4
[1] 0.4242424 0.9587629
[1] 0.4242424 0.9587629
[1] "accuracy: 75.7547655598721 num_feat:4 fitness:42.0699220932392"
$fitfunc
[1] -42.06992

$cverror
[1] 75.75477

$cvpermerror
[1] 50.09128

$testacc
[1] 86.30116

$reverseacc
[1] 69.15027

[1] -42.06992
[1] "Number of features selected in 10 iterations:"
[1] 3
[1] 0.3030303 0.9896907
[1] 0.3030303 0.9896907
[1] "accuracy: 74.5943178605628 num_feat:3 fitness:39.3666989685359"
$fitfunc
[1] -39.3667

$cverror
[1] 74.59432

$cvpermerror
[1] 50.21833

$testacc
[1] 78.20993

$reverseacc
[1] 64.63605

[1] -39.3667
   Min. 1st Qu.  Median    Mean 3rd Qu.    Max. 
 0.8077  0.8846  0.8846  0.8885  0.9135  0.9615 
[1] "Number of features selected in 1 iterations:"
[1] 10
[1] "Modified train 10 fold accuracy using train data is "
[1] 84.61538
[1] "Modified train accuracy is "
[1] 0.9538462
[1] "train confusion matrix is "
          trainclass
pred_train  1  2
         1 28  1
         2  5 96
[1] "Train dimension is "
[1] 130  10
[1] "Test dimension is "
[1] 100  10
[1] "Test confusion matrix is "
    
pred  1  2
   1 10 20
   2  5 65
[1] "Test acc is "
[1] 0.75
[1] "train 10 fold"
[1] 85.38462
[1] "Test confusion matrix is "
    
pred  1  2
   1 10 20
   2  5 65
[1] "Test acc is "
[1] 0.75
[1] "Test AUC:"
[1] 0.7156863
[1] "Train acc is "
[1] 0.9538462
[1] "# of features after CMA:"
NULL
[1] "# of features after PSO:"
[1] 130  11
    user   system  elapsed 
  53.418   11.168 3963.716 
There were 50 or more warnings (use warnings() to see the first 50)
> 
> 
> 
> feat_ind<-psores$bestfeatlist
> feat_names<-psores$bestfeatnames
> 
> scoringmatrix<-as.data.frame(psores$scoringmatrix)
> print(scoringmatrix)
   V1 V2 V3 V4 V5 V6 V7 V8 V9 V10
1   1  0  0  1  1  1  1  1  1   1
2   1  1  1  1  1  1  1  1  1   1
3   0  0  0  0  0  0  0  0  0   1
4   1  1  1  1  1  1  1  1  1   1
5   0  1  0  0  0  0  0  0  0   0
6   1  1  1  1  1  1  1  0  1   1
7   1  0  0  1  0  0  1  1  1   0
8   0  1  0  0  1  1  0  0  0   0
9   1  1  1  1  1  1  1  1  1   1
10  0  0  1  0  1  1  0  1  0   1
> print(feat_names[feat_ind])
 [1] "201555_at"   "202683_s_at" "203628_at"   "205229_s_at" "205713_s_at"
 [6] "206401_s_at" "208893_s_at" "214164_x_at" "216092_s_at" "219051_x_at"
> 
> save(psores,file="psores.Rda")
> print("Complete")
[1] "Complete"
> 
