
R version 3.2.2 (2015-08-14) -- "Fire Safety"
Copyright (C) 2015 The R Foundation for Statistical Computing
Platform: x86_64-apple-darwin13.4.0 (64-bit)

R is free software and comes with ABSOLUTELY NO WARRANTY.
You are welcome to redistribute it under certain conditions.
Type 'license()' or 'licence()' for distribution details.

  Natural language support but running in an English locale

R is a collaborative project with many contributors.
Type 'contributors()' for more information and
'citation()' on how to cite R or R packages in publications.

Type 'demo()' for some demos, 'help()' for on-line help, or
'help.start()' for an HTML browser interface to help.
Type 'q()' to quit R.

> 
> #.libPaths("/home/kuppal3/karan_libs/Rlibs")
> library(snow)
Warning message:
package ‘snow’ was built under R version 3.2.5 
> library(e1071)
Warning message:
package ‘e1071’ was built under R version 3.2.5 
> library(yaImpute)

Attaching package: ‘yaImpute’

The following object is masked from ‘package:e1071’:

    impute

> library(pROC)
Type 'citation("pROC")' for a citation.

Attaching package: ‘pROC’

The following objects are masked from ‘package:stats’:

    cov, smooth, var

Warning message:
package ‘pROC’ was built under R version 3.2.5 
> library(bioDist)
Loading required package: Biobase
Loading required package: BiocGenerics
Loading required package: parallel

Attaching package: ‘parallel’

The following objects are masked from ‘package:snow’:

    clusterApply, clusterApplyLB, clusterCall, clusterEvalQ,
    clusterExport, clusterMap, clusterSplit, makeCluster, parApply,
    parCapply, parLapply, parRapply, parSapply, splitIndices,
    stopCluster


Attaching package: ‘BiocGenerics’

The following objects are masked from ‘package:parallel’:

    clusterApply, clusterApplyLB, clusterCall, clusterEvalQ,
    clusterExport, clusterMap, parApply, parCapply, parLapply,
    parLapplyLB, parRapply, parSapply, parSapplyLB

The following objects are masked from ‘package:snow’:

    clusterApply, clusterApplyLB, clusterCall, clusterEvalQ,
    clusterExport, clusterMap, parApply, parCapply, parLapply,
    parRapply, parSapply

The following objects are masked from ‘package:stats’:

    IQR, mad, xtabs

The following objects are masked from ‘package:base’:

    anyDuplicated, append, as.data.frame, as.vector, cbind, colnames,
    do.call, duplicated, eval, evalq, Filter, Find, get, grep, grepl,
    intersect, is.unsorted, lapply, lengths, Map, mapply, match, mget,
    order, paste, pmax, pmax.int, pmin, pmin.int, Position, rank,
    rbind, Reduce, rownames, sapply, setdiff, sort, table, tapply,
    union, unique, unlist, unsplit

Welcome to Bioconductor

    Vignettes contain introductory material; view with
    'browseVignettes()'. To cite Bioconductor, see
    'citation("Biobase")', and for packages 'citation("pkgname")'.

Loading required package: KernSmooth
KernSmooth 2.23 loaded
Copyright M. P. Wand 1997-2009
> #library(CMA, lib="/home/kuppal3/karan_libs/Rlibs/")
> library(RankAggreg)
Warning message:
package ‘RankAggreg’ was built under R version 3.2.5 
> library(CMA)

Attaching package: ‘CMA’

The following object is masked from ‘package:pROC’:

    roc

The following object is masked from ‘package:e1071’:

    tune

Warning message:
package ‘CMA’ was built under R version 3.2.4 
> library(expm)
Loading required package: Matrix

Attaching package: ‘expm’

The following object is masked from ‘package:Matrix’:

    expm

Warning messages:
1: package ‘expm’ was built under R version 3.2.5 
2: package ‘Matrix’ was built under R version 3.2.5 
> 
> cl<-makeCluster(1)
> 
> 
> args<-commandArgs(trailingOnly=TRUE)
> 
> dirloc<-"/Users/karanuppal/Documents/Gatech/Projects/Algorithms/TwostagePSO/"
> #sname<-paste("/home/stu/kuppal3/Research/Feature_selection/Rcode/versionnov2014/OCFS_",args[9],".R",sep="")
> 
> sname<-paste(dirloc,"version2017/OCFS_",args[9],".R",sep="")
> source(sname)
> 
> outloc<-paste(dirloc,"/Datasets/MAQCII_BreastCancer/OCFSvmay2415_MAQCER",args[9],"/",sep="")
> 
> 
> sname<-paste(dirloc,"Datasets/MAQCII_BreastCancer/MaqcIIbr.Rda",sep="")
> load(sname)
> 
> trainm<-MaqcIIbr$trainx
> testm<-MaqcIIbr$testx
> trainclass<-MaqcIIbr$trainPCRvsRD
> testclass<-MaqcIIbr$testPCRvsRD
> 
> trainm<-trainm[,-c(22284)]
> testm<-testm[,-c(22284)]
> trainm<-apply(trainm,2,as.numeric)
> testm<-apply(testm,2,as.numeric)
> 
> trainm<-cbind(trainclass,trainm)
> testm<-cbind(testclass,testm)
> 
> trainm<-na.omit(trainm)
> testm<-na.omit(testm)
> 
> dir.create(outloc)
Warning message:
In dir.create(outloc) :
  '/Users/karanuppal/Documents/Gatech/Projects/Algorithms/TwostagePSO//Datasets/MAQCII_BreastCancer/OCFSvmay2415_MAQCERvmarch62018_v3' already exists
> setwd(outloc)
> 
> 
> trainm<-as.matrix(trainm)
> testm<-as.matrix(testm)
> trainclass<-trainm[,1] #CMAres$modtrainclass
> testclass<-testm[,1] #CMAres$modtestclass
> trainm<-trainm[,-c(1)] #CMAres$modtrainmata
> testm<-testm[,-c(1)] #CMAres$modtestmata
> 
> #a: Confusions
> #b: Neighbors
> #c: Global
> #d: Death
> 
> a<-c(0.25,0.25,0.25,0.25)
> b<-c(0.3,0.1,0.4,0.1)
> c<-c(0.25,0.25,0.5,0)
> d<-c(0.9,0.1,0,0.1)
> 
> a<-c(0,0.4,0.1,0.5)
> b<-c(0.3,0.1,0.4,0.1)
> c<-c(0,0.5,0.5,0)
> d<-c(0.9,0.1,0,0)
> 
> a<-c(0,0.4,0.1,0.5)
> b<-c(0.2,0.3,0.4,0.1)
> c<-c(0,0.4,0.4,0.2)
> d<-c(0.9,0.1,0,0)
> 
> transition_matrix<-rbind(a,b,c,d)
> 
> 
> dir.create(outloc)
Warning message:
In dir.create(outloc) :
  '/Users/karanuppal/Documents/Gatech/Projects/Algorithms/TwostagePSO//Datasets/MAQCII_BreastCancer/OCFSvmay2415_MAQCERvmarch62018_v3' already exists
> setwd(outloc)
> temp2=t(trainm)
> temp2=apply(temp2, 2, function(x){which(x=="MD")})
> temp2=unlist(temp2)
> temp2=unique(temp2)
> if(length(temp2)>1)
+ {
+ 	trainm=trainm[,-c(temp2)]
+ 
+ 	rm(temp2)
+ }
> 
> boostweight=rep(0,dim(trainm)[2])
> 
> #if(FALSE)
> {
+ CMAres<-performCMA(trainm, trainclass, testm, testclass,outloc,
+ maxnum=as.numeric(args[10]),
+ minnum=3,
+ stepitr=1,
+ gsmethods=c("limma"), #"lasso","elasticnet","kruskal.test"), #"f.test", "f.test", "elasticnet", "wilcox.test", "welch.test"),
+ pct_train=0.40,
+ accuracyweight=1,
+ featweight=0.06,
+ minpresent=1,
+ kname="radial",
+ norm_method="none",
+ tolerance=0.5,
+ maxitrs=5,
+ classindex=1,
+ numfacts=0,
+ evalmethod="CV",
+ numfolds=10,
+ CVfoldthresh=0.7,
+ varselmethod=args[11],
+ scheme_val="one-vs-all",
+ iter_learn=1,boostweight=rep(0,dim(trainm)[2]))
+ 
+ 
+ CMAres<-performCMA(trainm, trainclass, testm, testclass,outloc,
+ maxnum=as.numeric(args[10]),
+ minnum=3,
+ stepitr=1,
+ gsmethods=c("lasso"), #"lasso","elasticnet","kruskal.test"), #"f.test", "f.test", "elasticnet", "wilcox.test", "welch.test"),
+ pct_train=0.40,
+ accuracyweight=1,
+ featweight=0.06,
+ minpresent=1,
+ kname="radial",
+ norm_method="none",
+ tolerance=0.5,
+ maxitrs=5,
+ classindex=1,
+ numfacts=0,
+ evalmethod="CV",
+ numfolds=10,
+ CVfoldthresh=0.7,
+ varselmethod=args[11],
+ scheme_val="one-vs-all",
+ iter_learn=1,boostweight=rep(0,dim(trainm)[2]))
+ 
+ CMAres<-performCMA(trainm, trainclass, testm, testclass,outloc,
+ maxnum=as.numeric(args[10]),
+ minnum=3,
+ stepitr=1,
+ gsmethods=c("rfe"), #"lasso","elasticnet","kruskal.test"), #"f.test", "f.test", "elasticnet", "wilcox.test", "welch.test"),
+ pct_train=0.40,
+ accuracyweight=1,
+ featweight=0.06,
+ minpresent=1,
+ kname="radial",
+ norm_method="none",
+ tolerance=0.5,
+ maxitrs=5,
+ classindex=1,
+ numfacts=0,
+ evalmethod="CV",
+ numfolds=10,
+ CVfoldthresh=0.7,
+ varselmethod=args[11],
+ scheme_val="one-vs-all",
+ iter_learn=1,boostweight=rep(0,dim(trainm)[2]))
+ 
+ CMAres<-performCMA(trainm, trainclass, testm, testclass,outloc,
+ maxnum=as.numeric(args[10]),
+ minnum=3,
+ stepitr=1,
+ gsmethods=c("elasticnet"), #"lasso","elasticnet","kruskal.test"), #"f.test", "f.test", "elasticnet", "wilcox.test", "welch.test"),
+ pct_train=0.40,
+ accuracyweight=1,
+ featweight=0.06,
+ minpresent=1,
+ kname="radial",
+ norm_method="none",
+ tolerance=0.5,
+ maxitrs=5,
+ classindex=1,
+ numfacts=0,
+ evalmethod="CV",
+ numfolds=10,
+ CVfoldthresh=0.7,
+ varselmethod=args[11],
+ scheme_val="one-vs-all",
+ iter_learn=1,boostweight=rep(0,dim(trainm)[2]))
+ 
+ if(FALSE){
+ CMAres<-performCMA(trainm, trainclass, testm, testclass,outloc,
+ maxnum=as.numeric(args[10]),
+ minnum=3,
+ stepitr=1,
+ gsmethods=c("rf"), #"lasso","elasticnet","kruskal.test"), #"f.test", "f.test", "elasticnet", "wilcox.test", "welch.test"),
+ pct_train=0.40,
+ accuracyweight=1,
+ featweight=0.06,
+ minpresent=1,
+ kname="radial",
+ norm_method="none",
+ tolerance=0.5,
+ maxitrs=5,
+ classindex=1,
+ numfacts=0,
+ evalmethod="CV",
+ numfolds=10,
+ CVfoldthresh=0.7,
+ varselmethod=args[11],
+ scheme_val="one-vs-all",
+ iter_learn=1,boostweight=rep(0,dim(trainm)[2]))
+ }
+ 
+ CMAres<-performCMA(trainm, trainclass, testm, testclass,outloc,
+ maxnum=as.numeric(args[10]),
+ minnum=3,
+ stepitr=1,
+ gsmethods=c("f.test"), #"lasso","elasticnet","kruskal.test"), #"f.test", "f.test", "elasticnet", "wilcox.test", "welch.test"),
+ pct_train=0.40,
+ accuracyweight=1,
+ featweight=0.06,
+ minpresent=1,
+ kname="radial",
+ norm_method="none",
+ tolerance=0.5,
+ maxitrs=5,
+ classindex=1,
+ numfacts=0,
+ evalmethod="CV",
+ numfolds=10,
+ CVfoldthresh=0.7,
+ varselmethod=args[11],
+ scheme_val="one-vs-all",
+ iter_learn=1,boostweight=rep(0,dim(trainm)[2]))
+ }
[1] "dim of trainm is "
[1]   130 22283
[1]   130 22283
[1] "maxnum is "
[1] 3
[1] "# of genes left after filtering:"
[1]   130 22283
[1] "limma"
[1] "Method name: limma"
[1]   130 22283
nci_y
 1  2 
33 97 
learningset mode:  CV 
number of learningsets:  10 
(maximum) number of observations per learning set:  117 
[1] "one-vs-all"
GeneSelection: iteration 1 

Attaching package: ‘limma’

The following object is masked from ‘package:BiocGenerics’:

    plotMA

GeneSelection: iteration 2 
GeneSelection: iteration 3 
GeneSelection: iteration 4 
GeneSelection: iteration 5 
GeneSelection: iteration 6 
GeneSelection: iteration 7 
GeneSelection: iteration 8 
GeneSelection: iteration 9 
GeneSelection: iteration 10 
[1] 13
[1] "varselmethod"
[1] "none"
[1] 13
[1] "Method: limma"
[1] 13
[1] "dim of scoring matrix is "
[1] 22283     1
     Min.   1st Qu.    Median      Mean   3rd Qu.      Max. 
0.0000000 0.0000000 0.0000000 0.0005834 0.0000000 1.0000000 
[1] 13
[1] 22283
[1] "DS index stage 1"
[1] NA
[1] "bestgenelist"
 [1]  1036  3155  4349  4352  4752  5927  8667  9093  9279 13543 15240 15464
[13] 18415
     201508_at 203628_at 204822_at 204825_at 205225_at 206401_s_at 209173_at
[1,]   10.8379   10.7755    7.2891    8.9393   13.0759      9.9796   12.9392
[2,]    8.8812    9.8410    6.4251    7.7652   13.7616      9.9498   14.1501
[3,]   12.8232    9.4169    8.4023    9.9136   12.7360      6.0807   14.5585
     209603_at 209791_at 214164_x_at 215867_x_at 216092_s_at 219051_x_at
[1,]   10.5793    8.1878     12.6474     12.6194     10.4159      8.5236
[2,]   10.5772    8.3732     11.7852     11.5534      9.7648      8.9626
[3,]   11.1181   10.3116     12.7464     12.7285      8.3641     10.7458
     201508_at 203628_at 204822_at 204825_at 205225_at 206401_s_at 209173_at
[1,]   10.2358    9.4326    7.3928    7.9851   13.8754     10.6463   13.2041
[2,]   10.4887    9.8046    6.1670    5.2744   11.7217      8.2532   11.3631
[3,]    9.3978    7.9079    6.6156    5.9481   10.9960      7.4477   11.1800
     209603_at 209791_at 214164_x_at 215867_x_at 216092_s_at 219051_x_at
[1,]   11.9790    9.2513     12.7392     12.5744     10.6963      9.5138
[2,]   10.8744    9.8296     10.9092     11.0575      9.3780      5.3641
[3,]    8.0211    9.2347     10.6696     11.0769      9.3840      7.1097
[1] "numgenes selected:13"
[1] "test acc:0.73"
[1] "test AUC acc:0.703921568627451"
[1] "10 fold train80.7692307692308"
[1] "confusion matrix train 10 fold"
          nci_y
pred10fold  1  2
         1 27  5
         2  6 92
[1] "confusion matrix test"
         test_y
pred_test  1  2
        1 10 22
        2  5 63
[1] "train acc:0.915384615384615"
[1] "confusion matrix train"
          nci_y
pred_train  1  2
         1 27  5
         2  6 92
[1] "DS index stage 1"
[1] NA
[1] "KI index stage 1"
[1] NA
[1] "dim of trainm is "
[1]   130 22283
[1]   130 22283
[1] "maxnum is "
[1] 3
[1] "# of genes left after filtering:"
[1]   130 22283
[1] "lasso"
[1] "Method name: lasso"
[1]   130 22283
nci_y
 1  2 
33 97 
learningset mode:  CV 
number of learningsets:  10 
(maximum) number of observations per learning set:  117 
[1] "one-vs-all"
GeneSelection: iteration 1 
Loaded glmnet 2.0-10


Attaching package: ‘glmnet’

The following object is masked from ‘package:pROC’:

    auc

GeneSelection: iteration 2 
GeneSelection: iteration 3 
GeneSelection: iteration 4 
GeneSelection: iteration 5 
GeneSelection: iteration 6 
GeneSelection: iteration 7 
GeneSelection: iteration 8 
GeneSelection: iteration 9 
GeneSelection: iteration 10 
genelist
 1083 15464  2211  2667  8166 18226  1326  3155  4208  4349 11253 11968 
    9     5     3     3     2     2     1     1     1     1     1     1 
[1] 12
[1] "varselmethod"
[1] "none"
[1] 12
[1] "Method: lasso"
[1] 12
[1] "dim of scoring matrix is "
[1] 22283     1
     Min.   1st Qu.    Median      Mean   3rd Qu.      Max. 
0.0000000 0.0000000 0.0000000 0.0005385 0.0000000 1.0000000 
[1] 12
[1] 22283
[1] "DS index stage 1"
[1] NA
[1] "bestgenelist"
 [1]  1083  1326  2211  2667  3155  4208  4349  8166 11253 11968 15464 18226
     201555_at 201798_s_at 202683_s_at 203139_at 203628_at 204681_s_at
[1,]    9.9323     11.6423      8.8393    9.7965   10.7755      7.5046
[2,]    9.5628     10.3129      8.4030    8.3696    9.8410      8.7229
[3,]   10.3905     11.6751      8.3998    9.0933    9.4169      6.9584
     204822_at 208670_s_at 211864_s_at 212583_at 216092_s_at 218862_at
[1,]    7.2891      8.6539     10.7931    6.8476     10.4159    9.8843
[2,]    6.4251      9.5953      9.0349    6.8369      9.7648   10.0105
[3,]    8.4023      9.8134     10.4934    7.3452      8.3641    9.0597
     201555_at 201798_s_at 202683_s_at 203139_at 203628_at 204681_s_at
[1,]    9.9499     10.8345      8.8732    8.8140    9.4326      8.7098
[2,]    9.6616     11.4169      8.5511    8.7652    9.8046      8.1223
[3,]    9.4638     10.0144      8.5826    9.4426    7.9079      7.5006
     204822_at 208670_s_at 211864_s_at 212583_at 216092_s_at 218862_at
[1,]    7.3928      8.8319      9.2348    7.5912     10.6963   10.4625
[2,]    6.1670      9.8519     10.1938    7.5112      9.3780    9.8143
[3,]    6.6156      9.3521      8.4931    4.6920      9.3840    9.3484
[1] "numgenes selected:12"
[1] "test acc:0.78"
[1] "test AUC acc:0.67843137254902"
[1] "10 fold train89.2307692307692"
[1] "confusion matrix train 10 fold"
          nci_y
pred10fold  1  2
         1 29  1
         2  4 96
[1] "confusion matrix test"
         test_y
pred_test  1  2
        1  8 15
        2  7 70
[1] "train acc:0.961538461538462"
[1] "confusion matrix train"
          nci_y
pred_train  1  2
         1 29  1
         2  4 96
[1] "DS index stage 1"
[1] NA
[1] "KI index stage 1"
[1] NA
[1] "dim of trainm is "
[1]   130 22283
[1]   130 22283
[1] "maxnum is "
[1] 3
[1] "# of genes left after filtering:"
[1]   130 22283
[1] "rfe"
[1] "Method name: rfe"
[1]   130 22283
nci_y
 1  2 
33 97 
learningset mode:  CV 
number of learningsets:  10 
(maximum) number of observations per learning set:  117 
[1] "one-vs-all"
GeneSelection: iteration 1 
GeneSelection: iteration 2 
GeneSelection: iteration 3 
GeneSelection: iteration 4 
GeneSelection: iteration 5 
GeneSelection: iteration 6 
GeneSelection: iteration 7 
GeneSelection: iteration 8 
GeneSelection: iteration 9 
GeneSelection: iteration 10 
[1] 13
[1] "varselmethod"
[1] "none"
[1] 13
[1] "Method: rfe"
[1] 13
[1] "dim of scoring matrix is "
[1] 22283     1
     Min.   1st Qu.    Median      Mean   3rd Qu.      Max. 
0.0000000 0.0000000 0.0000000 0.0005834 0.0000000 1.0000000 
[1] 13
[1] 22283
[1] "DS index stage 1"
[1] NA
[1] "bestgenelist"
 [1]  4756  5005  5240  5278  5917  8080  8388  8667  9052 11729 12153 13990
[13] 18220
     205229_s_at 205478_at 205713_s_at 205751_at 206391_at 208582_s_at
[1,]      6.8695    7.9799     10.0607    5.3569    3.4701      4.6231
[2,]      5.4533    6.0596      5.6228    3.7733    3.0224      2.7015
[3,]      6.2767    5.5057      6.8404    2.5009    5.6946      3.2545
     208893_s_at 209173_at 209560_s_at 212344_at 212768_s_at 214612_x_at
[1,]      4.0949   12.9392      7.8880    9.2335      5.1801      6.0516
[2,]      9.2703   14.1501      5.8444    7.4051      1.3965      5.7915
[3,]      3.9487   14.5585      7.3689    8.4941      5.2458      3.4135
     218856_at
[1,]    6.2115
[2,]    8.8050
[3,]    9.9478
     205229_s_at 205478_at 205713_s_at 205751_at 206391_at 208582_s_at
[1,]      5.2668    4.8386      5.2933    5.4450    3.5486      3.5125
[2,]      7.1769   11.9784      4.3142    6.3482    8.0025      2.8295
[3,]      6.9284   12.5884      4.5240    6.0619    7.6557      3.4439
     208893_s_at 209173_at 209560_s_at 212344_at 212768_s_at 214612_x_at
[1,]      7.6049   13.2041      7.6698   11.6005      1.8475      6.2012
[2,]      8.9154   11.3631     11.5012    8.1512      3.5364      7.0485
[3,]      9.1121   11.1800      7.7658    8.0329      4.6780      5.5564
     218856_at
[1,]    6.8392
[2,]   10.2503
[3,]   10.6432
[1] "numgenes selected:13"
[1] "test acc:0.78"
[1] "test AUC acc:0.623529411764706"
[1] "10 fold train83.0769230769231"
[1] "confusion matrix train 10 fold"
          nci_y
pred10fold  1  2
         1 25  1
         2  8 96
[1] "confusion matrix test"
         test_y
pred_test  1  2
        1  6 13
        2  9 72
[1] "train acc:0.930769230769231"
[1] "confusion matrix train"
          nci_y
pred_train  1  2
         1 25  1
         2  8 96
[1] "DS index stage 1"
[1] NA
[1] "KI index stage 1"
[1] NA
[1] "dim of trainm is "
[1]   130 22283
[1]   130 22283
[1] "maxnum is "
[1] 3
[1] "# of genes left after filtering:"
[1]   130 22283
[1] "elasticnet"
[1] "Method name: elasticnet"
[1]   130 22283
nci_y
 1  2 
33 97 
learningset mode:  CV 
number of learningsets:  10 
(maximum) number of observations per learning set:  117 
[1] "one-vs-all"
GeneSelection: iteration 1 
GeneSelection: iteration 2 
GeneSelection: iteration 3 
GeneSelection: iteration 4 
GeneSelection: iteration 5 
GeneSelection: iteration 6 
GeneSelection: iteration 7 
GeneSelection: iteration 8 
GeneSelection: iteration 9 
GeneSelection: iteration 10 
[1] 13
[1] "varselmethod"
[1] "none"
[1] 13
[1] "Method: elasticnet"
[1] 13
[1] "dim of scoring matrix is "
[1] 22283     1
     Min.   1st Qu.    Median      Mean   3rd Qu.      Max. 
0.0000000 0.0000000 0.0000000 0.0005834 0.0000000 1.0000000 
[1] 13
[1] 22283
[1] "DS index stage 1"
[1] NA
[1] "bestgenelist"
 [1]  1083  1732  2211  2667  3155  4349  4352  4756  8166 11968 15464 18226
[13] 18415
     201555_at 202204_s_at 202683_s_at 203139_at 203628_at 204822_at 204825_at
[1,]    9.9323      9.4116      8.8393    9.7965   10.7755    7.2891    8.9393
[2,]    9.5628      9.5340      8.4030    8.3696    9.8410    6.4251    7.7652
[3,]   10.3905      8.9780      8.3998    9.0933    9.4169    8.4023    9.9136
     205229_s_at 208670_s_at 212583_at 216092_s_at 218862_at 219051_x_at
[1,]      6.8695      8.6539    6.8476     10.4159    9.8843      8.5236
[2,]      5.4533      9.5953    6.8369      9.7648   10.0105      8.9626
[3,]      6.2767      9.8134    7.3452      8.3641    9.0597     10.7458
     201555_at 202204_s_at 202683_s_at 203139_at 203628_at 204822_at 204825_at
[1,]    9.9499      9.4123      8.8732    8.8140    9.4326    7.3928    7.9851
[2,]    9.6616      9.0879      8.5511    8.7652    9.8046    6.1670    5.2744
[3,]    9.4638      9.0964      8.5826    9.4426    7.9079    6.6156    5.9481
     205229_s_at 208670_s_at 212583_at 216092_s_at 218862_at 219051_x_at
[1,]      5.2668      8.8319    7.5912     10.6963   10.4625      9.5138
[2,]      7.1769      9.8519    7.5112      9.3780    9.8143      5.3641
[3,]      6.9284      9.3521    4.6920      9.3840    9.3484      7.1097
[1] "numgenes selected:13"
[1] "test acc:0.72"
[1] "test AUC acc:0.698039215686274"
[1] "10 fold train89.2307692307692"
[1] "confusion matrix train 10 fold"
          nci_y
pred10fold  1  2
         1 28  2
         2  5 95
[1] "confusion matrix test"
         test_y
pred_test  1  2
        1 10 23
        2  5 62
[1] "train acc:0.946153846153846"
[1] "confusion matrix train"
          nci_y
pred_train  1  2
         1 28  2
         2  5 95
[1] "DS index stage 1"
[1] NA
[1] "KI index stage 1"
[1] NA
[1] "dim of trainm is "
[1]   130 22283
[1]   130 22283
[1] "maxnum is "
[1] 3
[1] "# of genes left after filtering:"
[1]   130 22283
[1] "f.test"
[1] "Method name: f.test"
[1]   130 22283
nci_y
 1  2 
33 97 
learningset mode:  CV 
number of learningsets:  10 
(maximum) number of observations per learning set:  117 
[1] "one-vs-all"
GeneSelection: iteration 1 
GeneSelection: iteration 2 
GeneSelection: iteration 3 
GeneSelection: iteration 4 
GeneSelection: iteration 5 
GeneSelection: iteration 6 
GeneSelection: iteration 7 
GeneSelection: iteration 8 
GeneSelection: iteration 9 
GeneSelection: iteration 10 
[1] 16
[1] "varselmethod"
[1] "none"
[1] 16
[1] "Method: f.test"
[1] 16
[1] "dim of scoring matrix is "
[1] 22283     1
    Min.  1st Qu.   Median     Mean  3rd Qu.     Max. 
0.000000 0.000000 0.000000 0.000718 0.000000 1.000000 
[1] 16
[1] 22283
[1] "DS index stage 1"
[1] NA
[1] "bestgenelist"
 [1]  1036  1083  3155  4349  4352  4752  4874  5927  8206  8667  9093  9279
[13] 13543 15240 15464 18415
     201508_at 201555_at 203628_at 204822_at 204825_at 205225_at 205347_s_at
[1,]   10.8379    9.9323   10.7755    7.2891    8.9393   13.0759      7.7184
[2,]    8.8812    9.5628    9.8410    6.4251    7.7652   13.7616      7.0526
[3,]   12.8232   10.3905    9.4169    8.4023    9.9136   12.7360      7.7606
     206401_s_at 208711_s_at 209173_at 209603_at 209791_at 214164_x_at
[1,]      9.9796     10.5924   12.9392   10.5793    8.1878     12.6474
[2,]      9.9498     10.7580   14.1501   10.5772    8.3732     11.7852
[3,]      6.0807     10.3026   14.5585   11.1181   10.3116     12.7464
     215867_x_at 216092_s_at 219051_x_at
[1,]     12.6194     10.4159      8.5236
[2,]     11.5534      9.7648      8.9626
[3,]     12.7285      8.3641     10.7458
     201508_at 201555_at 203628_at 204822_at 204825_at 205225_at 205347_s_at
[1,]   10.2358    9.9499    9.4326    7.3928    7.9851   13.8754      8.3232
[2,]   10.4887    9.6616    9.8046    6.1670    5.2744   11.7217      7.4873
[3,]    9.3978    9.4638    7.9079    6.6156    5.9481   10.9960      8.2573
     206401_s_at 208711_s_at 209173_at 209603_at 209791_at 214164_x_at
[1,]     10.6463      9.9668   13.2041   11.9790    9.2513     12.7392
[2,]      8.2532      8.8669   11.3631   10.8744    9.8296     10.9092
[3,]      7.4477      9.1992   11.1800    8.0211    9.2347     10.6696
     215867_x_at 216092_s_at 219051_x_at
[1,]     12.5744     10.6963      9.5138
[2,]     11.0575      9.3780      5.3641
[3,]     11.0769      9.3840      7.1097
[1] "numgenes selected:16"
[1] "test acc:0.73"
[1] "test AUC acc:0.703921568627451"
[1] "10 fold train82.3076923076923"
[1] "confusion matrix train 10 fold"
          nci_y
pred10fold  1  2
         1 27  6
         2  6 91
[1] "confusion matrix test"
         test_y
pred_test  1  2
        1 10 22
        2  5 63
[1] "train acc:0.907692307692308"
[1] "confusion matrix train"
          nci_y
pred_train  1  2
         1 27  6
         2  6 91
[1] "DS index stage 1"
[1] NA
[1] "KI index stage 1"
[1] NA
There were 32 warnings (use warnings() to see them)
> #1
> CMAres<-performCMA(trainm, trainclass, testm, testclass,outloc,
+ maxnum=as.numeric(args[10]),
+ minnum=3,
+ stepitr=1,
+ gsmethods=c("limma","lasso","rfe","elasticnet", "f.test"), #"lasso","elasticnet","kruskal.test"), #"f.test", "f.test", "elasticnet", "wilcox.test", "welch.test"),
+ pct_train=0.40,
+ accuracyweight=1,
+ featweight=0.06,
+ minpresent=1,
+ kname="radial",
+ norm_method="none",
+ tolerance=0.5,
+ maxitrs=5,
+ classindex=1,
+ numfacts=0,
+ evalmethod="CV",
+ numfolds=10,
+ CVfoldthresh=0.7,
+ varselmethod=args[11],
+ scheme_val="one-vs-all",
+ iter_learn=1,boostweight=rep(0,dim(trainm)[2]))
[1] "dim of trainm is "
[1]   130 22283
[1]   130 22283
[1] "maxnum is "
[1] 3
[1] "# of genes left after filtering:"
[1]   130 22283
[1] "limma"      "lasso"      "rfe"        "elasticnet" "f.test"    
[1] "Method name: limma"
[1]   130 22283
nci_y
 1  2 
33 97 
learningset mode:  CV 
number of learningsets:  10 
(maximum) number of observations per learning set:  117 
[1] "one-vs-all"
GeneSelection: iteration 1 
GeneSelection: iteration 2 
GeneSelection: iteration 3 
GeneSelection: iteration 4 
GeneSelection: iteration 5 
GeneSelection: iteration 6 
GeneSelection: iteration 7 
GeneSelection: iteration 8 
GeneSelection: iteration 9 
GeneSelection: iteration 10 
[1] 13
[1] "varselmethod"
[1] "none"
[1] 13
[1] "Method: limma"
[1] 13
[1] "Method name: lasso"
[1]   130 22283
nci_y
 1  2 
33 97 
learningset mode:  CV 
number of learningsets:  10 
(maximum) number of observations per learning set:  117 
[1] "one-vs-all"
GeneSelection: iteration 1 
GeneSelection: iteration 2 
GeneSelection: iteration 3 
GeneSelection: iteration 4 
GeneSelection: iteration 5 
GeneSelection: iteration 6 
GeneSelection: iteration 7 
GeneSelection: iteration 8 
GeneSelection: iteration 9 
GeneSelection: iteration 10 
genelist
 1083 15464  2211  2667  8166 18226  1326  3155  4208  4349 11253 11968 
    9     5     3     3     2     2     1     1     1     1     1     1 
[1] 12
[1] "varselmethod"
[1] "none"
[1] 12
[1] "Method: lasso"
[1] 12
[1] "Method name: rfe"
[1]   130 22283
nci_y
 1  2 
33 97 
learningset mode:  CV 
number of learningsets:  10 
(maximum) number of observations per learning set:  117 
[1] "one-vs-all"
GeneSelection: iteration 1 
GeneSelection: iteration 2 
GeneSelection: iteration 3 
GeneSelection: iteration 4 
GeneSelection: iteration 5 
GeneSelection: iteration 6 
GeneSelection: iteration 7 
GeneSelection: iteration 8 
GeneSelection: iteration 9 
GeneSelection: iteration 10 
[1] 13
[1] "varselmethod"
[1] "none"
[1] 13
[1] "Method: rfe"
[1] 13
[1] "Method name: elasticnet"
[1]   130 22283
nci_y
 1  2 
33 97 
learningset mode:  CV 
number of learningsets:  10 
(maximum) number of observations per learning set:  117 
[1] "one-vs-all"
GeneSelection: iteration 1 
GeneSelection: iteration 2 
GeneSelection: iteration 3 
GeneSelection: iteration 4 
GeneSelection: iteration 5 
GeneSelection: iteration 6 
GeneSelection: iteration 7 
GeneSelection: iteration 8 
GeneSelection: iteration 9 
GeneSelection: iteration 10 
[1] 13
[1] "varselmethod"
[1] "none"
[1] 13
[1] "Method: elasticnet"
[1] 13
[1] "Method name: f.test"
[1]   130 22283
nci_y
 1  2 
33 97 
learningset mode:  CV 
number of learningsets:  10 
(maximum) number of observations per learning set:  117 
[1] "one-vs-all"
GeneSelection: iteration 1 
GeneSelection: iteration 2 
GeneSelection: iteration 3 
GeneSelection: iteration 4 
GeneSelection: iteration 5 
GeneSelection: iteration 6 
GeneSelection: iteration 7 
GeneSelection: iteration 8 
GeneSelection: iteration 9 
GeneSelection: iteration 10 
[1] 16
[1] "varselmethod"
[1] "none"
[1] 16
[1] "Method: f.test"
[1] 16
[1] "dim of scoring matrix is "
[1] 22283     5
    Min.  1st Qu.   Median     Mean  3rd Qu.     Max. 
0.000000 0.000000 0.000000 0.003007 0.000000 4.000000 
[1] 37
[1] 22283
[1] "DS index stage 1"
[1] 0.3163486
[1] "bestgenelist"
 [1]  1036  1083  1326  1732  2211  2667  3155  4208  4349  4352  4752  4756
[13]  4874  5005  5240  5278  5917  5927  8080  8166  8206  8388  8667  9052
[25]  9093  9279 11253 11729 11968 12153 13543 13990 15240 15464 18220 18226
[37] 18415
     201508_at 201555_at 201798_s_at 202204_s_at 202683_s_at 203139_at
[1,]   10.8379    9.9323     11.6423      9.4116      8.8393    9.7965
[2,]    8.8812    9.5628     10.3129      9.5340      8.4030    8.3696
[3,]   12.8232   10.3905     11.6751      8.9780      8.3998    9.0933
     203628_at 204681_s_at 204822_at 204825_at 205225_at 205229_s_at
[1,]   10.7755      7.5046    7.2891    8.9393   13.0759      6.8695
[2,]    9.8410      8.7229    6.4251    7.7652   13.7616      5.4533
[3,]    9.4169      6.9584    8.4023    9.9136   12.7360      6.2767
     205347_s_at 205478_at 205713_s_at 205751_at 206391_at 206401_s_at
[1,]      7.7184    7.9799     10.0607    5.3569    3.4701      9.9796
[2,]      7.0526    6.0596      5.6228    3.7733    3.0224      9.9498
[3,]      7.7606    5.5057      6.8404    2.5009    5.6946      6.0807
     208582_s_at 208670_s_at 208711_s_at 208893_s_at 209173_at 209560_s_at
[1,]      4.6231      8.6539     10.5924      4.0949   12.9392      7.8880
[2,]      2.7015      9.5953     10.7580      9.2703   14.1501      5.8444
[3,]      3.2545      9.8134     10.3026      3.9487   14.5585      7.3689
     209603_at 209791_at 211864_s_at 212344_at 212583_at 212768_s_at
[1,]   10.5793    8.1878     10.7931    9.2335    6.8476      5.1801
[2,]   10.5772    8.3732      9.0349    7.4051    6.8369      1.3965
[3,]   11.1181   10.3116     10.4934    8.4941    7.3452      5.2458
     214164_x_at 214612_x_at 215867_x_at 216092_s_at 218856_at 218862_at
[1,]     12.6474      6.0516     12.6194     10.4159    6.2115    9.8843
[2,]     11.7852      5.7915     11.5534      9.7648    8.8050   10.0105
[3,]     12.7464      3.4135     12.7285      8.3641    9.9478    9.0597
     219051_x_at
[1,]      8.5236
[2,]      8.9626
[3,]     10.7458
     201508_at 201555_at 201798_s_at 202204_s_at 202683_s_at 203139_at
[1,]   10.2358    9.9499     10.8345      9.4123      8.8732    8.8140
[2,]   10.4887    9.6616     11.4169      9.0879      8.5511    8.7652
[3,]    9.3978    9.4638     10.0144      9.0964      8.5826    9.4426
     203628_at 204681_s_at 204822_at 204825_at 205225_at 205229_s_at
[1,]    9.4326      8.7098    7.3928    7.9851   13.8754      5.2668
[2,]    9.8046      8.1223    6.1670    5.2744   11.7217      7.1769
[3,]    7.9079      7.5006    6.6156    5.9481   10.9960      6.9284
     205347_s_at 205478_at 205713_s_at 205751_at 206391_at 206401_s_at
[1,]      8.3232    4.8386      5.2933    5.4450    3.5486     10.6463
[2,]      7.4873   11.9784      4.3142    6.3482    8.0025      8.2532
[3,]      8.2573   12.5884      4.5240    6.0619    7.6557      7.4477
     208582_s_at 208670_s_at 208711_s_at 208893_s_at 209173_at 209560_s_at
[1,]      3.5125      8.8319      9.9668      7.6049   13.2041      7.6698
[2,]      2.8295      9.8519      8.8669      8.9154   11.3631     11.5012
[3,]      3.4439      9.3521      9.1992      9.1121   11.1800      7.7658
     209603_at 209791_at 211864_s_at 212344_at 212583_at 212768_s_at
[1,]   11.9790    9.2513      9.2348   11.6005    7.5912      1.8475
[2,]   10.8744    9.8296     10.1938    8.1512    7.5112      3.5364
[3,]    8.0211    9.2347      8.4931    8.0329    4.6920      4.6780
     214164_x_at 214612_x_at 215867_x_at 216092_s_at 218856_at 218862_at
[1,]     12.7392      6.2012     12.5744     10.6963    6.8392   10.4625
[2,]     10.9092      7.0485     11.0575      9.3780   10.2503    9.8143
[3,]     10.6696      5.5564     11.0769      9.3840   10.6432    9.3484
     219051_x_at
[1,]      9.5138
[2,]      5.3641
[3,]      7.1097
[1] "numgenes selected:37"
[1] "test acc:0.78"
[1] "test AUC acc:0.67843137254902"
[1] "10 fold train92.3076923076923"
[1] "confusion matrix train 10 fold"
          nci_y
pred10fold  1  2
         1 33  1
         2  0 96
[1] "confusion matrix test"
         test_y
pred_test  1  2
        1  8 15
        2  7 70
[1] "train acc:0.992307692307692"
[1] "confusion matrix train"
          nci_y
pred_train  1  2
         1 33  1
         2  0 96
[1] "DS index stage 1"
[1] 0.3163486
[1] "KI index stage 1"
[1] 1.433392
Warning messages:
1: In if (is.na(boostweight) == TRUE) { :
  the condition has length > 1 and only the first element will be used
2: In if (is.na(testm) == TRUE) { :
  the condition has length > 1 and only the first element will be used
3: In if (is.na(testclass) == TRUE) { :
  the condition has length > 1 and only the first element will be used
> 
> cma_feat_list<-colnames(trainm)
> 
> save(CMAres,file="CMAres.Rda")
> write.table(cma_feat_list,file="selected_cma_feat_list.txt",sep="t",row.names=FALSE)
> 
> # modtraindata=modtrain, modtestdata=modtest, blindtest=testacc, modtrainclass=nci_y, modtestclass=test_y
> #if(FALSE)
> {
+ trainm<-CMAres$modtraindata
+ testm<-CMAres$modtestdata
+ trainclass<-CMAres$modtrainclass
+ testclass<-CMAres$modtestclass
+ learningsets<-CMAres$learningsets
+ }
> 
> if(FALSE)
+ {
+ trainclass<-trainm[,1] #CMAres$modtrainclass
+ testclass<-testm[,1] #CMAres$modtestclass
+ trainm<-trainm[,-c(1)] #CMAres$modtrainmata
+ testm<-testm[,-c(1)] #CMAres$modtestmata
+ 
+ }
> 
> d_dim<-dim(trainm)
> 
> print("Original dimension")
[1] "Original dimension"
> print(d_dim)
[1] 130  37
> 
> system.time(psores<-run_pso(outloc=outloc,trainm,trainclass,testm,testclass,transition_matrix,c1=2.05,
+ c2=2.05,
+ itr=10,
+ globalpso_maxitr=10,
+ global_max_itr=5,
+ num_part=20,
+ kname="radial",
+ errortype="BER",
+ weightA<-as.numeric(args[1]),
+ weightB<-as.numeric(args[2]),
+ weightC<-as.numeric(args[3]),
+ weightD<-as.numeric(args[4]),
+ featweight.max=0.01,
+ featweight.min=0.01,
+ numfolds=10,
+ followerprob=as.numeric(args[6]),
+ confusionprob=as.numeric(args[7]),
+ leaderprob=as.numeric(args[8]),
+ wmax=1,
+ wmin=1,
+ behavior_reset_itr=5,
+ maxitrreset=10,
+ num_neighbors=3,
+ minselect.pct=0.5,
+ evalMode="CV2",
+ minfitnessthresh=50,
+ maxnum=as.numeric(args[10]),minnum=3,inertia_method=args[5],particlebehav_method="randbased",constriction_factor=1,
+ select.global.best=TRUE,numnodes=4,evalFunc=eval_fit_kfold_diff,itr.terminate=FALSE,train.pct=0.8))
[1] "c1: 2.05"
[1] "c2: 2.05"
[1] "itr: 10"
[1] "globalpso_maxitr: 10"
[1] "global_max_itr: 5"
[1] "num_part: 20"
[1] "kname: radial"
[1] "errortype: BER"
[1] "weightA: 0.7"
[1] "weightB: 0.2"
[1] "weightC: 0.05"
[1] "weightD: 0.05"
[1] "featweight.max: 0.01"
[1] "featweight.min: 0.01"
[1] "numfolds: 10"
[1] "followerprob: 0.45"
[1] "confusionprob: 0.2"
[1] "leaderprob: 0.25"
[1] "wmax: 1"
[1] "wmin: 1"
[1] "behavior_reset_itr: 5"
[1] "maxitrreset: 10"
[1] "num_neighbors: 3"
[1] "minselect.pct: 0.5"
[1] "minfitnessthresh: 50"
[1] "maxnum: 3"
[1] "minnum: 3"
[1] "inertia_method: global"
[1] "particlebehav_method: randbased"
[1] "constriction_factor: 1"
[1] "select.global.best: TRUE"
[1] "train 10 fold"
[1] 92.30769
[1] "here"
[1] "s"
[1] 104
[1] 130  37
[1] 10
[1] "learning sets: 1"
  [1] 110 106  24 109  32  30  33 120 103  74  41  93  54   8  91  14  31  22
 [19]  15  29  89  66  78  43  17  46  67  49 125  58 112  36 130  92 101 123
 [37] 115  65  52  25  40  85  42 126  63 116  48 118  69   1  20   2  50  96
 [55]  73  60  68  87 102  59  82  75 114 113  16   5  34  13 111  39  28  86
 [73]  44  95  51 105  10 121  21 100  72  11  47  38  53 108  61   4 104  18
 [91]  55  64  70 124  79 122   7  77  84 127  81 107   6  71
[1] "Starting global iteration number : 1"
[1] "iteration number: "
[1] 1
[1] "Best fitness updated to:"
[1] -39.53201
[1] "Best solution:"
 [1] NA NA NA NA NA NA NA NA NA NA NA NA NA NA NA NA NA NA NA NA NA NA NA NA NA
[26] NA NA NA NA NA NA NA NA NA NA NA NA
[1] 0
[1] "iteration number: "
[1] 2
[1] "Best fitness updated to:"
[1] -42.31515
[1] "Best solution:"
 [1] 1 1 1 1 1 0 0 1 0 0 0 0 0 0 0 1 0 1 0 1 0 1 1 1 0 0 1 0 0 0 0 1 1 0 1 0 0
[1] 16
[1] "iteration number: "
[1] 3
[1] "Best fitness updated to:"
[1] -42.58188
[1] "Best solution:"
 [1] 1 1 1 1 1 0 0 1 0 0 0 0 0 0 0 1 0 1 0 1 0 1 1 1 1 0 1 0 0 0 0 1 1 1 1 1 0
[1] 19
[1] "iteration number: "
[1] 4
[1] "Best fitness updated to:"
[1] -43.26161
[1] "Best solution:"
 [1] 1 1 1 1 1 0 1 1 0 0 0 0 0 0 0 1 0 1 0 1 0 1 1 1 1 0 1 1 0 0 1 1 1 1 1 1 0
[1] 22
[1] "iteration number: "
[1] 5
[1] "Best fitness updated to:"
[1] -44.74171
[1] "Best solution:"
 [1] 1 1 0 1 1 0 0 1 0 0 0 1 0 0 0 1 0 1 0 1 0 1 1 1 1 0 1 0 1 0 0 0 1 1 1 1 0
[1] 19
[1] "iteration number: "
[1] 6
[1] "iteration number: "
[1] 7
[1] "iteration number: "
[1] 8
[1] "iteration number: "
[1] 9
[1] "Best fitness updated to:"
[1] -46.89819
[1] "Best solution:"
 [1] 1 1 0 1 1 0 0 1 0 0 0 0 0 0 0 1 0 1 1 0 0 1 1 1 1 0 1 0 1 0 0 1 1 1 1 0 0
[1] 18
[1] "iteration number: "
[1] 10
[1] "iteration number: "
[1] 11
[1] "iteration number: "
[1] 12
[1] "iteration number: "
[1] 13
[1] "iteration number: "
[1] 14
[1] "iteration number: "
[1] 15
[1] "iteration number: "
[1] 16
[1] "iteration number: "
[1] 17
[1] "Best fitness updated to:"
[1] -46.91285
[1] "Best solution:"
 [1] 1 1 1 1 1 0 0 1 0 0 0 0 0 0 0 1 0 1 0 1 0 1 1 1 1 0 1 0 1 0 0 1 1 1 1 0 0
[1] 19
[1] "iteration number: "
[1] 18
[1] "iteration number: "
[1] 19
[1] "iteration number: "
[1] 20
[1] "iteration number: "
[1] 21
[1] "iteration number: "
[1] 22
[1] "Best fitness updated to:"
[1] -47.46586
[1] "Best solution:"
 [1] 1 1 1 1 1 0 1 1 0 0 0 0 0 0 1 1 0 1 0 0 1 1 1 1 1 0 1 0 1 0 0 1 0 1 1 0 0
[1] 20
[1] "iteration number: "
[1] 23
[1] "Best fitness updated to:"
[1] -47.76024
[1] "Best solution:"
 [1] 1 1 1 1 1 0 0 1 0 0 0 0 0 0 0 1 0 1 0 1 0 1 1 1 1 0 1 0 1 0 0 1 0 1 1 0 0
[1] 18
[1] "iteration number: "
[1] 24
[1] "iteration number: "
[1] 25
[1] "iteration number: "
[1] 26
[1] "iteration number: "
[1] 27
[1] "Best fitness updated to:"
[1] -47.86323
[1] "Best solution:"
 [1] 1 1 1 1 1 0 0 1 0 0 0 0 0 1 0 1 0 1 0 1 0 1 1 1 1 0 1 0 1 0 0 1 0 1 1 0 0
[1] 19
[1] "iteration number: "
[1] 28
[1] "iteration number: "
[1] 29
[1] "iteration number: "
[1] 30
[1] "iteration number: "
[1] 31
[1] "iteration number: "
[1] 32
[1] "iteration number: "
[1] 33
[1] "iteration number: "
[1] 34
[1] "iteration number: "
[1] 35
[1] "iteration number: "
[1] 36
[1] "Best fitness updated to:"
[1] -49.23559
[1] "Best solution:"
 [1] 1 1 1 1 1 0 0 1 1 0 0 0 0 1 0 1 1 1 0 1 0 1 1 1 1 0 1 0 1 0 0 1 0 1 1 1 0
[1] 22
[1] "iteration number: "
[1] 37
[1] "iteration number: "
[1] 38
[1] "iteration number: "
[1] 39
[1] "iteration number: "
[1] 40
[1] "iteration number: "
[1] 41
[1] "iteration number: "
[1] 42
[1] "iteration number: "
[1] 43
[1] "iteration number: "
[1] 44
[1] "iteration number: "
[1] 45
[1] "iteration number: "
[1] 46
[1] "iteration number: "
[1] 47
[1] "RE-INITIALIZING..."
[1] 1
[1] 5
[1] 36
 [1] 2 3 3 2 4 3 3 2 4 2 3 2 3 2 3 4 1 3 1 2
[1] "iteration number: "
[1] 48
[1] "Best fitness updated to:"
[1] -51.49106
[1] "Best solution:"
 [1] 1 1 1 1 1 0 0 1 1 0 1 1 0 1 0 1 0 1 0 1 0 1 0 0 1 0 0 0 1 0 0 1 0 0 1 1 0
[1] 19
[1] "iteration number: "
[1] 49
[1] "iteration number: "
[1] 50
[1] "iteration number: "
[1] 51
[1] "iteration number: "
[1] 52
[1] "iteration number: "
[1] 53
[1] "iteration number: "
[1] 54
[1] "iteration number: "
[1] 55
[1] "iteration number: "
[1] 56
[1] "iteration number: "
[1] 57
[1] "Best fitness updated to:"
[1] -51.65004
[1] "Best solution:"
 [1] 0 1 1 1 1 0 0 1 1 0 0 0 0 1 0 1 0 1 1 1 0 1 0 1 1 0 1 0 1 0 0 1 0 1 1 0 0
[1] 19
[1] "iteration number: "
[1] 58
[1] "iteration number: "
[1] 59
[1] "iteration number: "
[1] 60
[1] "iteration number: "
[1] 61
[1] "iteration number: "
[1] 62
[1] "iteration number: "
[1] 63
[1] "iteration number: "
[1] 64
[1] "iteration number: "
[1] 65
[1] "iteration number: "
[1] 66
[1] "iteration number: "
[1] 67
[1] "iteration number: "
[1] 68
[1] "RE-INITIALIZING..."
[1] 1
[1] 5
[1] 36
 [1] 2 3 3 2 4 3 3 2 4 2 3 2 3 2 3 4 1 3 1 2
[1] "iteration number: "
[1] 69
[1] "iteration number: "
[1] 70
[1] "iteration number: "
[1] 71
[1] "iteration number: "
[1] 72
[1] "iteration number: "
[1] 73
[1] "iteration number: "
[1] 74
[1] "iteration number: "
[1] 75
[1] "iteration number: "
[1] 76
[1] "iteration number: "
[1] 77
[1] "iteration number: "
[1] 78
[1] "iteration number: "
[1] 79
[1] "RE-INITIALIZING..."
[1] 2
[1] 5
[1] 36
 [1] 2 3 3 2 4 3 3 2 4 2 3 2 3 2 3 4 1 3 1 2
[1] "iteration number: "
[1] 80
[1] "iteration number: "
[1] 81
[1] "iteration number: "
[1] 82
[1] "iteration number: "
[1] 83
[1] "iteration number: "
[1] 84
[1] "iteration number: "
[1] 85
[1] "iteration number: "
[1] 86
[1] "iteration number: "
[1] 87
[1] "iteration number: "
[1] 88
[1] "iteration number: "
[1] 89
[1] "iteration number: "
[1] 90
[1] "RE-INITIALIZING..."
[1] 3
[1] 5
[1] 36
 [1] 2 3 3 2 4 3 3 2 4 2 3 2 3 2 3 4 1 3 1 2
[1] "iteration number: "
[1] 91
[1] "Best fitness updated to:"
[1] -51.7724
[1] "Best solution:"
 [1] 0 1 1 1 1 0 0 1 0 0 0 0 0 1 0 1 0 1 1 1 0 1 1 1 1 0 1 0 1 0 0 1 0 1 1 0 0
[1] 19
[1] "iteration number: "
[1] 92
[1] "iteration number: "
[1] 93
[1] "iteration number: "
[1] 94
[1] "iteration number: "
[1] 95
[1] "iteration number: "
[1] 96
[1] "iteration number: "
[1] 97
[1] "iteration number: "
[1] 98
[1] "iteration number: "
[1] 99
[1] "iteration number: "
[1] 100
[1] "iteration number: "
[1] 101
[1] "iteration number: "
[1] 102
[1] "RE-INITIALIZING..."
[1] 1
[1] 5
[1] 36
 [1] 2 3 3 2 4 3 3 2 4 2 3 2 3 2 3 4 1 3 1 2
[1] "iteration number: "
[1] 103
[1] "iteration number: "
[1] 104
[1] "iteration number: "
[1] 105
[1] "iteration number: "
[1] 106
[1] "iteration number: "
[1] 107
[1] "iteration number: "
[1] 108
[1] "iteration number: "
[1] 109
[1] "iteration number: "
[1] 110
[1] "iteration number: "
[1] 111
[1] "iteration number: "
[1] 112
[1] "iteration number: "
[1] 113
[1] "RE-INITIALIZING..."
[1] 2
[1] 5
[1] 36
 [1] 2 3 3 2 4 3 3 2 4 2 3 2 3 2 3 4 1 3 1 2
[1] "iteration number: "
[1] 114
[1] "iteration number: "
[1] 115
[1] "iteration number: "
[1] 116
[1] "iteration number: "
[1] 117
[1] "iteration number: "
[1] 118
[1] "iteration number: "
[1] 119
[1] "iteration number: "
[1] 120
[1] "iteration number: "
[1] 121
[1] "iteration number: "
[1] 122
[1] "iteration number: "
[1] 123
[1] "iteration number: "
[1] 124
[1] "RE-INITIALIZING..."
[1] 3
[1] 5
[1] 36
 [1] 2 3 3 2 4 3 3 2 4 2 3 2 3 2 3 4 1 3 1 2
[1] "iteration number: "
[1] 125
[1] "iteration number: "
[1] 126
[1] "iteration number: "
[1] 127
[1] "iteration number: "
[1] 128
[1] "iteration number: "
[1] 129
[1] "iteration number: "
[1] 130
[1] "iteration number: "
[1] 131
[1] "iteration number: "
[1] 132
[1] "iteration number: "
[1] 133
[1] "iteration number: "
[1] 134
[1] "iteration number: "
[1] 135
[1] "RE-INITIALIZING..."
[1] 4
[1] 5
[1] 36
 [1] 2 3 3 2 4 3 3 2 4 2 3 2 3 2 3 4 1 3 1 2
[1] "iteration number: "
[1] 136
[1] "iteration number: "
[1] 137
[1] "iteration number: "
[1] 138
[1] "iteration number: "
[1] 139
[1] "iteration number: "
[1] 140
[1] "iteration number: "
[1] 141
[1] "iteration number: "
[1] 142
[1] "iteration number: "
[1] 143
[1] "iteration number: "
[1] 144
[1] "iteration number: "
[1] 145
[1] "iteration number: "
[1] 146
[1] "RE-INITIALIZING..."
[1] 5
[1] 5
[1] 36
 [1] 2 3 3 2 4 3 3 2 4 2 3 2 3 2 3 4 1 3 1 2
[1] "iteration number: "
[1] 147
[1] "iteration number: "
[1] 148
[1] "iteration number: "
[1] 149
[1] "iteration number: "
[1] 150
[1] "iteration number: "
[1] 151
[1] "iteration number: "
[1] 152
[1] "iteration number: "
[1] 153
[1] "iteration number: "
[1] 154
[1] "iteration number: "
[1] 155
[1] "iteration number: "
[1] 156
[1] "iteration number: "
[1] 157
[1] "RE-INITIALIZING..."
[1] 6
[1] 5
[1] 36
[1] "No change for 6 iterations. Exiting PSO."
 [1]  2  3  4  5  8 14 16 18 19 20 22 23 24 27 29 32 34 35
[1] 1
[1] "##################################"
[1] "Results summary for itr:1"
[1] "number of features selected using population mean"
[1] 18
[1] "number of features selected using current global best"
[1] 18
[1] "feat ind length"
[1] 18
[1] "best accuracy"
[1] 51.7724
[1] "test acc:0.923076923076923"
[1] "##################################"
[1] "learning sets: 2"
  [1] 120  41  14  56  22  74  66  93  54  31  91   8  43  90  46  15  24 110
 [19]  33 106   9  99  12  78  98  32  51   5  37  62  58  34 129 104  23  48
 [37]  75  39   2  18  52  27 119 117  82  36  77 116  79   3 111  38  95  70
 [55]  20  13 112  87  49  21  28  57 114  40 101 122 100  84  86  10 123  67
 [73]   6 113  44  61  68  85 118  97   7  71  45  16  47  19   4  76  53 128
 [91]  88  11  35  59  25 130  60  96  65  42  64  94 124  69
[1] "Starting global iteration number : 2"
[1] "iteration number: "
[1] 1
[1] "Best fitness updated to:"
[1] -36.60364
[1] "Best solution:"
 [1] NA NA NA NA NA NA NA NA NA NA NA NA NA NA NA NA NA NA NA NA NA NA NA NA NA
[26] NA NA NA NA NA NA NA NA NA NA NA NA
[1] 0
[1] "iteration number: "
[1] 2
[1] "Best fitness updated to:"
[1] -42.05078
[1] "Best solution:"
 [1] 1 1 1 1 1 0 0 1 0 0 0 0 0 0 0 1 0 1 0 1 0 1 1 1 0 0 1 0 0 0 0 1 1 0 1 0 0
[1] 16
[1] "iteration number: "
[1] 3
[1] "iteration number: "
[1] 4
[1] "Best fitness updated to:"
[1] -42.09878
[1] "Best solution:"
 [1] 0 1 0 0 1 1 1 1 0 0 1 0 0 0 1 1 0 1 0 0 1 0 1 0 1 0 1 0 1 1 0 0 0 1 0 0 1
[1] 17
[1] "iteration number: "
[1] 5
[1] "Best fitness updated to:"
[1] -43.96721
[1] "Best solution:"
 [1] 1 0 1 0 1 0 1 1 1 1 0 0 0 1 1 0 0 0 1 1 1 1 1 0 1 0 1 1 1 1 0 0 1 1 0 1 1
[1] 23
[1] "iteration number: "
[1] 6
[1] "iteration number: "
[1] 7
[1] "iteration number: "
[1] 8
[1] "iteration number: "
[1] 9
[1] "Best fitness updated to:"
[1] -44.48195
[1] "Best solution:"
 [1] 1 0 0 1 1 1 1 1 1 1 1 0 0 1 1 1 1 1 1 1 1 1 1 0 1 1 1 0 1 1 0 0 0 1 1 1 1
[1] 28
[1] "iteration number: "
[1] 10
[1] "iteration number: "
[1] 11
[1] "iteration number: "
[1] 12
[1] "Best fitness updated to:"
[1] -46.82589
[1] "Best solution:"
 [1] 0 1 1 0 1 1 1 1 0 1 1 0 0 1 1 0 1 1 1 1 1 1 1 0 1 0 1 0 1 1 0 0 1 1 1 1 1
[1] 26
[1] "iteration number: "
[1] 13
[1] "iteration number: "
[1] 14
[1] "iteration number: "
[1] 15
[1] "iteration number: "
[1] 16
[1] "Best fitness updated to:"
[1] -47.31032
[1] "Best solution:"
 [1] 1 0 1 1 1 1 1 1 1 1 1 0 0 1 1 0 1 1 1 1 1 1 1 0 1 0 1 0 1 1 0 0 0 1 1 1 1
[1] 27
[1] "iteration number: "
[1] 17
[1] "iteration number: "
[1] 18
[1] "iteration number: "
[1] 19
[1] "iteration number: "
[1] 20
[1] "iteration number: "
[1] 21
[1] "iteration number: "
[1] 22
[1] "iteration number: "
[1] 23
[1] "iteration number: "
[1] 24
[1] "iteration number: "
[1] 25
[1] "iteration number: "
[1] 26
[1] "iteration number: "
[1] 27
[1] "RE-INITIALIZING..."
[1] 1
[1] 5
[1] 37
 [1] 2 3 3 2 4 3 3 2 4 2 3 2 3 2 3 4 1 3 1 2
[1] "iteration number: "
[1] 28
[1] "iteration number: "
[1] 29
[1] "iteration number: "
[1] 30
[1] "iteration number: "
[1] 31
[1] "iteration number: "
[1] 32
[1] "iteration number: "
[1] 33
[1] "iteration number: "
[1] 34
[1] "iteration number: "
[1] 35
[1] "iteration number: "
[1] 36
[1] "iteration number: "
[1] 37
[1] "iteration number: "
[1] 38
[1] "RE-INITIALIZING..."
[1] 2
[1] 5
[1] 37
 [1] 2 3 3 2 4 3 3 2 4 2 3 2 3 2 3 4 1 3 1 2
[1] "iteration number: "
[1] 39
[1] "iteration number: "
[1] 40
[1] "iteration number: "
[1] 41
[1] "iteration number: "
[1] 42
[1] "iteration number: "
[1] 43
[1] "iteration number: "
[1] 44
[1] "iteration number: "
[1] 45
[1] "iteration number: "
[1] 46
[1] "iteration number: "
[1] 47
[1] "iteration number: "
[1] 48
[1] "iteration number: "
[1] 49
[1] "RE-INITIALIZING..."
[1] 3
[1] 5
[1] 35
 [1] 2 3 3 2 4 3 3 2 4 2 3 2 3 2 3 4 1 3 1 2
[1] "iteration number: "
[1] 50
[1] "iteration number: "
[1] 51
[1] "iteration number: "
[1] 52
[1] "iteration number: "
[1] 53
[1] "iteration number: "
[1] 54
[1] "iteration number: "
[1] 55
[1] "iteration number: "
[1] 56
[1] "iteration number: "
[1] 57
[1] "iteration number: "
[1] 58
[1] "iteration number: "
[1] 59
[1] "iteration number: "
[1] 60
[1] "RE-INITIALIZING..."
[1] 4
[1] 5
[1] 35
 [1] 2 3 3 2 4 3 3 2 4 2 3 2 3 2 3 4 1 3 1 2
[1] "iteration number: "
[1] 61
[1] "iteration number: "
[1] 62
[1] "iteration number: "
[1] 63
[1] "iteration number: "
[1] 64
[1] "iteration number: "
[1] 65
[1] "iteration number: "
[1] 66
[1] "iteration number: "
[1] 67
[1] "iteration number: "
[1] 68
[1] "iteration number: "
[1] 69
[1] "iteration number: "
[1] 70
[1] "iteration number: "
[1] 71
[1] "RE-INITIALIZING..."
[1] 5
[1] 5
[1] 35
 [1] 2 3 3 2 4 3 3 2 4 2 3 2 3 2 3 4 1 3 1 2
[1] "iteration number: "
[1] 72
[1] "iteration number: "
[1] 73
[1] "iteration number: "
[1] 74
[1] "iteration number: "
[1] 75
[1] "iteration number: "
[1] 76
[1] "iteration number: "
[1] 77
[1] "iteration number: "
[1] 78
[1] "iteration number: "
[1] 79
[1] "iteration number: "
[1] 80
[1] "iteration number: "
[1] 81
[1] "iteration number: "
[1] 82
[1] "RE-INITIALIZING..."
[1] 6
[1] 5
[1] 35
[1] "No change for 6 iterations. Exiting PSO."
 [1]  2  3  5  6  7  8  9 10 11 14 15 17 18 19 20 21 22 23 25 27 29 30 33 34 35
[26] 36
[1] 2
[1] "##################################"
[1] "Results summary for itr:2"
[1] "number of features selected using population mean"
[1] 26
[1] "number of features selected using current global best"
[1] 26
[1] "feat ind length"
[1] 26
[1] "best accuracy"
[1] 47.31032
[1] "test acc:1"
[1] "##################################"
[1] "learning sets: 3"
  [1]   8  14  78 109 110  24  29  56   9  91  46  12  89  90  54  66  99  74
 [19]  98  17 120  32  31  93 103  30  40  45  88 102  36   6   7 105 129 111
 [37] 112 119  58  73 108  50  81  76 127  82  92 101  35 117  57 113  69  13
 [55]  20 125  10  96  47  18 130   1 115  68  75  71  87  60  72  86  42 104
 [73]  63   4  64  95  26  94  77  85  23  70  21  37  49 128   3 126  65  61
 [91] 118  39 121  38 124 107  80 114 122  79  19  28  34  11
[1] "Starting global iteration number : 3"
[1] "iteration number: "
[1] 1
[1] "Best fitness updated to:"
[1] -39.82558
[1] "Best solution:"
 [1] NA NA NA NA NA NA NA NA NA NA NA NA NA NA NA NA NA NA NA NA NA NA NA NA NA
[26] NA NA NA NA NA NA NA NA NA NA NA NA
[1] 0
[1] "iteration number: "
[1] 2
[1] "Best fitness updated to:"
[1] -40.45201
[1] "Best solution:"
 [1] 1 1 1 1 1 0 0 1 0 0 0 0 0 0 0 1 0 1 0 1 0 1 1 1 0 0 1 0 0 0 0 1 1 0 1 0 0
[1] 16
[1] "iteration number: "
[1] 3
[1] "Best fitness updated to:"
[1] -43.09761
[1] "Best solution:"
 [1] 1 0 1 1 1 0 1 1 1 0 0 1 1 0 0 0 0 0 0 0 0 1 0 1 1 0 1 1 0 0 1 0 1 1 1 1 0
[1] 19
[1] "iteration number: "
[1] 4
[1] "Best fitness updated to:"
[1] -45.11717
[1] "Best solution:"
 [1] 1 1 1 0 1 1 1 1 0 1 1 1 1 0 1 1 1 1 1 1 1 1 1 1 1 0 1 1 1 0 1 1 1 1 1 1 1
[1] 32
[1] "iteration number: "
[1] 5
[1] "iteration number: "
[1] 6
[1] "iteration number: "
[1] 7
[1] "iteration number: "
[1] 8
[1] "Best fitness updated to:"
[1] -46.88133
[1] "Best solution:"
 [1] 1 1 0 1 1 1 1 1 0 1 1 1 0 0 1 1 0 1 1 1 1 1 1 0 1 1 1 1 1 0 1 0 0 0 1 1 0
[1] 26
[1] "iteration number: "
[1] 9
[1] "iteration number: "
[1] 10
[1] "iteration number: "
[1] 11
[1] "iteration number: "
[1] 12
[1] "iteration number: "
[1] 13
[1] "Best fitness updated to:"
[1] -47.62863
[1] "Best solution:"
 [1] 1 1 1 0 1 1 1 1 0 1 0 1 0 0 0 0 1 1 1 1 1 1 1 0 1 0 1 1 1 0 1 0 0 1 0 1 0
[1] 23
[1] "iteration number: "
[1] 14
[1] "iteration number: "
[1] 15
[1] "Best fitness updated to:"
[1] -47.88512
[1] "Best solution:"
 [1] 1 1 1 1 1 1 1 1 0 1 0 1 0 0 0 1 0 1 1 1 1 1 1 0 1 0 1 1 1 0 1 1 0 1 1 1 0
[1] 26
[1] "iteration number: "
[1] 16
[1] "iteration number: "
[1] 17
[1] "iteration number: "
[1] 18
[1] "iteration number: "
[1] 19
[1] "iteration number: "
[1] 20
[1] "Best fitness updated to:"
[1] -48.84093
[1] "Best solution:"
 [1] 1 1 1 1 1 1 1 1 0 1 1 1 0 0 0 1 0 1 1 1 1 1 1 0 1 0 1 1 1 0 1 1 0 1 1 1 0
[1] 27
[1] "iteration number: "
[1] 21
[1] "iteration number: "
[1] 22
[1] "iteration number: "
[1] 23
[1] "iteration number: "
[1] 24
[1] "iteration number: "
[1] 25
[1] "iteration number: "
[1] 26
[1] "iteration number: "
[1] 27
[1] "iteration number: "
[1] 28
[1] "iteration number: "
[1] 29
[1] "iteration number: "
[1] 30
[1] "iteration number: "
[1] 31
[1] "Best fitness updated to:"
[1] -49.06027
[1] "Best solution:"
 [1] 1 1 1 1 1 1 0 1 0 1 1 1 0 0 0 1 0 1 1 1 1 1 1 0 1 0 1 1 1 0 1 1 0 1 1 1 0
[1] 26
[1] "iteration number: "
[1] 32
[1] "iteration number: "
[1] 33
[1] "iteration number: "
[1] 34
[1] "iteration number: "
[1] 35
[1] "iteration number: "
[1] 36
[1] "Best fitness updated to:"
[1] -49.18624
[1] "Best solution:"
 [1] 1 1 1 1 1 1 0 1 0 1 1 1 0 0 0 1 0 1 1 1 1 1 0 0 1 0 1 1 1 0 1 1 0 1 1 1 0
[1] 25
[1] "iteration number: "
[1] 37
[1] "iteration number: "
[1] 38
[1] "Best fitness updated to:"
[1] -49.20443
[1] "Best solution:"
 [1] 1 1 1 1 1 1 0 1 0 1 1 1 0 0 0 0 0 1 1 1 1 1 0 0 1 0 1 1 1 0 1 1 0 1 1 1 0
[1] 24
[1] "iteration number: "
[1] 39
[1] "iteration number: "
[1] 40
[1] "iteration number: "
[1] 41
[1] "iteration number: "
[1] 42
[1] "iteration number: "
[1] 43
[1] "iteration number: "
[1] 44
[1] "iteration number: "
[1] 45
[1] "iteration number: "
[1] 46
[1] "iteration number: "
[1] 47
[1] "iteration number: "
[1] 48
[1] "iteration number: "
[1] 49
[1] "RE-INITIALIZING..."
[1] 1
[1] 5
[1] 37
 [1] 2 3 3 2 4 3 3 2 4 2 3 2 3 2 3 4 1 3 1 2
[1] "iteration number: "
[1] 50
[1] "Best fitness updated to:"
[1] -49.30663
[1] "Best solution:"
 [1] 1 1 1 1 1 1 0 0 0 1 1 1 0 0 0 1 0 1 1 1 1 1 0 0 0 0 1 1 1 0 1 1 0 0 1 1 0
[1] 22
[1] "iteration number: "
[1] 51
[1] "iteration number: "
[1] 52
[1] "iteration number: "
[1] 53
[1] "iteration number: "
[1] 54
[1] "iteration number: "
[1] 55
[1] "iteration number: "
[1] 56
[1] "iteration number: "
[1] 57
[1] "iteration number: "
[1] 58
[1] "iteration number: "
[1] 59
[1] "iteration number: "
[1] 60
[1] "iteration number: "
[1] 61
[1] "RE-INITIALIZING..."
[1] 1
[1] 5
[1] 37
 [1] 2 3 3 2 4 3 3 2 4 2 3 2 3 2 3 4 1 3 1 2
[1] "iteration number: "
[1] 62
[1] "iteration number: "
[1] 63
[1] "iteration number: "
[1] 64
[1] "iteration number: "
[1] 65
[1] "iteration number: "
[1] 66
[1] "iteration number: "
[1] 67
[1] "iteration number: "
[1] 68
[1] "iteration number: "
[1] 69
[1] "iteration number: "
[1] 70
[1] "iteration number: "
[1] 71
[1] "iteration number: "
[1] 72
[1] "RE-INITIALIZING..."
[1] 2
[1] 5
[1] 37
 [1] 2 3 3 2 4 3 3 2 4 2 3 2 3 2 3 4 1 3 1 2
[1] "iteration number: "
[1] 73
[1] "iteration number: "
[1] 74
[1] "iteration number: "
[1] 75
[1] "iteration number: "
[1] 76
[1] "iteration number: "
[1] 77
[1] "iteration number: "
[1] 78
[1] "iteration number: "
[1] 79
[1] "iteration number: "
[1] 80
[1] "iteration number: "
[1] 81
[1] "iteration number: "
[1] 82
[1] "iteration number: "
[1] 83
[1] "RE-INITIALIZING..."
[1] 3
[1] 5
[1] 37
 [1] 2 3 3 2 4 3 3 2 4 2 3 2 3 2 3 4 1 3 1 2
[1] "iteration number: "
[1] 84
[1] "iteration number: "
[1] 85
[1] "iteration number: "
[1] 86
[1] "iteration number: "
[1] 87
[1] "iteration number: "
[1] 88
[1] "iteration number: "
[1] 89
[1] "iteration number: "
[1] 90
[1] "iteration number: "
[1] 91
[1] "iteration number: "
[1] 92
[1] "iteration number: "
[1] 93
[1] "iteration number: "
[1] 94
[1] "RE-INITIALIZING..."
[1] 4
[1] 5
[1] 37
 [1] 2 3 3 2 4 3 3 2 4 2 3 2 3 2 3 4 1 3 1 2
[1] "iteration number: "
[1] 95
[1] "iteration number: "
[1] 96
[1] "iteration number: "
[1] 97
[1] "iteration number: "
[1] 98
[1] "iteration number: "
[1] 99
[1] "iteration number: "
[1] 100
[1] "iteration number: "
[1] 101
[1] "iteration number: "
[1] 102
[1] "iteration number: "
[1] 103
[1] "iteration number: "
[1] 104
[1] "iteration number: "
[1] 105
[1] "RE-INITIALIZING..."
[1] 5
[1] 5
[1] 37
 [1] 2 3 3 2 4 3 3 2 4 2 3 2 3 2 3 4 1 3 1 2
[1] "iteration number: "
[1] 106
[1] "iteration number: "
[1] 107
[1] "iteration number: "
[1] 108
[1] "iteration number: "
[1] 109
[1] "iteration number: "
[1] 110
[1] "iteration number: "
[1] 111
[1] "iteration number: "
[1] 112
[1] "iteration number: "
[1] 113
[1] "iteration number: "
[1] 114
[1] "iteration number: "
[1] 115
[1] "iteration number: "
[1] 116
[1] "RE-INITIALIZING..."
[1] 6
[1] 5
[1] 37
[1] "No change for 6 iterations. Exiting PSO."
 [1]  2  3  4  5  6  8 10 11 12 16 18 19 20 21 22 25 27 28 29 32 34 35 36
[1] 3
[1] "##################################"
[1] "Results summary for itr:3"
[1] "number of features selected using population mean"
[1] 23
[1] "number of features selected using current global best"
[1] 23
[1] "feat ind length"
[1] 23
[1] "best accuracy"
[1] 49.30663
[1] "test acc:1"
[1] "##################################"
[1] "learning sets: 4"
  [1]  54  22   9  14  46  99 120  29  43  74  66  91  41 106  32  56  83  93
 [19]  78  33  12  17 109   8  31  24  42  81  20  36 113   6  73 130  94  18
 [37]  26  75   7  28  71  72 121 107 129  59  27 127  92 112  39  67  97  79
 [55] 101  50 115 102  38  10  37  64  47  96 124  86  11  61  52  95 104  35
 [73]  23   4  70   3   1 118  16  49  88 119  58  68  45 100 117  77 116  63
 [91]  69  87  34 128 108 114 122   2  48  21  85  53  80  60
[1] "Starting global iteration number : 4"
[1] "iteration number: "
[1] 1
[1] "Best fitness updated to:"
[1] -31.62708
[1] "Best solution:"
 [1] NA NA NA NA NA NA NA NA NA NA NA NA NA NA NA NA NA NA NA NA NA NA NA NA NA
[26] NA NA NA NA NA NA NA NA NA NA NA NA
[1] 0
[1] "iteration number: "
[1] 2
[1] "Best fitness updated to:"
[1] -37.88436
[1] "Best solution:"
 [1] 1 1 1 1 1 0 0 1 0 0 0 0 0 0 0 1 0 1 0 1 0 1 1 1 0 0 1 0 0 0 0 1 1 0 1 0 0
[1] 16
[1] "iteration number: "
[1] 3
[1] "Best fitness updated to:"
[1] -39.89281
[1] "Best solution:"
 [1] 1 0 1 1 1 0 1 1 1 0 0 1 1 0 0 0 0 0 0 0 0 1 0 1 1 0 1 1 0 0 1 0 1 1 1 1 0
[1] 19
[1] "iteration number: "
[1] 4
[1] "Best fitness updated to:"
[1] -41.83598
[1] "Best solution:"
 [1] 1 1 1 1 1 1 0 1 0 0 0 0 0 0 0 1 0 1 0 0 0 1 0 1 1 0 1 1 0 0 1 1 1 1 1 1 0
[1] 20
[1] "iteration number: "
[1] 5
[1] "iteration number: "
[1] 6
[1] "iteration number: "
[1] 7
[1] "Best fitness updated to:"
[1] -43.04921
[1] "Best solution:"
 [1] 1 1 1 1 1 1 0 1 0 0 0 0 0 0 0 1 0 1 0 1 0 1 1 1 1 0 1 0 1 0 0 1 1 0 1 1 0
[1] 20
[1] "iteration number: "
[1] 8
[1] "iteration number: "
[1] 9
[1] "iteration number: "
[1] 10
[1] "iteration number: "
[1] 11
[1] "iteration number: "
[1] 12
[1] "iteration number: "
[1] 13
[1] "iteration number: "
[1] 14
[1] "iteration number: "
[1] 15
[1] "iteration number: "
[1] 16
[1] "Best fitness updated to:"
[1] -45.22941
[1] "Best solution:"
 [1] 1 1 0 0 1 0 0 1 0 0 0 0 0 0 0 0 0 1 0 0 0 1 1 0 0 0 1 1 0 0 1 0 0 1 1 0 0
[1] 12
[1] "iteration number: "
[1] 17
[1] "Best fitness updated to:"
[1] -46.51758
[1] "Best solution:"
 [1] 1 0 1 1 1 1 0 1 1 1 0 0 0 1 0 1 0 1 0 0 0 1 1 0 0 0 1 1 0 0 1 1 0 1 1 1 0
[1] 20
[1] "iteration number: "
[1] 18
[1] "iteration number: "
[1] 19
[1] "iteration number: "
[1] 20
[1] "iteration number: "
[1] 21
[1] "iteration number: "
[1] 22
[1] "iteration number: "
[1] 23
[1] "iteration number: "
[1] 24
[1] "iteration number: "
[1] 25
[1] "iteration number: "
[1] 26
[1] "iteration number: "
[1] 27
[1] "iteration number: "
[1] 28
[1] "RE-INITIALIZING..."
[1] 1
[1] 5
[1] 35
 [1] 2 3 3 2 4 3 3 2 4 2 3 2 3 2 3 4 1 3 1 2
[1] "iteration number: "
[1] 29
[1] "iteration number: "
[1] 30
[1] "iteration number: "
[1] 31
[1] "iteration number: "
[1] 32
[1] "iteration number: "
[1] 33
[1] "iteration number: "
[1] 34
[1] "iteration number: "
[1] 35
[1] "Best fitness updated to:"
[1] -48.55217
[1] "Best solution:"
 [1] 1 0 1 1 1 1 0 1 1 1 0 0 0 1 0 1 0 1 0 0 0 1 1 0 0 0 1 1 0 0 1 1 0 1 1 1 0
[1] 20
[1] "iteration number: "
[1] 36
[1] "iteration number: "
[1] 37
[1] "iteration number: "
[1] 38
[1] "iteration number: "
[1] 39
[1] "iteration number: "
[1] 40
[1] "iteration number: "
[1] 41
[1] "iteration number: "
[1] 42
[1] "iteration number: "
[1] 43
[1] "iteration number: "
[1] 44
[1] "iteration number: "
[1] 45
[1] "iteration number: "
[1] 46
[1] "RE-INITIALIZING..."
[1] 1
[1] 5
[1] 35
 [1] 2 3 3 2 4 3 3 2 4 2 3 2 3 2 3 4 1 3 1 2
[1] "iteration number: "
[1] 47
[1] "iteration number: "
[1] 48
[1] "iteration number: "
[1] 49
[1] "iteration number: "
[1] 50
[1] "iteration number: "
[1] 51
[1] "iteration number: "
[1] 52
[1] "iteration number: "
[1] 53
[1] "iteration number: "
[1] 54
[1] "iteration number: "
[1] 55
[1] "iteration number: "
[1] 56
[1] "iteration number: "
[1] 57
[1] "RE-INITIALIZING..."
[1] 2
[1] 5
[1] 34
 [1] 2 3 3 2 4 3 3 2 4 2 3 2 3 2 3 4 1 3 1 2
[1] "iteration number: "
[1] 58
[1] "iteration number: "
[1] 59
[1] "iteration number: "
[1] 60
[1] "iteration number: "
[1] 61
[1] "iteration number: "
[1] 62
[1] "iteration number: "
[1] 63
[1] "iteration number: "
[1] 64
[1] "iteration number: "
[1] 65
[1] "iteration number: "
[1] 66
[1] "iteration number: "
[1] 67
[1] "iteration number: "
[1] 68
[1] "RE-INITIALIZING..."
[1] 3
[1] 5
[1] 33
 [1] 2 3 3 2 4 3 3 2 4 2 3 2 3 2 3 4 1 3 1 2
[1] "iteration number: "
[1] 69
[1] "iteration number: "
[1] 70
[1] "iteration number: "
[1] 71
[1] "iteration number: "
[1] 72
[1] "iteration number: "
[1] 73
[1] "iteration number: "
[1] 74
[1] "iteration number: "
[1] 75
[1] "iteration number: "
[1] 76
[1] "iteration number: "
[1] 77
[1] "iteration number: "
[1] 78
[1] "iteration number: "
[1] 79
[1] "RE-INITIALIZING..."
[1] 4
[1] 5
[1] 32
 [1] 2 3 3 2 4 3 3 2 4 2 3 2 3 2 3 4 1 3 1 2
[1] "iteration number: "
[1] 80
[1] "iteration number: "
[1] 81
[1] "iteration number: "
[1] 82
[1] "iteration number: "
[1] 83
[1] "iteration number: "
[1] 84
[1] "iteration number: "
[1] 85
[1] "iteration number: "
[1] 86
[1] "iteration number: "
[1] 87
[1] "iteration number: "
[1] 88
[1] "iteration number: "
[1] 89
[1] "iteration number: "
[1] 90
[1] "RE-INITIALIZING..."
[1] 5
[1] 5
[1] 32
 [1] 2 3 3 2 4 3 3 2 4 2 3 2 3 2 3 4 1 3 1 2
[1] "iteration number: "
[1] 91
[1] "iteration number: "
[1] 92
[1] "iteration number: "
[1] 93
[1] "iteration number: "
[1] 94
[1] "iteration number: "
[1] 95
[1] "iteration number: "
[1] 96
[1] "iteration number: "
[1] 97
[1] "iteration number: "
[1] 98
[1] "iteration number: "
[1] 99
[1] "iteration number: "
[1] 100
[1] "iteration number: "
[1] 101
[1] "RE-INITIALIZING..."
[1] 6
[1] 5
[1] 31
[1] "No change for 6 iterations. Exiting PSO."
 [1]  2  3  4  5  6  8  9 10 14 16 18 22 23 27 28 31 32 34 35 36
[1] 4
[1] "##################################"
[1] "Results summary for itr:4"
[1] "number of features selected using population mean"
[1] 20
[1] "number of features selected using current global best"
[1] 20
[1] "feat ind length"
[1] 20
[1] "best accuracy"
[1] 48.55217
[1] "test acc:0.884615384615385"
[1] "##################################"
[1] "learning sets: 5"
  [1]  41 109  74  78  24  32  15  22  46  33  43  54 106  17  99   8  91  12
 [19] 103  29  66  93   9 110  89  98  25  23  86 108 114  77 112   4  26   6
 [37]  11 122  21  38 101  50 124  84 130  80 115  62   1  69  75  82  58  19
 [55]  18  61   2  60   3 100 113 121  28  65 117 116  57 129  63  27 125  51
 [73]  55  47  72  16  70  13 127  92  79  10  96  94  34   7   5  88  20  68
 [91]  45  48  49  81 118 107 105  39 111  42  40  35 102  59
[1] "Starting global iteration number : 5"
[1] "iteration number: "
[1] 1
[1] "Best fitness updated to:"
[1] -38.54986
[1] "Best solution:"
 [1] NA NA NA NA NA NA NA NA NA NA NA NA NA NA NA NA NA NA NA NA NA NA NA NA NA
[26] NA NA NA NA NA NA NA NA NA NA NA NA
[1] 0
[1] "iteration number: "
[1] 2
[1] "Best fitness updated to:"
[1] -40.4954
[1] "Best solution:"
 [1] 1 1 1 1 1 0 0 1 0 0 0 0 0 0 0 1 0 1 0 1 0 1 1 1 0 0 1 0 0 0 0 1 1 0 1 0 0
[1] 16
[1] "iteration number: "
[1] 3
[1] "Best fitness updated to:"
[1] -42.02982
[1] "Best solution:"
 [1] 0 1 0 0 1 1 1 1 0 0 1 0 0 0 1 1 0 1 0 0 1 0 1 0 1 0 1 0 1 1 0 0 0 1 0 0 1
[1] 17
[1] "iteration number: "
[1] 4
[1] "Best fitness updated to:"
[1] -42.24814
[1] "Best solution:"
 [1] 1 1 1 1 1 1 0 1 0 0 0 0 0 0 0 1 0 1 0 0 0 1 0 1 1 0 1 1 0 0 1 1 1 1 1 1 0
[1] 20
[1] "iteration number: "
[1] 5
[1] "Best fitness updated to:"
[1] -43.05357
[1] "Best solution:"
 [1] 1 0 1 1 1 1 0 1 1 1 1 1 0 1 1 0 1 1 1 1 1 1 1 1 1 0 1 1 0 1 1 1 1 1 1 1 1
[1] 31
[1] "iteration number: "
[1] 6
[1] "iteration number: "
[1] 7
[1] "iteration number: "
[1] 8
[1] "iteration number: "
[1] 9
[1] "iteration number: "
[1] 10
[1] "iteration number: "
[1] 11
[1] "iteration number: "
[1] 12
[1] "iteration number: "
[1] 13
[1] "Best fitness updated to:"
[1] -43.05797
[1] "Best solution:"
 [1] 1 1 1 1 1 1 1 1 1 1 1 1 0 1 1 0 1 1 1 0 1 1 1 1 1 1 1 1 0 1 1 1 1 0 1 1 1
[1] 32
[1] "iteration number: "
[1] 14
[1] "iteration number: "
[1] 15
[1] "iteration number: "
[1] 16
[1] "iteration number: "
[1] 17
[1] "Best fitness updated to:"
[1] -43.38158
[1] "Best solution:"
 [1] 1 1 1 1 1 1 1 1 1 1 1 0 0 1 1 0 1 1 1 0 1 1 1 1 1 0 1 1 0 0 1 1 1 1 1 1 1
[1] 30
[1] "iteration number: "
[1] 18
[1] "iteration number: "
[1] 19
[1] "iteration number: "
[1] 20
[1] "Best fitness updated to:"
[1] -43.59648
[1] "Best solution:"
 [1] 1 0 1 1 1 1 0 1 1 1 1 0 0 1 1 0 1 1 1 1 0 1 0 1 1 0 1 1 0 0 1 1 1 1 1 1 1
[1] 27
[1] "iteration number: "
[1] 21
[1] "Best fitness updated to:"
[1] -44.13577
[1] "Best solution:"
 [1] 0 0 0 1 1 0 1 1 1 1 0 1 0 1 1 1 1 1 1 1 1 1 1 1 1 0 1 0 0 0 1 0 1 1 0 1 1
[1] 25
[1] "iteration number: "
[1] 22
[1] "Best fitness updated to:"
[1] -44.2378
[1] "Best solution:"
 [1] 1 0 1 1 1 1 0 1 1 1 0 0 0 1 1 0 1 1 1 0 1 1 1 0 1 0 1 1 0 1 1 1 1 1 1 1 1
[1] 27
[1] "iteration number: "
[1] 23
[1] "Best fitness updated to:"
[1] -44.29185
[1] "Best solution:"
 [1] 0 1 1 1 1 1 1 1 1 1 0 0 0 1 1 0 1 1 1 0 1 1 1 1 1 0 1 1 0 0 1 1 1 1 1 1 1
[1] 28
[1] "iteration number: "
[1] 24
[1] "Best fitness updated to:"
[1] -44.42229
[1] "Best solution:"
 [1] 0 0 1 1 1 1 0 1 1 1 0 0 0 1 1 0 1 1 1 0 1 1 1 1 1 0 1 1 0 0 1 1 1 1 1 1 1
[1] 26
[1] "iteration number: "
[1] 25
[1] "Best fitness updated to:"
[1] -45.91944
[1] "Best solution:"
 [1] 0 0 1 1 1 0 0 1 0 1 0 0 0 1 1 0 1 1 1 0 1 1 1 1 1 0 1 0 0 0 1 0 1 1 1 1 1
[1] 22
[1] "iteration number: "
[1] 26
[1] "iteration number: "
[1] 27
[1] "iteration number: "
[1] 28
[1] "iteration number: "
[1] 29
[1] "iteration number: "
[1] 30
[1] "iteration number: "
[1] 31
[1] "iteration number: "
[1] 32
[1] "iteration number: "
[1] 33
[1] "iteration number: "
[1] 34
[1] "iteration number: "
[1] 35
[1] "Best fitness updated to:"
[1] -46.17377
[1] "Best solution:"
 [1] 0 1 1 1 1 0 0 1 0 1 0 0 0 1 1 0 1 1 1 0 1 1 1 1 1 0 1 0 0 0 1 1 1 1 1 1 1
[1] 24
[1] "iteration number: "
[1] 36
[1] "Best fitness updated to:"
[1] -46.46417
[1] "Best solution:"
 [1] 0 1 1 1 1 0 0 1 0 1 0 0 0 1 1 0 1 1 1 0 1 1 1 1 0 0 1 0 0 1 1 1 0 1 1 1 1
[1] 23
[1] "iteration number: "
[1] 37
[1] "iteration number: "
[1] 38
[1] "Best fitness updated to:"
[1] -47.32788
[1] "Best solution:"
 [1] 0 1 1 1 1 0 0 1 0 1 0 0 0 1 1 0 1 1 1 0 1 1 1 1 1 0 1 0 0 0 1 1 1 1 1 1 1
[1] 24
[1] "iteration number: "
[1] 39
[1] "iteration number: "
[1] 40
[1] "iteration number: "
[1] 41
[1] "iteration number: "
[1] 42
[1] "Best fitness updated to:"
[1] -47.54333
[1] "Best solution:"
 [1] 0 1 1 1 1 0 1 1 0 1 0 0 0 1 1 0 1 0 1 0 1 1 1 1 1 0 1 0 0 0 1 1 0 1 1 1 1
[1] 23
[1] "iteration number: "
[1] 43
[1] "iteration number: "
[1] 44
[1] "iteration number: "
[1] 45
[1] "iteration number: "
[1] 46
[1] "Best fitness updated to:"
[1] -49.04956
[1] "Best solution:"
 [1] 0 1 1 1 1 1 1 1 0 1 0 0 0 1 1 0 1 0 1 0 1 1 1 1 1 0 1 0 0 1 0 1 0 1 1 1 1
[1] 24
[1] "iteration number: "
[1] 47
[1] "iteration number: "
[1] 48
[1] "iteration number: "
[1] 49
[1] "iteration number: "
[1] 50
[1] "iteration number: "
[1] 51
[1] "iteration number: "
[1] 52
[1] "iteration number: "
[1] 53
[1] "iteration number: "
[1] 54
[1] "iteration number: "
[1] 55
[1] "iteration number: "
[1] 56
[1] "iteration number: "
[1] 57
[1] "Best fitness updated to:"
[1] -49.42071
[1] "Best solution:"
 [1] 0 1 1 1 1 0 1 1 0 1 0 0 0 1 1 0 1 0 1 0 1 1 1 1 1 0 1 0 1 0 0 1 0 1 1 1 1
[1] 23
[1] "iteration number: "
[1] 58
[1] "iteration number: "
[1] 59
[1] "iteration number: "
[1] 60
[1] "iteration number: "
[1] 61
[1] "iteration number: "
[1] 62
[1] "iteration number: "
[1] 63
[1] "iteration number: "
[1] 64
[1] "iteration number: "
[1] 65
[1] "iteration number: "
[1] 66
[1] "iteration number: "
[1] 67
[1] "iteration number: "
[1] 68
[1] "RE-INITIALIZING..."
[1] 1
[1] 5
[1] 36
 [1] 2 3 3 2 4 3 3 2 4 2 3 2 3 2 3 4 1 3 1 2
[1] "iteration number: "
[1] 69
[1] "iteration number: "
[1] 70
[1] "Best fitness updated to:"
[1] -49.70128
[1] "Best solution:"
 [1] 0 1 1 1 1 0 0 1 0 1 0 0 0 1 1 0 1 0 1 0 1 1 1 1 1 0 1 0 1 0 0 1 0 1 1 1 1
[1] 22
[1] "iteration number: "
[1] 71
[1] "iteration number: "
[1] 72
[1] "iteration number: "
[1] 73
[1] "iteration number: "
[1] 74
[1] "iteration number: "
[1] 75
[1] "iteration number: "
[1] 76
[1] "iteration number: "
[1] 77
[1] "iteration number: "
[1] 78
[1] "iteration number: "
[1] 79
[1] "iteration number: "
[1] 80
[1] "iteration number: "
[1] 81
[1] "RE-INITIALIZING..."
[1] 1
[1] 5
[1] 36
 [1] 2 3 3 2 4 3 3 2 4 2 3 2 3 2 3 4 1 3 1 2
[1] "iteration number: "
[1] 82
[1] "iteration number: "
[1] 83
[1] "iteration number: "
[1] 84
[1] "iteration number: "
[1] 85
[1] "iteration number: "
[1] 86
[1] "iteration number: "
[1] 87
[1] "iteration number: "
[1] 88
[1] "iteration number: "
[1] 89
[1] "iteration number: "
[1] 90
[1] "iteration number: "
[1] 91
[1] "iteration number: "
[1] 92
[1] "RE-INITIALIZING..."
[1] 2
[1] 5
[1] 36
 [1] 2 3 3 2 4 3 3 2 4 2 3 2 3 2 3 4 1 3 1 2
[1] "iteration number: "
[1] 93
[1] "iteration number: "
[1] 94
[1] "iteration number: "
[1] 95
[1] "iteration number: "
[1] 96
[1] "iteration number: "
[1] 97
[1] "iteration number: "
[1] 98
[1] "iteration number: "
[1] 99
[1] "iteration number: "
[1] 100
[1] "iteration number: "
[1] 101
[1] "iteration number: "
[1] 102
[1] "iteration number: "
[1] 103
[1] "RE-INITIALIZING..."
[1] 3
[1] 5
[1] 36
 [1] 2 3 3 2 4 3 3 2 4 2 3 2 3 2 3 4 1 3 1 2
[1] "iteration number: "
[1] 104
[1] "iteration number: "
[1] 105
[1] "iteration number: "
[1] 106
[1] "iteration number: "
[1] 107
