
R version 3.2.2 (2015-08-14) -- "Fire Safety"
Copyright (C) 2015 The R Foundation for Statistical Computing
Platform: x86_64-apple-darwin13.4.0 (64-bit)

R is free software and comes with ABSOLUTELY NO WARRANTY.
You are welcome to redistribute it under certain conditions.
Type 'license()' or 'licence()' for distribution details.

  Natural language support but running in an English locale

R is a collaborative project with many contributors.
Type 'contributors()' for more information and
'citation()' on how to cite R or R packages in publications.

Type 'demo()' for some demos, 'help()' for on-line help, or
'help.start()' for an HTML browser interface to help.
Type 'q()' to quit R.

> 
> #.libPaths("/home/kuppal3/karan_libs/Rlibs")
> library(snow)
Warning message:
package ‘snow’ was built under R version 3.2.5 
> library(e1071)
Warning message:
package ‘e1071’ was built under R version 3.2.5 
> library(yaImpute)

Attaching package: ‘yaImpute’

The following object is masked from ‘package:e1071’:

    impute

> library(pROC)
Type 'citation("pROC")' for a citation.

Attaching package: ‘pROC’

The following objects are masked from ‘package:stats’:

    cov, smooth, var

Warning message:
package ‘pROC’ was built under R version 3.2.5 
> library(bioDist)
Loading required package: Biobase
Loading required package: BiocGenerics
Loading required package: parallel

Attaching package: ‘parallel’

The following objects are masked from ‘package:snow’:

    clusterApply, clusterApplyLB, clusterCall, clusterEvalQ,
    clusterExport, clusterMap, clusterSplit, makeCluster, parApply,
    parCapply, parLapply, parRapply, parSapply, splitIndices,
    stopCluster


Attaching package: ‘BiocGenerics’

The following objects are masked from ‘package:parallel’:

    clusterApply, clusterApplyLB, clusterCall, clusterEvalQ,
    clusterExport, clusterMap, parApply, parCapply, parLapply,
    parLapplyLB, parRapply, parSapply, parSapplyLB

The following objects are masked from ‘package:snow’:

    clusterApply, clusterApplyLB, clusterCall, clusterEvalQ,
    clusterExport, clusterMap, parApply, parCapply, parLapply,
    parRapply, parSapply

The following objects are masked from ‘package:stats’:

    IQR, mad, xtabs

The following objects are masked from ‘package:base’:

    anyDuplicated, append, as.data.frame, as.vector, cbind, colnames,
    do.call, duplicated, eval, evalq, Filter, Find, get, grep, grepl,
    intersect, is.unsorted, lapply, lengths, Map, mapply, match, mget,
    order, paste, pmax, pmax.int, pmin, pmin.int, Position, rank,
    rbind, Reduce, rownames, sapply, setdiff, sort, table, tapply,
    union, unique, unlist, unsplit

Welcome to Bioconductor

    Vignettes contain introductory material; view with
    'browseVignettes()'. To cite Bioconductor, see
    'citation("Biobase")', and for packages 'citation("pkgname")'.

Loading required package: KernSmooth
KernSmooth 2.23 loaded
Copyright M. P. Wand 1997-2009
> #library(CMA, lib="/home/kuppal3/karan_libs/Rlibs/")
> library(RankAggreg)
Warning message:
package ‘RankAggreg’ was built under R version 3.2.5 
> library(CMA)

Attaching package: ‘CMA’

The following object is masked from ‘package:pROC’:

    roc

The following object is masked from ‘package:e1071’:

    tune

Warning message:
package ‘CMA’ was built under R version 3.2.4 
> library(expm)
Loading required package: Matrix

Attaching package: ‘expm’

The following object is masked from ‘package:Matrix’:

    expm

Warning messages:
1: package ‘expm’ was built under R version 3.2.5 
2: package ‘Matrix’ was built under R version 3.2.5 
> 
> cl<-makeCluster(1)
> 
> 
> args<-commandArgs(trailingOnly=TRUE)
> 
> dirloc<-"/Users/karanuppal/Documents/Gatech/Projects/Algorithms/TwostagePSO/"
> #sname<-paste("/home/stu/kuppal3/Research/Feature_selection/Rcode/versionnov2014/OCFS_",args[9],".R",sep="")
> 
> sname<-paste(dirloc,"version2017/OCFS_",args[9],".R",sep="")
> source(sname)
> 
> outloc<-paste(dirloc,"/Datasets/MAQCII_BreastCancer/OCFSvmay2415_MAQCER",args[9],"/",sep="")
> 
> 
> sname<-paste(dirloc,"Datasets/MAQCII_BreastCancer/MaqcIIbr.Rda",sep="")
> load(sname)
> 
> trainm<-MaqcIIbr$trainx
> testm<-MaqcIIbr$testx
> trainclass<-MaqcIIbr$trainPCRvsRD
> testclass<-MaqcIIbr$testPCRvsRD
> 
> trainm<-trainm[,-c(22284)]
> testm<-testm[,-c(22284)]
> trainm<-apply(trainm,2,as.numeric)
> testm<-apply(testm,2,as.numeric)
> 
> trainm<-cbind(trainclass,trainm)
> testm<-cbind(testclass,testm)
> 
> trainm<-na.omit(trainm)
> testm<-na.omit(testm)
> 
> dir.create(outloc)
Warning message:
In dir.create(outloc) :
  '/Users/karanuppal/Documents/Gatech/Projects/Algorithms/TwostagePSO//Datasets/MAQCII_BreastCancer/OCFSvmay2415_MAQCERvmarch62018_v3' already exists
> setwd(outloc)
> 
> 
> trainm<-as.matrix(trainm)
> testm<-as.matrix(testm)
> trainclass<-trainm[,1] #CMAres$modtrainclass
> testclass<-testm[,1] #CMAres$modtestclass
> trainm<-trainm[,-c(1)] #CMAres$modtrainmata
> testm<-testm[,-c(1)] #CMAres$modtestmata
> 
> #a: Confusions
> #b: Neighbors
> #c: Global
> #d: Death
> 
> a<-c(0.25,0.25,0.25,0.25)
> b<-c(0.3,0.1,0.4,0.1)
> c<-c(0.25,0.25,0.5,0)
> d<-c(0.9,0.1,0,0.1)
> 
> a<-c(0,0.4,0.1,0.5)
> b<-c(0.3,0.1,0.4,0.1)
> c<-c(0,0.5,0.5,0)
> d<-c(0.9,0.1,0,0)
> 
> a<-c(0,0.4,0.1,0.5)
> b<-c(0.2,0.3,0.4,0.1)
> c<-c(0,0.4,0.4,0.2)
> d<-c(0.9,0.1,0,0)
> 
> transition_matrix<-rbind(a,b,c,d)
> 
> 
> dir.create(outloc)
Warning message:
In dir.create(outloc) :
  '/Users/karanuppal/Documents/Gatech/Projects/Algorithms/TwostagePSO//Datasets/MAQCII_BreastCancer/OCFSvmay2415_MAQCERvmarch62018_v3' already exists
> setwd(outloc)
> temp2=t(trainm)
> temp2=apply(temp2, 2, function(x){which(x=="MD")})
> temp2=unlist(temp2)
> temp2=unique(temp2)
> if(length(temp2)>1)
+ {
+ 	trainm=trainm[,-c(temp2)]
+ 
+ 	rm(temp2)
+ }
> 
> boostweight=rep(0,dim(trainm)[2])
> 
> #if(FALSE)
> {
+ CMAres<-performCMA(trainm, trainclass, testm, testclass,outloc,
+ maxnum=as.numeric(args[10]),
+ minnum=3,
+ stepitr=1,
+ gsmethods=c("limma"), #"lasso","elasticnet","kruskal.test"), #"f.test", "f.test", "elasticnet", "wilcox.test", "welch.test"),
+ pct_train=0.40,
+ accuracyweight=1,
+ featweight=0.06,
+ minpresent=1,
+ kname="radial",
+ norm_method="none",
+ tolerance=0.5,
+ maxitrs=5,
+ classindex=1,
+ numfacts=0,
+ evalmethod="CV",
+ numfolds=10,
+ CVfoldthresh=0.7,
+ varselmethod=args[11],
+ scheme_val="one-vs-all",
+ iter_learn=1,boostweight=rep(0,dim(trainm)[2]))
+ 
+ 
+ CMAres<-performCMA(trainm, trainclass, testm, testclass,outloc,
+ maxnum=as.numeric(args[10]),
+ minnum=3,
+ stepitr=1,
+ gsmethods=c("lasso"), #"lasso","elasticnet","kruskal.test"), #"f.test", "f.test", "elasticnet", "wilcox.test", "welch.test"),
+ pct_train=0.40,
+ accuracyweight=1,
+ featweight=0.06,
+ minpresent=1,
+ kname="radial",
+ norm_method="none",
+ tolerance=0.5,
+ maxitrs=5,
+ classindex=1,
+ numfacts=0,
+ evalmethod="CV",
+ numfolds=10,
+ CVfoldthresh=0.7,
+ varselmethod=args[11],
+ scheme_val="one-vs-all",
+ iter_learn=1,boostweight=rep(0,dim(trainm)[2]))
+ 
+ CMAres<-performCMA(trainm, trainclass, testm, testclass,outloc,
+ maxnum=as.numeric(args[10]),
+ minnum=3,
+ stepitr=1,
+ gsmethods=c("rfe"), #"lasso","elasticnet","kruskal.test"), #"f.test", "f.test", "elasticnet", "wilcox.test", "welch.test"),
+ pct_train=0.40,
+ accuracyweight=1,
+ featweight=0.06,
+ minpresent=1,
+ kname="radial",
+ norm_method="none",
+ tolerance=0.5,
+ maxitrs=5,
+ classindex=1,
+ numfacts=0,
+ evalmethod="CV",
+ numfolds=10,
+ CVfoldthresh=0.7,
+ varselmethod=args[11],
+ scheme_val="one-vs-all",
+ iter_learn=1,boostweight=rep(0,dim(trainm)[2]))
+ 
+ CMAres<-performCMA(trainm, trainclass, testm, testclass,outloc,
+ maxnum=as.numeric(args[10]),
+ minnum=3,
+ stepitr=1,
+ gsmethods=c("elasticnet"), #"lasso","elasticnet","kruskal.test"), #"f.test", "f.test", "elasticnet", "wilcox.test", "welch.test"),
+ pct_train=0.40,
+ accuracyweight=1,
+ featweight=0.06,
+ minpresent=1,
+ kname="radial",
+ norm_method="none",
+ tolerance=0.5,
+ maxitrs=5,
+ classindex=1,
+ numfacts=0,
+ evalmethod="CV",
+ numfolds=10,
+ CVfoldthresh=0.7,
+ varselmethod=args[11],
+ scheme_val="one-vs-all",
+ iter_learn=1,boostweight=rep(0,dim(trainm)[2]))
+ 
+ if(FALSE){
+ CMAres<-performCMA(trainm, trainclass, testm, testclass,outloc,
+ maxnum=as.numeric(args[10]),
+ minnum=3,
+ stepitr=1,
+ gsmethods=c("rf"), #"lasso","elasticnet","kruskal.test"), #"f.test", "f.test", "elasticnet", "wilcox.test", "welch.test"),
+ pct_train=0.40,
+ accuracyweight=1,
+ featweight=0.06,
+ minpresent=1,
+ kname="radial",
+ norm_method="none",
+ tolerance=0.5,
+ maxitrs=5,
+ classindex=1,
+ numfacts=0,
+ evalmethod="CV",
+ numfolds=10,
+ CVfoldthresh=0.7,
+ varselmethod=args[11],
+ scheme_val="one-vs-all",
+ iter_learn=1,boostweight=rep(0,dim(trainm)[2]))
+ }
+ 
+ CMAres<-performCMA(trainm, trainclass, testm, testclass,outloc,
+ maxnum=as.numeric(args[10]),
+ minnum=3,
+ stepitr=1,
+ gsmethods=c("f.test"), #"lasso","elasticnet","kruskal.test"), #"f.test", "f.test", "elasticnet", "wilcox.test", "welch.test"),
+ pct_train=0.40,
+ accuracyweight=1,
+ featweight=0.06,
+ minpresent=1,
+ kname="radial",
+ norm_method="none",
+ tolerance=0.5,
+ maxitrs=5,
+ classindex=1,
+ numfacts=0,
+ evalmethod="CV",
+ numfolds=10,
+ CVfoldthresh=0.7,
+ varselmethod=args[11],
+ scheme_val="one-vs-all",
+ iter_learn=1,boostweight=rep(0,dim(trainm)[2]))
+ }
[1] "dim of trainm is "
[1]   130 22283
[1]   130 22283
[1] "maxnum is "
[1] 5
[1] "# of genes left after filtering:"
[1]   130 22283
[1] "limma"
[1] "Method name: limma"
[1]   130 22283
nci_y
 1  2 
33 97 
learningset mode:  CV 
number of learningsets:  10 
(maximum) number of observations per learning set:  117 
[1] "one-vs-all"
GeneSelection: iteration 1 

Attaching package: ‘limma’

The following object is masked from ‘package:BiocGenerics’:

    plotMA

GeneSelection: iteration 2 
GeneSelection: iteration 3 
GeneSelection: iteration 4 
GeneSelection: iteration 5 
GeneSelection: iteration 6 
GeneSelection: iteration 7 
GeneSelection: iteration 8 
GeneSelection: iteration 9 
GeneSelection: iteration 10 
[1] 19
[1] "varselmethod"
[1] "none"
[1] 19
[1] "Method: limma"
[1] 19
[1] "dim of scoring matrix is "
[1] 22283     1
     Min.   1st Qu.    Median      Mean   3rd Qu.      Max. 
0.0000000 0.0000000 0.0000000 0.0008527 0.0000000 1.0000000 
[1] 19
[1] 22283
[1] "DS index stage 1"
[1] NA
[1] "bestgenelist"
 [1]  1036  1083  3155  3490  4349  4352  4752  4874  5927  8206  8667  9093
[13]  9279 12339 13543 15240 15464 18171 18415
     201508_at 201555_at 203628_at 203963_at 204822_at 204825_at 205225_at
[1,]   10.8379    9.9323   10.7755   12.0638    7.2891    8.9393   13.0759
[2,]    8.8812    9.5628    9.8410   11.3553    6.4251    7.7652   13.7616
[3,]   12.8232   10.3905    9.4169   12.3832    8.4023    9.9136   12.7360
     205347_s_at 206401_s_at 208711_s_at 209173_at 209603_at 209791_at
[1,]      7.7184      9.9796     10.5924   12.9392   10.5793    8.1878
[2,]      7.0526      9.9498     10.7580   14.1501   10.5772    8.3732
[3,]      7.7606      6.0807     10.3026   14.5585   11.1181   10.3116
     212956_at 214164_x_at 215867_x_at 216092_s_at 218807_at 219051_x_at
[1,]   13.3600     12.6474     12.6194     10.4159   11.7120      8.5236
[2,]   13.2925     11.7852     11.5534      9.7648   11.2932      8.9626
[3,]   12.3582     12.7464     12.7285      8.3641   10.2407     10.7458
     201508_at 201555_at 203628_at 203963_at 204822_at 204825_at 205225_at
[1,]   10.2358    9.9499    9.4326   12.4052    7.3928    7.9851   13.8754
[2,]   10.4887    9.6616    9.8046   10.4033    6.1670    5.2744   11.7217
[3,]    9.3978    9.4638    7.9079    9.8307    6.6156    5.9481   10.9960
     205347_s_at 206401_s_at 208711_s_at 209173_at 209603_at 209791_at
[1,]      8.3232     10.6463      9.9668   13.2041   11.9790    9.2513
[2,]      7.4873      8.2532      8.8669   11.3631   10.8744    9.8296
[3,]      8.2573      7.4477      9.1992   11.1800    8.0211    9.2347
     212956_at 214164_x_at 215867_x_at 216092_s_at 218807_at 219051_x_at
[1,]   13.5201     12.7392     12.5744     10.6963   12.5435      9.5138
[2,]   12.5480     10.9092     11.0575      9.3780   10.8753      5.3641
[3,]   11.2917     10.6696     11.0769      9.3840   10.1820      7.1097
[1] "numgenes selected:19"
[1] "test acc:0.73"
[1] "test AUC acc:0.703921568627451"
[1] "10 fold train83.8461538461538"
[1] "confusion matrix train 10 fold"
          nci_y
pred10fold  1  2
         1 27  5
         2  6 92
[1] "confusion matrix test"
         test_y
pred_test  1  2
        1 10 22
        2  5 63
[1] "train acc:0.915384615384615"
[1] "confusion matrix train"
          nci_y
pred_train  1  2
         1 27  5
         2  6 92
[1] "DS index stage 1"
[1] NA
[1] "KI index stage 1"
[1] NA
[1] "dim of trainm is "
[1]   130 22283
[1]   130 22283
[1] "maxnum is "
[1] 5
[1] "# of genes left after filtering:"
[1]   130 22283
[1] "lasso"
[1] "Method name: lasso"
[1]   130 22283
nci_y
 1  2 
33 97 
learningset mode:  CV 
number of learningsets:  10 
(maximum) number of observations per learning set:  117 
[1] "one-vs-all"
GeneSelection: iteration 1 
Loaded glmnet 2.0-10


Attaching package: ‘glmnet’

The following object is masked from ‘package:pROC’:

    auc

GeneSelection: iteration 2 
GeneSelection: iteration 3 
GeneSelection: iteration 4 
GeneSelection: iteration 5 
GeneSelection: iteration 6 
GeneSelection: iteration 7 
GeneSelection: iteration 8 
GeneSelection: iteration 9 
GeneSelection: iteration 10 
genelist
 1083 15464  2667 11253  2211  8166 11968 18226  1326 18415  1732  3155  4208 
    9     7     6     4     3     3     3     3     2     2     1     1     1 
 4349  4352  5278  8550 18456 
    1     1     1     1     1 
[1] 18
[1] "varselmethod"
[1] "none"
[1] 18
[1] "Method: lasso"
[1] 18
[1] "dim of scoring matrix is "
[1] 22283     1
     Min.   1st Qu.    Median      Mean   3rd Qu.      Max. 
0.0000000 0.0000000 0.0000000 0.0008078 0.0000000 1.0000000 
[1] 18
[1] 22283
[1] "DS index stage 1"
[1] NA
[1] "bestgenelist"
 [1]  1083  1326  1732  2211  2667  3155  4208  4349  4352  5278  8166  8550
[13] 11253 11968 15464 18226 18415 18456
     201555_at 201798_s_at 202204_s_at 202683_s_at 203139_at 203628_at
[1,]    9.9323     11.6423      9.4116      8.8393    9.7965   10.7755
[2,]    9.5628     10.3129      9.5340      8.4030    8.3696    9.8410
[3,]   10.3905     11.6751      8.9780      8.3998    9.0933    9.4169
     204681_s_at 204822_at 204825_at 205751_at 208670_s_at 209056_s_at
[1,]      7.5046    7.2891    8.9393    5.3569      8.6539      9.1181
[2,]      8.7229    6.4251    7.7652    3.7733      9.5953      9.1722
[3,]      6.9584    8.4023    9.9136    2.5009      9.8134      9.2189
     211864_s_at 212583_at 216092_s_at 218862_at 219051_x_at 219092_s_at
[1,]     10.7931    6.8476     10.4159    9.8843      8.5236      8.0850
[2,]      9.0349    6.8369      9.7648   10.0105      8.9626      7.8239
[3,]     10.4934    7.3452      8.3641    9.0597     10.7458      7.9775
     201555_at 201798_s_at 202204_s_at 202683_s_at 203139_at 203628_at
[1,]    9.9499     10.8345      9.4123      8.8732    8.8140    9.4326
[2,]    9.6616     11.4169      9.0879      8.5511    8.7652    9.8046
[3,]    9.4638     10.0144      9.0964      8.5826    9.4426    7.9079
     204681_s_at 204822_at 204825_at 205751_at 208670_s_at 209056_s_at
[1,]      8.7098    7.3928    7.9851    5.4450      8.8319      9.3647
[2,]      8.1223    6.1670    5.2744    6.3482      9.8519      9.4486
[3,]      7.5006    6.6156    5.9481    6.0619      9.3521      8.8382
     211864_s_at 212583_at 216092_s_at 218862_at 219051_x_at 219092_s_at
[1,]      9.2348    7.5912     10.6963   10.4625      9.5138      8.3880
[2,]     10.1938    7.5112      9.3780    9.8143      5.3641      7.7368
[3,]      8.4931    4.6920      9.3840    9.3484      7.1097      7.4244
[1] "numgenes selected:18"
[1] "test acc:0.8"
[1] "test AUC acc:0.690196078431373"
[1] "10 fold train86.9230769230769"
[1] "confusion matrix train 10 fold"
          nci_y
pred10fold  1  2
         1 31  0
         2  2 97
[1] "confusion matrix test"
         test_y
pred_test  1  2
        1  8 13
        2  7 72
[1] "train acc:0.984615384615385"
[1] "confusion matrix train"
          nci_y
pred_train  1  2
         1 31  0
         2  2 97
[1] "DS index stage 1"
[1] NA
[1] "KI index stage 1"
[1] NA
[1] "dim of trainm is "
[1]   130 22283
[1]   130 22283
[1] "maxnum is "
[1] 5
[1] "# of genes left after filtering:"
[1]   130 22283
[1] "rfe"
[1] "Method name: rfe"
[1]   130 22283
nci_y
 1  2 
33 97 
learningset mode:  CV 
number of learningsets:  10 
(maximum) number of observations per learning set:  117 
[1] "one-vs-all"
GeneSelection: iteration 1 
GeneSelection: iteration 2 
GeneSelection: iteration 3 
GeneSelection: iteration 4 
GeneSelection: iteration 5 
GeneSelection: iteration 6 
GeneSelection: iteration 7 
GeneSelection: iteration 8 
GeneSelection: iteration 9 
GeneSelection: iteration 10 
[1] 21
[1] "varselmethod"
[1] "none"
[1] 21
[1] "Method: rfe"
[1] 21
[1] "dim of scoring matrix is "
[1] 22283     1
     Min.   1st Qu.    Median      Mean   3rd Qu.      Max. 
0.0000000 0.0000000 0.0000000 0.0009424 0.0000000 1.0000000 
[1] 21
[1] 22283
[1] "DS index stage 1"
[1] NA
[1] "bestgenelist"
 [1]  4441  4756  5005  5223  5240  5278  5357  5917  5927  8080  8388  8667
[13]  9052  9428 10190 11729 12153 13990 14152 18220 19398
     204914_s_at 205229_s_at 205478_at 205696_s_at 205713_s_at 205751_at
[1,]      6.9654      6.8695    7.9799     11.6168     10.0607    5.3569
[2,]      4.0367      5.4533    6.0596      9.5737      5.6228    3.7733
[3,]      3.6401      6.2767    5.5057      7.2600      6.8404    2.5009
     205830_at 206391_at 206401_s_at 208582_s_at 208893_s_at 209173_at
[1,]    9.0445    3.4701      9.9796      4.6231      4.0949   12.9392
[2,]    9.6145    3.0224      9.9498      2.7015      9.2703   14.1501
[3,]    7.0195    5.6946      6.0807      3.2545      3.9487   14.5585
     209560_s_at 209942_x_at 210729_at 212344_at 212768_s_at 214612_x_at
[1,]      7.8880      4.7646    0.2100    9.2335      5.1801      6.0516
[2,]      5.8444      4.9920    3.7256    7.4051      1.3965      5.7915
[3,]      7.3689      6.7492    3.7183    8.4941      5.2458      3.4135
     214776_x_at 218856_at 220034_at
[1,]      1.7390    6.2115    5.4109
[2,]      2.6600    8.8050    3.3392
[3,]      1.1441    9.9478    3.2968
     204914_s_at 205229_s_at 205478_at 205696_s_at 205713_s_at 205751_at
[1,]      4.5686      5.2668    4.8386      9.0616      5.2933    5.4450
[2,]      6.6256      7.1769   11.9784      7.7288      4.3142    6.3482
[3,]      6.1259      6.9284   12.5884      7.1560      4.5240    6.0619
     205830_at 206391_at 206401_s_at 208582_s_at 208893_s_at 209173_at
[1,]    8.7696    3.5486     10.6463      3.5125      7.6049   13.2041
[2,]    7.0550    8.0025      8.2532      2.8295      8.9154   11.3631
[3,]    6.8984    7.6557      7.4477      3.4439      9.1121   11.1800
     209560_s_at 209942_x_at 210729_at 212344_at 212768_s_at 214612_x_at
[1,]      7.6698      7.0897    3.3386   11.6005      1.8475      6.2012
[2,]     11.5012      5.3364    8.6422    8.1512      3.5364      7.0485
[3,]      7.7658      8.2446    6.5822    8.0329      4.6780      5.5564
     214776_x_at 218856_at 220034_at
[1,]      5.2993    6.8392    6.6028
[2,]      3.3782   10.2503    5.8614
[3,]      6.3081   10.6432    7.9160
[1] "numgenes selected:21"
[1] "test acc:0.8"
[1] "test AUC acc:0.580392156862745"
[1] "10 fold train85.3846153846154"
[1] "confusion matrix train 10 fold"
          nci_y
pred10fold  1  2
         1 31  0
         2  2 97
[1] "confusion matrix test"
         test_y
pred_test  1  2
        1  4  9
        2 11 76
[1] "train acc:0.984615384615385"
[1] "confusion matrix train"
          nci_y
pred_train  1  2
         1 31  0
         2  2 97
[1] "DS index stage 1"
[1] NA
[1] "KI index stage 1"
[1] NA
[1] "dim of trainm is "
[1]   130 22283
[1]   130 22283
[1] "maxnum is "
[1] 5
[1] "# of genes left after filtering:"
[1]   130 22283
[1] "elasticnet"
[1] "Method name: elasticnet"
[1]   130 22283
nci_y
 1  2 
33 97 
learningset mode:  CV 
number of learningsets:  10 
(maximum) number of observations per learning set:  117 
[1] "one-vs-all"
GeneSelection: iteration 1 
GeneSelection: iteration 2 
GeneSelection: iteration 3 
GeneSelection: iteration 4 
GeneSelection: iteration 5 
GeneSelection: iteration 6 
GeneSelection: iteration 7 
GeneSelection: iteration 8 
GeneSelection: iteration 9 
GeneSelection: iteration 10 
[1] 19
[1] "varselmethod"
[1] "none"
[1] 19
[1] "Method: elasticnet"
[1] 19
[1] "dim of scoring matrix is "
[1] 22283     1
     Min.   1st Qu.    Median      Mean   3rd Qu.      Max. 
0.0000000 0.0000000 0.0000000 0.0008527 0.0000000 1.0000000 
[1] 19
[1] 22283
[1] "DS index stage 1"
[1] NA
[1] "bestgenelist"
 [1]  1083  1326  1732  2211  2667  3155  4208  4349  4352  4756  4874  8166
[13] 11253 11968 12908 15464 18226 18415 20616
     201555_at 201798_s_at 202204_s_at 202683_s_at 203139_at 203628_at
[1,]    9.9323     11.6423      9.4116      8.8393    9.7965   10.7755
[2,]    9.5628     10.3129      9.5340      8.4030    8.3696    9.8410
[3,]   10.3905     11.6751      8.9780      8.3998    9.0933    9.4169
     204681_s_at 204822_at 204825_at 205229_s_at 205347_s_at 208670_s_at
[1,]      7.5046    7.2891    8.9393      6.8695      7.7184      8.6539
[2,]      8.7229    6.4251    7.7652      5.4533      7.0526      9.5953
[3,]      6.9584    8.4023    9.9136      6.2767      7.7606      9.8134
     211864_s_at 212583_at 213527_s_at 216092_s_at 218862_at 219051_x_at
[1,]     10.7931    6.8476      8.3307     10.4159    9.8843      8.5236
[2,]      9.0349    6.8369      8.4611      9.7648   10.0105      8.9626
[3,]     10.4934    7.3452      8.3283      8.3641    9.0597     10.7458
     221253_s_at
[1,]     11.5740
[2,]     11.6896
[3,]     11.6025
     201555_at 201798_s_at 202204_s_at 202683_s_at 203139_at 203628_at
[1,]    9.9499     10.8345      9.4123      8.8732    8.8140    9.4326
[2,]    9.6616     11.4169      9.0879      8.5511    8.7652    9.8046
[3,]    9.4638     10.0144      9.0964      8.5826    9.4426    7.9079
     204681_s_at 204822_at 204825_at 205229_s_at 205347_s_at 208670_s_at
[1,]      8.7098    7.3928    7.9851      5.2668      8.3232      8.8319
[2,]      8.1223    6.1670    5.2744      7.1769      7.4873      9.8519
[3,]      7.5006    6.6156    5.9481      6.9284      8.2573      9.3521
     211864_s_at 212583_at 213527_s_at 216092_s_at 218862_at 219051_x_at
[1,]      9.2348    7.5912      8.9791     10.6963   10.4625      9.5138
[2,]     10.1938    7.5112      8.8632      9.3780    9.8143      5.3641
[3,]      8.4931    4.6920      9.0826      9.3840    9.3484      7.1097
     221253_s_at
[1,]     11.2380
[2,]     11.0556
[3,]     10.9418
[1] "numgenes selected:19"
[1] "test acc:0.77"
[1] "test AUC acc:0.672549019607843"
[1] "10 fold train86.9230769230769"
[1] "confusion matrix train 10 fold"
          nci_y
pred10fold  1  2
         1 30  1
         2  3 96
[1] "confusion matrix test"
         test_y
pred_test  1  2
        1  8 16
        2  7 69
[1] "train acc:0.969230769230769"
[1] "confusion matrix train"
          nci_y
pred_train  1  2
         1 30  1
         2  3 96
[1] "DS index stage 1"
[1] NA
[1] "KI index stage 1"
[1] NA
[1] "dim of trainm is "
[1]   130 22283
[1]   130 22283
[1] "maxnum is "
[1] 5
[1] "# of genes left after filtering:"
[1]   130 22283
[1] "f.test"
[1] "Method name: f.test"
[1]   130 22283
nci_y
 1  2 
33 97 
learningset mode:  CV 
number of learningsets:  10 
(maximum) number of observations per learning set:  117 
[1] "one-vs-all"
GeneSelection: iteration 1 
GeneSelection: iteration 2 
GeneSelection: iteration 3 
GeneSelection: iteration 4 
GeneSelection: iteration 5 
GeneSelection: iteration 6 
GeneSelection: iteration 7 
GeneSelection: iteration 8 
GeneSelection: iteration 9 
GeneSelection: iteration 10 
[1] 21
[1] "varselmethod"
[1] "none"
[1] 21
[1] "Method: f.test"
[1] 21
[1] "dim of scoring matrix is "
[1] 22283     1
     Min.   1st Qu.    Median      Mean   3rd Qu.      Max. 
0.0000000 0.0000000 0.0000000 0.0009424 0.0000000 1.0000000 
[1] 21
[1] 22283
[1] "DS index stage 1"
[1] NA
[1] "bestgenelist"
 [1]  1036  1083  3155  3490  4349  4352  4752  4874  5927  8206  8667  9093
[13]  9279 12339 12908 13543 15240 15464 17848 18171 18415
     201508_at 201555_at 203628_at 203963_at 204822_at 204825_at 205225_at
[1,]   10.8379    9.9323   10.7755   12.0638    7.2891    8.9393   13.0759
[2,]    8.8812    9.5628    9.8410   11.3553    6.4251    7.7652   13.7616
[3,]   12.8232   10.3905    9.4169   12.3832    8.4023    9.9136   12.7360
     205347_s_at 206401_s_at 208711_s_at 209173_at 209603_at 209791_at
[1,]      7.7184      9.9796     10.5924   12.9392   10.5793    8.1878
[2,]      7.0526      9.9498     10.7580   14.1501   10.5772    8.3732
[3,]      7.7606      6.0807     10.3026   14.5585   11.1181   10.3116
     212956_at 213527_s_at 214164_x_at 215867_x_at 216092_s_at 218483_s_at
[1,]   13.3600      8.3307     12.6474     12.6194     10.4159      9.0313
[2,]   13.2925      8.4611     11.7852     11.5534      9.7648      9.4996
[3,]   12.3582      8.3283     12.7464     12.7285      8.3641      8.4938
     218807_at 219051_x_at
[1,]   11.7120      8.5236
[2,]   11.2932      8.9626
[3,]   10.2407     10.7458
     201508_at 201555_at 203628_at 203963_at 204822_at 204825_at 205225_at
[1,]   10.2358    9.9499    9.4326   12.4052    7.3928    7.9851   13.8754
[2,]   10.4887    9.6616    9.8046   10.4033    6.1670    5.2744   11.7217
[3,]    9.3978    9.4638    7.9079    9.8307    6.6156    5.9481   10.9960
     205347_s_at 206401_s_at 208711_s_at 209173_at 209603_at 209791_at
[1,]      8.3232     10.6463      9.9668   13.2041   11.9790    9.2513
[2,]      7.4873      8.2532      8.8669   11.3631   10.8744    9.8296
[3,]      8.2573      7.4477      9.1992   11.1800    8.0211    9.2347
     212956_at 213527_s_at 214164_x_at 215867_x_at 216092_s_at 218483_s_at
[1,]   13.5201      8.9791     12.7392     12.5744     10.6963     10.3258
[2,]   12.5480      8.8632     10.9092     11.0575      9.3780      9.4904
[3,]   11.2917      9.0826     10.6696     11.0769      9.3840      9.4157
     218807_at 219051_x_at
[1,]   12.5435      9.5138
[2,]   10.8753      5.3641
[3,]   10.1820      7.1097
[1] "numgenes selected:21"
[1] "test acc:0.73"
[1] "test AUC acc:0.703921568627451"
[1] "10 fold train83.0769230769231"
[1] "confusion matrix train 10 fold"
          nci_y
pred10fold  1  2
         1 27  4
         2  6 93
[1] "confusion matrix test"
         test_y
pred_test  1  2
        1 10 22
        2  5 63
[1] "train acc:0.923076923076923"
[1] "confusion matrix train"
          nci_y
pred_train  1  2
         1 27  4
         2  6 93
[1] "DS index stage 1"
[1] NA
[1] "KI index stage 1"
[1] NA
There were 32 warnings (use warnings() to see them)
> #1
> CMAres<-performCMA(trainm, trainclass, testm, testclass,outloc,
+ maxnum=as.numeric(args[10]),
+ minnum=3,
+ stepitr=1,
+ gsmethods=c("limma","lasso","rfe","elasticnet", "f.test"), #"lasso","elasticnet","kruskal.test"), #"f.test", "f.test", "elasticnet", "wilcox.test", "welch.test"),
+ pct_train=0.40,
+ accuracyweight=1,
+ featweight=0.06,
+ minpresent=1,
+ kname="radial",
+ norm_method="none",
+ tolerance=0.5,
+ maxitrs=5,
+ classindex=1,
+ numfacts=0,
+ evalmethod="CV",
+ numfolds=10,
+ CVfoldthresh=0.7,
+ varselmethod=args[11],
+ scheme_val="one-vs-all",
+ iter_learn=1,boostweight=rep(0,dim(trainm)[2]))
[1] "dim of trainm is "
[1]   130 22283
[1]   130 22283
[1] "maxnum is "
[1] 5
[1] "# of genes left after filtering:"
[1]   130 22283
[1] "limma"      "lasso"      "rfe"        "elasticnet" "f.test"    
[1] "Method name: limma"
[1]   130 22283
nci_y
 1  2 
33 97 
learningset mode:  CV 
number of learningsets:  10 
(maximum) number of observations per learning set:  117 
[1] "one-vs-all"
GeneSelection: iteration 1 
GeneSelection: iteration 2 
GeneSelection: iteration 3 
GeneSelection: iteration 4 
GeneSelection: iteration 5 
GeneSelection: iteration 6 
GeneSelection: iteration 7 
GeneSelection: iteration 8 
GeneSelection: iteration 9 
GeneSelection: iteration 10 
[1] 19
[1] "varselmethod"
[1] "none"
[1] 19
[1] "Method: limma"
[1] 19
[1] "Method name: lasso"
[1]   130 22283
nci_y
 1  2 
33 97 
learningset mode:  CV 
number of learningsets:  10 
(maximum) number of observations per learning set:  117 
[1] "one-vs-all"
GeneSelection: iteration 1 
GeneSelection: iteration 2 
GeneSelection: iteration 3 
GeneSelection: iteration 4 
GeneSelection: iteration 5 
GeneSelection: iteration 6 
GeneSelection: iteration 7 
GeneSelection: iteration 8 
GeneSelection: iteration 9 
GeneSelection: iteration 10 
genelist
 1083 15464  2667 11253  2211  8166 11968 18226  1326 18415  1732  3155  4208 
    9     7     6     4     3     3     3     3     2     2     1     1     1 
 4349  4352  5278  8550 18456 
    1     1     1     1     1 
[1] 18
[1] "varselmethod"
[1] "none"
[1] 18
[1] "Method: lasso"
[1] 18
[1] "Method name: rfe"
[1]   130 22283
nci_y
 1  2 
33 97 
learningset mode:  CV 
number of learningsets:  10 
(maximum) number of observations per learning set:  117 
[1] "one-vs-all"
GeneSelection: iteration 1 
GeneSelection: iteration 2 
GeneSelection: iteration 3 
GeneSelection: iteration 4 
GeneSelection: iteration 5 
GeneSelection: iteration 6 
GeneSelection: iteration 7 
GeneSelection: iteration 8 
GeneSelection: iteration 9 
GeneSelection: iteration 10 
[1] 21
[1] "varselmethod"
[1] "none"
[1] 21
[1] "Method: rfe"
[1] 21
[1] "Method name: elasticnet"
[1]   130 22283
nci_y
 1  2 
33 97 
learningset mode:  CV 
number of learningsets:  10 
(maximum) number of observations per learning set:  117 
[1] "one-vs-all"
GeneSelection: iteration 1 
GeneSelection: iteration 2 
GeneSelection: iteration 3 
GeneSelection: iteration 4 
GeneSelection: iteration 5 
GeneSelection: iteration 6 
GeneSelection: iteration 7 
GeneSelection: iteration 8 
GeneSelection: iteration 9 
GeneSelection: iteration 10 
[1] 19
[1] "varselmethod"
[1] "none"
[1] 19
[1] "Method: elasticnet"
[1] 19
[1] "Method name: f.test"
[1]   130 22283
nci_y
 1  2 
33 97 
learningset mode:  CV 
number of learningsets:  10 
(maximum) number of observations per learning set:  117 
[1] "one-vs-all"
GeneSelection: iteration 1 
GeneSelection: iteration 2 
GeneSelection: iteration 3 
GeneSelection: iteration 4 
GeneSelection: iteration 5 
GeneSelection: iteration 6 
GeneSelection: iteration 7 
GeneSelection: iteration 8 
GeneSelection: iteration 9 
GeneSelection: iteration 10 
[1] 21
[1] "varselmethod"
[1] "none"
[1] 21
[1] "Method: f.test"
[1] 21
[1] "dim of scoring matrix is "
[1] 22283     5
    Min.  1st Qu.   Median     Mean  3rd Qu.     Max. 
0.000000 0.000000 0.000000 0.004398 0.000000 4.000000 
[1] 52
[1] 22283
[1] "DS index stage 1"
[1] 0.3457769
[1] "bestgenelist"
 [1]  1036  1083  1326  1732  2211  2667  3155  3490  4208  4349  4352  4441
[13]  4752  4756  4874  5005  5223  5240  5278  5357  5917  5927  8080  8166
[25]  8206  8388  8550  8667  9052  9093  9279  9428 10190 11253 11729 11968
[37] 12153 12339 12908 13543 13990 14152 15240 15464 17848 18171 18220 18226
[49] 18415 18456 19398 20616
     201508_at 201555_at 201798_s_at 202204_s_at 202683_s_at 203139_at
[1,]   10.8379    9.9323     11.6423      9.4116      8.8393    9.7965
[2,]    8.8812    9.5628     10.3129      9.5340      8.4030    8.3696
[3,]   12.8232   10.3905     11.6751      8.9780      8.3998    9.0933
     203628_at 203963_at 204681_s_at 204822_at 204825_at 204914_s_at 205225_at
[1,]   10.7755   12.0638      7.5046    7.2891    8.9393      6.9654   13.0759
[2,]    9.8410   11.3553      8.7229    6.4251    7.7652      4.0367   13.7616
[3,]    9.4169   12.3832      6.9584    8.4023    9.9136      3.6401   12.7360
     205229_s_at 205347_s_at 205478_at 205696_s_at 205713_s_at 205751_at
[1,]      6.8695      7.7184    7.9799     11.6168     10.0607    5.3569
[2,]      5.4533      7.0526    6.0596      9.5737      5.6228    3.7733
[3,]      6.2767      7.7606    5.5057      7.2600      6.8404    2.5009
     205830_at 206391_at 206401_s_at 208582_s_at 208670_s_at 208711_s_at
[1,]    9.0445    3.4701      9.9796      4.6231      8.6539     10.5924
[2,]    9.6145    3.0224      9.9498      2.7015      9.5953     10.7580
[3,]    7.0195    5.6946      6.0807      3.2545      9.8134     10.3026
     208893_s_at 209056_s_at 209173_at 209560_s_at 209603_at 209791_at
[1,]      4.0949      9.1181   12.9392      7.8880   10.5793    8.1878
[2,]      9.2703      9.1722   14.1501      5.8444   10.5772    8.3732
[3,]      3.9487      9.2189   14.5585      7.3689   11.1181   10.3116
     209942_x_at 210729_at 211864_s_at 212344_at 212583_at 212768_s_at
[1,]      4.7646    0.2100     10.7931    9.2335    6.8476      5.1801
[2,]      4.9920    3.7256      9.0349    7.4051    6.8369      1.3965
[3,]      6.7492    3.7183     10.4934    8.4941    7.3452      5.2458
     212956_at 213527_s_at 214164_x_at 214612_x_at 214776_x_at 215867_x_at
[1,]   13.3600      8.3307     12.6474      6.0516      1.7390     12.6194
[2,]   13.2925      8.4611     11.7852      5.7915      2.6600     11.5534
[3,]   12.3582      8.3283     12.7464      3.4135      1.1441     12.7285
     216092_s_at 218483_s_at 218807_at 218856_at 218862_at 219051_x_at
[1,]     10.4159      9.0313   11.7120    6.2115    9.8843      8.5236
[2,]      9.7648      9.4996   11.2932    8.8050   10.0105      8.9626
[3,]      8.3641      8.4938   10.2407    9.9478    9.0597     10.7458
     219092_s_at 220034_at 221253_s_at
[1,]      8.0850    5.4109     11.5740
[2,]      7.8239    3.3392     11.6896
[3,]      7.9775    3.2968     11.6025
     201508_at 201555_at 201798_s_at 202204_s_at 202683_s_at 203139_at
[1,]   10.2358    9.9499     10.8345      9.4123      8.8732    8.8140
[2,]   10.4887    9.6616     11.4169      9.0879      8.5511    8.7652
[3,]    9.3978    9.4638     10.0144      9.0964      8.5826    9.4426
     203628_at 203963_at 204681_s_at 204822_at 204825_at 204914_s_at 205225_at
[1,]    9.4326   12.4052      8.7098    7.3928    7.9851      4.5686   13.8754
[2,]    9.8046   10.4033      8.1223    6.1670    5.2744      6.6256   11.7217
[3,]    7.9079    9.8307      7.5006    6.6156    5.9481      6.1259   10.9960
     205229_s_at 205347_s_at 205478_at 205696_s_at 205713_s_at 205751_at
[1,]      5.2668      8.3232    4.8386      9.0616      5.2933    5.4450
[2,]      7.1769      7.4873   11.9784      7.7288      4.3142    6.3482
[3,]      6.9284      8.2573   12.5884      7.1560      4.5240    6.0619
     205830_at 206391_at 206401_s_at 208582_s_at 208670_s_at 208711_s_at
[1,]    8.7696    3.5486     10.6463      3.5125      8.8319      9.9668
[2,]    7.0550    8.0025      8.2532      2.8295      9.8519      8.8669
[3,]    6.8984    7.6557      7.4477      3.4439      9.3521      9.1992
     208893_s_at 209056_s_at 209173_at 209560_s_at 209603_at 209791_at
[1,]      7.6049      9.3647   13.2041      7.6698   11.9790    9.2513
[2,]      8.9154      9.4486   11.3631     11.5012   10.8744    9.8296
[3,]      9.1121      8.8382   11.1800      7.7658    8.0211    9.2347
     209942_x_at 210729_at 211864_s_at 212344_at 212583_at 212768_s_at
[1,]      7.0897    3.3386      9.2348   11.6005    7.5912      1.8475
[2,]      5.3364    8.6422     10.1938    8.1512    7.5112      3.5364
[3,]      8.2446    6.5822      8.4931    8.0329    4.6920      4.6780
     212956_at 213527_s_at 214164_x_at 214612_x_at 214776_x_at 215867_x_at
[1,]   13.5201      8.9791     12.7392      6.2012      5.2993     12.5744
[2,]   12.5480      8.8632     10.9092      7.0485      3.3782     11.0575
[3,]   11.2917      9.0826     10.6696      5.5564      6.3081     11.0769
     216092_s_at 218483_s_at 218807_at 218856_at 218862_at 219051_x_at
[1,]     10.6963     10.3258   12.5435    6.8392   10.4625      9.5138
[2,]      9.3780      9.4904   10.8753   10.2503    9.8143      5.3641
[3,]      9.3840      9.4157   10.1820   10.6432    9.3484      7.1097
     219092_s_at 220034_at 221253_s_at
[1,]      8.3880    6.6028     11.2380
[2,]      7.7368    5.8614     11.0556
[3,]      7.4244    7.9160     10.9418
[1] "numgenes selected:52"
[1] "test acc:0.8"
[1] "test AUC acc:0.690196078431373"
[1] "10 fold train91.5384615384615"
[1] "confusion matrix train 10 fold"
          nci_y
pred10fold  1  2
         1 33  0
         2  0 97
[1] "confusion matrix test"
         test_y
pred_test  1  2
        1  8 13
        2  7 72
[1] "train acc:1"
[1] "confusion matrix train"
          nci_y
pred_train  1  2
         1 33  0
         2  0 97
[1] "DS index stage 1"
[1] 0.3457769
[1] "KI index stage 1"
[1] 1.340076
Warning messages:
1: In if (is.na(boostweight) == TRUE) { :
  the condition has length > 1 and only the first element will be used
2: In if (is.na(testm) == TRUE) { :
  the condition has length > 1 and only the first element will be used
3: In if (is.na(testclass) == TRUE) { :
  the condition has length > 1 and only the first element will be used
> 
> cma_feat_list<-colnames(trainm)
> 
> save(CMAres,file="CMAres.Rda")
> write.table(cma_feat_list,file="selected_cma_feat_list.txt",sep="t",row.names=FALSE)
> 
> # modtraindata=modtrain, modtestdata=modtest, blindtest=testacc, modtrainclass=nci_y, modtestclass=test_y
> #if(FALSE)
> {
+ trainm<-CMAres$modtraindata
+ testm<-CMAres$modtestdata
+ trainclass<-CMAres$modtrainclass
+ testclass<-CMAres$modtestclass
+ learningsets<-CMAres$learningsets
+ }
> 
> if(FALSE)
+ {
+ trainclass<-trainm[,1] #CMAres$modtrainclass
+ testclass<-testm[,1] #CMAres$modtestclass
+ trainm<-trainm[,-c(1)] #CMAres$modtrainmata
+ testm<-testm[,-c(1)] #CMAres$modtestmata
+ 
+ }
> 
> d_dim<-dim(trainm)
> 
> print("Original dimension")
[1] "Original dimension"
> print(d_dim)
[1] 130  52
> 
> system.time(psores<-run_pso(outloc=outloc,trainm,trainclass,testm,testclass,transition_matrix,c1=2.05,
+ c2=2.05,
+ itr=10,
+ globalpso_maxitr=10,
+ global_max_itr=5,
+ num_part=20,
+ kname="radial",
+ errortype="BER",
+ weightA<-as.numeric(args[1]),
+ weightB<-as.numeric(args[2]),
+ weightC<-as.numeric(args[3]),
+ weightD<-as.numeric(args[4]),
+ featweight.max=0.01,
+ featweight.min=0.01,
+ numfolds=10,
+ followerprob=as.numeric(args[6]),
+ confusionprob=as.numeric(args[7]),
+ leaderprob=as.numeric(args[8]),
+ wmax=1,
+ wmin=1,
+ behavior_reset_itr=5,
+ maxitrreset=10,
+ num_neighbors=3,
+ minselect.pct=0.5,
+ evalMode="CV2",
+ minfitnessthresh=50,
+ maxnum=as.numeric(args[10]),minnum=3,inertia_method=args[5],particlebehav_method="randbased",constriction_factor=1,
+ select.global.best=TRUE,numnodes=4,evalFunc=eval_fit_kfold_diff,itr.terminate=FALSE,train.pct=0.8))
[1] "c1: 2.05"
[1] "c2: 2.05"
[1] "itr: 10"
[1] "globalpso_maxitr: 10"
[1] "global_max_itr: 5"
[1] "num_part: 20"
[1] "kname: radial"
[1] "errortype: BER"
[1] "weightA: 0.7"
[1] "weightB: 0.2"
[1] "weightC: 0.05"
[1] "weightD: 0.05"
[1] "featweight.max: 0.01"
[1] "featweight.min: 0.01"
[1] "numfolds: 10"
[1] "followerprob: 0.45"
[1] "confusionprob: 0.2"
[1] "leaderprob: 0.25"
[1] "wmax: 1"
[1] "wmin: 1"
[1] "behavior_reset_itr: 5"
[1] "maxitrreset: 10"
[1] "num_neighbors: 3"
[1] "minselect.pct: 0.5"
[1] "minfitnessthresh: 50"
[1] "maxnum: 5"
[1] "minnum: 3"
[1] "inertia_method: global"
[1] "particlebehav_method: randbased"
[1] "constriction_factor: 1"
[1] "select.global.best: TRUE"
[1] "train 10 fold"
[1] 90.76923
[1] "here"
[1] "s"
[1] 104
[1] 130  52
[1] 10
[1] "learning sets: 1"
  [1] 110 106  24 109  32  30  33 120 103  74  41  93  54   8  91  14  31  22
 [19]  15  29  89  66  78  43  17  46  67  49 125  58 112  36 130  92 101 123
 [37] 115  65  52  25  40  85  42 126  63 116  48 118  69   1  20   2  50  96
 [55]  73  60  68  87 102  59  82  75 114 113  16   5  34  13 111  39  28  86
 [73]  44  95  51 105  10 121  21 100  72  11  47  38  53 108  61   4 104  18
 [91]  55  64  70 124  79 122   7  77  84 127  81 107   6  71
[1] "Starting global iteration number : 1"
[1] "iteration number: "
[1] 1
[1] "Best fitness updated to:"
[1] -37.73486
[1] "Best solution:"
 [1] NA NA NA NA NA NA NA NA NA NA NA NA NA NA NA NA NA NA NA NA NA NA NA NA NA
[26] NA NA NA NA NA NA NA NA NA NA NA NA NA NA NA NA NA NA NA NA NA NA NA NA NA
[51] NA NA
[1] 0
[1] "iteration number: "
[1] 2
[1] "Best fitness updated to:"
[1] -44.16188
[1] "Best solution:"
 [1] 0 1 0 0 1 0 1 0 0 0 1 0 0 1 1 1 1 0 1 1 1 0 1 0 0 0 0 0 0 1 1 1 1 1 1 0 0 0
[39] 1 1 0 1 1 1 1 0 1 0 0 0 1 1
[1] 27
[1] "iteration number: "
[1] 3
[1] "iteration number: "
[1] 4
[1] "iteration number: "
[1] 5
[1] "iteration number: "
[1] 6
[1] "Best fitness updated to:"
[1] -49.60704
[1] "Best solution:"
 [1] 0 0 0 0 1 0 0 1 1 0 0 1 0 0 0 0 0 0 1 1 0 0 0 0 0 1 0 0 1 1 0 1 0 0 0 1 1 0
[39] 0 0 0 0 1 0 1 0 1 0 0 1 1 0
[1] 17
[1] "iteration number: "
[1] 7
[1] "iteration number: "
[1] 8
[1] "iteration number: "
[1] 9
[1] "iteration number: "
[1] 10
[1] "iteration number: "
[1] 11
[1] "iteration number: "
[1] 12
[1] "iteration number: "
[1] 13
[1] "iteration number: "
[1] 14
[1] "Best fitness updated to:"
[1] -50.55283
[1] "Best solution:"
 [1] 1 1 1 1 1 0 1 0 1 1 1 1 0 0 1 1 1 0 1 0 0 0 1 1 1 1 1 1 0 1 1 1 1 1 1 1 0 0
[39] 1 0 0 0 0 1 1 1 1 1 0 0 0 1
[1] 34
[1] "iteration number: "
[1] 15
[1] "iteration number: "
[1] 16
[1] "iteration number: "
[1] 17
[1] "iteration number: "
[1] 18
[1] "iteration number: "
[1] 19
[1] "Best fitness updated to:"
[1] -51.00411
[1] "Best solution:"
 [1] 1 0 0 1 0 0 1 0 0 0 1 0 0 0 0 1 0 0 0 0 0 1 1 0 0 0 0 0 0 0 0 0 1 1 0 1 0 0
[39] 0 0 0 0 0 1 1 1 0 1 0 0 0 0
[1] 14
[1] "iteration number: "
[1] 20
[1] "iteration number: "
[1] 21
[1] "iteration number: "
[1] 22
[1] "iteration number: "
[1] 23
[1] "iteration number: "
[1] 24
[1] "iteration number: "
[1] 25
[1] "iteration number: "
[1] 26
[1] "iteration number: "
[1] 27
[1] "iteration number: "
[1] 28
[1] "iteration number: "
[1] 29
[1] "Best fitness updated to:"
[1] -51.60911
[1] "Best solution:"
 [1] 0 1 1 1 1 0 1 0 1 0 1 0 0 0 0 1 1 0 1 0 0 0 1 0 1 0 0 0 0 0 1 1 1 1 0 1 0 1
[39] 0 0 1 0 0 1 1 1 0 0 0 0 0 1
[1] 23
[1] "iteration number: "
[1] 30
[1] "Best fitness updated to:"
[1] -53.05376
[1] "Best solution:"
 [1] 0 0 1 1 1 0 1 0 1 1 1 0 0 0 0 1 1 0 1 0 0 0 1 0 0 1 0 0 0 0 0 1 0 1 0 1 0 1
[39] 1 0 1 0 0 1 1 1 1 1 0 0 0 1
[1] 24
[1] "iteration number: "
[1] 31
[1] "iteration number: "
[1] 32
[1] "iteration number: "
[1] 33
[1] "iteration number: "
[1] 34
[1] "iteration number: "
[1] 35
[1] "iteration number: "
[1] 36
[1] "Best fitness updated to:"
[1] -53.41185
[1] "Best solution:"
 [1] 0 0 1 1 1 0 1 0 1 0 1 0 0 0 0 1 1 0 1 0 0 0 1 0 1 1 0 0 0 0 0 1 1 1 0 1 0 1
[39] 0 0 1 0 0 1 1 1 1 0 0 0 0 1
[1] 23
[1] "iteration number: "
[1] 37
[1] "iteration number: "
[1] 38
[1] "iteration number: "
[1] 39
[1] "iteration number: "
[1] 40
[1] "iteration number: "
[1] 41
[1] "iteration number: "
[1] 42
[1] "iteration number: "
[1] 43
[1] "Best fitness updated to:"
[1] -54.49487
[1] "Best solution:"
 [1] 0 0 1 1 1 0 1 0 1 0 1 0 0 0 0 1 1 0 1 0 0 0 1 0 1 1 0 0 0 0 0 1 1 1 0 1 0 0
[39] 0 0 0 0 0 1 1 1 1 0 0 0 0 1
[1] 21
[1] "iteration number: "
[1] 44
[1] "iteration number: "
[1] 45
[1] "iteration number: "
[1] 46
[1] "iteration number: "
[1] 47
[1] "iteration number: "
[1] 48
[1] "iteration number: "
[1] 49
[1] "Best fitness updated to:"
[1] -54.57179
[1] "Best solution:"
 [1] 0 0 1 1 1 0 1 0 1 0 1 0 0 0 0 1 1 0 1 0 0 1 1 0 0 1 0 0 0 0 0 1 1 1 0 1 0 0
[39] 0 0 0 0 0 1 1 1 1 0 0 0 0 1
[1] 21
[1] "iteration number: "
[1] 50
[1] "Best fitness updated to:"
[1] -54.64312
[1] "Best solution:"
 [1] 0 0 1 1 1 0 1 0 1 0 1 0 1 0 0 1 1 0 1 0 0 1 1 0 0 1 0 0 0 0 0 1 1 1 0 1 0 0
[39] 0 0 0 0 0 1 1 1 1 0 0 0 0 1
[1] 22
[1] "iteration number: "
[1] 51
[1] "iteration number: "
[1] 52
[1] "iteration number: "
[1] 53
[1] "iteration number: "
[1] 54
[1] "iteration number: "
[1] 55
[1] "iteration number: "
[1] 56
[1] "iteration number: "
[1] 57
[1] "iteration number: "
[1] 58
[1] "iteration number: "
[1] 59
[1] "iteration number: "
[1] 60
[1] "iteration number: "
[1] 61
[1] "RE-INITIALIZING..."
[1] 1
[1] 5
[1] 43
 [1] 4 2 2 2 2 4 3 3 2 3 1 2 1 2 1 2 3 1 4 2
[1] "iteration number: "
[1] 62
[1] "iteration number: "
[1] 63
[1] "iteration number: "
[1] 64
[1] "iteration number: "
[1] 65
[1] "iteration number: "
[1] 66
[1] "iteration number: "
[1] 67
[1] "iteration number: "
[1] 68
[1] "iteration number: "
[1] 69
[1] "iteration number: "
[1] 70
[1] "iteration number: "
[1] 71
[1] "iteration number: "
[1] 72
[1] "RE-INITIALIZING..."
[1] 2
[1] 5
[1] 40
 [1] 3 3 1 2 2 2 2 3 2 1 2 3 2 2 2 1 2 2 1 2
[1] "iteration number: "
[1] 73
[1] "iteration number: "
[1] 74
[1] "iteration number: "
[1] 75
[1] "iteration number: "
[1] 76
[1] "iteration number: "
[1] 77
[1] "iteration number: "
[1] 78
[1] "iteration number: "
[1] 79
[1] "iteration number: "
[1] 80
[1] "iteration number: "
[1] 81
[1] "iteration number: "
[1] 82
[1] "iteration number: "
[1] 83
[1] "RE-INITIALIZING..."
[1] 3
[1] 5
[1] 33
 [1] 1 4 2 3 3 2 3 3 2 3 2 3 2 1 2 3 2 2 3 3
[1] "iteration number: "
[1] 84
[1] "iteration number: "
[1] 85
[1] "iteration number: "
[1] 86
[1] "iteration number: "
[1] 87
[1] "iteration number: "
[1] 88
[1] "iteration number: "
[1] 89
[1] "iteration number: "
[1] 90
[1] "iteration number: "
[1] 91
[1] "iteration number: "
[1] 92
[1] "iteration number: "
[1] 93
[1] "iteration number: "
[1] 94
[1] "RE-INITIALIZING..."
[1] 4
[1] 5
[1] 33
 [1] 1 4 2 3 3 2 3 3 2 3 2 3 2 1 2 3 2 2 3 3
[1] "iteration number: "
[1] 95
[1] "iteration number: "
[1] 96
[1] "iteration number: "
[1] 97
[1] "iteration number: "
[1] 98
[1] "iteration number: "
[1] 99
[1] "iteration number: "
[1] 100
[1] "iteration number: "
[1] 101
[1] "iteration number: "
[1] 102
[1] "iteration number: "
[1] 103
[1] "iteration number: "
[1] 104
[1] "iteration number: "
[1] 105
[1] "RE-INITIALIZING..."
[1] 5
[1] 5
[1] 32
 [1] 4 2 2 2 2 4 3 3 2 3 1 2 1 2 1 2 3 1 4 2
[1] "iteration number: "
[1] 106
[1] "iteration number: "
[1] 107
[1] "iteration number: "
[1] 108
[1] "iteration number: "
[1] 109
[1] "iteration number: "
[1] 110
[1] "iteration number: "
[1] 111
[1] "iteration number: "
[1] 112
[1] "iteration number: "
[1] 113
[1] "iteration number: "
[1] 114
[1] "iteration number: "
[1] 115
[1] "iteration number: "
[1] 116
[1] "RE-INITIALIZING..."
[1] 6
[1] 5
[1] 35
[1] "No change for 6 iterations. Exiting PSO."
 [1]  3  4  5  7  9 11 16 17 19 23 26 29 32 33 34 36 41 44 45 46 47 48 52
[1] 1
[1] "##################################"
[1] "Results summary for itr:1"
[1] "number of features selected using population mean"
[1] 23
[1] "number of features selected using current global best"
[1] 23
[1] "feat ind length"
[1] 23
[1] "best accuracy"
[1] 54.64312
[1] "test acc:0.923076923076923"
[1] "##################################"
[1] "learning sets: 2"
  [1] 120  41  14  56  22  74  66  93  54  31  91   8  43  90  46  15  24 110
 [19]  33 106   9  99  12  78  98  32  51   5  37  62  58  34 129 104  23  48
 [37]  75  39   2  18  52  27 119 117  82  36  77 116  79   3 111  38  95  70
 [55]  20  13 112  87  49  21  28  57 114  40 101 122 100  84  86  10 123  67
 [73]   6 113  44  61  68  85 118  97   7  71  45  16  47  19   4  76  53 128
 [91]  88  11  35  59  25 130  60  96  65  42  64  94 124  69
[1] "Starting global iteration number : 2"
[1] "iteration number: "
[1] 1
[1] "Best fitness updated to:"
[1] -33.16933
[1] "Best solution:"
 [1] NA NA NA NA NA NA NA NA NA NA NA NA NA NA NA NA NA NA NA NA NA NA NA NA NA
[26] NA NA NA NA NA NA NA NA NA NA NA NA NA NA NA NA NA NA NA NA NA NA NA NA NA
[51] NA NA
[1] 0
[1] "iteration number: "
[1] 2
[1] "Best fitness updated to:"
[1] -39.4709
[1] "Best solution:"
 [1] 0 1 0 0 1 0 1 0 0 0 1 0 0 1 1 1 1 0 1 1 1 0 1 0 0 0 0 0 0 1 1 1 1 1 1 0 0 0
[39] 1 1 0 1 1 1 1 0 1 0 0 0 1 1
[1] 27
[1] "iteration number: "
[1] 3
[1] "Best fitness updated to:"
[1] -42.36598
[1] "Best solution:"
 [1] 0 1 0 1 1 1 0 0 0 0 0 1 1 1 1 0 1 0 0 1 0 0 1 0 0 1 0 1 0 0 0 1 0 0 1 1 1 0
[39] 0 1 0 1 1 1 1 0 1 0 0 0 0 1
[1] 24
[1] "iteration number: "
[1] 4
[1] "Best fitness updated to:"
[1] -43.44351
[1] "Best solution:"
 [1] 1 1 0 0 1 1 0 1 1 1 0 0 0 0 0 0 1 0 1 1 0 0 1 0 0 1 0 1 1 1 0 1 1 1 0 1 1 1
[39] 1 0 1 1 1 0 0 1 1 1 1 1 1 1
[1] 32
[1] "iteration number: "
[1] 5
[1] "iteration number: "
[1] 6
[1] "iteration number: "
[1] 7
[1] "iteration number: "
[1] 8
[1] "iteration number: "
[1] 9
[1] "iteration number: "
[1] 10
[1] "Best fitness updated to:"
[1] -44.78937
[1] "Best solution:"
 [1] 1 1 0 1 1 1 0 1 1 0 1 1 0 0 0 0 1 1 1 0 1 1 1 0 1 1 1 1 1 1 0 1 1 1 0 1 1 0
[39] 1 1 0 1 1 1 0 1 1 1 0 1 0 1
[1] 36
[1] "iteration number: "
[1] 11
[1] "iteration number: "
[1] 12
[1] "iteration number: "
[1] 13
[1] "Best fitness updated to:"
[1] -46.4001
[1] "Best solution:"
 [1] 1 1 0 1 1 1 0 1 1 0 1 1 0 0 0 0 1 1 1 1 1 1 1 1 1 1 1 0 0 1 0 1 0 1 0 1 1 1
[39] 1 1 1 0 1 1 0 1 1 1 1 1 1 1
[1] 38
[1] "iteration number: "
[1] 14
[1] "iteration number: "
[1] 15
[1] "iteration number: "
[1] 16
[1] "iteration number: "
[1] 17
[1] "iteration number: "
[1] 18
[1] "iteration number: "
[1] 19
[1] "Best fitness updated to:"
[1] -46.59271
[1] "Best solution:"
 [1] 1 1 0 0 1 1 0 1 1 1 1 0 1 0 1 1 0 1 1 1 1 0 1 1 0 1 1 1 1 1 0 0 1 1 1 1 1 1
[39] 1 0 1 0 0 1 0 0 1 1 1 1 0 1
[1] 36
[1] "iteration number: "
[1] 20
[1] "iteration number: "
[1] 21
[1] "iteration number: "
[1] 22
[1] "iteration number: "
[1] 23
[1] "Best fitness updated to:"
[1] -46.92643
[1] "Best solution:"
 [1] 1 1 0 0 1 1 0 1 1 0 1 0 1 0 1 1 0 1 1 1 0 0 1 1 0 1 1 1 1 1 0 0 1 1 1 1 1 1
[39] 1 0 1 0 0 1 0 0 1 1 1 1 0 1
[1] 34
[1] "iteration number: "
[1] 24
[1] "iteration number: "
[1] 25
[1] "iteration number: "
[1] 26
[1] "Best fitness updated to:"
[1] -48.42475
[1] "Best solution:"
 [1] 1 1 1 0 1 1 0 1 1 1 0 0 1 1 0 1 0 1 0 0 1 1 1 1 0 1 1 1 0 1 1 0 1 0 1 0 0 1
[39] 0 0 0 1 0 1 1 1 0 0 1 1 0 1
[1] 31
[1] "iteration number: "
[1] 27
[1] "iteration number: "
[1] 28
[1] "Best fitness updated to:"
[1] -48.56275
[1] "Best solution:"
 [1] 1 1 0 0 1 1 1 1 1 0 1 0 1 0 1 0 0 1 1 1 0 0 1 1 0 1 1 0 0 1 0 0 1 1 0 1 1 1
[39] 1 0 1 0 0 1 0 0 1 1 1 1 0 1
[1] 31
[1] "iteration number: "
[1] 29
[1] "iteration number: "
[1] 30
[1] "iteration number: "
[1] 31
[1] "iteration number: "
[1] 32
[1] "iteration number: "
[1] 33
[1] "iteration number: "
[1] 34
[1] "iteration number: "
[1] 35
[1] "iteration number: "
[1] 36
[1] "iteration number: "
[1] 37
[1] "iteration number: "
[1] 38
[1] "iteration number: "
[1] 39
[1] "RE-INITIALIZING..."
[1] 1
[1] 5
[1] 49
 [1] 1 4 2 3 3 2 3 3 2 3 2 3 2 1 2 3 2 2 3 3
[1] "iteration number: "
[1] 40
[1] "iteration number: "
[1] 41
[1] "iteration number: "
[1] 42
[1] "iteration number: "
[1] 43
[1] "iteration number: "
[1] 44
[1] "iteration number: "
[1] 45
[1] "iteration number: "
[1] 46
[1] "iteration number: "
[1] 47
[1] "iteration number: "
[1] 48
[1] "iteration number: "
[1] 49
[1] "iteration number: "
[1] 50
[1] "RE-INITIALIZING..."
[1] 2
[1] 5
[1] 48
 [1] 4 2 2 2 2 4 3 3 2 3 1 2 1 2 1 2 3 1 4 2
[1] "iteration number: "
[1] 51
[1] "iteration number: "
[1] 52
[1] "Best fitness updated to:"
[1] -48.59622
[1] "Best solution:"
 [1] 1 1 0 0 1 1 1 1 1 0 1 1 0 0 0 0 1 1 1 1 0 0 1 0 0 1 1 0 0 1 0 0 1 1 0 1 1 1
[39] 1 1 1 0 0 1 0 0 1 1 1 1 1 1
[1] 32
[1] "iteration number: "
[1] 53
[1] "iteration number: "
[1] 54
[1] "iteration number: "
[1] 55
[1] "iteration number: "
[1] 56
[1] "iteration number: "
[1] 57
[1] "Best fitness updated to:"
[1] -49.14541
[1] "Best solution:"
 [1] 1 1 1 0 1 1 0 0 0 0 0 0 0 0 0 1 0 0 0 1 1 1 1 0 0 1 1 0 0 0 0 0 0 1 1 1 0 1
[39] 1 0 1 0 0 1 0 0 0 1 1 0 0 1
[1] 22
[1] "iteration number: "
[1] 58
[1] "Best fitness updated to:"
[1] -50.01154
[1] "Best solution:"
 [1] 1 1 0 0 1 1 0 1 1 1 1 0 0 0 0 0 0 1 1 1 0 0 1 0 0 1 1 0 1 1 0 0 1 1 0 1 1 1
[39] 1 0 1 0 0 1 0 0 1 1 1 1 1 1
[1] 30
[1] "iteration number: "
[1] 59
[1] "iteration number: "
[1] 60
[1] "Best fitness updated to:"
[1] -50.94011
[1] "Best solution:"
 [1] 1 1 0 0 1 1 0 1 1 0 1 0 0 0 0 0 0 1 1 1 0 0 1 0 0 1 1 0 1 1 0 0 1 1 0 1 1 1
[39] 0 0 1 0 0 1 1 0 0 1 1 1 1 1
[1] 28
[1] "iteration number: "
[1] 61
[1] "iteration number: "
[1] 62
[1] "iteration number: "
[1] 63
[1] "iteration number: "
[1] 64
[1] "iteration number: "
[1] 65
[1] "iteration number: "
[1] 66
[1] "iteration number: "
[1] 67
[1] "iteration number: "
[1] 68
[1] "iteration number: "
[1] 69
[1] "iteration number: "
[1] 70
[1] "Best fitness updated to:"
[1] -51.11319
[1] "Best solution:"
 [1] 1 1 0 0 1 1 0 1 1 1 1 0 0 0 0 0 0 1 1 1 0 0 1 0 0 1 1 0 1 1 0 0 1 1 0 1 1 1
[39] 1 0 1 0 0 1 0 0 0 1 1 1 1 1
[1] 29
[1] "iteration number: "
[1] 71
[1] "iteration number: "
[1] 72
[1] "iteration number: "
[1] 73
[1] "iteration number: "
[1] 74
[1] "iteration number: "
[1] 75
[1] "iteration number: "
[1] 76
[1] "iteration number: "
[1] 77
[1] "iteration number: "
[1] 78
[1] "iteration number: "
[1] 79
[1] "iteration number: "
[1] 80
[1] "iteration number: "
[1] 81
[1] "RE-INITIALIZING..."
[1] 1
[1] 5
[1] 40
 [1] 1 4 2 3 3 2 3 3 2 3 2 3 2 1 2 3 2 2 3 3
[1] "iteration number: "
[1] 82
[1] "iteration number: "
[1] 83
[1] "iteration number: "
[1] 84
[1] "iteration number: "
[1] 85
[1] "iteration number: "
[1] 86
[1] "iteration number: "
[1] 87
[1] "iteration number: "
[1] 88
[1] "iteration number: "
[1] 89
[1] "iteration number: "
[1] 90
[1] "iteration number: "
[1] 91
[1] "iteration number: "
[1] 92
[1] "RE-INITIALIZING..."
[1] 2
[1] 5
[1] 38
 [1] 1 4 2 3 3 2 3 3 2 3 2 3 2 1 2 3 2 2 3 3
[1] "iteration number: "
[1] 93
[1] "iteration number: "
[1] 94
[1] "iteration number: "
[1] 95
[1] "iteration number: "
[1] 96
[1] "iteration number: "
[1] 97
[1] "iteration number: "
[1] 98
[1] "iteration number: "
[1] 99
[1] "iteration number: "
[1] 100
[1] "iteration number: "
[1] 101
[1] "iteration number: "
[1] 102
[1] "iteration number: "
[1] 103
[1] "RE-INITIALIZING..."
[1] 3
[1] 5
[1] 35
 [1] 1 4 2 3 3 2 3 3 2 3 2 3 2 1 2 3 2 2 3 3
[1] "iteration number: "
[1] 104
[1] "iteration number: "
[1] 105
[1] "iteration number: "
[1] 106
[1] "iteration number: "
[1] 107
[1] "iteration number: "
[1] 108
[1] "iteration number: "
[1] 109
[1] "iteration number: "
[1] 110
[1] "iteration number: "
[1] 111
[1] "iteration number: "
[1] 112
[1] "iteration number: "
[1] 113
[1] "iteration number: "
[1] 114
[1] "RE-INITIALIZING..."
[1] 4
[1] 5
[1] 34
 [1] 1 4 2 3 3 2 3 3 2 3 2 3 2 1 2 3 2 2 3 3
[1] "iteration number: "
[1] 115
[1] "iteration number: "
[1] 116
[1] "iteration number: "
[1] 117
[1] "iteration number: "
[1] 118
[1] "iteration number: "
[1] 119
[1] "iteration number: "
[1] 120
[1] "iteration number: "
[1] 121
[1] "iteration number: "
[1] 122
[1] "iteration number: "
[1] 123
[1] "iteration number: "
[1] 124
[1] "iteration number: "
[1] 125
[1] "RE-INITIALIZING..."
[1] 5
[1] 5
[1] 34
 [1] 4 2 2 2 2 4 3 3 2 3 1 2 1 2 1 2 3 1 4 2
[1] "iteration number: "
[1] 126
[1] "iteration number: "
[1] 127
[1] "iteration number: "
[1] 128
[1] "iteration number: "
[1] 129
[1] "iteration number: "
[1] 130
[1] "iteration number: "
[1] 131
[1] "iteration number: "
[1] 132
[1] "iteration number: "
[1] 133
[1] "Best fitness updated to:"
[1] -51.13264
[1] "Best solution:"
 [1] 1 1 0 1 1 1 0 1 1 1 1 0 0 0 0 0 0 1 1 1 0 0 1 0 0 1 1 0 1 1 0 0 1 1 0 1 1 1
[39] 1 1 1 0 0 1 0 0 0 1 1 1 1 1
[1] 31
[1] "iteration number: "
[1] 134
[1] "iteration number: "
[1] 135
[1] "iteration number: "
[1] 136
[1] "iteration number: "
[1] 137
[1] "iteration number: "
[1] 138
[1] "iteration number: "
[1] 139
[1] "iteration number: "
[1] 140
[1] "iteration number: "
[1] 141
[1] "iteration number: "
[1] 142
[1] "iteration number: "
[1] 143
[1] "iteration number: "
[1] 144
[1] "RE-INITIALIZING..."
[1] 1
[1] 5
[1] 33
 [1] 2 1 4 1 3 1 1 3 2 4 3 2 2 3 1 2 1 1 3 2
[1] "iteration number: "
[1] 145
[1] "iteration number: "
[1] 146
[1] "Best fitness updated to:"
[1] -51.39114
[1] "Best solution:"
 [1] 1 1 0 1 1 1 0 1 1 0 1 0 0 0 0 0 0 1 1 1 0 0 1 0 0 1 1 0 1 1 0 0 1 1 0 1 1 1
[39] 1 1 1 0 0 1 0 0 0 1 1 1 1 1
[1] 30
[1] "iteration number: "
[1] 147
[1] "iteration number: "
[1] 148
[1] "Best fitness updated to:"
[1] -51.79151
[1] "Best solution:"
 [1] 1 1 0 1 1 1 0 1 1 1 1 0 0 0 0 0 0 1 1 1 0 0 1 0 0 1 1 0 1 1 0 0 1 1 0 1 1 1
[39] 1 0 1 0 0 1 0 0 0 1 1 1 1 1
[1] 30
[1] "iteration number: "
[1] 149
[1] "iteration number: "
[1] 150
[1] "iteration number: "
[1] 151
[1] "iteration number: "
[1] 152
[1] "iteration number: "
[1] 153
[1] "iteration number: "
[1] 154
[1] "iteration number: "
[1] 155
[1] "iteration number: "
[1] 156
[1] "iteration number: "
[1] 157
[1] "Best fitness updated to:"
[1] -51.83226
[1] "Best solution:"
 [1] 1 1 0 0 0 0 0 1 0 0 1 0 0 0 0 0 0 1 1 1 0 0 1 0 0 0 1 0 0 0 0 0 0 1 0 1 0 1
[39] 0 0 0 0 0 0 0 0 0 1 0 0 0 1
[1] 14
[1] "iteration number: "
[1] 158
[1] "Best fitness updated to:"
[1] -51.88354
[1] "Best solution:"
 [1] 1 1 0 0 1 0 0 1 1 1 1 0 0 0 0 0 0 1 1 1 0 0 1 0 0 1 1 0 1 0 0 0 1 1 0 1 1 1
[39] 1 1 1 0 0 1 0 0 0 1 1 1 1 1
[1] 28
[1] "iteration number: "
[1] 159
[1] "iteration number: "
[1] 160
[1] "iteration number: "
[1] 161
[1] "iteration number: "
[1] 162
[1] "iteration number: "
[1] 163
[1] "iteration number: "
[1] 164
[1] "iteration number: "
[1] 165
[1] "iteration number: "
[1] 166
[1] "Best fitness updated to:"
[1] -52.91081
[1] "Best solution:"
 [1] 1 1 0 0 1 0 0 1 1 1 1 0 0 0 0 0 0 1 1 0 0 0 1 0 0 1 1 0 1 0 0 0 1 1 0 1 1 1
[39] 1 0 1 0 0 0 0 0 0 1 1 1 1 1
[1] 25
[1] "iteration number: "
[1] 167
[1] "iteration number: "
[1] 168
[1] "iteration number: "
[1] 169
[1] "iteration number: "
[1] 170
[1] "iteration number: "
[1] 171
[1] "iteration number: "
[1] 172
[1] "iteration number: "
[1] 173
[1] "iteration number: "
[1] 174
[1] "iteration number: "
[1] 175
[1] "iteration number: "
[1] 176
[1] "iteration number: "
[1] 177
[1] "RE-INITIALIZING..."
[1] 1
[1] 5
[1] 32
 [1] 4 2 2 2 2 4 3 3 2 3 1 2 1 2 1 2 3 1 4 2
[1] "iteration number: "
[1] 178
[1] "iteration number: "
[1] 179
[1] "iteration number: "
[1] 180
[1] "iteration number: "
[1] 181
[1] "iteration number: "
[1] 182
[1] "iteration number: "
[1] 183
[1] "iteration number: "
[1] 184
[1] "iteration number: "
[1] 185
[1] "iteration number: "
[1] 186
[1] "iteration number: "
[1] 187
[1] "iteration number: "
[1] 188
[1] "RE-INITIALIZING..."
[1] 2
[1] 5
[1] 34
 [1] 3 3 1 2 2 2 2 3 2 1 2 3 2 2 2 1 2 2 1 2
[1] "iteration number: "
[1] 189
[1] "iteration number: "
[1] 190
[1] "iteration number: "
[1] 191
[1] "iteration number: "
[1] 192
[1] "iteration number: "
[1] 193
[1] "iteration number: "
[1] 194
[1] "iteration number: "
[1] 195
[1] "iteration number: "
[1] 196
[1] "iteration number: "
[1] 197
[1] "iteration number: "
[1] 198
[1] "iteration number: "
[1] 199
[1] "RE-INITIALIZING..."
[1] 3
[1] 5
[1] 32
 [1] 1 4 2 3 3 2 3 3 2 3 2 3 2 1 2 3 2 2 3 3
[1] "iteration number: "
[1] 200
[1] "iteration number: "
[1] 201
[1] "iteration number: "
[1] 202
[1] "iteration number: "
[1] 203
[1] "iteration number: "
[1] 204
[1] "iteration number: "
[1] 205
[1] "iteration number: "
[1] 206
[1] "iteration number: "
[1] 207
[1] "iteration number: "
[1] 208
[1] "iteration number: "
[1] 209
[1] "iteration number: "
[1] 210
[1] "RE-INITIALIZING..."
[1] 4
[1] 5
[1] 30
 [1] 4 2 2 2 2 4 3 3 2 3 1 2 1 2 1 2 3 1 4 2
[1] "iteration number: "
[1] 211
[1] "iteration number: "
[1] 212
[1] "iteration number: "
[1] 213
[1] "iteration number: "
[1] 214
[1] "iteration number: "
[1] 215
[1] "iteration number: "
[1] 216
[1] "iteration number: "
[1] 217
[1] "iteration number: "
[1] 218
[1] "iteration number: "
[1] 219
[1] "iteration number: "
[1] 220
[1] "iteration number: "
[1] 221
[1] "RE-INITIALIZING..."
[1] 5
[1] 5
[1] 33
 [1] 3 3 1 2 2 2 2 3 2 1 2 3 2 2 2 1 2 2 1 2
[1] "iteration number: "
[1] 222
[1] "iteration number: "
[1] 223
[1] "iteration number: "
[1] 224
[1] "iteration number: "
[1] 225
[1] "iteration number: "
[1] 226
[1] "iteration number: "
[1] 227
[1] "iteration number: "
[1] 228
[1] "iteration number: "
[1] 229
[1] "iteration number: "
[1] 230
[1] "iteration number: "
[1] 231
[1] "iteration number: "
[1] 232
[1] "RE-INITIALIZING..."
[1] 6
[1] 5
[1] 30
[1] "No change for 6 iterations. Exiting PSO."
 [1]  1  2  5  8  9 10 11 18 19 20 23 26 29 33 34 36 37 38 39 41 44 48 49 50 51
[26] 52
[1] 2
[1] "##################################"
[1] "Results summary for itr:2"
[1] "number of features selected using population mean"
[1] 26
[1] "number of features selected using current global best"
[1] 26
[1] "feat ind length"
[1] 26
[1] "best accuracy"
[1] 52.91081
[1] "test acc:1"
[1] "##################################"
[1] "learning sets: 3"
  [1]   8  14  78 109 110  24  29  56   9  91  46  12  89  90  54  66  99  74
 [19]  98  17 120  32  31  93 103  30  40  45  88 102  36   6   7 105 129 111
 [37] 112 119  58  73 108  50  81  76 127  82  92 101  35 117  57 113  69  13
 [55]  20 125  10  96  47  18 130   1 115  68  75  71  87  60  72  86  42 104
 [73]  63   4  64  95  26  94  77  85  23  70  21  37  49 128   3 126  65  61
 [91] 118  39 121  38 124 107  80 114 122  79  19  28  34  11
[1] "Starting global iteration number : 3"
[1] "iteration number: "
[1] 1
[1] "Best fitness updated to:"
[1] -37.77202
[1] "Best solution:"
 [1] NA NA NA NA NA NA NA NA NA NA NA NA NA NA NA NA NA NA NA NA NA NA NA NA NA
[26] NA NA NA NA NA NA NA NA NA NA NA NA NA NA NA NA NA NA NA NA NA NA NA NA NA
[51] NA NA
[1] 0
[1] "iteration number: "
[1] 2
[1] "Best fitness updated to:"
[1] -41.29701
[1] "Best solution:"
 [1] 0 1 0 0 1 0 1 0 0 0 1 0 0 1 1 1 1 0 1 1 1 0 1 0 0 0 0 0 0 1 1 1 1 1 1 0 0 0
[39] 1 1 0 1 1 1 1 0 1 0 0 0 1 1
[1] 27
[1] "iteration number: "
[1] 3
[1] "Best fitness updated to:"
[1] -43.48711
[1] "Best solution:"
 [1] 0 0 1 0 1 0 0 1 1 0 1 1 0 0 0 0 1 1 1 0 0 0 0 0 0 1 1 0 1 1 0 1 0 1 0 1 1 0
[39] 1 1 0 0 1 0 0 0 1 1 0 1 1 0
[1] 24
[1] "iteration number: "
[1] 4
[1] "Best fitness updated to:"
[1] -45.37861
[1] "Best solution:"
 [1] 1 1 0 0 1 1 0 1 1 0 1 1 0 0 0 0 1 1 1 1 0 0 1 0 0 1 1 1 1 1 0 1 1 1 0 1 1 0
[39] 1 1 0 1 1 0 0 1 1 1 0 1 1 1
[1] 33
[1] "iteration number: "
[1] 5
[1] "Best fitness updated to:"
[1] -47.23584
[1] "Best solution:"
 [1] 0 1 0 0 1 0 0 1 1 0 1 1 0 0 0 0 1 1 1 1 0 0 1 0 0 1 1 0 1 1 0 1 1 1 0 1 1 0
[39] 1 1 0 1 1 0 0 1 1 1 0 1 1 0
[1] 29
[1] "iteration number: "
[1] 6
[1] "iteration number: "
[1] 7
[1] "iteration number: "
[1] 8
[1] "iteration number: "
[1] 9
[1] "iteration number: "
[1] 10
[1] "iteration number: "
[1] 11
[1] "iteration number: "
[1] 12
[1] "iteration number: "
[1] 13
[1] "iteration number: "
[1] 14
[1] "iteration number: "
[1] 15
[1] "Best fitness updated to:"
[1] -48.13058
[1] "Best solution:"
 [1] 0 1 0 0 1 1 0 1 1 0 1 1 0 0 0 0 1 1 1 1 0 0 1 0 0 1 1 0 1 1 0 1 1 1 0 1 1 0
[39] 1 1 0 1 1 1 0 1 1 1 0 1 0 0
[1] 30
[1] "iteration number: "
[1] 16
[1] "iteration number: "
[1] 17
[1] "iteration number: "
[1] 18
[1] "iteration number: "
[1] 19
[1] "iteration number: "
[1] 20
[1] "iteration number: "
[1] 21
[1] "iteration number: "
[1] 22
[1] "Best fitness updated to:"
[1] -48.54652
[1] "Best solution:"
 [1] 0 1 1 0 1 0 0 1 0 0 1 0 0 0 0 0 1 1 1 1 0 0 1 0 0 1 1 0 0 0 0 0 0 1 0 1 1 0
[39] 1 1 0 0 1 0 0 1 1 1 0 0 0 0
[1] 21
[1] "iteration number: "
[1] 23
[1] "Best fitness updated to:"
[1] -50.27062
[1] "Best solution:"
 [1] 0 1 1 1 1 1 0 1 1 1 1 1 0 0 0 0 1 1 1 1 0 0 1 0 0 1 1 0 1 1 0 1 1 1 0 1 1 0
[39] 1 1 1 0 0 1 0 1 1 1 1 1 0 0
[1] 33
[1] "iteration number: "
[1] 24
[1] "iteration number: "
[1] 25
[1] "iteration number: "
[1] 26
[1] "iteration number: "
[1] 27
[1] "Best fitness updated to:"
[1] -50.3091
[1] "Best solution:"
 [1] 0 1 1 0 1 1 1 1 1 1 1 1 0 0 0 0 1 1 1 1 0 0 1 0 0 1 1 0 1 1 0 1 1 1 0 1 1 1
[39] 1 1 1 0 0 1 0 1 1 1 0 1 0 0
[1] 33
[1] "iteration number: "
[1] 28
[1] "iteration number: "
[1] 29
[1] "iteration number: "
[1] 30
[1] "iteration number: "
[1] 31
[1] "iteration number: "
[1] 32
[1] "Best fitness updated to:"
[1] -50.386
[1] "Best solution:"
 [1] 0 1 1 1 1 1 0 1 1 1 1 1 0 0 0 0 1 1 1 1 0 0 1 0 0 1 1 0 1 1 0 1 1 1 0 1 1 0
[39] 1 1 1 0 0 1 0 1 1 1 0 1 0 0
[1] 32
[1] "iteration number: "
[1] 33
[1] "iteration number: "
[1] 34
[1] "iteration number: "
[1] 35
[1] "iteration number: "
[1] 36
[1] "iteration number: "
[1] 37
[1] "iteration number: "
[1] 38
[1] "iteration number: "
[1] 39
[1] "iteration number: "
[1] 40
[1] "iteration number: "
[1] 41
[1] "iteration number: "
[1] 42
[1] "Best fitness updated to:"
[1] -50.86508
[1] "Best solution:"
 [1] 0 1 1 1 1 1 0 1 1 1 1 1 0 0 0 0 1 1 1 1 0 0 1 0 0 1 1 0 1 1 0 1 1 1 0 1 1 0
[39] 1 1 1 0 0 1 0 1 1 1 0 1 0 0
[1] 32
[1] "iteration number: "
[1] 43
[1] "iteration number: "
[1] 44
[1] "iteration number: "
[1] 45
[1] "iteration number: "
[1] 46
[1] "iteration number: "
[1] 47
[1] "iteration number: "
[1] 48
[1] "Best fitness updated to:"
[1] -52.55053
[1] "Best solution:"
 [1] 0 1 1 1 1 1 0 1 1 0 1 1 0 0 0 0 1 1 1 1 0 0 1 0 0 1 1 0 1 1 0 1 1 1 0 1 1 0
[39] 1 1 0 0 1 0 0 1 1 1 0 1 0 0
[1] 30
[1] "iteration number: "
[1] 49
[1] "iteration number: "
[1] 50
[1] "iteration number: "
[1] 51
[1] "iteration number: "
[1] 52
[1] "iteration number: "
[1] 53
[1] "iteration number: "
[1] 54
[1] "iteration number: "
[1] 55
[1] "iteration number: "
[1] 56
[1] "iteration number: "
[1] 57
[1] "iteration number: "
[1] 58
[1] "iteration number: "
[1] 59
[1] "RE-INITIALIZING..."
[1] 1
[1] 5
[1] 43
 [1] 1 4 2 3 3 2 3 3 2 3 2 3 2 1 2 3 2 2 3 3
[1] "iteration number: "
[1] 60
[1] "iteration number: "
[1] 61
[1] "iteration number: "
[1] 62
[1] "iteration number: "
[1] 63
[1] "iteration number: "
[1] 64
[1] "iteration number: "
[1] 65
[1] "iteration number: "
[1] 66
[1] "iteration number: "
[1] 67
[1] "iteration number: "
[1] 68
[1] "iteration number: "
[1] 69
[1] "iteration number: "
[1] 70
[1] "RE-INITIALIZING..."
[1] 2
[1] 5
[1] 43
 [1] 4 2 2 2 2 4 3 3 2 3 1 2 1 2 1 2 3 1 4 2
[1] "iteration number: "
[1] 71
[1] "iteration number: "
[1] 72
[1] "iteration number: "
[1] 73
[1] "iteration number: "
[1] 74
[1] "iteration number: "
[1] 75
[1] "iteration number: "
[1] 76
[1] "iteration number: "
[1] 77
[1] "iteration number: "
[1] 78
[1] "iteration number: "
[1] 79
[1] "iteration number: "
[1] 80
[1] "iteration number: "
[1] 81
[1] "RE-INITIALIZING..."
[1] 3
[1] 5
[1] 42
 [1] 3 3 1 2 2 2 2 3 2 1 2 3 2 2 2 1 2 2 1 2
[1] "iteration number: "
[1] 82
[1] "iteration number: "
[1] 83
[1] "iteration number: "
[1] 84
[1] "iteration number: "
[1] 85
[1] "iteration number: "
[1] 86
[1] "iteration number: "
[1] 87
[1] "iteration number: "
[1] 88
[1] "iteration number: "
[1] 89
[1] "iteration number: "
[1] 90
[1] "iteration number: "
[1] 91
[1] "iteration number: "
[1] 92
[1] "RE-INITIALIZING..."
[1] 4
[1] 5
[1] 41
 [1] 1 4 2 3 3 2 3 3 2 3 2 3 2 1 2 3 2 2 3 3
[1] "iteration number: "
[1] 93
[1] "iteration number: "
[1] 94
[1] "iteration number: "
[1] 95
[1] "iteration number: "
[1] 96
[1] "iteration number: "
[1] 97
[1] "iteration number: "
[1] 98
[1] "iteration number: "
[1] 99
[1] "iteration number: "
[1] 100
[1] "iteration number: "
[1] 101
[1] "iteration number: "
[1] 102
[1] "iteration number: "
[1] 103
[1] "RE-INITIALIZING..."
[1] 5
[1] 5
[1] 35
 [1] 1 4 2 3 3 2 3 3 2 3 2 3 2 1 2 3 2 2 3 3
[1] "iteration number: "
[1] 104
[1] "iteration number: "
[1] 105
[1] "iteration number: "
[1] 106
[1] "iteration number: "
[1] 107
[1] "iteration number: "
[1] 108
[1] "iteration number: "
[1] 109
[1] "iteration number: "
[1] 110
[1] "iteration number: "
[1] 111
[1] "iteration number: "
[1] 112
[1] "iteration number: "
[1] 113
[1] "iteration number: "
[1] 114
[1] "RE-INITIALIZING..."
[1] 6
[1] 5
[1] 33
[1] "No change for 6 iterations. Exiting PSO."
 [1]  2  3  4  5  6  8  9 11 12 17 18 19 20 23 26 27 29 30 32 33 34 36 37 39 40
[26] 46 47 48 50
[1] 3
[1] "##################################"
[1] "Results summary for itr:3"
[1] "number of features selected using population mean"
[1] 29
[1] "number of features selected using current global best"
[1] 29
[1] "feat ind length"
[1] 29
[1] "best accuracy"
[1] 52.55053
[1] "test acc:0.961538461538462"
[1] "##################################"
[1] "learning sets: 4"
  [1]  54  22   9  14  46  99 120  29  43  74  66  91  41 106  32  56  83  93
 [19]  78  33  12  17 109   8  31  24  42  81  20  36 113   6  73 130  94  18
 [37]  26  75   7  28  71  72 121 107 129  59  27 127  92 112  39  67  97  79
 [55] 101  50 115 102  38  10  37  64  47  96 124  86  11  61  52  95 104  35
 [73]  23   4  70   3   1 118  16  49  88 119  58  68  45 100 117  77 116  63
 [91]  69  87  34 128 108 114 122   2  48  21  85  53  80  60
[1] "Starting global iteration number : 4"
[1] "iteration number: "
[1] 1
[1] "Best fitness updated to:"
[1] -34.10093
[1] "Best solution:"
 [1] NA NA NA NA NA NA NA NA NA NA NA NA NA NA NA NA NA NA NA NA NA NA NA NA NA
[26] NA NA NA NA NA NA NA NA NA NA NA NA NA NA NA NA NA NA NA NA NA NA NA NA NA
[51] NA NA
[1] 0
[1] "iteration number: "
[1] 2
[1] "Best fitness updated to:"
[1] -42.37534
[1] "Best solution:"
 [1] 0 1 0 0 1 0 1 0 0 0 1 0 0 1 1 1 1 0 1 1 1 0 1 0 0 0 0 0 0 1 1 1 1 1 1 0 0 0
[39] 1 1 0 1 1 1 1 0 1 0 0 0 1 1
[1] 27
[1] "iteration number: "
[1] 3
[1] "Best fitness updated to:"
[1] -43.24308
[1] "Best solution:"
 [1] 0 0 1 0 1 0 0 1 1 0 1 1 0 0 0 0 1 1 1 0 0 0 0 0 0 1 1 0 1 1 0 1 0 1 0 1 1 0
[39] 1 1 0 0 1 0 0 0 1 1 0 1 1 0
[1] 24
[1] "iteration number: "
[1] 4
[1] "iteration number: "
[1] 5
[1] "iteration number: "
[1] 6
[1] "iteration number: "
[1] 7
[1] "Best fitness updated to:"
[1] -45.22687
[1] "Best solution:"
 [1] 0 1 1 1 1 0 0 1 1 1 1 1 0 0 0 0 1 1 1 0 0 0 1 0 1 1 1 0 1 1 0 0 1 0 0 1 1 0
[39] 1 1 1 1 1 1 0 0 1 1 0 1 0 0
[1] 30
[1] "iteration number: "
[1] 8
[1] "iteration number: "
[1] 9
[1] "iteration number: "
[1] 10
[1] "Best fitness updated to:"
[1] -45.64692
[1] "Best solution:"
 [1] 1 1 1 1 1 1 0 1 1 1 1 1 0 0 0 1 1 1 1 0 0 0 1 0 0 1 1 1 1 1 0 1 1 1 1 1 1 1
[39] 1 1 1 1 1 0 0 1 1 1 1 1 1 1
[1] 40
[1] "iteration number: "
[1] 11
[1] "iteration number: "
[1] 12
[1] "Best fitness updated to:"
[1] -47.32693
[1] "Best solution:"
 [1] 1 1 1 0 1 0 1 1 0 1 1 1 0 0 1 1 1 1 1 1 0 0 1 0 0 1 1 1 0 1 0 1 1 1 1 1 1 1
[39] 1 0 1 0 0 0 0 0 1 1 1 1 0 1
[1] 34
[1] "iteration number: "
[1] 13
[1] "iteration number: "
[1] 14
[1] "iteration number: "
[1] 15
[1] "iteration number: "
[1] 16
[1] "iteration number: "
[1] 17
[1] "iteration number: "
[1] 18
[1] "iteration number: "
[1] 19
[1] "iteration number: "
[1] 20
[1] "iteration number: "
[1] 21
[1] "iteration number: "
[1] 22
[1] "Best fitness updated to:"
[1] -48.0385
[1] "Best solution:"
 [1] 0 1 0 0 0 0 0 0 0 0 0 0 0 0 1 1 1 0 1 1 0 0 0 0 0 0 0 0 0 1 1 0 0 1 1 1 1 0
[39] 0 0 0 0 0 0 0 1 1 1 0 0 0 0
[1] 15
[1] "iteration number: "
[1] 23
[1] "Best fitness updated to:"
[1] -48.73606
[1] "Best solution:"
 [1] 0 1 1 0 1 0 1 1 1 1 1 1 0 0 1 0 1 1 1 1 0 0 1 0 0 1 1 1 1 1 0 1 0 1 0 1 1 0
[39] 1 1 1 0 1 0 0 1 1 1 0 1 0 1
[1] 33
[1] "iteration number: "
[1] 24
[1] "iteration number: "
[1] 25
[1] "iteration number: "
[1] 26
[1] "iteration number: "
[1] 27
[1] "Best fitness updated to:"
[1] -50.16994
[1] "Best solution:"
 [1] 0 1 1 0 1 1 1 1 1 1 1 1 0 0 0 1 1 1 1 1 0 0 1 0 1 1 0 1 0 1 0 1 1 1 1 1 1 1
[39] 1 1 1 1 1 1 0 1 1 1 0 1 1 1
[1] 39
[1] "iteration number: "
[1] 28
[1] "iteration number: "
[1] 29
[1] "iteration number: "
[1] 30
[1] "iteration number: "
[1] 31
[1] "iteration number: "
[1] 32
[1] "iteration number: "
[1] 33
[1] "iteration number: "
[1] 34
[1] "iteration number: "
[1] 35
[1] "iteration number: "
[1] 36
[1] "iteration number: "
[1] 37
[1] "iteration number: "
[1] 38
[1] "RE-INITIALIZING..."
[1] 1
[1] 5
[1] 49
 [1] 1 4 2 3 3 2 3 3 2 3 2 3 2 1 2 3 2 2 3 3
[1] "iteration number: "
[1] 39
[1] "iteration number: "
[1] 40
[1] "iteration number: "
[1] 41
[1] "iteration number: "
[1] 42
[1] "iteration number: "
[1] 43
[1] "iteration number: "
[1] 44
[1] "iteration number: "
[1] 45
[1] "iteration number: "
[1] 46
[1] "iteration number: "
[1] 47
[1] "iteration number: "
[1] 48
[1] "iteration number: "
[1] 49
[1] "RE-INITIALIZING..."
[1] 2
[1] 5
[1] 48
 [1] 1 4 2 3 3 2 3 3 2 3 2 3 2 1 2 3 2 2 3 3
[1] "iteration number: "
[1] 50
[1] "iteration number: "
[1] 51
[1] "iteration number: "
[1] 52
[1] "iteration number: "
[1] 53
[1] "iteration number: "
[1] 54
[1] "Best fitness updated to:"
[1] -50.22732
[1] "Best solution:"
 [1] 0 1 1 0 1 1 1 1 1 1 1 1 0 0 0 0 1 1 1 1 0 0 1 0 0 1 0 0 1 1 0 1 0 1 1 1 1 0
[39] 1 1 1 1 1 1 0 0 1 1 0 1 1 1
[1] 34
[1] "iteration number: "
[1] 55
[1] "iteration number: "
[1] 56
[1] "Best fitness updated to:"
[1] -50.29291
[1] "Best solution:"
 [1] 0 1 1 0 1 0 1 1 1 1 1 1 0 0 0 0 1 1 1 0 0 0 1 0 0 1 0 0 1 1 0 1 0 1 1 1 1 0
[39] 1 1 1 1 1 1 0 0 1 1 0 1 1 0
[1] 31
[1] "iteration number: "
[1] 57
[1] "Best fitness updated to:"
[1] -51.20668
[1] "Best solution:"
 [1] 0 1 1 0 1 1 0 1 1 1 1 1 0 0 0 0 1 1 1 1 0 0 1 0 0 1 1 0 1 1 0 1 0 1 1 1 1 0
[39] 0 1 1 1 1 0 0 0 1 1 0 1 1 1
[1] 32
[1] "iteration number: "
[1] 58
[1] "iteration number: "
[1] 59
[1] "Best fitness updated to:"
[1] -52.248
[1] "Best solution:"
 [1] 0 1 1 0 1 1 0 1 1 1 1 1 0 0 0 1 1 1 1 1 0 0 1 0 0 1 0 0 1 1 0 1 0 1 1 1 1 0
[39] 0 1 1 1 1 1 0 0 1 1 0 1 1 1
[1] 33
[1] "iteration number: "
[1] 60
[1] "iteration number: "
[1] 61
[1] "iteration number: "
[1] 62
[1] "iteration number: "
[1] 63
[1] "iteration number: "
[1] 64
[1] "iteration number: "
[1] 65
[1] "iteration number: "
[1] 66
[1] "iteration number: "
[1] 67
[1] "iteration number: "
[1] 68
[1] "iteration number: "
[1] 69
[1] "iteration number: "
[1] 70
[1] "RE-INITIALIZING..."
[1] 1
[1] 5
[1] 45
 [1] 4 2 2 2 2 4 3 3 2 3 1 2 1 2 1 2 3 1 4 2
[1] "iteration number: "
[1] 71
[1] "iteration number: "
[1] 72
[1] "iteration number: "
[1] 73
[1] "iteration number: "
[1] 74
[1] "iteration number: "
[1] 75
[1] "iteration number: "
[1] 76
[1] "iteration number: "
[1] 77
[1] "iteration number: "
[1] 78
[1] "iteration number: "
[1] 79
[1] "iteration number: "
[1] 80
[1] "iteration number: "
[1] 81
[1] "RE-INITIALIZING..."
[1] 2
[1] 5
[1] 42
 [1] 3 3 1 2 2 2 2 3 2 1 2 3 2 2 2 1 2 2 1 2
[1] "iteration number: "
[1] 82
[1] "iteration number: "
[1] 83
[1] "iteration number: "
[1] 84
[1] "iteration number: "
[1] 85
[1] "iteration number: "
[1] 86
[1] "Best fitness updated to:"
[1] -52.34416
[1] "Best solution:"
 [1] 0 1 1 0 1 1 0 1 1 1 1 1 0 0 0 0 1 1 1 0 0 0 1 0 0 1 0 0 1 1 0 1 0 1 1 1 1 0
[39] 0 1 1 1 1 1 0 0 1 1 0 1 1 1
[1] 31
[1] "iteration number: "
[1] 87
[1] "iteration number: "
[1] 88
[1] "iteration number: "
[1] 89
[1] "iteration number: "
[1] 90
[1] "iteration number: "
[1] 91
[1] "iteration number: "
[1] 92
[1] "iteration number: "
[1] 93
[1] "iteration number: "
[1] 94
[1] "iteration number: "
[1] 95
[1] "iteration number: "
[1] 96
[1] "Best fitness updated to:"
[1] -52.37412
[1] "Best solution:"
 [1] 0 1 1 0 1 1 0 1 1 1 1 1 0 0 0 1 1 1 1 1 0 0 1 0 0 1 0 0 1 1 0 1 0 1 1 1 0 0
[39] 0 1 1 1 1 1 0 0 1 1 0 1 1 1
[1] 32
[1] "iteration number: "
[1] 97
[1] "iteration number: "
[1] 98
[1] "iteration number: "
[1] 99
[1] "iteration number: "
[1] 100
[1] "iteration number: "
[1] 101
[1] "iteration number: "
[1] 102
[1] "iteration number: "
[1] 103
[1] "iteration number: "
[1] 104
[1] "iteration number: "
[1] 105
[1] "iteration number: "
[1] 106
[1] "iteration number: "
[1] 107
[1] "RE-INITIALIZING..."
[1] 1
[1] 5
[1] 42
 [1] 4 2 2 2 2 4 3 3 2 3 1 2 1 2 1 2 3 1 4 2
[1] "iteration number: "
[1] 108
[1] "iteration number: "
[1] 109
[1] "Best fitness updated to:"
[1] -52.44031
[1] "Best solution:"
 [1] 0 1 1 0 1 1 0 1 1 1 1 1 0 0 0 1 1 1 1 1 0 0 1 0 0 1 0 1 1 1 0 1 0 1 1 1 0 0
[39] 0 1 1 1 1 1 0 0 1 1 0 1 1 1
[1] 33
[1] "iteration number: "
[1] 110
[1] "iteration number: "
[1] 111
[1] "iteration number: "
[1] 112
[1] "iteration number: "
[1] 113
[1] "Best fitness updated to:"
[1] -52.47877
[1] "Best solution:"
 [1] 0 1 1 0 1 1 0 1 1 1 1 1 0 0 0 0 0 1 1 0 0 0 1 0 0 1 0 1 1 1 0 1 0 1 1 1 1 0
[39] 0 1 1 1 1 1 0 0 1 1 0 1 1 1
[1] 31
[1] "iteration number: "
[1] 114
[1] "iteration number: "
[1] 115
[1] "iteration number: "
[1] 116
[1] "iteration number: "
[1] 117
[1] "iteration number: "
[1] 118
[1] "iteration number: "
[1] 119
[1] "iteration number: "
[1] 120
[1] "iteration number: "
[1] 121
[1] "iteration number: "
[1] 122
[1] "iteration number: "
[1] 123
[1] "iteration number: "
[1] 124
[1] "RE-INITIALIZING..."
[1] 1
[1] 5
[1] 39
 [1] 2 1 4 1 3 1 1 3 2 4 3 2 2 3 1 2 1 1 3 2
[1] "iteration number: "
[1] 125
[1] "iteration number: "
[1] 126
[1] "iteration number: "
[1] 127
[1] "iteration number: "
[1] 128
[1] "iteration number: "
[1] 129
[1] "iteration number: "
[1] 130
[1] "iteration number: "
[1] 131
[1] "iteration number: "
[1] 132
[1] "iteration number: "
[1] 133
[1] "iteration number: "
[1] 134
[1] "iteration number: "
[1] 135
[1] "RE-INITIALIZING..."
[1] 2
[1] 5
[1] 40
 [1] 2 1 4 1 3 1 1 3 2 4 3 2 2 3 1 2 1 1 3 2
[1] "iteration number: "
[1] 136
[1] "iteration number: "
[1] 137
[1] "iteration number: "
[1] 138
[1] "iteration number: "
[1] 139
[1] "iteration number: "
[1] 140
[1] "iteration number: "
[1] 141
[1] "iteration number: "
[1] 142
[1] "iteration number: "
[1] 143
[1] "iteration number: "
[1] 144
[1] "iteration number: "
[1] 145
[1] "iteration number: "
[1] 146
[1] "RE-INITIALIZING..."
[1] 3
[1] 5
[1] 38
 [1] 3 3 1 2 2 2 2 3 2 1 2 3 2 2 2 1 2 2 1 2
[1] "iteration number: "
[1] 147
[1] "iteration number: "
[1] 148
[1] "iteration number: "
[1] 149
[1] "iteration number: "
[1] 150
[1] "iteration number: "
[1] 151
[1] "iteration number: "
[1] 152
[1] "iteration number: "
[1] 153
[1] "iteration number: "
[1] 154
[1] "iteration number: "
[1] 155
[1] "iteration number: "
[1] 156
[1] "iteration number: "
[1] 157
[1] "RE-INITIALIZING..."
[1] 4
[1] 5
[1] 37
 [1] 3 3 1 2 2 2 2 3 2 1 2 3 2 2 2 1 2 2 1 2
[1] "iteration number: "
[1] 158
[1] "iteration number: "
[1] 159
[1] "iteration number: "
[1] 160
[1] "iteration number: "
[1] 161
[1] "iteration number: "
[1] 162
[1] "iteration number: "
[1] 163
[1] "iteration number: "
[1] 164
[1] "iteration number: "
[1] 165
[1] "iteration number: "
[1] 166
[1] "iteration number: "
[1] 167
[1] "iteration number: "
[1] 168
[1] "RE-INITIALIZING..."
[1] 5
[1] 5
[1] 35
 [1] 1 4 2 3 3 2 3 3 2 3 2 3 2 1 2 3 2 2 3 3
[1] "iteration number: "
[1] 169
[1] "iteration number: "
[1] 170
[1] "iteration number: "
[1] 171
[1] "iteration number: "
[1] 172
[1] "iteration number: "
[1] 173
[1] "iteration number: "
[1] 174
[1] "iteration number: "
[1] 175
[1] "iteration number: "
[1] 176
[1] "iteration number: "
[1] 177
[1] "iteration number: "
[1] 178
[1] "iteration number: "
[1] 179
[1] "RE-INITIALIZING..."
[1] 6
[1] 5
[1] 36
[1] "No change for 6 iterations. Exiting PSO."
 [1]  2  3  5  6  8  9 10 11 12 18 19 20 23 26 29 30 32 34 35 36 37 40 41 42 43
[26] 44 47 48 50 51
[1] 4
[1] "##################################"
[1] "Results summary for itr:4"
[1] "number of features selected using population mean"
[1] 30
[1] "number of features selected using current global best"
[1] 30
[1] "feat ind length"
[1] 30
[1] "best accuracy"
[1] 52.47877
[1] "test acc:0.923076923076923"
[1] "##################################"
[1] "learning sets: 5"
  [1]  41 109  74  78  24  32  15  22  46  33  43  54 106  17  99   8  91  12
 [19] 103  29  66  93   9 110  89  98  25  23  86 108 114  77 112   4  26   6
 [37]  11 122  21  38 101  50 124  84 130  80 115  62   1  69  75  82  58  19
 [55]  18  61   2  60   3 100 113 121  28  65 117 116  57 129  63  27 125  51
 [73]  55  47  72  16  70  13 127  92  79  10  96  94  34   7   5  88  20  68
 [91]  45  48  49  81 118 107 105  39 111  42  40  35 102  59
[1] "Starting global iteration number : 5"
[1] "iteration number: "
[1] 1
[1] "Best fitness updated to:"
[1] -38.54096
[1] "Best solution:"
 [1] NA NA NA NA NA NA NA NA NA NA NA NA NA NA NA NA NA NA NA NA NA NA NA NA NA
[26] NA NA NA NA NA NA NA NA NA NA NA NA NA NA NA NA NA NA NA NA NA NA NA NA NA
[51] NA NA
[1] 0
[1] "iteration number: "
[1] 2
[1] "Best fitness updated to:"
[1] -38.67492
[1] "Best solution:"
 [1] 0 1 0 0 1 0 1 0 0 0 1 0 0 1 1 1 1 0 1 1 1 0 1 0 0 0 0 0 0 1 1 1 1 1 1 0 0 0
[39] 1 1 0 1 1 1 1 0 1 0 0 0 1 1
[1] 27
[1] "iteration number: "
[1] 3
[1] "Best fitness updated to:"
[1] -43.46773
[1] "Best solution:"
 [1] 1 1 0 1 1 1 0 1 1 1 1 0 0 0 0 1 1 0 1 0 0 0 1 0 0 1 0 1 1 0 0 0 0 0 1 1 0 0
[39] 1 1 1 1 1 1 0 0 1 1 1 1 0 0
[1] 28
[1] "iteration number: "
[1] 4
[1] "iteration number: "
[1] 5
[1] "iteration number: "
[1] 6
[1] "iteration number: "
[1] 7
[1] "iteration number: "
[1] 8
[1] "iteration number: "
[1] 9
[1] "iteration number: "
[1] 10
[1] "Best fitness updated to:"
[1] -43.81615
[1] "Best solution:"
 [1] 1 1 0 0 1 1 0 1 1 0 1 1 0 0 0 0 1 1 1 1 0 0 1 0 0 1 1 1 1 1 0 1 1 1 0 0 1 0
[39] 0 1 0 1 1 0 0 1 1 1 0 1 1 1
[1] 31
[1] "iteration number: "
[1] 11
[1] "iteration number: "
[1] 12
[1] "iteration number: "
[1] 13
[1] "iteration number: "
[1] 14
[1] "iteration number: "
[1] 15
[1] "iteration number: "
[1] 16
[1] "Best fitness updated to:"
[1] -44.38726
[1] "Best solution:"
 [1] 1 0 0 1 1 1 1 1 1 0 1 1 0 0 1 0 0 1 1 0 1 0 1 1 0 1 1 1 1 1 0 0 0 1 0 1 0 1
[39] 1 1 0 1 1 0 0 1 1 1 0 0 0 1
[1] 31
[1] "iteration number: "
[1] 17
[1] "iteration number: "
[1] 18
[1] "iteration number: "
[1] 19
[1] "iteration number: "
[1] 20
[1] "iteration number: "
[1] 21
[1] "Best fitness updated to:"
[1] -44.7059
[1] "Best solution:"
 [1] 1 1 0 0 1 1 0 0 1 0 1 1 1 0 1 1 0 0 1 1 1 0 1 1 0 1 1 1 1 0 1 1 1 1 0 0 1 0
[39] 0 1 0 1 1 0 1 1 0 1 0 0 1 1
[1] 32
[1] "iteration number: "
[1] 22
[1] "iteration number: "
[1] 23
[1] "iteration number: "
[1] 24
[1] "iteration number: "
[1] 25
[1] "iteration number: "
[1] 26
[1] "iteration number: "
[1] 27
[1] "iteration number: "
[1] 28
[1] "iteration number: "
[1] 29
[1] "iteration number: "
[1] 30
[1] "iteration number: "
[1] 31
[1] "iteration number: "
[1] 32
[1] "Best fitness updated to:"
[1] -45.59481
[1] "Best solution:"
 [1] 0 1 1 1 1 1 0 1 1 0 1 0 0 0 0 1 1 1 1 1 0 0 1 0 1 1 1 1 1 1 0 1 1 1 1 1 1 0
[39] 1 1 1 1 1 1 1 1 1 1 0 1 1 1
[1] 39
[1] "iteration number: "
[1] 33
[1] "iteration number: "
[1] 34
[1] "Best fitness updated to:"
[1] -45.74131
[1] "Best solution:"
 [1] 0 1 1 1 1 1 0 1 1 0 1 1 0 0 0 1 1 1 1 1 0 0 1 0 1 1 0 1 1 1 0 1 1 1 1 1 1 0
[39] 1 0 1 0 1 1 0 1 1 1 1 1 1 1
[1] 37
[1] "iteration number: "
[1] 35
[1] "iteration number: "
[1] 36
[1] "Best fitness updated to:"
[1] -45.82086
[1] "Best solution:"
 [1] 1 1 1 1 1 1 0 1 1 0 1 1 0 0 0 1 1 1 1 0 0 0 1 0 1 1 1 1 1 1 0 1 1 1 1 1 1 0
[39] 1 0 1 0 1 1 0 1 1 1 1 1 1 0
[1] 37
[1] "iteration number: "
[1] 37
[1] "iteration number: "
[1] 38
[1] "iteration number: "
[1] 39
[1] "Best fitness updated to:"
[1] -46.1535
[1] "Best solution:"
 [1] 0 1 1 1 1 1 0 1 1 0 1 1 0 0 0 1 1 1 0 1 0 0 1 0 1 1 1 0 1 0 0 1 1 1 1 0 1 0
[39] 1 0 1 0 1 1 0 1 1 1 1 1 1 1
[1] 34
[1] "iteration number: "
[1] 40
[1] "iteration number: "
[1] 41
[1] "iteration number: "
[1] 42
[1] "Best fitness updated to:"
[1] -47.09374
[1] "Best solution:"
 [1] 0 1 1 1 1 1 0 1 1 0 1 1 0 0 0 1 1 1 0 1 0 0 1 0 1 1 1 0 1 0 0 1 1 1 1 0 1 0
[39] 1 1 1 0 1 1 0 1 1 1 0 1 1 1
[1] 34
[1] "iteration number: "
[1] 43
[1] "iteration number: "
[1] 44
[1] "iteration number: "
[1] 45
[1] "iteration number: "
[1] 46
[1] "iteration number: "
[1] 47
[1] "iteration number: "
[1] 48
[1] "iteration number: "
[1] 49
[1] "iteration number: "
[1] 50
[1] "iteration number: "
[1] 51
[1] "iteration number: "
[1] 52
[1] "iteration number: "
[1] 53
[1] "RE-INITIALIZING..."
[1] 1
[1] 5
[1] 48
 [1] 4 2 2 2 2 4 3 3 2 3 1 2 1 2 1 2 3 1 4 2
[1] "iteration number: "
[1] 54
[1] "iteration number: "
[1] 55
[1] "iteration number: "
[1] 56
[1] "iteration number: "
[1] 57
[1] "iteration number: "
[1] 58
[1] "iteration number: "
[1] 59
[1] "iteration number: "
[1] 60
[1] "iteration number: "
[1] 61
[1] "iteration number: "
[1] 62
[1] "iteration number: "
[1] 63
[1] "iteration number: "
[1] 64
[1] "RE-INITIALIZING..."
[1] 2
[1] 5
[1] 47
 [1] 3 3 1 2 2 2 2 3 2 1 2 3 2 2 2 1 2 2 1 2
[1] "iteration number: "
[1] 65
[1] "iteration number: "
[1] 66
[1] "iteration number: "
[1] 67
[1] "iteration number: "
[1] 68
[1] "iteration number: "
[1] 69
[1] "iteration number: "
[1] 70
[1] "iteration number: "
[1] 71
[1] "iteration number: "
[1] 72
[1] "Best fitness updated to:"
[1] -47.20913
[1] "Best solution:"
 [1] 0 1 1 1 1 1 0 1 1 0 0 0 0 0 0 1 0 1 0 1 0 1 1 0 1 1 0 0 1 0 0 1 0 1 1 0 1 0
[39] 1 0 1 0 0 0 0 1 0 1 1 1 1 1
[1] 27
[1] "iteration number: "
[1] 73
[1] "iteration number: "
[1] 74
[1] "iteration number: "
[1] 75
[1] "iteration number: "
[1] 76
[1] "iteration number: "
[1] 77
[1] "iteration number: "
[1] 78
[1] "iteration number: "
[1] 79
[1] "iteration number: "
[1] 80
[1] "iteration number: "
[1] 81
[1] "Best fitness updated to:"
[1] -47.25028
[1] "Best solution:"
 [1] 0 1 0 0 0 1 0 1 1 0 1 0 0 0 0 1 0 1 1 0 0 0 1 0 0 1 0 0 1 0 0 0 1 1 1 0 1 0
[39] 0 0 1 0 0 1 0 0 0 1 1 1 0 0
[1] 20
[1] "iteration number: "
[1] 82
[1] "iteration number: "
[1] 83
[1] "iteration number: "
[1] 84
[1] "iteration number: "
[1] 85
[1] "iteration number: "
[1] 86
[1] "iteration number: "
[1] 87
[1] "iteration number: "
[1] 88
[1] "Best fitness updated to:"
[1] -47.49395
[1] "Best solution:"
 [1] 0 1 1 1 1 1 0 1 1 0 1 0 0 0 0 1 0 1 1 0 0 0 1 0 0 1 0 0 1 1 0 1 1 1 1 0 1 0
[39] 1 0 1 0 1 1 0 1 1 1 1 1 1 1
[1] 31
[1] "iteration number: "
[1] 89
[1] "Best fitness updated to:"
[1] -48.26873
[1] "Best solution:"
 [1] 0 1 1 1 1 1 0 1 1 0 0 0 0 0 0 1 0 1 1 1 0 0 1 0 1 1 0 0 1 0 0 1 1 1 1 0 1 0
[39] 1 0 1 0 1 1 0 1 1 1 1 1 1 1
[1] 31
[1] "iteration number: "
[1] 90
[1] "iteration number: "
[1] 91
[1] "iteration number: "
[1] 92
[1] "iteration number: "
[1] 93
[1] "iteration number: "
[1] 94
[1] "iteration number: "
[1] 95
[1] "iteration number: "
[1] 96
[1] "iteration number: "
[1] 97
[1] "iteration number: "
[1] 98
[1] "iteration number: "
[1] 99
[1] "iteration number: "
[1] 100
[1] "RE-INITIALIZING..."
[1] 1
[1] 5
[1] 44
 [1] 1 4 2 3 3 2 3 3 2 3 2 3 2 1 2 3 2 2 3 3
[1] "iteration number: "
[1] 101
[1] "iteration number: "
[1] 102
[1] "iteration number: "
[1] 103
[1] "iteration number: "
[1] 104
[1] "iteration number: "
[1] 105
[1] "iteration number: "
[1] 106
[1] "iteration number: "
[1] 107
[1] "iteration number: "
[1] 108
[1] "iteration number: "
[1] 109
[1] "iteration number: "
[1] 110
[1] "iteration number: "
[1] 111
[1] "RE-INITIALIZING..."
[1] 2
[1] 5
[1] 44
 [1] 1 4 2 3 3 2 3 3 2 3 2 3 2 1 2 3 2 2 3 3
[1] "iteration number: "
[1] 112
[1] "iteration number: "
[1] 113
[1] "iteration number: "
[1] 114
[1] "iteration number: "
[1] 115
[1] "iteration number: "
[1] 116
[1] "iteration number: "
[1] 117
[1] "iteration number: "
[1] 118
[1] "iteration number: "
[1] 119
[1] "iteration number: "
[1] 120
[1] "iteration number: "
[1] 121
[1] "iteration number: "
[1] 122
[1] "RE-INITIALIZING..."
[1] 3
[1] 5
[1] 42
 [1] 1 4 2 3 3 2 3 3 2 3 2 3 2 1 2 3 2 2 3 3
[1] "iteration number: "
[1] 123
[1] "iteration number: "
[1] 124
[1] "iteration number: "
[1] 125
[1] "iteration number: "
[1] 126
[1] "iteration number: "
[1] 127
[1] "iteration number: "
[1] 128
[1] "iteration number: "
[1] 129
[1] "iteration number: "
[1] 130
[1] "iteration number: "
[1] 131
[1] "iteration number: "
[1] 132
[1] "iteration number: "
[1] 133
[1] "RE-INITIALIZING..."
[1] 4
[1] 5
[1] 43
 [1] 1 4 2 3 3 2 3 3 2 3 2 3 2 1 2 3 2 2 3 3
[1] "iteration number: "
[1] 134
[1] "iteration number: "
[1] 135
[1] "iteration number: "
[1] 136
[1] "iteration number: "
[1] 137
[1] "iteration number: "
[1] 138
[1] "iteration number: "
[1] 139
[1] "iteration number: "
[1] 140
[1] "iteration number: "
[1] 141
[1] "iteration number: "
[1] 142
[1] "iteration number: "
[1] 143
[1] "iteration number: "
[1] 144
[1] "RE-INITIALIZING..."
[1] 5
[1] 5
[1] 42
 [1] 1 4 2 3 3 2 3 3 2 3 2 3 2 1 2 3 2 2 3 3
[1] "iteration number: "
[1] 145
[1] "iteration number: "
[1] 146
[1] "iteration number: "
[1] 147
[1] "iteration number: "
[1] 148
[1] "iteration number: "
[1] 149
[1] "iteration number: "
[1] 150
[1] "iteration number: "
[1] 151
[1] "iteration number: "
[1] 152
[1] "iteration number: "
[1] 153
[1] "iteration number: "
[1] 154
[1] "iteration number: "
[1] 155
[1] "RE-INITIALIZING..."
[1] 6
[1] 5
[1] 42
[1] "No change for 6 iterations. Exiting PSO."
 [1]  2  3  4  5  6  8  9 11 16 18 19 21 23 25 26 29 30 32 33 34 35 37 39 41 43
[26] 44 46 47 48 49 50 51 52
[1] 5
[1] "##################################"
[1] "Results summary for itr:5"
[1] "number of features selected using population mean"
[1] 33
[1] "number of features selected using current global best"
[1] 33
[1] "feat ind length"
[1] 33
[1] "best accuracy"
[1] 48.26873
[1] "test acc:0.961538461538462"
[1] "##################################"
[1] "learning sets: 6"
  [1]   8  24  31  78  33  93 106  14  99  17  91  15 110 109  29  43  74  83
 [19]  54  12  90  66  98 103  32   9  49  72  23  77 118  96  70 111  35  28
 [37]  47  76 130  45  10  61  68  20  87  58 129   6 119  42  75  95 114  53
 [55]  82  73  63  34  80 121   1 123  51  40  26   3  60  69  84 102  44   4
 [73]  52 116  88 100 127 108 128  36  19  71 104  85  92 105  59  64 126   7
 [91]  11 117  67  27  65 124  39  21  97  86  94  79   5  55
[1] "Starting global iteration number : 6"
[1] "iteration number: "
[1] 1
[1] "Best fitness updated to:"
[1] -34.48006
[1] "Best solution:"
 [1] NA NA NA NA NA NA NA NA NA NA NA NA NA NA NA NA NA NA NA NA NA NA NA NA NA
[26] NA NA NA NA NA NA NA NA NA NA NA NA NA NA NA NA NA NA NA NA NA NA NA NA NA
[51] NA NA
[1] 0
[1] "iteration number: "
[1] 2
[1] "Best fitness updated to:"
[1] -42.25514
[1] "Best solution:"
 [1] 0 1 0 0 1 0 1 0 0 0 1 0 0 1 1 1 1 0 1 1 1 0 1 0 0 0 0 0 0 1 1 1 1 1 1 0 0 0
[39] 1 1 0 1 1 1 1 0 1 0 0 0 1 1
[1] 27
[1] "iteration number: "
[1] 3
[1] "Best fitness updated to:"
[1] -42.57935
[1] "Best solution:"
 [1] 0 0 1 0 1 0 0 1 1 0 1 1 0 0 0 0 1 1 1 0 0 0 0 0 0 1 1 0 1 1 0 1 0 1 0 1 1 0
[39] 1 1 0 0 1 0 0 0 1 1 0 1 1 0
[1] 24
[1] "iteration number: "
[1] 4
[1] "iteration number: "
[1] 5
[1] "Best fitness updated to:"
[1] -44.07805
[1] "Best solution:"
 [1] 1 1 0 0 1 1 0 1 1 0 1 1 0 0 0 0 1 1 1 1 0 0 1 0 0 1 1 1 1 1 0 1 1 1 0 1 1 0
[39] 1 1 0 1 1 0 0 1 1 1 0 1 1 1
[1] 33
[1] "iteration number: "
[1] 6
[1] "iteration number: "
[1] 7
[1] "iteration number: "
[1] 8
[1] "iteration number: "
[1] 9
[1] "Best fitness updated to:"
[1] -46.5872
[1] "Best solution:"
 [1] 1 1 0 0 1 1 0 1 1 1 1 1 0 0 0 0 1 1 1 0 0 0 1 0 0 1 1 0 1 1 0 1 0 1 0 1 1 0
[39] 1 1 0 0 1 0 0 1 1 1 0 1 1 0
[1] 29
[1] "iteration number: "
[1] 10
[1] "iteration number: "
[1] 11
[1] "iteration number: "
[1] 12
[1] "Best fitness updated to:"
[1] -47.05395
[1] "Best solution:"
 [1] 0 1 1 0 1 1 0 1 1 1 1 0 0 0 0 0 1 1 1 0 0 0 1 0 0 1 1 0 1 1 0 1 0 1 0 1 1 0
[39] 1 0 1 1 0 1 0 1 1 1 0 1 1 0
[1] 29
[1] "iteration number: "
[1] 13
[1] "iteration number: "
[1] 14
[1] "Best fitness updated to:"
[1] -48.22678
[1] "Best solution:"
 [1] 0 1 1 0 1 1 0 1 1 1 1 0 0 0 0 0 1 1 1 0 0 0 1 0 0 1 1 0 1 1 0 1 0 1 0 1 1 0
[39] 1 0 1 1 0 1 0 1 1 1 0 1 1 0
[1] 29
[1] "iteration number: "
[1] 15
[1] "iteration number: "
[1] 16
[1] "iteration number: "
[1] 17
[1] "iteration number: "
[1] 18
[1] "iteration number: "
[1] 19
[1] "iteration number: "
[1] 20
[1] "iteration number: "
[1] 21
[1] "iteration number: "
[1] 22
[1] "iteration number: "
[1] 23
[1] "Best fitness updated to:"
[1] -49.07758
[1] "Best solution:"
 [1] 1 1 0 0 0 1 0 1 0 0 1 0 0 0 0 0 0 1 0 0 0 0 1 0 0 1 1 0 0 0 0 1 0 1 0 0 1 0
[39] 1 0 1 0 0 0 0 1 1 1 0 0 0 0
[1] 17
[1] "iteration number: "
[1] 24
[1] "iteration number: "
[1] 25
[1] "iteration number: "
[1] 26
[1] "iteration number: "
[1] 27
[1] "iteration number: "
[1] 28
[1] "iteration number: "
[1] 29
[1] "iteration number: "
[1] 30
[1] "Best fitness updated to:"
[1] -49.70849
[1] "Best solution:"
 [1] 0 1 1 0 1 1 0 1 1 1 1 0 0 0 0 0 0 1 1 0 0 0 1 0 0 1 1 0 1 1 0 1 0 1 0 1 1 0
[39] 1 0 1 0 0 0 0 1 1 1 0 0 1 0
[1] 25
[1] "iteration number: "
[1] 31
[1] "iteration number: "
[1] 32
[1] "iteration number: "
[1] 33
[1] "iteration number: "
[1] 34
[1] "iteration number: "
[1] 35
[1] "iteration number: "
[1] 36
[1] "iteration number: "
[1] 37
[1] "iteration number: "
[1] 38
[1] "iteration number: "
[1] 39
[1] "Best fitness updated to:"
[1] -49.80384
[1] "Best solution:"
 [1] 0 1 1 0 1 1 0 1 1 1 1 0 0 0 0 0 1 1 1 0 0 0 1 0 0 1 1 0 1 1 0 1 0 1 0 1 1 0
[39] 1 0 1 0 0 0 1 1 1 1 0 0 1 0
[1] 27
[1] "iteration number: "
[1] 40
[1] "Best fitness updated to:"
[1] -49.88397
[1] "Best solution:"
 [1] 0 1 1 0 1 1 0 1 1 0 1 0 0 0 0 0 1 1 1 0 0 0 1 0 0 1 1 0 1 1 0 1 0 1 0 1 1 0
[39] 1 0 1 0 0 0 0 1 1 1 0 0 1 0
[1] 25
[1] "iteration number: "
[1] 41
[1] "iteration number: "
[1] 42
[1] "iteration number: "
[1] 43
[1] "iteration number: "
[1] 44
[1] "iteration number: "
[1] 45
[1] "iteration number: "
[1] 46
[1] "Best fitness updated to:"
[1] -50.75804
[1] "Best solution:"
 [1] 0 1 1 0 1 1 0 1 1 1 1 0 0 0 0 0 1 1 1 0 0 0 1 0 0 1 1 0 1 1 0 1 1 1 0 1 1 0
[39] 1 0 1 0 0 0 0 1 1 1 0 0 1 0
[1] 27
[1] "iteration number: "
[1] 47
[1] "iteration number: "
[1] 48
[1] "iteration number: "
[1] 49
[1] "iteration number: "
[1] 50
[1] "iteration number: "
[1] 51
[1] "iteration number: "
[1] 52
[1] "iteration number: "
[1] 53
[1] "iteration number: "
[1] 54
[1] "iteration number: "
[1] 55
[1] "iteration number: "
[1] 56
[1] "iteration number: "
[1] 57
[1] "RE-INITIALIZING..."
[1] 1
[1] 5
[1] 41
 [1] 1 4 2 3 3 2 3 3 2 3 2 3 2 1 2 3 2 2 3 3
[1] "iteration number: "
[1] 58
[1] "iteration number: "
[1] 59
[1] "iteration number: "
[1] 60
[1] "iteration number: "
[1] 61
[1] "iteration number: "
[1] 62
[1] "iteration number: "
[1] 63
[1] "iteration number: "
[1] 64
[1] "iteration number: "
[1] 65
[1] "iteration number: "
[1] 66
[1] "iteration number: "
[1] 67
[1] "iteration number: "
[1] 68
[1] "RE-INITIALIZING..."
[1] 2
[1] 5
[1] 36
 [1] 1 4 2 3 3 2 3 3 2 3 2 3 2 1 2 3 2 2 3 3
[1] "iteration number: "
[1] 69
[1] "iteration number: "
[1] 70
[1] "iteration number: "
[1] 71
[1] "iteration number: "
[1] 72
[1] "iteration number: "
[1] 73
[1] "iteration number: "
[1] 74
[1] "iteration number: "
[1] 75
[1] "iteration number: "
[1] 76
[1] "iteration number: "
[1] 77
[1] "iteration number: "
[1] 78
[1] "iteration number: "
[1] 79
[1] "RE-INITIALIZING..."
[1] 3
[1] 5
[1] 34
 [1] 1 4 2 3 3 2 3 3 2 3 2 3 2 1 2 3 2 2 3 3
[1] "iteration number: "
[1] 80
[1] "iteration number: "
[1] 81
[1] "iteration number: "
[1] 82
[1] "iteration number: "
[1] 83
[1] "iteration number: "
[1] 84
[1] "iteration number: "
[1] 85
[1] "iteration number: "
[1] 86
[1] "iteration number: "
[1] 87
[1] "iteration number: "
[1] 88
[1] "iteration number: "
[1] 89
[1] "iteration number: "
[1] 90
[1] "RE-INITIALIZING..."
[1] 4
[1] 5
[1] 35
 [1] 4 2 2 2 2 4 3 3 2 3 1 2 1 2 1 2 3 1 4 2
[1] "iteration number: "
[1] 91
[1] "iteration number: "
[1] 92
[1] "Best fitness updated to:"
[1] -50.83497
[1] "Best solution:"
 [1] 0 1 1 0 1 1 1 1 1 0 0 0 0 0 0 0 1 1 1 0 0 0 1 0 0 1 1 0 1 1 0 1 1 1 0 1 1 0
[39] 1 0 1 0 0 0 0 1 1 1 0 0 1 0
[1] 26
[1] "iteration number: "
[1] 93
[1] "iteration number: "
[1] 94
[1] "iteration number: "
[1] 95
[1] "iteration number: "
[1] 96
[1] "iteration number: "
[1] 97
[1] "iteration number: "
[1] 98
[1] "iteration number: "
[1] 99
[1] "iteration number: "
[1] 100
[1] "iteration number: "
[1] 101
[1] "iteration number: "
[1] 102
[1] "iteration number: "
[1] 103
[1] "RE-INITIALIZING..."
[1] 1
[1] 5
[1] 37
 [1] 3 3 1 2 2 2 2 3 2 1 2 3 2 2 2 1 2 2 1 2
[1] "iteration number: "
[1] 104
[1] "iteration number: "
[1] 105
[1] "iteration number: "
[1] 106
[1] "iteration number: "
[1] 107
[1] "iteration number: "
[1] 108
[1] "iteration number: "
[1] 109
[1] "iteration number: "
[1] 110
[1] "iteration number: "
[1] 111
[1] "iteration number: "
[1] 112
[1] "iteration number: "
[1] 113
[1] "Best fitness updated to:"
[1] -50.91189
[1] "Best solution:"
 [1] 0 1 1 0 1 1 0 1 1 0 0 0 0 0 0 0 1 1 1 0 0 1 1 0 0 1 1 0 1 1 0 1 1 1 0 1 1 0
[39] 1 0 1 0 0 0 0 1 0 1 0 0 1 0
[1] 25
[1] "iteration number: "
[1] 114
[1] "iteration number: "
[1] 115
[1] "iteration number: "
[1] 116
[1] "iteration number: "
[1] 117
[1] "iteration number: "
[1] 118
[1] "iteration number: "
[1] 119
[1] "iteration number: "
[1] 120
[1] "iteration number: "
[1] 121
[1] "iteration number: "
[1] 122
[1] "iteration number: "
[1] 123
[1] "iteration number: "
[1] 124
[1] "RE-INITIALIZING..."
[1] 1
[1] 5
[1] 33
 [1] 1 4 2 3 3 2 3 3 2 3 2 3 2 1 2 3 2 2 3 3
[1] "iteration number: "
[1] 125
[1] "iteration number: "
[1] 126
[1] "iteration number: "
[1] 127
[1] "iteration number: "
[1] 128
[1] "iteration number: "
[1] 129
[1] "iteration number: "
[1] 130
[1] "iteration number: "
[1] 131
[1] "iteration number: "
[1] 132
[1] "iteration number: "
[1] 133
[1] "iteration number: "
[1] 134
[1] "iteration number: "
[1] 135
[1] "RE-INITIALIZING..."
[1] 2
[1] 5
[1] 31
 [1] 4 2 2 2 2 4 3 3 2 3 1 2 1 2 1 2 3 1 4 2
[1] "iteration number: "
[1] 136
[1] "iteration number: "
[1] 137
[1] "iteration number: "
[1] 138
[1] "Best fitness updated to:"
[1] -50.93112
[1] "Best solution:"
 [1] 0 1 1 0 1 0 0 0 0 0 0 0 0 0 1 0 1 0 0 0 0 1 1 0 0 0 1 0 0 0 0 1 0 1 0 1 1 0
[39] 1 0 1 0 0 0 0 1 1 1 0 0 0 0
[1] 17
[1] "iteration number: "
[1] 139
[1] "iteration number: "
[1] 140
[1] "iteration number: "
[1] 141
[1] "iteration number: "
[1] 142
[1] "iteration number: "
[1] 143
[1] "iteration number: "
[1] 144
[1] "iteration number: "
[1] 145
[1] "iteration number: "
[1] 146
[1] "iteration number: "
[1] 147
[1] "iteration number: "
[1] 148
[1] "iteration number: "
[1] 149
[1] "RE-INITIALIZING..."
[1] 1
[1] 5
[1] 31
 [1] 3 3 1 2 2 2 2 3 2 1 2 3 2 2 2 1 2 2 1 2
[1] "iteration number: "
[1] 150
[1] "iteration number: "
[1] 151
[1] "iteration number: "
[1] 152
[1] "iteration number: "
[1] 153
[1] "iteration number: "
[1] 154
[1] "iteration number: "
[1] 155
[1] "iteration number: "
[1] 156
[1] "iteration number: "
[1] 157
[1] "iteration number: "
[1] 158
[1] "iteration number: "
[1] 159
[1] "iteration number: "
[1] 160
[1] "RE-INITIALIZING..."
[1] 2
[1] 5
[1] 29
 [1] 4 2 2 2 2 4 3 3 2 3 1 2 1 2 1 2 3 1 4 2
[1] "iteration number: "
[1] 161
[1] "iteration number: "
[1] 162
[1] "iteration number: "
[1] 163
[1] "iteration number: "
[1] 164
[1] "iteration number: "
[1] 165
[1] "iteration number: "
[1] 166
[1] "iteration number: "
[1] 167
[1] "iteration number: "
[1] 168
[1] "iteration number: "
[1] 169
[1] "iteration number: "
[1] 170
[1] "iteration number: "
[1] 171
[1] "RE-INITIALIZING..."
[1] 3
[1] 5
[1] 29
 [1] 3 3 1 2 2 2 2 3 2 1 2 3 2 2 2 1 2 2 1 2
[1] "iteration number: "
[1] 172
[1] "iteration number: "
[1] 173
[1] "iteration number: "
[1] 174
[1] "iteration number: "
[1] 175
[1] "iteration number: "
[1] 176
[1] "iteration number: "
[1] 177
[1] "iteration number: "
[1] 178
[1] "iteration number: "
[1] 179
[1] "iteration number: "
[1] 180
[1] "iteration number: "
[1] 181
[1] "iteration number: "
[1] 182
[1] "RE-INITIALIZING..."
[1] 4
[1] 5
[1] 30
 [1] 1 4 2 3 3 2 3 3 2 3 2 3 2 1 2 3 2 2 3 3
[1] "iteration number: "
[1] 183
[1] "iteration number: "
[1] 184
[1] "iteration number: "
[1] 185
[1] "iteration number: "
[1] 186
[1] "iteration number: "
[1] 187
[1] "iteration number: "
[1] 188
[1] "iteration number: "
[1] 189
[1] "iteration number: "
[1] 190
[1] "iteration number: "
[1] 191
[1] "iteration number: "
[1] 192
[1] "iteration number: "
[1] 193
[1] "RE-INITIALIZING..."
[1] 5
[1] 5
[1] 29
 [1] 1 4 2 3 3 2 3 3 2 3 2 3 2 1 2 3 2 2 3 3
[1] "iteration number: "
[1] 194
[1] "iteration number: "
[1] 195
[1] "iteration number: "
[1] 196
[1] "iteration number: "
[1] 197
[1] "iteration number: "
[1] 198
[1] "iteration number: "
[1] 199
[1] "iteration number: "
[1] 200
[1] "iteration number: "
[1] 201
[1] "iteration number: "
[1] 202
[1] "iteration number: "
[1] 203
[1] "iteration number: "
[1] 204
[1] "RE-INITIALIZING..."
[1] 6
[1] 5
[1] 29
[1] "No change for 6 iterations. Exiting PSO."
 [1]  2  3  5  6  8  9 11 15 17 18 19 22 23 26 27 29 30 32 33 34 36 37 39 41 47
[26] 48 51
[1] 6
[1] "##################################"
[1] "Results summary for itr:6"
[1] "number of features selected using population mean"
[1] 27
[1] "number of features selected using current global best"
[1] 27
[1] "feat ind length"
[1] 27
[1] "best accuracy"
[1] 50.93112
[1] "test acc:1"
[1] "##################################"
[1] "learning sets: 7"
  [1]  90  83  54  17  22 110  56  91  41  98 106  14  74  30  12  78   8  93
 [19]  99 120 103  29  89  15 109  66  59  75 128   1  84 123   6  87 113 129
 [37] 125 118  62  19  69  20   5 100 111  85  68  92  81  51  23 112 115  10
 [55]  13  67  82  16  71  73  47  18  70  61  28 124  27  25   7  63 114  48
 [73]  57 117  58 119   4  52  21  88  64  53  49  95  55  94 116 102  37 121
 [91]   3  40  39 122 105 104  60  80  97  42 101  76  44  35
[1] "Starting global iteration number : 7"
[1] "iteration number: "
[1] 1
[1] "Best fitness updated to:"
[1] -40.8228
[1] "Best solution:"
 [1] NA NA NA NA NA NA NA NA NA NA NA NA NA NA NA NA NA NA NA NA NA NA NA NA NA
[26] NA NA NA NA NA NA NA NA NA NA NA NA NA NA NA NA NA NA NA NA NA NA NA NA NA
[51] NA NA
[1] 0
[1] "iteration number: "
[1] 2
[1] "Best fitness updated to:"
[1] -42.73357
[1] "Best solution:"
 [1] 0 1 0 0 1 0 1 0 0 0 1 0 0 1 1 1 1 0 1 1 1 0 1 0 0 0 0 0 0 1 1 1 1 1 1 0 0 0
[39] 1 1 0 1 1 1 1 0 1 0 0 0 1 1
[1] 27
[1] "iteration number: "
[1] 3
[1] "iteration number: "
[1] 4
[1] "iteration number: "
[1] 5
[1] "iteration number: "
[1] 6
[1] "iteration number: "
[1] 7
[1] "iteration number: "
[1] 8
[1] "iteration number: "
[1] 9
[1] "Best fitness updated to:"
[1] -43.46832
[1] "Best solution:"
 [1] 1 1 0 1 1 1 0 1 1 0 0 0 0 1 0 1 1 0 1 1 1 1 1 1 0 1 0 1 1 1 0 0 0 0 0 1 0 1
[39] 1 0 1 0 1 1 0 1 0 0 1 1 1 1
[1] 31
[1] "iteration number: "
[1] 10
[1] "Best fitness updated to:"
[1] -44.36764
[1] "Best solution:"
 [1] 1 1 1 1 1 0 0 1 1 1 1 0 0 1 0 1 1 0 1 0 1 1 1 1 0 1 0 0 1 1 0 0 0 0 1 1 0 1
[39] 1 0 1 0 0 1 0 1 0 1 1 1 1 1
[1] 32
[1] "iteration number: "
[1] 11
[1] "iteration number: "
[1] 12
[1] "iteration number: "
[1] 13
[1] "iteration number: "
[1] 14
[1] "Best fitness updated to:"
[1] -44.68391
[1] "Best solution:"
 [1] 1 1 1 1 1 1 1 1 0 0 1 1 0 1 1 1 0 0 1 1 0 1 1 0 1 1 0 1 0 1 0 0 1 1 1 0 1 1
[39] 0 0 1 0 1 1 1 1 0 1 0 1 0 1
[1] 34
[1] "iteration number: "
[1] 15
[1] "Best fitness updated to:"
[1] -45.74699
[1] "Best solution:"
 [1] 1 1 1 1 1 1 1 1 1 0 1 1 1 1 1 1 1 1 1 1 1 1 1 0 1 1 1 1 0 1 1 0 0 1 1 1 1 1
[39] 0 0 1 1 1 1 1 1 0 1 0 0 1 1
[1] 42
[1] "iteration number: "
[1] 16
[1] "iteration number: "
[1] 17
[1] "iteration number: "
[1] 18
[1] "Best fitness updated to:"
[1] -46.65037
[1] "Best solution:"
 [1] 1 1 1 1 1 1 1 1 1 0 1 1 1 0 0 1 1 1 1 0 1 1 1 0 1 1 1 1 1 1 0 1 0 1 1 1 1 1
[39] 0 0 1 1 1 1 1 1 1 1 0 1 1 1
[1] 42
[1] "iteration number: "
[1] 19
[1] "iteration number: "
[1] 20
[1] "iteration number: "
[1] 21
[1] "iteration number: "
[1] 22
[1] "iteration number: "
[1] 23
[1] "iteration number: "
[1] 24
[1] "iteration number: "
[1] 25
[1] "iteration number: "
[1] 26
[1] "iteration number: "
[1] 27
[1] "iteration number: "
[1] 28
[1] "iteration number: "
[1] 29
[1] "Best fitness updated to:"
[1] -47.68683
[1] "Best solution:"
 [1] 1 1 1 0 1 1 1 1 1 0 1 1 1 0 0 1 1 1 1 0 1 1 1 0 1 1 1 1 1 1 0 1 0 1 1 1 1 1
[39] 0 0 1 1 1 1 1 1 1 1 0 1 1 1
[1] 41
[1] "iteration number: "
[1] 30
[1] "iteration number: "
[1] 31
[1] "iteration number: "
[1] 32
[1] "iteration number: "
[1] 33
[1] "Best fitness updated to:"
[1] -51.5319
[1] "Best solution:"
 [1] 1 1 1 1 1 1 1 1 0 0 1 1 1 1 0 1 1 1 1 0 1 1 1 0 1 1 1 1 1 1 0 1 0 1 1 1 1 1
[39] 0 0 1 1 1 1 1 1 1 1 0 1 1 1
[1] 42
[1] "iteration number: "
[1] 34
[1] "iteration number: "
[1] 35
[1] "iteration number: "
[1] 36
[1] "iteration number: "
[1] 37
[1] "iteration number: "
[1] 38
[1] "iteration number: "
[1] 39
[1] "iteration number: "
[1] 40
[1] "iteration number: "
[1] 41
[1] "iteration number: "
[1] 42
[1] "iteration number: "
[1] 43
[1] "iteration number: "
[1] 44
[1] "RE-INITIALIZING..."
[1] 1
[1] 5
[1] 52
 [1] 4 2 2 2 2 4 3 3 2 3 1 2 1 2 1 2 3 1 4 2
[1] "iteration number: "
[1] 45
[1] "Best fitness updated to:"
[1] -51.66804
[1] "Best solution:"
 [1] 1 1 0 1 1 1 0 1 1 0 1 1 0 1 1 1 1 1 1 1 0 1 0 0 0 1 0 0 1 0 0 1 0 1 1 1 1 1
[39] 0 0 1 0 1 1 1 1 1 1 0 1 0 1
[1] 34
[1] "iteration number: "
[1] 46
[1] "iteration number: "
[1] 47
[1] "iteration number: "
[1] 48
[1] "iteration number: "
[1] 49
[1] "Best fitness updated to:"
[1] -51.79711
[1] "Best solution:"
 [1] 1 1 0 1 1 1 0 1 1 0 1 1 0 1 1 1 1 1 1 1 0 1 0 0 0 1 0 0 1 0 0 1 0 1 1 1 1 1
[39] 0 0 1 0 1 1 1 1 1 1 0 1 1 1
[1] 35
[1] "iteration number: "
[1] 50
[1] "iteration number: "
[1] 51
[1] "iteration number: "
[1] 52
[1] "iteration number: "
[1] 53
[1] "Best fitness updated to:"
[1] -51.86762
[1] "Best solution:"
 [1] 1 1 0 1 1 1 0 1 1 0 1 1 0 1 1 1 1 1 1 1 0 1 0 0 0 1 0 0 1 0 0 1 0 1 1 1 1 1
[39] 0 0 1 0 1 1 1 1 1 1 0 1 1 1
[1] 35
[1] "iteration number: "
[1] 54
[1] "iteration number: "
[1] 55
[1] "iteration number: "
[1] 56
[1] "iteration number: "
[1] 57
[1] "iteration number: "
[1] 58
[1] "iteration number: "
[1] 59
[1] "iteration number: "
[1] 60
[1] "iteration number: "
[1] 61
[1] "iteration number: "
[1] 62
[1] "iteration number: "
[1] 63
[1] "iteration number: "
[1] 64
[1] "RE-INITIALIZING..."
[1] 1
[1] 5
[1] 50
 [1] 1 4 2 3 3 2 3 3 2 3 2 3 2 1 2 3 2 2 3 3
[1] "iteration number: "
[1] 65
[1] "iteration number: "
[1] 66
[1] "iteration number: "
[1] 67
[1] "iteration number: "
[1] 68
[1] "iteration number: "
[1] 69
[1] "iteration number: "
[1] 70
[1] "iteration number: "
[1] 71
[1] "iteration number: "
[1] 72
[1] "iteration number: "
[1] 73
[1] "iteration number: "
[1] 74
[1] "iteration number: "
[1] 75
[1] "RE-INITIALIZING..."
[1] 2
[1] 5
[1] 45
 [1] 4 2 2 2 2 4 3 3 2 3 1 2 1 2 1 2 3 1 4 2
[1] "iteration number: "
[1] 76
[1] "iteration number: "
[1] 77
[1] "iteration number: "
[1] 78
[1] "iteration number: "
[1] 79
[1] "iteration number: "
[1] 80
[1] "iteration number: "
[1] 81
[1] "iteration number: "
[1] 82
[1] "iteration number: "
[1] 83
[1] "iteration number: "
[1] 84
[1] "Best fitness updated to:"
[1] -52.67122
[1] "Best solution:"
 [1] 0 1 0 1 1 1 0 1 1 0 1 1 0 1 1 1 1 1 1 1 0 0 0 0 0 1 0 0 1 0 0 1 0 1 1 1 1 1
[39] 0 0 1 0 1 1 1 1 1 1 0 1 1 1
[1] 33
[1] "iteration number: "
[1] 85
[1] "iteration number: "
[1] 86
[1] "iteration number: "
[1] 87
[1] "iteration number: "
[1] 88
[1] "iteration number: "
[1] 89
[1] "iteration number: "
[1] 90
[1] "iteration number: "
[1] 91
[1] "iteration number: "
[1] 92
[1] "iteration number: "
[1] 93
[1] "iteration number: "
[1] 94
[1] "iteration number: "
[1] 95
[1] "RE-INITIALIZING..."
[1] 1
[1] 5
[1] 44
 [1] 1 4 2 3 3 2 3 3 2 3 2 3 2 1 2 3 2 2 3 3
[1] "iteration number: "
[1] 96
[1] "iteration number: "
[1] 97
[1] "iteration number: "
[1] 98
[1] "iteration number: "
[1] 99
[1] "Best fitness updated to:"
[1] -53.14051
[1] "Best solution:"
 [1] 0 1 0 1 1 1 0 1 1 0 1 0 0 1 1 1 0 1 1 0 0 1 0 0 0 1 0 0 1 0 0 0 0 1 1 0 0 1
[39] 0 0 0 0 0 1 1 1 0 1 0 1 1 1
[1] 25
[1] "iteration number: "
[1] 100
[1] "iteration number: "
[1] 101
[1] "iteration number: "
[1] 102
[1] "iteration number: "
[1] 103
[1] "iteration number: "
[1] 104
[1] "iteration number: "
[1] 105
[1] "iteration number: "
[1] 106
[1] "iteration number: "
[1] 107
[1] "iteration number: "
[1] 108
[1] "iteration number: "
[1] 109
[1] "iteration number: "
[1] 110
[1] "RE-INITIALIZING..."
[1] 1
[1] 5
[1] 42
 [1] 4 2 2 2 2 4 3 3 2 3 1 2 1 2 1 2 3 1 4 2
[1] "iteration number: "
[1] 111
[1] "iteration number: "
[1] 112
[1] "iteration number: "
[1] 113
[1] "iteration number: "
[1] 114
[1] "iteration number: "
[1] 115
[1] "iteration number: "
[1] 116
[1] "iteration number: "
[1] 117
[1] "iteration number: "
[1] 118
[1] "iteration number: "
[1] 119
[1] "iteration number: "
[1] 120
[1] "iteration number: "
[1] 121
[1] "RE-INITIALIZING..."
[1] 2
[1] 5
[1] 40
 [1] 3 3 1 2 2 2 2 3 2 1 2 3 2 2 2 1 2 2 1 2
[1] "iteration number: "
[1] 122
[1] "iteration number: "
[1] 123
[1] "iteration number: "
[1] 124
[1] "iteration number: "
[1] 125
[1] "iteration number: "
[1] 126
[1] "iteration number: "
[1] 127
[1] "iteration number: "
[1] 128
[1] "iteration number: "
[1] 129
[1] "iteration number: "
[1] 130
[1] "iteration number: "
[1] 131
[1] "iteration number: "
[1] 132
[1] "RE-INITIALIZING..."
[1] 3
[1] 5
[1] 39
 [1] 1 4 2 3 3 2 3 3 2 3 2 3 2 1 2 3 2 2 3 3
[1] "iteration number: "
[1] 133
[1] "iteration number: "
[1] 134
[1] "iteration number: "
[1] 135
[1] "iteration number: "
[1] 136
[1] "iteration number: "
[1] 137
[1] "iteration number: "
[1] 138
[1] "iteration number: "
[1] 139
[1] "iteration number: "
[1] 140
[1] "iteration number: "
[1] 141
[1] "iteration number: "
[1] 142
[1] "iteration number: "
[1] 143
[1] "RE-INITIALIZING..."
[1] 4
[1] 5
[1] 39
 [1] 1 4 2 3 3 2 3 3 2 3 2 3 2 1 2 3 2 2 3 3
[1] "iteration number: "
[1] 144
[1] "iteration number: "
[1] 145
[1] "iteration number: "
[1] 146
[1] "iteration number: "
[1] 147
[1] "iteration number: "
[1] 148
[1] "iteration number: "
[1] 149
[1] "iteration number: "
[1] 150
[1] "iteration number: "
[1] 151
[1] "iteration number: "
[1] 152
[1] "iteration number: "
[1] 153
[1] "iteration number: "
[1] 154
[1] "RE-INITIALIZING..."
[1] 5
[1] 5
[1] 39
 [1] 1 4 2 3 3 2 3 3 2 3 2 3 2 1 2 3 2 2 3 3
[1] "iteration number: "
[1] 155
[1] "iteration number: "
[1] 156
[1] "iteration number: "
[1] 157
[1] "iteration number: "
[1] 158
[1] "iteration number: "
[1] 159
[1] "iteration number: "
[1] 160
[1] "iteration number: "
[1] 161
[1] "iteration number: "
[1] 162
[1] "iteration number: "
[1] 163
[1] "iteration number: "
[1] 164
[1] "iteration number: "
[1] 165
[1] "RE-INITIALIZING..."
[1] 6
[1] 5
[1] 38
[1] "No change for 6 iterations. Exiting PSO."
 [1]  2  4  5  6  8  9 11 14 15 16 18 19 26 29 32 34 35 36 37 38 41 44 45 46 47
[26] 48 50 51 52
[1] 7
[1] "##################################"
[1] "Results summary for itr:7"
[1] "number of features selected using population mean"
[1] 29
[1] "number of features selected using current global best"
[1] 29
[1] "feat ind length"
[1] 29
[1] "best accuracy"
[1] 53.14051
[1] "test acc:1"
[1] "##################################"
[1] "learning sets: 8"
  [1]  41  66  90  46  12  31  22  33  91  98  54 110 106 109  30  83  14  43
 [19]   9   8 103  74  56  99  24  93  13  57  26 113  39  68  36  80  82 112
 [37]  69 127 116  51  92  48  16 104  49  75 100 126 107  85  44  64  88  84
 [55] 119 117 105  96   7 111 121 125  28  47  70  95  71  61  76 128  11  63
 [73]  79  94 114  53 108  73  34 129  55 124  60  45 123 130  19  50   3  65
 [91]  23  20  62  10  58 122  25  67   2  81 118 102  97   4
[1] "Starting global iteration number : 8"
[1] "iteration number: "
[1] 1
[1] "Best fitness updated to:"
[1] -37.67926
[1] "Best solution:"
 [1] NA NA NA NA NA NA NA NA NA NA NA NA NA NA NA NA NA NA NA NA NA NA NA NA NA
[26] NA NA NA NA NA NA NA NA NA NA NA NA NA NA NA NA NA NA NA NA NA NA NA NA NA
[51] NA NA
[1] 0
[1] "iteration number: "
[1] 2
[1] "Best fitness updated to:"
[1] -41.94207
[1] "Best solution:"
 [1] 0 1 0 0 1 0 1 0 0 0 1 0 0 1 1 1 1 0 1 1 1 0 1 0 0 0 0 0 0 1 1 1 1 1 1 0 0 0
[39] 1 1 0 1 1 1 1 0 1 0 0 0 1 1
[1] 27
[1] "iteration number: "
[1] 3
[1] "Best fitness updated to:"
[1] -43.47926
[1] "Best solution:"
 [1] 0 0 1 0 1 0 0 1 1 0 1 1 0 0 0 0 1 1 1 0 0 0 0 0 0 1 1 0 1 1 0 1 0 1 0 1 1 0
[39] 1 1 0 0 1 0 0 0 1 1 0 1 1 0
[1] 24
[1] "iteration number: "
[1] 4
[1] "iteration number: "
[1] 5
[1] "iteration number: "
[1] 6
[1] "iteration number: "
[1] 7
[1] "Best fitness updated to:"
[1] -44.87201
[1] "Best solution:"
 [1] 0 1 1 1 1 0 0 1 1 1 1 1 0 0 0 0 1 1 1 0 0 0 1 0 1 1 1 0 1 1 0 0 1 0 0 1 1 0
[39] 1 1 1 1 1 1 0 0 1 1 0 1 0 0
[1] 30
[1] "iteration number: "
[1] 8
[1] "iteration number: "
[1] 9
[1] "iteration number: "
[1] 10
[1] "Best fitness updated to:"
[1] -45.02442
[1] "Best solution:"
 [1] 1 1 1 0 1 1 0 1 1 1 1 0 1 0 1 1 0 1 1 1 0 1 1 1 0 1 0 1 1 1 1 1 1 1 1 1 1 1
[39] 1 0 1 1 0 1 1 0 1 1 1 1 1 1
[1] 41
[1] "iteration number: "
[1] 11
[1] "iteration number: "
[1] 12
[1] "iteration number: "
[1] 13
[1] "iteration number: "
[1] 14
[1] "Best fitness updated to:"
[1] -46.58986
[1] "Best solution:"
 [1] 1 1 1 0 1 1 0 1 1 1 1 0 0 0 0 1 0 1 1 1 1 1 1 1 0 1 0 0 0 1 1 0 0 0 0 1 1 1
[39] 1 1 1 0 1 1 1 0 1 1 1 1 1 1
[1] 35
[1] "iteration number: "
[1] 15
[1] "iteration number: "
[1] 16
[1] "iteration number: "
[1] 17
[1] "iteration number: "
[1] 18
[1] "iteration number: "
[1] 19
[1] "iteration number: "
[1] 20
[1] "iteration number: "
[1] 21
[1] "iteration number: "
[1] 22
[1] "iteration number: "
[1] 23
[1] "Best fitness updated to:"
[1] -48.89674
[1] "Best solution:"
 [1] 0 1 1 1 1 0 0 0 1 0 1 0 0 0 0 1 0 1 1 1 1 1 1 1 0 1 0 1 1 1 0 0 0 0 0 0 1 1
[39] 1 1 0 0 0 1 0 0 1 1 1 1 0 1
[1] 28
[1] "iteration number: "
[1] 24
[1] "iteration number: "
[1] 25
[1] "iteration number: "
[1] 26
[1] "iteration number: "
[1] 27
[1] "Best fitness updated to:"
[1] -50.78268
[1] "Best solution:"
 [1] 0 1 1 1 1 1 0 1 1 0 0 0 1 0 0 1 0 1 1 1 0 1 0 0 1 1 0 1 1 1 0 0 1 0 0 1 1 0
[39] 0 1 1 1 1 0 1 0 0 1 0 0 1 1
[1] 29
[1] "iteration number: "
[1] 28
[1] "Best fitness updated to:"
[1] -51.93864
[1] "Best solution:"
 [1] 0 1 1 1 1 0 0 1 1 1 1 0 0 0 0 0 0 1 1 0 0 1 1 0 0 1 1 0 1 0 0 0 1 0 0 1 1 0
[39] 1 0 0 0 0 1 0 0 0 1 0 1 0 0
[1] 22
[1] "iteration number: "
[1] 29
[1] "iteration number: "
[1] 30
[1] "iteration number: "
[1] 31
[1] "iteration number: "
[1] 32
[1] "iteration number: "
[1] 33
[1] "iteration number: "
[1] 34
[1] "iteration number: "
[1] 35
[1] "Best fitness updated to:"
[1] -53.00683
[1] "Best solution:"
 [1] 0 1 1 1 1 1 0 1 1 0 1 0 1 0 0 0 0 1 1 1 0 1 0 0 0 1 0 1 1 0 0 0 1 1 0 1 1 0
[39] 0 0 1 0 1 0 0 0 0 1 0 0 1 1
[1] 25
[1] "iteration number: "
[1] 36
[1] "iteration number: "
[1] 37
[1] "iteration number: "
[1] 38
[1] "Best fitness updated to:"
[1] -53.02263
[1] "Best solution:"
 [1] 0 1 1 1 1 0 0 1 1 1 1 0 0 0 0 0 0 1 1 0 0 1 1 0 0 1 0 0 1 0 0 0 1 0 0 1 1 0
[39] 0 0 0 0 1 0 1 0 0 1 0 0 1 0
[1] 21
[1] "iteration number: "
[1] 39
[1] "iteration number: "
[1] 40
[1] "iteration number: "
[1] 41
[1] "iteration number: "
[1] 42
[1] "iteration number: "
[1] 43
[1] "iteration number: "
[1] 44
[1] "iteration number: "
[1] 45
[1] "iteration number: "
[1] 46
[1] "iteration number: "
[1] 47
[1] "iteration number: "
[1] 48
[1] "iteration number: "
[1] 49
[1] "RE-INITIALIZING..."
[1] 1
[1] 5
[1] 50
 [1] 1 4 2 3 3 2 3 3 2 3 2 3 2 1 2 3 2 2 3 3
[1] "iteration number: "
[1] 50
[1] "iteration number: "
[1] 51
[1] "Best fitness updated to:"
[1] -53.85075
[1] "Best solution:"
 [1] 0 1 1 1 1 0 0 1 1 1 1 0 1 0 0 0 0 1 1 1 0 1 0 0 0 1 0 0 1 0 0 0 1 0 0 1 1 0
[39] 0 0 0 0 1 0 1 0 0 1 0 0 1 0
[1] 22
[1] "iteration number: "
[1] 52
[1] "iteration number: "
[1] 53
[1] "iteration number: "
[1] 54
[1] "iteration number: "
[1] 55
[1] "iteration number: "
[1] 56
[1] "iteration number: "
[1] 57
[1] "iteration number: "
[1] 58
[1] "Best fitness updated to:"
[1] -54.54525
[1] "Best solution:"
 [1] 0 1 1 1 1 1 0 1 1 1 1 0 1 0 0 0 0 1 1 1 0 1 0 0 0 1 0 0 1 0 0 0 1 1 0 1 1 0
[39] 0 0 0 0 1 0 1 0 0 1 0 0 1 0
[1] 24
[1] "iteration number: "
[1] 59
[1] "iteration number: "
[1] 60
[1] "iteration number: "
[1] 61
[1] "iteration number: "
[1] 62
[1] "iteration number: "
[1] 63
[1] "iteration number: "
[1] 64
[1] "iteration number: "
[1] 65
[1] "iteration number: "
[1] 66
[1] "iteration number: "
[1] 67
[1] "iteration number: "
[1] 68
[1] "iteration number: "
[1] 69
[1] "RE-INITIALIZING..."
[1] 1
[1] 5
[1] 44
 [1] 1 4 2 3 3 2 3 3 2 3 2 3 2 1 2 3 2 2 3 3
[1] "iteration number: "
[1] 70
[1] "iteration number: "
[1] 71
[1] "iteration number: "
[1] 72
[1] "iteration number: "
[1] 73
[1] "iteration number: "
[1] 74
[1] "iteration number: "
[1] 75
[1] "iteration number: "
[1] 76
[1] "iteration number: "
[1] 77
[1] "iteration number: "
[1] 78
[1] "iteration number: "
[1] 79
[1] "iteration number: "
[1] 80
[1] "RE-INITIALIZING..."
[1] 2
[1] 5
[1] 42
 [1] 4 2 2 2 2 4 3 3 2 3 1 2 1 2 1 2 3 1 4 2
[1] "iteration number: "
[1] 81
[1] "iteration number: "
[1] 82
[1] "iteration number: "
[1] 83
[1] "iteration number: "
[1] 84
[1] "iteration number: "
[1] 85
[1] "iteration number: "
[1] 86
[1] "iteration number: "
[1] 87
[1] "iteration number: "
[1] 88
[1] "iteration number: "
[1] 89
[1] "iteration number: "
[1] 90
[1] "iteration number: "
[1] 91
[1] "RE-INITIALIZING..."
[1] 3
[1] 5
[1] 43
 [1] 3 3 1 2 2 2 2 3 2 1 2 3 2 2 2 1 2 2 1 2
[1] "iteration number: "
[1] 92
[1] "iteration number: "
[1] 93
[1] "iteration number: "
[1] 94
[1] "iteration number: "
[1] 95
[1] "iteration number: "
[1] 96
[1] "iteration number: "
[1] 97
[1] "iteration number: "
[1] 98
[1] "iteration number: "
[1] 99
[1] "iteration number: "
[1] 100
[1] "iteration number: "
[1] 101
[1] "iteration number: "
[1] 102
[1] "RE-INITIALIZING..."
[1] 4
[1] 5
[1] 39
 [1] 1 4 2 3 3 2 3 3 2 3 2 3 2 1 2 3 2 2 3 3
[1] "iteration number: "
[1] 103
[1] "iteration number: "
[1] 104
[1] "iteration number: "
[1] 105
[1] "iteration number: "
[1] 106
[1] "iteration number: "
[1] 107
[1] "iteration number: "
[1] 108
[1] "iteration number: "
[1] 109
[1] "iteration number: "
[1] 110
[1] "iteration number: "
[1] 111
[1] "iteration number: "
[1] 112
[1] "iteration number: "
[1] 113
[1] "RE-INITIALIZING..."
[1] 5
[1] 5
[1] 38
 [1] 1 4 2 3 3 2 3 3 2 3 2 3 2 1 2 3 2 2 3 3
[1] "iteration number: "
[1] 114
[1] "iteration number: "
[1] 115
[1] "iteration number: "
[1] 116
[1] "iteration number: "
[1] 117
[1] "iteration number: "
[1] 118
[1] "iteration number: "
[1] 119
[1] "iteration number: "
[1] 120
[1] "iteration number: "
[1] 121
[1] "iteration number: "
[1] 122
[1] "iteration number: "
[1] 123
[1] "iteration number: "
[1] 124
[1] "RE-INITIALIZING..."
[1] 6
[1] 5
[1] 37
[1] "No change for 6 iterations. Exiting PSO."
 [1]  2  3  4  5  6  8  9 10 11 13 16 18 19 20 22 26 29 33 34 36 37 43 45 48 51
[1] 8
[1] "##################################"
[1] "Results summary for itr:8"
[1] "number of features selected using population mean"
[1] 25
[1] "number of features selected using current global best"
[1] 25
[1] "feat ind length"
[1] 25
[1] "best accuracy"
[1] 54.54525
[1] "test acc:1"
[1] "##################################"
[1] "learning sets: 9"
  [1]  14  66  43  91 106 109  78  22  31  93  29  30   9 120  41 110 103  74
 [19]  83  99  33  32  90  54  46  24  27  40 126  59  87   2 107 118 130  49
 [37] 122  52 114 102  55  73  82 104  39 123  69  25  67  63  13 127  38  64
 [55]  18  72 129 115  21 119  61  62  58   6  48 121   7  37 113  88 124  84
 [73] 117  76  97  45  47   5  79  42  60 100 128  35  70  81  92  36 108 116
 [91] 105  71  77  11  51  20  96  65 112  28  34  57  23   4
[1] "Starting global iteration number : 9"
[1] "iteration number: "
[1] 1
[1] "Best fitness updated to:"
[1] -37.72137
[1] "Best solution:"
 [1] NA NA NA NA NA NA NA NA NA NA NA NA NA NA NA NA NA NA NA NA NA NA NA NA NA
[26] NA NA NA NA NA NA NA NA NA NA NA NA NA NA NA NA NA NA NA NA NA NA NA NA NA
[51] NA NA
[1] 0
[1] "iteration number: "
[1] 2
[1] "Best fitness updated to:"
[1] -39.23229
[1] "Best solution:"
 [1] 0 1 0 0 1 0 1 0 0 0 1 0 0 1 1 1 1 0 1 1 1 0 1 0 0 0 0 0 0 1 1 1 1 1 1 0 0 0
[39] 1 1 0 1 1 1 1 0 1 0 0 0 1 1
[1] 27
[1] "iteration number: "
[1] 3
[1] "Best fitness updated to:"
[1] -43.15309
[1] "Best solution:"
 [1] 0 0 1 0 1 0 0 1 1 0 1 1 0 0 0 0 1 1 1 0 0 0 0 0 0 1 1 0 1 1 0 1 0 1 0 1 1 0
[39] 1 1 0 0 1 0 0 0 1 1 0 1 1 0
[1] 24
[1] "iteration number: "
[1] 4
[1] "iteration number: "
[1] 5
[1] "iteration number: "
[1] 6
[1] "iteration number: "
[1] 7
[1] "iteration number: "
[1] 8
[1] "iteration number: "
[1] 9
[1] "iteration number: "
[1] 10
[1] "iteration number: "
[1] 11
[1] "iteration number: "
[1] 12
[1] "iteration number: "
[1] 13
[1] "iteration number: "
[1] 14
[1] "RE-INITIALIZING..."
[1] 1
[1] 5
[1] 52
 [1] 4 1 2 1 4 3 2 3 1 1 3 2 2 3 2 3 2 4 4 2
[1] "iteration number: "
[1] 15
[1] "Best fitness updated to:"
[1] -43.80429
[1] "Best solution:"
 [1] 1 1 0 0 1 1 0 1 1 0 1 1 0 0 0 0 1 1 1 1 0 0 1 0 0 1 1 1 1 1 0 1 1 1 0 1 1 0
[39] 1 1 0 1 1 0 0 1 1 1 0 1 1 1
[1] 33
[1] "iteration number: "
[1] 16
[1] "iteration number: "
[1] 17
[1] "iteration number: "
[1] 18
[1] "Best fitness updated to:"
[1] -43.90516
[1] "Best solution:"
 [1] 1 1 0 1 1 1 0 1 1 0 1 1 0 0 0 0 1 1 1 1 1 1 1 1 0 1 1 1 1 1 0 1 1 1 0 1 1 0
[39] 1 1 0 1 1 0 0 1 1 1 0 1 1 1
[1] 37
[1] "iteration number: "
[1] 19
[1] "iteration number: "
[1] 20
[1] "iteration number: "
[1] 21
[1] "Best fitness updated to:"
[1] -44.53146
[1] "Best solution:"
 [1] 1 1 0 1 1 1 0 1 0 0 1 1 0 0 0 0 1 0 1 1 1 1 0 1 0 1 1 0 0 1 0 0 0 1 0 1 1 0
[39] 1 1 0 1 1 0 0 1 1 1 0 0 1 1
[1] 29
[1] "iteration number: "
[1] 22
[1] "Best fitness updated to:"
[1] -45.63092
[1] "Best solution:"
 [1] 1 1 0 0 1 0 0 0 0 0 0 0 0 0 0 0 1 1 0 1 0 1 1 1 0 1 1 0 0 0 0 0 0 1 0 1 0 0
[39] 0 0 0 0 0 0 0 1 1 1 0 0 0 1
[1] 17
[1] "iteration number: "
[1] 23
[1] "iteration number: "
[1] 24
[1] "iteration number: "
[1] 25
[1] "iteration number: "
[1] 26
[1] "iteration number: "
[1] 27
[1] "Best fitness updated to:"
[1] -48.58116
[1] "Best solution:"
 [1] 1 1 0 1 1 1 0 1 0 0 0 1 0 0 0 0 1 1 1 0 0 1 1 0 0 1 1 0 1 0 0 0 0 1 0 1 0 0
[39] 1 0 1 0 0 0 0 1 1 1 0 0 0 1
[1] 23
[1] "iteration number: "
[1] 28
[1] "Best fitness updated to:"
[1] -49.86992
[1] "Best solution:"
 [1] 0 1 0 1 1 0 0 1 1 0 1 1 0 0 0 0 1 1 1 1 0 0 1 1 0 1 1 0 1 1 0 0 1 1 0 1 0 0
[39] 1 1 1 0 0 0 1 1 1 1 1 0 0 1
[1] 29
[1] "iteration number: "
[1] 29
[1] "iteration number: "
[1] 30
[1] "iteration number: "
[1] 31
[1] "iteration number: "
[1] 32
[1] "iteration number: "
[1] 33
[1] "iteration number: "
[1] 34
[1] "iteration number: "
[1] 35
[1] "iteration number: "
[1] 36
[1] "iteration number: "
[1] 37
[1] "iteration number: "
[1] 38
[1] "iteration number: "
[1] 39
[1] "RE-INITIALIZING..."
[1] 1
[1] 5
[1] 52
 [1] 1 4 2 3 3 2 3 3 2 3 2 3 2 1 2 3 2 2 3 3
[1] "iteration number: "
[1] 40
[1] "iteration number: "
[1] 41
[1] "iteration number: "
[1] 42
[1] "iteration number: "
[1] 43
[1] "iteration number: "
[1] 44
[1] "iteration number: "
[1] 45
[1] "iteration number: "
[1] 46
[1] "iteration number: "
[1] 47
[1] "iteration number: "
[1] 48
[1] "Best fitness updated to:"
[1] -50.06156
[1] "Best solution:"
 [1] 0 1 0 1 1 0 0 1 1 0 1 1 0 0 0 0 1 1 1 1 0 0 1 1 0 1 1 0 1 1 0 1 1 1 0 1 0 0
[39] 1 1 1 0 0 0 0 1 1 1 1 0 0 0
[1] 28
[1] "iteration number: "
[1] 49
[1] "iteration number: "
[1] 50
[1] "Best fitness updated to:"
[1] -50.10725
[1] "Best solution:"
 [1] 0 1 0 1 1 0 0 1 1 0 1 1 0 0 0 0 1 1 1 1 0 0 1 1 0 1 1 0 1 1 0 1 1 1 0 1 0 0
[39] 1 0 1 0 1 0 0 1 1 1 1 0 0 0
[1] 28
[1] "iteration number: "
[1] 51
[1] "iteration number: "
[1] 52
[1] "iteration number: "
[1] 53
[1] "iteration number: "
[1] 54
[1] "iteration number: "
[1] 55
[1] "Best fitness updated to:"
[1] -51.29631
[1] "Best solution:"
 [1] 0 1 0 1 1 0 0 1 1 0 1 1 0 0 0 0 1 1 1 1 0 0 1 1 0 1 1 0 1 1 0 1 1 1 0 1 0 0
[39] 1 0 1 0 0 0 1 1 1 1 1 0 0 0
[1] 28
[1] "iteration number: "
[1] 56
[1] "iteration number: "
[1] 57
[1] "Best fitness updated to:"
[1] -51.31618
[1] "Best solution:"
 [1] 0 1 0 1 1 0 0 1 1 0 1 1 0 0 0 0 1 1 1 1 0 1 1 1 0 1 1 0 1 0 0 1 1 1 0 1 0 0
[39] 1 1 0 0 0 0 0 1 1 1 1 0 0 0
[1] 27
[1] "iteration number: "
[1] 58
[1] "Best fitness updated to:"
[1] -51.56307
[1] "Best solution:"
 [1] 0 1 0 1 1 1 0 1 1 0 1 1 0 0 0 0 1 1 1 1 0 1 1 1 0 1 1 0 1 0 0 1 1 1 0 1 0 0
[39] 1 1 0 0 0 0 0 1 1 1 1 0 0 0
[1] 28
[1] "iteration number: "
[1] 59
[1] "Best fitness updated to:"
[1] -51.66169
[1] "Best solution:"
 [1] 0 1 0 1 1 1 0 1 1 0 1 1 0 0 0 0 1 1 1 1 0 0 1 1 0 1 1 0 1 0 0 1 1 1 0 1 0 0
[39] 1 1 0 0 1 0 1 1 1 1 1 0 0 0
[1] 29
[1] "iteration number: "
[1] 60
[1] "iteration number: "
[1] 61
[1] "iteration number: "
[1] 62
[1] "iteration number: "
[1] 63
[1] "iteration number: "
[1] 64
[1] "iteration number: "
[1] 65
[1] "iteration number: "
[1] 66
[1] "iteration number: "
[1] 67
[1] "iteration number: "
[1] 68
[1] "iteration number: "
[1] 69
[1] "iteration number: "
[1] 70
[1] "RE-INITIALIZING..."
[1] 1
[1] 5
[1] 49
 [1] 4 2 2 2 2 4 3 3 2 3 1 2 1 2 1 2 3 1 4 2
[1] "iteration number: "
[1] 71
[1] "iteration number: "
[1] 72
[1] "Best fitness updated to:"
[1] -52.11935
[1] "Best solution:"
 [1] 1 1 0 1 1 0 0 0 0 0 1 1 0 0 0 0 1 0 1 1 0 0 1 1 0 1 1 0 0 0 0 1 1 1 0 1 0 0
[39] 1 1 0 0 0 0 1 1 1 1 0 0 0 0
[1] 23
[1] "iteration number: "
[1] 73
[1] "iteration number: "
[1] 74
[1] "iteration number: "
[1] 75
[1] "iteration number: "
[1] 76
[1] "iteration number: "
[1] 77
[1] "iteration number: "
[1] 78
[1] "iteration number: "
[1] 79
[1] "iteration number: "
[1] 80
[1] "iteration number: "
[1] 81
[1] "iteration number: "
[1] 82
[1] "iteration number: "
[1] 83
[1] "RE-INITIALIZING..."
[1] 1
[1] 5
[1] 47
 [1] 3 3 1 2 2 2 2 3 2 1 2 3 2 2 2 1 2 2 1 2
[1] "iteration number: "
[1] 84
[1] "iteration number: "
[1] 85
[1] "iteration number: "
[1] 86
[1] "iteration number: "
[1] 87
[1] "iteration number: "
[1] 88
[1] "iteration number: "
[1] 89
[1] "iteration number: "
[1] 90
[1] "iteration number: "
[1] 91
[1] "iteration number: "
[1] 92
[1] "iteration number: "
[1] 93
[1] "iteration number: "
[1] 94
[1] "RE-INITIALIZING..."
[1] 2
[1] 5
[1] 43
 [1] 1 4 2 3 3 2 3 3 2 3 2 3 2 1 2 3 2 2 3 3
[1] "iteration number: "
[1] 95
[1] "iteration number: "
[1] 96
[1] "iteration number: "
[1] 97
[1] "iteration number: "
[1] 98
[1] "iteration number: "
[1] 99
[1] "iteration number: "
[1] 100
[1] "iteration number: "
[1] 101
[1] "iteration number: "
[1] 102
[1] "iteration number: "
[1] 103
[1] "iteration number: "
[1] 104
[1] "iteration number: "
[1] 105
[1] "RE-INITIALIZING..."
[1] 3
[1] 5
[1] 40
 [1] 4 2 2 2 2 4 3 3 2 3 1 2 1 2 1 2 3 1 4 2
[1] "iteration number: "
[1] 106
[1] "iteration number: "
[1] 107
[1] "iteration number: "
[1] 108
[1] "iteration number: "
[1] 109
[1] "iteration number: "
[1] 110
[1] "iteration number: "
[1] 111
[1] "iteration number: "
[1] 112
[1] "iteration number: "
[1] 113
[1] "iteration number: "
[1] 114
[1] "iteration number: "
[1] 115
[1] "iteration number: "
[1] 116
[1] "RE-INITIALIZING..."
[1] 4
[1] 5
[1] 37
 [1] 3 3 1 2 2 2 2 3 2 1 2 3 2 2 2 1 2 2 1 2
[1] "iteration number: "
[1] 117
[1] "iteration number: "
[1] 118
[1] "iteration number: "
[1] 119
[1] "iteration number: "
[1] 120
[1] "iteration number: "
[1] 121
[1] "iteration number: "
[1] 122
[1] "iteration number: "
[1] 123
[1] "iteration number: "
[1] 124
[1] "iteration number: "
[1] 125
[1] "iteration number: "
[1] 126
[1] "iteration number: "
[1] 127
[1] "RE-INITIALIZING..."
[1] 5
[1] 5
[1] 36
 [1] 1 4 2 3 3 2 3 3 2 3 2 3 2 1 2 3 2 2 3 3
[1] "iteration number: "
[1] 128
[1] "iteration number: "
[1] 129
[1] "iteration number: "
[1] 130
[1] "iteration number: "
[1] 131
[1] "iteration number: "
[1] 132
[1] "iteration number: "
[1] 133
[1] "iteration number: "
[1] 134
[1] "iteration number: "
[1] 135
[1] "iteration number: "
[1] 136
[1] "iteration number: "
[1] 137
[1] "iteration number: "
[1] 138
[1] "RE-INITIALIZING..."
[1] 6
[1] 5
[1] 35
 [1] 1 4 2 3 3 2 3 3 2 3 2 3 2 1 2 3 2 2 3 3
[1] "iteration number: "
[1] 139
[1] "iteration number: "
[1] 140
[1] "iteration number: "
[1] 141
[1] "iteration number: "
[1] 142
[1] "iteration number: "
[1] 143
[1] "iteration number: "
[1] 144
[1] "iteration number: "
[1] 145
[1] "iteration number: "
[1] 146
[1] "iteration number: "
[1] 147
[1] "iteration number: "
[1] 148
[1] "iteration number: "
[1] 149
[1] "RE-INITIALIZING..."
[1] 7
[1] 5
[1] 36
[1] "No change for 7 iterations. Exiting PSO."
 [1]  2  4  5  6  8  9 11 12 17 18 19 20 23 24 26 27 29 32 33 34 36 39 40 45 46
[26] 48 49
[1] 9
[1] "##################################"
[1] "Results summary for itr:9"
[1] "number of features selected using population mean"
[1] 27
[1] "number of features selected using current global best"
[1] 27
[1] "feat ind length"
[1] 27
[1] "best accuracy"
[1] 52.11935
[1] "test acc:0.884615384615385"
[1] "##################################"
[1] "learning sets: 10"
  [1]  66  99  15  32 106  98  89  31  17  43  91  56  14  12  41  74 120  93
 [19]  29 110 103  78  22  30  83  90 121  11  53  92  40  20  39 112  49  97
 [37]   5  35  96 123  52   7  70  68  51  79  57 102 129   3  77 126 114 130
 [55] 101  45  36   4 104 117  72  61  21  18  81  60 127  88   6 107  67  58
 [73]  85  80  65 116  34 108  84  64  55  59  71  62 119  13   1  47  87 122
 [91]  76 118  38 128  27  25 105 125   2  23 100 113  63  86
[1] "Starting global iteration number : 10"
[1] "iteration number: "
[1] 1
[1] "Best fitness updated to:"
[1] -41.20007
[1] "Best solution:"
 [1] NA NA NA NA NA NA NA NA NA NA NA NA NA NA NA NA NA NA NA NA NA NA NA NA NA
[26] NA NA NA NA NA NA NA NA NA NA NA NA NA NA NA NA NA NA NA NA NA NA NA NA NA
[51] NA NA
[1] 0
[1] "iteration number: "
[1] 2
[1] "iteration number: "
[1] 3
[1] "Best fitness updated to:"
[1] -45.12619
[1] "Best solution:"
 [1] 1 0 1 1 1 1 1 1 1 1 1 1 1 1 0 0 0 1 1 1 1 1 0 1 1 1 1 1 1 1 1 0 0 1 1 0 1 1
[39] 1 1 1 1 1 0 1 1 0 1 1 1 0 1
[1] 41
[1] "iteration number: "
[1] 4
[1] "Best fitness updated to:"
[1] -47.46349
[1] "Best solution:"
 [1] 1 1 1 1 1 1 0 1 1 1 1 1 0 1 1 1 1 1 1 1 0 1 1 1 0 1 1 1 1 1 0 1 1 1 0 1 1 1
[39] 1 1 1 1 1 0 1 1 1 1 1 1 1 1
[1] 45
[1] "iteration number: "
[1] 5
[1] "iteration number: "
[1] 6
[1] "iteration number: "
[1] 7
[1] "iteration number: "
[1] 8
[1] "Best fitness updated to:"
[1] -47.71813
[1] "Best solution:"
 [1] 1 1 1 1 1 1 0 1 1 1 0 1 1 0 0 1 1 1 1 1 0 1 1 0 0 1 1 1 1 1 1 1 1 0 1 1 1 1
[39] 1 1 1 1 1 0 1 1 1 1 1 1 1 1
[1] 43
[1] "iteration number: "
[1] 9
[1] "iteration number: "
[1] 10
[1] "iteration number: "
[1] 11
[1] "iteration number: "
[1] 12
[1] "iteration number: "
[1] 13
[1] "iteration number: "
[1] 14
[1] "iteration number: "
[1] 15
[1] "Best fitness updated to:"
[1] -48.05956
[1] "Best solution:"
 [1] 1 1 1 1 1 1 0 1 1 1 1 1 1 0 0 1 1 1 1 0 1 0 1 0 1 1 1 0 1 0 1 1 1 0 1 1 1 1
[39] 1 1 1 1 1 1 1 1 1 1 1 1 0 1
[1] 42
[1] "iteration number: "
[1] 16
[1] "Best fitness updated to:"
[1] -48.62902
[1] "Best solution:"
 [1] 1 1 0 1 1 1 0 1 1 1 0 1 1 0 0 1 1 0 1 0 1 1 1 0 1 1 1 1 1 1 1 1 1 0 1 1 1 1
[39] 1 1 1 1 0 1 0 1 1 1 0 1 0 1
[1] 39
[1] "iteration number: "
[1] 17
[1] "iteration number: "
[1] 18
[1] "iteration number: "
[1] 19
[1] "iteration number: "
[1] 20
[1] "iteration number: "
[1] 21
[1] "iteration number: "
[1] 22
[1] "iteration number: "
[1] 23
[1] "iteration number: "
[1] 24
[1] "Best fitness updated to:"
[1] -49.0896
[1] "Best solution:"
 [1] 1 1 1 1 1 1 0 1 1 1 1 1 0 1 0 0 1 1 1 1 0 0 1 0 0 1 1 1 1 1 0 1 1 1 1 1 1 1
[39] 1 1 1 1 0 0 1 1 1 0 0 1 0 1
[1] 38
[1] "iteration number: "
[1] 25
[1] "Best fitness updated to:"
[1] -50.93098
[1] "Best solution:"
 [1] 1 1 1 1 1 1 0 1 1 1 1 1 1 1 0 1 1 1 1 0 1 1 1 0 1 1 1 1 1 1 0 1 1 0 1 1 1 1
[39] 1 1 1 1 0 1 1 1 1 1 0 1 0 1
[1] 43
[1] "iteration number: "
[1] 26
[1] "iteration number: "
[1] 27
[1] "iteration number: "
[1] 28
[1] "iteration number: "
[1] 29
[1] "iteration number: "
[1] 30
[1] "iteration number: "
[1] 31
[1] "Best fitness updated to:"
[1] -52.48087
[1] "Best solution:"
 [1] 1 0 1 1 1 1 0 1 1 1 1 1 0 1 1 0 0 1 1 0 0 0 1 1 0 1 1 0 1 1 0 0 1 0 1 1 1 1
[39] 1 1 1 1 0 1 1 1 1 1 0 1 1 1
[1] 37
[1] "iteration number: "
[1] 32
[1] "iteration number: "
[1] 33
[1] "iteration number: "
[1] 34
[1] "Best fitness updated to:"
[1] -52.78539
[1] "Best solution:"
 [1] 1 0 1 1 1 1 0 1 1 1 1 1 0 1 1 0 0 1 1 1 0 0 1 1 0 1 1 0 1 1 0 0 1 0 1 1 1 1
[39] 1 1 1 1 0 1 1 1 1 1 0 1 1 1
[1] 38
[1] "iteration number: "
[1] 35
[1] "iteration number: "
[1] 36
[1] "iteration number: "
[1] 37
[1] "iteration number: "
[1] 38
[1] "iteration number: "
[1] 39
[1] "iteration number: "
[1] 40
[1] "iteration number: "
[1] 41
[1] "iteration number: "
[1] 42
[1] "iteration number: "
[1] 43
[1] "iteration number: "
[1] 44
[1] "iteration number: "
[1] 45
[1] "RE-INITIALIZING..."
[1] 1
[1] 5
[1] 51
 [1] 1 4 2 3 3 2 3 3 2 3 2 3 2 1 2 3 2 2 3 3
[1] "iteration number: "
[1] 46
[1] "iteration number: "
[1] 47
[1] "iteration number: "
[1] 48
[1] "iteration number: "
[1] 49
[1] "Best fitness updated to:"
[1] -52.80462
[1] "Best solution:"
 [1] 1 0 1 1 1 1 0 1 1 1 1 1 0 1 1 0 0 1 1 1 0 0 1 1 0 1 1 0 1 1 0 0 1 0 1 1 1 1
[39] 1 1 1 1 0 1 1 1 1 1 0 1 1 1
[1] 38
[1] "iteration number: "
[1] 50
[1] "iteration number: "
[1] 51
[1] "iteration number: "
[1] 52
[1] "Best fitness updated to:"
[1] -52.82385
[1] "Best solution:"
 [1] 1 0 1 1 1 1 0 1 1 1 1 1 0 1 1 0 0 1 1 1 0 0 1 1 0 1 1 0 1 0 0 0 1 0 1 1 1 1
[39] 1 1 1 1 0 1 1 0 1 1 0 1 1 1
[1] 36
[1] "iteration number: "
[1] 53
[1] "iteration number: "
[1] 54
[1] "iteration number: "
[1] 55
[1] "iteration number: "
[1] 56
[1] "Best fitness updated to:"
[1] -52.86032
[1] "Best solution:"
 [1] 1 0 1 1 1 1 0 1 1 1 1 1 0 1 1 0 0 1 1 1 0 0 1 1 0 1 1 0 1 0 0 0 1 0 1 1 1 1
[39] 1 1 1 1 0 1 1 1 1 1 0 1 1 1
[1] 37
[1] "iteration number: "
[1] 57
[1] "iteration number: "
[1] 58
[1] "iteration number: "
[1] 59
[1] "iteration number: "
[1] 60
[1] "Best fitness updated to:"
[1] -52.87956
[1] "Best solution:"
 [1] 1 0 1 1 1 1 0 1 1 1 1 1 0 1 1 0 0 1 1 1 0 0 1 1 0 1 1 1 1 0 0 0 1 0 1 1 1 1
[39] 1 1 1 1 0 1 1 1 1 1 0 1 1 1
[1] 38
[1] "iteration number: "
[1] 61
[1] "iteration number: "
[1] 62
[1] "iteration number: "
[1] 63
[1] "iteration number: "
[1] 64
[1] "iteration number: "
[1] 65
[1] "iteration number: "
[1] 66
[1] "iteration number: "
[1] 67
[1] "iteration number: "
[1] 68
[1] "iteration number: "
[1] 69
[1] "iteration number: "
[1] 70
[1] "iteration number: "
[1] 71
[1] "RE-INITIALIZING..."
[1] 1
[1] 5
[1] 50
 [1] 4 2 2 2 2 4 3 3 2 3 1 2 1 2 1 2 3 1 4 2
[1] "iteration number: "
[1] 72
[1] "iteration number: "
[1] 73
[1] "Best fitness updated to:"
[1] -52.93195
[1] "Best solution:"
 [1] 0 0 1 1 1 1 0 1 1 1 1 1 0 1 1 0 0 1 1 1 0 0 1 1 0 1 1 1 1 0 0 0 1 0 1 1 1 1
[39] 1 1 1 1 0 1 1 0 1 1 0 1 1 1
[1] 36
[1] "iteration number: "
[1] 74
[1] "iteration number: "
[1] 75
[1] "iteration number: "
[1] 76
[1] "iteration number: "
[1] 77
[1] "Best fitness updated to:"
[1] -53.38664
[1] "Best solution:"
 [1] 1 0 1 1 1 1 0 1 1 1 1 1 0 1 1 0 0 1 1 1 0 0 1 1 0 1 1 1 1 0 0 0 1 0 1 1 1 1
[39] 1 1 1 1 0 1 1 0 1 1 0 1 1 1
[1] 37
[1] "iteration number: "
[1] 78
[1] "iteration number: "
[1] 79
[1] "iteration number: "
[1] 80
[1] "iteration number: "
[1] 81
[1] "iteration number: "
[1] 82
[1] "iteration number: "
[1] 83
[1] "iteration number: "
[1] 84
[1] "iteration number: "
[1] 85
[1] "iteration number: "
[1] 86
[1] "Best fitness updated to:"
[1] -53.40117
[1] "Best solution:"
 [1] 1 1 1 1 1 1 0 1 1 1 0 0 0 0 0 0 0 1 1 1 0 1 1 0 0 1 1 1 1 0 0 0 1 0 1 0 1 1
[39] 1 1 1 1 0 1 0 0 0 1 0 1 0 1
[1] 30
[1] "iteration number: "
[1] 87
[1] "iteration number: "
[1] 88
[1] "iteration number: "
[1] 89
[1] "iteration number: "
[1] 90
[1] "iteration number: "
[1] 91
[1] "iteration number: "
[1] 92
[1] "Best fitness updated to:"
[1] -53.85145
[1] "Best solution:"
 [1] 0 0 1 1 1 1 0 1 1 1 1 1 0 1 1 0 0 1 1 1 0 1 1 1 0 1 0 0 1 0 0 0 1 0 1 1 1 1
[39] 1 1 1 1 0 1 1 0 1 1 0 1 1 1
[1] 35
[1] "iteration number: "
[1] 93
[1] "iteration number: "
[1] 94
[1] "iteration number: "
[1] 95
[1] "Best fitness updated to:"
[1] -53.87068
[1] "Best solution:"
 [1] 0 0 1 1 1 1 0 1 1 1 1 1 0 1 1 0 0 1 1 1 0 1 1 1 0 1 0 0 1 0 0 0 1 0 1 1 1 1
[39] 1 1 1 1 0 1 1 0 1 1 0 1 1 1
[1] 35
[1] "iteration number: "
[1] 96
[1] "Best fitness updated to:"
[1] -53.92837
[1] "Best solution:"
 [1] 0 0 1 1 0 1 0 1 1 1 1 1 0 0 1 0 0 0 1 1 0 0 1 1 0 1 1 0 0 0 0 0 1 0 1 1 0 1
[39] 1 1 1 1 0 1 1 0 1 1 0 1 1 1
[1] 30
[1] "iteration number: "
[1] 97
[1] "iteration number: "
[1] 98
[1] "iteration number: "
[1] 99
[1] "iteration number: "
[1] 100
[1] "iteration number: "
[1] 101
[1] "iteration number: "
[1] 102
[1] "iteration number: "
[1] 103
[1] "iteration number: "
[1] 104
[1] "iteration number: "
[1] 105
[1] "iteration number: "
[1] 106
[1] "iteration number: "
[1] 107
[1] "RE-INITIALIZING..."
[1] 1
[1] 5
[1] 51
 [1] 4 2 2 2 2 4 3 3 2 3 1 2 1 2 1 2 3 1 4 2
[1] "iteration number: "
[1] 108
[1] "iteration number: "
[1] 109
[1] "iteration number: "
[1] 110
[1] "iteration number: "
[1] 111
[1] "iteration number: "
[1] 112
[1] "iteration number: "
[1] 113
[1] "iteration number: "
[1] 114
[1] "iteration number: "
[1] 115
[1] "iteration number: "
[1] 116
[1] "iteration number: "
[1] 117
[1] "iteration number: "
[1] 118
[1] "RE-INITIALIZING..."
[1] 2
[1] 5
[1] 50
 [1] 3 3 1 2 2 2 2 3 2 1 2 3 2 2 2 1 2 2 1 2
[1] "iteration number: "
[1] 119
[1] "iteration number: "
[1] 120
[1] "iteration number: "
[1] 121
[1] "iteration number: "
[1] 122
[1] "iteration number: "
[1] 123
[1] "iteration number: "
[1] 124
[1] "iteration number: "
[1] 125
[1] "iteration number: "
[1] 126
[1] "iteration number: "
[1] 127
[1] "iteration number: "
[1] 128
[1] "iteration number: "
[1] 129
[1] "RE-INITIALIZING..."
[1] 3
[1] 5
[1] 45
 [1] 1 4 2 3 3 2 3 3 2 3 2 3 2 1 2 3 2 2 3 3
[1] "iteration number: "
[1] 130
[1] "iteration number: "
[1] 131
[1] "iteration number: "
[1] 132
[1] "iteration number: "
[1] 133
[1] "iteration number: "
[1] 134
[1] "iteration number: "
[1] 135
[1] "iteration number: "
[1] 136
[1] "iteration number: "
[1] 137
[1] "iteration number: "
[1] 138
[1] "iteration number: "
[1] 139
[1] "iteration number: "
[1] 140
[1] "RE-INITIALIZING..."
[1] 4
[1] 5
[1] 44
 [1] 4 2 2 2 2 4 3 3 2 3 1 2 1 2 1 2 3 1 4 2
[1] "iteration number: "
[1] 141
[1] "Best fitness updated to:"
[1] -53.9476
[1] "Best solution:"
 [1] 0 0 1 1 1 1 0 1 1 1 1 1 0 1 1 0 0 0 1 1 0 1 1 1 0 1 0 0 1 0 0 0 1 0 1 1 1 1
[39] 1 1 1 1 0 1 1 1 1 1 0 1 1 1
[1] 35
[1] "iteration number: "
[1] 142
[1] "iteration number: "
[1] 143
[1] "iteration number: "
[1] 144
[1] "iteration number: "
[1] 145
[1] "iteration number: "
[1] 146
[1] "iteration number: "
[1] 147
[1] "iteration number: "
[1] 148
[1] "iteration number: "
[1] 149
[1] "iteration number: "
[1] 150
[1] "iteration number: "
[1] 151
[1] "iteration number: "
[1] 152
[1] "RE-INITIALIZING..."
[1] 1
[1] 5
[1] 45
 [1] 3 3 1 2 2 2 2 3 2 1 2 3 2 2 2 1 2 2 1 2
[1] "iteration number: "
[1] 153
[1] "iteration number: "
[1] 154
[1] "iteration number: "
[1] 155
[1] "iteration number: "
[1] 156
[1] "iteration number: "
[1] 157
[1] "iteration number: "
[1] 158
[1] "iteration number: "
[1] 159
[1] "iteration number: "
[1] 160
[1] "iteration number: "
[1] 161
[1] "iteration number: "
[1] 162
[1] "iteration number: "
[1] 163
[1] "RE-INITIALIZING..."
[1] 2
[1] 5
[1] 45
 [1] 1 4 2 3 3 2 3 3 2 3 2 3 2 1 2 3 2 2 3 3
[1] "iteration number: "
[1] 164
[1] "iteration number: "
[1] 165
[1] "iteration number: "
[1] 166
[1] "Best fitness updated to:"
[1] -54.06524
[1] "Best solution:"
 [1] 0 0 1 0 1 1 0 1 1 1 1 1 0 1 1 0 0 1 0 1 0 1 1 1 0 1 0 0 1 0 0 0 1 0 1 1 1 1
[39] 1 0 1 1 0 1 0 1 1 1 0 1 0 1
[1] 31
[1] "iteration number: "
[1] 167
[1] "iteration number: "
[1] 168
[1] "iteration number: "
[1] 169
[1] "iteration number: "
[1] 170
[1] "iteration number: "
[1] 171
[1] "iteration number: "
[1] 172
[1] "iteration number: "
[1] 173
[1] "iteration number: "
[1] 174
[1] "iteration number: "
[1] 175
[1] "iteration number: "
[1] 176
[1] "iteration number: "
[1] 177
[1] "RE-INITIALIZING..."
[1] 1
[1] 5
[1] 44
 [1] 4 2 2 2 2 4 3 3 2 3 1 2 1 2 1 2 3 1 4 2
[1] "iteration number: "
[1] 178
[1] "iteration number: "
[1] 179
[1] "Best fitness updated to:"
[1] -56.12028
[1] "Best solution:"
 [1] 0 0 1 1 1 1 0 1 1 1 1 1 0 1 1 0 0 1 1 1 0 1 1 1 0 1 0 0 1 0 0 0 1 0 1 1 1 1
[39] 1 0 1 1 0 1 1 1 1 1 0 1 1 1
[1] 35
[1] "iteration number: "
[1] 180
[1] "iteration number: "
[1] 181
[1] "iteration number: "
[1] 182
[1] "iteration number: "
[1] 183
[1] "iteration number: "
[1] 184
[1] "iteration number: "
[1] 185
[1] "iteration number: "
[1] 186
[1] "iteration number: "
[1] 187
[1] "iteration number: "
[1] 188
[1] "iteration number: "
[1] 189
[1] "iteration number: "
[1] 190
[1] "RE-INITIALIZING..."
[1] 1
[1] 5
[1] 44
 [1] 2 1 4 1 3 1 1 3 2 4 3 2 2 3 1 2 1 1 3 2
[1] "iteration number: "
[1] 191
[1] "iteration number: "
[1] 192
[1] "iteration number: "
[1] 193
[1] "iteration number: "
[1] 194
[1] "iteration number: "
[1] 195
[1] "iteration number: "
[1] 196
[1] "iteration number: "
[1] 197
[1] "iteration number: "
[1] 198
[1] "iteration number: "
[1] 199
[1] "iteration number: "
[1] 200
[1] "iteration number: "
[1] 201
[1] "RE-INITIALIZING..."
[1] 2
[1] 5
[1] 43
 [1] 4 2 2 2 2 4 3 3 2 3 1 2 1 2 1 2 3 1 4 2
[1] "iteration number: "
[1] 202
[1] "iteration number: "
[1] 203
[1] "iteration number: "
[1] 204
[1] "iteration number: "
[1] 205
[1] "iteration number: "
[1] 206
[1] "iteration number: "
[1] 207
[1] "iteration number: "
[1] 208
[1] "iteration number: "
[1] 209
[1] "iteration number: "
[1] 210
[1] "iteration number: "
[1] 211
[1] "iteration number: "
[1] 212
[1] "RE-INITIALIZING..."
[1] 3
[1] 5
[1] 43
 [1] 3 3 1 2 2 2 2 3 2 1 2 3 2 2 2 1 2 2 1 2
[1] "iteration number: "
[1] 213
[1] "iteration number: "
[1] 214
[1] "iteration number: "
[1] 215
[1] "iteration number: "
[1] 216
[1] "iteration number: "
[1] 217
[1] "iteration number: "
[1] 218
[1] "iteration number: "
[1] 219
[1] "iteration number: "
[1] 220
[1] "iteration number: "
[1] 221
[1] "iteration number: "
[1] 222
[1] "iteration number: "
[1] 223
[1] "RE-INITIALIZING..."
[1] 4
[1] 5
[1] 42
 [1] 1 4 2 3 3 2 3 3 2 3 2 3 2 1 2 3 2 2 3 3
[1] "iteration number: "
[1] 224
[1] "iteration number: "
[1] 225
[1] "iteration number: "
[1] 226
[1] "iteration number: "
[1] 227
[1] "iteration number: "
[1] 228
[1] "iteration number: "
[1] 229
[1] "iteration number: "
[1] 230
[1] "iteration number: "
[1] 231
[1] "iteration number: "
[1] 232
[1] "iteration number: "
[1] 233
[1] "iteration number: "
[1] 234
[1] "RE-INITIALIZING..."
[1] 5
[1] 5
[1] 42
 [1] 1 4 2 3 3 2 3 3 2 3 2 3 2 1 2 3 2 2 3 3
[1] "iteration number: "
[1] 235
[1] "iteration number: "
[1] 236
[1] "iteration number: "
[1] 237
[1] "iteration number: "
[1] 238
[1] "iteration number: "
[1] 239
[1] "iteration number: "
[1] 240
[1] "iteration number: "
[1] 241
[1] "Best fitness updated to:"
[1] -56.35104
[1] "Best solution:"
 [1] 0 1 1 1 1 1 0 1 1 1 1 0 0 1 1 0 0 1 1 1 0 0 1 1 0 1 0 0 1 0 0 0 1 0 1 1 1 1
[39] 1 0 1 1 0 1 1 0 1 1 0 1 1 0
[1] 32
[1] "iteration number: "
[1] 242
[1] "iteration number: "
[1] 243
[1] "iteration number: "
[1] 244
[1] "iteration number: "
[1] 245
[1] "iteration number: "
[1] 246
[1] "iteration number: "
[1] 247
[1] "iteration number: "
[1] 248
[1] "iteration number: "
[1] 249
[1] "iteration number: "
[1] 250
[1] "iteration number: "
[1] 251
[1] "iteration number: "
[1] 252
[1] "RE-INITIALIZING..."
[1] 1
[1] 5
[1] 42
 [1] 1 4 2 3 3 2 3 3 2 3 2 3 2 1 2 3 2 2 3 3
[1] "iteration number: "
[1] 253
[1] "iteration number: "
[1] 254
[1] "iteration number: "
[1] 255
[1] "iteration number: "
[1] 256
[1] "iteration number: "
[1] 257
[1] "iteration number: "
[1] 258
[1] "iteration number: "
[1] 259
[1] "iteration number: "
[1] 260
[1] "iteration number: "
[1] 261
[1] "iteration number: "
[1] 262
[1] "iteration number: "
[1] 263
[1] "RE-INITIALIZING..."
[1] 2
[1] 5
[1] 42
 [1] 1 4 2 3 3 2 3 3 2 3 2 3 2 1 2 3 2 2 3 3
[1] "iteration number: "
[1] 264
[1] "iteration number: "
[1] 265
[1] "iteration number: "
[1] 266
[1] "iteration number: "
[1] 267
[1] "iteration number: "
[1] 268
[1] "iteration number: "
[1] 269
[1] "iteration number: "
[1] 270
[1] "iteration number: "
[1] 271
[1] "iteration number: "
[1] 272
[1] "iteration number: "
[1] 273
[1] "iteration number: "
[1] 274
[1] "RE-INITIALIZING..."
[1] 3
[1] 5
[1] 40
 [1] 1 4 2 3 3 2 3 3 2 3 2 3 2 1 2 3 2 2 3 3
[1] "iteration number: "
[1] 275
[1] "iteration number: "
[1] 276
[1] "iteration number: "
[1] 277
[1] "iteration number: "
[1] 278
[1] "iteration number: "
[1] 279
[1] "iteration number: "
[1] 280
[1] "iteration number: "
[1] 281
[1] "iteration number: "
[1] 282
[1] "iteration number: "
[1] 283
[1] "iteration number: "
[1] 284
[1] "iteration number: "
[1] 285
[1] "RE-INITIALIZING..."
[1] 4
[1] 5
[1] 40
 [1] 4 2 2 2 2 4 3 3 2 3 1 2 1 2 1 2 3 1 4 2
[1] "iteration number: "
[1] 286
[1] "iteration number: "
[1] 287
[1] "iteration number: "
[1] 288
[1] "iteration number: "
[1] 289
[1] "iteration number: "
[1] 290
[1] "iteration number: "
[1] 291
[1] "iteration number: "
[1] 292
[1] "iteration number: "
[1] 293
[1] "iteration number: "
[1] 294
[1] "iteration number: "
[1] 295
[1] "Best fitness updated to:"
[1] -57.03682
[1] "Best solution:"
 [1] 0 1 1 1 1 1 0 1 1 1 1 0 0 1 1 0 0 1 1 0 0 0 1 0 0 1 0 0 1 0 0 0 1 0 1 1 1 1
[39] 1 0 1 1 0 1 1 0 1 1 0 1 1 0
[1] 30
[1] "iteration number: "
[1] 296
[1] "iteration number: "
[1] 297
[1] "iteration number: "
[1] 298
[1] "iteration number: "
[1] 299
[1] "iteration number: "
[1] 300
[1] "iteration number: "
[1] 301
[1] "iteration number: "
[1] 302
[1] "iteration number: "
[1] 303
[1] "iteration number: "
[1] 304
[1] "iteration number: "
[1] 305
[1] "iteration number: "
[1] 306
[1] "RE-INITIALIZING..."
[1] 1
[1] 5
[1] 38
 [1] 1 4 2 3 3 2 3 3 2 3 2 3 2 1 2 3 2 2 3 3
[1] "iteration number: "
[1] 307
[1] "iteration number: "
[1] 308
[1] "iteration number: "
[1] 309
[1] "iteration number: "
[1] 310
[1] "iteration number: "
[1] 311
[1] "iteration number: "
[1] 312
[1] "iteration number: "
[1] 313
[1] "iteration number: "
[1] 314
[1] "iteration number: "
[1] 315
[1] "iteration number: "
[1] 316
[1] "iteration number: "
[1] 317
[1] "RE-INITIALIZING..."
[1] 2
[1] 5
[1] 40
 [1] 1 4 2 3 3 2 3 3 2 3 2 3 2 1 2 3 2 2 3 3
[1] "iteration number: "
[1] 318
[1] "iteration number: "
[1] 319
[1] "iteration number: "
[1] 320
[1] "iteration number: "
[1] 321
[1] "iteration number: "
[1] 322
[1] "iteration number: "
[1] 323
[1] "iteration number: "
[1] 324
[1] "iteration number: "
[1] 325
[1] "iteration number: "
[1] 326
[1] "iteration number: "
[1] 327
[1] "iteration number: "
[1] 328
[1] "RE-INITIALIZING..."
[1] 3
[1] 5
[1] 38
 [1] 1 4 2 3 3 2 3 3 2 3 2 3 2 1 2 3 2 2 3 3
[1] "iteration number: "
[1] 329
[1] "iteration number: "
[1] 330
[1] "iteration number: "
[1] 331
[1] "iteration number: "
[1] 332
[1] "iteration number: "
[1] 333
[1] "iteration number: "
[1] 334
[1] "iteration number: "
[1] 335
[1] "iteration number: "
[1] 336
[1] "iteration number: "
[1] 337
[1] "iteration number: "
[1] 338
[1] "iteration number: "
[1] 339
[1] "RE-INITIALIZING..."
[1] 4
[1] 5
[1] 37
 [1] 1 4 2 3 3 2 3 3 2 3 2 3 2 1 2 3 2 2 3 3
[1] "iteration number: "
[1] 340
[1] "iteration number: "
[1] 341
[1] "iteration number: "
[1] 342
[1] "iteration number: "
[1] 343
[1] "iteration number: "
[1] 344
[1] "iteration number: "
[1] 345
[1] "iteration number: "
[1] 346
[1] "iteration number: "
[1] 347
[1] "iteration number: "
[1] 348
[1] "iteration number: "
[1] 349
[1] "iteration number: "
[1] 350
[1] "RE-INITIALIZING..."
[1] 5
[1] 5
[1] 37
 [1] 4 2 2 2 2 4 3 3 2 3 1 2 1 2 1 2 3 1 4 2
[1] "iteration number: "
[1] 351
[1] "iteration number: "
[1] 352
[1] "iteration number: "
[1] 353
[1] "iteration number: "
[1] 354
[1] "iteration number: "
[1] 355
[1] "iteration number: "
[1] 356
[1] "iteration number: "
[1] 357
[1] "iteration number: "
[1] 358
[1] "iteration number: "
[1] 359
[1] "iteration number: "
[1] 360
[1] "iteration number: "
[1] 361
[1] "RE-INITIALIZING..."
[1] 6
[1] 5
[1] 36
[1] "No change for 6 iterations. Exiting PSO."
 [1]  2  3  4  5  6  8  9 11 14 15 18 19 23 26 29 33 35 36 37 38 39 41 44 45 47
[26] 48 50 51
[1] 10
[1] "##################################"
[1] "Results summary for itr:10"
[1] "number of features selected using population mean"
[1] 28
[1] "number of features selected using current global best"
[1] 28
[1] "feat ind length"
[1] 28
[1] "best accuracy"
[1] 57.03682
[1] "test acc:0.961538461538462"
[1] "##################################"
[1] "testacc"
 [1] 0.9230769 1.0000000 0.9615385 0.9230769 0.9615385 1.0000000 1.0000000
 [8] 1.0000000 0.8846154 0.9615385
[1] 0.9615385
   Min. 1st Qu.  Median    Mean 3rd Qu.    Max. 
 0.8846  0.9327  0.9615  0.9615  1.0000  1.0000 
[1] 0.04054202
      [,1] [,2] [,3] [,4] [,5] [,6] [,7] [,8] [,9] [,10]
 [1,]    0    1    0    0    0    0    0    0    0     0
 [2,]    0    1    1    1    1    1    1    1    1     1
 [3,]    1    0    1    1    1    1    0    1    0     1
 [4,]    1    0    1    0    1    0    1    1    1     1
 [5,]    1    1    1    1    1    1    1    1    1     1
 [6,]    0    0    1    1    1    1    1    1    1     1
 [7,]    1    0    0    0    0    0    0    0    0     0
 [8,]    0    1    1    1    1    1    1    1    1     1
 [9,]    1    1    1    1    1    1    1    1    1     1
[10,]    0    1    0    1    0    0    0    1    0     0
[11,]    1    1    1    1    1    1    1    1    1     1
[12,]    0    0    1    1    0    0    0    0    1     0
[13,]    0    0    0    0    0    0    0    1    0     0
[14,]    0    0    0    0    0    0    1    0    0     1
[15,]    0    0    0    0    0    1    1    0    0     1
[16,]    1    0    0    0    1    0    1    1    0     0
[17,]    1    0    1    0    0    1    0    0    1     0
[18,]    0    1    1    1    1    1    1    1    1     1
[19,]    1    1    1    1    1    1    1    1    1     1
[20,]    0    1    1    1    0    0    0    1    1     0
[21,]    0    0    0    0    1    0    0    0    0     0
[22,]    0    0    0    0    0    1    0    1    0     0
[23,]    1    1    1    1    1    1    0    0    1     1
[24,]    0    0    0    0    0    0    0    0    1     0
[25,]    0    0    0    0    1    0    0    0    0     0
[26,]    1    1    1    1    1    1    1    1    1     1
[27,]    0    0    1    0    0    1    0    0    1     0
[28,]    0    0    0    0    0    0    0    0    0     0
[29,]    1    1    1    1    1    1    1    1    1     1
[30,]    0    0    1    1    1    1    0    0    0     0
[31,]    0    0    0    0    0    0    0    0    0     0
[32,]    1    0    1    1    1    1    1    0    1     0
[33,]    1    1    1    0    1    1    0    1    1     1
[34,]    1    1    1    1    1    1    1    1    1     0
[35,]    0    0    0    1    1    0    1    0    0     1
[36,]    1    1    1    1    0    1    1    1    1     1
[37,]    0    1    1    1    1    1    1    1    0     1
[38,]    0    1    0    0    0    0    1    0    0     1
[39,]    0    1    1    0    1    1    0    0    1     1
[40,]    0    0    1    1    0    0    0    0    1     0
[41,]    1    1    0    1    1    1    1    0    0     1
[42,]    0    0    0    1    0    0    0    0    0     0
[43,]    0    0    0    1    1    0    0    1    0     0
[44,]    1    1    0    1    1    0    1    0    0     1
[45,]    1    0    0    0    0    0    1    1    1     1
[46,]    1    0    1    0    1    0    1    0    1     0
[47,]    1    0    1    1    1    1    1    0    0     1
[48,]    1    1    1    1    1    1    1    1    1     1
[49,]    0    1    0    0    1    0    0    0    1     0
[50,]    0    1    1    1    1    0    1    0    0     1
[51,]    0    1    0    1    1    1    1    1    0     1
[52,]    1    1    0    0    1    0    1    0    0     0
[1] "dim of scoring matrix is "
[1] 52 10
[1] "DS index stage 2"
[1] 0.6908729
[1] "KI index stage 2"
[1] -Inf
[1] 1
   Min. 1st Qu.  Median    Mean 3rd Qu.    Max. 
  0.000   3.000   5.000   5.327   8.000  10.000 
[1] "Number of features selected in 1 iterations:"
[1] 50
[1] "Number of features selected in 1 iterations:"
[1] 50
[1] 0.7878788 1.0000000
[1] 0.7878788 1.0000000
[1] "accuracy: 85.2366138781652 num_feat:50 fitness:52.4356189167824"
$fitfunc
[1] -52.43562

$cverror
[1] 85.23661

$cvpermerror
[1] 50

$testacc
[1] 100

$reverseacc
[1] 89.39394

[1] -52.43562
[1] "Number of features selected in 2 iterations:"
[1] 43
[1] 0.8484848 1.0000000
[1] 0.8484848 1.0000000
[1] "accuracy: 88.5760698170843 num_feat:43 fitness:55.1837437194205"
$fitfunc
[1] -55.18374

$cverror
[1] 88.57607

$cvpermerror
[1] 50.06085

$testacc
[1] 100

$reverseacc
[1] 92.42424

[1] -55.18374
[1] "Number of features selected in 3 iterations:"
[1] 41
[1] 0.8181818 1.0000000
[1] 0.8181818 1.0000000
[1] "accuracy: 89.2496035170109 num_feat:41 fitness:55.6515979570694"
$fitfunc
[1] -55.6516

$cverror
[1] 89.2496

$cvpermerror
[1] 50.06085

$testacc
[1] 100

$reverseacc
[1] 90.90909

[1] -55.6516
[1] "Number of features selected in 4 iterations:"
[1] 33
[1] 0.8787879 1.0000000
[1] 0.8787879 1.0000000
[1] "accuracy: 89.9733681843491 num_feat:33 fitness:56.5423804506161"
$fitfunc
[1] -56.54238

$cverror
[1] 89.97337

$cvpermerror
[1] 50

$testacc
[1] 100

$reverseacc
[1] 93.93939

[1] -56.54238
[1] "Number of features selected in 5 iterations:"
[1] 28
[1] 0.9090909 1.0000000
[1] 0.9090909 1.0000000
[1] "accuracy: 93.1021965486917 num_feat:28 fitness:59.0609131457845"
$fitfunc
[1] -59.06091

$cverror
[1] 93.1022

$cvpermerror
[1] 50

$testacc
[1] 100

$reverseacc
[1] 95.45455

[1] -59.06091
[1] "Number of features selected in 6 iterations:"
[1] 25
[1] 0.9090909 1.0000000
[1] 0.9090909 1.0000000
[1] "accuracy: 95.677884471953 num_feat:25 fitness:61.0503713959228"
$fitfunc
[1] -61.05037

$cverror
[1] 95.67788

$cvpermerror
[1] 50

$testacc
[1] 100

$reverseacc
[1] 95.45455

[1] -61.05037
[1] "Number of features selected in 7 iterations:"
[1] 22
[1] 0.9090909 1.0000000
[1] 0.9090909 1.0000000
[1] "accuracy: 91.5083115240884 num_feat:22 fitness:57.9808839927166"
$fitfunc
[1] -57.98088

$cverror
[1] 91.50831

$cvpermerror
[1] 50

$testacc
[1] 100

$reverseacc
[1] 95.45455

[1] -57.98088
[1] "Number of features selected in 8 iterations:"
[1] 16
[1] 0.9393939 1.0000000
[1] 0.9393939 1.0000000
[1] "accuracy: 85.7389273120622 num_feat:16 fitness:53.8449880248392"
$fitfunc
[1] -53.84499

$cverror
[1] 85.73893

$cvpermerror
[1] 50

$testacc
[1] 100

$reverseacc
[1] 96.9697

[1] -53.84499
[1] "Number of features selected in 9 iterations:"
[1] 12
[1] 0.8484848 1.0000000
[1] 0.8484848 1.0000000
[1] "accuracy: 75.9880282145745 num_feat:12 fitness:45.7754034453132"
$fitfunc
[1] -45.7754

$cverror
[1] 75.98803

$cvpermerror
[1] 50

$testacc
[1] 96.9697

$reverseacc
[1] 92.42424

[1] -45.7754
[1] "Number of features selected in 10 iterations:"
[1] 7
[1] 0.6060606 0.9793814
[1] 0.6060606 0.9793814
[1] "accuracy: 63.9025051019841 num_feat:7 fitness:34.6747042631705"
$fitfunc
[1] -34.6747

$cverror
[1] 63.90251

$cvpermerror
[1] 50.08114

$testacc
[1] 89.87816

$reverseacc
[1] 79.2721

[1] -34.6747
   Min. 1st Qu.  Median    Mean 3rd Qu.    Max. 
 0.8846  0.9327  0.9615  0.9615  1.0000  1.0000 
[1] "Number of features selected in 6 iterations:"
[1] 25
[1] "Modified train 10 fold accuracy using train data is "
[1] 97.69231
[1] "Modified train accuracy is "
[1] 1
[1] "train confusion matrix is "
          trainclass
pred_train  1  2
         1 33  0
         2  0 97
[1] "Train dimension is "
[1] 130  25
[1] "Test dimension is "
[1] 100  25
[1] "Test confusion matrix is "
    
pred  1  2
   1  8 18
   2  7 67
[1] "Test acc is "
[1] 0.75
[1] "train 10 fold"
[1] 96.15385
[1] "Test confusion matrix is "
    
pred  1  2
   1  8 18
   2  7 67
[1] "Test acc is "
[1] 0.75
[1] "Test AUC:"
[1] 0.6607843
[1] "Train acc is "
[1] 1
[1] "# of features after CMA:"
NULL
[1] "# of features after PSO:"
[1] 130  26
     user    system   elapsed 
  265.148    15.136 13901.133 
There were 50 or more warnings (use warnings() to see the first 50)
> 
> 
> 
> feat_ind<-psores$bestfeatlist
> feat_names<-psores$bestfeatnames
> 
> scoringmatrix<-as.data.frame(psores$scoringmatrix)
> print(scoringmatrix)
   V1 V2 V3 V4 V5 V6 V7 V8 V9 V10
1   0  1  0  0  0  0  0  0  0   0
2   0  1  1  1  1  1  1  1  1   1
3   1  0  1  1  1  1  0  1  0   1
4   1  0  1  0  1  0  1  1  1   1
5   1  1  1  1  1  1  1  1  1   1
6   0  0  1  1  1  1  1  1  1   1
7   1  0  0  0  0  0  0  0  0   0
8   0  1  1  1  1  1  1  1  1   1
9   1  1  1  1  1  1  1  1  1   1
10  0  1  0  1  0  0  0  1  0   0
11  1  1  1  1  1  1  1  1  1   1
12  0  0  1  1  0  0  0  0  1   0
13  0  0  0  0  0  0  0  1  0   0
14  0  0  0  0  0  0  1  0  0   1
15  0  0  0  0  0  1  1  0  0   1
16  1  0  0  0  1  0  1  1  0   0
17  1  0  1  0  0  1  0  0  1   0
18  0  1  1  1  1  1  1  1  1   1
19  1  1  1  1  1  1  1  1  1   1
20  0  1  1  1  0  0  0  1  1   0
21  0  0  0  0  1  0  0  0  0   0
22  0  0  0  0  0  1  0  1  0   0
23  1  1  1  1  1  1  0  0  1   1
24  0  0  0  0  0  0  0  0  1   0
25  0  0  0  0  1  0  0  0  0   0
26  1  1  1  1  1  1  1  1  1   1
27  0  0  1  0  0  1  0  0  1   0
28  0  0  0  0  0  0  0  0  0   0
29  1  1  1  1  1  1  1  1  1   1
30  0  0  1  1  1  1  0  0  0   0
31  0  0  0  0  0  0  0  0  0   0
32  1  0  1  1  1  1  1  0  1   0
33  1  1  1  0  1  1  0  1  1   1
34  1  1  1  1  1  1  1  1  1   0
35  0  0  0  1  1  0  1  0  0   1
36  1  1  1  1  0  1  1  1  1   1
37  0  1  1  1  1  1  1  1  0   1
38  0  1  0  0  0  0  1  0  0   1
39  0  1  1  0  1  1  0  0  1   1
40  0  0  1  1  0  0  0  0  1   0
41  1  1  0  1  1  1  1  0  0   1
42  0  0  0  1  0  0  0  0  0   0
43  0  0  0  1  1  0  0  1  0   0
44  1  1  0  1  1  0  1  0  0   1
45  1  0  0  0  0  0  1  1  1   1
46  1  0  1  0  1  0  1  0  1   0
47  1  0  1  1  1  1  1  0  0   1
48  1  1  1  1  1  1  1  1  1   1
49  0  1  0  0  1  0  0  0  1   0
50  0  1  1  1  1  0  1  0  0   1
51  0  1  0  1  1  1  1  1  0   1
52  1  1  0  0  1  0  1  0  0   0
> print(feat_names[feat_ind])
 [1] "201555_at"   "201798_s_at" "202204_s_at" "202683_s_at" "203139_at"  
 [6] "203963_at"   "204681_s_at" "204825_at"   "205713_s_at" "205751_at"  
[11] "208582_s_at" "208893_s_at" "209560_s_at" "209942_x_at" "210729_at"  
[16] "211864_s_at" "212583_at"   "212768_s_at" "213527_s_at" "214612_x_at"
[21] "216092_s_at" "218856_at"   "218862_at"   "219092_s_at" "220034_at"  
> 
> save(psores,file="psores.Rda")
> print("Complete")
[1] "Complete"
> 
