
R version 3.2.2 (2015-08-14) -- "Fire Safety"
Copyright (C) 2015 The R Foundation for Statistical Computing
Platform: x86_64-apple-darwin13.4.0 (64-bit)

R is free software and comes with ABSOLUTELY NO WARRANTY.
You are welcome to redistribute it under certain conditions.
Type 'license()' or 'licence()' for distribution details.

  Natural language support but running in an English locale

R is a collaborative project with many contributors.
Type 'contributors()' for more information and
'citation()' on how to cite R or R packages in publications.

Type 'demo()' for some demos, 'help()' for on-line help, or
'help.start()' for an HTML browser interface to help.
Type 'q()' to quit R.

> 
> #.libPaths("/home/kuppal3/karan_libs/Rlibs")
> library(snow)
Warning message:
package ‘snow’ was built under R version 3.2.5 
> library(e1071)
Warning message:
package ‘e1071’ was built under R version 3.2.5 
> library(yaImpute)

Attaching package: ‘yaImpute’

The following object is masked from ‘package:e1071’:

    impute

> library(pROC)
Type 'citation("pROC")' for a citation.

Attaching package: ‘pROC’

The following objects are masked from ‘package:stats’:

    cov, smooth, var

Warning message:
package ‘pROC’ was built under R version 3.2.5 
> library(bioDist)
Loading required package: Biobase
Loading required package: BiocGenerics
Loading required package: parallel

Attaching package: ‘parallel’

The following objects are masked from ‘package:snow’:

    clusterApply, clusterApplyLB, clusterCall, clusterEvalQ,
    clusterExport, clusterMap, clusterSplit, makeCluster, parApply,
    parCapply, parLapply, parRapply, parSapply, splitIndices,
    stopCluster


Attaching package: ‘BiocGenerics’

The following objects are masked from ‘package:parallel’:

    clusterApply, clusterApplyLB, clusterCall, clusterEvalQ,
    clusterExport, clusterMap, parApply, parCapply, parLapply,
    parLapplyLB, parRapply, parSapply, parSapplyLB

The following objects are masked from ‘package:snow’:

    clusterApply, clusterApplyLB, clusterCall, clusterEvalQ,
    clusterExport, clusterMap, parApply, parCapply, parLapply,
    parRapply, parSapply

The following objects are masked from ‘package:stats’:

    IQR, mad, xtabs

The following objects are masked from ‘package:base’:

    anyDuplicated, append, as.data.frame, as.vector, cbind, colnames,
    do.call, duplicated, eval, evalq, Filter, Find, get, grep, grepl,
    intersect, is.unsorted, lapply, lengths, Map, mapply, match, mget,
    order, paste, pmax, pmax.int, pmin, pmin.int, Position, rank,
    rbind, Reduce, rownames, sapply, setdiff, sort, table, tapply,
    union, unique, unlist, unsplit

Welcome to Bioconductor

    Vignettes contain introductory material; view with
    'browseVignettes()'. To cite Bioconductor, see
    'citation("Biobase")', and for packages 'citation("pkgname")'.

Loading required package: KernSmooth
KernSmooth 2.23 loaded
Copyright M. P. Wand 1997-2009
> #library(CMA, lib="/home/kuppal3/karan_libs/Rlibs/")
> library(RankAggreg)
Warning message:
package ‘RankAggreg’ was built under R version 3.2.5 
> library(CMA)

Attaching package: ‘CMA’

The following object is masked from ‘package:pROC’:

    roc

The following object is masked from ‘package:e1071’:

    tune

Warning message:
package ‘CMA’ was built under R version 3.2.4 
> library(expm)
Loading required package: Matrix

Attaching package: ‘expm’

The following object is masked from ‘package:Matrix’:

    expm

Warning messages:
1: package ‘expm’ was built under R version 3.2.5 
2: package ‘Matrix’ was built under R version 3.2.5 
> 
> cl<-makeCluster(1)
> 
> 
> args<-commandArgs(trailingOnly=TRUE)
> 
> dirloc<-"/Users/karanuppal/Documents/Gatech/Projects/Algorithms/TwostagePSO/"
> #sname<-paste("/home/stu/kuppal3/Research/Feature_selection/Rcode/versionnov2014/OCFS_",args[9],".R",sep="")
> 
> sname<-paste(dirloc,"version2017/OCFS_",args[9],".R",sep="")
> source(sname)
> 
> outloc<-paste(dirloc,"/Datasets/MAQCII_BreastCancer/OCFSvmay2415_MAQCER",args[9],"/",sep="")
> 
> 
> sname<-paste(dirloc,"Datasets/MAQCII_BreastCancer/MaqcIIbr.Rda",sep="")
> load(sname)
> 
> trainm<-MaqcIIbr$trainx
> testm<-MaqcIIbr$testx
> trainclass<-MaqcIIbr$trainER #PCRvsRD
> testclass<-MaqcIIbr$testER #PCRvsRD
> 
> trainm<-trainm[,-c(22284)]
> testm<-testm[,-c(22284)]
> trainm<-apply(trainm,2,as.numeric)
> testm<-apply(testm,2,as.numeric)
> 
> trainm<-cbind(trainclass,trainm)
> testm<-cbind(testclass,testm)
> 
> trainm<-na.omit(trainm)
> testm<-na.omit(testm)
> 
> dir.create(outloc)
Warning message:
In dir.create(outloc) :
  '/Users/karanuppal/Documents/Gatech/Projects/Algorithms/TwostagePSO//Datasets/MAQCII_BreastCancer/OCFSvmay2415_MAQCERvmarch62018_v3' already exists
> setwd(outloc)
> 
> 
> trainm<-as.matrix(trainm)
> testm<-as.matrix(testm)
> trainclass<-trainm[,1] #CMAres$modtrainclass
> testclass<-testm[,1] #CMAres$modtestclass
> trainm<-trainm[,-c(1)] #CMAres$modtrainmata
> testm<-testm[,-c(1)] #CMAres$modtestmata
> 
> #a: Confusions
> #b: Neighbors
> #c: Global
> #d: Death
> 
> a<-c(0.25,0.25,0.25,0.25)
> b<-c(0.3,0.1,0.4,0.1)
> c<-c(0.25,0.25,0.5,0)
> d<-c(0.9,0.1,0,0.1)
> 
> a<-c(0,0.4,0.1,0.5)
> b<-c(0.3,0.1,0.4,0.1)
> c<-c(0,0.5,0.5,0)
> d<-c(0.9,0.1,0,0)
> 
> a<-c(0,0.4,0.1,0.5)
> b<-c(0.2,0.3,0.4,0.1)
> c<-c(0,0.4,0.4,0.2)
> d<-c(0.9,0.1,0,0)
> 
> transition_matrix<-rbind(a,b,c,d)
> 
> 
> dir.create(outloc)
Warning message:
In dir.create(outloc) :
  '/Users/karanuppal/Documents/Gatech/Projects/Algorithms/TwostagePSO//Datasets/MAQCII_BreastCancer/OCFSvmay2415_MAQCERvmarch62018_v3' already exists
> setwd(outloc)
> temp2=t(trainm)
> temp2=apply(temp2, 2, function(x){which(x=="MD")})
> temp2=unlist(temp2)
> temp2=unique(temp2)
> if(length(temp2)>1)
+ {
+ 	trainm=trainm[,-c(temp2)]
+ 
+ 	rm(temp2)
+ }
> 
> boostweight=rep(0,dim(trainm)[2])
> 
> print("max num")
[1] "max num"
> print(as.numeric(args[10]))
[1] 10
> 
> #if(FALSE)
> {
+ CMAres<-performCMA(trainm, trainclass, testm, testclass,outloc,
+ maxnum=as.numeric(args[10]),
+ minnum=3,
+ stepitr=1,
+ gsmethods=c("limma"), #"lasso","elasticnet","kruskal.test"), #"f.test", "f.test", "elasticnet", "wilcox.test", "welch.test"),
+ pct_train=0.40,
+ accuracyweight=1,
+ featweight=0.06,
+ minpresent=1,
+ kname="radial",
+ norm_method="none",
+ tolerance=0.5,
+ maxitrs=5,
+ classindex=1,
+ numfacts=0,
+ evalmethod="CV",
+ numfolds=10,
+ CVfoldthresh=0.7,
+ varselmethod=args[11],
+ scheme_val="one-vs-all",
+ iter_learn=1,boostweight=rep(0,dim(trainm)[2]))
+ 
+ 
+ CMAres<-performCMA(trainm, trainclass, testm, testclass,outloc,
+ maxnum=as.numeric(args[10]),
+ minnum=3,
+ stepitr=1,
+ gsmethods=c("lasso"), #"lasso","elasticnet","kruskal.test"), #"f.test", "f.test", "elasticnet", "wilcox.test", "welch.test"),
+ pct_train=0.40,
+ accuracyweight=1,
+ featweight=0.06,
+ minpresent=1,
+ kname="radial",
+ norm_method="none",
+ tolerance=0.5,
+ maxitrs=5,
+ classindex=1,
+ numfacts=0,
+ evalmethod="CV",
+ numfolds=10,
+ CVfoldthresh=0.7,
+ varselmethod=args[11],
+ scheme_val="one-vs-all",
+ iter_learn=1,boostweight=rep(0,dim(trainm)[2]))
+ 
+ CMAres<-performCMA(trainm, trainclass, testm, testclass,outloc,
+ maxnum=as.numeric(args[10]),
+ minnum=3,
+ stepitr=1,
+ gsmethods=c("rfe"), #"lasso","elasticnet","kruskal.test"), #"f.test", "f.test", "elasticnet", "wilcox.test", "welch.test"),
+ pct_train=0.40,
+ accuracyweight=1,
+ featweight=0.06,
+ minpresent=1,
+ kname="radial",
+ norm_method="none",
+ tolerance=0.5,
+ maxitrs=5,
+ classindex=1,
+ numfacts=0,
+ evalmethod="CV",
+ numfolds=10,
+ CVfoldthresh=0.7,
+ varselmethod=args[11],
+ scheme_val="one-vs-all",
+ iter_learn=1,boostweight=rep(0,dim(trainm)[2]))
+ 
+ CMAres<-performCMA(trainm, trainclass, testm, testclass,outloc,
+ maxnum=as.numeric(args[10]),
+ minnum=3,
+ stepitr=1,
+ gsmethods=c("elasticnet"), #"lasso","elasticnet","kruskal.test"), #"f.test", "f.test", "elasticnet", "wilcox.test", "welch.test"),
+ pct_train=0.40,
+ accuracyweight=1,
+ featweight=0.06,
+ minpresent=1,
+ kname="radial",
+ norm_method="none",
+ tolerance=0.5,
+ maxitrs=5,
+ classindex=1,
+ numfacts=0,
+ evalmethod="CV",
+ numfolds=10,
+ CVfoldthresh=0.7,
+ varselmethod=args[11],
+ scheme_val="one-vs-all",
+ iter_learn=1,boostweight=rep(0,dim(trainm)[2]))
+ 
+ if(FALSE){
+ CMAres<-performCMA(trainm, trainclass, testm, testclass,outloc,
+ maxnum=as.numeric(args[10]),
+ minnum=3,
+ stepitr=1,
+ gsmethods=c("rf"), #"lasso","elasticnet","kruskal.test"), #"f.test", "f.test", "elasticnet", "wilcox.test", "welch.test"),
+ pct_train=0.40,
+ accuracyweight=1,
+ featweight=0.06,
+ minpresent=1,
+ kname="radial",
+ norm_method="none",
+ tolerance=0.5,
+ maxitrs=5,
+ classindex=1,
+ numfacts=0,
+ evalmethod="CV",
+ numfolds=10,
+ CVfoldthresh=0.7,
+ varselmethod=args[11],
+ scheme_val="one-vs-all",
+ iter_learn=1,boostweight=rep(0,dim(trainm)[2]))
+ }
+ 
+ CMAres<-performCMA(trainm, trainclass, testm, testclass,outloc,
+ maxnum=as.numeric(args[10]),
+ minnum=3,
+ stepitr=1,
+ gsmethods=c("f.test"), #"lasso","elasticnet","kruskal.test"), #"f.test", "f.test", "elasticnet", "wilcox.test", "welch.test"),
+ pct_train=0.40,
+ accuracyweight=1,
+ featweight=0.06,
+ minpresent=1,
+ kname="radial",
+ norm_method="none",
+ tolerance=0.5,
+ maxitrs=5,
+ classindex=1,
+ numfacts=0,
+ evalmethod="CV",
+ numfolds=10,
+ CVfoldthresh=0.7,
+ varselmethod=args[11],
+ scheme_val="one-vs-all",
+ iter_learn=1,boostweight=rep(0,dim(trainm)[2]))
+ }
[1] "dim of trainm is "
[1]   130 22283
[1]   130 22283
[1] "maxnum is "
[1] 10
[1] "# of genes left after filtering:"
[1]   130 22283
[1] "limma"
[1] "Method name: limma"
[1]   130 22283
nci_y
 1  2 
50 80 
learningset mode:  CV 
number of learningsets:  10 
(maximum) number of observations per learning set:  117 
[1] "one-vs-all"
GeneSelection: iteration 1 

Attaching package: ‘limma’

The following object is masked from ‘package:BiocGenerics’:

    plotMA

GeneSelection: iteration 2 
GeneSelection: iteration 3 
GeneSelection: iteration 4 
GeneSelection: iteration 5 
GeneSelection: iteration 6 
GeneSelection: iteration 7 
GeneSelection: iteration 8 
GeneSelection: iteration 9 
GeneSelection: iteration 10 
[1] 13
[1] "varselmethod"
[1] "none"
[1] 13
[1] "Method: limma"
[1] 13
[1] "dim of scoring matrix is "
[1] 22283     1
     Min.   1st Qu.    Median      Mean   3rd Qu.      Max. 
0.0000000 0.0000000 0.0000000 0.0005834 0.0000000 1.0000000 
[1] 13
[1] 22283
[1] "DS index stage 1"
[1] NA
[1] "bestgenelist"
 [1]  1616  3490  4035  4752  9092  9093  9094 12339 12343 13543 13819 15240
[13] 17203
     202088_at 203963_at 204508_s_at 205225_at 209602_s_at 209603_at
[1,]   14.6123   12.0638     10.1763   13.0759     11.1535   10.5793
[2,]   14.9213   11.3553      9.3275   13.7616     10.8437   10.5772
[3,]   12.9683   12.3832      9.9200   12.7360     10.7019   11.1181
     209604_s_at 212956_at 212960_at 214164_x_at 214440_at 215867_x_at
[1,]     14.3763   13.3600   10.8422     12.6474   12.6295     12.6194
[2,]     14.0214   13.2925   10.5720     11.7852   13.4492     11.5534
[3,]     14.5222   12.3582    9.8482     12.7464   12.3205     12.7285
     217838_s_at
[1,]     11.8757
[2,]     11.8462
[3,]     12.0364
     202088_at 203963_at 204508_s_at 205225_at 209602_s_at 209603_at
[1,]   14.9541   12.4052      9.8038   13.8754     11.9413   11.9790
[2,]   13.8916   10.4033      7.9689   11.7217     11.0319   10.8744
[3,]   11.1969    9.8307      7.6789   10.9960      8.8487    8.0211
     209604_s_at 212956_at 212960_at 214164_x_at 214440_at 215867_x_at
[1,]     15.0625   13.5201   11.4301     12.7392   14.4201     12.5744
[2,]     14.4978   12.5480   10.2569     10.9092    9.4904     11.0575
[3,]     12.4583   11.2917    9.3181     10.6696    9.9120     11.0769
     217838_s_at
[1,]     11.7325
[2,]     10.1952
[3,]      9.5668
[1] "numgenes selected:13"
[1] "test acc:0.88"
[1] "test AUC acc:0.883144178226145"
[1] "10 fold train93.0769230769231"
[1] "confusion matrix train 10 fold"
          nci_y
pred10fold  1  2
         1 45  1
         2  5 79
[1] "confusion matrix test"
         test_y
pred_test  1  2
        1 35  8
        2  4 53
[1] "train acc:0.953846153846154"
[1] "confusion matrix train"
          nci_y
pred_train  1  2
         1 45  1
         2  5 79
[1] "DS index stage 1"
[1] NA
[1] "KI index stage 1"
[1] NA
[1] "dim of trainm is "
[1]   130 22283
[1]   130 22283
[1] "maxnum is "
[1] 10
[1] "# of genes left after filtering:"
[1]   130 22283
[1] "lasso"
[1] "Method name: lasso"
[1]   130 22283
nci_y
 1  2 
50 80 
learningset mode:  CV 
number of learningsets:  10 
(maximum) number of observations per learning set:  117 
[1] "one-vs-all"
GeneSelection: iteration 1 
Loaded glmnet 2.0-10


Attaching package: ‘glmnet’

The following object is masked from ‘package:pROC’:

    auc

GeneSelection: iteration 2 
GeneSelection: iteration 3 
GeneSelection: iteration 4 
GeneSelection: iteration 5 
GeneSelection: iteration 6 
GeneSelection: iteration 7 
GeneSelection: iteration 8 
GeneSelection: iteration 9 
GeneSelection: iteration 10 
genelist
    1  4752 15102  4035     2     3     4  9093     5 12339  3155     6  7147 
   10    10    10     9     8     7     7     7     6     5     4     3     3 
13819 10447 17203     7  1511  9279 11605 
    3     2     2     1     1     1     1 
[1] 20
[1] "varselmethod"
[1] "none"
[1] 20
[1] "Method: lasso"
[1] 20
[1] "dim of scoring matrix is "
[1] 22283     1
     Min.   1st Qu.    Median      Mean   3rd Qu.      Max. 
0.0000000 0.0000000 0.0000000 0.0008975 0.0000000 1.0000000 
[1] 20
[1] 22283
[1] "DS index stage 1"
[1] NA
[1] "bestgenelist"
 [1]     1     2     3     4     5     6     7  1511  3155  4035  4752  7147
[13]  9093  9279 10447 11605 12339 13819 15102 17203
     1007_s_at 1053_at 117_at  121_at 1255_g_at 1294_at 1316_at 201983_s_at
[1,]   12.4440  8.3774 6.7866 10.2851    5.9064  8.3767  8.0356      7.3840
[2,]   12.2005  7.8592 8.0963 10.4624    4.9582  9.2973  7.0581      5.7702
[3,]   12.6709  8.6762 7.4812 10.1887    5.2332  9.1721  8.6061      4.1164
     203628_at 204508_s_at 205225_at 207626_s_at 209603_at 209791_at
[1,]   10.7755     10.1763   13.0759      7.4760   10.5793    8.1878
[2,]    9.8410      9.3275   13.7616      3.5539   10.5772    8.3732
[3,]    9.4169      9.9200   12.7360      7.2242   11.1181   10.3116
     211000_s_at 212219_at 212956_at 214440_at 215729_s_at 217838_s_at
[1,]      9.7316    9.7403   13.3600   12.6295      2.9565     11.8757
[2,]     11.2882    9.1851   13.2925   13.4492      1.5807     11.8462
[3,]      8.6531    9.2293   12.3582   12.3205      5.6368     12.0364
     1007_s_at 1053_at 117_at  121_at 1255_g_at 1294_at 1316_at 201983_s_at
[1,]   12.3446  7.0781 7.5017 10.6764    6.4327  9.2305  8.1481      6.8644
[2,]   12.0376  7.6011 7.3458 10.5366    6.5568  9.1180  8.3105      9.5840
[3,]   10.9684  7.4696 8.3759 11.1175    7.0579  9.3514  8.1214      9.0904
     203628_at 204508_s_at 205225_at 207626_s_at 209603_at 209791_at
[1,]    9.4326      9.8038   13.8754      8.5889   11.9790    9.2513
[2,]    9.8046      7.9689   11.7217      7.0887   10.8744    9.8296
[3,]    7.9079      7.6789   10.9960      5.7342    8.0211    9.2347
     211000_s_at 212219_at 212956_at 214440_at 215729_s_at 217838_s_at
[1,]     10.6617    9.2939   13.5201   14.4201      1.9565     11.7325
[2,]      9.8946    9.1597   12.5480    9.4904      5.3426     10.1952
[3,]      9.4886    9.0320   11.2917    9.9120      5.3609      9.5668
[1] "numgenes selected:20"
[1] "test acc:0.88"
[1] "test AUC acc:0.878520386717108"
[1] "10 fold train95.3846153846154"
[1] "confusion matrix train 10 fold"
          nci_y
pred10fold  1  2
         1 49  0
         2  1 80
[1] "confusion matrix test"
         test_y
pred_test  1  2
        1 34  7
        2  5 54
[1] "train acc:0.992307692307692"
[1] "confusion matrix train"
          nci_y
pred_train  1  2
         1 49  0
         2  1 80
[1] "DS index stage 1"
[1] NA
[1] "KI index stage 1"
[1] NA
[1] "dim of trainm is "
[1]   130 22283
[1]   130 22283
[1] "maxnum is "
[1] 10
[1] "# of genes left after filtering:"
[1]   130 22283
[1] "rfe"
[1] "Method name: rfe"
[1]   130 22283
nci_y
 1  2 
50 80 
learningset mode:  CV 
number of learningsets:  10 
(maximum) number of observations per learning set:  117 
[1] "one-vs-all"
GeneSelection: iteration 1 
GeneSelection: iteration 2 
GeneSelection: iteration 3 
GeneSelection: iteration 4 
GeneSelection: iteration 5 
GeneSelection: iteration 6 
GeneSelection: iteration 7 
GeneSelection: iteration 8 
GeneSelection: iteration 9 
GeneSelection: iteration 10 
[1] 18
[1] "varselmethod"
[1] "none"
[1] 18
[1] "Method: rfe"
[1] 18
[1] "dim of scoring matrix is "
[1] 22283     1
     Min.   1st Qu.    Median      Mean   3rd Qu.      Max. 
0.0000000 0.0000000 0.0000000 0.0008078 0.0000000 1.0000000 
[1] 18
[1] 22283
[1] "DS index stage 1"
[1] NA
[1] "bestgenelist"
 [1]  1546  2783  4035  4536  4556  4752  4967  5904  6280  6325  7147  8667
[13]  8936  9580 12583 15102 16893 21934
     202018_s_at 203256_at 204508_s_at 205009_at 205029_s_at 205225_at
[1,]     12.0685    6.3335     10.1763   13.2850      2.9025   13.0759
[2,]      8.8828    4.1360      9.3275   14.4107      2.2747   13.7616
[3,]      9.7921    5.8238      9.9200   14.7836      0.9203   12.7360
     205440_s_at 206378_at 206754_s_at 206799_at 207626_s_at 209173_at
[1,]      8.6216    6.1826     12.4854    3.1490      7.4760   12.9392
[2,]     10.7598   15.2013     10.5188   14.9688      3.5539   14.1501
[3,]      7.7832   12.9669     11.6232   11.6974      7.2242   14.5585
     209443_at 210096_at 213201_s_at 215729_s_at 217528_at 39549_at
[1,]    5.0127    3.6653      4.2884      2.9565    8.2541   3.1357
[2,]    4.8988    6.9066      4.8678      1.5807    4.1361   7.2846
[3,]    7.8027    6.3138      8.3652      5.6368    5.7803   4.7775
     202018_s_at 203256_at 204508_s_at 205009_at 205029_s_at 205225_at
[1,]     12.6107    5.4864      9.8038   14.3747      3.0068   13.8754
[2,]     10.4859    8.4929      7.9689   11.2149      3.3895   11.7217
[3,]     10.4973    5.7603      7.6789    9.8209      4.9401   10.9960
     205440_s_at 206378_at 206754_s_at 206799_at 207626_s_at 209173_at
[1,]     10.5785   10.2362     11.4867    7.9310      8.5889   13.2041
[2,]      8.5134   13.2355      7.4297   10.6196      7.0887   11.3631
[3,]      9.3702    9.5032      5.9013    6.2148      5.7342   11.1800
     209443_at 210096_at 213201_s_at 215729_s_at 217528_at 39549_at
[1,]    9.7194    7.2000      7.5478      1.9565    3.5263   5.4232
[2,]    5.8991    8.8320      5.0501      5.3426    4.7839   5.8324
[3,]    6.6629    7.9067      5.0025      5.3609    7.2725   5.1314
[1] "numgenes selected:18"
[1] "test acc:0.88"
[1] "test AUC acc:0.878520386717108"
[1] "10 fold train96.9230769230769"
[1] "confusion matrix train 10 fold"
          nci_y
pred10fold  1  2
         1 48  0
         2  2 80
[1] "confusion matrix test"
         test_y
pred_test  1  2
        1 34  7
        2  5 54
[1] "train acc:0.984615384615385"
[1] "confusion matrix train"
          nci_y
pred_train  1  2
         1 48  0
         2  2 80
[1] "DS index stage 1"
[1] NA
[1] "KI index stage 1"
[1] NA
[1] "dim of trainm is "
[1]   130 22283
[1]   130 22283
[1] "maxnum is "
[1] 10
[1] "# of genes left after filtering:"
[1]   130 22283
[1] "elasticnet"
[1] "Method name: elasticnet"
[1]   130 22283
nci_y
 1  2 
50 80 
learningset mode:  CV 
number of learningsets:  10 
(maximum) number of observations per learning set:  117 
[1] "one-vs-all"
GeneSelection: iteration 1 
GeneSelection: iteration 2 
GeneSelection: iteration 3 
GeneSelection: iteration 4 
GeneSelection: iteration 5 
GeneSelection: iteration 6 
GeneSelection: iteration 7 
GeneSelection: iteration 8 
GeneSelection: iteration 9 
GeneSelection: iteration 10 
[1] 14
[1] "varselmethod"
[1] "none"
[1] 14
[1] "Method: elasticnet"
[1] 14
[1] "dim of scoring matrix is "
[1] 22283     1
     Min.   1st Qu.    Median      Mean   3rd Qu.      Max. 
0.0000000 0.0000000 0.0000000 0.0006283 0.0000000 1.0000000 
[1] 14
[1] 22283
[1] "DS index stage 1"
[1] NA
[1] "bestgenelist"
 [1]     1     2     3     4     5     6     7     8  4035  4752  9093  9094
[13] 12339 15102
     1007_s_at 1053_at 117_at  121_at 1255_g_at 1294_at 1316_at 1320_at
[1,]   12.4440  8.3774 6.7866 10.2851    5.9064  8.3767  8.0356  6.6745
[2,]   12.2005  7.8592 8.0963 10.4624    4.9582  9.2973  7.0581  6.4607
[3,]   12.6709  8.6762 7.4812 10.1887    5.2332  9.1721  8.6061  7.0932
     204508_s_at 205225_at 209603_at 209604_s_at 212956_at 215729_s_at
[1,]     10.1763   13.0759   10.5793     14.3763   13.3600      2.9565
[2,]      9.3275   13.7616   10.5772     14.0214   13.2925      1.5807
[3,]      9.9200   12.7360   11.1181     14.5222   12.3582      5.6368
     1007_s_at 1053_at 117_at  121_at 1255_g_at 1294_at 1316_at 1320_at
[1,]   12.3446  7.0781 7.5017 10.6764    6.4327  9.2305  8.1481  6.1196
[2,]   12.0376  7.6011 7.3458 10.5366    6.5568  9.1180  8.3105  7.1575
[3,]   10.9684  7.4696 8.3759 11.1175    7.0579  9.3514  8.1214  7.7247
     204508_s_at 205225_at 209603_at 209604_s_at 212956_at 215729_s_at
[1,]      9.8038   13.8754   11.9790     15.0625   13.5201      1.9565
[2,]      7.9689   11.7217   10.8744     14.4978   12.5480      5.3426
[3,]      7.6789   10.9960    8.0211     12.4583   11.2917      5.3609
[1] "numgenes selected:14"
[1] "test acc:0.88"
[1] "test AUC acc:0.878520386717108"
[1] "10 fold train93.0769230769231"
[1] "confusion matrix train 10 fold"
          nci_y
pred10fold  1  2
         1 48  0
         2  2 80
[1] "confusion matrix test"
         test_y
pred_test  1  2
        1 34  7
        2  5 54
[1] "train acc:0.984615384615385"
[1] "confusion matrix train"
          nci_y
pred_train  1  2
         1 48  0
         2  2 80
[1] "DS index stage 1"
[1] NA
[1] "KI index stage 1"
[1] NA
[1] "dim of trainm is "
[1]   130 22283
[1]   130 22283
[1] "maxnum is "
[1] 10
[1] "# of genes left after filtering:"
[1]   130 22283
[1] "f.test"
[1] "Method name: f.test"
[1]   130 22283
nci_y
 1  2 
50 80 
learningset mode:  CV 
number of learningsets:  10 
(maximum) number of observations per learning set:  117 
[1] "one-vs-all"
GeneSelection: iteration 1 
GeneSelection: iteration 2 
GeneSelection: iteration 3 
GeneSelection: iteration 4 
GeneSelection: iteration 5 
GeneSelection: iteration 6 
GeneSelection: iteration 7 
GeneSelection: iteration 8 
GeneSelection: iteration 9 
GeneSelection: iteration 10 
[1] 13
[1] "varselmethod"
[1] "none"
[1] 13
[1] "Method: f.test"
[1] 13
[1] "dim of scoring matrix is "
[1] 22283     1
     Min.   1st Qu.    Median      Mean   3rd Qu.      Max. 
0.0000000 0.0000000 0.0000000 0.0005834 0.0000000 1.0000000 
[1] 13
[1] 22283
[1] "DS index stage 1"
[1] NA
[1] "bestgenelist"
 [1]  1616  3490  4035  4752  9092  9093  9094 10196 12339 12343 13543 15240
[13] 17203
     202088_at 203963_at 204508_s_at 205225_at 209602_s_at 209603_at
[1,]   14.6123   12.0638     10.1763   13.0759     11.1535   10.5793
[2,]   14.9213   11.3553      9.3275   13.7616     10.8437   10.5772
[3,]   12.9683   12.3832      9.9200   12.7360     10.7019   11.1181
     209604_s_at 210735_s_at 212956_at 212960_at 214164_x_at 215867_x_at
[1,]     14.3763     11.5638   13.3600   10.8422     12.6474     12.6194
[2,]     14.0214     10.8918   13.2925   10.5720     11.7852     11.5534
[3,]     14.5222     11.6213   12.3582    9.8482     12.7464     12.7285
     217838_s_at
[1,]     11.8757
[2,]     11.8462
[3,]     12.0364
     202088_at 203963_at 204508_s_at 205225_at 209602_s_at 209603_at
[1,]   14.9541   12.4052      9.8038   13.8754     11.9413   11.9790
[2,]   13.8916   10.4033      7.9689   11.7217     11.0319   10.8744
[3,]   11.1969    9.8307      7.6789   10.9960      8.8487    8.0211
     209604_s_at 210735_s_at 212956_at 212960_at 214164_x_at 215867_x_at
[1,]     15.0625     11.3620   13.5201   11.4301     12.7392     12.5744
[2,]     14.4978      9.5434   12.5480   10.2569     10.9092     11.0575
[3,]     12.4583      9.2310   11.2917    9.3181     10.6696     11.0769
     217838_s_at
[1,]     11.7325
[2,]     10.1952
[3,]      9.5668
[1] "numgenes selected:13"
[1] "test acc:0.87"
[1] "test AUC acc:0.87494745691467"
[1] "10 fold train93.8461538461538"
[1] "confusion matrix train 10 fold"
          nci_y
pred10fold  1  2
         1 46  1
         2  4 79
[1] "confusion matrix test"
         test_y
pred_test  1  2
        1 35  9
        2  4 52
[1] "train acc:0.961538461538462"
[1] "confusion matrix train"
          nci_y
pred_train  1  2
         1 46  1
         2  4 79
[1] "DS index stage 1"
[1] NA
[1] "KI index stage 1"
[1] NA
There were 32 warnings (use warnings() to see them)
> 
> 
> #1
> CMAres<-performCMA(trainm, trainclass, testm, testclass,outloc,
+ maxnum=as.numeric(args[10]),
+ minnum=3,
+ stepitr=1,
+ gsmethods=c("limma","lasso","rfe","elasticnet", "f.test"), #"lasso","elasticnet","kruskal.test"), #"f.test", "f.test", "elasticnet", "wilcox.test", "welch.test"),
+ pct_train=0.40,
+ accuracyweight=1,
+ featweight=0.06,
+ minpresent=1,
+ kname="radial",
+ norm_method="none",
+ tolerance=0.5,
+ maxitrs=5,
+ classindex=1,
+ numfacts=0,
+ evalmethod="CV",
+ numfolds=10,
+ CVfoldthresh=0.7,
+ varselmethod=args[11],
+ scheme_val="one-vs-all",
+ iter_learn=1,boostweight=rep(0,dim(trainm)[2]))
[1] "dim of trainm is "
[1]   130 22283
[1]   130 22283
[1] "maxnum is "
[1] 10
[1] "# of genes left after filtering:"
[1]   130 22283
[1] "limma"      "lasso"      "rfe"        "elasticnet" "f.test"    
[1] "Method name: limma"
[1]   130 22283
nci_y
 1  2 
50 80 
learningset mode:  CV 
number of learningsets:  10 
(maximum) number of observations per learning set:  117 
[1] "one-vs-all"
GeneSelection: iteration 1 
GeneSelection: iteration 2 
GeneSelection: iteration 3 
GeneSelection: iteration 4 
GeneSelection: iteration 5 
GeneSelection: iteration 6 
GeneSelection: iteration 7 
GeneSelection: iteration 8 
GeneSelection: iteration 9 
GeneSelection: iteration 10 
[1] 13
[1] "varselmethod"
[1] "none"
[1] 13
[1] "Method: limma"
[1] 13
[1] "Method name: lasso"
[1]   130 22283
nci_y
 1  2 
50 80 
learningset mode:  CV 
number of learningsets:  10 
(maximum) number of observations per learning set:  117 
[1] "one-vs-all"
GeneSelection: iteration 1 
GeneSelection: iteration 2 
GeneSelection: iteration 3 
GeneSelection: iteration 4 
GeneSelection: iteration 5 
GeneSelection: iteration 6 
GeneSelection: iteration 7 
GeneSelection: iteration 8 
GeneSelection: iteration 9 
GeneSelection: iteration 10 
genelist
    1  4752 15102  4035     2     3     4  9093     5 12339  3155     6  7147 
   10    10    10     9     8     7     7     7     6     5     4     3     3 
13819 10447 17203     7  1511  9279 11605 
    3     2     2     1     1     1     1 
[1] 20
[1] "varselmethod"
[1] "none"
[1] 20
[1] "Method: lasso"
[1] 20
[1] "Method name: rfe"
[1]   130 22283
nci_y
 1  2 
50 80 
learningset mode:  CV 
number of learningsets:  10 
(maximum) number of observations per learning set:  117 
[1] "one-vs-all"
GeneSelection: iteration 1 
GeneSelection: iteration 2 
GeneSelection: iteration 3 
GeneSelection: iteration 4 
GeneSelection: iteration 5 
GeneSelection: iteration 6 
GeneSelection: iteration 7 
GeneSelection: iteration 8 
GeneSelection: iteration 9 
GeneSelection: iteration 10 
[1] 18
[1] "varselmethod"
[1] "none"
[1] 18
[1] "Method: rfe"
[1] 18
[1] "Method name: elasticnet"
[1]   130 22283
nci_y
 1  2 
50 80 
learningset mode:  CV 
number of learningsets:  10 
(maximum) number of observations per learning set:  117 
[1] "one-vs-all"
GeneSelection: iteration 1 
GeneSelection: iteration 2 
GeneSelection: iteration 3 
GeneSelection: iteration 4 
GeneSelection: iteration 5 
GeneSelection: iteration 6 
GeneSelection: iteration 7 
GeneSelection: iteration 8 
GeneSelection: iteration 9 
GeneSelection: iteration 10 
[1] 14
[1] "varselmethod"
[1] "none"
[1] 14
[1] "Method: elasticnet"
[1] 14
[1] "Method name: f.test"
[1]   130 22283
nci_y
 1  2 
50 80 
learningset mode:  CV 
number of learningsets:  10 
(maximum) number of observations per learning set:  117 
[1] "one-vs-all"
GeneSelection: iteration 1 
GeneSelection: iteration 2 
GeneSelection: iteration 3 
GeneSelection: iteration 4 
GeneSelection: iteration 5 
GeneSelection: iteration 6 
GeneSelection: iteration 7 
GeneSelection: iteration 8 
GeneSelection: iteration 9 
GeneSelection: iteration 10 
[1] 13
[1] "varselmethod"
[1] "none"
[1] 13
[1] "Method: f.test"
[1] 13
[1] "dim of scoring matrix is "
[1] 22283     5
   Min. 1st Qu.  Median    Mean 3rd Qu.    Max. 
 0.0000  0.0000  0.0000  0.0035  0.0000  5.0000 
[1] 43
[1] 22283
[1] "DS index stage 1"
[1] 0.3692458
[1] "bestgenelist"
 [1]     1     2     3     4     5     6     7     8  1511  1546  1616  2783
[13]  3155  3490  4035  4536  4556  4752  4967  5904  6280  6325  7147  8667
[25]  8936  9092  9093  9094  9279  9580 10196 10447 11605 12339 12343 12583
[37] 13543 13819 15102 15240 16893 17203 21934
     1007_s_at 1053_at 117_at  121_at 1255_g_at 1294_at 1316_at 1320_at
[1,]   12.4440  8.3774 6.7866 10.2851    5.9064  8.3767  8.0356  6.6745
[2,]   12.2005  7.8592 8.0963 10.4624    4.9582  9.2973  7.0581  6.4607
[3,]   12.6709  8.6762 7.4812 10.1887    5.2332  9.1721  8.6061  7.0932
     201983_s_at 202018_s_at 202088_at 203256_at 203628_at 203963_at
[1,]      7.3840     12.0685   14.6123    6.3335   10.7755   12.0638
[2,]      5.7702      8.8828   14.9213    4.1360    9.8410   11.3553
[3,]      4.1164      9.7921   12.9683    5.8238    9.4169   12.3832
     204508_s_at 205009_at 205029_s_at 205225_at 205440_s_at 206378_at
[1,]     10.1763   13.2850      2.9025   13.0759      8.6216    6.1826
[2,]      9.3275   14.4107      2.2747   13.7616     10.7598   15.2013
[3,]      9.9200   14.7836      0.9203   12.7360      7.7832   12.9669
     206754_s_at 206799_at 207626_s_at 209173_at 209443_at 209602_s_at
[1,]     12.4854    3.1490      7.4760   12.9392    5.0127     11.1535
[2,]     10.5188   14.9688      3.5539   14.1501    4.8988     10.8437
[3,]     11.6232   11.6974      7.2242   14.5585    7.8027     10.7019
     209603_at 209604_s_at 209791_at 210096_at 210735_s_at 211000_s_at
[1,]   10.5793     14.3763    8.1878    3.6653     11.5638      9.7316
[2,]   10.5772     14.0214    8.3732    6.9066     10.8918     11.2882
[3,]   11.1181     14.5222   10.3116    6.3138     11.6213      8.6531
     212219_at 212956_at 212960_at 213201_s_at 214164_x_at 214440_at
[1,]    9.7403   13.3600   10.8422      4.2884     12.6474   12.6295
[2,]    9.1851   13.2925   10.5720      4.8678     11.7852   13.4492
[3,]    9.2293   12.3582    9.8482      8.3652     12.7464   12.3205
     215729_s_at 215867_x_at 217528_at 217838_s_at 39549_at
[1,]      2.9565     12.6194    8.2541     11.8757   3.1357
[2,]      1.5807     11.5534    4.1361     11.8462   7.2846
[3,]      5.6368     12.7285    5.7803     12.0364   4.7775
     1007_s_at 1053_at 117_at  121_at 1255_g_at 1294_at 1316_at 1320_at
[1,]   12.3446  7.0781 7.5017 10.6764    6.4327  9.2305  8.1481  6.1196
[2,]   12.0376  7.6011 7.3458 10.5366    6.5568  9.1180  8.3105  7.1575
[3,]   10.9684  7.4696 8.3759 11.1175    7.0579  9.3514  8.1214  7.7247
     201983_s_at 202018_s_at 202088_at 203256_at 203628_at 203963_at
[1,]      6.8644     12.6107   14.9541    5.4864    9.4326   12.4052
[2,]      9.5840     10.4859   13.8916    8.4929    9.8046   10.4033
[3,]      9.0904     10.4973   11.1969    5.7603    7.9079    9.8307
     204508_s_at 205009_at 205029_s_at 205225_at 205440_s_at 206378_at
[1,]      9.8038   14.3747      3.0068   13.8754     10.5785   10.2362
[2,]      7.9689   11.2149      3.3895   11.7217      8.5134   13.2355
[3,]      7.6789    9.8209      4.9401   10.9960      9.3702    9.5032
     206754_s_at 206799_at 207626_s_at 209173_at 209443_at 209602_s_at
[1,]     11.4867    7.9310      8.5889   13.2041    9.7194     11.9413
[2,]      7.4297   10.6196      7.0887   11.3631    5.8991     11.0319
[3,]      5.9013    6.2148      5.7342   11.1800    6.6629      8.8487
     209603_at 209604_s_at 209791_at 210096_at 210735_s_at 211000_s_at
[1,]   11.9790     15.0625    9.2513    7.2000     11.3620     10.6617
[2,]   10.8744     14.4978    9.8296    8.8320      9.5434      9.8946
[3,]    8.0211     12.4583    9.2347    7.9067      9.2310      9.4886
     212219_at 212956_at 212960_at 213201_s_at 214164_x_at 214440_at
[1,]    9.2939   13.5201   11.4301      7.5478     12.7392   14.4201
[2,]    9.1597   12.5480   10.2569      5.0501     10.9092    9.4904
[3,]    9.0320   11.2917    9.3181      5.0025     10.6696    9.9120
     215729_s_at 215867_x_at 217528_at 217838_s_at 39549_at
[1,]      1.9565     12.5744    3.5263     11.7325   5.4232
[2,]      5.3426     11.0575    4.7839     10.1952   5.8324
[3,]      5.3609     11.0769    7.2725      9.5668   5.1314
[1] "numgenes selected:43"
[1] "test acc:0.87"
[1] "test AUC acc:0.870323665405633"
[1] "10 fold train97.6923076923077"
[1] "confusion matrix train 10 fold"
          nci_y
pred10fold  1  2
         1 49  0
         2  1 80
[1] "confusion matrix test"
         test_y
pred_test  1  2
        1 34  8
        2  5 53
[1] "train acc:0.992307692307692"
[1] "confusion matrix train"
          nci_y
pred_train  1  2
         1 49  0
         2  1 80
[1] "DS index stage 1"
[1] 0.3692458
[1] "KI index stage 1"
[1] 0.5598025
Warning messages:
1: In if (is.na(boostweight) == TRUE) { :
  the condition has length > 1 and only the first element will be used
2: In if (is.na(testm) == TRUE) { :
  the condition has length > 1 and only the first element will be used
3: In if (is.na(testclass) == TRUE) { :
  the condition has length > 1 and only the first element will be used
> 
> cma_feat_list<-colnames(trainm)
> 
> save(CMAres,file="CMAres.Rda")
> write.table(cma_feat_list,file="selected_cma_feat_list.txt",sep="t",row.names=FALSE)
> 
> # modtraindata=modtrain, modtestdata=modtest, blindtest=testacc, modtrainclass=nci_y, modtestclass=test_y
> #if(FALSE)
> {
+ trainm<-CMAres$modtraindata
+ testm<-CMAres$modtestdata
+ trainclass<-CMAres$modtrainclass
+ testclass<-CMAres$modtestclass
+ learningsets<-CMAres$learningsets
+ }
> 
> if(FALSE)
+ {
+ trainclass<-trainm[,1] #CMAres$modtrainclass
+ testclass<-testm[,1] #CMAres$modtestclass
+ trainm<-trainm[,-c(1)] #CMAres$modtrainmata
+ testm<-testm[,-c(1)] #CMAres$modtestmata
+ 
+ }
> 
> d_dim<-dim(trainm)
> 
> print("Original dimension")
[1] "Original dimension"
> print(d_dim)
[1] 130  43
> 
> system.time(psores<-run_pso(outloc=outloc,trainm,trainclass,testm,testclass,transition_matrix,c1=2.05,
+ c2=2.05,
+ itr=10,
+ globalpso_maxitr=10,
+ global_max_itr=5,
+ num_part=20,
+ kname="radial",
+ errortype="BER",
+ weightA<-as.numeric(args[1]),
+ weightB<-as.numeric(args[2]),
+ weightC<-as.numeric(args[3]),
+ weightD<-as.numeric(args[4]),
+ featweight.max=0.01,
+ featweight.min=0.01,
+ numfolds=10,
+ followerprob=as.numeric(args[6]),
+ confusionprob=as.numeric(args[7]),
+ leaderprob=as.numeric(args[8]),
+ wmax=1,
+ wmin=1,
+ behavior_reset_itr=5,
+ maxitrreset=10,
+ num_neighbors=3,
+ minselect.pct=0.5,
+ evalMode="CV2",
+ minfitnessthresh=50,
+ maxnum=as.numeric(args[10]),minnum=3,inertia_method=args[5],particlebehav_method="randbased",constriction_factor=1,
+ select.global.best=TRUE,numnodes=4,evalFunc=eval_fit_kfold_diff,itr.terminate=FALSE,train.pct=0.8))
[1] "c1: 2.05"
[1] "c2: 2.05"
[1] "itr: 10"
[1] "globalpso_maxitr: 10"
[1] "global_max_itr: 5"
[1] "num_part: 20"
[1] "kname: radial"
[1] "errortype: BER"
[1] "weightA: 0.7"
[1] "weightB: 0.2"
[1] "weightC: 0.05"
[1] "weightD: 0.05"
[1] "featweight.max: 0.01"
[1] "featweight.min: 0.01"
[1] "numfolds: 10"
[1] "followerprob: 0.45"
[1] "confusionprob: 0.2"
[1] "leaderprob: 0.25"
[1] "wmax: 1"
[1] "wmin: 1"
[1] "behavior_reset_itr: 5"
[1] "maxitrreset: 10"
[1] "num_neighbors: 3"
[1] "minselect.pct: 0.5"
[1] "minfitnessthresh: 50"
[1] "maxnum: 10"
[1] "minnum: 3"
[1] "inertia_method: global"
[1] "particlebehav_method: randbased"
[1] "constriction_factor: 1"
[1] "select.global.best: TRUE"
[1] "train 10 fold"
[1] 97.69231
[1] "here"
[1] "s"
[1] 104
[1] 130  43
[1] 10
[1] "learning sets: 1"
  [1] 118 110  23 129  33  31  43  24  42  78  54  30  72   6  46  16  83  29
 [19]  18 104  73  71  66  76  90  98  51  74   8 103  13  68  45  32  22  15
 [37] 109   5  17  14  12  96 126  39  95 123  70  19  36  28  82 122 101  55
 [55]  27  85 121  38  75  84 119   4   7 105  37  86 128 125  44  58 116 107
 [73]  62  88 106  61  65  69  25  40  81  93  50  10  11   3 114 100 102  63
 [91]  26   1  52  67  92  41 113  35  64  77  21 130  34   2
[1] "Starting global iteration number : 1"
[1] "iteration number: "
[1] 1
[1] "Best fitness updated to:"
[1] -60.79401
[1] "Best solution:"
 [1] NA NA NA NA NA NA NA NA NA NA NA NA NA NA NA NA NA NA NA NA NA NA NA NA NA
[26] NA NA NA NA NA NA NA NA NA NA NA NA NA NA NA NA NA NA
[1] 0
[1] "iteration number: "
[1] 2
[1] "iteration number: "
[1] 3
[1] "iteration number: "
[1] 4
[1] "Best fitness updated to:"
[1] -60.95472
[1] "Best solution:"
 [1] 1 0 1 1 1 1 1 1 0 1 1 1 1 1 0 1 1 1 1 1 1 1 1 0 1 1 1 1 1 1 1 1 1 1 1 1 1 1
[39] 1 1 1 1 1
[1] 39
[1] "iteration number: "
[1] 5
[1] "iteration number: "
[1] 6
[1] "Best fitness updated to:"
[1] -61.40963
[1] "Best solution:"
 [1] 0 1 0 1 0 1 0 0 1 1 1 0 1 0 1 1 0 0 1 0 1 1 0 1 1 0 1 0 0 0 1 1 0 0 0 1 1 1
[39] 0 0 1 1 0
[1] 22
[1] "iteration number: "
[1] 7
[1] "iteration number: "
[1] 8
[1] "Best fitness updated to:"
[1] -62.51658
[1] "Best solution:"
 [1] 1 1 1 1 0 1 0 1 1 1 0 1 0 1 1 1 1 1 1 0 1 1 1 1 0 1 1 1 1 0 1 1 0 0 1 1 0 1
[39] 1 1 1 1 1
[1] 33
[1] "iteration number: "
[1] 9
[1] "iteration number: "
[1] 10
[1] "iteration number: "
[1] 11
[1] "iteration number: "
[1] 12
[1] "iteration number: "
[1] 13
[1] "iteration number: "
[1] 14
[1] "iteration number: "
[1] 15
[1] "iteration number: "
[1] 16
[1] "iteration number: "
[1] 17
[1] "iteration number: "
[1] 18
[1] "iteration number: "
[1] 19
[1] "RE-INITIALIZING..."
[1] 1
[1] 5
[1] 43
 [1] 1 2 2 2 3 2 2 1 3 2 3 1 2 2 4 3 3 2 2 1
[1] "iteration number: "
[1] 20
[1] "iteration number: "
[1] 21
[1] "iteration number: "
[1] 22
[1] "iteration number: "
[1] 23
[1] "iteration number: "
[1] 24
[1] "iteration number: "
[1] 25
[1] "iteration number: "
[1] 26
[1] "iteration number: "
[1] 27
[1] "iteration number: "
[1] 28
[1] "iteration number: "
[1] 29
[1] "iteration number: "
[1] 30
[1] "Best fitness updated to:"
[1] -62.61019
[1] "Best solution:"
 [1] 0 1 1 1 0 1 0 1 1 1 0 1 0 0 1 0 1 1 1 0 1 1 1 1 0 1 1 1 1 0 1 1 1 0 1 1 1 1
[39] 1 1 1 0 1
[1] 31
[1] "iteration number: "
[1] 31
[1] "iteration number: "
[1] 32
[1] "iteration number: "
[1] 33
[1] "Best fitness updated to:"
[1] -62.89006
[1] "Best solution:"
 [1] 0 1 1 1 0 1 0 1 1 1 0 1 0 0 1 0 1 1 1 0 1 1 1 1 0 1 1 1 1 0 1 1 1 0 1 1 1 1
[39] 1 1 1 0 1
[1] 31
[1] "iteration number: "
[1] 34
[1] "Best fitness updated to:"
[1] -62.91332
[1] "Best solution:"
 [1] 0 1 1 1 1 1 0 1 1 1 0 1 0 0 1 0 1 0 1 0 1 1 1 1 1 1 1 1 1 1 1 1 1 0 1 1 1 1
[39] 1 1 1 0 1
[1] 33
[1] "iteration number: "
[1] 35
[1] "iteration number: "
[1] 36
[1] "iteration number: "
[1] 37
[1] "iteration number: "
[1] 38
[1] "iteration number: "
[1] 39
[1] "iteration number: "
[1] 40
[1] "iteration number: "
[1] 41
[1] "iteration number: "
[1] 42
[1] "iteration number: "
[1] 43
[1] "iteration number: "
[1] 44
[1] "iteration number: "
[1] 45
[1] "RE-INITIALIZING..."
[1] 1
[1] 5
[1] 42
 [1] 1 2 2 2 3 2 2 1 3 2 3 1 2 2 4 3 3 2 2 1
[1] "iteration number: "
[1] 46
[1] "iteration number: "
[1] 47
[1] "iteration number: "
[1] 48
[1] "iteration number: "
[1] 49
[1] "iteration number: "
[1] 50
[1] "iteration number: "
[1] 51
[1] "iteration number: "
[1] 52
[1] "iteration number: "
[1] 53
[1] "iteration number: "
[1] 54
[1] "iteration number: "
[1] 55
[1] "iteration number: "
[1] 56
[1] "RE-INITIALIZING..."
[1] 2
[1] 5
[1] 42
 [1] 2 3 2 3 3 4 3 4 4 2 1 2 2 4 2 3 4 2 4 1
[1] "iteration number: "
[1] 57
[1] "iteration number: "
[1] 58
[1] "iteration number: "
[1] 59
[1] "iteration number: "
[1] 60
[1] "iteration number: "
[1] 61
[1] "Best fitness updated to:"
[1] -62.91466
[1] "Best solution:"
 [1] 1 1 0 1 1 1 0 1 1 1 0 1 0 0 1 1 1 0 1 0 1 1 1 1 0 1 1 1 1 0 1 1 1 0 1 1 1 1
[39] 1 1 1 0 1
[1] 32
[1] "iteration number: "
[1] 62
[1] "iteration number: "
[1] 63
[1] "iteration number: "
[1] 64
[1] "iteration number: "
[1] 65
[1] "iteration number: "
[1] 66
[1] "iteration number: "
[1] 67
[1] "iteration number: "
[1] 68
[1] "iteration number: "
[1] 69
[1] "iteration number: "
[1] 70
[1] "iteration number: "
[1] 71
[1] "iteration number: "
[1] 72
[1] "RE-INITIALIZING..."
[1] 1
[1] 5
[1] 42
 [1] 1 2 2 2 3 2 2 1 3 2 3 1 2 2 4 3 3 2 2 1
[1] "iteration number: "
[1] 73
[1] "iteration number: "
[1] 74
[1] "iteration number: "
[1] 75
[1] "iteration number: "
[1] 76
[1] "iteration number: "
[1] 77
[1] "iteration number: "
[1] 78
[1] "iteration number: "
[1] 79
[1] "iteration number: "
[1] 80
[1] "iteration number: "
[1] 81
[1] "iteration number: "
[1] 82
[1] "iteration number: "
[1] 83
[1] "RE-INITIALIZING..."
[1] 2
[1] 5
[1] 42
 [1] 2 3 2 3 3 4 3 4 4 2 1 2 2 4 2 3 4 2 4 1
[1] "iteration number: "
[1] 84
[1] "iteration number: "
[1] 85
[1] "Best fitness updated to:"
[1] -62.97698
[1] "Best solution:"
 [1] 0 1 1 1 0 1 1 1 1 1 0 1 0 0 1 0 0 0 1 0 1 1 1 1 1 1 1 1 1 1 1 1 1 0 1 1 1 1
[39] 1 1 1 0 1
[1] 32
[1] "iteration number: "
[1] 86
[1] "iteration number: "
[1] 87
[1] "iteration number: "
[1] 88
[1] "iteration number: "
[1] 89
[1] "iteration number: "
[1] 90
[1] "iteration number: "
[1] 91
[1] "iteration number: "
[1] 92
[1] "iteration number: "
[1] 93
[1] "iteration number: "
[1] 94
[1] "iteration number: "
[1] 95
[1] "iteration number: "
[1] 96
[1] "RE-INITIALIZING..."
[1] 1
[1] 5
[1] 43
 [1] 1 2 2 2 3 2 2 1 3 2 3 1 2 2 4 3 3 2 2 1
[1] "iteration number: "
[1] 97
[1] "iteration number: "
[1] 98
[1] "iteration number: "
[1] 99
[1] "iteration number: "
[1] 100
[1] "iteration number: "
[1] 101
[1] "iteration number: "
[1] 102
[1] "iteration number: "
[1] 103
[1] "iteration number: "
[1] 104
[1] "iteration number: "
[1] 105
[1] "iteration number: "
[1] 106
[1] "iteration number: "
[1] 107
[1] "RE-INITIALIZING..."
[1] 2
[1] 5
[1] 43
 [1] 1 2 2 2 3 2 2 1 3 2 3 1 2 2 4 3 3 2 2 1
[1] "iteration number: "
[1] 108
[1] "iteration number: "
[1] 109
[1] "iteration number: "
[1] 110
[1] "iteration number: "
[1] 111
[1] "iteration number: "
[1] 112
[1] "iteration number: "
[1] 113
[1] "iteration number: "
[1] 114
[1] "iteration number: "
[1] 115
[1] "iteration number: "
[1] 116
[1] "iteration number: "
[1] 117
[1] "iteration number: "
[1] 118
[1] "RE-INITIALIZING..."
[1] 3
[1] 5
[1] 43
 [1] 1 2 2 2 3 2 2 1 3 2 3 1 2 2 4 3 3 2 2 1
[1] "iteration number: "
[1] 119
[1] "iteration number: "
[1] 120
[1] "iteration number: "
[1] 121
[1] "iteration number: "
[1] 122
[1] "iteration number: "
[1] 123
[1] "iteration number: "
[1] 124
[1] "iteration number: "
[1] 125
[1] "iteration number: "
[1] 126
[1] "iteration number: "
[1] 127
[1] "iteration number: "
[1] 128
[1] "iteration number: "
[1] 129
[1] "RE-INITIALIZING..."
[1] 4
[1] 5
[1] 43
 [1] 1 2 2 2 3 2 2 1 3 2 3 1 2 2 4 3 3 2 2 1
[1] "iteration number: "
[1] 130
[1] "iteration number: "
[1] 131
[1] "iteration number: "
[1] 132
[1] "iteration number: "
[1] 133
[1] "iteration number: "
[1] 134
[1] "iteration number: "
[1] 135
[1] "iteration number: "
[1] 136
[1] "iteration number: "
[1] 137
[1] "iteration number: "
[1] 138
[1] "iteration number: "
[1] 139
[1] "iteration number: "
[1] 140
[1] "RE-INITIALIZING..."
[1] 5
[1] 5
[1] 42
 [1] 1 2 2 2 3 2 2 1 3 2 3 1 2 2 4 3 3 2 2 1
[1] "iteration number: "
[1] 141
[1] "iteration number: "
[1] 142
[1] "iteration number: "
[1] 143
[1] "iteration number: "
[1] 144
[1] "iteration number: "
[1] 145
[1] "iteration number: "
[1] 146
[1] "iteration number: "
[1] 147
[1] "iteration number: "
[1] 148
[1] "iteration number: "
[1] 149
[1] "iteration number: "
[1] 150
[1] "iteration number: "
[1] 151
[1] "RE-INITIALIZING..."
[1] 6
[1] 5
[1] 42
[1] "No change for 6 iterations. Exiting PSO."
 [1]  2  3  4  6  7  8  9 10 12 19 21 22 23 24 25 26 27 28 29 30 31 32 33 35 36
[26] 37 38 39 40 41 43
[1] 1
[1] "##################################"
[1] "Results summary for itr:1"
[1] "number of features selected using population mean"
[1] 31
[1] "number of features selected using current global best"
[1] 31
[1] "feat ind length"
[1] 31
[1] "best accuracy"
[1] 62.97698
[1] "test acc:0.961538461538462"
[1] "##################################"
[1] "learning sets: 2"
  [1]  98  29  46  94  90  31  15 110  18  16 118  22   5   9  51  83  13  17
 [19] 103  45   6  72  42   8  43  71  91  73 129  66  74 117  89 109  32  23
 [37] 104  30 120  49 124  41  55  19  92  81  48  95  50  70 100  36  10 119
 [55]  58 127 102  88  84  86  26  35  34  59  96  85  53  82 125  39  28  56
 [73]  11  25  67   3 123  27 112 114 126  47   4 130 128  62   7  57  44 101
 [91]  12  63  65 106 122  97 113  38  77  21 116  69 121   2
[1] "Starting global iteration number : 2"
[1] "iteration number: "
[1] 1
[1] "Best fitness updated to:"
[1] -50.36891
[1] "Best solution:"
 [1] NA NA NA NA NA NA NA NA NA NA NA NA NA NA NA NA NA NA NA NA NA NA NA NA NA
[26] NA NA NA NA NA NA NA NA NA NA NA NA NA NA NA NA NA NA
[1] 0
[1] "iteration number: "
[1] 2
[1] "Best fitness updated to:"
[1] -56.22601
[1] "Best solution:"
 [1] 1 1 0 1 1 0 1 0 0 0 0 1 0 1 1 0 0 1 0 0 0 0 1 1 1 0 0 1 1 1 0 0 1 0 1 0 0 0
[39] 1 0 1 0 1
[1] 20
[1] "iteration number: "
[1] 3
[1] "Best fitness updated to:"
[1] -57.24154
[1] "Best solution:"
 [1] 0 1 1 0 0 0 0 0 0 1 0 1 0 0 0 0 0 1 1 0 0 1 0 1 1 1 1 1 1 0 1 0 0 1 0 1 0 1
[39] 0 0 0 1 1
[1] 19
[1] "iteration number: "
[1] 4
[1] "Best fitness updated to:"
[1] -58.53114
[1] "Best solution:"
 [1] 0 1 1 0 0 1 0 1 0 1 0 1 1 0 1 1 1 0 0 0 0 1 1 1 0 1 1 1 1 0 1 1 1 1 1 0 0 1
[39] 1 0 1 1 0
[1] 26
[1] "iteration number: "
[1] 5
[1] "iteration number: "
[1] 6
[1] "iteration number: "
[1] 7
[1] "iteration number: "
[1] 8
[1] "Best fitness updated to:"
[1] -59.4427
[1] "Best solution:"
 [1] 1 1 0 0 1 0 0 1 0 0 0 0 0 0 0 0 1 0 0 0 0 1 1 1 0 0 1 1 0 0 1 0 1 1 1 0 0 0
[39] 0 0 0 1 0
[1] 15
[1] "iteration number: "
[1] 9
[1] "iteration number: "
[1] 10
[1] "iteration number: "
[1] 11
[1] "Best fitness updated to:"
[1] -59.95855
[1] "Best solution:"
 [1] 1 1 0 1 1 0 0 1 1 0 0 0 0 0 0 0 1 0 0 1 0 1 1 0 0 1 1 1 0 1 0 0 1 0 0 0 1 0
[39] 1 1 0 0 0
[1] 18
[1] "iteration number: "
[1] 12
[1] "iteration number: "
[1] 13
[1] "iteration number: "
[1] 14
[1] "iteration number: "
[1] 15
[1] "iteration number: "
[1] 16
[1] "iteration number: "
[1] 17
[1] "iteration number: "
[1] 18
[1] "Best fitness updated to:"
[1] -61.39574
[1] "Best solution:"
 [1] 1 1 1 1 0 0 1 1 1 1 0 1 1 1 0 1 1 0 0 1 1 0 1 1 0 1 1 1 1 1 1 0 0 0 1 0 0 0
[39] 1 0 0 0 1
[1] 26
[1] "iteration number: "
[1] 19
[1] "iteration number: "
[1] 20
[1] "iteration number: "
[1] 21
[1] "iteration number: "
[1] 22
[1] "iteration number: "
[1] 23
[1] "iteration number: "
[1] 24
[1] "iteration number: "
[1] 25
[1] "iteration number: "
[1] 26
[1] "iteration number: "
[1] 27
[1] "iteration number: "
[1] 28
[1] "iteration number: "
[1] 29
[1] "RE-INITIALIZING..."
[1] 1
[1] 5
[1] 42
 [1] 1 2 2 2 3 2 2 1 3 2 3 1 2 2 4 3 3 2 2 1
[1] "iteration number: "
[1] 30
[1] "iteration number: "
[1] 31
[1] "iteration number: "
[1] 32
[1] "iteration number: "
[1] 33
[1] "iteration number: "
[1] 34
[1] "iteration number: "
[1] 35
[1] "iteration number: "
[1] 36
[1] "iteration number: "
[1] 37
[1] "iteration number: "
[1] 38
[1] "iteration number: "
[1] 39
[1] "iteration number: "
[1] 40
[1] "RE-INITIALIZING..."
[1] 2
[1] 5
[1] 41
 [1] 1 2 2 2 3 2 2 1 3 2 3 1 2 2 4 3 3 2 2 1
[1] "iteration number: "
[1] 41
[1] "iteration number: "
[1] 42
[1] "iteration number: "
[1] 43
[1] "iteration number: "
[1] 44
[1] "iteration number: "
[1] 45
[1] "iteration number: "
[1] 46
[1] "iteration number: "
[1] 47
[1] "Best fitness updated to:"
[1] -61.79242
[1] "Best solution:"
 [1] 1 1 1 1 0 0 0 1 1 1 0 0 1 1 0 1 1 0 1 1 1 0 1 0 0 1 1 0 0 1 0 0 0 0 0 0 0 0
[39] 1 0 0 1 0
[1] 20
[1] "iteration number: "
[1] 48
[1] "iteration number: "
[1] 49
[1] "iteration number: "
[1] 50
[1] "iteration number: "
[1] 51
[1] "iteration number: "
[1] 52
[1] "iteration number: "
[1] 53
[1] "iteration number: "
[1] 54
[1] "iteration number: "
[1] 55
[1] "iteration number: "
[1] 56
[1] "iteration number: "
[1] 57
[1] "iteration number: "
[1] 58
[1] "RE-INITIALIZING..."
[1] 1
[1] 5
[1] 41
 [1] 1 2 2 2 3 2 2 1 3 2 3 1 2 2 4 3 3 2 2 1
[1] "iteration number: "
[1] 59
[1] "iteration number: "
[1] 60
[1] "iteration number: "
[1] 61
[1] "iteration number: "
[1] 62
[1] "iteration number: "
[1] 63
[1] "iteration number: "
[1] 64
[1] "iteration number: "
[1] 65
[1] "iteration number: "
[1] 66
[1] "iteration number: "
[1] 67
[1] "Best fitness updated to:"
[1] -61.82439
[1] "Best solution:"
 [1] 1 1 1 1 0 0 1 1 1 1 0 0 1 0 0 1 1 0 1 1 1 0 1 1 0 1 1 1 1 1 0 0 0 0 1 0 0 0
[39] 1 0 0 1 1
[1] 25
[1] "iteration number: "
[1] 68
[1] "iteration number: "
[1] 69
[1] "iteration number: "
[1] 70
[1] "Best fitness updated to:"
[1] -62.17743
[1] "Best solution:"
 [1] 1 1 0 1 0 0 1 1 1 0 0 0 1 0 0 1 1 0 1 1 1 0 1 1 0 1 1 1 1 1 0 0 0 0 1 0 0 0
[39] 1 0 0 1 1
[1] 23
[1] "iteration number: "
[1] 71
[1] "iteration number: "
[1] 72
[1] "Best fitness updated to:"
[1] -62.368
[1] "Best solution:"
 [1] 1 1 0 1 0 0 1 1 1 1 0 0 1 0 0 1 1 0 1 1 1 0 1 1 0 1 1 1 1 1 0 0 0 1 1 0 0 1
[39] 1 0 0 1 1
[1] 26
[1] "iteration number: "
[1] 73
[1] "iteration number: "
[1] 74
[1] "iteration number: "
[1] 75
[1] "iteration number: "
[1] 76
[1] "iteration number: "
[1] 77
[1] "iteration number: "
[1] 78
[1] "iteration number: "
[1] 79
[1] "iteration number: "
[1] 80
[1] "iteration number: "
[1] 81
[1] "iteration number: "
[1] 82
[1] "iteration number: "
[1] 83
[1] "Best fitness updated to:"
[1] -62.98402
[1] "Best solution:"
 [1] 1 1 0 0 0 0 1 1 0 0 0 0 1 0 0 1 1 0 1 1 0 0 1 1 0 1 1 1 1 1 0 0 0 1 0 0 0 0
[39] 1 0 0 1 1
[1] 20
[1] "iteration number: "
[1] 84
[1] "iteration number: "
[1] 85
[1] "iteration number: "
[1] 86
[1] "iteration number: "
[1] 87
[1] "iteration number: "
[1] 88
[1] "iteration number: "
[1] 89
[1] "iteration number: "
[1] 90
[1] "iteration number: "
[1] 91
[1] "iteration number: "
[1] 92
[1] "iteration number: "
[1] 93
[1] "iteration number: "
[1] 94
[1] "RE-INITIALIZING..."
[1] 1
[1] 5
[1] 41
 [1] 1 2 2 2 3 2 2 1 3 2 3 1 2 2 4 3 3 2 2 1
[1] "iteration number: "
[1] 95
[1] "iteration number: "
[1] 96
[1] "iteration number: "
[1] 97
[1] "iteration number: "
[1] 98
[1] "iteration number: "
[1] 99
[1] "iteration number: "
[1] 100
[1] "iteration number: "
[1] 101
[1] "iteration number: "
[1] 102
[1] "iteration number: "
[1] 103
[1] "iteration number: "
[1] 104
[1] "iteration number: "
[1] 105
[1] "RE-INITIALIZING..."
[1] 2
[1] 5
[1] 41
 [1] 1 2 2 2 3 2 2 1 3 2 3 1 2 2 4 3 3 2 2 1
[1] "iteration number: "
[1] 106
[1] "iteration number: "
[1] 107
[1] "iteration number: "
[1] 108
[1] "iteration number: "
[1] 109
[1] "iteration number: "
[1] 110
[1] "iteration number: "
[1] 111
[1] "iteration number: "
[1] 112
[1] "iteration number: "
[1] 113
[1] "iteration number: "
[1] 114
[1] "iteration number: "
[1] 115
[1] "iteration number: "
[1] 116
[1] "RE-INITIALIZING..."
[1] 3
[1] 5
[1] 41
 [1] 2 3 2 3 3 4 3 4 4 2 1 2 2 4 2 3 4 2 4 1
[1] "iteration number: "
[1] 117
[1] "iteration number: "
[1] 118
[1] "iteration number: "
[1] 119
[1] "iteration number: "
[1] 120
[1] "iteration number: "
[1] 121
[1] "iteration number: "
[1] 122
[1] "iteration number: "
[1] 123
[1] "iteration number: "
[1] 124
[1] "iteration number: "
[1] 125
[1] "iteration number: "
[1] 126
[1] "iteration number: "
[1] 127
[1] "RE-INITIALIZING..."
[1] 4
[1] 5
[1] 39
 [1] 1 2 2 2 3 2 2 1 3 2 3 1 2 2 4 3 3 2 2 1
[1] "iteration number: "
[1] 128
[1] "iteration number: "
[1] 129
[1] "iteration number: "
[1] 130
[1] "iteration number: "
[1] 131
[1] "iteration number: "
[1] 132
[1] "iteration number: "
[1] 133
[1] "iteration number: "
[1] 134
[1] "iteration number: "
[1] 135
[1] "iteration number: "
[1] 136
[1] "iteration number: "
[1] 137
[1] "iteration number: "
[1] 138
[1] "RE-INITIALIZING..."
[1] 5
[1] 5
[1] 37
 [1] 1 2 2 2 3 2 2 1 3 2 3 1 2 2 4 3 3 2 2 1
[1] "iteration number: "
[1] 139
[1] "iteration number: "
[1] 140
[1] "iteration number: "
[1] 141
[1] "iteration number: "
[1] 142
[1] "iteration number: "
[1] 143
[1] "iteration number: "
[1] 144
[1] "iteration number: "
[1] 145
[1] "iteration number: "
[1] 146
[1] "iteration number: "
[1] 147
[1] "iteration number: "
[1] 148
[1] "iteration number: "
[1] 149
[1] "RE-INITIALIZING..."
[1] 6
[1] 5
[1] 36
 [1] 1 2 2 2 3 2 2 1 3 2 3 1 2 2 4 3 3 2 2 1
[1] "iteration number: "
[1] 150
[1] "iteration number: "
[1] 151
[1] "iteration number: "
[1] 152
[1] "iteration number: "
[1] 153
[1] "iteration number: "
[1] 154
[1] "iteration number: "
[1] 155
[1] "iteration number: "
[1] 156
[1] "iteration number: "
[1] 157
[1] "iteration number: "
[1] 158
[1] "iteration number: "
[1] 159
[1] "iteration number: "
[1] 160
[1] "RE-INITIALIZING..."
[1] 7
[1] 5
[1] 36
 [1] 1 2 2 2 3 2 2 1 3 2 3 1 2 2 4 3 3 2 2 1
[1] "iteration number: "
[1] 161
[1] "iteration number: "
[1] 162
[1] "iteration number: "
[1] 163
[1] "iteration number: "
[1] 164
[1] "iteration number: "
[1] 165
[1] "iteration number: "
[1] 166
[1] "iteration number: "
[1] 167
[1] "iteration number: "
[1] 168
[1] "iteration number: "
[1] 169
[1] "iteration number: "
[1] 170
[1] "iteration number: "
[1] 171
[1] "RE-INITIALIZING..."
[1] 8
[1] 5
[1] 36
 [1] 1 2 2 2 3 2 2 1 3 2 3 1 2 2 4 3 3 2 2 1
[1] "No change for 8 iterations. Exiting PSO."
 [1]  2  7  8 13 16 17 19 20 21 23 24 26 27 28 29 30 34 39 42 43
[1] 2
[1] "##################################"
[1] "Results summary for itr:2"
[1] "number of features selected using population mean"
[1] 13
[1] "number of features selected using current global best"
[1] 20
[1] "feat ind length"
[1] 20
[1] "best accuracy"
[1] 62.98402
[1] "test acc:1"
[1] "##################################"
[1] "learning sets: 3"
  [1]   9  15  60 110  68  29  66  80  78 104 118 120  49  83  72  42  87  73
 [19]  14  31  74   8  98  94  22  51  76  54 117  17 129  46  23  45  91  89
 [37] 109  43  16   5  55 101  67 123 115  20  25  97  82  59 125  53  39   7
 [55] 114   3   1  85  28  81  50  47  99  40  75 113  19  26 130  34  10  65
 [73]  57 112 128  61  35 111  70 105  69  21 122  58  11  86  41  52 116  38
 [91] 102   2  79  84  64  96 127  62  56  95 100 106   4  93
[1] "Starting global iteration number : 3"
[1] "iteration number: "
[1] 1
[1] "Best fitness updated to:"
[1] -57.22357
[1] "Best solution:"
 [1] NA NA NA NA NA NA NA NA NA NA NA NA NA NA NA NA NA NA NA NA NA NA NA NA NA
[26] NA NA NA NA NA NA NA NA NA NA NA NA NA NA NA NA NA NA
[1] 0
[1] "iteration number: "
[1] 2
[1] "Best fitness updated to:"
[1] -59.62819
[1] "Best solution:"
 [1] 1 1 0 1 1 0 1 0 0 0 0 1 0 1 1 0 0 1 0 0 0 0 1 1 1 0 0 1 1 1 0 0 1 0 1 0 0 0
[39] 1 0 1 0 1
[1] 20
[1] "iteration number: "
[1] 3
[1] "iteration number: "
[1] 4
[1] "iteration number: "
[1] 5
[1] "iteration number: "
[1] 6
[1] "iteration number: "
[1] 7
[1] "iteration number: "
[1] 8
[1] "Best fitness updated to:"
[1] -61.18332
[1] "Best solution:"
 [1] 1 1 0 0 1 0 0 0 0 0 0 0 0 1 0 0 1 0 0 0 0 0 1 0 0 0 1 1 0 0 0 0 0 1 0 0 0 0
[39] 0 0 0 0 0
[1] 9
[1] "iteration number: "
[1] 9
[1] "iteration number: "
[1] 10
[1] "Best fitness updated to:"
[1] -61.71973
[1] "Best solution:"
 [1] 1 1 1 1 1 0 1 1 1 0 1 1 1 1 0 0 1 0 1 1 1 0 1 0 1 1 1 1 1 1 0 0 1 1 1 1 1 0
[39] 1 1 0 1 1
[1] 32
[1] "iteration number: "
[1] 11
[1] "iteration number: "
[1] 12
[1] "iteration number: "
[1] 13
[1] "iteration number: "
[1] 14
[1] "iteration number: "
[1] 15
[1] "iteration number: "
[1] 16
[1] "iteration number: "
[1] 17
[1] "iteration number: "
[1] 18
[1] "iteration number: "
[1] 19
[1] "iteration number: "
[1] 20
[1] "iteration number: "
[1] 21
[1] "RE-INITIALIZING..."
[1] 1
[1] 5
[1] 43
 [1] 1 2 2 2 3 2 2 1 3 2 3 1 2 2 4 3 3 2 2 1
[1] "iteration number: "
[1] 22
[1] "iteration number: "
[1] 23
[1] "iteration number: "
[1] 24
[1] "iteration number: "
[1] 25
[1] "iteration number: "
[1] 26
[1] "iteration number: "
[1] 27
[1] "iteration number: "
[1] 28
[1] "iteration number: "
[1] 29
[1] "iteration number: "
[1] 30
[1] "Best fitness updated to:"
[1] -62.03128
[1] "Best solution:"
 [1] 1 1 0 0 0 0 0 0 0 0 0 0 1 0 0 0 1 0 0 0 0 1 1 0 1 1 1 0 0 0 0 0 0 1 1 0 0 0
[39] 0 0 0 0 0
[1] 11
[1] "iteration number: "
[1] 31
[1] "Best fitness updated to:"
[1] -62.08205
[1] "Best solution:"
 [1] 1 0 1 1 1 0 1 1 0 1 1 1 1 1 1 0 1 0 1 1 0 0 1 1 1 1 1 1 1 1 0 0 1 1 1 1 1 0
[39] 1 1 0 1 1
[1] 32
[1] "iteration number: "
[1] 32
[1] "iteration number: "
[1] 33
[1] "iteration number: "
[1] 34
[1] "iteration number: "
[1] 35
[1] "iteration number: "
[1] 36
[1] "iteration number: "
[1] 37
[1] "Best fitness updated to:"
[1] -62.89377
[1] "Best solution:"
 [1] 1 0 1 1 1 0 1 1 0 1 1 1 1 1 1 0 1 0 1 1 0 0 0 1 1 1 1 1 1 1 0 0 1 1 1 1 1 0
[39] 1 1 0 1 1
[1] 31
[1] "iteration number: "
[1] 38
[1] "iteration number: "
[1] 39
[1] "iteration number: "
[1] 40
[1] "iteration number: "
[1] 41
[1] "iteration number: "
[1] 42
[1] "iteration number: "
[1] 43
[1] "iteration number: "
[1] 44
[1] "iteration number: "
[1] 45
[1] "iteration number: "
[1] 46
[1] "iteration number: "
[1] 47
[1] "iteration number: "
[1] 48
[1] "RE-INITIALIZING..."
[1] 1
[1] 5
[1] 43
 [1] 1 2 2 2 3 2 2 1 3 2 3 1 2 2 4 3 3 2 2 1
[1] "iteration number: "
[1] 49
[1] "iteration number: "
[1] 50
[1] "iteration number: "
[1] 51
[1] "iteration number: "
[1] 52
[1] "iteration number: "
[1] 53
[1] "iteration number: "
[1] 54
[1] "iteration number: "
[1] 55
[1] "iteration number: "
[1] 56
[1] "iteration number: "
[1] 57
[1] "iteration number: "
[1] 58
[1] "iteration number: "
[1] 59
[1] "RE-INITIALIZING..."
[1] 2
[1] 5
[1] 42
 [1] 2 3 2 3 3 4 3 4 4 2 1 2 2 4 2 3 4 2 4 1
[1] "iteration number: "
[1] 60
[1] "Best fitness updated to:"
[1] -63.24048
[1] "Best solution:"
 [1] 1 1 1 0 1 0 1 1 0 0 0 0 1 1 0 0 1 0 1 1 0 1 1 0 0 1 1 1 1 1 0 0 1 1 1 0 0 0
[39] 1 1 1 0 1
[1] 25
[1] "iteration number: "
[1] 61
[1] "iteration number: "
[1] 62
[1] "iteration number: "
[1] 63
[1] "iteration number: "
[1] 64
[1] "iteration number: "
[1] 65
[1] "iteration number: "
[1] 66
[1] "iteration number: "
[1] 67
[1] "iteration number: "
[1] 68
[1] "iteration number: "
[1] 69
[1] "iteration number: "
[1] 70
[1] "Best fitness updated to:"
[1] -63.25629
[1] "Best solution:"
 [1] 1 1 1 0 1 1 1 1 0 0 0 0 1 1 0 0 1 0 1 1 0 1 1 0 0 1 1 1 0 1 0 0 1 1 1 0 0 0
[39] 1 1 1 0 1
[1] 25
[1] "iteration number: "
[1] 71
[1] "iteration number: "
[1] 72
[1] "iteration number: "
[1] 73
[1] "iteration number: "
[1] 74
[1] "iteration number: "
[1] 75
[1] "iteration number: "
[1] 76
[1] "iteration number: "
[1] 77
[1] "iteration number: "
[1] 78
[1] "iteration number: "
[1] 79
[1] "iteration number: "
[1] 80
[1] "iteration number: "
[1] 81
[1] "RE-INITIALIZING..."
[1] 1
[1] 5
[1] 42
 [1] 1 2 2 2 3 2 2 1 3 2 3 1 2 2 4 3 3 2 2 1
[1] "iteration number: "
[1] 82
[1] "iteration number: "
[1] 83
[1] "iteration number: "
[1] 84
[1] "iteration number: "
[1] 85
[1] "iteration number: "
[1] 86
[1] "iteration number: "
[1] 87
[1] "iteration number: "
[1] 88
[1] "iteration number: "
[1] 89
[1] "iteration number: "
[1] 90
[1] "iteration number: "
[1] 91
[1] "iteration number: "
[1] 92
[1] "RE-INITIALIZING..."
[1] 2
[1] 5
[1] 42
 [1] 1 2 2 2 3 2 2 1 3 2 3 1 2 2 4 3 3 2 2 1
[1] "iteration number: "
[1] 93
[1] "iteration number: "
[1] 94
[1] "iteration number: "
[1] 95
[1] "iteration number: "
[1] 96
[1] "iteration number: "
[1] 97
[1] "iteration number: "
[1] 98
[1] "iteration number: "
[1] 99
[1] "iteration number: "
[1] 100
[1] "iteration number: "
[1] 101
[1] "iteration number: "
[1] 102
[1] "iteration number: "
[1] 103
[1] "RE-INITIALIZING..."
[1] 3
[1] 5
[1] 42
 [1] 1 2 2 2 3 2 2 1 3 2 3 1 2 2 4 3 3 2 2 1
[1] "iteration number: "
[1] 104
[1] "iteration number: "
[1] 105
[1] "iteration number: "
[1] 106
[1] "iteration number: "
[1] 107
[1] "iteration number: "
[1] 108
[1] "iteration number: "
[1] 109
[1] "iteration number: "
[1] 110
[1] "iteration number: "
[1] 111
[1] "iteration number: "
[1] 112
[1] "iteration number: "
[1] 113
[1] "iteration number: "
[1] 114
[1] "RE-INITIALIZING..."
[1] 4
[1] 5
[1] 42
 [1] 1 2 2 2 3 2 2 1 3 2 3 1 2 2 4 3 3 2 2 1
[1] "iteration number: "
[1] 115
[1] "iteration number: "
[1] 116
[1] "iteration number: "
[1] 117
[1] "iteration number: "
[1] 118
[1] "iteration number: "
[1] 119
[1] "iteration number: "
[1] 120
[1] "iteration number: "
[1] 121
[1] "iteration number: "
[1] 122
[1] "iteration number: "
[1] 123
[1] "iteration number: "
[1] 124
[1] "iteration number: "
[1] 125
[1] "RE-INITIALIZING..."
[1] 5
[1] 5
[1] 42
 [1] 1 2 2 2 3 2 2 1 3 2 3 1 2 2 4 3 3 2 2 1
[1] "iteration number: "
[1] 126
[1] "iteration number: "
[1] 127
[1] "iteration number: "
[1] 128
[1] "iteration number: "
[1] 129
[1] "iteration number: "
[1] 130
[1] "iteration number: "
[1] 131
[1] "iteration number: "
[1] 132
[1] "iteration number: "
[1] 133
[1] "iteration number: "
[1] 134
[1] "iteration number: "
[1] 135
[1] "iteration number: "
[1] 136
[1] "RE-INITIALIZING..."
[1] 6
[1] 5
[1] 42
 [1] 2 3 2 3 3 4 3 4 4 2 1 2 2 4 2 3 4 2 4 1
[1] "iteration number: "
[1] 137
[1] "iteration number: "
[1] 138
[1] "iteration number: "
[1] 139
[1] "iteration number: "
[1] 140
[1] "iteration number: "
[1] 141
[1] "iteration number: "
[1] 142
[1] "iteration number: "
[1] 143
[1] "iteration number: "
[1] 144
[1] "iteration number: "
[1] 145
[1] "iteration number: "
[1] 146
[1] "iteration number: "
[1] 147
[1] "RE-INITIALIZING..."
[1] 7
[1] 5
[1] 42
 [1] 1 2 2 2 3 2 2 1 3 2 3 1 2 2 4 3 3 2 2 1
[1] "iteration number: "
[1] 148
[1] "iteration number: "
[1] 149
[1] "iteration number: "
[1] 150
[1] "iteration number: "
[1] 151
[1] "iteration number: "
[1] 152
[1] "iteration number: "
[1] 153
[1] "iteration number: "
[1] 154
[1] "iteration number: "
[1] 155
[1] "iteration number: "
[1] 156
[1] "iteration number: "
[1] 157
[1] "iteration number: "
[1] 158
[1] "RE-INITIALIZING..."
[1] 8
[1] 5
[1] 42
 [1] 1 2 2 2 3 2 2 1 3 2 3 1 2 2 4 3 3 2 2 1
[1] "No change for 8 iterations. Exiting PSO."
 [1]  1  2  3  5  6  7  8 13 14 17 19 20 22 23 24 26 27 28 30 33 34 35 39 40 41
[26] 43
[1] 3
[1] "##################################"
[1] "Results summary for itr:3"
[1] "number of features selected using population mean"
[1] 25
[1] "number of features selected using current global best"
[1] 26
[1] "feat ind length"
[1] 26
[1] "best accuracy"
[1] 63.25629
[1] "test acc:1"
[1] "##################################"
[1] "learning sets: 4"
  [1] 117  15  60  73  98  66  16  46  87  45   5  18  29 118  31  76 110   9
 [19]  80 104  13 120  90  89  24  94  83  71  51  74  17 109  42  68  30   8
 [37]  22  43  49 103 125  81   1  92  99 108  70  27  26  79   2  77   3 124
 [55] 111  11  39  86  34  48  69  35  82  38 102  63  67  58 123  25  97  20
 [73] 106 114 105  19 122 128  41  12   7 119  28 126  93  59  62 107  37  84
 [91] 116  53  57 101  55  47  61  64  44  88   4 113  50 121
[1] "Starting global iteration number : 4"
[1] "iteration number: "
[1] 1
[1] "Best fitness updated to:"
[1] -56.47667
[1] "Best solution:"
 [1] NA NA NA NA NA NA NA NA NA NA NA NA NA NA NA NA NA NA NA NA NA NA NA NA NA
[26] NA NA NA NA NA NA NA NA NA NA NA NA NA NA NA NA NA NA
[1] 0
[1] "iteration number: "
[1] 2
[1] "Best fitness updated to:"
[1] -60.28452
[1] "Best solution:"
 [1] 1 1 0 1 1 0 1 0 0 0 0 1 0 1 1 0 0 1 0 0 0 0 1 1 1 0 0 1 1 1 0 0 1 0 1 0 0 0
[39] 1 0 1 0 1
[1] 20
[1] "iteration number: "
[1] 3
[1] "Best fitness updated to:"
[1] -61.23852
[1] "Best solution:"
 [1] 1 1 0 1 0 0 0 1 0 1 0 1 0 0 1 1 0 1 0 0 1 1 0 1 1 1 0 0 1 0 1 1 1 0 0 1 1 0
[39] 1 0 1 0 1
[1] 23
[1] "iteration number: "
[1] 4
[1] "iteration number: "
[1] 5
[1] "iteration number: "
[1] 6
[1] "iteration number: "
[1] 7
[1] "iteration number: "
[1] 8
[1] "iteration number: "
[1] 9
[1] "Best fitness updated to:"
[1] -61.30644
[1] "Best solution:"
 [1] 1 1 0 0 1 0 0 1 0 0 0 1 1 0 1 0 0 0 0 0 0 1 1 1 1 0 1 0 0 0 0 0 1 1 1 0 1 0
[39] 0 0 1 1 0
[1] 18
[1] "iteration number: "
[1] 10
[1] "Best fitness updated to:"
[1] -62.27738
[1] "Best solution:"
 [1] 1 1 1 1 0 0 0 1 0 1 0 1 0 1 1 1 1 0 1 0 1 1 1 1 0 1 1 1 1 0 1 1 0 0 1 1 0 1
[39] 0 1 1 1 1
[1] 29
[1] "iteration number: "
[1] 11
[1] "iteration number: "
[1] 12
[1] "iteration number: "
[1] 13
[1] "Best fitness updated to:"
[1] -63.85793
[1] "Best solution:"
 [1] 1 1 1 0 0 0 0 0 0 1 0 1 1 0 1 1 1 0 1 0 0 1 1 1 0 0 1 1 0 0 0 1 0 0 0 0 0 0
[39] 0 0 1 0 1
[1] 18
[1] "iteration number: "
[1] 14
[1] "iteration number: "
[1] 15
[1] "iteration number: "
[1] 16
[1] "iteration number: "
[1] 17
[1] "iteration number: "
[1] 18
[1] "iteration number: "
[1] 19
[1] "iteration number: "
[1] 20
[1] "iteration number: "
[1] 21
[1] "iteration number: "
[1] 22
[1] "iteration number: "
[1] 23
[1] "Best fitness updated to:"
[1] -64.44119
[1] "Best solution:"
 [1] 0 1 0 0 1 1 1 0 0 0 0 1 0 1 0 0 1 0 0 0 0 1 1 1 1 0 1 1 0 0 0 0 1 1 1 1 0 1
[39] 0 0 0 0 0
[1] 18
[1] "iteration number: "
[1] 24
[1] "iteration number: "
[1] 25
[1] "iteration number: "
[1] 26
[1] "iteration number: "
[1] 27
[1] "iteration number: "
[1] 28
[1] "iteration number: "
[1] 29
[1] "iteration number: "
[1] 30
[1] "iteration number: "
[1] 31
[1] "iteration number: "
[1] 32
[1] "iteration number: "
[1] 33
[1] "iteration number: "
[1] 34
[1] "RE-INITIALIZING..."
[1] 1
[1] 5
[1] 43
 [1] 1 2 2 2 3 2 2 1 3 2 3 1 2 2 4 3 3 2 2 1
[1] "iteration number: "
[1] 35
[1] "iteration number: "
[1] 36
[1] "iteration number: "
[1] 37
[1] "iteration number: "
[1] 38
[1] "iteration number: "
[1] 39
[1] "iteration number: "
[1] 40
[1] "iteration number: "
[1] 41
[1] "iteration number: "
[1] 42
[1] "iteration number: "
[1] 43
[1] "iteration number: "
[1] 44
[1] "iteration number: "
[1] 45
[1] "RE-INITIALIZING..."
[1] 2
[1] 5
[1] 43
 [1] 1 2 2 2 3 2 2 1 3 2 3 1 2 2 4 3 3 2 2 1
[1] "iteration number: "
[1] 46
[1] "iteration number: "
[1] 47
[1] "iteration number: "
[1] 48
[1] "iteration number: "
[1] 49
[1] "iteration number: "
[1] 50
[1] "iteration number: "
[1] 51
[1] "iteration number: "
[1] 52
[1] "iteration number: "
[1] 53
[1] "iteration number: "
[1] 54
[1] "iteration number: "
[1] 55
[1] "iteration number: "
[1] 56
[1] "RE-INITIALIZING..."
[1] 3
[1] 5
[1] 41
 [1] 2 3 2 3 3 4 3 4 4 2 1 2 2 4 2 3 4 2 4 1
[1] "iteration number: "
[1] 57
[1] "iteration number: "
[1] 58
[1] "iteration number: "
[1] 59
[1] "iteration number: "
[1] 60
[1] "iteration number: "
[1] 61
[1] "iteration number: "
[1] 62
[1] "iteration number: "
[1] 63
[1] "iteration number: "
[1] 64
[1] "iteration number: "
[1] 65
[1] "iteration number: "
[1] 66
[1] "iteration number: "
[1] 67
[1] "RE-INITIALIZING..."
[1] 4
[1] 5
[1] 42
 [1] 1 2 2 2 3 2 2 1 3 2 3 1 2 2 4 3 3 2 2 1
[1] "iteration number: "
[1] 68
[1] "iteration number: "
[1] 69
[1] "iteration number: "
[1] 70
[1] "iteration number: "
[1] 71
[1] "iteration number: "
[1] 72
[1] "Best fitness updated to:"
[1] -64.5539
[1] "Best solution:"
 [1] 0 1 0 0 1 1 1 0 0 0 0 1 0 0 0 0 1 0 0 0 0 1 1 1 1 0 1 1 0 0 0 0 1 1 1 1 0 1
[39] 0 0 0 0 0
[1] 17
[1] "iteration number: "
[1] 73
[1] "iteration number: "
[1] 74
[1] "iteration number: "
[1] 75
[1] "iteration number: "
[1] 76
[1] "iteration number: "
[1] 77
[1] "iteration number: "
[1] 78
[1] "iteration number: "
[1] 79
[1] "iteration number: "
[1] 80
[1] "iteration number: "
[1] 81
[1] "iteration number: "
[1] 82
[1] "iteration number: "
[1] 83
[1] "RE-INITIALIZING..."
[1] 1
[1] 5
[1] 41
 [1] 1 2 2 2 3 2 2 1 3 2 3 1 2 2 4 3 3 2 2 1
[1] "iteration number: "
[1] 84
[1] "iteration number: "
[1] 85
[1] "iteration number: "
[1] 86
[1] "iteration number: "
[1] 87
[1] "iteration number: "
[1] 88
[1] "iteration number: "
[1] 89
[1] "iteration number: "
[1] 90
[1] "iteration number: "
[1] 91
[1] "iteration number: "
[1] 92
[1] "iteration number: "
[1] 93
[1] "iteration number: "
[1] 94
[1] "RE-INITIALIZING..."
[1] 2
[1] 5
[1] 41
 [1] 1 2 2 2 3 2 2 1 3 2 3 1 2 2 4 3 3 2 2 1
[1] "iteration number: "
[1] 95
[1] "iteration number: "
[1] 96
[1] "iteration number: "
[1] 97
[1] "iteration number: "
[1] 98
[1] "iteration number: "
[1] 99
[1] "iteration number: "
[1] 100
[1] "iteration number: "
[1] 101
[1] "iteration number: "
[1] 102
[1] "iteration number: "
[1] 103
[1] "iteration number: "
[1] 104
[1] "iteration number: "
[1] 105
[1] "RE-INITIALIZING..."
[1] 3
[1] 5
[1] 41
 [1] 1 2 2 2 3 2 2 1 3 2 3 1 2 2 4 3 3 2 2 1
[1] "iteration number: "
[1] 106
[1] "iteration number: "
[1] 107
[1] "iteration number: "
[1] 108
[1] "iteration number: "
[1] 109
[1] "iteration number: "
[1] 110
[1] "iteration number: "
[1] 111
[1] "iteration number: "
[1] 112
[1] "iteration number: "
[1] 113
[1] "iteration number: "
[1] 114
[1] "iteration number: "
[1] 115
[1] "iteration number: "
[1] 116
[1] "RE-INITIALIZING..."
[1] 4
[1] 5
[1] 41
 [1] 2 3 2 3 3 4 3 4 4 2 1 2 2 4 2 3 4 2 4 1
[1] "iteration number: "
[1] 117
[1] "iteration number: "
[1] 118
[1] "iteration number: "
[1] 119
[1] "iteration number: "
[1] 120
[1] "iteration number: "
[1] 121
[1] "iteration number: "
[1] 122
[1] "iteration number: "
[1] 123
[1] "iteration number: "
[1] 124
[1] "iteration number: "
[1] 125
[1] "iteration number: "
[1] 126
[1] "iteration number: "
[1] 127
[1] "RE-INITIALIZING..."
[1] 5
[1] 5
[1] 38
 [1] 1 2 2 2 3 2 2 1 3 2 3 1 2 2 4 3 3 2 2 1
[1] "iteration number: "
[1] 128
[1] "iteration number: "
[1] 129
[1] "Best fitness updated to:"
[1] -64.61965
[1] "Best solution:"
 [1] 0 1 0 0 1 1 1 0 0 0 0 1 0 0 0 0 1 0 0 0 0 1 1 1 1 0 1 1 0 0 0 0 1 1 0 1 0 1
[39] 0 0 0 0 0
[1] 16
[1] "iteration number: "
[1] 130
[1] "iteration number: "
[1] 131
[1] "iteration number: "
[1] 132
[1] "iteration number: "
[1] 133
[1] "iteration number: "
[1] 134
[1] "iteration number: "
[1] 135
[1] "iteration number: "
[1] 136
[1] "iteration number: "
[1] 137
[1] "iteration number: "
[1] 138
[1] "iteration number: "
[1] 139
[1] "iteration number: "
[1] 140
[1] "RE-INITIALIZING..."
[1] 1
[1] 5
[1] 38
 [1] 1 2 2 2 3 2 2 1 3 2 3 1 2 2 4 3 3 2 2 1
[1] "iteration number: "
[1] 141
[1] "iteration number: "
[1] 142
[1] "iteration number: "
[1] 143
[1] "iteration number: "
[1] 144
[1] "iteration number: "
[1] 145
[1] "iteration number: "
[1] 146
[1] "iteration number: "
[1] 147
[1] "iteration number: "
[1] 148
[1] "iteration number: "
[1] 149
[1] "iteration number: "
[1] 150
[1] "iteration number: "
[1] 151
[1] "RE-INITIALIZING..."
[1] 2
[1] 5
[1] 34
 [1] 2 3 2 3 3 4 3 4 4 2 1 2 2 4 2 3 4 2 4 1
[1] "iteration number: "
[1] 152
[1] "iteration number: "
[1] 153
[1] "iteration number: "
[1] 154
[1] "iteration number: "
[1] 155
[1] "iteration number: "
[1] 156
[1] "iteration number: "
[1] 157
[1] "iteration number: "
[1] 158
[1] "iteration number: "
[1] 159
[1] "iteration number: "
[1] 160
[1] "iteration number: "
[1] 161
[1] "iteration number: "
[1] 162
[1] "RE-INITIALIZING..."
[1] 3
[1] 5
[1] 32
 [1] 1 2 2 2 3 2 2 1 3 2 3 1 2 2 4 3 3 2 2 1
[1] "iteration number: "
[1] 163
[1] "iteration number: "
[1] 164
[1] "iteration number: "
[1] 165
[1] "iteration number: "
[1] 166
[1] "iteration number: "
[1] 167
[1] "iteration number: "
[1] 168
[1] "iteration number: "
[1] 169
[1] "iteration number: "
[1] 170
[1] "iteration number: "
[1] 171
[1] "iteration number: "
[1] 172
[1] "iteration number: "
[1] 173
[1] "RE-INITIALIZING..."
[1] 4
[1] 5
[1] 26
 [1] 1 2 2 2 3 2 2 1 3 2 3 1 2 2 4 3 3 2 2 1
[1] "iteration number: "
[1] 174
[1] "iteration number: "
[1] 175
[1] "iteration number: "
[1] 176
[1] "iteration number: "
[1] 177
[1] "iteration number: "
[1] 178
[1] "iteration number: "
[1] 179
[1] "iteration number: "
[1] 180
[1] "iteration number: "
[1] 181
[1] "iteration number: "
[1] 182
[1] "iteration number: "
[1] 183
[1] "iteration number: "
[1] 184
[1] "RE-INITIALIZING..."
[1] 5
[1] 5
[1] 25
 [1] 1 2 2 2 3 2 2 1 3 2 3 1 2 2 4 3 3 2 2 1
[1] "iteration number: "
[1] 185
[1] "iteration number: "
[1] 186
[1] "iteration number: "
[1] 187
[1] "iteration number: "
[1] 188
[1] "iteration number: "
[1] 189
[1] "iteration number: "
[1] 190
[1] "iteration number: "
[1] 191
[1] "iteration number: "
[1] 192
[1] "iteration number: "
[1] 193
[1] "iteration number: "
[1] 194
[1] "iteration number: "
[1] 195
[1] "RE-INITIALIZING..."
[1] 6
[1] 5
[1] 25
[1] "No change for 6 iterations. Exiting PSO."
 [1]  2  5  6 12 17 22 23 24 25 27 28 33 34 35 36 38
[1] 4
[1] "##################################"
[1] "Results summary for itr:4"
[1] "number of features selected using population mean"
[1] 16
[1] "number of features selected using current global best"
[1] 16
[1] "feat ind length"
[1] 16
[1] "best accuracy"
[1] 64.61965
[1] "test acc:1"
[1] "##################################"
[1] "learning sets: 5"
  [1]  22  90  74 104  60  78  23  16 120  43  13  46   6 118  17  54  32  51
 [19]  30  29   8  18 117  31  94  73  72  83  91 129 110  14  80  87  24  98
 [37] 103  15  76  45  79 116  37  36  52  85  53  48  11  63  75  25  97  61
 [55]  81  10  50  44  82 101  62  56  88 130  64 126 124  35   1  84 123  40
 [73]  27   2  59  67  28  95  41   3  86 107  34 108  58 105 115  93  20  69
 [91] 128  92  21   4  55  99  38   7 111 122 127 112 113  47
[1] "Starting global iteration number : 5"
[1] "iteration number: "
[1] 1
[1] "Best fitness updated to:"
[1] -54.57106
[1] "Best solution:"
 [1] NA NA NA NA NA NA NA NA NA NA NA NA NA NA NA NA NA NA NA NA NA NA NA NA NA
[26] NA NA NA NA NA NA NA NA NA NA NA NA NA NA NA NA NA NA
[1] 0
[1] "iteration number: "
[1] 2
[1] "Best fitness updated to:"
[1] -61.11493
[1] "Best solution:"
 [1] 1 1 0 1 1 0 1 0 0 0 0 1 0 1 1 0 0 1 0 0 0 0 1 1 1 0 0 1 1 1 0 0 1 0 1 0 0 0
[39] 1 0 1 0 1
[1] 20
[1] "iteration number: "
[1] 3
[1] "iteration number: "
[1] 4
[1] "iteration number: "
[1] 5
[1] "iteration number: "
[1] 6
[1] "Best fitness updated to:"
[1] -61.36829
[1] "Best solution:"
 [1] 1 1 0 0 0 0 0 0 1 1 1 0 1 1 1 0 0 0 1 0 1 1 0 0 0 0 1 0 0 0 1 0 0 0 0 0 0 1
[39] 0 0 1 1 0
[1] 16
[1] "iteration number: "
[1] 7
[1] "iteration number: "
[1] 8
[1] "iteration number: "
[1] 9
[1] "Best fitness updated to:"
[1] -61.82589
[1] "Best solution:"
 [1] 0 0 0 0 1 1 1 1 1 0 0 0 0 1 0 0 1 1 1 0 0 1 1 0 0 0 1 0 0 0 0 0 1 1 1 0 1 1
[39] 1 0 0 1 0
[1] 19
[1] "iteration number: "
[1] 10
[1] "Best fitness updated to:"
[1] -62.29818
[1] "Best solution:"
 [1] 0 0 0 0 1 1 1 1 1 0 0 0 0 1 0 0 1 1 1 0 0 1 1 0 0 0 1 0 0 0 0 0 1 1 1 0 0 1
[39] 1 0 0 1 0
[1] 18
[1] "iteration number: "
[1] 11
[1] "iteration number: "
[1] 12
[1] "iteration number: "
[1] 13
[1] "iteration number: "
[1] 14
[1] "iteration number: "
[1] 15
[1] "iteration number: "
[1] 16
[1] "iteration number: "
[1] 17
[1] "iteration number: "
[1] 18
[1] "iteration number: "
[1] 19
[1] "iteration number: "
[1] 20
[1] "iteration number: "
[1] 21
[1] "RE-INITIALIZING..."
[1] 1
[1] 5
[1] 36
 [1] 1 2 2 2 3 2 2 1 3 2 3 1 2 2 4 3 3 2 2 1
[1] "iteration number: "
[1] 22
[1] "iteration number: "
[1] 23
[1] "iteration number: "
[1] 24
[1] "iteration number: "
[1] 25
[1] "iteration number: "
[1] 26
[1] "Best fitness updated to:"
[1] -62.40589
[1] "Best solution:"
 [1] 0 1 0 0 1 1 1 0 1 0 0 0 1 1 0 0 1 0 1 0 0 1 1 0 0 0 1 0 0 0 0 0 0 1 1 0 0 1
[39] 1 0 0 1 0
[1] 17
[1] "iteration number: "
[1] 27
[1] "iteration number: "
[1] 28
[1] "iteration number: "
[1] 29
[1] "iteration number: "
[1] 30
[1] "iteration number: "
[1] 31
[1] "iteration number: "
[1] 32
[1] "iteration number: "
[1] 33
[1] "iteration number: "
[1] 34
[1] "iteration number: "
[1] 35
[1] "iteration number: "
[1] 36
[1] "iteration number: "
[1] 37
[1] "RE-INITIALIZING..."
[1] 1
[1] 5
[1] 33
 [1] 1 2 2 2 3 2 2 1 3 2 3 1 2 2 4 3 3 2 2 1
[1] "iteration number: "
[1] 38
[1] "iteration number: "
[1] 39
[1] "iteration number: "
[1] 40
[1] "iteration number: "
[1] 41
[1] "iteration number: "
[1] 42
[1] "iteration number: "
[1] 43
[1] "iteration number: "
[1] 44
[1] "iteration number: "
[1] 45
[1] "iteration number: "
[1] 46
[1] "iteration number: "
[1] 47
[1] "iteration number: "
[1] 48
[1] "RE-INITIALIZING..."
[1] 2
[1] 5
[1] 33
 [1] 1 2 2 2 3 2 2 1 3 2 3 1 2 2 4 3 3 2 2 1
[1] "iteration number: "
[1] 49
[1] "iteration number: "
[1] 50
[1] "iteration number: "
[1] 51
[1] "iteration number: "
[1] 52
[1] "iteration number: "
[1] 53
[1] "iteration number: "
[1] 54
[1] "iteration number: "
[1] 55
[1] "iteration number: "
[1] 56
[1] "iteration number: "
[1] 57
[1] "iteration number: "
[1] 58
[1] "iteration number: "
[1] 59
[1] "RE-INITIALIZING..."
[1] 3
[1] 5
[1] 33
 [1] 1 2 2 2 3 2 2 1 3 2 3 1 2 2 4 3 3 2 2 1
[1] "iteration number: "
[1] 60
[1] "iteration number: "
[1] 61
[1] "iteration number: "
[1] 62
[1] "iteration number: "
[1] 63
[1] "iteration number: "
[1] 64
[1] "iteration number: "
[1] 65
[1] "iteration number: "
[1] 66
[1] "iteration number: "
[1] 67
[1] "iteration number: "
[1] 68
[1] "iteration number: "
[1] 69
[1] "iteration number: "
[1] 70
[1] "RE-INITIALIZING..."
[1] 4
[1] 5
[1] 33
 [1] 1 2 2 2 3 2 2 1 3 2 3 1 2 2 4 3 3 2 2 1
[1] "iteration number: "
[1] 71
[1] "iteration number: "
[1] 72
[1] "iteration number: "
[1] 73
[1] "iteration number: "
[1] 74
[1] "iteration number: "
[1] 75
[1] "iteration number: "
[1] 76
[1] "iteration number: "
[1] 77
[1] "iteration number: "
[1] 78
[1] "Best fitness updated to:"
[1] -62.81037
[1] "Best solution:"
 [1] 0 1 0 0 1 1 1 0 1 0 0 0 1 0 0 0 1 0 1 0 0 1 1 0 0 0 1 0 0 0 0 0 0 1 1 0 0 1
[39] 1 0 0 1 0
[1] 16
[1] "iteration number: "
[1] 79
[1] "iteration number: "
[1] 80
[1] "iteration number: "
[1] 81
[1] "iteration number: "
[1] 82
[1] "iteration number: "
[1] 83
[1] "iteration number: "
[1] 84
[1] "iteration number: "
[1] 85
[1] "iteration number: "
[1] 86
[1] "iteration number: "
[1] 87
[1] "iteration number: "
[1] 88
[1] "iteration number: "
[1] 89
[1] "RE-INITIALIZING..."
[1] 1
[1] 5
[1] 37
 [1] 1 2 2 2 3 2 2 1 3 2 3 1 2 2 4 3 3 2 2 1
[1] "iteration number: "
[1] 90
[1] "iteration number: "
[1] 91
[1] "iteration number: "
[1] 92
[1] "iteration number: "
[1] 93
[1] "iteration number: "
[1] 94
[1] "iteration number: "
[1] 95
[1] "iteration number: "
[1] 96
[1] "iteration number: "
[1] 97
[1] "iteration number: "
[1] 98
[1] "iteration number: "
[1] 99
[1] "iteration number: "
[1] 100
[1] "RE-INITIALIZING..."
[1] 2
[1] 5
[1] 34
 [1] 1 2 2 2 3 2 2 1 3 2 3 1 2 2 4 3 3 2 2 1
[1] "iteration number: "
[1] 101
[1] "iteration number: "
[1] 102
[1] "iteration number: "
[1] 103
[1] "iteration number: "
[1] 104
[1] "iteration number: "
[1] 105
[1] "iteration number: "
[1] 106
[1] "iteration number: "
[1] 107
[1] "iteration number: "
[1] 108
[1] "iteration number: "
[1] 109
[1] "iteration number: "
[1] 110
[1] "iteration number: "
[1] 111
[1] "RE-INITIALIZING..."
[1] 3
[1] 5
[1] 35
 [1] 2 3 2 3 3 4 3 4 4 2 1 2 2 4 2 3 4 2 4 1
[1] "iteration number: "
[1] 112
[1] "iteration number: "
[1] 113
[1] "iteration number: "
[1] 114
[1] "iteration number: "
[1] 115
[1] "iteration number: "
[1] 116
[1] "iteration number: "
[1] 117
[1] "iteration number: "
[1] 118
[1] "iteration number: "
[1] 119
[1] "iteration number: "
[1] 120
[1] "iteration number: "
[1] 121
[1] "iteration number: "
[1] 122
[1] "RE-INITIALIZING..."
[1] 4
[1] 5
[1] 31
 [1] 1 2 2 2 3 2 2 1 3 2 3 1 2 2 4 3 3 2 2 1
[1] "iteration number: "
[1] 123
[1] "iteration number: "
[1] 124
[1] "iteration number: "
[1] 125
[1] "iteration number: "
[1] 126
[1] "iteration number: "
[1] 127
[1] "iteration number: "
[1] 128
[1] "iteration number: "
[1] 129
[1] "iteration number: "
[1] 130
[1] "iteration number: "
[1] 131
[1] "iteration number: "
[1] 132
[1] "iteration number: "
[1] 133
[1] "RE-INITIALIZING..."
[1] 5
[1] 5
[1] 30
 [1] 1 2 2 2 3 2 2 1 3 2 3 1 2 2 4 3 3 2 2 1
[1] "iteration number: "
[1] 134
[1] "iteration number: "
[1] 135
[1] "iteration number: "
[1] 136
[1] "iteration number: "
[1] 137
[1] "iteration number: "
[1] 138
[1] "iteration number: "
[1] 139
[1] "iteration number: "
[1] 140
[1] "iteration number: "
[1] 141
[1] "iteration number: "
[1] 142
[1] "iteration number: "
[1] 143
[1] "iteration number: "
[1] 144
[1] "RE-INITIALIZING..."
[1] 6
[1] 5
[1] 29
[1] "No change for 6 iterations. Exiting PSO."
 [1]  2  5  6  9 13 17 19 22 23 27 34 35 39 42
[1] 5
[1] "##################################"
[1] "Results summary for itr:5"
[1] "number of features selected using population mean"
[1] 14
[1] "number of features selected using current global best"
[1] 14
[1] "feat ind length"
[1] 14
[1] "best accuracy"
[1] 62.81037
[1] "test acc:1"
[1] "##################################"
[1] "learning sets: 6"
  [1]  13   5  17  66  94 103  80  30  14  51  42  76  74  91 117 118 109 104
 [19]  23  29   6  98  43  68  31  71  60 110  45  46  24  73  16  49  18  87
 [37]   8 129  83  22 126  77  67 106   2  20  36  39  55  69 116   1  81 112
 [55]   7  82 101  65 114 105  57  19  61 124   3  86  95  75  58  79 127  41
 [73]  21 111 102 113  11 121  64 128 130  92  37  12  93  47  25   4  84  99
 [91] 107  44 119  35  38  40  48  28 125  34  52  88  85 123
[1] "Starting global iteration number : 6"
[1] "iteration number: "
[1] 1
[1] "Best fitness updated to:"
[1] -58.54691
[1] "Best solution:"
 [1] NA NA NA NA NA NA NA NA NA NA NA NA NA NA NA NA NA NA NA NA NA NA NA NA NA
[26] NA NA NA NA NA NA NA NA NA NA NA NA NA NA NA NA NA NA
[1] 0
[1] "iteration number: "
[1] 2
[1] "Best fitness updated to:"
[1] -59.64704
[1] "Best solution:"
 [1] 1 1 0 1 1 0 1 0 0 0 0 1 0 1 1 0 0 1 0 0 0 0 1 1 1 0 0 1 1 1 0 0 1 0 1 0 0 0
[39] 1 0 1 0 1
[1] 20
[1] "iteration number: "
[1] 3
[1] "iteration number: "
[1] 4
[1] "iteration number: "
[1] 5
[1] "Best fitness updated to:"
[1] -59.93758
[1] "Best solution:"
 [1] 1 1 1 1 0 1 0 1 0 0 0 0 0 0 1 1 1 0 1 0 0 1 1 0 0 1 1 1 1 0 0 0 0 0 1 0 0 0
[39] 0 1 1 1 1
[1] 21
[1] "iteration number: "
[1] 6
[1] "iteration number: "
[1] 7
[1] "iteration number: "
[1] 8
[1] "iteration number: "
[1] 9
[1] "Best fitness updated to:"
[1] -60.02822
[1] "Best solution:"
 [1] 1 1 0 0 0 0 0 1 0 0 0 0 0 0 1 1 1 0 0 0 0 1 1 0 0 0 1 0 1 0 0 0 0 1 1 0 0 0
[39] 0 0 1 1 0
[1] 14
[1] "iteration number: "
[1] 10
[1] "Best fitness updated to:"
[1] -61.02773
[1] "Best solution:"
 [1] 0 1 1 1 1 1 1 1 1 0 1 1 1 1 1 0 1 1 1 0 1 1 1 0 1 1 1 1 1 1 0 0 1 1 1 1 1 1
[39] 1 1 1 1 1
[1] 36
[1] "iteration number: "
[1] 11
[1] "Best fitness updated to:"
[1] -61.58983
[1] "Best solution:"
 [1] 1 1 1 1 1 1 1 1 1 1 1 1 1 0 1 1 1 0 1 0 1 1 1 0 0 0 0 1 1 1 0 0 1 1 1 0 0 1
[39] 0 0 1 1 1
[1] 30
[1] "iteration number: "
[1] 12
[1] "iteration number: "
[1] 13
[1] "iteration number: "
[1] 14
[1] "iteration number: "
[1] 15
[1] "iteration number: "
[1] 16
[1] "iteration number: "
[1] 17
[1] "iteration number: "
[1] 18
[1] "iteration number: "
[1] 19
[1] "iteration number: "
[1] 20
[1] "iteration number: "
[1] 21
[1] "iteration number: "
[1] 22
[1] "RE-INITIALIZING..."
[1] 1
[1] 5
[1] 43
 [1] 1 2 2 2 3 2 2 1 3 2 3 1 2 2 4 3 3 2 2 1
[1] "iteration number: "
[1] 23
[1] "iteration number: "
[1] 24
[1] "iteration number: "
[1] 25
[1] "iteration number: "
[1] 26
[1] "iteration number: "
[1] 27
[1] "iteration number: "
[1] 28
[1] "iteration number: "
[1] 29
[1] "iteration number: "
[1] 30
[1] "iteration number: "
[1] 31
[1] "iteration number: "
[1] 32
[1] "iteration number: "
[1] 33
[1] "RE-INITIALIZING..."
[1] 2
[1] 5
[1] 43
 [1] 1 2 2 2 3 2 2 1 3 2 3 1 2 2 4 3 3 2 2 1
[1] "iteration number: "
[1] 34
[1] "iteration number: "
[1] 35
[1] "iteration number: "
[1] 36
[1] "iteration number: "
[1] 37
[1] "iteration number: "
[1] 38
[1] "iteration number: "
[1] 39
[1] "iteration number: "
[1] 40
[1] "iteration number: "
[1] 41
[1] "iteration number: "
[1] 42
[1] "iteration number: "
[1] 43
[1] "iteration number: "
[1] 44
[1] "RE-INITIALIZING..."
[1] 3
[1] 5
[1] 42
 [1] 1 2 2 2 3 2 2 1 3 2 3 1 2 2 4 3 3 2 2 1
[1] "iteration number: "
[1] 45
[1] "iteration number: "
[1] 46
[1] "iteration number: "
[1] 47
[1] "iteration number: "
[1] 48
[1] "iteration number: "
[1] 49
[1] "iteration number: "
[1] 50
[1] "iteration number: "
[1] 51
[1] "iteration number: "
[1] 52
[1] "iteration number: "
[1] 53
[1] "iteration number: "
[1] 54
[1] "iteration number: "
[1] 55
[1] "RE-INITIALIZING..."
[1] 4
[1] 5
[1] 42
 [1] 1 2 2 2 3 2 2 1 3 2 3 1 2 2 4 3 3 2 2 1
[1] "iteration number: "
[1] 56
[1] "iteration number: "
[1] 57
[1] "iteration number: "
[1] 58
[1] "iteration number: "
[1] 59
[1] "iteration number: "
[1] 60
[1] "iteration number: "
[1] 61
[1] "iteration number: "
[1] 62
[1] "iteration number: "
[1] 63
[1] "iteration number: "
[1] 64
[1] "iteration number: "
[1] 65
[1] "iteration number: "
[1] 66
[1] "RE-INITIALIZING..."
[1] 5
[1] 5
[1] 42
 [1] 2 3 2 3 3 4 3 4 4 2 1 2 2 4 2 3 4 2 4 1
[1] "iteration number: "
[1] 67
[1] "iteration number: "
[1] 68
[1] "iteration number: "
[1] 69
[1] "iteration number: "
[1] 70
[1] "iteration number: "
[1] 71
[1] "iteration number: "
[1] 72
[1] "iteration number: "
[1] 73
[1] "iteration number: "
[1] 74
[1] "iteration number: "
[1] 75
[1] "iteration number: "
[1] 76
[1] "iteration number: "
[1] 77
[1] "RE-INITIALIZING..."
[1] 6
[1] 5
[1] 42
 [1] 1 2 2 2 3 2 2 1 3 2 3 1 2 2 4 3 3 2 2 1
[1] "iteration number: "
[1] 78
[1] "iteration number: "
[1] 79
[1] "iteration number: "
[1] 80
[1] "iteration number: "
[1] 81
[1] "Best fitness updated to:"
[1] -62.29266
[1] "Best solution:"
 [1] 1 1 0 1 1 1 1 1 1 0 0 0 1 1 1 1 1 1 1 1 1 0 1 0 0 1 1 1 1 0 0 1 1 0 1 1 1 0
[39] 1 1 1 1 1
[1] 32
[1] "iteration number: "
[1] 82
[1] "iteration number: "
[1] 83
[1] "iteration number: "
[1] 84
[1] "iteration number: "
[1] 85
[1] "iteration number: "
[1] 86
[1] "iteration number: "
[1] 87
[1] "iteration number: "
[1] 88
[1] "iteration number: "
[1] 89
[1] "iteration number: "
[1] 90
[1] "iteration number: "
[1] 91
[1] "iteration number: "
[1] 92
[1] "RE-INITIALIZING..."
[1] 1
[1] 5
[1] 38
 [1] 1 2 2 2 3 2 2 1 3 2 3 1 2 2 4 3 3 2 2 1
[1] "iteration number: "
[1] 93
[1] "iteration number: "
[1] 94
[1] "iteration number: "
[1] 95
[1] "iteration number: "
[1] 96
[1] "iteration number: "
[1] 97
[1] "iteration number: "
[1] 98
[1] "iteration number: "
[1] 99
[1] "iteration number: "
[1] 100
[1] "iteration number: "
[1] 101
[1] "iteration number: "
[1] 102
[1] "iteration number: "
[1] 103
[1] "RE-INITIALIZING..."
[1] 2
[1] 5
[1] 38
 [1] 1 2 2 2 3 2 2 1 3 2 3 1 2 2 4 3 3 2 2 1
[1] "iteration number: "
[1] 104
[1] "iteration number: "
[1] 105
[1] "iteration number: "
[1] 106
[1] "iteration number: "
[1] 107
[1] "iteration number: "
[1] 108
[1] "iteration number: "
[1] 109
[1] "iteration number: "
[1] 110
[1] "iteration number: "
[1] 111
[1] "iteration number: "
[1] 112
[1] "iteration number: "
[1] 113
[1] "iteration number: "
[1] 114
[1] "RE-INITIALIZING..."
[1] 3
[1] 5
[1] 38
 [1] 1 2 2 2 3 2 2 1 3 2 3 1 2 2 4 3 3 2 2 1
[1] "iteration number: "
[1] 115
[1] "iteration number: "
[1] 116
[1] "iteration number: "
[1] 117
[1] "iteration number: "
[1] 118
[1] "iteration number: "
[1] 119
[1] "iteration number: "
[1] 120
[1] "iteration number: "
[1] 121
[1] "iteration number: "
[1] 122
[1] "iteration number: "
[1] 123
[1] "iteration number: "
[1] 124
[1] "iteration number: "
[1] 125
[1] "RE-INITIALIZING..."
[1] 4
[1] 5
[1] 38
 [1] 1 2 2 2 3 2 2 1 3 2 3 1 2 2 4 3 3 2 2 1
[1] "iteration number: "
[1] 126
[1] "iteration number: "
[1] 127
[1] "iteration number: "
[1] 128
[1] "iteration number: "
[1] 129
[1] "iteration number: "
[1] 130
[1] "iteration number: "
[1] 131
[1] "iteration number: "
[1] 132
[1] "iteration number: "
[1] 133
[1] "iteration number: "
[1] 134
[1] "iteration number: "
[1] 135
[1] "iteration number: "
[1] 136
[1] "RE-INITIALIZING..."
[1] 5
[1] 5
[1] 38
 [1] 2 3 2 3 3 4 3 4 4 2 1 2 2 4 2 3 4 2 4 1
[1] "iteration number: "
[1] 137
[1] "iteration number: "
[1] 138
[1] "iteration number: "
[1] 139
[1] "iteration number: "
[1] 140
[1] "iteration number: "
[1] 141
[1] "iteration number: "
[1] 142
[1] "iteration number: "
[1] 143
[1] "iteration number: "
[1] 144
[1] "iteration number: "
[1] 145
[1] "iteration number: "
[1] 146
[1] "iteration number: "
[1] 147
[1] "RE-INITIALIZING..."
[1] 6
[1] 5
[1] 39
 [1] 1 2 2 2 3 2 2 1 3 2 3 1 2 2 4 3 3 2 2 1
[1] "iteration number: "
[1] 148
[1] "iteration number: "
[1] 149
[1] "iteration number: "
[1] 150
[1] "iteration number: "
[1] 151
[1] "iteration number: "
[1] 152
[1] "iteration number: "
[1] 153
[1] "iteration number: "
[1] 154
[1] "iteration number: "
[1] 155
[1] "iteration number: "
[1] 156
[1] "iteration number: "
[1] 157
[1] "iteration number: "
[1] 158
[1] "RE-INITIALIZING..."
[1] 7
[1] 5
[1] 39
 [1] 1 2 2 2 3 2 2 1 3 2 3 1 2 2 4 3 3 2 2 1
[1] "iteration number: "
[1] 159
[1] "iteration number: "
[1] 160
[1] "iteration number: "
[1] 161
[1] "iteration number: "
[1] 162
[1] "iteration number: "
[1] 163
[1] "iteration number: "
[1] 164
[1] "iteration number: "
[1] 165
[1] "iteration number: "
[1] 166
[1] "iteration number: "
[1] 167
[1] "iteration number: "
[1] 168
[1] "iteration number: "
[1] 169
[1] "RE-INITIALIZING..."
[1] 8
[1] 5
[1] 38
 [1] 1 2 2 2 3 2 2 1 3 2 3 1 2 2 4 3 3 2 2 1
[1] "No change for 8 iterations. Exiting PSO."
 [1]  1  2  6  7  8  9 13 15 16 17 18 19 20 21 23 26 27 28 29 32 33 36 37 39 40
[26] 41 43
[1] 6
[1] "##################################"
[1] "Results summary for itr:6"
[1] "number of features selected using population mean"
[1] 21
[1] "number of features selected using current global best"
[1] 27
[1] "feat ind length"
[1] 27
[1] "best accuracy"
[1] 62.29266
[1] "test acc:0.961538461538462"
[1] "##################################"
[1] "learning sets: 7"
  [1]  98  43  22  68 118  80  15  14  73  13  76  60  49  31  74  17  45  83
 [19]  18  91  30 129 117  23  89 104  24  32  33  87 120 110  16   9 103  66
 [37]  94  51  54   8 107  36 124 108  50 121  86  28   7 102 100  20 130  99
 [55]  55  85  52 105  75  81  62 111  10  44  21  84 122 126  27  59  61  79
 [73]  93  77 114  37 119  35 116  65 106  96  82  26 123 112  92  40  64  69
 [91]  58  95  97  48   3  63 128 101  12  56 113  67  41  88
[1] "Starting global iteration number : 7"
[1] "iteration number: "
[1] 1
[1] "Best fitness updated to:"
[1] -57.49384
[1] "Best solution:"
 [1] NA NA NA NA NA NA NA NA NA NA NA NA NA NA NA NA NA NA NA NA NA NA NA NA NA
[26] NA NA NA NA NA NA NA NA NA NA NA NA NA NA NA NA NA NA
[1] 0
[1] "iteration number: "
[1] 2
[1] "iteration number: "
[1] 3
[1] "Best fitness updated to:"
[1] -59.5999
[1] "Best solution:"
 [1] 1 0 1 0 1 1 0 1 0 1 1 0 1 1 0 1 1 1 1 1 1 1 0 0 0 1 1 1 1 0 1 1 1 1 1 1 0 1
[39] 1 0 1 1 0
[1] 30
[1] "iteration number: "
[1] 4
[1] "Best fitness updated to:"
[1] -59.72204
[1] "Best solution:"
 [1] 0 1 1 1 0 1 1 1 0 1 0 1 1 0 1 1 1 1 0 0 0 1 1 1 1 1 1 1 1 1 1 1 1 1 1 0 0 1
[39] 1 0 0 1 1
[1] 31
[1] "iteration number: "
[1] 5
[1] "Best fitness updated to:"
[1] -59.98622
[1] "Best solution:"
 [1] 1 1 1 1 1 0 1 1 0 1 0 1 1 0 1 1 1 0 0 0 1 1 1 1 1 1 1 1 1 1 1 0 1 1 1 1 1 1
[39] 1 0 1 1 1
[1] 34
[1] "iteration number: "
[1] 6
[1] "Best fitness updated to:"
[1] -61.98182
[1] "Best solution:"
 [1] 0 1 0 1 1 1 0 1 1 0 0 1 0 1 1 1 0 0 1 1 1 1 1 0 1 0 1 1 1 0 0 0 0 0 0 1 1 0
[39] 1 1 0 0 1
[1] 24
[1] "iteration number: "
[1] 7
[1] "iteration number: "
[1] 8
[1] "iteration number: "
[1] 9
[1] "iteration number: "
[1] 10
[1] "iteration number: "
[1] 11
[1] "Best fitness updated to:"
[1] -62.25006
[1] "Best solution:"
 [1] 0 1 1 0 1 0 0 0 1 1 1 1 1 1 1 1 0 1 1 1 1 0 0 0 1 0 1 0 0 1 1 1 0 1 0 1 1 1
[39] 1 0 0 1 0
[1] 26
[1] "iteration number: "
[1] 12
[1] "iteration number: "
[1] 13
[1] "iteration number: "
[1] 14
[1] "iteration number: "
[1] 15
[1] "iteration number: "
[1] 16
[1] "iteration number: "
[1] 17
[1] "iteration number: "
[1] 18
[1] "iteration number: "
[1] 19
[1] "iteration number: "
[1] 20
[1] "Best fitness updated to:"
[1] -62.3154
[1] "Best solution:"
 [1] 1 1 1 0 1 0 0 1 0 0 0 0 1 0 1 1 0 0 0 0 0 0 1 1 1 1 1 1 0 0 1 0 0 1 0 1 1 0
[39] 0 1 0 1 1
[1] 21
[1] "iteration number: "
[1] 21
[1] "iteration number: "
[1] 22
[1] "iteration number: "
[1] 23
[1] "iteration number: "
[1] 24
[1] "iteration number: "
[1] 25
[1] "iteration number: "
[1] 26
[1] "iteration number: "
[1] 27
[1] "iteration number: "
[1] 28
[1] "iteration number: "
[1] 29
[1] "iteration number: "
[1] 30
[1] "iteration number: "
[1] 31
[1] "RE-INITIALIZING..."
[1] 1
[1] 5
[1] 43
 [1] 1 2 2 2 3 2 2 1 3 2 3 1 2 2 4 3 3 2 2 1
[1] "iteration number: "
[1] 32
[1] "iteration number: "
[1] 33
[1] "iteration number: "
[1] 34
[1] "iteration number: "
[1] 35
[1] "iteration number: "
[1] 36
[1] "iteration number: "
[1] 37
[1] "iteration number: "
[1] 38
[1] "iteration number: "
[1] 39
[1] "iteration number: "
[1] 40
[1] "iteration number: "
[1] 41
[1] "iteration number: "
[1] 42
[1] "RE-INITIALIZING..."
[1] 2
[1] 5
[1] 43
 [1] 1 2 2 2 3 2 2 1 3 2 3 1 2 2 4 3 3 2 2 1
[1] "iteration number: "
[1] 43
[1] "iteration number: "
[1] 44
[1] "iteration number: "
[1] 45
[1] "iteration number: "
[1] 46
[1] "iteration number: "
[1] 47
[1] "iteration number: "
[1] 48
[1] "iteration number: "
[1] 49
[1] "iteration number: "
[1] 50
[1] "iteration number: "
[1] 51
[1] "iteration number: "
[1] 52
[1] "iteration number: "
[1] 53
[1] "RE-INITIALIZING..."
[1] 3
[1] 5
[1] 43
 [1] 1 2 2 2 3 2 2 1 3 2 3 1 2 2 4 3 3 2 2 1
[1] "iteration number: "
[1] 54
[1] "iteration number: "
[1] 55
[1] "iteration number: "
[1] 56
[1] "iteration number: "
[1] 57
[1] "iteration number: "
[1] 58
[1] "iteration number: "
[1] 59
[1] "iteration number: "
[1] 60
[1] "iteration number: "
[1] 61
[1] "iteration number: "
[1] 62
[1] "iteration number: "
[1] 63
[1] "iteration number: "
[1] 64
[1] "RE-INITIALIZING..."
[1] 4
[1] 5
[1] 43
 [1] 1 2 2 2 3 2 2 1 3 2 3 1 2 2 4 3 3 2 2 1
[1] "iteration number: "
[1] 65
[1] "iteration number: "
[1] 66
[1] "iteration number: "
[1] 67
[1] "iteration number: "
[1] 68
[1] "Best fitness updated to:"
[1] -62.47407
[1] "Best solution:"
 [1] 1 1 1 1 1 0 1 1 1 1 1 1 1 0 0 1 1 0 0 0 1 0 1 1 1 1 1 1 1 1 1 1 0 1 0 1 1 1
[39] 1 1 0 1 1
[1] 33
[1] "iteration number: "
[1] 69
[1] "iteration number: "
[1] 70
[1] "iteration number: "
[1] 71
[1] "iteration number: "
[1] 72
[1] "iteration number: "
[1] 73
[1] "Best fitness updated to:"
[1] -62.49732
[1] "Best solution:"
 [1] 0 1 1 1 1 0 1 1 1 1 0 1 1 1 0 1 1 0 0 0 1 0 1 1 1 1 1 1 1 0 1 1 1 1 1 1 1 1
[39] 1 1 0 1 1
[1] 33
[1] "iteration number: "
[1] 74
[1] "iteration number: "
[1] 75
[1] "iteration number: "
[1] 76
[1] "iteration number: "
[1] 77
[1] "iteration number: "
[1] 78
[1] "iteration number: "
[1] 79
[1] "iteration number: "
[1] 80
[1] "iteration number: "
[1] 81
[1] "iteration number: "
[1] 82
[1] "iteration number: "
[1] 83
[1] "iteration number: "
[1] 84
[1] "RE-INITIALIZING..."
[1] 1
[1] 5
[1] 43
 [1] 1 2 2 2 3 2 2 1 3 2 3 1 2 2 4 3 3 2 2 1
[1] "iteration number: "
[1] 85
[1] "iteration number: "
[1] 86
[1] "iteration number: "
[1] 87
[1] "iteration number: "
[1] 88
[1] "iteration number: "
[1] 89
[1] "iteration number: "
[1] 90
[1] "iteration number: "
[1] 91
[1] "iteration number: "
[1] 92
[1] "iteration number: "
[1] 93
[1] "iteration number: "
[1] 94
[1] "iteration number: "
[1] 95
[1] "RE-INITIALIZING..."
[1] 2
[1] 5
[1] 43
 [1] 1 2 2 2 3 2 2 1 3 2 3 1 2 2 4 3 3 2 2 1
[1] "iteration number: "
[1] 96
[1] "iteration number: "
[1] 97
[1] "iteration number: "
[1] 98
[1] "iteration number: "
[1] 99
[1] "iteration number: "
[1] 100
[1] "iteration number: "
[1] 101
[1] "iteration number: "
[1] 102
[1] "iteration number: "
[1] 103
[1] "iteration number: "
[1] 104
[1] "iteration number: "
[1] 105
[1] "iteration number: "
[1] 106
[1] "RE-INITIALIZING..."
[1] 3
[1] 5
[1] 43
 [1] 2 3 2 3 3 4 3 4 4 2 1 2 2 4 2 3 4 2 4 1
[1] "iteration number: "
[1] 107
[1] "Best fitness updated to:"
[1] -62.93715
[1] "Best solution:"
 [1] 0 1 0 0 0 0 0 0 0 0 0 0 1 0 0 1 1 0 0 0 0 1 1 0 1 0 1 0 0 0 0 1 1 1 0 1 0 0
[39] 0 0 0 1 0
[1] 13
[1] "iteration number: "
[1] 108
[1] "iteration number: "
[1] 109
[1] "iteration number: "
[1] 110
[1] "iteration number: "
[1] 111
[1] "iteration number: "
[1] 112
[1] "iteration number: "
[1] 113
[1] "iteration number: "
[1] 114
[1] "iteration number: "
[1] 115
[1] "iteration number: "
[1] 116
[1] "iteration number: "
[1] 117
[1] "iteration number: "
[1] 118
[1] "RE-INITIALIZING..."
[1] 1
[1] 5
[1] 43
 [1] 1 2 2 2 3 2 2 1 3 2 3 1 2 2 4 3 3 2 2 1
[1] "iteration number: "
[1] 119
[1] "iteration number: "
[1] 120
[1] "iteration number: "
[1] 121
[1] "Best fitness updated to:"
[1] -63.01819
[1] "Best solution:"
 [1] 0 1 1 1 1 0 1 1 1 1 0 1 1 1 0 1 1 0 0 0 1 0 1 1 1 1 0 0 1 0 1 1 1 1 0 1 0 0
[39] 1 1 0 1 1
[1] 28
[1] "iteration number: "
[1] 122
[1] "iteration number: "
[1] 123
[1] "iteration number: "
[1] 124
[1] "iteration number: "
[1] 125
[1] "iteration number: "
[1] 126
[1] "iteration number: "
[1] 127
[1] "iteration number: "
[1] 128
[1] "Best fitness updated to:"
[1] -63.03871
[1] "Best solution:"
 [1] 0 1 1 1 1 0 1 1 1 1 0 1 1 1 0 1 1 0 0 0 1 0 1 1 1 1 0 0 1 1 1 1 1 1 0 1 1 1
[39] 1 1 0 1 1
[1] 31
[1] "iteration number: "
[1] 129
[1] "iteration number: "
[1] 130
[1] "iteration number: "
[1] 131
[1] "iteration number: "
[1] 132
[1] "iteration number: "
[1] 133
[1] "iteration number: "
[1] 134
[1] "iteration number: "
[1] 135
[1] "iteration number: "
[1] 136
[1] "iteration number: "
[1] 137
[1] "iteration number: "
[1] 138
[1] "Best fitness updated to:"
[1] -63.10678
[1] "Best solution:"
 [1] 0 1 1 1 1 0 1 1 1 1 0 1 1 1 0 1 1 0 0 0 1 0 1 1 1 1 0 0 1 0 1 1 1 1 0 1 1 1
[39] 1 1 0 1 1
[1] 30
[1] "iteration number: "
[1] 139
[1] "Best fitness updated to:"
[1] -63.1155
[1] "Best solution:"
 [1] 0 1 0 0 1 0 1 1 1 1 0 1 1 1 0 1 1 0 0 0 1 0 1 1 1 1 0 0 1 0 0 1 1 1 0 1 1 1
[39] 1 1 0 1 1
[1] 27
[1] "iteration number: "
[1] 140
[1] "iteration number: "
[1] 141
[1] "iteration number: "
[1] 142
[1] "iteration number: "
[1] 143
[1] "iteration number: "
[1] 144
[1] "iteration number: "
[1] 145
[1] "iteration number: "
[1] 146
[1] "iteration number: "
[1] 147
[1] "iteration number: "
[1] 148
[1] "iteration number: "
[1] 149
[1] "iteration number: "
[1] 150
[1] "RE-INITIALIZING..."
[1] 1
[1] 5
[1] 43
 [1] 1 2 2 2 3 2 2 1 3 2 3 1 2 2 4 3 3 2 2 1
[1] "iteration number: "
[1] 151
[1] "iteration number: "
[1] 152
[1] "iteration number: "
[1] 153
[1] "iteration number: "
[1] 154
[1] "iteration number: "
[1] 155
[1] "iteration number: "
[1] 156
[1] "iteration number: "
[1] 157
[1] "iteration number: "
[1] 158
[1] "iteration number: "
[1] 159
[1] "iteration number: "
[1] 160
[1] "iteration number: "
[1] 161
[1] "RE-INITIALIZING..."
[1] 2
[1] 5
[1] 43
 [1] 2 3 2 3 3 4 3 4 4 2 1 2 2 4 2 3 4 2 4 1
[1] "iteration number: "
[1] 162
[1] "iteration number: "
[1] 163
[1] "iteration number: "
[1] 164
[1] "iteration number: "
[1] 165
[1] "iteration number: "
[1] 166
[1] "iteration number: "
[1] 167
[1] "iteration number: "
[1] 168
[1] "iteration number: "
[1] 169
[1] "iteration number: "
[1] 170
[1] "iteration number: "
[1] 171
[1] "iteration number: "
[1] 172
[1] "RE-INITIALIZING..."
[1] 3
[1] 5
[1] 43
 [1] 1 2 2 2 3 2 2 1 3 2 3 1 2 2 4 3 3 2 2 1
[1] "iteration number: "
[1] 173
[1] "iteration number: "
[1] 174
[1] "iteration number: "
[1] 175
[1] "iteration number: "
[1] 176
[1] "iteration number: "
[1] 177
[1] "iteration number: "
[1] 178
[1] "iteration number: "
[1] 179
[1] "iteration number: "
[1] 180
[1] "iteration number: "
[1] 181
[1] "iteration number: "
[1] 182
[1] "Best fitness updated to:"
[1] -63.27917
[1] "Best solution:"
 [1] 0 1 1 1 1 0 1 0 1 1 0 1 1 1 0 0 1 0 0 0 1 0 1 1 1 1 0 1 1 0 1 1 0 1 1 1 0 1
[39] 0 1 0 1 1
[1] 27
[1] "iteration number: "
[1] 183
[1] "iteration number: "
[1] 184
[1] "iteration number: "
[1] 185
[1] "iteration number: "
[1] 186
[1] "iteration number: "
[1] 187
[1] "iteration number: "
[1] 188
[1] "iteration number: "
[1] 189
[1] "iteration number: "
[1] 190
[1] "iteration number: "
[1] 191
[1] "iteration number: "
[1] 192
[1] "iteration number: "
[1] 193
[1] "RE-INITIALIZING..."
[1] 1
[1] 5
[1] 43
 [1] 1 2 2 2 3 2 2 1 3 2 3 1 2 2 4 3 3 2 2 1
[1] "iteration number: "
[1] 194
[1] "iteration number: "
[1] 195
[1] "iteration number: "
[1] 196
[1] "iteration number: "
[1] 197
[1] "iteration number: "
[1] 198
[1] "iteration number: "
[1] 199
[1] "iteration number: "
[1] 200
[1] "iteration number: "
[1] 201
[1] "iteration number: "
[1] 202
[1] "iteration number: "
[1] 203
[1] "iteration number: "
[1] 204
[1] "RE-INITIALIZING..."
[1] 2
[1] 5
[1] 43
 [1] 2 3 2 3 3 4 3 4 4 2 1 2 2 4 2 3 4 2 4 1
[1] "iteration number: "
[1] 205
[1] "iteration number: "
[1] 206
[1] "iteration number: "
[1] 207
[1] "iteration number: "
[1] 208
[1] "iteration number: "
[1] 209
[1] "iteration number: "
[1] 210
[1] "iteration number: "
[1] 211
[1] "iteration number: "
[1] 212
[1] "iteration number: "
[1] 213
[1] "iteration number: "
[1] 214
[1] "iteration number: "
[1] 215
[1] "RE-INITIALIZING..."
[1] 3
[1] 5
[1] 43
 [1] 1 2 2 2 3 2 2 1 3 2 3 1 2 2 4 3 3 2 2 1
[1] "iteration number: "
[1] 216
[1] "iteration number: "
[1] 217
[1] "iteration number: "
[1] 218
[1] "iteration number: "
[1] 219
[1] "iteration number: "
[1] 220
[1] "iteration number: "
[1] 221
[1] "iteration number: "
[1] 222
[1] "iteration number: "
[1] 223
[1] "iteration number: "
[1] 224
[1] "iteration number: "
[1] 225
[1] "iteration number: "
[1] 226
[1] "RE-INITIALIZING..."
[1] 4
[1] 5
[1] 41
 [1] 2 3 2 3 3 4 3 4 4 2 1 2 2 4 2 3 4 2 4 1
[1] "iteration number: "
[1] 227
[1] "iteration number: "
[1] 228
[1] "iteration number: "
[1] 229
[1] "Best fitness updated to:"
[1] -63.43359
[1] "Best solution:"
 [1] 0 1 1 1 1 0 1 0 1 1 0 1 1 1 0 0 1 0 0 0 1 0 1 1 1 1 0 0 1 1 1 1 0 1 1 1 1 1
[39] 1 1 0 0 1
[1] 28
[1] "iteration number: "
[1] 230
[1] "iteration number: "
[1] 231
[1] "iteration number: "
[1] 232
[1] "iteration number: "
[1] 233
[1] "iteration number: "
[1] 234
[1] "iteration number: "
[1] 235
[1] "iteration number: "
[1] 236
[1] "iteration number: "
[1] 237
[1] "iteration number: "
[1] 238
[1] "iteration number: "
[1] 239
[1] "iteration number: "
[1] 240
[1] "RE-INITIALIZING..."
[1] 1
[1] 5
[1] 42
 [1] 1 2 2 2 3 2 2 1 3 2 3 1 2 2 4 3 3 2 2 1
[1] "iteration number: "
[1] 241
[1] "iteration number: "
[1] 242
[1] "iteration number: "
[1] 243
[1] "iteration number: "
[1] 244
[1] "iteration number: "
[1] 245
[1] "iteration number: "
[1] 246
[1] "iteration number: "
[1] 247
[1] "iteration number: "
[1] 248
[1] "iteration number: "
[1] 249
[1] "iteration number: "
[1] 250
[1] "iteration number: "
[1] 251
[1] "RE-INITIALIZING..."
[1] 2
[1] 5
[1] 42
 [1] 2 3 2 3 3 4 3 4 4 2 1 2 2 4 2 3 4 2 4 1
[1] "iteration number: "
[1] 252
[1] "iteration number: "
[1] 253
[1] "iteration number: "
[1] 254
[1] "iteration number: "
[1] 255
[1] "iteration number: "
[1] 256
[1] "iteration number: "
[1] 257
[1] "iteration number: "
[1] 258
[1] "iteration number: "
[1] 259
[1] "iteration number: "
[1] 260
[1] "iteration number: "
[1] 261
[1] "iteration number: "
[1] 262
[1] "RE-INITIALIZING..."
[1] 3
[1] 5
[1] 41
 [1] 1 2 2 2 3 2 2 1 3 2 3 1 2 2 4 3 3 2 2 1
[1] "iteration number: "
[1] 263
[1] "Best fitness updated to:"
[1] -63.45685
[1] "Best solution:"
 [1] 0 1 1 1 0 0 1 0 1 0 0 0 1 1 0 0 1 0 0 0 1 0 1 1 1 1 0 0 1 1 0 1 0 1 1 1 0 1
[39] 1 1 0 0 1
[1] 23
[1] "iteration number: "
[1] 264
[1] "iteration number: "
[1] 265
[1] "iteration number: "
[1] 266
[1] "iteration number: "
[1] 267
[1] "iteration number: "
[1] 268
[1] "iteration number: "
[1] 269
[1] "iteration number: "
[1] 270
[1] "iteration number: "
[1] 271
[1] "iteration number: "
[1] 272
[1] "iteration number: "
[1] 273
[1] "iteration number: "
[1] 274
[1] "RE-INITIALIZING..."
[1] 1
[1] 5
[1] 41
 [1] 1 2 2 2 3 2 2 1 3 2 3 1 2 2 4 3 3 2 2 1
[1] "iteration number: "
[1] 275
[1] "iteration number: "
[1] 276
[1] "iteration number: "
[1] 277
[1] "iteration number: "
[1] 278
[1] "iteration number: "
[1] 279
[1] "iteration number: "
[1] 280
[1] "iteration number: "
[1] 281
[1] "iteration number: "
[1] 282
[1] "iteration number: "
[1] 283
[1] "iteration number: "
[1] 284
[1] "iteration number: "
[1] 285
[1] "RE-INITIALIZING..."
[1] 2
[1] 5
[1] 41
 [1] 1 2 2 2 3 2 2 1 3 2 3 1 2 2 4 3 3 2 2 1
[1] "iteration number: "
[1] 286
[1] "iteration number: "
[1] 287
[1] "iteration number: "
[1] 288
[1] "iteration number: "
[1] 289
[1] "iteration number: "
[1] 290
[1] "iteration number: "
[1] 291
[1] "iteration number: "
[1] 292
[1] "iteration number: "
[1] 293
[1] "iteration number: "
[1] 294
[1] "iteration number: "
[1] 295
[1] "iteration number: "
[1] 296
[1] "RE-INITIALIZING..."
[1] 3
[1] 5
[1] 42
 [1] 2 3 2 3 3 4 3 4 4 2 1 2 2 4 2 3 4 2 4 1
[1] "iteration number: "
[1] 297
[1] "iteration number: "
[1] 298
[1] "iteration number: "
[1] 299
[1] "iteration number: "
[1] 300
[1] "iteration number: "
[1] 301
[1] "iteration number: "
[1] 302
[1] "iteration number: "
[1] 303
[1] "iteration number: "
[1] 304
[1] "iteration number: "
[1] 305
[1] "iteration number: "
[1] 306
[1] "iteration number: "
[1] 307
[1] "RE-INITIALIZING..."
[1] 4
[1] 5
[1] 42
 [1] 1 2 2 2 3 2 2 1 3 2 3 1 2 2 4 3 3 2 2 1
[1] "iteration number: "
[1] 308
[1] "iteration number: "
[1] 309
[1] "iteration number: "
[1] 310
[1] "iteration number: "
[1] 311
[1] "iteration number: "
[1] 312
[1] "iteration number: "
[1] 313
[1] "iteration number: "
[1] 314
[1] "iteration number: "
[1] 315
[1] "iteration number: "
[1] 316
[1] "iteration number: "
[1] 317
[1] "iteration number: "
[1] 318
[1] "RE-INITIALIZING..."
[1] 5
[1] 5
[1] 42
 [1] 1 2 2 2 3 2 2 1 3 2 3 1 2 2 4 3 3 2 2 1
[1] "iteration number: "
[1] 319
[1] "iteration number: "
[1] 320
[1] "iteration number: "
[1] 321
[1] "iteration number: "
[1] 322
[1] "iteration number: "
[1] 323
[1] "iteration number: "
[1] 324
[1] "iteration number: "
[1] 325
[1] "iteration number: "
[1] 326
[1] "iteration number: "
[1] 327
[1] "iteration number: "
[1] 328
[1] "iteration number: "
[1] 329
[1] "RE-INITIALIZING..."
[1] 6
[1] 5
[1] 42
 [1] 1 2 2 2 3 2 2 1 3 2 3 1 2 2 4 3 3 2 2 1
[1] "iteration number: "
[1] 330
[1] "iteration number: "
[1] 331
[1] "iteration number: "
[1] 332
[1] "iteration number: "
[1] 333
[1] "iteration number: "
[1] 334
[1] "iteration number: "
[1] 335
[1] "iteration number: "
[1] 336
[1] "iteration number: "
[1] 337
[1] "iteration number: "
[1] 338
[1] "iteration number: "
[1] 339
[1] "iteration number: "
[1] 340
[1] "RE-INITIALIZING..."
[1] 7
[1] 5
[1] 42
 [1] 1 2 2 2 3 2 2 1 3 2 3 1 2 2 4 3 3 2 2 1
[1] "iteration number: "
[1] 341
[1] "iteration number: "
[1] 342
[1] "iteration number: "
[1] 343
[1] "iteration number: "
[1] 344
[1] "iteration number: "
[1] 345
[1] "iteration number: "
[1] 346
[1] "iteration number: "
[1] 347
[1] "iteration number: "
[1] 348
[1] "iteration number: "
[1] 349
[1] "iteration number: "
[1] 350
[1] "iteration number: "
[1] 351
[1] "RE-INITIALIZING..."
[1] 8
[1] 5
[1] 42
 [1] 1 2 2 2 3 2 2 1 3 2 3 1 2 2 4 3 3 2 2 1
[1] "No change for 8 iterations. Exiting PSO."
 [1]  2  3  4  7  9 13 14 17 21 23 24 25 26 29 30 32 34 35 36 38 39 40 43
[1] 7
[1] "##################################"
[1] "Results summary for itr:7"
[1] "number of features selected using population mean"
[1] 23
[1] "number of features selected using current global best"
[1] 23
[1] "feat ind length"
[1] 23
[1] "best accuracy"
[1] 63.45685
[1] "test acc:0.961538461538462"
[1] "##################################"
[1] "learning sets: 8"
  [1]  45  73  74   5  17 117 129 103  76  54  72  90 109  51  80 120  78  30
 [19]  14   8  22 118  49  24  18  43  29  23  31 104   9  98  71  89  16  83
 [37]  91 110  68  13 106  50  26 112 123  93  84  99 126 128  57 105 102  63
 [55] 113  85 122  34  39 108   7  36  52  44  10 127  28  64 116  48   3  97
 [73]  41 124  55  12  19  96  69 101 100   1  58  61  79  75  62  27  56  67
 [91]  82  37  40  88  77  25 107 114  81 121  86  21  11  53
[1] "Starting global iteration number : 8"
[1] "iteration number: "
[1] 1
[1] "Best fitness updated to:"
[1] -53.35763
[1] "Best solution:"
 [1] NA NA NA NA NA NA NA NA NA NA NA NA NA NA NA NA NA NA NA NA NA NA NA NA NA
[26] NA NA NA NA NA NA NA NA NA NA NA NA NA NA NA NA NA NA
[1] 0
[1] "iteration number: "
[1] 2
[1] "Best fitness updated to:"
[1] -55.24227
[1] "Best solution:"
 [1] 1 1 0 1 1 0 1 0 0 0 0 1 0 1 1 0 0 1 0 0 0 0 1 1 1 0 0 1 1 1 0 0 1 0 1 0 0 0
[39] 1 0 1 0 1
[1] 20
[1] "iteration number: "
[1] 3
[1] "Best fitness updated to:"
[1] -59.93686
[1] "Best solution:"
 [1] 1 0 1 0 1 0 1 1 0 0 0 1 0 1 0 0 1 0 1 1 1 0 1 0 0 1 1 1 1 1 0 0 0 1 1 0 0 0
[39] 1 0 0 0 1
[1] 21
[1] "iteration number: "
[1] 4
[1] "iteration number: "
[1] 5
[1] "iteration number: "
[1] 6
[1] "iteration number: "
[1] 7
[1] "iteration number: "
[1] 8
[1] "iteration number: "
[1] 9
[1] "iteration number: "
[1] 10
[1] "iteration number: "
[1] 11
[1] "iteration number: "
[1] 12
[1] "iteration number: "
[1] 13
[1] "iteration number: "
[1] 14
[1] "Best fitness updated to:"
[1] -59.9761
[1] "Best solution:"
 [1] 1 1 0 1 1 1 1 0 1 1 0 0 0 1 0 1 0 1 0 0 1 0 1 1 1 1 1 1 1 0 0 0 1 0 0 1 1 1
[39] 0 0 1 0 0
[1] 24
[1] "iteration number: "
[1] 15
[1] "iteration number: "
[1] 16
[1] "iteration number: "
[1] 17
[1] "iteration number: "
[1] 18
[1] "iteration number: "
[1] 19
[1] "iteration number: "
[1] 20
[1] "iteration number: "
[1] 21
[1] "iteration number: "
[1] 22
[1] "iteration number: "
[1] 23
[1] "iteration number: "
[1] 24
[1] "iteration number: "
[1] 25
[1] "RE-INITIALIZING..."
[1] 1
[1] 5
[1] 41
 [1] 1 2 2 2 3 2 2 1 3 2 3 1 2 2 4 3 3 2 2 1
[1] "iteration number: "
[1] 26
[1] "iteration number: "
[1] 27
[1] "iteration number: "
[1] 28
[1] "iteration number: "
[1] 29
[1] "iteration number: "
[1] 30
[1] "iteration number: "
[1] 31
[1] "iteration number: "
[1] 32
[1] "iteration number: "
[1] 33
[1] "iteration number: "
[1] 34
[1] "iteration number: "
[1] 35
[1] "iteration number: "
[1] 36
[1] "RE-INITIALIZING..."
[1] 2
[1] 5
[1] 41
 [1] 2 3 2 3 3 4 3 4 4 2 1 2 2 4 2 3 4 2 4 1
[1] "iteration number: "
[1] 37
[1] "iteration number: "
[1] 38
[1] "iteration number: "
[1] 39
[1] "iteration number: "
[1] 40
[1] "iteration number: "
[1] 41
[1] "iteration number: "
[1] 42
[1] "iteration number: "
[1] 43
[1] "iteration number: "
[1] 44
[1] "iteration number: "
[1] 45
[1] "iteration number: "
[1] 46
[1] "iteration number: "
[1] 47
[1] "RE-INITIALIZING..."
[1] 3
[1] 5
[1] 42
 [1] 1 2 2 2 3 2 2 1 3 2 3 1 2 2 4 3 3 2 2 1
[1] "iteration number: "
[1] 48
[1] "iteration number: "
[1] 49
[1] "iteration number: "
[1] 50
[1] "iteration number: "
[1] 51
[1] "iteration number: "
[1] 52
[1] "iteration number: "
[1] 53
[1] "iteration number: "
[1] 54
[1] "iteration number: "
[1] 55
[1] "iteration number: "
[1] 56
[1] "iteration number: "
[1] 57
[1] "iteration number: "
[1] 58
[1] "RE-INITIALIZING..."
[1] 4
[1] 5
[1] 36
 [1] 1 2 2 2 3 2 2 1 3 2 3 1 2 2 4 3 3 2 2 1
[1] "iteration number: "
[1] 59
[1] "iteration number: "
[1] 60
[1] "iteration number: "
[1] 61
[1] "iteration number: "
[1] 62
[1] "iteration number: "
[1] 63
[1] "iteration number: "
[1] 64
[1] "iteration number: "
[1] 65
[1] "iteration number: "
[1] 66
[1] "iteration number: "
[1] 67
[1] "iteration number: "
[1] 68
[1] "iteration number: "
[1] 69
[1] "RE-INITIALIZING..."
[1] 5
[1] 5
[1] 35
 [1] 1 2 2 2 3 2 2 1 3 2 3 1 2 2 4 3 3 2 2 1
[1] "iteration number: "
[1] 70
[1] "iteration number: "
[1] 71
[1] "iteration number: "
[1] 72
[1] "iteration number: "
[1] 73
[1] "iteration number: "
[1] 74
[1] "iteration number: "
[1] 75
[1] "iteration number: "
[1] 76
[1] "iteration number: "
[1] 77
[1] "iteration number: "
[1] 78
[1] "iteration number: "
[1] 79
[1] "iteration number: "
[1] 80
[1] "RE-INITIALIZING..."
[1] 6
[1] 5
[1] 35
 [1] 1 2 2 2 3 2 2 1 3 2 3 1 2 2 4 3 3 2 2 1
[1] "iteration number: "
[1] 81
[1] "iteration number: "
[1] 82
[1] "iteration number: "
[1] 83
[1] "iteration number: "
[1] 84
[1] "iteration number: "
[1] 85
[1] "iteration number: "
[1] 86
[1] "iteration number: "
[1] 87
[1] "iteration number: "
[1] 88
[1] "iteration number: "
[1] 89
[1] "iteration number: "
[1] 90
[1] "iteration number: "
[1] 91
[1] "RE-INITIALIZING..."
[1] 7
[1] 5
[1] 35
 [1] 1 2 2 2 3 2 2 1 3 2 3 1 2 2 4 3 3 2 2 1
[1] "iteration number: "
[1] 92
[1] "iteration number: "
[1] 93
[1] "iteration number: "
[1] 94
[1] "iteration number: "
[1] 95
[1] "iteration number: "
[1] 96
[1] "iteration number: "
[1] 97
[1] "iteration number: "
[1] 98
[1] "iteration number: "
[1] 99
[1] "iteration number: "
[1] 100
[1] "iteration number: "
[1] 101
[1] "iteration number: "
[1] 102
[1] "RE-INITIALIZING..."
[1] 8
[1] 5
[1] 34
 [1] 1 2 2 2 3 2 2 1 3 2 3 1 2 2 4 3 3 2 2 1
[1] "No change for 8 iterations. Exiting PSO."
 [1]  1  2  4  5  6  7  9 10 14 16 17 18 21 23 24 25 26 27 28 29 31 33 36 37 38
[26] 41
[1] 8
[1] "##################################"
[1] "Results summary for itr:8"
[1] "number of features selected using population mean"
[1] 24
[1] "number of features selected using current global best"
[1] 26
[1] "feat ind length"
[1] 26
[1] "best accuracy"
[1] 59.9761
[1] "test acc:1"
[1] "##################################"
[1] "learning sets: 9"
  [1]  66  13  80  31  51  83  98  23  14  43  18  73  49  89  45  78  17 118
 [19] 103   6  16  29  74 104  90 109 120  76  71  15   5   8  72   9  22  94
 [37] 117  32  87  60  26 105  57  77  36  40  86  92  82  11  64  65  19  52
 [55]  84  81 102  93 111  53  56  63 116   7  69  59 107 122  37 113 112  12
 [73]  61  55 108  75 124 100  20  25 127  38 119  70  97 128 106 114  41  99
 [91]  50   3  21 115  85   4  79  39  58  35   2  96  28  67
[1] "Starting global iteration number : 9"
[1] "iteration number: "
[1] 1
[1] "Best fitness updated to:"
[1] -53.16607
[1] "Best solution:"
 [1] NA NA NA NA NA NA NA NA NA NA NA NA NA NA NA NA NA NA NA NA NA NA NA NA NA
[26] NA NA NA NA NA NA NA NA NA NA NA NA NA NA NA NA NA NA
[1] 0
[1] "iteration number: "
[1] 2
[1] "Best fitness updated to:"
[1] -53.94363
[1] "Best solution:"
 [1] 1 1 0 1 1 0 1 0 0 0 0 1 0 1 1 0 0 1 0 0 0 0 1 1 1 0 0 1 1 1 0 0 1 0 1 0 0 0
[39] 1 0 1 0 1
[1] 20
[1] "iteration number: "
[1] 3
[1] "Best fitness updated to:"
[1] -57.20253
[1] "Best solution:"
 [1] 0 0 1 0 1 1 1 0 1 0 1 1 0 1 0 0 1 0 0 0 1 1 1 0 1 0 1 1 0 1 1 0 0 1 1 1 0 1
[39] 0 0 0 1 0
[1] 22
[1] "iteration number: "
[1] 4
[1] "iteration number: "
[1] 5
[1] "iteration number: "
[1] 6
[1] "Best fitness updated to:"
[1] -57.26838
[1] "Best solution:"
 [1] 0 1 0 1 0 1 0 0 1 1 1 0 1 0 1 1 0 0 0 0 1 1 0 1 1 0 1 0 0 0 1 1 0 0 0 1 0 1
[39] 0 0 1 1 0
[1] 20
[1] "iteration number: "
[1] 7
[1] "iteration number: "
[1] 8
[1] "iteration number: "
[1] 9
[1] "iteration number: "
[1] 10
[1] "iteration number: "
[1] 11
[1] "Best fitness updated to:"
[1] -57.73996
[1] "Best solution:"
 [1] 0 1 1 0 1 0 0 0 1 1 1 1 1 1 1 1 0 0 1 1 1 0 0 0 1 0 1 0 0 1 1 1 0 0 0 1 1 1
[39] 1 0 0 1 0
[1] 24
[1] "iteration number: "
[1] 12
[1] "iteration number: "
[1] 13
[1] "Best fitness updated to:"
[1] -57.84079
[1] "Best solution:"
 [1] 0 0 1 1 1 1 1 0 1 0 1 1 0 1 1 0 1 1 0 0 1 0 1 0 1 0 1 1 0 1 1 1 1 1 1 1 0 1
[39] 1 0 0 1 0
[1] 27
[1] "iteration number: "
[1] 14
[1] "Best fitness updated to:"
[1] -57.87288
[1] "Best solution:"
 [1] 0 0 1 1 1 1 1 0 1 0 1 1 0 1 1 0 1 1 0 0 1 0 1 0 1 0 1 1 0 1 1 1 1 1 1 1 0 1
[39] 1 0 0 1 0
[1] 27
[1] "iteration number: "
[1] 15
[1] "iteration number: "
[1] 16
[1] "iteration number: "
[1] 17
[1] "Best fitness updated to:"
[1] -58.52948
[1] "Best solution:"
 [1] 0 0 0 1 1 0 1 1 1 0 1 0 0 1 1 1 1 0 0 1 1 0 1 0 1 0 1 1 1 1 0 1 1 1 1 1 0 1
[39] 0 0 0 1 1
[1] 26
[1] "iteration number: "
[1] 18
[1] "iteration number: "
[1] 19
[1] "iteration number: "
[1] 20
[1] "Best fitness updated to:"
[1] -58.57058
[1] "Best solution:"
 [1] 0 0 0 0 1 0 1 1 1 0 1 0 0 1 1 1 1 0 0 1 1 0 1 0 1 0 1 1 1 1 0 1 0 1 0 1 0 1
[39] 0 0 0 1 1
[1] 23
[1] "iteration number: "
[1] 21
[1] "iteration number: "
[1] 22
[1] "iteration number: "
[1] 23
[1] "iteration number: "
[1] 24
[1] "iteration number: "
[1] 25
[1] "iteration number: "
[1] 26
[1] "iteration number: "
[1] 27
[1] "iteration number: "
[1] 28
[1] "iteration number: "
[1] 29
[1] "iteration number: "
[1] 30
[1] "iteration number: "
[1] 31
[1] "RE-INITIALIZING..."
[1] 1
[1] 5
[1] 43
 [1] 1 2 2 2 3 2 2 1 3 2 3 1 2 2 4 3 3 2 2 1
[1] "iteration number: "
[1] 32
[1] "iteration number: "
[1] 33
[1] "iteration number: "
[1] 34
[1] "iteration number: "
[1] 35
[1] "iteration number: "
[1] 36
[1] "iteration number: "
[1] 37
[1] "iteration number: "
[1] 38
[1] "iteration number: "
[1] 39
[1] "iteration number: "
[1] 40
[1] "iteration number: "
[1] 41
[1] "iteration number: "
[1] 42
[1] "RE-INITIALIZING..."
[1] 2
[1] 5
[1] 43
 [1] 1 2 2 2 3 2 2 1 3 2 3 1 2 2 4 3 3 2 2 1
[1] "iteration number: "
[1] 43
[1] "iteration number: "
[1] 44
[1] "iteration number: "
[1] 45
[1] "iteration number: "
[1] 46
[1] "iteration number: "
[1] 47
[1] "iteration number: "
[1] 48
[1] "iteration number: "
[1] 49
[1] "iteration number: "
[1] 50
[1] "iteration number: "
[1] 51
[1] "iteration number: "
[1] 52
[1] "iteration number: "
[1] 53
[1] "RE-INITIALIZING..."
[1] 3
[1] 5
[1] 43
 [1] 1 2 2 2 3 2 2 1 3 2 3 1 2 2 4 3 3 2 2 1
[1] "iteration number: "
[1] 54
[1] "iteration number: "
[1] 55
[1] "iteration number: "
[1] 56
[1] "iteration number: "
[1] 57
[1] "iteration number: "
[1] 58
[1] "iteration number: "
[1] 59
[1] "iteration number: "
[1] 60
[1] "iteration number: "
[1] 61
[1] "iteration number: "
[1] 62
[1] "iteration number: "
[1] 63
[1] "iteration number: "
[1] 64
[1] "RE-INITIALIZING..."
[1] 4
[1] 5
[1] 43
 [1] 1 2 2 2 3 2 2 1 3 2 3 1 2 2 4 3 3 2 2 1
[1] "iteration number: "
[1] 65
[1] "iteration number: "
[1] 66
[1] "iteration number: "
[1] 67
[1] "iteration number: "
[1] 68
[1] "iteration number: "
[1] 69
[1] "iteration number: "
[1] 70
[1] "iteration number: "
[1] 71
[1] "iteration number: "
[1] 72
[1] "iteration number: "
[1] 73
[1] "iteration number: "
[1] 74
[1] "iteration number: "
[1] 75
[1] "RE-INITIALIZING..."
[1] 5
[1] 5
[1] 43
 [1] 1 2 2 2 3 2 2 1 3 2 3 1 2 2 4 3 3 2 2 1
[1] "iteration number: "
[1] 76
[1] "iteration number: "
[1] 77
[1] "iteration number: "
[1] 78
[1] "iteration number: "
[1] 79
[1] "iteration number: "
[1] 80
[1] "iteration number: "
[1] 81
[1] "iteration number: "
[1] 82
[1] "iteration number: "
[1] 83
[1] "iteration number: "
[1] 84
[1] "iteration number: "
[1] 85
[1] "iteration number: "
[1] 86
[1] "Best fitness updated to:"
[1] -59.12374
[1] "Best solution:"
 [1] 0 0 0 0 1 0 1 1 1 0 1 0 0 1 1 1 1 0 0 1 1 0 1 0 0 0 0 1 1 1 0 1 1 1 0 1 0 1
[39] 0 0 0 1 1
[1] 22
[1] "iteration number: "
[1] 87
[1] "iteration number: "
[1] 88
[1] "iteration number: "
[1] 89
[1] "iteration number: "
[1] 90
[1] "iteration number: "
[1] 91
[1] "iteration number: "
[1] 92
[1] "iteration number: "
[1] 93
[1] "iteration number: "
[1] 94
[1] "iteration number: "
[1] 95
[1] "iteration number: "
[1] 96
[1] "iteration number: "
[1] 97
[1] "RE-INITIALIZING..."
[1] 1
[1] 5
[1] 43
 [1] 1 2 2 2 3 2 2 1 3 2 3 1 2 2 4 3 3 2 2 1
[1] "iteration number: "
[1] 98
[1] "iteration number: "
[1] 99
[1] "iteration number: "
[1] 100
[1] "iteration number: "
[1] 101
[1] "iteration number: "
[1] 102
[1] "Best fitness updated to:"
[1] -59.5738
[1] "Best solution:"
 [1] 0 0 0 0 1 0 1 1 1 0 1 0 0 1 1 1 1 0 0 1 1 0 1 0 0 0 1 1 1 1 0 1 1 1 0 1 0 1
[39] 0 0 0 1 1
[1] 23
[1] "iteration number: "
[1] 103
[1] "iteration number: "
[1] 104
[1] "iteration number: "
[1] 105
[1] "iteration number: "
[1] 106
[1] "iteration number: "
[1] 107
[1] "iteration number: "
[1] 108
[1] "Best fitness updated to:"
[1] -59.99243
[1] "Best solution:"
 [1] 0 1 0 1 0 0 0 1 0 0 0 1 0 0 1 0 1 0 0 1 1 0 1 1 1 0 0 1 1 0 0 1 1 0 1 1 0 0
[39] 0 0 0 1 0
[1] 18
[1] "iteration number: "
[1] 109
[1] "iteration number: "
[1] 110
[1] "iteration number: "
[1] 111
[1] "iteration number: "
[1] 112
[1] "iteration number: "
[1] 113
[1] "iteration number: "
[1] 114
[1] "iteration number: "
[1] 115
[1] "Best fitness updated to:"
[1] -60.28156
[1] "Best solution:"
 [1] 0 0 0 0 1 0 0 1 0 0 1 1 0 1 1 0 1 0 0 1 1 0 1 1 1 0 0 1 1 1 0 1 1 1 1 1 0 1
[39] 0 0 0 1 1
[1] 23
[1] "iteration number: "
[1] 116
[1] "Best fitness updated to:"
[1] -60.99125
[1] "Best solution:"
 [1] 0 0 0 0 1 0 0 1 0 0 1 0 0 0 1 0 1 0 0 1 1 0 1 1 1 0 1 1 1 1 0 1 1 1 1 1 0 1
[39] 0 0 0 1 1
[1] 22
[1] "iteration number: "
[1] 117
[1] "iteration number: "
[1] 118
[1] "iteration number: "
[1] 119
[1] "iteration number: "
[1] 120
[1] "iteration number: "
[1] 121
[1] "iteration number: "
[1] 122
[1] "Best fitness updated to:"
[1] -61.05635
[1] "Best solution:"
 [1] 0 1 0 1 0 0 0 1 0 0 0 1 0 0 1 0 1 0 0 1 1 0 1 1 1 1 1 1 1 1 0 1 1 0 1 1 0 0
[39] 0 0 0 1 0
[1] 21
[1] "iteration number: "
[1] 123
[1] "iteration number: "
[1] 124
[1] "iteration number: "
[1] 125
[1] "iteration number: "
[1] 126
[1] "iteration number: "
[1] 127
[1] "iteration number: "
[1] 128
[1] "iteration number: "
[1] 129
[1] "iteration number: "
[1] 130
[1] "iteration number: "
[1] 131
[1] "iteration number: "
[1] 132
[1] "iteration number: "
[1] 133
[1] "RE-INITIALIZING..."
[1] 1
[1] 5
[1] 41
 [1] 1 2 2 2 3 2 2 1 3 2 3 1 2 2 4 3 3 2 2 1
[1] "iteration number: "
[1] 134
[1] "iteration number: "
[1] 135
[1] "iteration number: "
[1] 136
[1] "iteration number: "
[1] 137
[1] "iteration number: "
[1] 138
[1] "iteration number: "
[1] 139
[1] "iteration number: "
[1] 140
[1] "iteration number: "
[1] 141
[1] "iteration number: "
[1] 142
[1] "iteration number: "
[1] 143
[1] "iteration number: "
[1] 144
[1] "RE-INITIALIZING..."
[1] 2
[1] 5
[1] 41
 [1] 2 3 2 3 3 4 3 4 4 2 1 2 2 4 2 3 4 2 4 1
[1] "iteration number: "
[1] 145
[1] "iteration number: "
[1] 146
[1] "iteration number: "
[1] 147
[1] "iteration number: "
[1] 148
[1] "iteration number: "
[1] 149
[1] "iteration number: "
[1] 150
[1] "iteration number: "
[1] 151
[1] "iteration number: "
[1] 152
[1] "iteration number: "
[1] 153
[1] "iteration number: "
[1] 154
[1] "iteration number: "
[1] 155
[1] "RE-INITIALIZING..."
[1] 3
[1] 5
[1] 41
 [1] 1 2 2 2 3 2 2 1 3 2 3 1 2 2 4 3 3 2 2 1
[1] "iteration number: "
[1] 156
[1] "iteration number: "
[1] 157
[1] "iteration number: "
[1] 158
[1] "iteration number: "
[1] 159
[1] "iteration number: "
[1] 160
[1] "iteration number: "
[1] 161
[1] "iteration number: "
[1] 162
[1] "iteration number: "
[1] 163
[1] "iteration number: "
[1] 164
[1] "iteration number: "
[1] 165
[1] "iteration number: "
[1] 166
[1] "RE-INITIALIZING..."
[1] 4
[1] 5
[1] 41
 [1] 2 3 2 3 3 4 3 4 4 2 1 2 2 4 2 3 4 2 4 1
[1] "iteration number: "
[1] 167
[1] "iteration number: "
[1] 168
[1] "iteration number: "
[1] 169
[1] "iteration number: "
[1] 170
[1] "iteration number: "
[1] 171
[1] "iteration number: "
[1] 172
[1] "iteration number: "
[1] 173
[1] "iteration number: "
[1] 174
[1] "iteration number: "
[1] 175
[1] "iteration number: "
[1] 176
[1] "iteration number: "
[1] 177
[1] "RE-INITIALIZING..."
[1] 5
[1] 5
[1] 40
 [1] 1 2 2 2 3 2 2 1 3 2 3 1 2 2 4 3 3 2 2 1
[1] "iteration number: "
[1] 178
[1] "iteration number: "
[1] 179
[1] "iteration number: "
[1] 180
[1] "iteration number: "
[1] 181
[1] "iteration number: "
[1] 182
[1] "iteration number: "
[1] 183
[1] "iteration number: "
[1] 184
[1] "iteration number: "
[1] 185
[1] "iteration number: "
[1] 186
[1] "iteration number: "
[1] 187
[1] "iteration number: "
[1] 188
[1] "RE-INITIALIZING..."
[1] 6
[1] 5
[1] 40
 [1] 1 2 2 2 3 2 2 1 3 2 3 1 2 2 4 3 3 2 2 1
[1] "iteration number: "
[1] 189
[1] "iteration number: "
[1] 190
[1] "iteration number: "
[1] 191
[1] "iteration number: "
[1] 192
[1] "iteration number: "
[1] 193
[1] "iteration number: "
[1] 194
[1] "iteration number: "
[1] 195
[1] "iteration number: "
[1] 196
[1] "iteration number: "
[1] 197
[1] "iteration number: "
[1] 198
[1] "iteration number: "
[1] 199
[1] "RE-INITIALIZING..."
[1] 7
[1] 5
[1] 40
 [1] 1 2 2 2 3 2 2 1 3 2 3 1 2 2 4 3 3 2 2 1
[1] "iteration number: "
[1] 200
[1] "iteration number: "
[1] 201
[1] "iteration number: "
[1] 202
[1] "iteration number: "
[1] 203
[1] "iteration number: "
[1] 204
[1] "iteration number: "
[1] 205
[1] "iteration number: "
[1] 206
[1] "iteration number: "
[1] 207
[1] "iteration number: "
[1] 208
[1] "iteration number: "
[1] 209
[1] "iteration number: "
[1] 210
[1] "RE-INITIALIZING..."
[1] 8
[1] 5
[1] 40
 [1] 1 2 2 2 3 2 2 1 3 2 3 1 2 2 4 3 3 2 2 1
[1] "No change for 8 iterations. Exiting PSO."
 [1]  2  4  8 12 15 17 20 21 23 24 25 27 28 29 30 32 33 35 36 42
[1] 9
[1] "##################################"
[1] "Results summary for itr:9"
[1] "number of features selected using population mean"
[1] 20
[1] "number of features selected using current global best"
[1] 20
[1] "feat ind length"
[1] 20
[1] "best accuracy"
[1] 61.05635
[1] "test acc:1"
[1] "##################################"
[1] "learning sets: 10"
  [1]  90   6  91  32 109  76  17  15 120 118  45 104  23  49  22  31  83 129
 [19]  29  46 110  13  72  54   8  16  74  94  51  68  89  14  60  33  43   9
 [37]  78  71  98  18  61  11  85  84  58  97  64 119  19   3  96  48  10 128
 [55] 116  52  40   4 121 113  86  69  27  25  99  67 108 107 114  63  79 123
 [73] 102  21  77  81  38  65 112  75  62 127  88 101   7 106   1 111  12  55
 [91] 122 126  95  59  35  28  56 124   2 100  44  36  57  92
[1] "Starting global iteration number : 10"
[1] "iteration number: "
[1] 1
[1] "Best fitness updated to:"
[1] -55.07542
[1] "Best solution:"
 [1] NA NA NA NA NA NA NA NA NA NA NA NA NA NA NA NA NA NA NA NA NA NA NA NA NA
[26] NA NA NA NA NA NA NA NA NA NA NA NA NA NA NA NA NA NA
[1] 0
[1] "iteration number: "
[1] 2
[1] "Best fitness updated to:"
[1] -58.19497
[1] "Best solution:"
 [1] 1 1 0 1 1 0 1 0 0 0 0 1 0 1 1 0 0 1 0 0 0 0 1 1 1 0 0 1 1 1 0 0 1 0 1 0 0 0
[39] 1 0 1 0 1
[1] 20
[1] "iteration number: "
[1] 3
[1] "iteration number: "
[1] 4
[1] "Best fitness updated to:"
[1] -58.26506
[1] "Best solution:"
 [1] 1 0 1 0 1 0 1 1 0 0 0 1 0 1 0 0 1 0 1 1 1 0 1 0 0 1 1 1 1 1 0 0 0 1 1 0 0 0
[39] 1 0 0 0 1
[1] 21
[1] "iteration number: "
[1] 5
[1] "Best fitness updated to:"
[1] -58.32931
[1] "Best solution:"
 [1] 1 1 0 0 1 1 1 1 1 0 0 1 0 1 0 0 1 0 1 1 1 0 1 0 0 1 1 1 1 1 0 0 1 1 1 0 0 0
[39] 1 1 0 0 1
[1] 25
[1] "iteration number: "
[1] 6
[1] "iteration number: "
[1] 7
[1] "iteration number: "
[1] 8
[1] "Best fitness updated to:"
[1] -59.47431
[1] "Best solution:"
 [1] 1 1 0 0 0 0 0 0 0 0 0 0 0 1 0 0 1 0 0 0 1 1 1 0 0 0 1 1 0 0 0 1 0 1 0 0 0 0
[39] 1 0 0 0 0
[1] 12
[1] "iteration number: "
[1] 9
[1] "Best fitness updated to:"
[1] -59.78374
[1] "Best solution:"
 [1] 0 1 0 1 1 1 1 1 0 0 0 1 0 1 0 0 1 1 1 0 1 1 1 0 0 1 1 1 1 0 0 1 1 1 1 0 0 0
[39] 1 1 0 0 1
[1] 25
[1] "iteration number: "
[1] 10
[1] "iteration number: "
[1] 11
[1] "iteration number: "
[1] 12
[1] "iteration number: "
[1] 13
[1] "iteration number: "
[1] 14
[1] "iteration number: "
[1] 15
[1] "iteration number: "
[1] 16
[1] "iteration number: "
[1] 17
[1] "Best fitness updated to:"
[1] -59.84021
[1] "Best solution:"
 [1] 0 1 0 1 1 1 1 0 1 0 1 1 0 1 0 1 1 1 0 0 1 0 1 1 1 0 1 1 1 0 0 1 1 1 0 1 0 1
[39] 0 0 1 0 0
[1] 25
[1] "iteration number: "
[1] 18
[1] "Best fitness updated to:"
[1] -59.87154
[1] "Best solution:"
 [1] 0 1 0 1 1 1 1 0 1 0 1 1 0 1 0 1 1 1 0 0 1 0 1 1 0 0 1 1 1 0 0 1 1 1 0 1 0 1
[39] 0 0 1 0 0
[1] 24
[1] "iteration number: "
[1] 19
[1] "Best fitness updated to:"
[1] -60.15065
[1] "Best solution:"
 [1] 0 1 0 1 1 0 1 0 1 0 1 1 0 1 0 1 1 1 0 0 1 0 1 1 0 0 1 1 1 0 0 1 0 1 1 1 0 1
[39] 0 0 1 0 0
[1] 23
[1] "iteration number: "
[1] 20
[1] "iteration number: "
[1] 21
[1] "iteration number: "
[1] 22
[1] "iteration number: "
[1] 23
[1] "iteration number: "
[1] 24
[1] "iteration number: "
[1] 25
[1] "iteration number: "
[1] 26
[1] "iteration number: "
[1] 27
[1] "iteration number: "
[1] 28
[1] "iteration number: "
[1] 29
[1] "iteration number: "
[1] 30
[1] "RE-INITIALIZING..."
[1] 1
[1] 5
[1] 42
 [1] 1 2 2 2 3 2 2 1 3 2 3 1 2 2 4 3 3 2 2 1
[1] "iteration number: "
[1] 31
[1] "iteration number: "
[1] 32
[1] "iteration number: "
[1] 33
[1] "iteration number: "
[1] 34
[1] "iteration number: "
[1] 35
[1] "iteration number: "
[1] 36
[1] "Best fitness updated to:"
[1] -60.365
[1] "Best solution:"
 [1] 1 1 0 1 1 0 1 0 1 0 1 0 0 1 0 1 1 0 0 0 1 1 1 0 0 0 1 0 1 0 0 1 1 1 0 1 0 0
[39] 0 0 1 0 0
[1] 20
[1] "iteration number: "
[1] 37
[1] "iteration number: "
[1] 38
[1] "Best fitness updated to:"
[1] -60.89115
[1] "Best solution:"
 [1] 1 1 0 0 0 1 0 0 0 0 0 0 1 0 0 1 1 0 0 0 0 0 1 0 0 0 1 1 0 0 0 1 0 1 0 1 0 0
[39] 0 0 0 0 0
[1] 12
[1] "iteration number: "
[1] 39
[1] "iteration number: "
[1] 40
[1] "iteration number: "
[1] 41
[1] "iteration number: "
[1] 42
[1] "iteration number: "
[1] 43
[1] "iteration number: "
[1] 44
[1] "iteration number: "
[1] 45
[1] "iteration number: "
[1] 46
[1] "iteration number: "
[1] 47
[1] "iteration number: "
[1] 48
[1] "iteration number: "
[1] 49
[1] "RE-INITIALIZING..."
[1] 1
[1] 5
[1] 43
 [1] 1 2 2 2 3 2 2 1 3 2 3 1 2 2 4 3 3 2 2 1
[1] "iteration number: "
[1] 50
[1] "iteration number: "
[1] 51
[1] "iteration number: "
[1] 52
[1] "iteration number: "
[1] 53
[1] "iteration number: "
[1] 54
[1] "iteration number: "
[1] 55
[1] "iteration number: "
[1] 56
[1] "iteration number: "
[1] 57
[1] "iteration number: "
[1] 58
[1] "iteration number: "
[1] 59
[1] "iteration number: "
[1] 60
[1] "RE-INITIALIZING..."
[1] 2
[1] 5
[1] 41
 [1] 1 2 2 2 3 2 2 1 3 2 3 1 2 2 4 3 3 2 2 1
[1] "iteration number: "
[1] 61
[1] "iteration number: "
[1] 62
[1] "iteration number: "
[1] 63
[1] "iteration number: "
[1] 64
[1] "iteration number: "
[1] 65
[1] "iteration number: "
[1] 66
[1] "iteration number: "
[1] 67
[1] "Best fitness updated to:"
[1] -62.11661
[1] "Best solution:"
 [1] 0 1 0 1 1 0 1 0 1 0 1 1 0 1 0 1 1 1 0 0 1 0 1 1 0 0 1 1 1 0 0 0 0 1 1 1 0 1
[39] 0 0 1 0 1
[1] 23
[1] "iteration number: "
[1] 68
[1] "iteration number: "
[1] 69
[1] "iteration number: "
[1] 70
[1] "iteration number: "
[1] 71
[1] "iteration number: "
[1] 72
[1] "iteration number: "
[1] 73
[1] "Best fitness updated to:"
[1] -62.4386
[1] "Best solution:"
 [1] 0 1 0 1 1 0 1 1 1 0 0 1 0 1 0 1 1 1 1 0 1 0 1 1 0 0 1 1 1 0 1 1 1 1 0 1 0 1
[39] 1 0 1 0 0
[1] 26
[1] "iteration number: "
[1] 74
[1] "iteration number: "
[1] 75
[1] "iteration number: "
[1] 76
[1] "iteration number: "
[1] 77
[1] "iteration number: "
[1] 78
[1] "iteration number: "
[1] 79
[1] "iteration number: "
[1] 80
[1] "iteration number: "
[1] 81
[1] "iteration number: "
[1] 82
[1] "iteration number: "
[1] 83
[1] "iteration number: "
[1] 84
[1] "RE-INITIALIZING..."
[1] 1
[1] 5
[1] 39
 [1] 1 2 2 2 3 2 2 1 3 2 3 1 2 2 4 3 3 2 2 1
[1] "iteration number: "
[1] 85
[1] "iteration number: "
[1] 86
[1] "iteration number: "
[1] 87
[1] "iteration number: "
[1] 88
[1] "iteration number: "
[1] 89
[1] "iteration number: "
[1] 90
[1] "iteration number: "
[1] 91
[1] "iteration number: "
[1] 92
[1] "iteration number: "
[1] 93
[1] "iteration number: "
[1] 94
[1] "iteration number: "
[1] 95
[1] "RE-INITIALIZING..."
[1] 2
[1] 5
[1] 38
 [1] 1 2 2 2 3 2 2 1 3 2 3 1 2 2 4 3 3 2 2 1
[1] "iteration number: "
[1] 96
[1] "iteration number: "
[1] 97
[1] "iteration number: "
[1] 98
[1] "iteration number: "
[1] 99
[1] "iteration number: "
[1] 100
[1] "iteration number: "
[1] 101
[1] "Best fitness updated to:"
[1] -62.6955
[1] "Best solution:"
 [1] 1 1 0 1 1 0 1 1 0 0 0 1 0 1 1 1 1 1 1 0 1 0 1 1 0 0 1 0 1 0 1 1 1 1 0 1 0 1
[39] 1 0 1 0 0
[1] 26
[1] "iteration number: "
[1] 102
[1] "iteration number: "
[1] 103
[1] "iteration number: "
[1] 104
[1] "iteration number: "
[1] 105
[1] "iteration number: "
[1] 106
[1] "iteration number: "
[1] 107
[1] "iteration number: "
[1] 108
[1] "iteration number: "
[1] 109
[1] "iteration number: "
[1] 110
[1] "iteration number: "
[1] 111
[1] "iteration number: "
[1] 112
[1] "RE-INITIALIZING..."
[1] 1
[1] 5
[1] 36
 [1] 1 2 2 2 3 2 2 1 3 2 3 1 2 2 4 3 3 2 2 1
[1] "iteration number: "
[1] 113
[1] "iteration number: "
[1] 114
[1] "iteration number: "
[1] 115
[1] "iteration number: "
[1] 116
[1] "iteration number: "
[1] 117
[1] "iteration number: "
[1] 118
[1] "iteration number: "
[1] 119
[1] "iteration number: "
[1] 120
[1] "iteration number: "
[1] 121
[1] "iteration number: "
[1] 122
[1] "iteration number: "
[1] 123
[1] "RE-INITIALIZING..."
[1] 2
[1] 5
[1] 36
 [1] 1 2 2 2 3 2 2 1 3 2 3 1 2 2 4 3 3 2 2 1
[1] "iteration number: "
[1] 124
[1] "iteration number: "
[1] 125
[1] "iteration number: "
[1] 126
[1] "iteration number: "
[1] 127
[1] "iteration number: "
[1] 128
[1] "iteration number: "
[1] 129
[1] "iteration number: "
[1] 130
[1] "iteration number: "
[1] 131
[1] "iteration number: "
[1] 132
[1] "iteration number: "
[1] 133
[1] "iteration number: "
[1] 134
[1] "RE-INITIALIZING..."
[1] 3
[1] 5
[1] 36
 [1] 1 2 2 2 3 2 2 1 3 2 3 1 2 2 4 3 3 2 2 1
[1] "iteration number: "
[1] 135
[1] "iteration number: "
[1] 136
[1] "iteration number: "
[1] 137
[1] "Best fitness updated to:"
[1] -62.83507
[1] "Best solution:"
 [1] 0 1 0 1 1 0 1 1 1 0 1 1 0 1 0 1 1 1 1 0 1 0 1 1 0 0 0 1 1 0 1 1 1 1 0 1 0 1
[39] 1 0 1 0 0
[1] 26
[1] "iteration number: "
[1] 138
[1] "iteration number: "
[1] 139
[1] "iteration number: "
[1] 140
[1] "iteration number: "
[1] 141
[1] "iteration number: "
[1] 142
[1] "iteration number: "
[1] 143
[1] "iteration number: "
[1] 144
[1] "iteration number: "
[1] 145
[1] "iteration number: "
[1] 146
[1] "iteration number: "
[1] 147
[1] "iteration number: "
[1] 148
[1] "RE-INITIALIZING..."
[1] 1
[1] 5
[1] 35
 [1] 1 2 2 2 3 2 2 1 3 2 3 1 2 2 4 3 3 2 2 1
[1] "iteration number: "
[1] 149
[1] "iteration number: "
[1] 150
[1] "iteration number: "
[1] 151
[1] "iteration number: "
[1] 152
[1] "iteration number: "
[1] 153
[1] "iteration number: "
[1] 154
[1] "iteration number: "
[1] 155
[1] "iteration number: "
[1] 156
[1] "iteration number: "
[1] 157
[1] "iteration number: "
[1] 158
[1] "iteration number: "
[1] 159
[1] "RE-INITIALIZING..."
[1] 2
[1] 5
[1] 35
 [1] 1 2 2 2 3 2 2 1 3 2 3 1 2 2 4 3 3 2 2 1
[1] "iteration number: "
[1] 160
[1] "iteration number: "
[1] 161
[1] "iteration number: "
[1] 162
[1] "iteration number: "
[1] 163
[1] "iteration number: "
[1] 164
[1] "iteration number: "
[1] 165
[1] "iteration number: "
[1] 166
[1] "iteration number: "
[1] 167
[1] "iteration number: "
[1] 168
[1] "iteration number: "
[1] 169
[1] "iteration number: "
[1] 170
[1] "RE-INITIALIZING..."
[1] 3
[1] 5
[1] 35
 [1] 1 2 2 2 3 2 2 1 3 2 3 1 2 2 4 3 3 2 2 1
[1] "iteration number: "
[1] 171
[1] "iteration number: "
[1] 172
[1] "iteration number: "
[1] 173
[1] "iteration number: "
[1] 174
[1] "iteration number: "
[1] 175
[1] "iteration number: "
[1] 176
[1] "Best fitness updated to:"
[1] -63.17095
[1] "Best solution:"
 [1] 0 1 0 0 1 0 1 1 1 0 1 1 0 1 0 1 1 0 1 0 1 0 1 1 0 0 0 1 1 0 0 1 1 1 0 1 0 0
[39] 1 0 1 0 0
[1] 22
[1] "iteration number: "
[1] 177
[1] "iteration number: "
[1] 178
[1] "iteration number: "
[1] 179
[1] "iteration number: "
[1] 180
[1] "iteration number: "
[1] 181
[1] "iteration number: "
[1] 182
[1] "iteration number: "
[1] 183
[1] "iteration number: "
[1] 184
[1] "iteration number: "
[1] 185
[1] "iteration number: "
[1] 186
[1] "iteration number: "
[1] 187
[1] "RE-INITIALIZING..."
[1] 1
[1] 5
[1] 36
 [1] 1 2 2 2 3 2 2 1 3 2 3 1 2 2 4 3 3 2 2 1
[1] "iteration number: "
[1] 188
[1] "iteration number: "
[1] 189
[1] "iteration number: "
[1] 190
[1] "iteration number: "
[1] 191
[1] "iteration number: "
[1] 192
[1] "iteration number: "
[1] 193
[1] "iteration number: "
[1] 194
[1] "iteration number: "
[1] 195
[1] "iteration number: "
[1] 196
[1] "iteration number: "
[1] 197
[1] "iteration number: "
[1] 198
[1] "RE-INITIALIZING..."
[1] 2
[1] 5
[1] 34
 [1] 2 3 2 3 3 4 3 4 4 2 1 2 2 4 2 3 4 2 4 1
[1] "iteration number: "
[1] 199
[1] "iteration number: "
[1] 200
[1] "iteration number: "
[1] 201
[1] "iteration number: "
[1] 202
[1] "iteration number: "
[1] 203
[1] "iteration number: "
[1] 204
[1] "iteration number: "
[1] 205
[1] "iteration number: "
[1] 206
[1] "iteration number: "
[1] 207
[1] "iteration number: "
[1] 208
[1] "iteration number: "
[1] 209
[1] "RE-INITIALIZING..."
[1] 3
[1] 5
[1] 34
 [1] 1 2 2 2 3 2 2 1 3 2 3 1 2 2 4 3 3 2 2 1
[1] "iteration number: "
[1] 210
[1] "iteration number: "
[1] 211
[1] "iteration number: "
[1] 212
[1] "iteration number: "
[1] 213
[1] "iteration number: "
[1] 214
[1] "iteration number: "
[1] 215
[1] "iteration number: "
[1] 216
[1] "iteration number: "
[1] 217
[1] "iteration number: "
[1] 218
[1] "iteration number: "
[1] 219
[1] "iteration number: "
[1] 220
[1] "RE-INITIALIZING..."
[1] 4
[1] 5
[1] 32
 [1] 1 2 2 2 3 2 2 1 3 2 3 1 2 2 4 3 3 2 2 1
[1] "iteration number: "
[1] 221
[1] "iteration number: "
[1] 222
[1] "iteration number: "
[1] 223
[1] "iteration number: "
[1] 224
[1] "iteration number: "
[1] 225
[1] "iteration number: "
[1] 226
[1] "iteration number: "
[1] 227
[1] "iteration number: "
[1] 228
[1] "iteration number: "
[1] 229
[1] "iteration number: "
[1] 230
[1] "iteration number: "
[1] 231
[1] "RE-INITIALIZING..."
[1] 5
[1] 5
[1] 34
 [1] 2 3 2 3 3 4 3 4 4 2 1 2 2 4 2 3 4 2 4 1
[1] "iteration number: "
[1] 232
[1] "iteration number: "
[1] 233
[1] "iteration number: "
[1] 234
[1] "iteration number: "
[1] 235
[1] "iteration number: "
[1] 236
[1] "iteration number: "
[1] 237
[1] "iteration number: "
[1] 238
[1] "iteration number: "
[1] 239
[1] "iteration number: "
[1] 240
[1] "iteration number: "
[1] 241
[1] "iteration number: "
[1] 242
[1] "RE-INITIALIZING..."
[1] 6
[1] 5
[1] 33
 [1] 1 2 2 2 3 2 2 1 3 2 3 1 2 2 4 3 3 2 2 1
[1] "iteration number: "
[1] 243
[1] "iteration number: "
[1] 244
[1] "iteration number: "
[1] 245
[1] "iteration number: "
[1] 246
[1] "iteration number: "
[1] 247
[1] "iteration number: "
[1] 248
[1] "iteration number: "
[1] 249
[1] "iteration number: "
[1] 250
[1] "iteration number: "
[1] 251
[1] "iteration number: "
[1] 252
[1] "iteration number: "
[1] 253
[1] "RE-INITIALIZING..."
[1] 7
[1] 5
[1] 32
 [1] 1 2 2 2 3 2 2 1 3 2 3 1 2 2 4 3 3 2 2 1
[1] "iteration number: "
[1] 254
[1] "iteration number: "
[1] 255
[1] "iteration number: "
[1] 256
[1] "iteration number: "
[1] 257
[1] "iteration number: "
[1] 258
[1] "iteration number: "
[1] 259
[1] "iteration number: "
[1] 260
[1] "iteration number: "
[1] 261
[1] "iteration number: "
[1] 262
[1] "iteration number: "
[1] 263
[1] "iteration number: "
[1] 264
[1] "RE-INITIALIZING..."
[1] 8
[1] 5
[1] 32
 [1] 1 2 2 2 3 2 2 1 3 2 3 1 2 2 4 3 3 2 2 1
[1] "No change for 8 iterations. Exiting PSO."
 [1]  2  5  7  8  9 11 12 14 16 17 19 21 23 24 28 29 32 33 34 36 39 41
[1] 10
[1] "##################################"
[1] "Results summary for itr:10"
[1] "number of features selected using population mean"
[1] 22
[1] "number of features selected using current global best"
[1] 22
[1] "feat ind length"
[1] 22
[1] "best accuracy"
[1] 63.17095
[1] "test acc:0.961538461538462"
[1] "##################################"
[1] "testacc"
 [1] 0.9615385 1.0000000 1.0000000 1.0000000 1.0000000 0.9615385 0.9615385
 [8] 1.0000000 1.0000000 0.9615385
[1] 0.9846154
   Min. 1st Qu.  Median    Mean 3rd Qu.    Max. 
 0.9615  0.9615  1.0000  0.9846  1.0000  1.0000 
[1] 0.01986145
      [,1] [,2] [,3] [,4] [,5] [,6] [,7] [,8] [,9] [,10]
 [1,]    0    0    1    0    0    1    0    1    0     0
 [2,]    1    1    1    1    1    1    1    1    1     1
 [3,]    1    0    1    0    0    0    1    0    0     0
 [4,]    1    0    0    0    0    0    1    1    1     0
 [5,]    0    0    1    1    1    0    0    1    0     1
 [6,]    1    0    1    1    1    1    0    1    0     0
 [7,]    1    1    1    0    0    1    1    1    0     1
 [8,]    1    1    1    0    0    1    0    0    1     1
 [9,]    1    0    0    0    1    1    1    1    0     1
[10,]    1    0    0    0    0    0    0    1    0     0
[11,]    0    0    0    0    0    0    0    0    0     1
[12,]    1    0    0    1    0    0    0    0    1     1
[13,]    0    1    1    0    1    1    1    0    0     0
[14,]    0    0    1    0    0    0    1    1    0     1
[15,]    0    0    0    0    0    1    0    0    1     0
[16,]    0    1    0    0    0    1    0    1    0     1
[17,]    0    1    1    1    1    1    1    1    1     1
[18,]    0    0    0    0    0    1    0    1    0     0
[19,]    1    1    1    0    1    1    0    0    0     1
[20,]    0    1    1    0    0    1    0    0    1     0
[21,]    1    1    0    0    0    1    1    1    1     1
[22,]    1    0    1    1    1    0    0    0    0     0
[23,]    1    1    1    1    1    1    1    1    1     1
[24,]    1    1    1    1    0    0    1    1    1     1
[25,]    1    0    0    1    0    0    1    1    1     0
[26,]    1    1    1    0    0    1    1    1    0     0
[27,]    1    1    1    1    1    1    0    1    1     0
[28,]    1    1    1    1    0    1    0    1    1     1
[29,]    1    1    0    0    0    1    1    1    1     1
[30,]    1    1    1    0    0    0    1    0    1     0
[31,]    1    0    0    0    0    0    0    1    0     0
[32,]    1    0    0    0    0    1    1    0    1     1
[33,]    1    0    1    1    0    1    0    1    1     1
[34,]    0    1    1    1    1    0    1    0    0     1
[35,]    1    0    1    1    1    0    1    0    1     0
[36,]    1    0    0    1    0    1    1    1    1     1
[37,]    1    0    0    0    0    1    0    1    0     0
[38,]    1    0    0    1    0    0    1    1    0     0
[39,]    1    1    1    0    1    1    1    0    0     1
[40,]    1    0    1    0    0    1    1    0    0     0
[41,]    1    0    1    0    0    1    0    1    0     1
[42,]    0    1    0    0    1    0    0    0    1     0
[43,]    1    1    1    0    0    1    1    0    0     0
[1] "dim of scoring matrix is "
[1] 43 10
[1] "DS index stage 2"
[1] 0.5597177
[1] "KI index stage 2"
[1] -Inf
[1] 1
   Min. 1st Qu.  Median    Mean 3rd Qu.    Max. 
  1.000   4.000   5.000   5.233   7.000  10.000 
[1] "Number of features selected in 1 iterations:"
[1] 43
[1] "Number of features selected in 1 iterations:"
[1] 43
[1] 0.98 1.00
[1] 0.98 1.00
[1] "accuracy: 96.2234786399906 num_feat:43 fitness:52.3451140183156"
$fitfunc
[1] -52.34511

$cverror
[1] 96.22348

$cvpermerror
[1] 62.24642

$testacc
[1] 99

$reverseacc
[1] 99

[1] -52.34511
[1] "Number of features selected in 2 iterations:"
[1] 42
[1] 0.98 1.00
[1] 0.98 1.00
[1] "accuracy: 96.2234786399906 num_feat:42 fitness:52.0448394107642"
$fitfunc
[1] -52.04484

$cverror
[1] 96.22348

$cvpermerror
[1] 62.70861

$testacc
[1] 99

$reverseacc
[1] 99

[1] -52.04484
[1] "Number of features selected in 3 iterations:"
[1] 38
[1] 0.96 1.00
[1] 0.96 1.00
[1] "accuracy: 96.7695765889422 num_feat:38 fitness:51.3583101277501"
$fitfunc
[1] -51.35831

$cverror
[1] 96.76958

$cvpermerror
[1] 64.33593

$testacc
[1] 99

$reverseacc
[1] 98

[1] -51.35831
[1] "Number of features selected in 4 iterations:"
[1] 34
[1] 0.94 1.00
[1] 0.94 1.00
[1] "accuracy: 96.2234786399906 num_feat:34 fitness:49.278653291483"
$fitfunc
[1] -49.27865

$cverror
[1] 96.22348

$cvpermerror
[1] 66.60465

$testacc
[1] 98.375

$reverseacc
[1] 97

[1] -49.27865
[1] "Number of features selected in 5 iterations:"
[1] 26
[1] 0.94 1.00
[1] 0.94 1.00
[1] "accuracy: 96.9732485087735 num_feat:26 fitness:58.5039461113922"
$fitfunc
[1] -58.50395

$cverror
[1] 96.97325

$cvpermerror
[1] 54.49477

$testacc
[1] 98.375

$reverseacc
[1] 97

[1] -58.50395
[1] "Number of features selected in 6 iterations:"
[1] 19
[1] 0.96 1.00
[1] 0.96 1.00
[1] "accuracy: 96.6338650362651 num_feat:19 fitness:52.1424530643734"
$fitfunc
[1] -52.14245

$cverror
[1] 96.63387

$cvpermerror
[1] 63.52298

$testacc
[1] 98.375

$reverseacc
[1] 98

[1] -52.14245
[1] "Number of features selected in 7 iterations:"
[1] 12
[1] 0.96 1.00
[1] 0.96 1.00
[1] "accuracy: 96.3207337590525 num_feat:12 fitness:55.0852572852381"
$fitfunc
[1] -55.08526

$cverror
[1] 96.32073

$cvpermerror
[1] 59.21603

$testacc
[1] 98.375

$reverseacc
[1] 98

[1] -55.08526
[1] "Number of features selected in 8 iterations:"
[1] 6
[1] 0.920 0.975
[1] 0.920 0.975
[1] "accuracy: 84.312578593696 num_feat:6 fitness:50.1603752175779"
$fitfunc
[1] -50.16038

$cverror
[1] 84.31258

$cvpermerror
[1] 52.42432

$testacc
[1] 95.125

$reverseacc
[1] 94.75

[1] -50.16038
[1] "Number of features selected in 9 iterations:"
[1] 3
[1] 0.7600 0.8625
[1] 0.7600 0.8625
[1] "accuracy: 73.502388385602 num_feat:3 fitness:40.4210138758056"
$fitfunc
[1] -40.42101

$cverror
[1] 73.50239

$cvpermerror
[1] 50.56037

$testacc
[1] 83.5

$reverseacc
[1] 81.125

[1] -40.42101
[1] "Number of features selected in 10 iterations:"
[1] 2
[1] "accuracy: 1 num_feat:2 fitness:-100"
$fitfunc
[1] 100

$cverror
[1] 1

$cvpermerror
[1] 100

$testacc
[1] 1

$reverseacc
[1] 1

[1] 100
   Min. 1st Qu.  Median    Mean 3rd Qu.    Max. 
 0.9615  0.9615  1.0000  0.9846  1.0000  1.0000 
[1] "Number of features selected in 5 iterations:"
[1] 26
[1] "Modified train 10 fold accuracy using train data is "
[1] 98.46154
[1] "Modified train accuracy is "
[1] 0.9846154
[1] "train confusion matrix is "
          trainclass
pred_train  1  2
         1 49  1
         2  1 79
[1] "Train dimension is "
[1] 130  26
[1] "Test dimension is "
[1] 100  26
[1] "Test confusion matrix is "
    
pred  1  2
   1 33  6
   2  6 55
[1] "Test acc is "
[1] 0.88
[1] "train 10 fold"
[1] 97.69231
[1] "Test confusion matrix is "
    
pred  1  2
   1 33  6
   2  6 55
[1] "Test acc is "
[1] 0.88
[1] "Test AUC:"
[1] 0.8738966
[1] "Train acc is "
[1] 0.9846154
[1] "# of features after CMA:"
NULL
[1] "# of features after PSO:"
[1] 130  27
     user    system   elapsed 
  298.994    18.209 18424.649 
There were 50 or more warnings (use warnings() to see the first 50)
> 
> 
> 
> feat_ind<-psores$bestfeatlist
> feat_names<-psores$bestfeatnames
> 
> scoringmatrix<-as.data.frame(psores$scoringmatrix)
> print(scoringmatrix)
   V1 V2 V3 V4 V5 V6 V7 V8 V9 V10
1   0  0  1  0  0  1  0  1  0   0
2   1  1  1  1  1  1  1  1  1   1
3   1  0  1  0  0  0  1  0  0   0
4   1  0  0  0  0  0  1  1  1   0
5   0  0  1  1  1  0  0  1  0   1
6   1  0  1  1  1  1  0  1  0   0
7   1  1  1  0  0  1  1  1  0   1
8   1  1  1  0  0  1  0  0  1   1
9   1  0  0  0  1  1  1  1  0   1
10  1  0  0  0  0  0  0  1  0   0
11  0  0  0  0  0  0  0  0  0   1
12  1  0  0  1  0  0  0  0  1   1
13  0  1  1  0  1  1  1  0  0   0
14  0  0  1  0  0  0  1  1  0   1
15  0  0  0  0  0  1  0  0  1   0
16  0  1  0  0  0  1  0  1  0   1
17  0  1  1  1  1  1  1  1  1   1
18  0  0  0  0  0  1  0  1  0   0
19  1  1  1  0  1  1  0  0  0   1
20  0  1  1  0  0  1  0  0  1   0
21  1  1  0  0  0  1  1  1  1   1
22  1  0  1  1  1  0  0  0  0   0
23  1  1  1  1  1  1  1  1  1   1
24  1  1  1  1  0  0  1  1  1   1
25  1  0  0  1  0  0  1  1  1   0
26  1  1  1  0  0  1  1  1  0   0
27  1  1  1  1  1  1  0  1  1   0
28  1  1  1  1  0  1  0  1  1   1
29  1  1  0  0  0  1  1  1  1   1
30  1  1  1  0  0  0  1  0  1   0
31  1  0  0  0  0  0  0  1  0   0
32  1  0  0  0  0  1  1  0  1   1
33  1  0  1  1  0  1  0  1  1   1
34  0  1  1  1  1  0  1  0  0   1
35  1  0  1  1  1  0  1  0  1   0
36  1  0  0  1  0  1  1  1  1   1
37  1  0  0  0  0  1  0  1  0   0
38  1  0  0  1  0  0  1  1  0   0
39  1  1  1  0  1  1  1  0  0   1
40  1  0  1  0  0  1  1  0  0   0
41  1  0  1  0  0  1  0  1  0   1
42  0  1  0  0  1  0  0  0  1   0
43  1  1  1  0  0  1  1  0  0   0
> print(feat_names[feat_ind])
 [1] "1053_at"     "1255_g_at"   "1294_at"     "1316_at"     "1320_at"    
 [6] "201983_s_at" "203628_at"   "205029_s_at" "205440_s_at" "206754_s_at"
[11] "207626_s_at" "209173_at"   "209443_at"   "209602_s_at" "209603_at"  
[16] "209604_s_at" "209791_at"   "210096_at"   "211000_s_at" "212219_at"  
[21] "212956_at"   "212960_at"   "213201_s_at" "215729_s_at" "217528_at"  
[26] "39549_at"   
> 
> save(psores,file="psores.Rda")
> print("Complete")
[1] "Complete"
> 
