
R version 3.2.2 (2015-08-14) -- "Fire Safety"
Copyright (C) 2015 The R Foundation for Statistical Computing
Platform: x86_64-apple-darwin13.4.0 (64-bit)

R is free software and comes with ABSOLUTELY NO WARRANTY.
You are welcome to redistribute it under certain conditions.
Type 'license()' or 'licence()' for distribution details.

  Natural language support but running in an English locale

R is a collaborative project with many contributors.
Type 'contributors()' for more information and
'citation()' on how to cite R or R packages in publications.

Type 'demo()' for some demos, 'help()' for on-line help, or
'help.start()' for an HTML browser interface to help.
Type 'q()' to quit R.

> 
> #.libPaths("/home/kuppal3/karan_libs/Rlibs")
> library(snow)
Warning message:
package ‘snow’ was built under R version 3.2.5 
> library(e1071)
Warning message:
package ‘e1071’ was built under R version 3.2.5 
> library(yaImpute)

Attaching package: ‘yaImpute’

The following object is masked from ‘package:e1071’:

    impute

> library(pROC)
Type 'citation("pROC")' for a citation.

Attaching package: ‘pROC’

The following objects are masked from ‘package:stats’:

    cov, smooth, var

Warning message:
package ‘pROC’ was built under R version 3.2.5 
> library(bioDist)
Loading required package: Biobase
Loading required package: BiocGenerics
Loading required package: parallel

Attaching package: ‘parallel’

The following objects are masked from ‘package:snow’:

    clusterApply, clusterApplyLB, clusterCall, clusterEvalQ,
    clusterExport, clusterMap, clusterSplit, makeCluster, parApply,
    parCapply, parLapply, parRapply, parSapply, splitIndices,
    stopCluster


Attaching package: ‘BiocGenerics’

The following objects are masked from ‘package:parallel’:

    clusterApply, clusterApplyLB, clusterCall, clusterEvalQ,
    clusterExport, clusterMap, parApply, parCapply, parLapply,
    parLapplyLB, parRapply, parSapply, parSapplyLB

The following objects are masked from ‘package:snow’:

    clusterApply, clusterApplyLB, clusterCall, clusterEvalQ,
    clusterExport, clusterMap, parApply, parCapply, parLapply,
    parRapply, parSapply

The following objects are masked from ‘package:stats’:

    IQR, mad, xtabs

The following objects are masked from ‘package:base’:

    anyDuplicated, append, as.data.frame, as.vector, cbind, colnames,
    do.call, duplicated, eval, evalq, Filter, Find, get, grep, grepl,
    intersect, is.unsorted, lapply, lengths, Map, mapply, match, mget,
    order, paste, pmax, pmax.int, pmin, pmin.int, Position, rank,
    rbind, Reduce, rownames, sapply, setdiff, sort, table, tapply,
    union, unique, unlist, unsplit

Welcome to Bioconductor

    Vignettes contain introductory material; view with
    'browseVignettes()'. To cite Bioconductor, see
    'citation("Biobase")', and for packages 'citation("pkgname")'.

Loading required package: KernSmooth
KernSmooth 2.23 loaded
Copyright M. P. Wand 1997-2009
> #library(CMA, lib="/home/kuppal3/karan_libs/Rlibs/")
> library(RankAggreg)
Warning message:
package ‘RankAggreg’ was built under R version 3.2.5 
> library(CMA)

Attaching package: ‘CMA’

The following object is masked from ‘package:pROC’:

    roc

The following object is masked from ‘package:e1071’:

    tune

Warning message:
package ‘CMA’ was built under R version 3.2.4 
> library(expm)
Loading required package: Matrix

Attaching package: ‘expm’

The following object is masked from ‘package:Matrix’:

    expm

Warning messages:
1: package ‘expm’ was built under R version 3.2.5 
2: package ‘Matrix’ was built under R version 3.2.5 
> 
> cl<-makeCluster(1)
> 
> 
> args<-commandArgs(trailingOnly=TRUE)
> 
> dirloc<-"/Users/karanuppal/Documents/Gatech/Projects/Algorithms/TwostagePSO/"
> #sname<-paste("/home/stu/kuppal3/Research/Feature_selection/Rcode/versionnov2014/OCFS_",args[9],".R",sep="")
> 
> sname<-paste(dirloc,"version2017/OCFS_",args[9],".R",sep="")
> source(sname)
> 
> outloc<-paste(dirloc,"/Datasets/MAQCII_BreastCancer/OCFSvmay2415_MAQCER",args[9],"/",sep="")
> 
> 
> sname<-paste(dirloc,"Datasets/MAQCII_BreastCancer/MaqcIIbr.Rda",sep="")
> load(sname)
> 
> trainm<-MaqcIIbr$trainx
> testm<-MaqcIIbr$testx
> trainclass<-MaqcIIbr$trainER #PCRvsRD
> testclass<-MaqcIIbr$testER #PCRvsRD
> 
> trainm<-trainm[,-c(22284)]
> testm<-testm[,-c(22284)]
> trainm<-apply(trainm,2,as.numeric)
> testm<-apply(testm,2,as.numeric)
> 
> trainm<-cbind(trainclass,trainm)
> testm<-cbind(testclass,testm)
> 
> trainm<-na.omit(trainm)
> testm<-na.omit(testm)
> 
> dir.create(outloc)
Warning message:
In dir.create(outloc) :
  '/Users/karanuppal/Documents/Gatech/Projects/Algorithms/TwostagePSO//Datasets/MAQCII_BreastCancer/OCFSvmay2415_MAQCERvmarch62018_v3' already exists
> setwd(outloc)
> 
> 
> trainm<-as.matrix(trainm)
> testm<-as.matrix(testm)
> trainclass<-trainm[,1] #CMAres$modtrainclass
> testclass<-testm[,1] #CMAres$modtestclass
> trainm<-trainm[,-c(1)] #CMAres$modtrainmata
> testm<-testm[,-c(1)] #CMAres$modtestmata
> 
> #a: Confusions
> #b: Neighbors
> #c: Global
> #d: Death
> 
> a<-c(0.25,0.25,0.25,0.25)
> b<-c(0.3,0.1,0.4,0.1)
> c<-c(0.25,0.25,0.5,0)
> d<-c(0.9,0.1,0,0.1)
> 
> a<-c(0,0.4,0.1,0.5)
> b<-c(0.3,0.1,0.4,0.1)
> c<-c(0,0.5,0.5,0)
> d<-c(0.9,0.1,0,0)
> 
> a<-c(0,0.4,0.1,0.5)
> b<-c(0.2,0.3,0.4,0.1)
> c<-c(0,0.4,0.4,0.2)
> d<-c(0.9,0.1,0,0)
> 
> transition_matrix<-rbind(a,b,c,d)
> 
> 
> dir.create(outloc)
Warning message:
In dir.create(outloc) :
  '/Users/karanuppal/Documents/Gatech/Projects/Algorithms/TwostagePSO//Datasets/MAQCII_BreastCancer/OCFSvmay2415_MAQCERvmarch62018_v3' already exists
> setwd(outloc)
> temp2=t(trainm)
> temp2=apply(temp2, 2, function(x){which(x=="MD")})
> temp2=unlist(temp2)
> temp2=unique(temp2)
> if(length(temp2)>1)
+ {
+ 	trainm=trainm[,-c(temp2)]
+ 
+ 	rm(temp2)
+ }
> 
> boostweight=rep(0,dim(trainm)[2])
> 
> print("max num")
[1] "max num"
> print(as.numeric(args[10]))
[1] 5
> 
> #if(FALSE)
> {
+ CMAres<-performCMA(trainm, trainclass, testm, testclass,outloc,
+ maxnum=as.numeric(args[10]),
+ minnum=3,
+ stepitr=1,
+ gsmethods=c("limma"), #"lasso","elasticnet","kruskal.test"), #"f.test", "f.test", "elasticnet", "wilcox.test", "welch.test"),
+ pct_train=0.40,
+ accuracyweight=1,
+ featweight=0.06,
+ minpresent=1,
+ kname="radial",
+ norm_method="none",
+ tolerance=0.5,
+ maxitrs=5,
+ classindex=1,
+ numfacts=0,
+ evalmethod="CV",
+ numfolds=10,
+ CVfoldthresh=0.7,
+ varselmethod=args[11],
+ scheme_val="one-vs-all",
+ iter_learn=1,boostweight=rep(0,dim(trainm)[2]))
+ 
+ 
+ CMAres<-performCMA(trainm, trainclass, testm, testclass,outloc,
+ maxnum=as.numeric(args[10]),
+ minnum=3,
+ stepitr=1,
+ gsmethods=c("lasso"), #"lasso","elasticnet","kruskal.test"), #"f.test", "f.test", "elasticnet", "wilcox.test", "welch.test"),
+ pct_train=0.40,
+ accuracyweight=1,
+ featweight=0.06,
+ minpresent=1,
+ kname="radial",
+ norm_method="none",
+ tolerance=0.5,
+ maxitrs=5,
+ classindex=1,
+ numfacts=0,
+ evalmethod="CV",
+ numfolds=10,
+ CVfoldthresh=0.7,
+ varselmethod=args[11],
+ scheme_val="one-vs-all",
+ iter_learn=1,boostweight=rep(0,dim(trainm)[2]))
+ 
+ CMAres<-performCMA(trainm, trainclass, testm, testclass,outloc,
+ maxnum=as.numeric(args[10]),
+ minnum=3,
+ stepitr=1,
+ gsmethods=c("rfe"), #"lasso","elasticnet","kruskal.test"), #"f.test", "f.test", "elasticnet", "wilcox.test", "welch.test"),
+ pct_train=0.40,
+ accuracyweight=1,
+ featweight=0.06,
+ minpresent=1,
+ kname="radial",
+ norm_method="none",
+ tolerance=0.5,
+ maxitrs=5,
+ classindex=1,
+ numfacts=0,
+ evalmethod="CV",
+ numfolds=10,
+ CVfoldthresh=0.7,
+ varselmethod=args[11],
+ scheme_val="one-vs-all",
+ iter_learn=1,boostweight=rep(0,dim(trainm)[2]))
+ 
+ CMAres<-performCMA(trainm, trainclass, testm, testclass,outloc,
+ maxnum=as.numeric(args[10]),
+ minnum=3,
+ stepitr=1,
+ gsmethods=c("elasticnet"), #"lasso","elasticnet","kruskal.test"), #"f.test", "f.test", "elasticnet", "wilcox.test", "welch.test"),
+ pct_train=0.40,
+ accuracyweight=1,
+ featweight=0.06,
+ minpresent=1,
+ kname="radial",
+ norm_method="none",
+ tolerance=0.5,
+ maxitrs=5,
+ classindex=1,
+ numfacts=0,
+ evalmethod="CV",
+ numfolds=10,
+ CVfoldthresh=0.7,
+ varselmethod=args[11],
+ scheme_val="one-vs-all",
+ iter_learn=1,boostweight=rep(0,dim(trainm)[2]))
+ 
+ if(FALSE){
+ CMAres<-performCMA(trainm, trainclass, testm, testclass,outloc,
+ maxnum=as.numeric(args[10]),
+ minnum=3,
+ stepitr=1,
+ gsmethods=c("rf"), #"lasso","elasticnet","kruskal.test"), #"f.test", "f.test", "elasticnet", "wilcox.test", "welch.test"),
+ pct_train=0.40,
+ accuracyweight=1,
+ featweight=0.06,
+ minpresent=1,
+ kname="radial",
+ norm_method="none",
+ tolerance=0.5,
+ maxitrs=5,
+ classindex=1,
+ numfacts=0,
+ evalmethod="CV",
+ numfolds=10,
+ CVfoldthresh=0.7,
+ varselmethod=args[11],
+ scheme_val="one-vs-all",
+ iter_learn=1,boostweight=rep(0,dim(trainm)[2]))
+ }
+ 
+ CMAres<-performCMA(trainm, trainclass, testm, testclass,outloc,
+ maxnum=as.numeric(args[10]),
+ minnum=3,
+ stepitr=1,
+ gsmethods=c("f.test"), #"lasso","elasticnet","kruskal.test"), #"f.test", "f.test", "elasticnet", "wilcox.test", "welch.test"),
+ pct_train=0.40,
+ accuracyweight=1,
+ featweight=0.06,
+ minpresent=1,
+ kname="radial",
+ norm_method="none",
+ tolerance=0.5,
+ maxitrs=5,
+ classindex=1,
+ numfacts=0,
+ evalmethod="CV",
+ numfolds=10,
+ CVfoldthresh=0.7,
+ varselmethod=args[11],
+ scheme_val="one-vs-all",
+ iter_learn=1,boostweight=rep(0,dim(trainm)[2]))
+ }
[1] "dim of trainm is "
[1]   130 22283
[1]   130 22283
[1] "maxnum is "
[1] 5
[1] "# of genes left after filtering:"
[1]   130 22283
[1] "limma"
[1] "Method name: limma"
[1]   130 22283
nci_y
 1  2 
50 80 
learningset mode:  CV 
number of learningsets:  10 
(maximum) number of observations per learning set:  117 
[1] "one-vs-all"
GeneSelection: iteration 1 

Attaching package: ‘limma’

The following object is masked from ‘package:BiocGenerics’:

    plotMA

GeneSelection: iteration 2 
GeneSelection: iteration 3 
GeneSelection: iteration 4 
GeneSelection: iteration 5 
GeneSelection: iteration 6 
GeneSelection: iteration 7 
GeneSelection: iteration 8 
GeneSelection: iteration 9 
GeneSelection: iteration 10 
[1] 6
[1] "varselmethod"
[1] "forward"
[1] 6
[1] "limma:3:121.238903028788"
[1] "limma:3:121.238903028788"
[1] "limma:4:122.739172292352"
[1] "limma:4:122.739172292352"
[1] "limma:5:122.739441555916"
[1] "limma:4:122.739172292352"
[1] "limma:6:121.73971081948"
[1] "limma:4:122.739172292352"
[1] "Method: limma"
[1] 4
[1] "dim of scoring matrix is "
[1] 22283     1
     Min.   1st Qu.    Median      Mean   3rd Qu.      Max. 
0.0000000 0.0000000 0.0000000 0.0001795 0.0000000 1.0000000 
[1] 4
[1] 22283
[1] "DS index stage 1"
[1] NA
[1] "bestgenelist"
[1]  4752  9093  9094 12339
     205225_at 209603_at 209604_s_at 212956_at
[1,]   13.0759   10.5793     14.3763   13.3600
[2,]   13.7616   10.5772     14.0214   13.2925
[3,]   12.7360   11.1181     14.5222   12.3582
     205225_at 209603_at 209604_s_at 212956_at
[1,]   13.8754   11.9790     15.0625   13.5201
[2,]   11.7217   10.8744     14.4978   12.5480
[3,]   10.9960    8.0211     12.4583   11.2917
[1] "numgenes selected:4"
[1] "test acc:0.89"
[1] "test AUC acc:0.891340899537621"
[1] "10 fold train93.0769230769231"
[1] "confusion matrix train 10 fold"
          nci_y
pred10fold  1  2
         1 44  2
         2  6 78
[1] "confusion matrix test"
         test_y
pred_test  1  2
        1 35  7
        2  4 54
[1] "train acc:0.938461538461538"
[1] "confusion matrix train"
          nci_y
pred_train  1  2
         1 44  2
         2  6 78
[1] "DS index stage 1"
[1] NA
[1] "KI index stage 1"
[1] NA
[1] "dim of trainm is "
[1]   130 22283
[1]   130 22283
[1] "maxnum is "
[1] 5
[1] "# of genes left after filtering:"
[1]   130 22283
[1] "lasso"
[1] "Method name: lasso"
[1]   130 22283
nci_y
 1  2 
50 80 
learningset mode:  CV 
number of learningsets:  10 
(maximum) number of observations per learning set:  117 
[1] "one-vs-all"
GeneSelection: iteration 1 
Loaded glmnet 2.0-10


Attaching package: ‘glmnet’

The following object is masked from ‘package:pROC’:

    auc

GeneSelection: iteration 2 
GeneSelection: iteration 3 
GeneSelection: iteration 4 
GeneSelection: iteration 5 
GeneSelection: iteration 6 
GeneSelection: iteration 7 
GeneSelection: iteration 8 
GeneSelection: iteration 9 
GeneSelection: iteration 10 
genelist
 4752 15102  4035  9093 12339     1  3155     2  7147 10447 11605 13819 17203 
   10     9     8     7     5     3     2     1     1     1     1     1     1 
[1] 13
[1] "varselmethod"
[1] "forward"
[1] 13
[1] "lasso:3:123.500807790692"
[1] "lasso:3:123.500807790692"
[1] "lasso:4:123.215362768542"
[1] "lasso:3:123.500807790692"
[1] "lasso:5:133.29896536544"
[1] "lasso:5:133.29896536544"
[1] "lasso:6:131.549234629004"
[1] "lasso:5:133.29896536544"
[1] "lasso:7:131.656646749711"
[1] "lasso:5:133.29896536544"
[1] "lasso:8:133.871201727561"
[1] "lasso:8:133.871201727561"
[1] "lasso:9:139.397264641919"
[1] "lasso:9:139.397264641919"
[1] "lasso:10:140.300311683261"
[1] "lasso:10:140.300311683261"
[1] "lasso:11:136.078358724603"
[1] "lasso:10:140.300311683261"
[1] "lasso:12:136.800850210389"
[1] "lasso:10:140.300311683261"
[1] "lasso:13:138.690008362842"
[1] "lasso:10:140.300311683261"
[1] "Method: lasso"
[1] 10
[1] "dim of scoring matrix is "
[1] 22283     1
     Min.   1st Qu.    Median      Mean   3rd Qu.      Max. 
0.0000000 0.0000000 0.0000000 0.0004488 0.0000000 1.0000000 
[1] 10
[1] 22283
[1] "DS index stage 1"
[1] NA
[1] "bestgenelist"
 [1]     1     2  3155  4035  4752  7147  9093 10447 12339 15102
     1007_s_at 1053_at 203628_at 204508_s_at 205225_at 207626_s_at 209603_at
[1,]   12.4440  8.3774   10.7755     10.1763   13.0759      7.4760   10.5793
[2,]   12.2005  7.8592    9.8410      9.3275   13.7616      3.5539   10.5772
[3,]   12.6709  8.6762    9.4169      9.9200   12.7360      7.2242   11.1181
     211000_s_at 212956_at 215729_s_at
[1,]      9.7316   13.3600      2.9565
[2,]     11.2882   13.2925      1.5807
[3,]      8.6531   12.3582      5.6368
     1007_s_at 1053_at 203628_at 204508_s_at 205225_at 207626_s_at 209603_at
[1,]   12.3446  7.0781    9.4326      9.8038   13.8754      8.5889   11.9790
[2,]   12.0376  7.6011    9.8046      7.9689   11.7217      7.0887   10.8744
[3,]   10.9684  7.4696    7.9079      7.6789   10.9960      5.7342    8.0211
     211000_s_at 212956_at 215729_s_at
[1,]     10.6617   13.5201      1.9565
[2,]      9.8946   12.5480      5.3426
[3,]      9.4886   11.2917      5.3609
[1] "numgenes selected:10"
[1] "test acc:0.87"
[1] "test AUC acc:0.865699873896595"
[1] "10 fold train96.1538461538462"
[1] "confusion matrix train 10 fold"
          nci_y
pred10fold  1  2
         1 49  1
         2  1 79
[1] "confusion matrix test"
         test_y
pred_test  1  2
        1 33  7
        2  6 54
[1] "train acc:0.984615384615385"
[1] "confusion matrix train"
          nci_y
pred_train  1  2
         1 49  1
         2  1 79
[1] "DS index stage 1"
[1] NA
[1] "KI index stage 1"
[1] NA
[1] "dim of trainm is "
[1]   130 22283
[1]   130 22283
[1] "maxnum is "
[1] 5
[1] "# of genes left after filtering:"
[1]   130 22283
[1] "rfe"
[1] "Method name: rfe"
[1]   130 22283
nci_y
 1  2 
50 80 
learningset mode:  CV 
number of learningsets:  10 
(maximum) number of observations per learning set:  117 
[1] "one-vs-all"
GeneSelection: iteration 1 
GeneSelection: iteration 2 
GeneSelection: iteration 3 
GeneSelection: iteration 4 
GeneSelection: iteration 5 
GeneSelection: iteration 6 
GeneSelection: iteration 7 
GeneSelection: iteration 8 
GeneSelection: iteration 9 
GeneSelection: iteration 10 
[1] 11
[1] "varselmethod"
[1] "forward"
[1] 11
[1] "rfe:3:133.453188743073"
[1] "rfe:3:133.453188743073"
[1] "rfe:4:130.751077054257"
[1] "rfe:3:133.453188743073"
[1] "rfe:5:136.209679651154"
[1] "rfe:5:136.209679651154"
[1] "rfe:6:126.198044152813"
[1] "rfe:5:136.209679651154"
[1] "rfe:7:129.198313416378"
[1] "rfe:5:136.209679651154"
[1] "rfe:8:134.057709664069"
[1] "rfe:5:136.209679651154"
[1] "rfe:9:133.057978927633"
[1] "rfe:5:136.209679651154"
[1] "rfe:10:137.349914857864"
[1] "rfe:10:137.349914857864"
[1] "rfe:11:131.671612692856"
[1] "rfe:10:137.349914857864"
[1] "Method: rfe"
[1] 10
[1] "dim of scoring matrix is "
[1] 22283     1
     Min.   1st Qu.    Median      Mean   3rd Qu.      Max. 
0.0000000 0.0000000 0.0000000 0.0004488 0.0000000 1.0000000 
[1] 10
[1] 22283
[1] "DS index stage 1"
[1] NA
[1] "bestgenelist"
 [1]  4035  4536  4556  4752  4967  5904  6280  6325 12583 15102
     204508_s_at 205009_at 205029_s_at 205225_at 205440_s_at 206378_at
[1,]     10.1763   13.2850      2.9025   13.0759      8.6216    6.1826
[2,]      9.3275   14.4107      2.2747   13.7616     10.7598   15.2013
[3,]      9.9200   14.7836      0.9203   12.7360      7.7832   12.9669
     206754_s_at 206799_at 213201_s_at 215729_s_at
[1,]     12.4854    3.1490      4.2884      2.9565
[2,]     10.5188   14.9688      4.8678      1.5807
[3,]     11.6232   11.6974      8.3652      5.6368
     204508_s_at 205009_at 205029_s_at 205225_at 205440_s_at 206378_at
[1,]      9.8038   14.3747      3.0068   13.8754     10.5785   10.2362
[2,]      7.9689   11.2149      3.3895   11.7217      8.5134   13.2355
[3,]      7.6789    9.8209      4.9401   10.9960      9.3702    9.5032
     206754_s_at 206799_at 213201_s_at 215729_s_at
[1,]     11.4867    7.9310      7.5478      1.9565
[2,]      7.4297   10.6196      5.0501      5.3426
[3,]      5.9013    6.2148      5.0025      5.3609
[1] "numgenes selected:10"
[1] "test acc:0.88"
[1] "test AUC acc:0.883144178226145"
[1] "10 fold train96.9230769230769"
[1] "confusion matrix train 10 fold"
          nci_y
pred10fold  1  2
         1 48  0
         2  2 80
[1] "confusion matrix test"
         test_y
pred_test  1  2
        1 35  8
        2  4 53
[1] "train acc:0.984615384615385"
[1] "confusion matrix train"
          nci_y
pred_train  1  2
         1 48  0
         2  2 80
[1] "DS index stage 1"
[1] NA
[1] "KI index stage 1"
[1] NA
[1] "dim of trainm is "
[1]   130 22283
[1]   130 22283
[1] "maxnum is "
[1] 5
[1] "# of genes left after filtering:"
[1]   130 22283
[1] "elasticnet"
[1] "Method name: elasticnet"
[1]   130 22283
nci_y
 1  2 
50 80 
learningset mode:  CV 
number of learningsets:  10 
(maximum) number of observations per learning set:  117 
[1] "one-vs-all"
GeneSelection: iteration 1 
GeneSelection: iteration 2 
GeneSelection: iteration 3 
GeneSelection: iteration 4 
GeneSelection: iteration 5 
GeneSelection: iteration 6 
GeneSelection: iteration 7 
GeneSelection: iteration 8 
GeneSelection: iteration 9 
GeneSelection: iteration 10 
[1] 9
[1] "varselmethod"
[1] "forward"
[1] 9
[1] "elasticnet:3:128.794458584343"
[1] "elasticnet:3:128.794458584343"
[1] "elasticnet:4:120.68560086378"
[1] "elasticnet:3:128.794458584343"
[1] "elasticnet:5:128.227536794011"
[1] "elasticnet:3:128.794458584343"
[1] "elasticnet:6:130.019472724242"
[1] "elasticnet:6:130.019472724242"
[1] "elasticnet:7:131.311408654473"
[1] "elasticnet:7:131.311408654473"
[1] "elasticnet:8:129.121201727561"
[1] "elasticnet:7:131.311408654473"
[1] "elasticnet:9:131.288137657792"
[1] "elasticnet:7:131.311408654473"
[1] "Method: elasticnet"
[1] 7
[1] "dim of scoring matrix is "
[1] 22283     1
     Min.   1st Qu.    Median      Mean   3rd Qu.      Max. 
0.0000000 0.0000000 0.0000000 0.0003141 0.0000000 1.0000000 
[1] 7
[1] 22283
[1] "DS index stage 1"
[1] NA
[1] "bestgenelist"
[1]     1     2     3  4035  4752  9093 12339
     1007_s_at 1053_at 117_at 204508_s_at 205225_at 209603_at 212956_at
[1,]   12.4440  8.3774 6.7866     10.1763   13.0759   10.5793   13.3600
[2,]   12.2005  7.8592 8.0963      9.3275   13.7616   10.5772   13.2925
[3,]   12.6709  8.6762 7.4812      9.9200   12.7360   11.1181   12.3582
     1007_s_at 1053_at 117_at 204508_s_at 205225_at 209603_at 212956_at
[1,]   12.3446  7.0781 7.5017      9.8038   13.8754   11.9790   13.5201
[2,]   12.0376  7.6011 7.3458      7.9689   11.7217   10.8744   12.5480
[3,]   10.9684  7.4696 8.3759      7.6789   10.9960    8.0211   11.2917
[1] "numgenes selected:7"
[1] "test acc:0.87"
[1] "test AUC acc:0.870323665405633"
[1] "10 fold train93.0769230769231"
[1] "confusion matrix train 10 fold"
          nci_y
pred10fold  1  2
         1 46  0
         2  4 80
[1] "confusion matrix test"
         test_y
pred_test  1  2
        1 34  8
        2  5 53
[1] "train acc:0.969230769230769"
[1] "confusion matrix train"
          nci_y
pred_train  1  2
         1 46  0
         2  4 80
[1] "DS index stage 1"
[1] NA
[1] "KI index stage 1"
[1] NA
[1] "dim of trainm is "
[1]   130 22283
[1]   130 22283
[1] "maxnum is "
[1] 5
[1] "# of genes left after filtering:"
[1]   130 22283
[1] "f.test"
[1] "Method name: f.test"
[1]   130 22283
nci_y
 1  2 
50 80 
learningset mode:  CV 
number of learningsets:  10 
(maximum) number of observations per learning set:  117 
[1] "one-vs-all"
GeneSelection: iteration 1 
GeneSelection: iteration 2 
GeneSelection: iteration 3 
GeneSelection: iteration 4 
GeneSelection: iteration 5 
GeneSelection: iteration 6 
GeneSelection: iteration 7 
GeneSelection: iteration 8 
GeneSelection: iteration 9 
GeneSelection: iteration 10 
[1] 6
[1] "varselmethod"
[1] "forward"
[1] 6
[1] "f.test:3:121.238903028788"
[1] "f.test:3:121.238903028788"
[1] "f.test:4:122.739172292352"
[1] "f.test:4:122.739172292352"
[1] "f.test:5:122.739441555916"
[1] "f.test:4:122.739172292352"
[1] "f.test:6:121.73971081948"
[1] "f.test:4:122.739172292352"
[1] "Method: f.test"
[1] 4
[1] "dim of scoring matrix is "
[1] 22283     1
     Min.   1st Qu.    Median      Mean   3rd Qu.      Max. 
0.0000000 0.0000000 0.0000000 0.0001795 0.0000000 1.0000000 
[1] 4
[1] 22283
[1] "DS index stage 1"
[1] NA
[1] "bestgenelist"
[1]  4752  9093  9094 12339
     205225_at 209603_at 209604_s_at 212956_at
[1,]   13.0759   10.5793     14.3763   13.3600
[2,]   13.7616   10.5772     14.0214   13.2925
[3,]   12.7360   11.1181     14.5222   12.3582
     205225_at 209603_at 209604_s_at 212956_at
[1,]   13.8754   11.9790     15.0625   13.5201
[2,]   11.7217   10.8744     14.4978   12.5480
[3,]   10.9960    8.0211     12.4583   11.2917
[1] "numgenes selected:4"
[1] "test acc:0.89"
[1] "test AUC acc:0.891340899537621"
[1] "10 fold train93.0769230769231"
[1] "confusion matrix train 10 fold"
          nci_y
pred10fold  1  2
         1 44  2
         2  6 78
[1] "confusion matrix test"
         test_y
pred_test  1  2
        1 35  7
        2  4 54
[1] "train acc:0.938461538461538"
[1] "confusion matrix train"
          nci_y
pred_train  1  2
         1 44  2
         2  6 78
[1] "DS index stage 1"
[1] NA
[1] "KI index stage 1"
[1] NA
There were 50 or more warnings (use warnings() to see the first 50)
> 
> 
> #1
> CMAres<-performCMA(trainm, trainclass, testm, testclass,outloc,
+ maxnum=as.numeric(args[10]),
+ minnum=3,
+ stepitr=1,
+ gsmethods=c("limma","lasso","rfe","elasticnet", "f.test"), #"lasso","elasticnet","kruskal.test"), #"f.test", "f.test", "elasticnet", "wilcox.test", "welch.test"),
+ pct_train=0.40,
+ accuracyweight=1,
+ featweight=0.06,
+ minpresent=1,
+ kname="radial",
+ norm_method="none",
+ tolerance=0.5,
+ maxitrs=5,
+ classindex=1,
+ numfacts=0,
+ evalmethod="CV",
+ numfolds=10,
+ CVfoldthresh=0.7,
+ varselmethod=args[11],
+ scheme_val="one-vs-all",
+ iter_learn=1,boostweight=rep(0,dim(trainm)[2]))
[1] "dim of trainm is "
[1]   130 22283
[1]   130 22283
[1] "maxnum is "
[1] 5
[1] "# of genes left after filtering:"
[1]   130 22283
[1] "limma"      "lasso"      "rfe"        "elasticnet" "f.test"    
[1] "Method name: limma"
[1]   130 22283
nci_y
 1  2 
50 80 
learningset mode:  CV 
number of learningsets:  10 
(maximum) number of observations per learning set:  117 
[1] "one-vs-all"
GeneSelection: iteration 1 
GeneSelection: iteration 2 
GeneSelection: iteration 3 
GeneSelection: iteration 4 
GeneSelection: iteration 5 
GeneSelection: iteration 6 
GeneSelection: iteration 7 
GeneSelection: iteration 8 
GeneSelection: iteration 9 
GeneSelection: iteration 10 
[1] 6
[1] "varselmethod"
[1] "forward"
[1] 6
[1] "limma:3:121.238903028788"
[1] "limma:3:121.238903028788"
[1] "limma:4:122.739172292352"
[1] "limma:4:122.739172292352"
[1] "limma:5:122.739441555916"
[1] "limma:4:122.739172292352"
[1] "limma:6:121.73971081948"
[1] "limma:4:122.739172292352"
[1] "Method: limma"
[1] 4
[1] "Method name: lasso"
[1]   130 22283
nci_y
 1  2 
50 80 
learningset mode:  CV 
number of learningsets:  10 
(maximum) number of observations per learning set:  117 
[1] "one-vs-all"
GeneSelection: iteration 1 
GeneSelection: iteration 2 
GeneSelection: iteration 3 
GeneSelection: iteration 4 
GeneSelection: iteration 5 
GeneSelection: iteration 6 
GeneSelection: iteration 7 
GeneSelection: iteration 8 
GeneSelection: iteration 9 
GeneSelection: iteration 10 
genelist
 4752 15102  4035  9093 12339     1  3155     2  7147 10447 11605 13819 17203 
   10     9     8     7     5     3     2     1     1     1     1     1     1 
[1] 13
[1] "varselmethod"
[1] "forward"
[1] 13
[1] "lasso:3:123.500807790692"
[1] "lasso:3:123.500807790692"
[1] "lasso:4:123.215362768542"
[1] "lasso:3:123.500807790692"
[1] "lasso:5:133.29896536544"
[1] "lasso:5:133.29896536544"
[1] "lasso:6:131.549234629004"
[1] "lasso:5:133.29896536544"
[1] "lasso:7:131.656646749711"
[1] "lasso:5:133.29896536544"
[1] "lasso:8:133.871201727561"
[1] "lasso:8:133.871201727561"
[1] "lasso:9:139.397264641919"
[1] "lasso:9:139.397264641919"
[1] "lasso:10:140.300311683261"
[1] "lasso:10:140.300311683261"
[1] "lasso:11:136.078358724603"
[1] "lasso:10:140.300311683261"
[1] "lasso:12:136.800850210389"
[1] "lasso:10:140.300311683261"
[1] "lasso:13:138.690008362842"
[1] "lasso:10:140.300311683261"
[1] "Method: lasso"
[1] 10
[1] "Method name: rfe"
[1]   130 22283
nci_y
 1  2 
50 80 
learningset mode:  CV 
number of learningsets:  10 
(maximum) number of observations per learning set:  117 
[1] "one-vs-all"
GeneSelection: iteration 1 
GeneSelection: iteration 2 
GeneSelection: iteration 3 
GeneSelection: iteration 4 
GeneSelection: iteration 5 
GeneSelection: iteration 6 
GeneSelection: iteration 7 
GeneSelection: iteration 8 
GeneSelection: iteration 9 
GeneSelection: iteration 10 
[1] 11
[1] "varselmethod"
[1] "forward"
[1] 11
[1] "rfe:3:133.453188743073"
[1] "rfe:3:133.453188743073"
[1] "rfe:4:130.751077054257"
[1] "rfe:3:133.453188743073"
[1] "rfe:5:136.209679651154"
[1] "rfe:5:136.209679651154"
[1] "rfe:6:126.198044152813"
[1] "rfe:5:136.209679651154"
[1] "rfe:7:129.198313416378"
[1] "rfe:5:136.209679651154"
[1] "rfe:8:134.057709664069"
[1] "rfe:5:136.209679651154"
[1] "rfe:9:133.057978927633"
[1] "rfe:5:136.209679651154"
[1] "rfe:10:137.349914857864"
[1] "rfe:10:137.349914857864"
[1] "rfe:11:131.671612692856"
[1] "rfe:10:137.349914857864"
[1] "Method: rfe"
[1] 10
[1] "Method name: elasticnet"
[1]   130 22283
nci_y
 1  2 
50 80 
learningset mode:  CV 
number of learningsets:  10 
(maximum) number of observations per learning set:  117 
[1] "one-vs-all"
GeneSelection: iteration 1 
GeneSelection: iteration 2 
GeneSelection: iteration 3 
GeneSelection: iteration 4 
GeneSelection: iteration 5 
GeneSelection: iteration 6 
GeneSelection: iteration 7 
GeneSelection: iteration 8 
GeneSelection: iteration 9 
GeneSelection: iteration 10 
[1] 9
[1] "varselmethod"
[1] "forward"
[1] 9
[1] "elasticnet:3:128.794458584343"
[1] "elasticnet:3:128.794458584343"
[1] "elasticnet:4:120.68560086378"
[1] "elasticnet:3:128.794458584343"
[1] "elasticnet:5:128.227536794011"
[1] "elasticnet:3:128.794458584343"
[1] "elasticnet:6:130.019472724242"
[1] "elasticnet:6:130.019472724242"
[1] "elasticnet:7:131.311408654473"
[1] "elasticnet:7:131.311408654473"
[1] "elasticnet:8:129.121201727561"
[1] "elasticnet:7:131.311408654473"
[1] "elasticnet:9:131.288137657792"
[1] "elasticnet:7:131.311408654473"
[1] "Method: elasticnet"
[1] 7
[1] "Method name: f.test"
[1]   130 22283
nci_y
 1  2 
50 80 
learningset mode:  CV 
number of learningsets:  10 
(maximum) number of observations per learning set:  117 
[1] "one-vs-all"
GeneSelection: iteration 1 
GeneSelection: iteration 2 
GeneSelection: iteration 3 
GeneSelection: iteration 4 
GeneSelection: iteration 5 
GeneSelection: iteration 6 
GeneSelection: iteration 7 
GeneSelection: iteration 8 
GeneSelection: iteration 9 
GeneSelection: iteration 10 
[1] 6
[1] "varselmethod"
[1] "forward"
[1] 6
[1] "f.test:3:121.238903028788"
[1] "f.test:3:121.238903028788"
[1] "f.test:4:122.739172292352"
[1] "f.test:4:122.739172292352"
[1] "f.test:5:122.739441555916"
[1] "f.test:4:122.739172292352"
[1] "f.test:6:121.73971081948"
[1] "f.test:4:122.739172292352"
[1] "Method: f.test"
[1] 4
[1] "dim of scoring matrix is "
[1] 22283     5
    Min.  1st Qu.   Median     Mean  3rd Qu.     Max. 
0.000000 0.000000 0.000000 0.001571 0.000000 5.000000 
[1] 19
[1] 22283
[1] "DS index stage 1"
[1] 0.4474943
[1] "bestgenelist"
 [1]     1     2     3  3155  4035  4536  4556  4752  4967  5904  6280  6325
[13]  7147  9093  9094 10447 12339 12583 15102
     1007_s_at 1053_at 117_at 203628_at 204508_s_at 205009_at 205029_s_at
[1,]   12.4440  8.3774 6.7866   10.7755     10.1763   13.2850      2.9025
[2,]   12.2005  7.8592 8.0963    9.8410      9.3275   14.4107      2.2747
[3,]   12.6709  8.6762 7.4812    9.4169      9.9200   14.7836      0.9203
     205225_at 205440_s_at 206378_at 206754_s_at 206799_at 207626_s_at
[1,]   13.0759      8.6216    6.1826     12.4854    3.1490      7.4760
[2,]   13.7616     10.7598   15.2013     10.5188   14.9688      3.5539
[3,]   12.7360      7.7832   12.9669     11.6232   11.6974      7.2242
     209603_at 209604_s_at 211000_s_at 212956_at 213201_s_at 215729_s_at
[1,]   10.5793     14.3763      9.7316   13.3600      4.2884      2.9565
[2,]   10.5772     14.0214     11.2882   13.2925      4.8678      1.5807
[3,]   11.1181     14.5222      8.6531   12.3582      8.3652      5.6368
     1007_s_at 1053_at 117_at 203628_at 204508_s_at 205009_at 205029_s_at
[1,]   12.3446  7.0781 7.5017    9.4326      9.8038   14.3747      3.0068
[2,]   12.0376  7.6011 7.3458    9.8046      7.9689   11.2149      3.3895
[3,]   10.9684  7.4696 8.3759    7.9079      7.6789    9.8209      4.9401
     205225_at 205440_s_at 206378_at 206754_s_at 206799_at 207626_s_at
[1,]   13.8754     10.5785   10.2362     11.4867    7.9310      8.5889
[2,]   11.7217      8.5134   13.2355      7.4297   10.6196      7.0887
[3,]   10.9960      9.3702    9.5032      5.9013    6.2148      5.7342
     209603_at 209604_s_at 211000_s_at 212956_at 213201_s_at 215729_s_at
[1,]   11.9790     15.0625     10.6617   13.5201      7.5478      1.9565
[2,]   10.8744     14.4978      9.8946   12.5480      5.0501      5.3426
[3,]    8.0211     12.4583      9.4886   11.2917      5.0025      5.3609
[1] "numgenes selected:19"
[1] "test acc:0.86"
[1] "test AUC acc:0.862126944094157"
[1] "10 fold train98.4615384615385"
[1] "confusion matrix train 10 fold"
          nci_y
pred10fold  1  2
         1 49  1
         2  1 79
[1] "confusion matrix test"
         test_y
pred_test  1  2
        1 34  9
        2  5 52
[1] "train acc:0.984615384615385"
[1] "confusion matrix train"
          nci_y
pred_train  1  2
         1 49  1
         2  1 79
[1] "DS index stage 1"
[1] 0.4474943
[1] "KI index stage 1"
[1] 0.5799057
There were 50 or more warnings (use warnings() to see the first 50)
> 
> cma_feat_list<-colnames(trainm)
> 
> save(CMAres,file="CMAres.Rda")
> write.table(cma_feat_list,file="selected_cma_feat_list.txt",sep="t",row.names=FALSE)
> 
> # modtraindata=modtrain, modtestdata=modtest, blindtest=testacc, modtrainclass=nci_y, modtestclass=test_y
> #if(FALSE)
> {
+ trainm<-CMAres$modtraindata
+ testm<-CMAres$modtestdata
+ trainclass<-CMAres$modtrainclass
+ testclass<-CMAres$modtestclass
+ learningsets<-CMAres$learningsets
+ }
> 
> if(FALSE)
+ {
+ trainclass<-trainm[,1] #CMAres$modtrainclass
+ testclass<-testm[,1] #CMAres$modtestclass
+ trainm<-trainm[,-c(1)] #CMAres$modtrainmata
+ testm<-testm[,-c(1)] #CMAres$modtestmata
+ 
+ }
> 
> d_dim<-dim(trainm)
> 
> print("Original dimension")
[1] "Original dimension"
> print(d_dim)
[1] 130  19
> 
> system.time(psores<-run_pso(outloc=outloc,trainm,trainclass,testm,testclass,transition_matrix,c1=2.05,
+ c2=2.05,
+ itr=10,
+ globalpso_maxitr=10,
+ global_max_itr=5,
+ num_part=20,
+ kname="radial",
+ errortype="BER",
+ weightA<-as.numeric(args[1]),
+ weightB<-as.numeric(args[2]),
+ weightC<-as.numeric(args[3]),
+ weightD<-as.numeric(args[4]),
+ featweight.max=0.01,
+ featweight.min=0.01,
+ numfolds=10,
+ followerprob=as.numeric(args[6]),
+ confusionprob=as.numeric(args[7]),
+ leaderprob=as.numeric(args[8]),
+ wmax=1,
+ wmin=1,
+ behavior_reset_itr=5,
+ maxitrreset=10,
+ num_neighbors=3,
+ minselect.pct=0.5,
+ evalMode="CV2",
+ minfitnessthresh=50,
+ maxnum=as.numeric(args[10]),minnum=3,inertia_method=args[5],particlebehav_method="randbased",constriction_factor=1,
+ select.global.best=TRUE,numnodes=4,evalFunc=eval_fit_kfold_diff,itr.terminate=FALSE,train.pct=0.8))
[1] "c1: 2.05"
[1] "c2: 2.05"
[1] "itr: 10"
[1] "globalpso_maxitr: 10"
[1] "global_max_itr: 5"
[1] "num_part: 20"
[1] "kname: radial"
[1] "errortype: BER"
[1] "weightA: 0.7"
[1] "weightB: 0.2"
[1] "weightC: 0.05"
[1] "weightD: 0.05"
[1] "featweight.max: 0.01"
[1] "featweight.min: 0.01"
[1] "numfolds: 10"
[1] "followerprob: 0.45"
[1] "confusionprob: 0.2"
[1] "leaderprob: 0.25"
[1] "wmax: 1"
[1] "wmin: 1"
[1] "behavior_reset_itr: 5"
[1] "maxitrreset: 10"
[1] "num_neighbors: 3"
[1] "minselect.pct: 0.5"
[1] "minfitnessthresh: 50"
[1] "maxnum: 5"
[1] "minnum: 3"
[1] "inertia_method: global"
[1] "particlebehav_method: randbased"
[1] "constriction_factor: 1"
[1] "select.global.best: TRUE"
[1] "train 10 fold"
[1] 97.69231
[1] "here"
[1] "s"
[1] 104
[1] 130  19
[1] 10
[1] "learning sets: 1"
  [1] 118 110  23 129  33  31  43  24  42  78  54  30  72   6  46  16  83  29
 [19]  18 104  73  71  66  76  90  98  51  74   8 103  13  68  45  32  22  15
 [37] 109   5  17  14  12  96 126  39  95 123  70  19  36  28  82 122 101  55
 [55]  27  85 121  38  75  84 119   4   7 105  37  86 128 125  44  58 116 107
 [73]  62  88 106  61  65  69  25  40  81  93  50  10  11   3 114 100 102  63
 [91]  26   1  52  67  92  41 113  35  64  77  21 130  34   2
[1] "Starting global iteration number : 1"
[1] "iteration number: "
[1] 1
[1] "Best fitness updated to:"
[1] -54.24068
[1] "Best solution:"
 [1] NA NA NA NA NA NA NA NA NA NA NA NA NA NA NA NA NA NA NA
[1] 0
[1] "iteration number: "
[1] 2
[1] "Best fitness updated to:"
[1] -61.86934
[1] "Best solution:"
 [1] 1 1 0 1 0 1 0 1 1 0 1 1 0 0 1 0 0 0 1
[1] 10
[1] "iteration number: "
[1] 3
[1] "iteration number: "
[1] 4
[1] "iteration number: "
[1] 5
[1] "iteration number: "
[1] 6
[1] "iteration number: "
[1] 7
[1] "iteration number: "
[1] 8
[1] "iteration number: "
[1] 9
[1] "iteration number: "
[1] 10
[1] "iteration number: "
[1] 11
[1] "iteration number: "
[1] 12
[1] "iteration number: "
[1] 13
[1] "RE-INITIALIZING..."
[1] 1
[1] 5
[1] 18
 [1] 2 3 1 2 3 3 2 3 2 3 2 4 2 2 3 3 4 2 4 3
[1] "iteration number: "
[1] 14
[1] "iteration number: "
[1] 15
[1] "iteration number: "
[1] 16
[1] "iteration number: "
[1] 17
[1] "iteration number: "
[1] 18
[1] "Best fitness updated to:"
[1] -62.19558
[1] "Best solution:"
 [1] 0 1 0 0 1 0 0 0 1 1 1 0 1 0 0 1 0 1 1
[1] 9
[1] "iteration number: "
[1] 19
[1] "iteration number: "
[1] 20
[1] "iteration number: "
[1] 21
[1] "iteration number: "
[1] 22
[1] "iteration number: "
[1] 23
[1] "iteration number: "
[1] 24
[1] "iteration number: "
[1] 25
[1] "iteration number: "
[1] 26
[1] "iteration number: "
[1] 27
[1] "iteration number: "
[1] 28
[1] "iteration number: "
[1] 29
[1] "RE-INITIALIZING..."
[1] 1
[1] 5
[1] 17
 [1] 2 1 3 4 2 4 2 1 2 3 3 3 3 1 2 3 2 4 2 2
[1] "iteration number: "
[1] 30
[1] "iteration number: "
[1] 31
[1] "iteration number: "
[1] 32
[1] "iteration number: "
[1] 33
[1] "iteration number: "
[1] 34
[1] "iteration number: "
[1] 35
[1] "iteration number: "
[1] 36
[1] "iteration number: "
[1] 37
[1] "iteration number: "
[1] 38
[1] "iteration number: "
[1] 39
[1] "iteration number: "
[1] 40
[1] "RE-INITIALIZING..."
[1] 2
[1] 5
[1] 16
 [1] 2 2 3 3 2 2 2 2 3 4 4 4 2 3 3 2 4 3 3 2
[1] "iteration number: "
[1] 41
[1] "iteration number: "
[1] 42
[1] "iteration number: "
[1] 43
[1] "iteration number: "
[1] 44
[1] "iteration number: "
[1] 45
[1] "iteration number: "
[1] 46
[1] "Best fitness updated to:"
[1] -62.28411
[1] "Best solution:"
 [1] 0 1 0 0 1 0 0 0 1 0 1 0 1 0 1 1 0 1 1
[1] 9
[1] "iteration number: "
[1] 47
[1] "iteration number: "
[1] 48
[1] "iteration number: "
[1] 49
[1] "iteration number: "
[1] 50
[1] "iteration number: "
[1] 51
[1] "iteration number: "
[1] 52
[1] "iteration number: "
[1] 53
[1] "iteration number: "
[1] 54
[1] "iteration number: "
[1] 55
[1] "iteration number: "
[1] 56
[1] "iteration number: "
[1] 57
[1] "RE-INITIALIZING..."
[1] 1
[1] 5
[1] 16
 [1] 3 2 2 1 2 2 3 4 1 2 3 1 2 2 2 2 1 3 4 4
[1] "iteration number: "
[1] 58
[1] "iteration number: "
[1] 59
[1] "iteration number: "
[1] 60
[1] "iteration number: "
[1] 61
[1] "iteration number: "
[1] 62
[1] "iteration number: "
[1] 63
[1] "iteration number: "
[1] 64
[1] "iteration number: "
[1] 65
[1] "iteration number: "
[1] 66
[1] "Best fitness updated to:"
[1] -62.74461
[1] "Best solution:"
 [1] 0 1 0 0 0 1 0 0 1 0 1 0 1 0 0 1 1 1 1
[1] 9
[1] "iteration number: "
[1] 67
[1] "iteration number: "
[1] 68
[1] "iteration number: "
[1] 69
[1] "iteration number: "
[1] 70
[1] "iteration number: "
[1] 71
[1] "iteration number: "
[1] 72
[1] "iteration number: "
[1] 73
[1] "iteration number: "
[1] 74
[1] "iteration number: "
[1] 75
[1] "iteration number: "
[1] 76
[1] "iteration number: "
[1] 77
[1] "RE-INITIALIZING..."
[1] 1
[1] 5
[1] 15
 [1] 2 2 3 3 2 2 2 2 3 4 4 4 2 3 3 2 4 3 3 2
[1] "iteration number: "
[1] 78
[1] "iteration number: "
[1] 79
[1] "iteration number: "
[1] 80
[1] "iteration number: "
[1] 81
[1] "iteration number: "
[1] 82
[1] "iteration number: "
[1] 83
[1] "iteration number: "
[1] 84
[1] "iteration number: "
[1] 85
[1] "iteration number: "
[1] 86
[1] "iteration number: "
[1] 87
[1] "iteration number: "
[1] 88
[1] "RE-INITIALIZING..."
[1] 2
[1] 5
[1] 16
 [1] 3 2 2 1 2 2 3 4 1 2 3 1 2 2 2 2 1 3 4 4
[1] "iteration number: "
[1] 89
[1] "iteration number: "
[1] 90
[1] "iteration number: "
[1] 91
[1] "iteration number: "
[1] 92
[1] "iteration number: "
[1] 93
[1] "Best fitness updated to:"
[1] -63.0247
[1] "Best solution:"
 [1] 0 1 1 0 0 0 0 0 1 1 1 0 1 0 1 1 0 1 1
[1] 10
[1] "iteration number: "
[1] 94
[1] "iteration number: "
[1] 95
[1] "iteration number: "
[1] 96
[1] "Best fitness updated to:"
[1] -63.18354
[1] "Best solution:"
 [1] 0 1 1 0 1 0 0 0 1 1 1 0 1 1 0 1 0 1 1
[1] 11
[1] "iteration number: "
[1] 97
[1] "Best fitness updated to:"
[1] -63.27531
[1] "Best solution:"
 [1] 0 1 1 0 0 0 0 0 1 1 1 0 1 1 1 1 0 1 1
[1] 11
[1] "iteration number: "
[1] 98
[1] "iteration number: "
[1] 99
[1] "iteration number: "
[1] 100
[1] "iteration number: "
[1] 101
[1] "iteration number: "
[1] 102
[1] "iteration number: "
[1] 103
[1] "iteration number: "
[1] 104
[1] "iteration number: "
[1] 105
[1] "iteration number: "
[1] 106
[1] "iteration number: "
[1] 107
[1] "iteration number: "
[1] 108
[1] "RE-INITIALIZING..."
[1] 1
[1] 5
[1] 16
 [1] 3 2 2 1 2 2 3 4 1 2 3 1 2 2 2 2 1 3 4 4
[1] "iteration number: "
[1] 109
[1] "iteration number: "
[1] 110
[1] "iteration number: "
[1] 111
[1] "iteration number: "
[1] 112
[1] "iteration number: "
[1] 113
[1] "iteration number: "
[1] 114
[1] "iteration number: "
[1] 115
[1] "iteration number: "
[1] 116
[1] "iteration number: "
[1] 117
[1] "iteration number: "
[1] 118
[1] "iteration number: "
[1] 119
[1] "RE-INITIALIZING..."
[1] 2
[1] 5
[1] 17
 [1] 2 4 2 1 2 3 3 3 3 1 2 3 2 4 2 2 1 2 3 2
[1] "iteration number: "
[1] 120
[1] "iteration number: "
[1] 121
[1] "iteration number: "
[1] 122
[1] "iteration number: "
[1] 123
[1] "iteration number: "
[1] 124
[1] "iteration number: "
[1] 125
[1] "iteration number: "
[1] 126
[1] "iteration number: "
[1] 127
[1] "iteration number: "
[1] 128
[1] "iteration number: "
[1] 129
[1] "iteration number: "
[1] 130
[1] "RE-INITIALIZING..."
[1] 3
[1] 5
[1] 16
 [1] 2 2 3 3 2 2 2 2 3 4 4 4 2 3 3 2 4 3 3 2
[1] "iteration number: "
[1] 131
[1] "iteration number: "
[1] 132
[1] "iteration number: "
[1] 133
[1] "iteration number: "
[1] 134
[1] "iteration number: "
[1] 135
[1] "iteration number: "
[1] 136
[1] "iteration number: "
[1] 137
[1] "iteration number: "
[1] 138
[1] "iteration number: "
[1] 139
[1] "iteration number: "
[1] 140
[1] "iteration number: "
[1] 141
[1] "RE-INITIALIZING..."
[1] 4
[1] 5
[1] 16
 [1] 3 2 2 1 2 2 3 4 1 2 3 1 2 2 2 2 1 3 4 4
[1] "iteration number: "
[1] 142
[1] "iteration number: "
[1] 143
[1] "iteration number: "
[1] 144
[1] "iteration number: "
[1] 145
[1] "iteration number: "
[1] 146
[1] "iteration number: "
[1] 147
[1] "iteration number: "
[1] 148
[1] "iteration number: "
[1] 149
[1] "iteration number: "
[1] 150
[1] "iteration number: "
[1] 151
[1] "iteration number: "
[1] 152
[1] "RE-INITIALIZING..."
[1] 5
[1] 5
[1] 16
 [1] 2 4 2 1 2 3 3 3 3 1 2 3 2 4 2 2 1 2 3 2
[1] "iteration number: "
[1] 153
[1] "iteration number: "
[1] 154
[1] "iteration number: "
[1] 155
[1] "iteration number: "
[1] 156
[1] "iteration number: "
[1] 157
[1] "iteration number: "
[1] 158
[1] "iteration number: "
[1] 159
[1] "iteration number: "
[1] 160
[1] "iteration number: "
[1] 161
[1] "iteration number: "
[1] 162
[1] "iteration number: "
[1] 163
[1] "RE-INITIALIZING..."
[1] 6
[1] 5
[1] 16
[1] "No change for 6 iterations. Exiting PSO."
 [1]  2  3  9 10 11 13 14 16 18 19
[1] 1
[1] "##################################"
[1] "Results summary for itr:1"
[1] "number of features selected using population mean"
[1] 10
[1] "number of features selected using current global best"
[1] 10
[1] "feat ind length"
[1] 10
[1] "best accuracy"
[1] 63.27531
[1] "test acc:0.961538461538462"
[1] "##################################"
[1] "learning sets: 2"
  [1]  98  29  46  94  90  31  15 110  18  16 118  22   5   9  51  83  13  17
 [19] 103  45   6  72  42   8  43  71  91  73 129  66  74 117  89 109  32  23
 [37] 104  30 120  49 124  41  55  19  92  81  48  95  50  70 100  36  10 119
 [55]  58 127 102  88  84  86  26  35  34  59  96  85  53  82 125  39  28  56
 [73]  11  25  67   3 123  27 112 114 126  47   4 130 128  62   7  57  44 101
 [91]  12  63  65 106 122  97 113  38  77  21 116  69 121   2
[1] "Starting global iteration number : 2"
[1] "iteration number: "
[1] 1
[1] "Best fitness updated to:"
[1] -56.28164
[1] "Best solution:"
 [1] NA NA NA NA NA NA NA NA NA NA NA NA NA NA NA NA NA NA NA
[1] 0
[1] "iteration number: "
[1] 2
[1] "Best fitness updated to:"
[1] -61.86896
[1] "Best solution:"
 [1] 1 1 0 1 0 1 0 1 1 0 1 1 0 0 1 0 0 0 1
[1] 10
[1] "iteration number: "
[1] 3
[1] "iteration number: "
[1] 4
[1] "iteration number: "
[1] 5
[1] "iteration number: "
[1] 6
[1] "iteration number: "
[1] 7
[1] "iteration number: "
[1] 8
[1] "iteration number: "
[1] 9
[1] "iteration number: "
[1] 10
[1] "iteration number: "
[1] 11
[1] "iteration number: "
[1] 12
[1] "Best fitness updated to:"
[1] -62.22786
[1] "Best solution:"
 [1] 1 1 0 0 0 1 0 0 0 1 0 1 1 0 1 0 1 1 0
[1] 9
[1] "iteration number: "
[1] 13
[1] "iteration number: "
[1] 14
[1] "Best fitness updated to:"
[1] -62.65993
[1] "Best solution:"
 [1] 0 0 0 1 0 1 0 1 1 0 0 0 1 1 1 0 1 1 1
[1] 10
[1] "iteration number: "
[1] 15
[1] "iteration number: "
[1] 16
[1] "iteration number: "
[1] 17
[1] "iteration number: "
[1] 18
[1] "iteration number: "
[1] 19
[1] "iteration number: "
[1] 20
[1] "iteration number: "
[1] 21
[1] "iteration number: "
[1] 22
[1] "iteration number: "
[1] 23
[1] "iteration number: "
[1] 24
[1] "iteration number: "
[1] 25
[1] "RE-INITIALIZING..."
[1] 1
[1] 5
[1] 19
 [1] 3 2 1 3 4 2 4 2 1 2 3 3 3 3 1 2 3 2 4 2
[1] "iteration number: "
[1] 26
[1] "iteration number: "
[1] 27
[1] "iteration number: "
[1] 28
[1] "iteration number: "
[1] 29
[1] "iteration number: "
[1] 30
[1] "iteration number: "
[1] 31
[1] "iteration number: "
[1] 32
[1] "Best fitness updated to:"
[1] -62.82654
[1] "Best solution:"
 [1] 0 1 0 1 0 0 0 0 0 0 0 0 0 0 0 0 1 1 0
[1] 4
[1] "iteration number: "
[1] 33
[1] "iteration number: "
[1] 34
[1] "iteration number: "
[1] 35
[1] "iteration number: "
[1] 36
[1] "iteration number: "
[1] 37
[1] "iteration number: "
[1] 38
[1] "iteration number: "
[1] 39
[1] "iteration number: "
[1] 40
[1] "iteration number: "
[1] 41
[1] "iteration number: "
[1] 42
[1] "Best fitness updated to:"
[1] -62.98165
[1] "Best solution:"
 [1] 1 1 0 1 0 0 0 1 0 0 0 0 1 0 0 0 1 1 1
[1] 8
[1] "iteration number: "
[1] 43
[1] "iteration number: "
[1] 44
[1] "iteration number: "
[1] 45
[1] "iteration number: "
[1] 46
[1] "iteration number: "
[1] 47
[1] "iteration number: "
[1] 48
[1] "iteration number: "
[1] 49
[1] "iteration number: "
[1] 50
[1] "iteration number: "
[1] 51
[1] "iteration number: "
[1] 52
[1] "iteration number: "
[1] 53
[1] "RE-INITIALIZING..."
[1] 1
[1] 5
[1] 19
 [1] 1 3 4 2 4 2 1 2 3 3 3 3 1 2 3 2 4 2 2 1
[1] "iteration number: "
[1] 54
[1] "iteration number: "
[1] 55
[1] "iteration number: "
[1] 56
[1] "iteration number: "
[1] 57
[1] "Best fitness updated to:"
[1] -64.15246
[1] "Best solution:"
 [1] 0 1 0 1 0 1 0 1 1 0 0 0 1 1 1 0 1 1 1
[1] 11
[1] "iteration number: "
[1] 58
[1] "iteration number: "
[1] 59
[1] "iteration number: "
[1] 60
[1] "iteration number: "
[1] 61
[1] "iteration number: "
[1] 62
[1] "iteration number: "
[1] 63
[1] "iteration number: "
[1] 64
[1] "iteration number: "
[1] 65
[1] "iteration number: "
[1] 66
[1] "iteration number: "
[1] 67
[1] "iteration number: "
[1] 68
[1] "RE-INITIALIZING..."
[1] 1
[1] 5
[1] 18
 [1] 2 2 3 3 2 2 2 2 3 4 4 4 2 3 3 2 4 3 3 2
[1] "iteration number: "
[1] 69
[1] "iteration number: "
[1] 70
[1] "iteration number: "
[1] 71
[1] "iteration number: "
[1] 72
[1] "iteration number: "
[1] 73
[1] "iteration number: "
[1] 74
[1] "iteration number: "
[1] 75
[1] "iteration number: "
[1] 76
[1] "iteration number: "
[1] 77
[1] "iteration number: "
[1] 78
[1] "iteration number: "
[1] 79
[1] "RE-INITIALIZING..."
[1] 2
[1] 5
[1] 17
 [1] 3 2 2 1 2 2 3 4 1 2 3 1 2 2 2 2 1 3 4 4
[1] "iteration number: "
[1] 80
[1] "iteration number: "
[1] 81
[1] "iteration number: "
[1] 82
[1] "iteration number: "
[1] 83
[1] "iteration number: "
[1] 84
[1] "iteration number: "
[1] 85
[1] "iteration number: "
[1] 86
[1] "iteration number: "
[1] 87
[1] "iteration number: "
[1] 88
[1] "iteration number: "
[1] 89
[1] "iteration number: "
[1] 90
[1] "RE-INITIALIZING..."
[1] 3
[1] 5
[1] 17
 [1] 3 1 2 4 3 1 3 1 2 2 2 1 2 3 2 3 3 4 3 4
[1] "iteration number: "
[1] 91
[1] "iteration number: "
[1] 92
[1] "iteration number: "
[1] 93
[1] "iteration number: "
[1] 94
[1] "iteration number: "
[1] 95
[1] "iteration number: "
[1] 96
[1] "iteration number: "
[1] 97
[1] "iteration number: "
[1] 98
[1] "iteration number: "
[1] 99
[1] "iteration number: "
[1] 100
[1] "iteration number: "
[1] 101
[1] "RE-INITIALIZING..."
[1] 4
[1] 5
[1] 16
 [1] 3 2 2 1 2 2 3 4 1 2 3 1 2 2 2 2 1 3 4 4
[1] "iteration number: "
[1] 102
[1] "iteration number: "
[1] 103
[1] "iteration number: "
[1] 104
[1] "iteration number: "
[1] 105
[1] "iteration number: "
[1] 106
[1] "iteration number: "
[1] 107
[1] "iteration number: "
[1] 108
[1] "iteration number: "
[1] 109
[1] "iteration number: "
[1] 110
[1] "iteration number: "
[1] 111
[1] "iteration number: "
[1] 112
[1] "RE-INITIALIZING..."
[1] 5
[1] 5
[1] 17
 [1] 2 4 2 1 2 3 3 3 3 1 2 3 2 4 2 2 1 2 3 2
[1] "iteration number: "
[1] 113
[1] "iteration number: "
[1] 114
[1] "iteration number: "
[1] 115
[1] "iteration number: "
[1] 116
[1] "iteration number: "
[1] 117
[1] "iteration number: "
[1] 118
[1] "iteration number: "
[1] 119
[1] "iteration number: "
[1] 120
[1] "iteration number: "
[1] 121
[1] "iteration number: "
[1] 122
[1] "iteration number: "
[1] 123
[1] "RE-INITIALIZING..."
[1] 6
[1] 5
[1] 15
[1] "No change for 6 iterations. Exiting PSO."
 [1]  4  6  7  8  9 11 13 14 16 17 18 19
[1] 2
[1] "##################################"
[1] "Results summary for itr:2"
[1] "number of features selected using population mean"
[1] 12
[1] "number of features selected using current global best"
[1] 12
[1] "feat ind length"
[1] 12
[1] "best accuracy"
[1] 64.15246
[1] "test acc:1"
[1] "##################################"
[1] "learning sets: 3"
  [1]   9  15  60 110  68  29  66  80  78 104 118 120  49  83  72  42  87  73
 [19]  14  31  74   8  98  94  22  51  76  54 117  17 129  46  23  45  91  89
 [37] 109  43  16   5  55 101  67 123 115  20  25  97  82  59 125  53  39   7
 [55] 114   3   1  85  28  81  50  47  99  40  75 113  19  26 130  34  10  65
 [73]  57 112 128  61  35 111  70 105  69  21 122  58  11  86  41  52 116  38
 [91] 102   2  79  84  64  96 127  62  56  95 100 106   4  93
[1] "Starting global iteration number : 3"
[1] "iteration number: "
[1] 1
[1] "Best fitness updated to:"
[1] -57.37581
[1] "Best solution:"
 [1] NA NA NA NA NA NA NA NA NA NA NA NA NA NA NA NA NA NA NA
[1] 0
[1] "iteration number: "
[1] 2
[1] "iteration number: "
[1] 3
[1] "Best fitness updated to:"
[1] -59.3925
[1] "Best solution:"
 [1] 1 0 1 1 1 0 1 0 0 1 1 1 1 1 1 1 0 1 0
[1] 13
[1] "iteration number: "
[1] 4
[1] "iteration number: "
[1] 5
[1] "Best fitness updated to:"
[1] -60.94993
[1] "Best solution:"
 [1] 0 0 1 0 1 0 1 0 1 1 1 0 0 1 1 1 1 0 1
[1] 11
[1] "iteration number: "
[1] 6
[1] "iteration number: "
[1] 7
[1] "iteration number: "
[1] 8
[1] "iteration number: "
[1] 9
[1] "iteration number: "
[1] 10
[1] "iteration number: "
[1] 11
[1] "iteration number: "
[1] 12
[1] "iteration number: "
[1] 13
[1] "iteration number: "
[1] 14
[1] "iteration number: "
[1] 15
[1] "iteration number: "
[1] 16
[1] "RE-INITIALIZING..."
[1] 1
[1] 5
[1] 19
 [1] 3 2 4 1 2 4 2 3 1 1 2 1 1 2 3 2 1 3 2 3
[1] "iteration number: "
[1] 17
[1] "iteration number: "
[1] 18
[1] "iteration number: "
[1] 19
[1] "iteration number: "
[1] 20
[1] "iteration number: "
[1] 21
[1] "Best fitness updated to:"
[1] -61.67968
[1] "Best solution:"
 [1] 1 1 0 0 0 0 0 1 1 0 1 0 0 0 1 1 0 0 1
[1] 8
[1] "iteration number: "
[1] 22
[1] "iteration number: "
[1] 23
[1] "Best fitness updated to:"
[1] -62.67045
[1] "Best solution:"
 [1] 1 0 1 0 0 1 1 1 1 1 0 0 0 1 1 1 1 1 1
[1] 13
[1] "iteration number: "
[1] 24
[1] "iteration number: "
[1] 25
[1] "iteration number: "
[1] 26
[1] "iteration number: "
[1] 27
[1] "iteration number: "
[1] 28
[1] "iteration number: "
[1] 29
[1] "iteration number: "
[1] 30
[1] "iteration number: "
[1] 31
[1] "iteration number: "
[1] 32
[1] "iteration number: "
[1] 33
[1] "iteration number: "
[1] 34
[1] "RE-INITIALIZING..."
[1] 1
[1] 5
[1] 18
 [1] 2 3 2 2 1 4 1 3 1 1 3 2 4 3 2 2 3 1 2 1
[1] "iteration number: "
[1] 35
[1] "iteration number: "
[1] 36
[1] "iteration number: "
[1] 37
[1] "iteration number: "
[1] 38
[1] "iteration number: "
[1] 39
[1] "Best fitness updated to:"
[1] -62.89552
[1] "Best solution:"
 [1] 1 0 0 0 1 0 1 0 1 1 1 0 0 0 1 0 1 1 1
[1] 10
[1] "iteration number: "
[1] 40
[1] "iteration number: "
[1] 41
[1] "iteration number: "
[1] 42
[1] "iteration number: "
[1] 43
[1] "iteration number: "
[1] 44
[1] "iteration number: "
[1] 45
[1] "iteration number: "
[1] 46
[1] "Best fitness updated to:"
[1] -62.96002
[1] "Best solution:"
 [1] 1 0 0 0 1 0 0 0 1 1 1 0 0 0 1 0 1 1 1
[1] 9
[1] "iteration number: "
[1] 47
[1] "iteration number: "
[1] 48
[1] "iteration number: "
[1] 49
[1] "iteration number: "
[1] 50
[1] "iteration number: "
[1] 51
[1] "iteration number: "
[1] 52
[1] "iteration number: "
[1] 53
[1] "iteration number: "
[1] 54
[1] "iteration number: "
[1] 55
[1] "iteration number: "
[1] 56
[1] "iteration number: "
[1] 57
[1] "RE-INITIALIZING..."
[1] 1
[1] 5
[1] 17
 [1] 2 1 2 2 3 1 1 3 1 2 2 2 2 2 2 2 1 2 4 1
[1] "iteration number: "
[1] 58
[1] "iteration number: "
[1] 59
[1] "iteration number: "
[1] 60
[1] "iteration number: "
[1] 61
[1] "iteration number: "
[1] 62
[1] "iteration number: "
[1] 63
[1] "iteration number: "
[1] 64
[1] "iteration number: "
[1] 65
[1] "iteration number: "
[1] 66
[1] "iteration number: "
[1] 67
[1] "iteration number: "
[1] 68
[1] "RE-INITIALIZING..."
[1] 2
[1] 5
[1] 16
 [1] 3 2 2 1 2 2 3 4 1 2 3 1 2 2 2 2 1 3 4 4
[1] "iteration number: "
[1] 69
[1] "iteration number: "
[1] 70
[1] "iteration number: "
[1] 71
[1] "iteration number: "
[1] 72
[1] "iteration number: "
[1] 73
[1] "iteration number: "
[1] 74
[1] "iteration number: "
[1] 75
[1] "iteration number: "
[1] 76
[1] "iteration number: "
[1] 77
[1] "iteration number: "
[1] 78
[1] "iteration number: "
[1] 79
[1] "RE-INITIALIZING..."
[1] 3
[1] 5
[1] 17
 [1] 4 2 4 2 1 2 3 3 3 3 1 2 3 2 4 2 2 1 2 3
[1] "iteration number: "
[1] 80
[1] "iteration number: "
[1] 81
[1] "iteration number: "
[1] 82
[1] "iteration number: "
[1] 83
[1] "iteration number: "
[1] 84
[1] "iteration number: "
[1] 85
[1] "iteration number: "
[1] 86
[1] "iteration number: "
[1] 87
[1] "iteration number: "
[1] 88
[1] "iteration number: "
[1] 89
[1] "iteration number: "
[1] 90
[1] "RE-INITIALIZING..."
[1] 4
[1] 5
[1] 16
 [1] 3 2 2 1 2 2 3 4 1 2 3 1 2 2 2 2 1 3 4 4
[1] "iteration number: "
[1] 91
[1] "iteration number: "
[1] 92
[1] "iteration number: "
[1] 93
[1] "iteration number: "
[1] 94
[1] "iteration number: "
[1] 95
[1] "iteration number: "
[1] 96
[1] "iteration number: "
[1] 97
[1] "iteration number: "
[1] 98
[1] "iteration number: "
[1] 99
[1] "iteration number: "
[1] 100
[1] "iteration number: "
[1] 101
[1] "RE-INITIALIZING..."
[1] 5
[1] 5
[1] 14
 [1] 2 4 2 1 2 3 3 3 3 1 2 3 2 4 2 2 1 2 3 2
[1] "iteration number: "
[1] 102
[1] "iteration number: "
[1] 103
[1] "iteration number: "
[1] 104
[1] "iteration number: "
[1] 105
[1] "iteration number: "
[1] 106
[1] "iteration number: "
[1] 107
[1] "iteration number: "
[1] 108
[1] "iteration number: "
[1] 109
[1] "iteration number: "
[1] 110
[1] "iteration number: "
[1] 111
[1] "iteration number: "
[1] 112
[1] "RE-INITIALIZING..."
[1] 6
[1] 5
[1] 12
 [1] 2 4 2 1 2 3 3 3 3 1 2 3 2 4 2 2 1 2 3 2
[1] "iteration number: "
[1] 113
[1] "iteration number: "
[1] 114
[1] "iteration number: "
[1] 115
[1] "iteration number: "
[1] 116
[1] "iteration number: "
[1] 117
[1] "iteration number: "
[1] 118
[1] "iteration number: "
[1] 119
[1] "iteration number: "
[1] 120
[1] "iteration number: "
[1] 121
[1] "iteration number: "
[1] 122
[1] "iteration number: "
[1] 123
[1] "RE-INITIALIZING..."
[1] 7
[1] 5
[1] 11
[1] "No change for 7 iterations. Exiting PSO."
 [1]  1  5  7  9 10 11 15 16 17 18 19
[1] 3
[1] "##################################"
[1] "Results summary for itr:3"
[1] "number of features selected using population mean"
[1] 11
[1] "number of features selected using current global best"
[1] 11
[1] "feat ind length"
[1] 11
[1] "best accuracy"
[1] 62.96002
[1] "test acc:1"
[1] "##################################"
[1] "learning sets: 4"
  [1] 117  15  60  73  98  66  16  46  87  45   5  18  29 118  31  76 110   9
 [19]  80 104  13 120  90  89  24  94  83  71  51  74  17 109  42  68  30   8
 [37]  22  43  49 103 125  81   1  92  99 108  70  27  26  79   2  77   3 124
 [55] 111  11  39  86  34  48  69  35  82  38 102  63  67  58 123  25  97  20
 [73] 106 114 105  19 122 128  41  12   7 119  28 126  93  59  62 107  37  84
 [91] 116  53  57 101  55  47  61  64  44  88   4 113  50 121
[1] "Starting global iteration number : 4"
[1] "iteration number: "
[1] 1
[1] "Best fitness updated to:"
[1] -58.34083
[1] "Best solution:"
 [1] NA NA NA NA NA NA NA NA NA NA NA NA NA NA NA NA NA NA NA
[1] 0
[1] "iteration number: "
[1] 2
[1] "Best fitness updated to:"
[1] -59.94382
[1] "Best solution:"
 [1] 1 1 0 1 0 1 0 1 1 0 1 1 0 0 1 0 0 0 1
[1] 10
[1] "iteration number: "
[1] 3
[1] "Best fitness updated to:"
[1] -60.62684
[1] "Best solution:"
 [1] 0 0 0 1 0 1 0 1 0 0 0 0 1 0 0 0 1 1 1
[1] 7
[1] "iteration number: "
[1] 4
[1] "Best fitness updated to:"
[1] -61.87389
[1] "Best solution:"
 [1] 1 0 0 1 1 1 0 1 0 0 1 0 1 1 1 0 1 1 1
[1] 12
[1] "iteration number: "
[1] 5
[1] "Best fitness updated to:"
[1] -61.90861
[1] "Best solution:"
 [1] 1 1 0 1 1 1 0 1 0 0 1 0 1 1 1 1 1 1 1
[1] 14
[1] "iteration number: "
[1] 6
[1] "iteration number: "
[1] 7
[1] "Best fitness updated to:"
[1] -62.9693
[1] "Best solution:"
 [1] 1 1 0 1 1 1 0 1 1 0 1 0 1 1 0 1 1 1 1
[1] 14
[1] "iteration number: "
[1] 8
[1] "iteration number: "
[1] 9
[1] "Best fitness updated to:"
[1] -63.12433
[1] "Best solution:"
 [1] 1 1 1 1 1 1 0 0 1 0 1 0 1 1 1 1 1 1 1
[1] 15
[1] "iteration number: "
[1] 10
[1] "iteration number: "
[1] 11
[1] "iteration number: "
[1] 12
[1] "iteration number: "
[1] 13
[1] "iteration number: "
[1] 14
[1] "iteration number: "
[1] 15
[1] "iteration number: "
[1] 16
[1] "iteration number: "
[1] 17
[1] "iteration number: "
[1] 18
[1] "iteration number: "
[1] 19
[1] "iteration number: "
[1] 20
[1] "RE-INITIALIZING..."
[1] 1
[1] 5
[1] 19
 [1] 2 2 3 3 2 2 2 2 3 4 4 4 2 3 3 2 4 3 3 2
[1] "iteration number: "
[1] 21
[1] "iteration number: "
[1] 22
[1] "Best fitness updated to:"
[1] -63.17286
[1] "Best solution:"
 [1] 0 1 1 0 1 0 0 0 1 0 0 0 1 1 1 1 1 1 1
[1] 11
[1] "iteration number: "
[1] 23
[1] "Best fitness updated to:"
[1] -63.51594
[1] "Best solution:"
 [1] 0 1 1 1 1 1 0 0 1 0 1 1 1 1 1 0 1 1 1
[1] 14
[1] "iteration number: "
[1] 24
[1] "iteration number: "
[1] 25
[1] "iteration number: "
[1] 26
[1] "iteration number: "
[1] 27
[1] "iteration number: "
[1] 28
[1] "iteration number: "
[1] 29
[1] "iteration number: "
[1] 30
[1] "iteration number: "
[1] 31
[1] "iteration number: "
[1] 32
[1] "iteration number: "
[1] 33
[1] "iteration number: "
[1] 34
[1] "RE-INITIALIZING..."
[1] 1
[1] 5
[1] 19
 [1] 3 2 2 1 2 2 3 4 1 2 3 1 2 2 2 2 1 3 4 4
[1] "iteration number: "
[1] 35
[1] "iteration number: "
[1] 36
[1] "iteration number: "
[1] 37
[1] "iteration number: "
[1] 38
[1] "Best fitness updated to:"
[1] -64.34048
[1] "Best solution:"
 [1] 1 1 1 0 1 0 1 0 1 0 1 1 1 0 1 1 1 1 1
[1] 14
[1] "iteration number: "
[1] 39
[1] "iteration number: "
[1] 40
[1] "iteration number: "
[1] 41
[1] "iteration number: "
[1] 42
[1] "Best fitness updated to:"
[1] -64.55028
[1] "Best solution:"
 [1] 1 1 1 0 0 0 1 0 1 0 1 1 1 0 1 1 1 1 1
[1] 13
[1] "iteration number: "
[1] 43
[1] "Best fitness updated to:"
[1] -64.7565
[1] "Best solution:"
 [1] 1 1 1 0 0 0 1 0 1 1 1 1 1 1 1 1 1 1 1
[1] 15
[1] "iteration number: "
[1] 44
[1] "iteration number: "
[1] 45
[1] "iteration number: "
[1] 46
[1] "iteration number: "
[1] 47
[1] "iteration number: "
[1] 48
[1] "iteration number: "
[1] 49
[1] "iteration number: "
[1] 50
[1] "iteration number: "
[1] 51
[1] "iteration number: "
[1] 52
[1] "iteration number: "
[1] 53
[1] "iteration number: "
[1] 54
[1] "RE-INITIALIZING..."
[1] 1
[1] 5
[1] 18
 [1] 2 2 3 3 2 2 2 2 3 4 4 4 2 3 3 2 4 3 3 2
[1] "iteration number: "
[1] 55
[1] "iteration number: "
[1] 56
[1] "iteration number: "
[1] 57
[1] "iteration number: "
[1] 58
[1] "iteration number: "
[1] 59
[1] "iteration number: "
[1] 60
[1] "iteration number: "
[1] 61
[1] "iteration number: "
[1] 62
[1] "iteration number: "
[1] 63
[1] "iteration number: "
[1] 64
[1] "iteration number: "
[1] 65
[1] "RE-INITIALIZING..."
[1] 2
[1] 5
[1] 17
 [1] 2 2 3 3 2 2 2 2 3 4 4 4 2 3 3 2 4 3 3 2
[1] "iteration number: "
[1] 66
[1] "iteration number: "
[1] 67
[1] "iteration number: "
[1] 68
[1] "iteration number: "
[1] 69
[1] "iteration number: "
[1] 70
[1] "iteration number: "
[1] 71
[1] "iteration number: "
[1] 72
[1] "iteration number: "
[1] 73
[1] "iteration number: "
[1] 74
[1] "iteration number: "
[1] 75
[1] "iteration number: "
[1] 76
[1] "RE-INITIALIZING..."
[1] 3
[1] 5
[1] 17
 [1] 3 2 2 1 2 2 3 4 1 2 3 1 2 2 2 2 1 3 4 4
[1] "iteration number: "
[1] 77
[1] "iteration number: "
[1] 78
[1] "iteration number: "
[1] 79
[1] "iteration number: "
[1] 80
[1] "iteration number: "
[1] 81
[1] "iteration number: "
[1] 82
[1] "iteration number: "
[1] 83
[1] "iteration number: "
[1] 84
[1] "iteration number: "
[1] 85
[1] "iteration number: "
[1] 86
[1] "iteration number: "
[1] 87
[1] "RE-INITIALIZING..."
[1] 4
[1] 5
[1] 17
 [1] 2 4 2 1 2 3 3 3 3 1 2 3 2 4 2 2 1 2 3 2
[1] "iteration number: "
[1] 88
[1] "iteration number: "
[1] 89
[1] "iteration number: "
[1] 90
[1] "iteration number: "
[1] 91
[1] "iteration number: "
[1] 92
[1] "iteration number: "
[1] 93
[1] "iteration number: "
[1] 94
[1] "iteration number: "
[1] 95
[1] "iteration number: "
[1] 96
[1] "iteration number: "
[1] 97
[1] "iteration number: "
[1] 98
[1] "RE-INITIALIZING..."
[1] 5
[1] 5
[1] 17
 [1] 2 4 2 1 2 3 3 3 3 1 2 3 2 4 2 2 1 2 3 2
[1] "iteration number: "
[1] 99
[1] "iteration number: "
[1] 100
[1] "iteration number: "
[1] 101
[1] "iteration number: "
[1] 102
[1] "iteration number: "
[1] 103
[1] "iteration number: "
[1] 104
[1] "iteration number: "
[1] 105
[1] "iteration number: "
[1] 106
[1] "iteration number: "
[1] 107
[1] "iteration number: "
[1] 108
[1] "iteration number: "
[1] 109
[1] "RE-INITIALIZING..."
[1] 6
[1] 5
[1] 17
[1] "No change for 6 iterations. Exiting PSO."
 [1]  1  2  3  7  9 10 11 12 13 15 16 17 18 19
[1] 4
[1] "##################################"
[1] "Results summary for itr:4"
[1] "number of features selected using population mean"
[1] 14
[1] "number of features selected using current global best"
[1] 14
[1] "feat ind length"
[1] 14
[1] "best accuracy"
[1] 64.7565
[1] "test acc:1"
[1] "##################################"
[1] "learning sets: 5"
  [1]  22  90  74 104  60  78  23  16 120  43  13  46   6 118  17  54  32  51
 [19]  30  29   8  18 117  31  94  73  72  83  91 129 110  14  80  87  24  98
 [37] 103  15  76  45  79 116  37  36  52  85  53  48  11  63  75  25  97  61
 [55]  81  10  50  44  82 101  62  56  88 130  64 126 124  35   1  84 123  40
 [73]  27   2  59  67  28  95  41   3  86 107  34 108  58 105 115  93  20  69
 [91] 128  92  21   4  55  99  38   7 111 122 127 112 113  47
[1] "Starting global iteration number : 5"
[1] "iteration number: "
[1] 1
[1] "Best fitness updated to:"
[1] -52.56135
[1] "Best solution:"
 [1] NA NA NA NA NA NA NA NA NA NA NA NA NA NA NA NA NA NA NA
[1] 0
[1] "iteration number: "
[1] 2
[1] "Best fitness updated to:"
[1] -57.56051
[1] "Best solution:"
 [1] 1 1 0 1 0 1 0 1 1 0 1 1 0 0 1 0 0 0 1
[1] 10
[1] "iteration number: "
[1] 3
[1] "Best fitness updated to:"
[1] -59.5957
[1] "Best solution:"
 [1] 1 1 0 1 1 0 0 0 1 0 0 0 1 0 1 1 0 0 0
[1] 8
[1] "iteration number: "
[1] 4
[1] "iteration number: "
[1] 5
[1] "Best fitness updated to:"
[1] -61.59667
[1] "Best solution:"
 [1] 0 1 0 0 1 0 0 0 1 0 1 0 1 0 0 1 0 0 1
[1] 7
[1] "iteration number: "
[1] 6
[1] "iteration number: "
[1] 7
[1] "iteration number: "
[1] 8
[1] "iteration number: "
[1] 9
[1] "iteration number: "
[1] 10
[1] "iteration number: "
[1] 11
[1] "iteration number: "
[1] 12
[1] "iteration number: "
[1] 13
[1] "iteration number: "
[1] 14
[1] "iteration number: "
[1] 15
[1] "iteration number: "
[1] 16
[1] "RE-INITIALIZING..."
[1] 1
[1] 5
[1] 18
 [1] 3 2 4 1 2 4 2 3 1 1 2 1 1 2 3 2 1 3 2 3
[1] "iteration number: "
[1] 17
[1] "iteration number: "
[1] 18
[1] "iteration number: "
[1] 19
[1] "iteration number: "
[1] 20
[1] "iteration number: "
[1] 21
[1] "Best fitness updated to:"
[1] -62.09233
[1] "Best solution:"
 [1] 0 1 0 0 1 0 0 0 1 0 1 0 1 0 0 0 0 0 1
[1] 6
[1] "iteration number: "
[1] 22
[1] "iteration number: "
[1] 23
[1] "iteration number: "
[1] 24
[1] "iteration number: "
[1] 25
[1] "iteration number: "
[1] 26
[1] "iteration number: "
[1] 27
[1] "iteration number: "
[1] 28
[1] "Best fitness updated to:"
[1] -62.38205
[1] "Best solution:"
 [1] 0 1 0 1 0 0 1 0 1 0 1 0 1 0 0 1 1 0 1
[1] 9
[1] "iteration number: "
[1] 29
[1] "iteration number: "
[1] 30
[1] "iteration number: "
[1] 31
[1] "iteration number: "
[1] 32
[1] "iteration number: "
[1] 33
[1] "iteration number: "
[1] 34
[1] "iteration number: "
[1] 35
[1] "iteration number: "
[1] 36
[1] "iteration number: "
[1] 37
[1] "iteration number: "
[1] 38
[1] "iteration number: "
[1] 39
[1] "RE-INITIALIZING..."
[1] 1
[1] 5
[1] 16
 [1] 3 1 4 2 3 2 1 2 4 2 2 2 3 3 2 1 2 3 1 2
[1] "iteration number: "
[1] 40
[1] "iteration number: "
[1] 41
[1] "iteration number: "
[1] 42
[1] "iteration number: "
[1] 43
[1] "Best fitness updated to:"
[1] -62.38857
[1] "Best solution:"
 [1] 0 1 0 1 0 0 1 1 1 0 1 0 1 0 0 1 1 1 1
[1] 11
[1] "iteration number: "
[1] 44
[1] "iteration number: "
[1] 45
[1] "iteration number: "
[1] 46
[1] "iteration number: "
[1] 47
[1] "iteration number: "
[1] 48
[1] "Best fitness updated to:"
[1] -62.56052
[1] "Best solution:"
 [1] 0 1 0 1 0 0 1 1 1 0 1 0 0 0 0 1 1 0 1
[1] 9
[1] "iteration number: "
[1] 49
[1] "Best fitness updated to:"
[1] -62.73234
[1] "Best solution:"
 [1] 0 0 0 1 1 0 1 0 1 0 1 0 1 0 0 0 0 0 1
[1] 7
[1] "iteration number: "
[1] 50
[1] "Best fitness updated to:"
[1] -62.87008
[1] "Best solution:"
 [1] 0 0 0 1 0 0 1 1 0 1 1 0 1 0 0 1 1 0 0
[1] 8
[1] "iteration number: "
[1] 51
[1] "iteration number: "
[1] 52
[1] "iteration number: "
[1] 53
[1] "iteration number: "
[1] 54
[1] "iteration number: "
[1] 55
[1] "iteration number: "
[1] 56
[1] "iteration number: "
[1] 57
[1] "iteration number: "
[1] 58
[1] "iteration number: "
[1] 59
[1] "iteration number: "
[1] 60
[1] "iteration number: "
[1] 61
[1] "RE-INITIALIZING..."
[1] 1
[1] 5
[1] 16
 [1] 3 2 2 1 2 2 3 4 1 2 3 1 2 2 2 2 1 3 4 4
[1] "iteration number: "
[1] 62
[1] "iteration number: "
[1] 63
[1] "iteration number: "
[1] 64
[1] "iteration number: "
[1] 65
[1] "iteration number: "
[1] 66
[1] "iteration number: "
[1] 67
[1] "iteration number: "
[1] 68
[1] "iteration number: "
[1] 69
[1] "iteration number: "
[1] 70
[1] "iteration number: "
[1] 71
[1] "iteration number: "
[1] 72
[1] "RE-INITIALIZING..."
[1] 2
[1] 5
[1] 16
 [1] 3 4 2 4 2 1 2 3 3 3 3 1 2 3 2 4 2 2 1 2
[1] "iteration number: "
[1] 73
[1] "iteration number: "
[1] 74
[1] "iteration number: "
[1] 75
[1] "iteration number: "
[1] 76
[1] "iteration number: "
[1] 77
[1] "iteration number: "
[1] 78
[1] "iteration number: "
[1] 79
[1] "iteration number: "
[1] 80
[1] "iteration number: "
[1] 81
[1] "iteration number: "
[1] 82
[1] "iteration number: "
[1] 83
[1] "RE-INITIALIZING..."
[1] 3
[1] 5
[1] 15
 [1] 2 2 3 3 2 2 2 2 3 4 4 4 2 3 3 2 4 3 3 2
[1] "iteration number: "
[1] 84
[1] "iteration number: "
[1] 85
[1] "iteration number: "
[1] 86
[1] "iteration number: "
[1] 87
[1] "iteration number: "
[1] 88
[1] "iteration number: "
[1] 89
[1] "iteration number: "
[1] 90
[1] "iteration number: "
[1] 91
[1] "iteration number: "
[1] 92
[1] "iteration number: "
[1] 93
[1] "iteration number: "
[1] 94
[1] "RE-INITIALIZING..."
[1] 4
[1] 5
[1] 12
 [1] 3 2 2 1 2 2 3 4 1 2 3 1 2 2 2 2 1 3 4 4
[1] "iteration number: "
[1] 95
[1] "iteration number: "
[1] 96
[1] "iteration number: "
[1] 97
[1] "Best fitness updated to:"
[1] -62.91171
[1] "Best solution:"
 [1] 1 1 0 0 0 0 0 0 0 0 0 0 1 0 0 1 0 0 1
[1] 5
[1] "iteration number: "
[1] 98
[1] "iteration number: "
[1] 99
[1] "iteration number: "
[1] 100
[1] "iteration number: "
[1] 101
[1] "iteration number: "
[1] 102
[1] "iteration number: "
[1] 103
[1] "iteration number: "
[1] 104
[1] "iteration number: "
[1] 105
[1] "iteration number: "
[1] 106
[1] "iteration number: "
[1] 107
[1] "iteration number: "
[1] 108
[1] "RE-INITIALIZING..."
[1] 1
[1] 5
[1] 12
 [1] 3 2 2 1 2 2 3 4 1 2 3 1 2 2 2 2 1 3 4 4
[1] "iteration number: "
[1] 109
[1] "iteration number: "
[1] 110
[1] "iteration number: "
[1] 111
[1] "iteration number: "
[1] 112
[1] "iteration number: "
[1] 113
[1] "iteration number: "
[1] 114
[1] "iteration number: "
[1] 115
[1] "iteration number: "
[1] 116
[1] "iteration number: "
[1] 117
[1] "iteration number: "
[1] 118
[1] "iteration number: "
[1] 119
[1] "RE-INITIALIZING..."
[1] 2
[1] 5
[1] 12
 [1] 4 2 4 2 1 2 3 3 3 3 1 2 3 2 4 2 2 1 2 3
[1] "iteration number: "
[1] 120
[1] "iteration number: "
[1] 121
[1] "iteration number: "
[1] 122
[1] "iteration number: "
[1] 123
[1] "iteration number: "
[1] 124
[1] "iteration number: "
[1] 125
[1] "iteration number: "
[1] 126
[1] "iteration number: "
[1] 127
[1] "iteration number: "
[1] 128
[1] "iteration number: "
[1] 129
[1] "iteration number: "
[1] 130
[1] "RE-INITIALIZING..."
[1] 3
[1] 5
[1] 12
 [1] 3 2 2 1 2 2 3 4 1 2 3 1 2 2 2 2 1 3 4 4
[1] "iteration number: "
[1] 131
[1] "iteration number: "
[1] 132
[1] "iteration number: "
[1] 133
[1] "iteration number: "
[1] 134
[1] "iteration number: "
[1] 135
[1] "iteration number: "
[1] 136
[1] "iteration number: "
[1] 137
[1] "iteration number: "
[1] 138
[1] "iteration number: "
[1] 139
[1] "iteration number: "
[1] 140
[1] "iteration number: "
[1] 141
[1] "RE-INITIALIZING..."
[1] 4
[1] 5
[1] 11
 [1] 2 4 2 1 2 3 3 3 3 1 2 3 2 4 2 2 1 2 3 2
[1] "iteration number: "
[1] 142
[1] "iteration number: "
[1] 143
[1] "iteration number: "
[1] 144
[1] "iteration number: "
[1] 145
[1] "iteration number: "
[1] 146
[1] "iteration number: "
[1] 147
[1] "iteration number: "
[1] 148
[1] "iteration number: "
[1] 149
[1] "iteration number: "
[1] 150
[1] "iteration number: "
[1] 151
[1] "iteration number: "
[1] 152
[1] "RE-INITIALIZING..."
[1] 5
[1] 5
[1] 11
 [1] 2 4 2 1 2 3 3 3 3 1 2 3 2 4 2 2 1 2 3 2
[1] "iteration number: "
[1] 153
[1] "iteration number: "
[1] 154
[1] "iteration number: "
[1] 155
[1] "iteration number: "
[1] 156
[1] "iteration number: "
[1] 157
[1] "iteration number: "
[1] 158
[1] "iteration number: "
[1] 159
[1] "iteration number: "
[1] 160
[1] "iteration number: "
[1] 161
[1] "iteration number: "
[1] 162
[1] "iteration number: "
[1] 163
[1] "RE-INITIALIZING..."
[1] 6
[1] 5
[1] 11
[1] "No change for 6 iterations. Exiting PSO."
[1]  7 11 13 16 17 19
[1] 5
[1] "##################################"
[1] "Results summary for itr:5"
[1] "number of features selected using population mean"
[1] 6
[1] "number of features selected using current global best"
[1] 6
[1] "feat ind length"
[1] 6
[1] "best accuracy"
[1] 62.91171
[1] "test acc:1"
[1] "##################################"
[1] "learning sets: 6"
  [1]  13   5  17  66  94 103  80  30  14  51  42  76  74  91 117 118 109 104
 [19]  23  29   6  98  43  68  31  71  60 110  45  46  24  73  16  49  18  87
 [37]   8 129  83  22 126  77  67 106   2  20  36  39  55  69 116   1  81 112
 [55]   7  82 101  65 114 105  57  19  61 124   3  86  95  75  58  79 127  41
 [73]  21 111 102 113  11 121  64 128 130  92  37  12  93  47  25   4  84  99
 [91] 107  44 119  35  38  40  48  28 125  34  52  88  85 123
[1] "Starting global iteration number : 6"
[1] "iteration number: "
[1] 1
[1] "Best fitness updated to:"
[1] -57.73147
[1] "Best solution:"
 [1] NA NA NA NA NA NA NA NA NA NA NA NA NA NA NA NA NA NA NA
[1] 0
[1] "iteration number: "
[1] 2
[1] "iteration number: "
[1] 3
[1] "Best fitness updated to:"
[1] -60.15838
[1] "Best solution:"
 [1] 1 0 1 1 1 0 1 0 0 1 1 1 1 1 1 1 0 1 0
[1] 13
[1] "iteration number: "
[1] 4
[1] "iteration number: "
[1] 5
[1] "iteration number: "
[1] 6
[1] "Best fitness updated to:"
[1] -60.17979
[1] "Best solution:"
 [1] 0 1 0 1 0 0 0 1 1 1 1 1 0 0 1 1 1 1 1
[1] 12
[1] "iteration number: "
[1] 7
[1] "iteration number: "
[1] 8
[1] "iteration number: "
[1] 9
[1] "Best fitness updated to:"
[1] -60.71084
[1] "Best solution:"
 [1] 0 0 0 1 1 1 0 1 1 0 0 0 1 1 0 1 1 1 1
[1] 11
[1] "iteration number: "
[1] 10
[1] "iteration number: "
[1] 11
[1] "iteration number: "
[1] 12
[1] "iteration number: "
[1] 13
[1] "iteration number: "
[1] 14
[1] "Best fitness updated to:"
[1] -60.71436
[1] "Best solution:"
 [1] 1 0 0 1 1 1 0 1 1 0 0 0 1 1 0 1 1 1 1
[1] 12
[1] "iteration number: "
[1] 15
[1] "iteration number: "
[1] 16
[1] "iteration number: "
[1] 17
[1] "Best fitness updated to:"
[1] -61.22276
[1] "Best solution:"
 [1] 1 1 0 1 1 1 1 1 1 0 0 0 1 1 0 1 1 1 1
[1] 14
[1] "iteration number: "
[1] 18
[1] "iteration number: "
[1] 19
[1] "iteration number: "
[1] 20
[1] "iteration number: "
[1] 21
[1] "Best fitness updated to:"
[1] -61.96708
[1] "Best solution:"
 [1] 1 1 0 1 1 1 1 1 1 0 0 0 1 1 0 1 0 1 1
[1] 13
[1] "iteration number: "
[1] 22
[1] "iteration number: "
[1] 23
[1] "iteration number: "
[1] 24
[1] "iteration number: "
[1] 25
[1] "iteration number: "
[1] 26
[1] "iteration number: "
[1] 27
[1] "iteration number: "
[1] 28
[1] "iteration number: "
[1] 29
[1] "iteration number: "
[1] 30
[1] "iteration number: "
[1] 31
[1] "iteration number: "
[1] 32
[1] "RE-INITIALIZING..."
[1] 1
[1] 5
[1] 19
 [1] 3 1 2 4 3 1 3 1 2 2 2 1 2 3 2 3 3 4 3 4
[1] "iteration number: "
[1] 33
[1] "iteration number: "
[1] 34
[1] "iteration number: "
[1] 35
[1] "iteration number: "
[1] 36
[1] "iteration number: "
[1] 37
[1] "iteration number: "
[1] 38
[1] "iteration number: "
[1] 39
[1] "iteration number: "
[1] 40
[1] "iteration number: "
[1] 41
[1] "iteration number: "
[1] 42
[1] "iteration number: "
[1] 43
[1] "RE-INITIALIZING..."
[1] 2
[1] 5
[1] 18
 [1] 3 2 2 1 2 2 3 4 1 2 3 1 2 2 2 2 1 3 4 4
[1] "iteration number: "
[1] 44
[1] "iteration number: "
[1] 45
[1] "iteration number: "
[1] 46
[1] "iteration number: "
[1] 47
[1] "iteration number: "
[1] 48
[1] "iteration number: "
[1] 49
[1] "iteration number: "
[1] 50
[1] "iteration number: "
[1] 51
[1] "iteration number: "
[1] 52
[1] "iteration number: "
[1] 53
[1] "iteration number: "
[1] 54
[1] "RE-INITIALIZING..."
[1] 3
[1] 5
[1] 15
 [1] 2 4 2 1 2 3 3 3 3 1 2 3 2 4 2 2 1 2 3 2
[1] "iteration number: "
[1] 55
[1] "iteration number: "
[1] 56
[1] "iteration number: "
[1] 57
[1] "iteration number: "
[1] 58
[1] "iteration number: "
[1] 59
[1] "iteration number: "
[1] 60
[1] "iteration number: "
[1] 61
[1] "iteration number: "
[1] 62
[1] "iteration number: "
[1] 63
[1] "iteration number: "
[1] 64
[1] "iteration number: "
[1] 65
[1] "RE-INITIALIZING..."
[1] 4
[1] 5
[1] 14
 [1] 2 2 3 3 2 2 2 2 3 4 4 4 2 3 3 2 4 3 3 2
[1] "iteration number: "
[1] 66
[1] "iteration number: "
[1] 67
[1] "iteration number: "
[1] 68
[1] "iteration number: "
[1] 69
[1] "iteration number: "
[1] 70
[1] "Best fitness updated to:"
[1] -62.44801
[1] "Best solution:"
 [1] 1 0 0 1 1 1 1 1 1 1 0 0 1 0 0 1 0 1 1
[1] 12
[1] "iteration number: "
[1] 71
[1] "iteration number: "
[1] 72
[1] "iteration number: "
[1] 73
[1] "iteration number: "
[1] 74
[1] "iteration number: "
[1] 75
[1] "iteration number: "
[1] 76
[1] "iteration number: "
[1] 77
[1] "iteration number: "
[1] 78
[1] "iteration number: "
[1] 79
[1] "iteration number: "
[1] 80
[1] "iteration number: "
[1] 81
[1] "RE-INITIALIZING..."
[1] 1
[1] 5
[1] 15
 [1] 2 2 3 3 2 2 2 2 3 4 4 4 2 3 3 2 4 3 3 2
[1] "iteration number: "
[1] 82
[1] "iteration number: "
[1] 83
[1] "iteration number: "
[1] 84
[1] "iteration number: "
[1] 85
[1] "iteration number: "
[1] 86
[1] "iteration number: "
[1] 87
[1] "iteration number: "
[1] 88
[1] "iteration number: "
[1] 89
[1] "iteration number: "
[1] 90
[1] "iteration number: "
[1] 91
[1] "iteration number: "
[1] 92
[1] "RE-INITIALIZING..."
[1] 2
[1] 5
[1] 15
 [1] 3 2 2 1 2 2 3 4 1 2 3 1 2 2 2 2 1 3 4 4
[1] "iteration number: "
[1] 93
[1] "iteration number: "
[1] 94
[1] "iteration number: "
[1] 95
[1] "iteration number: "
[1] 96
[1] "iteration number: "
[1] 97
[1] "iteration number: "
[1] 98
[1] "iteration number: "
[1] 99
[1] "iteration number: "
[1] 100
[1] "iteration number: "
[1] 101
[1] "iteration number: "
[1] 102
[1] "iteration number: "
[1] 103
[1] "RE-INITIALIZING..."
[1] 3
[1] 5
[1] 15
 [1] 2 4 2 1 2 3 3 3 3 1 2 3 2 4 2 2 1 2 3 2
[1] "iteration number: "
[1] 104
[1] "iteration number: "
[1] 105
[1] "iteration number: "
[1] 106
[1] "iteration number: "
[1] 107
[1] "iteration number: "
[1] 108
[1] "iteration number: "
[1] 109
[1] "iteration number: "
[1] 110
[1] "iteration number: "
[1] 111
[1] "iteration number: "
[1] 112
[1] "iteration number: "
[1] 113
[1] "iteration number: "
[1] 114
[1] "RE-INITIALIZING..."
[1] 4
[1] 5
[1] 15
 [1] 2 4 2 1 2 3 3 3 3 1 2 3 2 4 2 2 1 2 3 2
[1] "iteration number: "
[1] 115
[1] "iteration number: "
[1] 116
[1] "iteration number: "
[1] 117
[1] "iteration number: "
[1] 118
[1] "iteration number: "
[1] 119
[1] "iteration number: "
[1] 120
[1] "iteration number: "
[1] 121
[1] "iteration number: "
[1] 122
[1] "iteration number: "
[1] 123
[1] "iteration number: "
[1] 124
[1] "iteration number: "
[1] 125
[1] "RE-INITIALIZING..."
[1] 5
[1] 5
[1] 15
 [1] 2 2 3 3 2 2 2 2 3 4 4 4 2 3 3 2 4 3 3 2
[1] "iteration number: "
[1] 126
[1] "iteration number: "
[1] 127
[1] "iteration number: "
[1] 128
[1] "iteration number: "
[1] 129
[1] "iteration number: "
[1] 130
[1] "iteration number: "
[1] 131
[1] "iteration number: "
[1] 132
[1] "iteration number: "
[1] 133
[1] "iteration number: "
[1] 134
[1] "iteration number: "
[1] 135
[1] "iteration number: "
[1] 136
[1] "RE-INITIALIZING..."
[1] 6
[1] 5
[1] 15
[1] "No change for 6 iterations. Exiting PSO."
 [1]  1  4  5  6  7  8  9 10 13 16 17 18 19
[1] 6
[1] "##################################"
[1] "Results summary for itr:6"
[1] "number of features selected using population mean"
[1] 13
[1] "number of features selected using current global best"
[1] 13
[1] "feat ind length"
[1] 13
[1] "best accuracy"
[1] 62.44801
[1] "test acc:0.961538461538462"
[1] "##################################"
[1] "learning sets: 7"
  [1]  98  43  22  68 118  80  15  14  73  13  76  60  49  31  74  17  45  83
 [19]  18  91  30 129 117  23  89 104  24  32  33  87 120 110  16   9 103  66
 [37]  94  51  54   8 107  36 124 108  50 121  86  28   7 102 100  20 130  99
 [55]  55  85  52 105  75  81  62 111  10  44  21  84 122 126  27  59  61  79
 [73]  93  77 114  37 119  35 116  65 106  96  82  26 123 112  92  40  64  69
 [91]  58  95  97  48   3  63 128 101  12  56 113  67  41  88
[1] "Starting global iteration number : 7"
[1] "iteration number: "
[1] 1
[1] "Best fitness updated to:"
[1] -53.77922
[1] "Best solution:"
 [1] NA NA NA NA NA NA NA NA NA NA NA NA NA NA NA NA NA NA NA
[1] 0
[1] "iteration number: "
[1] 2
[1] "Best fitness updated to:"
[1] -55.19474
[1] "Best solution:"
 [1] 1 1 0 1 0 1 0 1 1 0 1 1 0 0 1 0 0 0 1
[1] 10
[1] "iteration number: "
[1] 3
[1] "Best fitness updated to:"
[1] -56.27005
[1] "Best solution:"
 [1] 1 0 0 0 0 0 0 0 1 0 1 0 1 0 1 0 0 0 0
[1] 5
[1] "iteration number: "
[1] 4
[1] "Best fitness updated to:"
[1] -56.97173
[1] "Best solution:"
 [1] 0 1 1 1 0 0 1 0 1 0 1 0 0 1 1 1 1 1 1
[1] 12
[1] "iteration number: "
[1] 5
[1] "iteration number: "
[1] 6
[1] "Best fitness updated to:"
[1] -59.64906
[1] "Best solution:"
 [1] 0 0 1 1 1 1 1 1 0 1 1 1 0 0 0 1 0 1 0
[1] 11
[1] "iteration number: "
[1] 7
[1] "iteration number: "
[1] 8
[1] "Best fitness updated to:"
[1] -59.68486
[1] "Best solution:"
 [1] 1 1 1 0 1 1 1 1 1 0 0 0 1 1 1 1 0 1 1
[1] 14
[1] "iteration number: "
[1] 9
[1] "iteration number: "
[1] 10
[1] "Best fitness updated to:"
[1] -61.34175
[1] "Best solution:"
 [1] 1 1 1 0 1 0 1 1 1 0 0 0 1 1 0 1 1 1 1
[1] 13
[1] "iteration number: "
[1] 11
[1] "iteration number: "
[1] 12
[1] "iteration number: "
[1] 13
[1] "iteration number: "
[1] 14
[1] "iteration number: "
[1] 15
[1] "iteration number: "
[1] 16
[1] "iteration number: "
[1] 17
[1] "iteration number: "
[1] 18
[1] "iteration number: "
[1] 19
[1] "iteration number: "
[1] 20
[1] "iteration number: "
[1] 21
[1] "RE-INITIALIZING..."
[1] 1
[1] 5
[1] 19
 [1] 2 2 3 3 2 2 2 2 3 4 4 4 2 3 3 2 4 3 3 2
[1] "iteration number: "
[1] 22
[1] "iteration number: "
[1] 23
[1] "iteration number: "
[1] 24
[1] "iteration number: "
[1] 25
[1] "iteration number: "
[1] 26
[1] "iteration number: "
[1] 27
[1] "iteration number: "
[1] 28
[1] "iteration number: "
[1] 29
[1] "iteration number: "
[1] 30
[1] "iteration number: "
[1] 31
[1] "iteration number: "
[1] 32
[1] "RE-INITIALIZING..."
[1] 2
[1] 5
[1] 18
 [1] 3 1 4 2 3 2 1 2 4 2 2 2 3 3 2 1 2 3 1 2
[1] "iteration number: "
[1] 33
[1] "iteration number: "
[1] 34
[1] "iteration number: "
[1] 35
[1] "iteration number: "
[1] 36
[1] "iteration number: "
[1] 37
[1] "iteration number: "
[1] 38
[1] "iteration number: "
[1] 39
[1] "iteration number: "
[1] 40
[1] "iteration number: "
[1] 41
[1] "Best fitness updated to:"
[1] -61.36613
[1] "Best solution:"
 [1] 0 1 1 1 1 1 1 1 1 0 0 0 0 1 0 1 0 1 1
[1] 12
[1] "iteration number: "
[1] 42
[1] "iteration number: "
[1] 43
[1] "iteration number: "
[1] 44
[1] "iteration number: "
[1] 45
[1] "iteration number: "
[1] 46
[1] "iteration number: "
[1] 47
[1] "iteration number: "
[1] 48
[1] "iteration number: "
[1] 49
[1] "Best fitness updated to:"
[1] -62.1011
[1] "Best solution:"
 [1] 1 1 1 1 0 1 1 0 1 0 0 0 0 0 1 1 0 0 1
[1] 10
[1] "iteration number: "
[1] 50
[1] "iteration number: "
[1] 51
[1] "iteration number: "
[1] 52
[1] "iteration number: "
[1] 53
[1] "iteration number: "
[1] 54
[1] "iteration number: "
[1] 55
[1] "iteration number: "
[1] 56
[1] "iteration number: "
[1] 57
[1] "iteration number: "
[1] 58
[1] "iteration number: "
[1] 59
[1] "iteration number: "
[1] 60
[1] "RE-INITIALIZING..."
[1] 1
[1] 5
[1] 17
 [1] 2 2 3 3 2 2 2 2 3 4 4 4 2 3 3 2 4 3 3 2
[1] "iteration number: "
[1] 61
[1] "iteration number: "
[1] 62
[1] "iteration number: "
[1] 63
[1] "iteration number: "
[1] 64
[1] "iteration number: "
[1] 65
[1] "iteration number: "
[1] 66
[1] "iteration number: "
[1] 67
[1] "iteration number: "
[1] 68
[1] "iteration number: "
[1] 69
[1] "iteration number: "
[1] 70
[1] "iteration number: "
[1] 71
[1] "RE-INITIALIZING..."
[1] 2
[1] 5
[1] 17
 [1] 3 2 2 1 2 2 3 4 1 2 3 1 2 2 2 2 1 3 4 4
[1] "iteration number: "
[1] 72
[1] "iteration number: "
[1] 73
[1] "iteration number: "
[1] 74
[1] "iteration number: "
[1] 75
[1] "iteration number: "
[1] 76
[1] "iteration number: "
[1] 77
[1] "iteration number: "
[1] 78
[1] "iteration number: "
[1] 79
[1] "iteration number: "
[1] 80
[1] "iteration number: "
[1] 81
[1] "iteration number: "
[1] 82
[1] "RE-INITIALIZING..."
[1] 3
[1] 5
[1] 16
 [1] 2 4 2 1 2 3 3 3 3 1 2 3 2 4 2 2 1 2 3 2
[1] "iteration number: "
[1] 83
[1] "iteration number: "
[1] 84
[1] "iteration number: "
[1] 85
[1] "iteration number: "
[1] 86
[1] "iteration number: "
[1] 87
[1] "iteration number: "
[1] 88
[1] "iteration number: "
[1] 89
[1] "iteration number: "
[1] 90
[1] "iteration number: "
[1] 91
[1] "iteration number: "
[1] 92
[1] "iteration number: "
[1] 93
[1] "RE-INITIALIZING..."
[1] 4
[1] 5
[1] 16
 [1] 2 4 2 1 2 3 3 3 3 1 2 3 2 4 2 2 1 2 3 2
[1] "iteration number: "
[1] 94
[1] "iteration number: "
[1] 95
[1] "iteration number: "
[1] 96
[1] "iteration number: "
[1] 97
[1] "iteration number: "
[1] 98
[1] "iteration number: "
[1] 99
[1] "iteration number: "
[1] 100
[1] "iteration number: "
[1] 101
[1] "iteration number: "
[1] 102
[1] "iteration number: "
[1] 103
[1] "iteration number: "
[1] 104
[1] "RE-INITIALIZING..."
[1] 5
[1] 5
[1] 16
 [1] 2 4 2 1 2 3 3 3 3 1 2 3 2 4 2 2 1 2 3 2
[1] "iteration number: "
[1] 105
[1] "iteration number: "
[1] 106
[1] "iteration number: "
[1] 107
[1] "iteration number: "
[1] 108
[1] "iteration number: "
[1] 109
[1] "iteration number: "
[1] 110
[1] "iteration number: "
[1] 111
[1] "iteration number: "
[1] 112
[1] "iteration number: "
[1] 113
[1] "iteration number: "
[1] 114
[1] "iteration number: "
[1] 115
[1] "RE-INITIALIZING..."
[1] 6
[1] 5
[1] 16
[1] "No change for 6 iterations. Exiting PSO."
 [1]  2  3  4  6  7  9 13 14 15 16 17 18 19
[1] 7
[1] "##################################"
[1] "Results summary for itr:7"
[1] "number of features selected using population mean"
[1] 13
[1] "number of features selected using current global best"
[1] 13
[1] "feat ind length"
[1] 13
[1] "best accuracy"
[1] 62.1011
[1] "test acc:0.961538461538462"
[1] "##################################"
[1] "learning sets: 8"
  [1]  45  73  74   5  17 117 129 103  76  54  72  90 109  51  80 120  78  30
 [19]  14   8  22 118  49  24  18  43  29  23  31 104   9  98  71  89  16  83
 [37]  91 110  68  13 106  50  26 112 123  93  84  99 126 128  57 105 102  63
 [55] 113  85 122  34  39 108   7  36  52  44  10 127  28  64 116  48   3  97
 [73]  41 124  55  12  19  96  69 101 100   1  58  61  79  75  62  27  56  67
 [91]  82  37  40  88  77  25 107 114  81 121  86  21  11  53
[1] "Starting global iteration number : 8"
[1] "iteration number: "
[1] 1
[1] "Best fitness updated to:"
[1] -52.84659
[1] "Best solution:"
 [1] NA NA NA NA NA NA NA NA NA NA NA NA NA NA NA NA NA NA NA
[1] 0
[1] "iteration number: "
[1] 2
[1] "Best fitness updated to:"
[1] -53.8355
[1] "Best solution:"
 [1] 1 1 0 1 0 1 0 1 1 0 1 1 0 0 1 0 0 0 1
[1] 10
[1] "iteration number: "
[1] 3
[1] "Best fitness updated to:"
[1] -55.21569
[1] "Best solution:"
 [1] 0 1 0 0 1 0 0 0 1 1 1 0 1 0 1 1 0 0 1
[1] 9
[1] "iteration number: "
[1] 4
[1] "Best fitness updated to:"
[1] -55.24522
[1] "Best solution:"
 [1] 1 1 1 1 1 0 0 0 1 1 1 0 1 1 1 1 0 1 1
[1] 14
[1] "iteration number: "
[1] 5
[1] "iteration number: "
[1] 6
[1] "iteration number: "
[1] 7
[1] "iteration number: "
[1] 8
[1] "Best fitness updated to:"
[1] -55.5359
[1] "Best solution:"
 [1] 1 1 1 0 1 0 0 0 1 0 1 1 1 0 1 1 0 0 1
[1] 11
[1] "iteration number: "
[1] 9
[1] "iteration number: "
[1] 10
[1] "iteration number: "
[1] 11
[1] "iteration number: "
[1] 12
[1] "Best fitness updated to:"
[1] -56.67982
[1] "Best solution:"
 [1] 0 1 1 1 0 0 0 0 0 1 1 1 1 1 1 1 1 1 1
[1] 13
[1] "iteration number: "
[1] 13
[1] "Best fitness updated to:"
[1] -58.13363
[1] "Best solution:"
 [1] 0 1 1 1 0 0 0 0 0 1 1 1 1 1 1 1 1 1 1
[1] 13
[1] "iteration number: "
[1] 14
[1] "iteration number: "
[1] 15
[1] "iteration number: "
[1] 16
[1] "iteration number: "
[1] 17
[1] "iteration number: "
[1] 18
[1] "iteration number: "
[1] 19
[1] "iteration number: "
[1] 20
[1] "iteration number: "
[1] 21
[1] "iteration number: "
[1] 22
[1] "iteration number: "
[1] 23
[1] "iteration number: "
[1] 24
[1] "RE-INITIALIZING..."
[1] 1
[1] 5
[1] 19
 [1] 2 2 3 3 2 2 2 2 3 4 4 4 2 3 3 2 4 3 3 2
[1] "iteration number: "
[1] 25
[1] "iteration number: "
[1] 26
[1] "iteration number: "
[1] 27
[1] "iteration number: "
[1] 28
[1] "iteration number: "
[1] 29
[1] "Best fitness updated to:"
[1] -58.20375
[1] "Best solution:"
 [1] 1 1 0 1 0 0 0 0 0 0 1 1 1 1 1 1 0 1 1
[1] 11
[1] "iteration number: "
[1] 30
[1] "iteration number: "
[1] 31
[1] "iteration number: "
[1] 32
[1] "Best fitness updated to:"
[1] -58.37684
[1] "Best solution:"
 [1] 0 1 0 1 0 0 0 0 0 1 1 1 1 0 1 1 1 1 1
[1] 11
[1] "iteration number: "
[1] 33
[1] "iteration number: "
[1] 34
[1] "iteration number: "
[1] 35
[1] "Best fitness updated to:"
[1] -58.7645
[1] "Best solution:"
 [1] 0 1 0 1 0 0 0 0 0 0 1 1 1 1 1 1 1 0 1
[1] 10
[1] "iteration number: "
[1] 36
[1] "iteration number: "
[1] 37
[1] "iteration number: "
[1] 38
[1] "iteration number: "
[1] 39
[1] "iteration number: "
[1] 40
[1] "iteration number: "
[1] 41
[1] "iteration number: "
[1] 42
[1] "Best fitness updated to:"
[1] -58.94471
[1] "Best solution:"
 [1] 0 1 0 1 0 0 0 0 0 0 1 1 0 1 1 1 1 1 1
[1] 10
[1] "iteration number: "
[1] 43
[1] "Best fitness updated to:"
[1] -59.10127
[1] "Best solution:"
 [1] 0 1 0 1 0 0 0 0 0 0 1 1 1 0 1 1 0 1 1
[1] 9
[1] "iteration number: "
[1] 44
[1] "iteration number: "
[1] 45
[1] "iteration number: "
[1] 46
[1] "iteration number: "
[1] 47
[1] "iteration number: "
[1] 48
[1] "iteration number: "
[1] 49
[1] "iteration number: "
[1] 50
[1] "iteration number: "
[1] 51
[1] "iteration number: "
[1] 52
[1] "Best fitness updated to:"
[1] -59.38995
[1] "Best solution:"
 [1] 0 1 0 1 0 0 0 0 0 0 1 0 1 1 1 1 1 1 1
[1] 10
[1] "iteration number: "
[1] 53
[1] "iteration number: "
[1] 54
[1] "iteration number: "
[1] 55
[1] "iteration number: "
[1] 56
[1] "iteration number: "
[1] 57
[1] "iteration number: "
[1] 58
[1] "iteration number: "
[1] 59
[1] "iteration number: "
[1] 60
[1] "iteration number: "
[1] 61
[1] "iteration number: "
[1] 62
[1] "Best fitness updated to:"
[1] -60.42902
[1] "Best solution:"
 [1] 0 1 0 1 0 0 0 0 0 0 1 0 0 1 1 0 1 1 1
[1] 8
[1] "iteration number: "
[1] 63
[1] "iteration number: "
[1] 64
[1] "iteration number: "
[1] 65
[1] "iteration number: "
[1] 66
[1] "iteration number: "
[1] 67
[1] "iteration number: "
[1] 68
[1] "iteration number: "
[1] 69
[1] "iteration number: "
[1] 70
[1] "iteration number: "
[1] 71
[1] "iteration number: "
[1] 72
[1] "iteration number: "
[1] 73
[1] "RE-INITIALIZING..."
[1] 1
[1] 5
[1] 15
 [1] 3 2 2 1 2 2 3 4 1 2 3 1 2 2 2 2 1 3 4 4
[1] "iteration number: "
[1] 74
[1] "iteration number: "
[1] 75
[1] "iteration number: "
[1] 76
[1] "iteration number: "
[1] 77
[1] "iteration number: "
[1] 78
[1] "iteration number: "
[1] 79
[1] "iteration number: "
[1] 80
[1] "iteration number: "
[1] 81
[1] "iteration number: "
[1] 82
[1] "iteration number: "
[1] 83
[1] "iteration number: "
[1] 84
[1] "RE-INITIALIZING..."
[1] 2
[1] 5
[1] 14
 [1] 2 1 3 4 2 4 2 1 2 3 3 3 3 1 2 3 2 4 2 2
[1] "iteration number: "
[1] 85
[1] "iteration number: "
[1] 86
[1] "iteration number: "
[1] 87
[1] "iteration number: "
[1] 88
[1] "iteration number: "
[1] 89
[1] "iteration number: "
[1] 90
[1] "iteration number: "
[1] 91
[1] "iteration number: "
[1] 92
[1] "iteration number: "
[1] 93
[1] "iteration number: "
[1] 94
[1] "iteration number: "
[1] 95
[1] "RE-INITIALIZING..."
[1] 3
[1] 5
[1] 13
 [1] 2 2 3 3 2 2 2 2 3 4 4 4 2 3 3 2 4 3 3 2
[1] "iteration number: "
[1] 96
[1] "iteration number: "
[1] 97
[1] "iteration number: "
[1] 98
[1] "iteration number: "
[1] 99
[1] "iteration number: "
[1] 100
[1] "iteration number: "
[1] 101
[1] "iteration number: "
[1] 102
[1] "iteration number: "
[1] 103
[1] "iteration number: "
[1] 104
[1] "iteration number: "
[1] 105
[1] "iteration number: "
[1] 106
[1] "RE-INITIALIZING..."
[1] 4
[1] 5
[1] 12
 [1] 3 2 2 1 2 2 3 4 1 2 3 1 2 2 2 2 1 3 4 4
[1] "iteration number: "
[1] 107
[1] "iteration number: "
[1] 108
[1] "iteration number: "
[1] 109
[1] "iteration number: "
[1] 110
[1] "iteration number: "
[1] 111
[1] "iteration number: "
[1] 112
[1] "iteration number: "
[1] 113
[1] "iteration number: "
[1] 114
[1] "iteration number: "
[1] 115
[1] "iteration number: "
[1] 116
[1] "iteration number: "
[1] 117
[1] "RE-INITIALIZING..."
[1] 5
[1] 5
[1] 13
 [1] 2 4 2 1 2 3 3 3 3 1 2 3 2 4 2 2 1 2 3 2
[1] "iteration number: "
[1] 118
[1] "iteration number: "
[1] 119
[1] "iteration number: "
[1] 120
[1] "iteration number: "
[1] 121
[1] "iteration number: "
[1] 122
[1] "iteration number: "
[1] 123
[1] "iteration number: "
[1] 124
[1] "iteration number: "
[1] 125
[1] "iteration number: "
[1] 126
[1] "iteration number: "
[1] 127
[1] "iteration number: "
[1] 128
[1] "RE-INITIALIZING..."
[1] 6
[1] 5
[1] 13
[1] "No change for 6 iterations. Exiting PSO."
 [1]  2  4  9 11 12 13 15 17 18 19
[1] 8
[1] "##################################"
[1] "Results summary for itr:8"
[1] "number of features selected using population mean"
[1] 10
[1] "number of features selected using current global best"
[1] 10
[1] "feat ind length"
[1] 10
[1] "best accuracy"
[1] 60.42902
[1] "test acc:1"
[1] "##################################"
[1] "learning sets: 9"
  [1]  66  13  80  31  51  83  98  23  14  43  18  73  49  89  45  78  17 118
 [19] 103   6  16  29  74 104  90 109 120  76  71  15   5   8  72   9  22  94
 [37] 117  32  87  60  26 105  57  77  36  40  86  92  82  11  64  65  19  52
 [55]  84  81 102  93 111  53  56  63 116   7  69  59 107 122  37 113 112  12
 [73]  61  55 108  75 124 100  20  25 127  38 119  70  97 128 106 114  41  99
 [91]  50   3  21 115  85   4  79  39  58  35   2  96  28  67
[1] "Starting global iteration number : 9"
[1] "iteration number: "
[1] 1
[1] "Best fitness updated to:"
[1] -53.50602
[1] "Best solution:"
 [1] NA NA NA NA NA NA NA NA NA NA NA NA NA NA NA NA NA NA NA
[1] 0
[1] "iteration number: "
[1] 2
[1] "Best fitness updated to:"
[1] -54.45601
[1] "Best solution:"
 [1] 1 1 0 1 0 1 0 1 1 0 1 1 0 0 1 0 0 0 1
[1] 10
[1] "iteration number: "
[1] 3
[1] "Best fitness updated to:"
[1] -59.35845
[1] "Best solution:"
 [1] 0 0 0 1 0 1 0 1 0 0 0 1 1 0 0 0 1 0 0
[1] 6
[1] "iteration number: "
[1] 4
[1] "iteration number: "
[1] 5
[1] "Best fitness updated to:"
[1] -59.47853
[1] "Best solution:"
 [1] 0 0 1 1 0 0 1 0 1 0 0 0 1 1 1 1 1 1 1
[1] 11
[1] "iteration number: "
[1] 6
[1] "iteration number: "
[1] 7
[1] "iteration number: "
[1] 8
[1] "iteration number: "
[1] 9
[1] "Best fitness updated to:"
[1] -60.08734
[1] "Best solution:"
 [1] 1 0 1 1 0 1 1 1 1 1 1 0 1 1 1 1 0 1 1
[1] 15
[1] "iteration number: "
[1] 10
[1] "iteration number: "
[1] 11
[1] "iteration number: "
[1] 12
[1] "iteration number: "
[1] 13
[1] "iteration number: "
[1] 14
[1] "iteration number: "
[1] 15
[1] "iteration number: "
[1] 16
[1] "iteration number: "
[1] 17
[1] "iteration number: "
[1] 18
[1] "iteration number: "
[1] 19
[1] "iteration number: "
[1] 20
[1] "RE-INITIALIZING..."
[1] 1
[1] 5
[1] 19
 [1] 2 2 3 3 2 2 2 2 3 4 4 4 2 3 3 2 4 3 3 2
[1] "iteration number: "
[1] 21
[1] "iteration number: "
[1] 22
[1] "iteration number: "
[1] 23
[1] "Best fitness updated to:"
[1] -60.65965
[1] "Best solution:"
 [1] 1 1 0 1 0 0 0 1 1 0 1 0 1 0 1 1 0 0 1
[1] 10
[1] "iteration number: "
[1] 24
[1] "iteration number: "
[1] 25
[1] "iteration number: "
[1] 26
[1] "iteration number: "
[1] 27
[1] "iteration number: "
[1] 28
[1] "iteration number: "
[1] 29
[1] "iteration number: "
[1] 30
[1] "iteration number: "
[1] 31
[1] "iteration number: "
[1] 32
[1] "iteration number: "
[1] 33
[1] "iteration number: "
[1] 34
[1] "RE-INITIALIZING..."
[1] 1
[1] 5
[1] 19
 [1] 3 2 2 1 2 2 3 4 1 2 3 1 2 2 2 2 1 3 4 4
[1] "iteration number: "
[1] 35
[1] "iteration number: "
[1] 36
[1] "iteration number: "
[1] 37
[1] "iteration number: "
[1] 38
[1] "iteration number: "
[1] 39
[1] "iteration number: "
[1] 40
[1] "iteration number: "
[1] 41
[1] "iteration number: "
[1] 42
[1] "iteration number: "
[1] 43
[1] "iteration number: "
[1] 44
[1] "iteration number: "
[1] 45
[1] "RE-INITIALIZING..."
[1] 2
[1] 5
[1] 18
 [1] 3 1 2 4 3 1 3 1 2 2 2 1 2 3 2 3 3 4 3 4
[1] "iteration number: "
[1] 46
[1] "Best fitness updated to:"
[1] -61.31888
[1] "Best solution:"
 [1] 1 0 1 1 0 1 1 1 1 1 1 1 1 1 1 1 0 1 1
[1] 16
[1] "iteration number: "
[1] 47
[1] "iteration number: "
[1] 48
[1] "iteration number: "
[1] 49
[1] "iteration number: "
[1] 50
[1] "iteration number: "
[1] 51
[1] "iteration number: "
[1] 52
[1] "iteration number: "
[1] 53
[1] "iteration number: "
[1] 54
[1] "iteration number: "
[1] 55
[1] "iteration number: "
[1] 56
[1] "iteration number: "
[1] 57
[1] "RE-INITIALIZING..."
[1] 1
[1] 5
[1] 18
 [1] 3 2 2 1 2 2 3 4 1 2 3 1 2 2 2 2 1 3 4 4
[1] "iteration number: "
[1] 58
[1] "iteration number: "
[1] 59
[1] "iteration number: "
[1] 60
[1] "iteration number: "
[1] 61
[1] "iteration number: "
[1] 62
[1] "iteration number: "
[1] 63
[1] "Best fitness updated to:"
[1] -61.77866
[1] "Best solution:"
 [1] 1 0 1 1 0 1 1 1 1 1 1 0 0 0 1 1 0 1 1
[1] 13
[1] "iteration number: "
[1] 64
[1] "iteration number: "
[1] 65
[1] "iteration number: "
[1] 66
[1] "iteration number: "
[1] 67
[1] "iteration number: "
[1] 68
[1] "iteration number: "
[1] 69
[1] "iteration number: "
[1] 70
[1] "iteration number: "
[1] 71
[1] "iteration number: "
[1] 72
[1] "iteration number: "
[1] 73
[1] "iteration number: "
[1] 74
[1] "RE-INITIALIZING..."
[1] 1
[1] 5
[1] 17
 [1] 2 1 2 2 3 1 1 3 1 2 2 2 2 2 2 2 1 2 4 1
[1] "iteration number: "
[1] 75
[1] "iteration number: "
[1] 76
[1] "iteration number: "
[1] 77
[1] "iteration number: "
[1] 78
[1] "iteration number: "
[1] 79
[1] "iteration number: "
[1] 80
[1] "iteration number: "
[1] 81
[1] "iteration number: "
[1] 82
[1] "iteration number: "
[1] 83
[1] "iteration number: "
[1] 84
[1] "iteration number: "
[1] 85
[1] "RE-INITIALIZING..."
[1] 2
[1] 5
[1] 16
 [1] 2 2 3 3 2 2 2 2 3 4 4 4 2 3 3 2 4 3 3 2
[1] "iteration number: "
[1] 86
[1] "iteration number: "
[1] 87
[1] "iteration number: "
[1] 88
[1] "iteration number: "
[1] 89
[1] "iteration number: "
[1] 90
[1] "iteration number: "
[1] 91
[1] "iteration number: "
[1] 92
[1] "iteration number: "
[1] 93
[1] "iteration number: "
[1] 94
[1] "iteration number: "
[1] 95
[1] "iteration number: "
[1] 96
[1] "RE-INITIALIZING..."
[1] 3
[1] 5
[1] 17
 [1] 3 2 2 1 2 2 3 4 1 2 3 1 2 2 2 2 1 3 4 4
[1] "iteration number: "
[1] 97
[1] "iteration number: "
[1] 98
[1] "iteration number: "
[1] 99
[1] "iteration number: "
[1] 100
[1] "iteration number: "
[1] 101
[1] "iteration number: "
[1] 102
[1] "iteration number: "
[1] 103
[1] "iteration number: "
[1] 104
[1] "iteration number: "
[1] 105
[1] "iteration number: "
[1] 106
[1] "iteration number: "
[1] 107
[1] "RE-INITIALIZING..."
[1] 4
[1] 5
[1] 17
 [1] 2 4 2 1 2 3 3 3 3 1 2 3 2 4 2 2 1 2 3 2
[1] "iteration number: "
[1] 108
[1] "iteration number: "
[1] 109
[1] "iteration number: "
[1] 110
[1] "iteration number: "
[1] 111
[1] "iteration number: "
[1] 112
[1] "iteration number: "
[1] 113
[1] "iteration number: "
[1] 114
[1] "iteration number: "
[1] 115
[1] "iteration number: "
[1] 116
[1] "iteration number: "
[1] 117
[1] "iteration number: "
[1] 118
[1] "RE-INITIALIZING..."
[1] 5
[1] 5
[1] 17
 [1] 2 4 2 1 2 3 3 3 3 1 2 3 2 4 2 2 1 2 3 2
[1] "iteration number: "
[1] 119
[1] "iteration number: "
[1] 120
[1] "iteration number: "
[1] 121
[1] "iteration number: "
[1] 122
[1] "iteration number: "
[1] 123
[1] "iteration number: "
[1] 124
[1] "iteration number: "
[1] 125
[1] "iteration number: "
[1] 126
[1] "iteration number: "
[1] 127
[1] "iteration number: "
[1] 128
[1] "iteration number: "
[1] 129
[1] "RE-INITIALIZING..."
[1] 6
[1] 5
[1] 17
[1] "No change for 6 iterations. Exiting PSO."
 [1]  1  3  4  6  7  8  9 10 12 13 15 16 18 19
[1] 9
[1] "##################################"
[1] "Results summary for itr:9"
[1] "number of features selected using population mean"
[1] 14
[1] "number of features selected using current global best"
[1] 14
[1] "feat ind length"
[1] 14
[1] "best accuracy"
[1] 61.77866
[1] "test acc:1"
[1] "##################################"
[1] "learning sets: 10"
  [1]  90   6  91  32 109  76  17  15 120 118  45 104  23  49  22  31  83 129
 [19]  29  46 110  13  72  54   8  16  74  94  51  68  89  14  60  33  43   9
 [37]  78  71  98  18  61  11  85  84  58  97  64 119  19   3  96  48  10 128
 [55] 116  52  40   4 121 113  86  69  27  25  99  67 108 107 114  63  79 123
 [73] 102  21  77  81  38  65 112  75  62 127  88 101   7 106   1 111  12  55
 [91] 122 126  95  59  35  28  56 124   2 100  44  36  57  92
[1] "Starting global iteration number : 10"
[1] "iteration number: "
[1] 1
[1] "Best fitness updated to:"
[1] -51.14304
[1] "Best solution:"
 [1] NA NA NA NA NA NA NA NA NA NA NA NA NA NA NA NA NA NA NA
[1] 0
[1] "iteration number: "
[1] 2
[1] "Best fitness updated to:"
[1] -57.64404
[1] "Best solution:"
 [1] 1 1 0 1 0 1 0 1 1 0 1 1 0 0 1 0 0 0 1
[1] 10
[1] "iteration number: "
[1] 3
[1] "Best fitness updated to:"
[1] -60.42769
[1] "Best solution:"
 [1] 0 0 0 1 0 1 0 1 0 0 0 0 1 0 0 0 1 1 1
[1] 7
[1] "iteration number: "
[1] 4
[1] "iteration number: "
[1] 5
[1] "iteration number: "
[1] 6
[1] "iteration number: "
[1] 7
[1] "iteration number: "
[1] 8
[1] "iteration number: "
[1] 9
[1] "Best fitness updated to:"
[1] -60.74666
[1] "Best solution:"
 [1] 0 1 0 1 0 1 0 1 1 1 0 0 1 0 0 1 1 1 1
[1] 11
[1] "iteration number: "
[1] 10
[1] "iteration number: "
[1] 11
[1] "iteration number: "
[1] 12
[1] "Best fitness updated to:"
[1] -61.00072
[1] "Best solution:"
 [1] 1 1 0 1 0 1 0 1 0 1 0 0 1 0 0 1 1 1 1
[1] 11
[1] "iteration number: "
[1] 13
[1] "iteration number: "
[1] 14
[1] "iteration number: "
[1] 15
[1] "iteration number: "
[1] 16
[1] "Best fitness updated to:"
[1] -61.30063
[1] "Best solution:"
 [1] 0 1 0 1 0 1 0 1 0 1 0 0 1 0 0 1 1 1 1
[1] 10
[1] "iteration number: "
[1] 17
[1] "iteration number: "
[1] 18
[1] "iteration number: "
[1] 19
[1] "iteration number: "
[1] 20
[1] "iteration number: "
[1] 21
[1] "iteration number: "
[1] 22
[1] "Best fitness updated to:"
[1] -61.46421
[1] "Best solution:"
 [1] 0 1 0 1 0 0 0 0 0 1 0 0 0 1 1 1 1 1 1
[1] 9
[1] "iteration number: "
[1] 23
[1] "iteration number: "
[1] 24
[1] "Best fitness updated to:"
[1] -62.29091
[1] "Best solution:"
 [1] 1 0 0 1 0 0 1 1 0 0 0 1 1 1 0 1 1 1 1
[1] 11
[1] "iteration number: "
[1] 25
[1] "iteration number: "
[1] 26
[1] "iteration number: "
[1] 27
[1] "iteration number: "
[1] 28
[1] "iteration number: "
[1] 29
[1] "iteration number: "
[1] 30
[1] "iteration number: "
[1] 31
[1] "iteration number: "
[1] 32
[1] "iteration number: "
[1] 33
[1] "iteration number: "
[1] 34
[1] "iteration number: "
[1] 35
[1] "RE-INITIALIZING..."
[1] 1
[1] 5
[1] 17
 [1] 3 1 4 2 3 2 1 2 4 2 2 2 3 3 2 1 2 3 1 2
[1] "iteration number: "
[1] 36
[1] "iteration number: "
[1] 37
[1] "iteration number: "
[1] 38
[1] "iteration number: "
[1] 39
[1] "iteration number: "
[1] 40
[1] "iteration number: "
[1] 41
[1] "iteration number: "
[1] 42
[1] "iteration number: "
[1] 43
[1] "iteration number: "
[1] 44
[1] "iteration number: "
[1] 45
[1] "iteration number: "
[1] 46
[1] "RE-INITIALIZING..."
[1] 2
[1] 5
[1] 16
 [1] 2 2 3 3 2 2 2 2 3 4 4 4 2 3 3 2 4 3 3 2
[1] "iteration number: "
[1] 47
[1] "iteration number: "
[1] 48
[1] "iteration number: "
[1] 49
[1] "iteration number: "
[1] 50
[1] "iteration number: "
[1] 51
[1] "iteration number: "
[1] 52
[1] "iteration number: "
[1] 53
[1] "iteration number: "
[1] 54
[1] "iteration number: "
[1] 55
[1] "iteration number: "
[1] 56
[1] "iteration number: "
[1] 57
[1] "RE-INITIALIZING..."
[1] 3
[1] 5
[1] 16
 [1] 3 2 2 1 2 2 3 4 1 2 3 1 2 2 2 2 1 3 4 4
[1] "iteration number: "
[1] 58
[1] "iteration number: "
[1] 59
[1] "iteration number: "
[1] 60
[1] "iteration number: "
[1] 61
[1] "iteration number: "
[1] 62
[1] "iteration number: "
[1] 63
[1] "iteration number: "
[1] 64
[1] "iteration number: "
[1] 65
[1] "iteration number: "
[1] 66
[1] "iteration number: "
[1] 67
[1] "iteration number: "
[1] 68
[1] "RE-INITIALIZING..."
[1] 4
[1] 5
[1] 16
 [1] 2 4 2 1 2 3 3 3 3 1 2 3 2 4 2 2 1 2 3 2
[1] "iteration number: "
[1] 69
[1] "iteration number: "
[1] 70
[1] "iteration number: "
[1] 71
[1] "iteration number: "
[1] 72
[1] "iteration number: "
[1] 73
[1] "iteration number: "
[1] 74
[1] "iteration number: "
[1] 75
[1] "iteration number: "
[1] 76
[1] "iteration number: "
[1] 77
[1] "iteration number: "
[1] 78
[1] "iteration number: "
[1] 79
[1] "RE-INITIALIZING..."
[1] 5
[1] 5
[1] 14
 [1] 2 4 2 1 2 3 3 3 3 1 2 3 2 4 2 2 1 2 3 2
[1] "iteration number: "
[1] 80
[1] "iteration number: "
[1] 81
[1] "iteration number: "
[1] 82
[1] "iteration number: "
[1] 83
[1] "iteration number: "
[1] 84
[1] "iteration number: "
[1] 85
[1] "iteration number: "
[1] 86
[1] "iteration number: "
[1] 87
[1] "iteration number: "
[1] 88
[1] "iteration number: "
[1] 89
[1] "iteration number: "
[1] 90
[1] "RE-INITIALIZING..."
[1] 6
[1] 5
[1] 13
[1] "No change for 6 iterations. Exiting PSO."
[1]  2  4  7 12 13 16 17 18 19
[1] 10
[1] "##################################"
[1] "Results summary for itr:10"
[1] "number of features selected using population mean"
[1] 9
[1] "number of features selected using current global best"
[1] 9
[1] "feat ind length"
[1] 9
[1] "best accuracy"
[1] 62.29091
[1] "test acc:0.961538461538462"
[1] "##################################"
[1] "testacc"
 [1] 0.9615385 1.0000000 1.0000000 1.0000000 1.0000000 0.9615385 0.9615385
 [8] 1.0000000 1.0000000 0.9615385
[1] 0.9846154
   Min. 1st Qu.  Median    Mean 3rd Qu.    Max. 
 0.9615  0.9615  1.0000  0.9846  1.0000  1.0000 
[1] 0.01986145
      [,1] [,2] [,3] [,4] [,5] [,6] [,7] [,8] [,9] [,10]
 [1,]    0    0    1    1    0    1    0    0    1     0
 [2,]    1    0    0    1    0    0    1    1    0     1
 [3,]    1    0    0    1    0    0    1    0    1     0
 [4,]    0    1    0    0    0    1    1    1    1     1
 [5,]    0    0    1    0    0    1    0    0    0     0
 [6,]    0    1    0    0    0    1    1    0    1     0
 [7,]    0    1    1    1    1    1    1    0    1     1
 [8,]    0    1    0    0    0    1    0    0    1     0
 [9,]    1    1    1    1    0    1    1    1    1     0
[10,]    1    0    1    1    0    1    0    0    1     0
[11,]    1    1    1    1    1    0    0    1    0     0
[12,]    0    0    0    1    0    0    0    1    1     1
[13,]    1    1    0    1    1    1    1    1    1     1
[14,]    1    1    0    0    0    0    1    0    0     0
[15,]    0    0    1    1    0    0    1    1    1     0
[16,]    1    1    1    1    1    1    1    0    1     1
[17,]    0    1    1    1    1    1    1    1    0     1
[18,]    1    1    1    1    0    1    1    1    1     1
[19,]    1    1    1    1    1    1    1    1    1     1
[1] "dim of scoring matrix is "
[1] 19 10
[1] "DS index stage 2"
[1] 0.6426611
[1] "KI index stage 2"
[1] -Inf
[1] 1
   Min. 1st Qu.  Median    Mean 3rd Qu.    Max. 
  2.000   4.000   5.000   5.895   8.000  10.000 
[1] "Number of features selected in 1 iterations:"
[1] 19
[1] "Number of features selected in 1 iterations:"
[1] 19
[1] 0.98 1.00
[1] 0.98 1.00
[1] "accuracy: 96.9220400883744 num_feat:19 fitness:53.3721389732684"
$fitfunc
[1] -53.37214

$cverror
[1] 96.92204

$cvpermerror
[1] 61.34913

$testacc
[1] 98.375

$reverseacc
[1] 99

[1] -53.37214
[1] "Number of features selected in 2 iterations:"
[1] 19
[1] 0.98 1.00
[1] 0.98 1.00
[1] "accuracy: 96.9220400883744 num_feat:19 fitness:53.3721389732684"
$fitfunc
[1] -53.37214

$cverror
[1] 96.92204

$cvpermerror
[1] 61.34913

$testacc
[1] 98.375

$reverseacc
[1] 99

[1] -53.37214
[1] "Number of features selected in 3 iterations:"
[1] 18
[1] 0.98 1.00
[1] 0.98 1.00
[1] "accuracy: 96.3142172093883 num_feat:18 fitness:54.3649387605962"
$fitfunc
[1] -54.36494

$cverror
[1] 96.31422

$cvpermerror
[1] 59.35479

$testacc
[1] 98.375

$reverseacc
[1] 99

[1] -54.36494
[1] "Number of features selected in 4 iterations:"
[1] 16
[1] 0.96 1.00
[1] 0.96 1.00
[1] "accuracy: 96.9732485087735 num_feat:16 fitness:54.1053045947451"
$fitfunc
[1] -54.1053

$cverror
[1] 96.97325

$cvpermerror
[1] 60.51075

$testacc
[1] 98.375

$reverseacc
[1] 98

[1] -54.1053
[1] "Number of features selected in 5 iterations:"
[1] 12
[1] 0.96 1.00
[1] 0.96 1.00
[1] "accuracy: 96.9732485087735 num_feat:12 fitness:55.5699592564448"
$fitfunc
[1] -55.56996

$cverror
[1] 96.97325

$cvpermerror
[1] 58.71914

$testacc
[1] 98.375

$reverseacc
[1] 98

[1] -55.56996
[1] "Number of features selected in 6 iterations:"
[1] 9
[1] 0.98 1.00
[1] 0.98 1.00
[1] "accuracy: 96.9732485087735 num_feat:9 fitness:57.3129673871713"
$fitfunc
[1] -57.31297

$cverror
[1] 96.97325

$cvpermerror
[1] 56.52612

$testacc
[1] 98.375

$reverseacc
[1] 99

[1] -57.31297
[1] "Number of features selected in 7 iterations:"
[1] 7
[1] 0.98 1.00
[1] 0.98 1.00
[1] "accuracy: 96.9732485087735 num_feat:7 fitness:51.9402958096544"
$fitfunc
[1] -51.9403

$cverror
[1] 96.97325

$cvpermerror
[1] 64.35174

$testacc
[1] 98.375

$reverseacc
[1] 99

[1] -51.9403
[1] "Number of features selected in 8 iterations:"
[1] 7
[1] 0.98 1.00
[1] 0.98 1.00
[1] "accuracy: 96.9732485087735 num_feat:7 fitness:51.9402958096544"
$fitfunc
[1] -51.9403

$cverror
[1] 96.97325

$cvpermerror
[1] 64.35174

$testacc
[1] 98.375

$reverseacc
[1] 99

[1] -51.9403
[1] "Number of features selected in 9 iterations:"
[1] 4
[1] 0.860 0.975
[1] 0.860 0.975
[1] "accuracy: 89.1750663919289 num_feat:4 fitness:47.7772587824348"
$fitfunc
[1] -47.77726

$cverror
[1] 89.17507

$cvpermerror
[1] 61.00859

$testacc
[1] 96.125

$reverseacc
[1] 91.75

[1] -47.77726
[1] "Number of features selected in 10 iterations:"
[1] 1
[1] "accuracy: 1 num_feat:1 fitness:-100"
$fitfunc
[1] 100

$cverror
[1] 1

$cvpermerror
[1] 100

$testacc
[1] 1

$reverseacc
[1] 1

[1] 100
   Min. 1st Qu.  Median    Mean 3rd Qu.    Max. 
 0.9615  0.9615  1.0000  0.9846  1.0000  1.0000 
[1] "Number of features selected in 6 iterations:"
[1] 9
[1] "Modified train 10 fold accuracy using train data is "
[1] 98.46154
[1] "Modified train accuracy is "
[1] 0.9846154
[1] "train confusion matrix is "
          trainclass
pred_train  1  2
         1 49  1
         2  1 79
[1] "Train dimension is "
[1] 130   9
[1] "Test dimension is "
[1] 100   9
[1] "Test confusion matrix is "
    
pred  1  2
   1 34  7
   2  5 54
[1] "Test acc is "
[1] 0.88
[1] "train 10 fold"
[1] 98.46154
[1] "Test confusion matrix is "
    
pred  1  2
   1 34  7
   2  5 54
[1] "Test acc is "
[1] 0.88
[1] "Test AUC:"
[1] 0.8785204
[1] "Train acc is "
[1] 0.9846154
[1] "# of features after CMA:"
NULL
[1] "# of features after PSO:"
[1] 130  10
    user   system  elapsed 
 104.785   12.499 9014.326 
There were 50 or more warnings (use warnings() to see the first 50)
> 
> 
> 
> feat_ind<-psores$bestfeatlist
> feat_names<-psores$bestfeatnames
> 
> scoringmatrix<-as.data.frame(psores$scoringmatrix)
> print(scoringmatrix)
   V1 V2 V3 V4 V5 V6 V7 V8 V9 V10
1   0  0  1  1  0  1  0  0  1   0
2   1  0  0  1  0  0  1  1  0   1
3   1  0  0  1  0  0  1  0  1   0
4   0  1  0  0  0  1  1  1  1   1
5   0  0  1  0  0  1  0  0  0   0
6   0  1  0  0  0  1  1  0  1   0
7   0  1  1  1  1  1  1  0  1   1
8   0  1  0  0  0  1  0  0  1   0
9   1  1  1  1  0  1  1  1  1   0
10  1  0  1  1  0  1  0  0  1   0
11  1  1  1  1  1  0  0  1  0   0
12  0  0  0  1  0  0  0  1  1   1
13  1  1  0  1  1  1  1  1  1   1
14  1  1  0  0  0  0  1  0  0   0
15  0  0  1  1  0  0  1  1  1   0
16  1  1  1  1  1  1  1  0  1   1
17  0  1  1  1  1  1  1  1  0   1
18  1  1  1  1  0  1  1  1  1   1
19  1  1  1  1  1  1  1  1  1   1
> print(feat_names[feat_ind])
[1] "203628_at"   "205029_s_at" "205440_s_at" "206754_s_at" "207626_s_at"
[6] "211000_s_at" "212956_at"   "213201_s_at" "215729_s_at"
> 
> save(psores,file="psores.Rda")
> print("Complete")
[1] "Complete"
> 
