
R version 3.2.2 (2015-08-14) -- "Fire Safety"
Copyright (C) 2015 The R Foundation for Statistical Computing
Platform: x86_64-apple-darwin13.4.0 (64-bit)

R is free software and comes with ABSOLUTELY NO WARRANTY.
You are welcome to redistribute it under certain conditions.
Type 'license()' or 'licence()' for distribution details.

  Natural language support but running in an English locale

R is a collaborative project with many contributors.
Type 'contributors()' for more information and
'citation()' on how to cite R or R packages in publications.

Type 'demo()' for some demos, 'help()' for on-line help, or
'help.start()' for an HTML browser interface to help.
Type 'q()' to quit R.

> 
> #.libPaths("/home/kuppal3/karan_libs/Rlibs")
> library(snow)
Warning message:
package ‘snow’ was built under R version 3.2.5 
> library(e1071)
Warning message:
package ‘e1071’ was built under R version 3.2.5 
> library(yaImpute)

Attaching package: ‘yaImpute’

The following object is masked from ‘package:e1071’:

    impute

> library(pROC)
Type 'citation("pROC")' for a citation.

Attaching package: ‘pROC’

The following objects are masked from ‘package:stats’:

    cov, smooth, var

Warning message:
package ‘pROC’ was built under R version 3.2.5 
> library(bioDist)
Loading required package: Biobase
Loading required package: BiocGenerics
Loading required package: parallel

Attaching package: ‘parallel’

The following objects are masked from ‘package:snow’:

    clusterApply, clusterApplyLB, clusterCall, clusterEvalQ,
    clusterExport, clusterMap, clusterSplit, makeCluster, parApply,
    parCapply, parLapply, parRapply, parSapply, splitIndices,
    stopCluster


Attaching package: ‘BiocGenerics’

The following objects are masked from ‘package:parallel’:

    clusterApply, clusterApplyLB, clusterCall, clusterEvalQ,
    clusterExport, clusterMap, parApply, parCapply, parLapply,
    parLapplyLB, parRapply, parSapply, parSapplyLB

The following objects are masked from ‘package:snow’:

    clusterApply, clusterApplyLB, clusterCall, clusterEvalQ,
    clusterExport, clusterMap, parApply, parCapply, parLapply,
    parRapply, parSapply

The following objects are masked from ‘package:stats’:

    IQR, mad, xtabs

The following objects are masked from ‘package:base’:

    anyDuplicated, append, as.data.frame, as.vector, cbind, colnames,
    do.call, duplicated, eval, evalq, Filter, Find, get, grep, grepl,
    intersect, is.unsorted, lapply, lengths, Map, mapply, match, mget,
    order, paste, pmax, pmax.int, pmin, pmin.int, Position, rank,
    rbind, Reduce, rownames, sapply, setdiff, sort, table, tapply,
    union, unique, unlist, unsplit

Welcome to Bioconductor

    Vignettes contain introductory material; view with
    'browseVignettes()'. To cite Bioconductor, see
    'citation("Biobase")', and for packages 'citation("pkgname")'.

Loading required package: KernSmooth
KernSmooth 2.23 loaded
Copyright M. P. Wand 1997-2009
> #library(CMA, lib="/home/kuppal3/karan_libs/Rlibs/")
> library(RankAggreg)
Warning message:
package ‘RankAggreg’ was built under R version 3.2.5 
> library(CMA)

Attaching package: ‘CMA’

The following object is masked from ‘package:pROC’:

    roc

The following object is masked from ‘package:e1071’:

    tune

Warning message:
package ‘CMA’ was built under R version 3.2.4 
> library(expm)
Loading required package: Matrix

Attaching package: ‘expm’

The following object is masked from ‘package:Matrix’:

    expm

Warning messages:
1: package ‘expm’ was built under R version 3.2.5 
2: package ‘Matrix’ was built under R version 3.2.5 
> 
> cl<-makeCluster(1)
> 
> 
> args<-commandArgs(trailingOnly=TRUE)
> 
> dirloc<-"/Users/karanuppal/Documents/Gatech/Projects/Algorithms/TwostagePSO/"
> #sname<-paste("/home/stu/kuppal3/Research/Feature_selection/Rcode/versionnov2014/OCFS_",args[9],".R",sep="")
> 
> sname<-paste(dirloc,"version2017/OCFS_",args[9],".R",sep="")
> source(sname)
> 
> outloc<-paste(dirloc,"/Datasets/MAQCII_BreastCancer/OCFSvmay2415_MAQCER",args[9],"/",sep="")
> 
> 
> sname<-paste(dirloc,"Datasets/MAQCII_BreastCancer/MaqcIIbr.Rda",sep="")
> load(sname)
> 
> trainm<-MaqcIIbr$trainx
> testm<-MaqcIIbr$testx
> trainclass<-MaqcIIbr$trainER #PCRvsRD
> testclass<-MaqcIIbr$testER #PCRvsRD
> 
> trainm<-trainm[,-c(22284)]
> testm<-testm[,-c(22284)]
> trainm<-apply(trainm,2,as.numeric)
> testm<-apply(testm,2,as.numeric)
> 
> trainm<-cbind(trainclass,trainm)
> testm<-cbind(testclass,testm)
> 
> trainm<-na.omit(trainm)
> testm<-na.omit(testm)
> 
> dir.create(outloc)
Warning message:
In dir.create(outloc) :
  '/Users/karanuppal/Documents/Gatech/Projects/Algorithms/TwostagePSO//Datasets/MAQCII_BreastCancer/OCFSvmay2415_MAQCERvdec2317' already exists
> setwd(outloc)
> 
> 
> trainm<-as.matrix(trainm)
> testm<-as.matrix(testm)
> trainclass<-trainm[,1] #CMAres$modtrainclass
> testclass<-testm[,1] #CMAres$modtestclass
> trainm<-trainm[,-c(1)] #CMAres$modtrainmata
> testm<-testm[,-c(1)] #CMAres$modtestmata
> 
> #a: Confusions
> #b: Neighbors
> #c: Global
> #d: Death
> 
> a<-c(0.25,0.25,0.25,0.25)
> b<-c(0.3,0.1,0.4,0.1)
> c<-c(0.25,0.25,0.5,0)
> d<-c(0.9,0.1,0,0.1)
> 
> a<-c(0,0.4,0.1,0.5)
> b<-c(0.3,0.1,0.4,0.1)
> c<-c(0,0.5,0.5,0)
> d<-c(0.9,0.1,0,0)
> 
> a<-c(0,0.4,0.1,0.5)
> b<-c(0.2,0.3,0.4,0.1)
> c<-c(0,0.4,0.4,0.2)
> d<-c(0.9,0.1,0,0)
> 
> transition_matrix<-rbind(a,b,c,d)
> 
> 
> dir.create(outloc)
Warning message:
In dir.create(outloc) :
  '/Users/karanuppal/Documents/Gatech/Projects/Algorithms/TwostagePSO//Datasets/MAQCII_BreastCancer/OCFSvmay2415_MAQCERvdec2317' already exists
> setwd(outloc)
> temp2=t(trainm)
> temp2=apply(temp2, 2, function(x){which(x=="MD")})
> temp2=unlist(temp2)
> temp2=unique(temp2)
> if(length(temp2)>1)
+ {
+ 	trainm=trainm[,-c(temp2)]
+ 
+ 	rm(temp2)
+ }
> 
> boostweight=rep(0,dim(trainm)[2])
> 
> 
> d_dim<-dim(trainm)
> 
> print("Original dimension")
[1] "Original dimension"
> print(d_dim)
[1]   130 22283
> 
> 
> system.time(psores<-run_pso(outloc=outloc,trainm,trainclass,testm,testclass,transition_matrix,c1=2.05,
+ c2=2.05,
+ itr=10,
+ globalpso_maxitr=10,
+ global_max_itr=5,
+ num_part=20,
+ kname="radial",
+ errortype="BER",
+ weightA<-as.numeric(args[1]),
+ weightB<-as.numeric(args[2]),
+ weightC<-as.numeric(args[3]),
+ weightD<-as.numeric(args[4]),
+ featweight.max=0.01,
+ featweight.min=0.01,
+ numfolds=10,
+ followerprob=as.numeric(args[6]),
+ confusionprob=as.numeric(args[7]),
+ leaderprob=as.numeric(args[8]),
+ wmax=1,
+ wmin=1,
+ behavior_reset_itr=5,
+ maxitrreset=10,
+ num_neighbors=3,
+ minselect.pct=0.5,
+ evalMode="CV2",
+ minfitnessthresh=50,
+ maxnum=as.numeric(args[10]),minnum=3,inertia_method=args[5],particlebehav_method="randbased",constriction_factor=1,
+ select.global.best=TRUE,numnodes=4,evalFunc=eval_fit_kfold_diff,itr.terminate=FALSE,train.pct=0.8,evalmethod="MCCV",featselmethods=c("limma","lasso","rfe","elasticnet", "f.test")))
[1] "featselmethods: limma"      "featselmethods: lasso"     
[3] "featselmethods: rfe"        "featselmethods: elasticnet"
[5] "featselmethods: f.test"    
[1] "c1: 2.05"
[1] "c2: 2.05"
[1] "itr: 10"
[1] "globalpso_maxitr: 10"
[1] "global_max_itr: 5"
[1] "num_part: 20"
[1] "kname: radial"
[1] "errortype: BER"
[1] "weightA: 0.7"
[1] "weightB: 0.2"
[1] "weightC: 0.05"
[1] "weightD: 0.05"
[1] "featweight.max: 0.01"
[1] "featweight.min: 0.01"
[1] "numfolds: 10"
[1] "followerprob: 0.45"
[1] "confusionprob: 0.2"
[1] "leaderprob: 0.25"
[1] "wmax: 1"
[1] "wmin: 1"
[1] "behavior_reset_itr: 5"
[1] "maxitrreset: 10"
[1] "num_neighbors: 3"
[1] "minselect.pct: 0.5"
[1] "minfitnessthresh: 50"
[1] "maxnum: 5"
[1] "minnum: 3"
[1] "inertia_method: global"
[1] "particlebehav_method: randbased"
[1] "constriction_factor: 1"
[1] "select.global.best: TRUE"
[1] "train.pct: 0.8"
[1] "dim of trainm is "
[1]   130 22283
[1]   130 22283
[1] "length of factcols"
[1] 0
[1]   130 22283
[1]   100 22283
integer(0)
character(0)
NULL
[1] "ok"
[1] "mean of feat 2"
[1] 8.273493
[1] "sd of feat 2"
[1] 0.7010279
[1] "maxnum is "
[1] 5
[1] "# of genes left after filtering:"
[1]   130 22283
[1] "maxnum"
[1] 5
[1] 2
GeneSelection: iteration 1 

Attaching package: ‘limma’

The following object is masked from ‘package:BiocGenerics’:

    plotMA

GeneSelection: iteration 2 
GeneSelection: iteration 3 
GeneSelection: iteration 4 
GeneSelection: iteration 5 
GeneSelection: iteration 6 
GeneSelection: iteration 7 
GeneSelection: iteration 8 
GeneSelection: iteration 9 
GeneSelection: iteration 10 
GeneSelection: iteration 11 
GeneSelection: iteration 12 
GeneSelection: iteration 13 
GeneSelection: iteration 14 
GeneSelection: iteration 15 
GeneSelection: iteration 16 
GeneSelection: iteration 17 
GeneSelection: iteration 18 
GeneSelection: iteration 19 
GeneSelection: iteration 20 
GeneSelection: iteration 21 
GeneSelection: iteration 22 
GeneSelection: iteration 23 
GeneSelection: iteration 24 
GeneSelection: iteration 25 
GeneSelection: iteration 26 
GeneSelection: iteration 27 
GeneSelection: iteration 28 
GeneSelection: iteration 29 
GeneSelection: iteration 30 
GeneSelection: iteration 31 
GeneSelection: iteration 32 
GeneSelection: iteration 33 
GeneSelection: iteration 34 
GeneSelection: iteration 35 
GeneSelection: iteration 36 
GeneSelection: iteration 37 
GeneSelection: iteration 38 
GeneSelection: iteration 39 
GeneSelection: iteration 40 
GeneSelection: iteration 41 
GeneSelection: iteration 42 
GeneSelection: iteration 43 
GeneSelection: iteration 44 
GeneSelection: iteration 45 
GeneSelection: iteration 46 
GeneSelection: iteration 47 
GeneSelection: iteration 48 
GeneSelection: iteration 49 
GeneSelection: iteration 50 
GeneSelection: iteration 51 
GeneSelection: iteration 52 
GeneSelection: iteration 53 
GeneSelection: iteration 54 
GeneSelection: iteration 55 
GeneSelection: iteration 56 
GeneSelection: iteration 57 
GeneSelection: iteration 58 
GeneSelection: iteration 59 
GeneSelection: iteration 60 
GeneSelection: iteration 61 
GeneSelection: iteration 62 
GeneSelection: iteration 63 
GeneSelection: iteration 64 
GeneSelection: iteration 65 
GeneSelection: iteration 66 
GeneSelection: iteration 67 
GeneSelection: iteration 68 
GeneSelection: iteration 69 
GeneSelection: iteration 70 
GeneSelection: iteration 71 
GeneSelection: iteration 72 
GeneSelection: iteration 73 
GeneSelection: iteration 74 
GeneSelection: iteration 75 
GeneSelection: iteration 76 
GeneSelection: iteration 77 
GeneSelection: iteration 78 
GeneSelection: iteration 79 
GeneSelection: iteration 80 
GeneSelection: iteration 81 
GeneSelection: iteration 82 
GeneSelection: iteration 83 
GeneSelection: iteration 84 
GeneSelection: iteration 85 
GeneSelection: iteration 86 
GeneSelection: iteration 87 
GeneSelection: iteration 88 
GeneSelection: iteration 89 
GeneSelection: iteration 90 
GeneSelection: iteration 91 
GeneSelection: iteration 92 
GeneSelection: iteration 93 
GeneSelection: iteration 94 
GeneSelection: iteration 95 
GeneSelection: iteration 96 
GeneSelection: iteration 97 
GeneSelection: iteration 98 
GeneSelection: iteration 99 
GeneSelection: iteration 100 
[1] "varselmethod"
[1] "none"
GeneSelection: iteration 1 
Loaded glmnet 2.0-10


Attaching package: ‘glmnet’

The following object is masked from ‘package:pROC’:

    auc

GeneSelection: iteration 2 
GeneSelection: iteration 3 
GeneSelection: iteration 4 
GeneSelection: iteration 5 
GeneSelection: iteration 6 
GeneSelection: iteration 7 
GeneSelection: iteration 8 
GeneSelection: iteration 9 
GeneSelection: iteration 10 
GeneSelection: iteration 11 
GeneSelection: iteration 12 
GeneSelection: iteration 13 
GeneSelection: iteration 14 
GeneSelection: iteration 15 
GeneSelection: iteration 16 
GeneSelection: iteration 17 
GeneSelection: iteration 18 
GeneSelection: iteration 19 
GeneSelection: iteration 20 
GeneSelection: iteration 21 
GeneSelection: iteration 22 
GeneSelection: iteration 23 
GeneSelection: iteration 24 
GeneSelection: iteration 25 
GeneSelection: iteration 26 
GeneSelection: iteration 27 
GeneSelection: iteration 28 
GeneSelection: iteration 29 
GeneSelection: iteration 30 
GeneSelection: iteration 31 
GeneSelection: iteration 32 
GeneSelection: iteration 33 
GeneSelection: iteration 34 
GeneSelection: iteration 35 
GeneSelection: iteration 36 
GeneSelection: iteration 37 
GeneSelection: iteration 38 
GeneSelection: iteration 39 
GeneSelection: iteration 40 
GeneSelection: iteration 41 
GeneSelection: iteration 42 
GeneSelection: iteration 43 
GeneSelection: iteration 44 
GeneSelection: iteration 45 
GeneSelection: iteration 46 
GeneSelection: iteration 47 
GeneSelection: iteration 48 
GeneSelection: iteration 49 
GeneSelection: iteration 50 
GeneSelection: iteration 51 
GeneSelection: iteration 52 
GeneSelection: iteration 53 
GeneSelection: iteration 54 
GeneSelection: iteration 55 
GeneSelection: iteration 56 
GeneSelection: iteration 57 
GeneSelection: iteration 58 
GeneSelection: iteration 59 
GeneSelection: iteration 60 
GeneSelection: iteration 61 
GeneSelection: iteration 62 
GeneSelection: iteration 63 
GeneSelection: iteration 64 
GeneSelection: iteration 65 
GeneSelection: iteration 66 
GeneSelection: iteration 67 
GeneSelection: iteration 68 
GeneSelection: iteration 69 
GeneSelection: iteration 70 
GeneSelection: iteration 71 
GeneSelection: iteration 72 
GeneSelection: iteration 73 
GeneSelection: iteration 74 
GeneSelection: iteration 75 
GeneSelection: iteration 76 
GeneSelection: iteration 77 
GeneSelection: iteration 78 
GeneSelection: iteration 79 
GeneSelection: iteration 80 
GeneSelection: iteration 81 
GeneSelection: iteration 82 
GeneSelection: iteration 83 
GeneSelection: iteration 84 
GeneSelection: iteration 85 
GeneSelection: iteration 86 
GeneSelection: iteration 87 
GeneSelection: iteration 88 
GeneSelection: iteration 89 
GeneSelection: iteration 90 
GeneSelection: iteration 91 
GeneSelection: iteration 92 
GeneSelection: iteration 93 
GeneSelection: iteration 94 
GeneSelection: iteration 95 
GeneSelection: iteration 96 
GeneSelection: iteration 97 
GeneSelection: iteration 98 
GeneSelection: iteration 99 
GeneSelection: iteration 100 
genelist
 4752 15102  4035  9093 12339  7147     1 13819  3155  9094 10447     2  1511 
  200   190   172   140   122    42    34    24    16    16    12    10     6 
11605 17203  3490  4441  9279 18545 
    4     4     2     2     2     2 
[1] "varselmethod"
[1] "none"
GeneSelection: iteration 1 
GeneSelection: iteration 2 
GeneSelection: iteration 3 
GeneSelection: iteration 4 
GeneSelection: iteration 5 
GeneSelection: iteration 6 
GeneSelection: iteration 7 
GeneSelection: iteration 8 
GeneSelection: iteration 9 
GeneSelection: iteration 10 
GeneSelection: iteration 11 
GeneSelection: iteration 12 
GeneSelection: iteration 13 
GeneSelection: iteration 14 
GeneSelection: iteration 15 
GeneSelection: iteration 16 
GeneSelection: iteration 17 
GeneSelection: iteration 18 
GeneSelection: iteration 19 
GeneSelection: iteration 20 
GeneSelection: iteration 21 
GeneSelection: iteration 22 
GeneSelection: iteration 23 
GeneSelection: iteration 24 
GeneSelection: iteration 25 
GeneSelection: iteration 26 
GeneSelection: iteration 27 
GeneSelection: iteration 28 
GeneSelection: iteration 29 
GeneSelection: iteration 30 
GeneSelection: iteration 31 
GeneSelection: iteration 32 
GeneSelection: iteration 33 
GeneSelection: iteration 34 
GeneSelection: iteration 35 
GeneSelection: iteration 36 
GeneSelection: iteration 37 
GeneSelection: iteration 38 
GeneSelection: iteration 39 
GeneSelection: iteration 40 
GeneSelection: iteration 41 
GeneSelection: iteration 42 
GeneSelection: iteration 43 
GeneSelection: iteration 44 
GeneSelection: iteration 45 
GeneSelection: iteration 46 
GeneSelection: iteration 47 
GeneSelection: iteration 48 
GeneSelection: iteration 49 
GeneSelection: iteration 50 
GeneSelection: iteration 51 
GeneSelection: iteration 52 
GeneSelection: iteration 53 
GeneSelection: iteration 54 
GeneSelection: iteration 55 
GeneSelection: iteration 56 
GeneSelection: iteration 57 
GeneSelection: iteration 58 
GeneSelection: iteration 59 
GeneSelection: iteration 60 
GeneSelection: iteration 61 
GeneSelection: iteration 62 
GeneSelection: iteration 63 
GeneSelection: iteration 64 
GeneSelection: iteration 65 
GeneSelection: iteration 66 
GeneSelection: iteration 67 
GeneSelection: iteration 68 
GeneSelection: iteration 69 
GeneSelection: iteration 70 
GeneSelection: iteration 71 
GeneSelection: iteration 72 
GeneSelection: iteration 73 
GeneSelection: iteration 74 
GeneSelection: iteration 75 
GeneSelection: iteration 76 
GeneSelection: iteration 77 
GeneSelection: iteration 78 
GeneSelection: iteration 79 
GeneSelection: iteration 80 
GeneSelection: iteration 81 
GeneSelection: iteration 82 
GeneSelection: iteration 83 
GeneSelection: iteration 84 
GeneSelection: iteration 85 
GeneSelection: iteration 86 
GeneSelection: iteration 87 
GeneSelection: iteration 88 
GeneSelection: iteration 89 
GeneSelection: iteration 90 
GeneSelection: iteration 91 
GeneSelection: iteration 92 
GeneSelection: iteration 93 
GeneSelection: iteration 94 
GeneSelection: iteration 95 
GeneSelection: iteration 96 
GeneSelection: iteration 97 
GeneSelection: iteration 98 
GeneSelection: iteration 99 
GeneSelection: iteration 100 
[1] "varselmethod"
[1] "none"
GeneSelection: iteration 1 
GeneSelection: iteration 2 
GeneSelection: iteration 3 
GeneSelection: iteration 4 
GeneSelection: iteration 5 
GeneSelection: iteration 6 
GeneSelection: iteration 7 
GeneSelection: iteration 8 
GeneSelection: iteration 9 
GeneSelection: iteration 10 
GeneSelection: iteration 11 
GeneSelection: iteration 12 
GeneSelection: iteration 13 
GeneSelection: iteration 14 
GeneSelection: iteration 15 
GeneSelection: iteration 16 
GeneSelection: iteration 17 
GeneSelection: iteration 18 
GeneSelection: iteration 19 
GeneSelection: iteration 20 
GeneSelection: iteration 21 
GeneSelection: iteration 22 
GeneSelection: iteration 23 
GeneSelection: iteration 24 
GeneSelection: iteration 25 
GeneSelection: iteration 26 
GeneSelection: iteration 27 
GeneSelection: iteration 28 
GeneSelection: iteration 29 
GeneSelection: iteration 30 
GeneSelection: iteration 31 
GeneSelection: iteration 32 
GeneSelection: iteration 33 
GeneSelection: iteration 34 
GeneSelection: iteration 35 
GeneSelection: iteration 36 
GeneSelection: iteration 37 
GeneSelection: iteration 38 
GeneSelection: iteration 39 
GeneSelection: iteration 40 
GeneSelection: iteration 41 
GeneSelection: iteration 42 
GeneSelection: iteration 43 
GeneSelection: iteration 44 
GeneSelection: iteration 45 
GeneSelection: iteration 46 
GeneSelection: iteration 47 
GeneSelection: iteration 48 
GeneSelection: iteration 49 
GeneSelection: iteration 50 
GeneSelection: iteration 51 
GeneSelection: iteration 52 
GeneSelection: iteration 53 
GeneSelection: iteration 54 
GeneSelection: iteration 55 
GeneSelection: iteration 56 
GeneSelection: iteration 57 
GeneSelection: iteration 58 
GeneSelection: iteration 59 
GeneSelection: iteration 60 
GeneSelection: iteration 61 
GeneSelection: iteration 62 
GeneSelection: iteration 63 
GeneSelection: iteration 64 
GeneSelection: iteration 65 
GeneSelection: iteration 66 
GeneSelection: iteration 67 
GeneSelection: iteration 68 
GeneSelection: iteration 69 
GeneSelection: iteration 70 
GeneSelection: iteration 71 
GeneSelection: iteration 72 
GeneSelection: iteration 73 
GeneSelection: iteration 74 
GeneSelection: iteration 75 
GeneSelection: iteration 76 
GeneSelection: iteration 77 
GeneSelection: iteration 78 
GeneSelection: iteration 79 
GeneSelection: iteration 80 
GeneSelection: iteration 81 
GeneSelection: iteration 82 
GeneSelection: iteration 83 
GeneSelection: iteration 84 
GeneSelection: iteration 85 
GeneSelection: iteration 86 
GeneSelection: iteration 87 
GeneSelection: iteration 88 
GeneSelection: iteration 89 
GeneSelection: iteration 90 
GeneSelection: iteration 91 
GeneSelection: iteration 92 
GeneSelection: iteration 93 
GeneSelection: iteration 94 
GeneSelection: iteration 95 
GeneSelection: iteration 96 
GeneSelection: iteration 97 
GeneSelection: iteration 98 
GeneSelection: iteration 99 
GeneSelection: iteration 100 
[1] "varselmethod"
[1] "none"
GeneSelection: iteration 1 
GeneSelection: iteration 2 
GeneSelection: iteration 3 
GeneSelection: iteration 4 
GeneSelection: iteration 5 
GeneSelection: iteration 6 
GeneSelection: iteration 7 
GeneSelection: iteration 8 
GeneSelection: iteration 9 
GeneSelection: iteration 10 
GeneSelection: iteration 11 
GeneSelection: iteration 12 
GeneSelection: iteration 13 
GeneSelection: iteration 14 
GeneSelection: iteration 15 
GeneSelection: iteration 16 
GeneSelection: iteration 17 
GeneSelection: iteration 18 
GeneSelection: iteration 19 
GeneSelection: iteration 20 
GeneSelection: iteration 21 
GeneSelection: iteration 22 
GeneSelection: iteration 23 
GeneSelection: iteration 24 
GeneSelection: iteration 25 
GeneSelection: iteration 26 
GeneSelection: iteration 27 
GeneSelection: iteration 28 
GeneSelection: iteration 29 
GeneSelection: iteration 30 
GeneSelection: iteration 31 
GeneSelection: iteration 32 
GeneSelection: iteration 33 
GeneSelection: iteration 34 
GeneSelection: iteration 35 
GeneSelection: iteration 36 
GeneSelection: iteration 37 
GeneSelection: iteration 38 
GeneSelection: iteration 39 
GeneSelection: iteration 40 
GeneSelection: iteration 41 
GeneSelection: iteration 42 
GeneSelection: iteration 43 
GeneSelection: iteration 44 
GeneSelection: iteration 45 
GeneSelection: iteration 46 
GeneSelection: iteration 47 
GeneSelection: iteration 48 
GeneSelection: iteration 49 
GeneSelection: iteration 50 
GeneSelection: iteration 51 
GeneSelection: iteration 52 
GeneSelection: iteration 53 
GeneSelection: iteration 54 
GeneSelection: iteration 55 
GeneSelection: iteration 56 
GeneSelection: iteration 57 
GeneSelection: iteration 58 
GeneSelection: iteration 59 
GeneSelection: iteration 60 
GeneSelection: iteration 61 
GeneSelection: iteration 62 
GeneSelection: iteration 63 
GeneSelection: iteration 64 
GeneSelection: iteration 65 
GeneSelection: iteration 66 
GeneSelection: iteration 67 
GeneSelection: iteration 68 
GeneSelection: iteration 69 
GeneSelection: iteration 70 
GeneSelection: iteration 71 
GeneSelection: iteration 72 
GeneSelection: iteration 73 
GeneSelection: iteration 74 
GeneSelection: iteration 75 
GeneSelection: iteration 76 
GeneSelection: iteration 77 
GeneSelection: iteration 78 
GeneSelection: iteration 79 
GeneSelection: iteration 80 
GeneSelection: iteration 81 
GeneSelection: iteration 82 
GeneSelection: iteration 83 
GeneSelection: iteration 84 
GeneSelection: iteration 85 
GeneSelection: iteration 86 
GeneSelection: iteration 87 
GeneSelection: iteration 88 
GeneSelection: iteration 89 
GeneSelection: iteration 90 
GeneSelection: iteration 91 
GeneSelection: iteration 92 
GeneSelection: iteration 93 
GeneSelection: iteration 94 
GeneSelection: iteration 95 
GeneSelection: iteration 96 
GeneSelection: iteration 97 
GeneSelection: iteration 98 
GeneSelection: iteration 99 
GeneSelection: iteration 100 
[1] "varselmethod"
[1] "none"
[1] "dim of scoring matrix is "
[1] 22283     5
[1] 22283
[1] "DS index stage 1"
[1] 0.54
[1] "bestgenelist"
 [1]     1     2  4035  4752  4967  6280  6325  9093  9094 12339 15102
     1007_s_at 1053_at 204508_s_at 205225_at 205440_s_at 206754_s_at 206799_at
[1,]   12.4440  8.3774     10.1763   13.0759      8.6216     12.4854    3.1490
[2,]   12.2005  7.8592      9.3275   13.7616     10.7598     10.5188   14.9688
[3,]   12.6709  8.6762      9.9200   12.7360      7.7832     11.6232   11.6974
     209603_at 209604_s_at 212956_at 215729_s_at
[1,]   10.5793     14.3763   13.3600      2.9565
[2,]   10.5772     14.0214   13.2925      1.5807
[3,]   11.1181     14.5222   12.3582      5.6368
     1007_s_at 1053_at 204508_s_at 205225_at 205440_s_at 206754_s_at 206799_at
[1,]   12.3446  7.0781      9.8038   13.8754     10.5785     11.4867    7.9310
[2,]   12.0376  7.6011      7.9689   11.7217      8.5134      7.4297   10.6196
[3,]   10.9684  7.4696      7.6789   10.9960      9.3702      5.9013    6.2148
     209603_at 209604_s_at 212956_at 215729_s_at
[1,]   11.9790     15.0625   13.5201      1.9565
[2,]   10.8744     14.4978   12.5480      5.3426
[3,]    8.0211     12.4583   11.2917      5.3609
[1] "numgenes selected:11"
[1] "test acc:0.87"
[1] "test AUC acc:0.870323665405633"
[1] "10 fold train94.6153846153846"
[1] "confusion matrix train 10 fold"
          nci_y
pred10fold  1  2
         1 48  0
         2  2 80
[1] "confusion matrix test"
         test_y
pred_test  1  2
        1 34  8
        2  5 53
[1] "train acc:0.984615384615385"
[1] "confusion matrix train"
          nci_y
pred_train  1  2
         1 48  0
         2  2 80
[1] "DS index stage 1"
[1] 0.54
[1] "KI index stage 1"
[1] 0.5398968
[[1]]
[1] "var4035"  "var4752"  "var9093"  "var9094"  "var12339"

[[2]]
[1] "var4035"  "var4752"  "var9093"  "var12339" "var15102"

[[3]]
[1] "var4752"  "var4967"  "var6280"  "var6325"  "var15102"

[[4]]
[1] "var1"    "var2"    "var4035" "var4752" "var9093"

[[5]]
[1] "var4035"  "var4752"  "var9093"  "var9094"  "var12339"


 Iteration 1 :  Optimal value:  10.4 
 Optimal List:   var4752,var4035,var9093,var9094,var6280 

 Iteration 2 :  Optimal value:  10 
 Optimal List:   var4035,var4752,var9093,var6280,var15102 

 Iteration 3 :  Optimal value:  9.6 
 Optimal List:   var4035,var4752,var9093,var1,var12339 

 Iteration 4 :  Optimal value:  9.6 
 Optimal List:   var4035,var4752,var9093,var1,var12339 

 Iteration 5 :  Optimal value:  9.6 
 Optimal List:   var4752,var4035,var9093,var9094,var12339 

 Iteration 6 :  Optimal value:  8.8 
 Optimal List:   var4035,var4752,var9093,var9094,var12339 

 Iteration 7 :  Optimal value:  9.2 
 Optimal List:   var4035,var4752,var9093,var9094,var15102 

 Iteration 8 :  Optimal value:  8.8 
 Optimal List:   var4035,var4752,var9093,var9094,var12339 

 Iteration 9 :  Optimal value:  8.8 
 Optimal List:   var4035,var4752,var9093,var9094,var12339 

 Iteration 10 :  Optimal value:  8.8 
 Optimal List:   var4035,var4752,var9093,var9094,var12339 

 Iteration 11 :  Optimal value:  8.8 
 Optimal List:   var4035,var4752,var9093,var9094,var12339 

 Iteration 12 :  Optimal value:  8.8 
 Optimal List:   var4035,var4752,var9093,var9094,var12339 

 Iteration 13 :  Optimal value:  8.8 
 Optimal List:   var4035,var4752,var9093,var9094,var12339 

 Iteration 14 :  Optimal value:  8.8 
 Optimal List:   var4035,var4752,var9093,var9094,var12339 
[1] "test acc rank aggreg CE:0.87"
[1] "test AUC acc rank aggreg CE:0.87494745691467"
[1] "10 fold train rank aggreg res CE93.0769230769231"
[1] "confusion matrix train 10 fold rank aggreg CE"
            nci_y
pred10foldRA  1  2
           1 44  2
           2  6 78
[1] "Num itr RA CE"
[1] 14
[1] "Test BER aggreg CE is"
[1] 0.8749475

 Iteration 1 :  Optimal value:  12 
 Optimal List:   var9093,var4752,var4035,var12339,var4967 

 Iteration 2 :  Optimal value:  12 
 Optimal List:   var4035,var4752,var12339,var9094,var2 

 Iteration 3 :  Optimal value:  11.2 
 Optimal List:   var4752,var4035,var9093,var6280,var1 

 Iteration 4 :  Optimal value:  12 
 Optimal List:   var4035,var4752,var12339,var9094,var2 

 Iteration 5 :  Optimal value:  11.6 
 Optimal List:   var4035,var4752,var2,var9094,var12339 

 Iteration 6 :  Optimal value:  10.4 
 Optimal List:   var4035,var4752,var9093,var1,var4967 

 Iteration 7 :  Optimal value:  11.2 
 Optimal List:   var4752,var4035,var9093,var1,var4967 

 Iteration 8 :  Optimal value:  11.2 
 Optimal List:   var4752,var4035,var9093,var1,var4967 

 Iteration 9 :  Optimal value:  11.6 
 Optimal List:   var4752,var4035,var9094,var9093,var4967 

 Iteration 10 :  Optimal value:  10.4 
 Optimal List:   var4035,var4752,var9093,var15102,var4967 

 Iteration 11 :  Optimal value:  9.6 
 Optimal List:   var4035,var4752,var9093,var9094,var6325 

 Iteration 12 :  Optimal value:  9.6 
 Optimal List:   var4035,var4752,var9093,var9094,var4967 

 Iteration 13 :  Optimal value:  9.6 
 Optimal List:   var4035,var4752,var9093,var9094,var4967 

 Iteration 14 :  Optimal value:  9.6 
 Optimal List:   var4035,var4752,var9093,var9094,var4967 

 Iteration 15 :  Optimal value:  10 
 Optimal List:   var4035,var4752,var9093,var4967,var9094 

 Iteration 16 :  Optimal value:  9.6 
 Optimal List:   var4035,var4752,var9093,var9094,var4967 

 Iteration 17 :  Optimal value:  9.6 
 Optimal List:   var4035,var4752,var9093,var9094,var4967 

 Iteration 18 :  Optimal value:  9.2 
 Optimal List:   var4035,var4752,var9093,var9094,var15102 

 Iteration 19 :  Optimal value:  9.2 
 Optimal List:   var4035,var4752,var9093,var9094,var15102 

 Iteration 20 :  Optimal value:  8.8 
 Optimal List:   var4035,var4752,var9093,var9094,var12339 

 Iteration 21 :  Optimal value:  8.8 
 Optimal List:   var4035,var4752,var9093,var9094,var12339 

 Iteration 22 :  Optimal value:  9.2 
 Optimal List:   var4035,var4752,var9093,var9094,var15102 

 Iteration 23 :  Optimal value:  9.2 
 Optimal List:   var4035,var4752,var9093,var9094,var15102 

 Iteration 24 :  Optimal value:  9.2 
 Optimal List:   var4035,var4752,var9093,var9094,var15102 

 Iteration 25 :  Optimal value:  9.2 
 Optimal List:   var4035,var4752,var9093,var9094,var15102 

 Iteration 26 :  Optimal value:  9.2 
 Optimal List:   var4035,var4752,var9093,var9094,var15102 

 Iteration 27 :  Optimal value:  9.2 
 Optimal List:   var4035,var4752,var9093,var9094,var15102 

 Iteration 28 :  Optimal value:  9.2 
 Optimal List:   var4035,var4752,var9093,var9094,var15102 

 Iteration 29 :  Optimal value:  9.2 
 Optimal List:   var4035,var4752,var9093,var9094,var15102 

 Iteration 30 :  Optimal value:  9.2 
 Optimal List:   var4035,var4752,var9093,var9094,var15102 

 Iteration 31 :  Optimal value:  9.2 
 Optimal List:   var4035,var4752,var9093,var9094,var15102 

 Iteration 32 :  Optimal value:  8.8 
 Optimal List:   var4035,var4752,var9093,var9094,var12339 

 Iteration 33 :  Optimal value:  8.8 
 Optimal List:   var4035,var4752,var9093,var9094,var12339 

 Iteration 34 :  Optimal value:  8.8 
 Optimal List:   var4035,var4752,var9093,var9094,var12339 

 Iteration 35 :  Optimal value:  8.8 
 Optimal List:   var4035,var4752,var9093,var9094,var12339 

 Iteration 36 :  Optimal value:  8.8 
 Optimal List:   var4035,var4752,var9093,var9094,var12339 

 Iteration 37 :  Optimal value:  8.8 
 Optimal List:   var4035,var4752,var9093,var9094,var12339 

 Iteration 38 :  Optimal value:  8.8 
 Optimal List:   var4035,var4752,var9093,var9094,var12339 

 Iteration 39 :  Optimal value:  8.8 
 Optimal List:   var4035,var4752,var9093,var9094,var12339 

 Iteration 40 :  Optimal value:  8.8 
 Optimal List:   var4035,var4752,var9093,var9094,var12339 

 Iteration 41 :  Optimal value:  8.8 
 Optimal List:   var4035,var4752,var9093,var9094,var12339 

 Iteration 42 :  Optimal value:  8.8 
 Optimal List:   var4035,var4752,var9093,var9094,var12339 

 Iteration 43 :  Optimal value:  8.8 
 Optimal List:   var4035,var4752,var9093,var9094,var12339 

 Iteration 44 :  Optimal value:  8.8 
 Optimal List:   var4035,var4752,var9093,var9094,var12339 

 Iteration 45 :  Optimal value:  8.8 
 Optimal List:   var4035,var4752,var9093,var9094,var12339 

 Iteration 46 :  Optimal value:  8.8 
 Optimal List:   var4035,var4752,var9093,var9094,var12339 

 Iteration 47 :  Optimal value:  8.8 
 Optimal List:   var4035,var4752,var9093,var9094,var12339 

 Iteration 48 :  Optimal value:  8.8 
 Optimal List:   var4035,var4752,var9093,var9094,var12339 

 Iteration 49 :  Optimal value:  8.8 
 Optimal List:   var4035,var4752,var9093,var9094,var12339 

 Iteration 50 :  Optimal value:  8.8 
 Optimal List:   var4035,var4752,var9093,var9094,var12339 

 Iteration 51 :  Optimal value:  8.8 
 Optimal List:   var4035,var4752,var9093,var9094,var12339 

 Iteration 52 :  Optimal value:  8.8 
 Optimal List:   var4035,var4752,var9093,var9094,var12339 

 Iteration 53 :  Optimal value:  8.8 
 Optimal List:   var4035,var4752,var9093,var9094,var12339 

 Iteration 54 :  Optimal value:  8.8 
 Optimal List:   var4035,var4752,var9093,var9094,var12339 

 Iteration 55 :  Optimal value:  8.8 
 Optimal List:   var4035,var4752,var9093,var9094,var12339 

 Iteration 56 :  Optimal value:  8.8 
 Optimal List:   var4035,var4752,var9093,var9094,var12339 

 Iteration 57 :  Optimal value:  8.8 
 Optimal List:   var4035,var4752,var9093,var9094,var12339 

 Iteration 58 :  Optimal value:  8.8 
 Optimal List:   var4035,var4752,var9093,var9094,var12339 

 Iteration 59 :  Optimal value:  8.8 
 Optimal List:   var4035,var4752,var9093,var9094,var12339 

 Iteration 60 :  Optimal value:  8.8 
 Optimal List:   var4035,var4752,var9093,var9094,var12339 

 Iteration 61 :  Optimal value:  8.8 
 Optimal List:   var4035,var4752,var9093,var9094,var12339 
[1] "test acc rank aggreg GA:0.87"
[1] "test AUC acc rank aggreg GA:0.87494745691467"
[1] "10 fold train rank aggreg res GA93.8461538461538"
[1] "confusion matrix train 10 fold rank aggreg GA"
            nci_y
pred10foldRA  1  2
           1 44  2
           2  6 78
[1] "Num itr RA GA"
[1] 62
[1] "Test BER aggreg GA is"
[1] 0.8749475
[1] "train 10 fold"
[1] 96.15385
[1] "here"
[1] "s"
[1] 104
[1] 130  11
[1] 10
[1] "learning sets: 1"
  [1] 118 110  23 129  33  31  43  24  42  78  54  30  72   6  46  16  83  29
 [19]  18 104  73  71  66  76  90  98  51  74   8 103  13  68  45  32  22  15
 [37] 109   5  17  14  12  96 126  39  95 123  70  19  36  28  82 122 101  55
 [55]  27  85 121  38  75  84 119   4   7 105  37  86 128 125  44  58 116 107
 [73]  62  88 106  61  65  69  25  40  81  93  50  10  11   3 114 100 102  63
 [91]  26   1  52  67  92  41 113  35  64  77  21 130  34   2
[1] "Starting global iteration number : 1"
[1] "iteration number: "
[1] 1
[1] "Best fitness updated to:"
[1] -56.14702
[1] "Best solution:"
 [1] NA NA NA NA NA NA NA NA NA NA NA
[1] 0
[1] "iteration number: "
[1] 2
[1] "Best fitness updated to:"
[1] -56.68086
[1] "Best solution:"
 [1] 1 0 1 0 0 1 1 1 1 1 1
[1] 8
[1] "iteration number: "
[1] 3
[1] "Best fitness updated to:"
[1] -58.58512
[1] "Best solution:"
 [1] 1 0 0 0 0 0 0 0 0 1 0
[1] 2
[1] "iteration number: "
[1] 4
[1] "Best fitness updated to:"
[1] -59.51774
[1] "Best solution:"
 [1] 0 0 1 1 0 0 0 1 0 1 1
[1] 5
[1] "iteration number: "
[1] 5
[1] "iteration number: "
[1] 6
[1] "Minimum fitness threshold not reached after 6 iterations! Continuing PSO."
[1] "iteration number: "
[1] 7
[1] "Minimum fitness threshold not reached after 7 iterations! Continuing PSO."
[1] "iteration number: "
[1] 8
[1] "Minimum fitness threshold not reached after 8 iterations! Continuing PSO."
[1] "iteration number: "
[1] 9
[1] "Minimum fitness threshold not reached after 9 iterations! Continuing PSO."
[1] "iteration number: "
[1] 10
[1] "Minimum fitness threshold not reached after 10 iterations! Continuing PSO."
[1] "iteration number: "
[1] 11
[1] "Minimum fitness threshold not reached after 11 iterations! Continuing PSO."
[1] "iteration number: "
[1] 12
[1] "Minimum fitness threshold not reached after 12 iterations! Continuing PSO."
[1] "iteration number: "
[1] 13
[1] "Minimum fitness threshold not reached after 13 iterations! Continuing PSO."
[1] "iteration number: "
[1] 14
[1] "Best fitness updated to:"
[1] -59.68093
[1] "Best solution:"
 [1] 0 0 1 1 0 0 0 0 0 1 1
[1] 4
[1] "Minimum fitness threshold not reached after 14 iterations! Continuing PSO."
[1] "iteration number: "
[1] 15
[1] "Minimum fitness threshold not reached after 15 iterations! Continuing PSO."
[1] "iteration number: "
[1] 16
[1] "Minimum fitness threshold not reached after 16 iterations! Continuing PSO."
[1] "iteration number: "
[1] 17
[1] "Minimum fitness threshold not reached after 17 iterations! Continuing PSO."
[1] "iteration number: "
[1] 18
[1] "Minimum fitness threshold not reached after 18 iterations! Continuing PSO."
[1] "iteration number: "
[1] 19
[1] "Minimum fitness threshold not reached after 19 iterations! Continuing PSO."
[1] "iteration number: "
[1] 20
[1] "Minimum fitness threshold not reached after 20 iterations! Continuing PSO."
[1] "iteration number: "
[1] 21
[1] "Minimum fitness threshold not reached after 21 iterations! Continuing PSO."
[1] "iteration number: "
[1] 22
[1] "Minimum fitness threshold not reached after 22 iterations! Continuing PSO."
[1] "iteration number: "
[1] 23
[1] "Minimum fitness threshold not reached after 23 iterations! Continuing PSO."
[1] "iteration number: "
[1] 24
[1] "Minimum fitness threshold not reached after 24 iterations! Continuing PSO."
[1] "iteration number: "
[1] 25
[1] "RE-INITIALIZING..."
[1] 1
[1] 5
[1] 10
 [1] 2 1 4 4 3 3 4 2 1 3 4 1 1 4 2 3 3 1 3 2
[1] "Minimum fitness threshold not reached after 25 iterations! Continuing PSO."
[1] "iteration number: "
[1] 26
[1] "Minimum fitness threshold not reached after 26 iterations! Continuing PSO."
[1] "iteration number: "
[1] 27
[1] "Minimum fitness threshold not reached after 27 iterations! Continuing PSO."
[1] "iteration number: "
[1] 28
[1] "Minimum fitness threshold not reached after 28 iterations! Continuing PSO."
[1] "iteration number: "
[1] 29
[1] "Minimum fitness threshold not reached after 29 iterations! Continuing PSO."
[1] "iteration number: "
[1] 30
[1] "Minimum fitness threshold not reached after 30 iterations! Continuing PSO."
[1] "iteration number: "
[1] 31
[1] "Minimum fitness threshold not reached after 31 iterations! Continuing PSO."
[1] "iteration number: "
[1] 32
[1] "Minimum fitness threshold not reached after 32 iterations! Continuing PSO."
[1] "iteration number: "
[1] 33
[1] "Minimum fitness threshold not reached after 33 iterations! Continuing PSO."
[1] "iteration number: "
[1] 34
[1] "Minimum fitness threshold not reached after 34 iterations! Continuing PSO."
[1] "iteration number: "
[1] 35
[1] "Minimum fitness threshold not reached after 35 iterations! Continuing PSO."
[1] "iteration number: "
[1] 36
[1] "RE-INITIALIZING..."
[1] 2
[1] 5
[1] 10
 [1] 1 3 1 2 2 2 3 2 2 2 3 3 2 1 3 3 2 2 2 1
[1] "Minimum fitness threshold not reached after 36 iterations! Continuing PSO."
[1] "iteration number: "
[1] 37
[1] "Minimum fitness threshold not reached after 37 iterations! Continuing PSO."
[1] "iteration number: "
[1] 38
[1] "Minimum fitness threshold not reached after 38 iterations! Continuing PSO."
[1] "iteration number: "
[1] 39
[1] "Minimum fitness threshold not reached after 39 iterations! Continuing PSO."
[1] "iteration number: "
[1] 40
[1] "Minimum fitness threshold not reached after 40 iterations! Continuing PSO."
[1] "iteration number: "
[1] 41
[1] "Minimum fitness threshold not reached after 41 iterations! Continuing PSO."
[1] "iteration number: "
[1] 42
[1] "Minimum fitness threshold not reached after 42 iterations! Continuing PSO."
[1] "iteration number: "
[1] 43
[1] "Minimum fitness threshold not reached after 43 iterations! Continuing PSO."
[1] "iteration number: "
[1] 44
[1] "Minimum fitness threshold not reached after 44 iterations! Continuing PSO."
[1] "iteration number: "
[1] 45
[1] "Minimum fitness threshold not reached after 45 iterations! Continuing PSO."
[1] "iteration number: "
[1] 46
[1] "Minimum fitness threshold not reached after 46 iterations! Continuing PSO."
[1] "iteration number: "
[1] 47
[1] "RE-INITIALIZING..."
[1] 3
[1] 5
[1] 9
 [1] 2 2 1 2 1 3 2 2 2 2 2 3 1 3 2 2 1 3 1 2
[1] "Minimum fitness threshold not reached after 47 iterations! Continuing PSO."
[1] "iteration number: "
[1] 48
[1] "Minimum fitness threshold not reached after 48 iterations! Continuing PSO."
[1] "iteration number: "
[1] 49
[1] "Minimum fitness threshold not reached after 49 iterations! Continuing PSO."
[1] "iteration number: "
[1] 50
[1] "Minimum fitness threshold not reached after 50 iterations! Continuing PSO."
[1] "iteration number: "
[1] 51
[1] "Minimum fitness threshold not reached after 51 iterations! Continuing PSO."
[1] "iteration number: "
[1] 52
[1] "Minimum fitness threshold not reached after 52 iterations! Continuing PSO."
[1] "iteration number: "
[1] 53
[1] "Minimum fitness threshold not reached after 53 iterations! Continuing PSO."
[1] "iteration number: "
[1] 54
[1] "Minimum fitness threshold not reached after 54 iterations! Continuing PSO."
[1] "iteration number: "
[1] 55
[1] "Minimum fitness threshold not reached after 55 iterations! Continuing PSO."
[1] "iteration number: "
[1] 56
[1] "Minimum fitness threshold not reached after 56 iterations! Continuing PSO."
[1] "iteration number: "
[1] 57
[1] "Minimum fitness threshold not reached after 57 iterations! Continuing PSO."
[1] "iteration number: "
[1] 58
[1] "RE-INITIALIZING..."
[1] 4
[1] 5
[1] 9
 [1] 3 1 4 2 2 3 2 2 1 2 3 2 1 2 2 3 2 2 3 3
[1] "Minimum fitness threshold not reached after 58 iterations! Continuing PSO."
[1] "iteration number: "
[1] 59
[1] "Minimum fitness threshold not reached after 59 iterations! Continuing PSO."
[1] "iteration number: "
[1] 60
[1] "Minimum fitness threshold not reached after 60 iterations! Continuing PSO."
[1] "iteration number: "
[1] 61
[1] "Minimum fitness threshold not reached after 61 iterations! Continuing PSO."
[1] "iteration number: "
[1] 62
[1] "Minimum fitness threshold not reached after 62 iterations! Continuing PSO."
[1] "iteration number: "
[1] 63
[1] "Minimum fitness threshold not reached after 63 iterations! Continuing PSO."
[1] "iteration number: "
[1] 64
[1] "Minimum fitness threshold not reached after 64 iterations! Continuing PSO."
[1] "iteration number: "
[1] 65
[1] "Minimum fitness threshold not reached after 65 iterations! Continuing PSO."
[1] "iteration number: "
[1] 66
[1] "Minimum fitness threshold not reached after 66 iterations! Continuing PSO."
[1] "iteration number: "
[1] 67
[1] "Minimum fitness threshold not reached after 67 iterations! Continuing PSO."
[1] "iteration number: "
[1] 68
[1] "Minimum fitness threshold not reached after 68 iterations! Continuing PSO."
[1] "iteration number: "
[1] 69
[1] "RE-INITIALIZING..."
[1] 5
[1] 5
[1] 9
 [1] 2 1 4 4 3 3 4 2 1 3 4 1 1 4 2 3 3 1 3 2
[1] "Minimum fitness threshold not reached after 69 iterations! Continuing PSO."
[1] "iteration number: "
[1] 70
[1] "Minimum fitness threshold not reached after 70 iterations! Continuing PSO."
[1] "iteration number: "
[1] 71
[1] "Minimum fitness threshold not reached after 71 iterations! Continuing PSO."
[1] "iteration number: "
[1] 72
[1] "Minimum fitness threshold not reached after 72 iterations! Continuing PSO."
[1] "iteration number: "
[1] 73
[1] "Minimum fitness threshold not reached after 73 iterations! Continuing PSO."
[1] "iteration number: "
[1] 74
[1] "Minimum fitness threshold not reached after 74 iterations! Continuing PSO."
[1] "iteration number: "
[1] 75
[1] "Minimum fitness threshold not reached after 75 iterations! Continuing PSO."
[1] "iteration number: "
[1] 76
[1] "Minimum fitness threshold not reached after 76 iterations! Continuing PSO."
[1] "iteration number: "
[1] 77
[1] "Minimum fitness threshold not reached after 77 iterations! Continuing PSO."
[1] "iteration number: "
[1] 78
[1] "Minimum fitness threshold not reached after 78 iterations! Continuing PSO."
[1] "iteration number: "
[1] 79
[1] "Minimum fitness threshold not reached after 79 iterations! Continuing PSO."
[1] "iteration number: "
[1] 80
[1] "RE-INITIALIZING..."
[1] 6
[1] 5
[1] 9
[1] "No change for 6 iterations. Exiting PSO."
[1]  2  3  4 10 11
[1] 1
[1] "##################################"
[1] "Results summary for itr:1"
[1] "number of features selected using population mean"
[1] 5
[1] "number of features selected using current global best"
[1] 5
[1] "feat ind length"
[1] 5
[1] "best accuracy"
[1] 59.68093
[1] "test acc:0.923076923076923"
[1] "##################################"
[1] "learning sets: 2"
  [1]  98  29  46  94  90  31  15 110  18  16 118  22   5   9  51  83  13  17
 [19] 103  45   6  72  42   8  43  71  91  73 129  66  74 117  89 109  32  23
 [37] 104  30 120  49 124  41  55  19  92  81  48  95  50  70 100  36  10 119
 [55]  58 127 102  88  84  86  26  35  34  59  96  85  53  82 125  39  28  56
 [73]  11  25  67   3 123  27 112 114 126  47   4 130 128  62   7  57  44 101
 [91]  12  63  65 106 122  97 113  38  77  21 116  69 121   2
[1] "Starting global iteration number : 2"
[1] "iteration number: "
[1] 1
[1] "Best fitness updated to:"
[1] -51.37699
[1] "Best solution:"
 [1] NA NA NA NA NA NA NA NA NA NA NA
[1] 0
[1] "iteration number: "
[1] 2
[1] "Best fitness updated to:"
[1] -54.40077
[1] "Best solution:"
 [1] 1 0 1 0 0 1 1 1 1 1 1
[1] 8
[1] "iteration number: "
[1] 3
[1] "Best fitness updated to:"
[1] -57.75442
[1] "Best solution:"
 [1] 0 0 1 1 0 1 1 0 0 0 1
[1] 5
[1] "iteration number: "
[1] 4
[1] "Best fitness updated to:"
[1] -57.82914
[1] "Best solution:"
 [1] 1 0 0 1 1 1 0 0 1 1 0
[1] 6
[1] "iteration number: "
[1] 5
[1] "iteration number: "
[1] 6
[1] "Minimum fitness threshold not reached after 6 iterations! Continuing PSO."
[1] "iteration number: "
[1] 7
[1] "Minimum fitness threshold not reached after 7 iterations! Continuing PSO."
[1] "iteration number: "
[1] 8
[1] "Minimum fitness threshold not reached after 8 iterations! Continuing PSO."
[1] "iteration number: "
[1] 9
[1] "Minimum fitness threshold not reached after 9 iterations! Continuing PSO."
[1] "iteration number: "
[1] 10
[1] "Minimum fitness threshold not reached after 10 iterations! Continuing PSO."
[1] "iteration number: "
[1] 11
[1] "Minimum fitness threshold not reached after 11 iterations! Continuing PSO."
[1] "iteration number: "
[1] 12
[1] "Minimum fitness threshold not reached after 12 iterations! Continuing PSO."
[1] "iteration number: "
[1] 13
[1] "Minimum fitness threshold not reached after 13 iterations! Continuing PSO."
[1] "iteration number: "
[1] 14
[1] "Minimum fitness threshold not reached after 14 iterations! Continuing PSO."
[1] "iteration number: "
[1] 15
[1] "RE-INITIALIZING..."
[1] 1
[1] 5
[1] 11
 [1] 3 1 4 2 2 3 2 2 1 2 3 2 1 2 2 3 2 2 3 3
[1] "Minimum fitness threshold not reached after 15 iterations! Continuing PSO."
[1] "iteration number: "
[1] 16
[1] "Minimum fitness threshold not reached after 16 iterations! Continuing PSO."
[1] "iteration number: "
[1] 17
[1] "Minimum fitness threshold not reached after 17 iterations! Continuing PSO."
[1] "iteration number: "
[1] 18
[1] "Minimum fitness threshold not reached after 18 iterations! Continuing PSO."
[1] "iteration number: "
[1] 19
[1] "Minimum fitness threshold not reached after 19 iterations! Continuing PSO."
[1] "iteration number: "
[1] 20
[1] "Minimum fitness threshold not reached after 20 iterations! Continuing PSO."
[1] "iteration number: "
[1] 21
[1] "Minimum fitness threshold not reached after 21 iterations! Continuing PSO."
[1] "iteration number: "
[1] 22
[1] "Minimum fitness threshold not reached after 22 iterations! Continuing PSO."
[1] "iteration number: "
[1] 23
[1] "Minimum fitness threshold not reached after 23 iterations! Continuing PSO."
[1] "iteration number: "
[1] 24
[1] "Minimum fitness threshold not reached after 24 iterations! Continuing PSO."
[1] "iteration number: "
[1] 25
[1] "Minimum fitness threshold not reached after 25 iterations! Continuing PSO."
[1] "iteration number: "
[1] 26
[1] "RE-INITIALIZING..."
[1] 2
[1] 5
[1] 11
 [1] 3 1 4 2 2 3 2 2 1 2 3 2 1 2 2 3 2 2 3 3
[1] "Minimum fitness threshold not reached after 26 iterations! Continuing PSO."
[1] "iteration number: "
[1] 27
[1] "Minimum fitness threshold not reached after 27 iterations! Continuing PSO."
[1] "iteration number: "
[1] 28
[1] "Minimum fitness threshold not reached after 28 iterations! Continuing PSO."
[1] "iteration number: "
[1] 29
[1] "Best fitness updated to:"
[1] -58.21496
[1] "Best solution:"
 [1] 1 1 1 1 1 1 1 1 1 0 1
[1] 10
[1] "Minimum fitness threshold not reached after 29 iterations! Continuing PSO."
[1] "iteration number: "
[1] 30
[1] "Minimum fitness threshold not reached after 30 iterations! Continuing PSO."
[1] "iteration number: "
[1] 31
[1] "Minimum fitness threshold not reached after 31 iterations! Continuing PSO."
[1] "iteration number: "
[1] 32
[1] "Minimum fitness threshold not reached after 32 iterations! Continuing PSO."
[1] "iteration number: "
[1] 33
[1] "Minimum fitness threshold not reached after 33 iterations! Continuing PSO."
[1] "iteration number: "
[1] 34
[1] "Minimum fitness threshold not reached after 34 iterations! Continuing PSO."
[1] "iteration number: "
[1] 35
[1] "Minimum fitness threshold not reached after 35 iterations! Continuing PSO."
[1] "iteration number: "
[1] 36
[1] "Minimum fitness threshold not reached after 36 iterations! Continuing PSO."
[1] "iteration number: "
[1] 37
[1] "Minimum fitness threshold not reached after 37 iterations! Continuing PSO."
[1] "iteration number: "
[1] 38
[1] "Minimum fitness threshold not reached after 38 iterations! Continuing PSO."
[1] "iteration number: "
[1] 39
[1] "Minimum fitness threshold not reached after 39 iterations! Continuing PSO."
[1] "iteration number: "
[1] 40
[1] "RE-INITIALIZING..."
[1] 1
[1] 5
[1] 11
 [1] 3 1 4 2 2 3 2 2 1 2 3 2 1 2 2 3 2 2 3 3
[1] "Minimum fitness threshold not reached after 40 iterations! Continuing PSO."
[1] "iteration number: "
[1] 41
[1] "Minimum fitness threshold not reached after 41 iterations! Continuing PSO."
[1] "iteration number: "
[1] 42
[1] "Minimum fitness threshold not reached after 42 iterations! Continuing PSO."
[1] "iteration number: "
[1] 43
[1] "Minimum fitness threshold not reached after 43 iterations! Continuing PSO."
[1] "iteration number: "
[1] 44
[1] "Minimum fitness threshold not reached after 44 iterations! Continuing PSO."
[1] "iteration number: "
[1] 45
[1] "Minimum fitness threshold not reached after 45 iterations! Continuing PSO."
[1] "iteration number: "
[1] 46
[1] "Minimum fitness threshold not reached after 46 iterations! Continuing PSO."
[1] "iteration number: "
[1] 47
[1] "Minimum fitness threshold not reached after 47 iterations! Continuing PSO."
[1] "iteration number: "
[1] 48
[1] "Minimum fitness threshold not reached after 48 iterations! Continuing PSO."
[1] "iteration number: "
[1] 49
[1] "Minimum fitness threshold not reached after 49 iterations! Continuing PSO."
[1] "iteration number: "
[1] 50
[1] "Minimum fitness threshold not reached after 50 iterations! Continuing PSO."
[1] "iteration number: "
[1] 51
[1] "RE-INITIALIZING..."
[1] 2
[1] 5
[1] 11
 [1] 3 1 4 2 2 3 2 2 1 2 3 2 1 2 2 3 2 2 3 3
[1] "Minimum fitness threshold not reached after 51 iterations! Continuing PSO."
[1] "iteration number: "
[1] 52
[1] "Minimum fitness threshold not reached after 52 iterations! Continuing PSO."
[1] "iteration number: "
[1] 53
[1] "Minimum fitness threshold not reached after 53 iterations! Continuing PSO."
[1] "iteration number: "
[1] 54
[1] "Minimum fitness threshold not reached after 54 iterations! Continuing PSO."
[1] "iteration number: "
[1] 55
[1] "Minimum fitness threshold not reached after 55 iterations! Continuing PSO."
[1] "iteration number: "
[1] 56
[1] "Minimum fitness threshold not reached after 56 iterations! Continuing PSO."
[1] "iteration number: "
[1] 57
[1] "Minimum fitness threshold not reached after 57 iterations! Continuing PSO."
[1] "iteration number: "
[1] 58
[1] "Minimum fitness threshold not reached after 58 iterations! Continuing PSO."
[1] "iteration number: "
[1] 59
[1] "Minimum fitness threshold not reached after 59 iterations! Continuing PSO."
[1] "iteration number: "
[1] 60
[1] "Minimum fitness threshold not reached after 60 iterations! Continuing PSO."
[1] "iteration number: "
[1] 61
[1] "Minimum fitness threshold not reached after 61 iterations! Continuing PSO."
[1] "iteration number: "
[1] 62
[1] "RE-INITIALIZING..."
[1] 3
[1] 5
[1] 11
 [1] 2 1 4 4 3 3 4 2 1 3 4 1 1 4 2 3 3 1 3 2
[1] "Minimum fitness threshold not reached after 62 iterations! Continuing PSO."
[1] "iteration number: "
[1] 63
[1] "Minimum fitness threshold not reached after 63 iterations! Continuing PSO."
[1] "iteration number: "
[1] 64
[1] "Minimum fitness threshold not reached after 64 iterations! Continuing PSO."
[1] "iteration number: "
[1] 65
[1] "Minimum fitness threshold not reached after 65 iterations! Continuing PSO."
[1] "iteration number: "
[1] 66
[1] "Minimum fitness threshold not reached after 66 iterations! Continuing PSO."
[1] "iteration number: "
[1] 67
[1] "Minimum fitness threshold not reached after 67 iterations! Continuing PSO."
[1] "iteration number: "
[1] 68
[1] "Minimum fitness threshold not reached after 68 iterations! Continuing PSO."
[1] "iteration number: "
[1] 69
[1] "Minimum fitness threshold not reached after 69 iterations! Continuing PSO."
[1] "iteration number: "
[1] 70
[1] "Minimum fitness threshold not reached after 70 iterations! Continuing PSO."
[1] "iteration number: "
[1] 71
[1] "Minimum fitness threshold not reached after 71 iterations! Continuing PSO."
[1] "iteration number: "
[1] 72
[1] "Minimum fitness threshold not reached after 72 iterations! Continuing PSO."
[1] "iteration number: "
[1] 73
[1] "RE-INITIALIZING..."
[1] 4
[1] 5
[1] 11
 [1] 1 3 1 2 2 2 3 2 2 2 3 3 2 1 3 3 2 2 2 1
[1] "Minimum fitness threshold not reached after 73 iterations! Continuing PSO."
[1] "iteration number: "
[1] 74
[1] "Minimum fitness threshold not reached after 74 iterations! Continuing PSO."
[1] "iteration number: "
[1] 75
[1] "Minimum fitness threshold not reached after 75 iterations! Continuing PSO."
[1] "iteration number: "
[1] 76
[1] "Minimum fitness threshold not reached after 76 iterations! Continuing PSO."
[1] "iteration number: "
[1] 77
[1] "Minimum fitness threshold not reached after 77 iterations! Continuing PSO."
[1] "iteration number: "
[1] 78
[1] "Best fitness updated to:"
[1] -59.06314
[1] "Best solution:"
 [1] 1 1 0 1 1 1 1 1 1 0 1
[1] 9
[1] "Minimum fitness threshold not reached after 78 iterations! Continuing PSO."
[1] "iteration number: "
[1] 79
[1] "Minimum fitness threshold not reached after 79 iterations! Continuing PSO."
[1] "iteration number: "
[1] 80
[1] "Minimum fitness threshold not reached after 80 iterations! Continuing PSO."
[1] "iteration number: "
[1] 81
[1] "Minimum fitness threshold not reached after 81 iterations! Continuing PSO."
[1] "iteration number: "
[1] 82
[1] "Minimum fitness threshold not reached after 82 iterations! Continuing PSO."
[1] "iteration number: "
[1] 83
[1] "Minimum fitness threshold not reached after 83 iterations! Continuing PSO."
[1] "iteration number: "
[1] 84
[1] "Minimum fitness threshold not reached after 84 iterations! Continuing PSO."
[1] "iteration number: "
[1] 85
[1] "Minimum fitness threshold not reached after 85 iterations! Continuing PSO."
[1] "iteration number: "
[1] 86
[1] "Minimum fitness threshold not reached after 86 iterations! Continuing PSO."
[1] "iteration number: "
[1] 87
[1] "Minimum fitness threshold not reached after 87 iterations! Continuing PSO."
[1] "iteration number: "
[1] 88
[1] "Minimum fitness threshold not reached after 88 iterations! Continuing PSO."
[1] "iteration number: "
[1] 89
[1] "RE-INITIALIZING..."
[1] 1
[1] 5
[1] 11
 [1] 1 4 2 3 2 1 2 4 2 2 2 3 3 2 1 2 3 1 2 2
[1] "Minimum fitness threshold not reached after 89 iterations! Continuing PSO."
[1] "iteration number: "
[1] 90
[1] "Minimum fitness threshold not reached after 90 iterations! Continuing PSO."
[1] "iteration number: "
[1] 91
[1] "Minimum fitness threshold not reached after 91 iterations! Continuing PSO."
[1] "iteration number: "
[1] 92
[1] "Minimum fitness threshold not reached after 92 iterations! Continuing PSO."
[1] "iteration number: "
[1] 93
[1] "Minimum fitness threshold not reached after 93 iterations! Continuing PSO."
[1] "iteration number: "
[1] 94
[1] "Minimum fitness threshold not reached after 94 iterations! Continuing PSO."
[1] "iteration number: "
[1] 95
[1] "Minimum fitness threshold not reached after 95 iterations! Continuing PSO."
[1] "iteration number: "
[1] 96
[1] "Minimum fitness threshold not reached after 96 iterations! Continuing PSO."
[1] "iteration number: "
[1] 97
[1] "Minimum fitness threshold not reached after 97 iterations! Continuing PSO."
[1] "iteration number: "
[1] 98
[1] "Minimum fitness threshold not reached after 98 iterations! Continuing PSO."
[1] "iteration number: "
[1] 99
[1] "Minimum fitness threshold not reached after 99 iterations! Continuing PSO."
[1] "iteration number: "
[1] 100
[1] "RE-INITIALIZING..."
[1] 2
[1] 5
[1] 11
 [1] 2 1 4 4 3 3 4 2 1 3 4 1 1 4 2 3 3 1 3 2
[1] "Minimum fitness threshold not reached after 100 iterations! Continuing PSO."
[1] "iteration number: "
[1] 101
[1] "Minimum fitness threshold not reached after 101 iterations! Continuing PSO."
[1] "iteration number: "
[1] 102
[1] "Minimum fitness threshold not reached after 102 iterations! Continuing PSO."
[1] "iteration number: "
[1] 103
[1] "Minimum fitness threshold not reached after 103 iterations! Continuing PSO."
[1] "iteration number: "
[1] 104
[1] "Minimum fitness threshold not reached after 104 iterations! Continuing PSO."
[1] "iteration number: "
[1] 105
[1] "Minimum fitness threshold not reached after 105 iterations! Continuing PSO."
[1] "iteration number: "
[1] 106
[1] "Minimum fitness threshold not reached after 106 iterations! Continuing PSO."
[1] "iteration number: "
[1] 107
[1] "Minimum fitness threshold not reached after 107 iterations! Continuing PSO."
[1] "iteration number: "
[1] 108
[1] "Minimum fitness threshold not reached after 108 iterations! Continuing PSO."
[1] "iteration number: "
[1] 109
[1] "Minimum fitness threshold not reached after 109 iterations! Continuing PSO."
[1] "iteration number: "
[1] 110
[1] "Minimum fitness threshold not reached after 110 iterations! Continuing PSO."
[1] "iteration number: "
[1] 111
[1] "RE-INITIALIZING..."
[1] 3
[1] 5
[1] 11
 [1] 1 3 1 2 2 2 3 2 2 2 3 3 2 1 3 3 2 2 2 1
[1] "Minimum fitness threshold not reached after 111 iterations! Continuing PSO."
[1] "iteration number: "
[1] 112
[1] "Minimum fitness threshold not reached after 112 iterations! Continuing PSO."
[1] "iteration number: "
[1] 113
[1] "Minimum fitness threshold not reached after 113 iterations! Continuing PSO."
[1] "iteration number: "
[1] 114
[1] "Minimum fitness threshold not reached after 114 iterations! Continuing PSO."
[1] "iteration number: "
[1] 115
[1] "Minimum fitness threshold not reached after 115 iterations! Continuing PSO."
[1] "iteration number: "
[1] 116
[1] "Minimum fitness threshold not reached after 116 iterations! Continuing PSO."
[1] "iteration number: "
[1] 117
[1] "Minimum fitness threshold not reached after 117 iterations! Continuing PSO."
[1] "iteration number: "
[1] 118
[1] "Minimum fitness threshold not reached after 118 iterations! Continuing PSO."
[1] "iteration number: "
[1] 119
[1] "Minimum fitness threshold not reached after 119 iterations! Continuing PSO."
[1] "iteration number: "
[1] 120
[1] "Minimum fitness threshold not reached after 120 iterations! Continuing PSO."
[1] "iteration number: "
[1] 121
[1] "Minimum fitness threshold not reached after 121 iterations! Continuing PSO."
[1] "iteration number: "
[1] 122
[1] "RE-INITIALIZING..."
[1] 4
[1] 5
[1] 10
 [1] 2 2 1 2 1 3 2 2 2 2 2 3 1 3 2 2 1 3 1 2
[1] "Minimum fitness threshold not reached after 122 iterations! Continuing PSO."
[1] "iteration number: "
[1] 123
[1] "Minimum fitness threshold not reached after 123 iterations! Continuing PSO."
[1] "iteration number: "
[1] 124
[1] "Minimum fitness threshold not reached after 124 iterations! Continuing PSO."
[1] "iteration number: "
[1] 125
[1] "Minimum fitness threshold not reached after 125 iterations! Continuing PSO."
[1] "iteration number: "
[1] 126
[1] "Minimum fitness threshold not reached after 126 iterations! Continuing PSO."
[1] "iteration number: "
[1] 127
[1] "Minimum fitness threshold not reached after 127 iterations! Continuing PSO."
[1] "iteration number: "
[1] 128
[1] "Minimum fitness threshold not reached after 128 iterations! Continuing PSO."
[1] "iteration number: "
[1] 129
[1] "Minimum fitness threshold not reached after 129 iterations! Continuing PSO."
[1] "iteration number: "
[1] 130
[1] "Minimum fitness threshold not reached after 130 iterations! Continuing PSO."
[1] "iteration number: "
[1] 131
[1] "Minimum fitness threshold not reached after 131 iterations! Continuing PSO."
[1] "iteration number: "
[1] 132
[1] "Minimum fitness threshold not reached after 132 iterations! Continuing PSO."
[1] "iteration number: "
[1] 133
[1] "RE-INITIALIZING..."
[1] 5
[1] 5
[1] 11
 [1] 3 1 4 2 2 3 2 2 1 2 3 2 1 2 2 3 2 2 3 3
[1] "Minimum fitness threshold not reached after 133 iterations! Continuing PSO."
[1] "iteration number: "
[1] 134
[1] "Minimum fitness threshold not reached after 134 iterations! Continuing PSO."
[1] "iteration number: "
[1] 135
[1] "Minimum fitness threshold not reached after 135 iterations! Continuing PSO."
[1] "iteration number: "
[1] 136
[1] "Minimum fitness threshold not reached after 136 iterations! Continuing PSO."
[1] "iteration number: "
[1] 137
[1] "Minimum fitness threshold not reached after 137 iterations! Continuing PSO."
[1] "iteration number: "
[1] 138
[1] "Minimum fitness threshold not reached after 138 iterations! Continuing PSO."
[1] "iteration number: "
[1] 139
[1] "Minimum fitness threshold not reached after 139 iterations! Continuing PSO."
[1] "iteration number: "
[1] 140
[1] "Minimum fitness threshold not reached after 140 iterations! Continuing PSO."
[1] "iteration number: "
[1] 141
[1] "Minimum fitness threshold not reached after 141 iterations! Continuing PSO."
[1] "iteration number: "
[1] 142
[1] "Minimum fitness threshold not reached after 142 iterations! Continuing PSO."
[1] "iteration number: "
[1] 143
[1] "Minimum fitness threshold not reached after 143 iterations! Continuing PSO."
[1] "iteration number: "
[1] 144
[1] "RE-INITIALIZING..."
[1] 6
[1] 5
[1] 11
[1] "No change for 6 iterations. Exiting PSO."
[1]  3  4  5  7  9 11
[1] 2
[1] "##################################"
[1] "Results summary for itr:2"
[1] "number of features selected using population mean"
[1] 6
[1] "number of features selected using current global best"
[1] 6
[1] "feat ind length"
[1] 6
[1] "best accuracy"
[1] 59.06314
[1] "test acc:0.961538461538462"
[1] "##################################"
[1] "learning sets: 3"
  [1]   9  15  60 110  68  29  66  80  78 104 118 120  49  83  72  42  87  73
 [19]  14  31  74   8  98  94  22  51  76  54 117  17 129  46  23  45  91  89
 [37] 109  43  16   5  55 101  67 123 115  20  25  97  82  59 125  53  39   7
 [55] 114   3   1  85  28  81  50  47  99  40  75 113  19  26 130  34  10  65
 [73]  57 112 128  61  35 111  70 105  69  21 122  58  11  86  41  52 116  38
 [91] 102   2  79  84  64  96 127  62  56  95 100 106   4  93
[1] "Starting global iteration number : 3"
[1] "iteration number: "
[1] 1
[1] "Best fitness updated to:"
[1] -53.76138
[1] "Best solution:"
 [1] NA NA NA NA NA NA NA NA NA NA NA
[1] 0
[1] "iteration number: "
[1] 2
[1] "Best fitness updated to:"
[1] -54.10288
[1] "Best solution:"
 [1] 1 0 1 0 0 1 1 1 1 1 1
[1] 8
[1] "iteration number: "
[1] 3
[1] "Best fitness updated to:"
[1] -54.64542
[1] "Best solution:"
 [1] 1 1 1 0 0 1 1 1 1 1 1
[1] 9
[1] "iteration number: "
[1] 4
[1] "Best fitness updated to:"
[1] -55.29868
[1] "Best solution:"
 [1] 0 1 1 0 1 0 1 1 1 1 1
[1] 8
[1] "iteration number: "
[1] 5
[1] "iteration number: "
[1] 6
[1] "Best fitness updated to:"
[1] -56.38688
[1] "Best solution:"
 [1] 1 0 1 1 0 1 1 1 1 1 1
[1] 9
[1] "Minimum fitness threshold not reached after 6 iterations! Continuing PSO."
[1] "iteration number: "
[1] 7
[1] "Best fitness updated to:"
[1] -59.40297
[1] "Best solution:"
 [1] 0 1 1 1 0 1 1 1 0 1 1
[1] 8
[1] "Minimum fitness threshold not reached after 7 iterations! Continuing PSO."
[1] "iteration number: "
[1] 8
[1] "Minimum fitness threshold not reached after 8 iterations! Continuing PSO."
[1] "iteration number: "
[1] 9
[1] "Minimum fitness threshold not reached after 9 iterations! Continuing PSO."
[1] "iteration number: "
[1] 10
[1] "Minimum fitness threshold not reached after 10 iterations! Continuing PSO."
[1] "iteration number: "
[1] 11
[1] "Minimum fitness threshold not reached after 11 iterations! Continuing PSO."
[1] "iteration number: "
[1] 12
[1] "Minimum fitness threshold not reached after 12 iterations! Continuing PSO."
[1] "iteration number: "
[1] 13
[1] "Minimum fitness threshold not reached after 13 iterations! Continuing PSO."
[1] "iteration number: "
[1] 14
[1] "Minimum fitness threshold not reached after 14 iterations! Continuing PSO."
[1] "iteration number: "
[1] 15
[1] "Minimum fitness threshold not reached after 15 iterations! Continuing PSO."
[1] "iteration number: "
[1] 16
[1] "Minimum fitness threshold not reached after 16 iterations! Continuing PSO."
[1] "iteration number: "
[1] 17
[1] "Minimum fitness threshold not reached after 17 iterations! Continuing PSO."
[1] "iteration number: "
[1] 18
[1] "RE-INITIALIZING..."
[1] 1
[1] 5
[1] 11
 [1] 3 1 4 2 2 3 2 2 1 2 3 2 1 2 2 3 2 2 3 3
[1] "Minimum fitness threshold not reached after 18 iterations! Continuing PSO."
[1] "iteration number: "
[1] 19
[1] "Minimum fitness threshold not reached after 19 iterations! Continuing PSO."
[1] "iteration number: "
[1] 20
[1] "Minimum fitness threshold not reached after 20 iterations! Continuing PSO."
[1] "iteration number: "
[1] 21
[1] "Minimum fitness threshold not reached after 21 iterations! Continuing PSO."
[1] "iteration number: "
[1] 22
[1] "Minimum fitness threshold not reached after 22 iterations! Continuing PSO."
[1] "iteration number: "
[1] 23
[1] "Minimum fitness threshold not reached after 23 iterations! Continuing PSO."
[1] "iteration number: "
[1] 24
[1] "Minimum fitness threshold not reached after 24 iterations! Continuing PSO."
[1] "iteration number: "
[1] 25
[1] "Minimum fitness threshold not reached after 25 iterations! Continuing PSO."
[1] "iteration number: "
[1] 26
[1] "Minimum fitness threshold not reached after 26 iterations! Continuing PSO."
[1] "iteration number: "
[1] 27
[1] "Minimum fitness threshold not reached after 27 iterations! Continuing PSO."
[1] "iteration number: "
[1] 28
[1] "Minimum fitness threshold not reached after 28 iterations! Continuing PSO."
[1] "iteration number: "
[1] 29
[1] "RE-INITIALIZING..."
[1] 2
[1] 5
[1] 11
 [1] 2 1 4 4 3 3 4 2 1 3 4 1 1 4 2 3 3 1 3 2
[1] "Minimum fitness threshold not reached after 29 iterations! Continuing PSO."
[1] "iteration number: "
[1] 30
[1] "Minimum fitness threshold not reached after 30 iterations! Continuing PSO."
[1] "iteration number: "
[1] 31
[1] "Minimum fitness threshold not reached after 31 iterations! Continuing PSO."
[1] "iteration number: "
[1] 32
[1] "Minimum fitness threshold not reached after 32 iterations! Continuing PSO."
[1] "iteration number: "
[1] 33
[1] "Minimum fitness threshold not reached after 33 iterations! Continuing PSO."
[1] "iteration number: "
[1] 34
[1] "Minimum fitness threshold not reached after 34 iterations! Continuing PSO."
[1] "iteration number: "
[1] 35
[1] "Minimum fitness threshold not reached after 35 iterations! Continuing PSO."
[1] "iteration number: "
[1] 36
[1] "Minimum fitness threshold not reached after 36 iterations! Continuing PSO."
[1] "iteration number: "
[1] 37
[1] "Minimum fitness threshold not reached after 37 iterations! Continuing PSO."
[1] "iteration number: "
[1] 38
[1] "Minimum fitness threshold not reached after 38 iterations! Continuing PSO."
[1] "iteration number: "
[1] 39
[1] "Minimum fitness threshold not reached after 39 iterations! Continuing PSO."
[1] "iteration number: "
[1] 40
[1] "RE-INITIALIZING..."
[1] 3
[1] 5
[1] 10
 [1] 2 1 4 4 3 3 4 2 1 3 4 1 1 4 2 3 3 1 3 2
[1] "Minimum fitness threshold not reached after 40 iterations! Continuing PSO."
[1] "iteration number: "
[1] 41
[1] "Minimum fitness threshold not reached after 41 iterations! Continuing PSO."
[1] "iteration number: "
[1] 42
[1] "Minimum fitness threshold not reached after 42 iterations! Continuing PSO."
[1] "iteration number: "
[1] 43
[1] "Minimum fitness threshold not reached after 43 iterations! Continuing PSO."
[1] "iteration number: "
[1] 44
[1] "Minimum fitness threshold not reached after 44 iterations! Continuing PSO."
[1] "iteration number: "
[1] 45
[1] "Minimum fitness threshold not reached after 45 iterations! Continuing PSO."
[1] "iteration number: "
[1] 46
[1] "Minimum fitness threshold not reached after 46 iterations! Continuing PSO."
[1] "iteration number: "
[1] 47
[1] "Minimum fitness threshold not reached after 47 iterations! Continuing PSO."
[1] "iteration number: "
[1] 48
[1] "Minimum fitness threshold not reached after 48 iterations! Continuing PSO."
[1] "iteration number: "
[1] 49
[1] "Minimum fitness threshold not reached after 49 iterations! Continuing PSO."
[1] "iteration number: "
[1] 50
[1] "Minimum fitness threshold not reached after 50 iterations! Continuing PSO."
[1] "iteration number: "
[1] 51
[1] "RE-INITIALIZING..."
[1] 4
[1] 5
[1] 10
 [1] 1 3 1 2 2 2 3 2 2 2 3 3 2 1 3 3 2 2 2 1
[1] "Minimum fitness threshold not reached after 51 iterations! Continuing PSO."
[1] "iteration number: "
[1] 52
[1] "Minimum fitness threshold not reached after 52 iterations! Continuing PSO."
[1] "iteration number: "
[1] 53
[1] "Minimum fitness threshold not reached after 53 iterations! Continuing PSO."
[1] "iteration number: "
[1] 54
[1] "Minimum fitness threshold not reached after 54 iterations! Continuing PSO."
[1] "iteration number: "
[1] 55
[1] "Minimum fitness threshold not reached after 55 iterations! Continuing PSO."
[1] "iteration number: "
[1] 56
[1] "Minimum fitness threshold not reached after 56 iterations! Continuing PSO."
[1] "iteration number: "
[1] 57
[1] "Minimum fitness threshold not reached after 57 iterations! Continuing PSO."
[1] "iteration number: "
[1] 58
[1] "Minimum fitness threshold not reached after 58 iterations! Continuing PSO."
[1] "iteration number: "
[1] 59
[1] "Minimum fitness threshold not reached after 59 iterations! Continuing PSO."
[1] "iteration number: "
[1] 60
[1] "Minimum fitness threshold not reached after 60 iterations! Continuing PSO."
[1] "iteration number: "
[1] 61
[1] "Minimum fitness threshold not reached after 61 iterations! Continuing PSO."
[1] "iteration number: "
[1] 62
[1] "RE-INITIALIZING..."
[1] 5
[1] 5
[1] 11
 [1] 2 2 1 2 1 3 2 2 2 2 2 3 1 3 2 2 1 3 1 2
[1] "Minimum fitness threshold not reached after 62 iterations! Continuing PSO."
[1] "iteration number: "
[1] 63
[1] "Minimum fitness threshold not reached after 63 iterations! Continuing PSO."
[1] "iteration number: "
[1] 64
[1] "Minimum fitness threshold not reached after 64 iterations! Continuing PSO."
[1] "iteration number: "
[1] 65
[1] "Minimum fitness threshold not reached after 65 iterations! Continuing PSO."
[1] "iteration number: "
[1] 66
[1] "Minimum fitness threshold not reached after 66 iterations! Continuing PSO."
[1] "iteration number: "
[1] 67
[1] "Minimum fitness threshold not reached after 67 iterations! Continuing PSO."
[1] "iteration number: "
[1] 68
[1] "Minimum fitness threshold not reached after 68 iterations! Continuing PSO."
[1] "iteration number: "
[1] 69
[1] "Minimum fitness threshold not reached after 69 iterations! Continuing PSO."
[1] "iteration number: "
[1] 70
[1] "Minimum fitness threshold not reached after 70 iterations! Continuing PSO."
[1] "iteration number: "
[1] 71
[1] "Minimum fitness threshold not reached after 71 iterations! Continuing PSO."
[1] "iteration number: "
[1] 72
[1] "Minimum fitness threshold not reached after 72 iterations! Continuing PSO."
[1] "iteration number: "
[1] 73
[1] "RE-INITIALIZING..."
[1] 6
[1] 5
[1] 9
[1] "No change for 6 iterations. Exiting PSO."
[1]  4  5  6  7  8 10 11
[1] 3
[1] "##################################"
[1] "Results summary for itr:3"
[1] "number of features selected using population mean"
[1] 7
[1] "number of features selected using current global best"
[1] 7
[1] "feat ind length"
[1] 7
[1] "best accuracy"
[1] 59.40297
[1] "test acc:0.961538461538462"
[1] "##################################"
[1] "learning sets: 4"
  [1] 117  15  60  73  98  66  16  46  87  45   5  18  29 118  31  76 110   9
 [19]  80 104  13 120  90  89  24  94  83  71  51  74  17 109  42  68  30   8
 [37]  22  43  49 103 125  81   1  92  99 108  70  27  26  79   2  77   3 124
 [55] 111  11  39  86  34  48  69  35  82  38 102  63  67  58 123  25  97  20
 [73] 106 114 105  19 122 128  41  12   7 119  28 126  93  59  62 107  37  84
 [91] 116  53  57 101  55  47  61  64  44  88   4 113  50 121
[1] "Starting global iteration number : 4"
[1] "iteration number: "
[1] 1
[1] "Best fitness updated to:"
[1] -55.29239
[1] "Best solution:"
 [1] NA NA NA NA NA NA NA NA NA NA NA
[1] 0
[1] "iteration number: "
[1] 2
[1] "Best fitness updated to:"
[1] -56.7752
[1] "Best solution:"
 [1] 1 0 1 0 0 1 1 1 1 1 1
[1] 8
[1] "iteration number: "
[1] 3
[1] "Best fitness updated to:"
[1] -58.88295
[1] "Best solution:"
 [1] 1 1 1 1 0 1 0 0 0 1 1
[1] 7
[1] "iteration number: "
[1] 4
[1] "iteration number: "
[1] 5
[1] "iteration number: "
[1] 6
[1] "Minimum fitness threshold not reached after 6 iterations! Continuing PSO."
[1] "iteration number: "
[1] 7
[1] "Best fitness updated to:"
[1] -59.01008
[1] "Best solution:"
 [1] 1 1 0 0 1 0 1 0 0 1 0
[1] 5
[1] "Minimum fitness threshold not reached after 7 iterations! Continuing PSO."
[1] "iteration number: "
[1] 8
[1] "Minimum fitness threshold not reached after 8 iterations! Continuing PSO."
[1] "iteration number: "
[1] 9
[1] "Minimum fitness threshold not reached after 9 iterations! Continuing PSO."
[1] "iteration number: "
[1] 10
[1] "Minimum fitness threshold not reached after 10 iterations! Continuing PSO."
[1] "iteration number: "
[1] 11
[1] "Minimum fitness threshold not reached after 11 iterations! Continuing PSO."
[1] "iteration number: "
[1] 12
[1] "Minimum fitness threshold not reached after 12 iterations! Continuing PSO."
[1] "iteration number: "
[1] 13
[1] "Minimum fitness threshold not reached after 13 iterations! Continuing PSO."
[1] "iteration number: "
[1] 14
[1] "Minimum fitness threshold not reached after 14 iterations! Continuing PSO."
[1] "iteration number: "
[1] 15
[1] "Minimum fitness threshold not reached after 15 iterations! Continuing PSO."
[1] "iteration number: "
[1] 16
[1] "Minimum fitness threshold not reached after 16 iterations! Continuing PSO."
[1] "iteration number: "
[1] 17
[1] "Best fitness updated to:"
[1] -60.87026
[1] "Best solution:"
 [1] 1 1 0 1 0 1 0 1 0 1 1
[1] 7
[1] "Minimum fitness threshold not reached after 17 iterations! Continuing PSO."
[1] "iteration number: "
[1] 18
[1] "Minimum fitness threshold not reached after 18 iterations! Continuing PSO."
[1] "iteration number: "
[1] 19
[1] "Minimum fitness threshold not reached after 19 iterations! Continuing PSO."
[1] "iteration number: "
[1] 20
[1] "Minimum fitness threshold not reached after 20 iterations! Continuing PSO."
[1] "iteration number: "
[1] 21
[1] "Minimum fitness threshold not reached after 21 iterations! Continuing PSO."
[1] "iteration number: "
[1] 22
[1] "Minimum fitness threshold not reached after 22 iterations! Continuing PSO."
[1] "iteration number: "
[1] 23
[1] "Minimum fitness threshold not reached after 23 iterations! Continuing PSO."
[1] "iteration number: "
[1] 24
[1] "Minimum fitness threshold not reached after 24 iterations! Continuing PSO."
[1] "iteration number: "
[1] 25
[1] "Minimum fitness threshold not reached after 25 iterations! Continuing PSO."
[1] "iteration number: "
[1] 26
[1] "Minimum fitness threshold not reached after 26 iterations! Continuing PSO."
[1] "iteration number: "
[1] 27
[1] "Minimum fitness threshold not reached after 27 iterations! Continuing PSO."
[1] "iteration number: "
[1] 28
[1] "RE-INITIALIZING..."
[1] 1
[1] 5
[1] 10
 [1] 2 1 4 4 3 3 4 2 1 3 4 1 1 4 2 3 3 1 3 2
[1] "Minimum fitness threshold not reached after 28 iterations! Continuing PSO."
[1] "iteration number: "
[1] 29
[1] "Minimum fitness threshold not reached after 29 iterations! Continuing PSO."
[1] "iteration number: "
[1] 30
[1] "Minimum fitness threshold not reached after 30 iterations! Continuing PSO."
[1] "iteration number: "
[1] 31
[1] "Minimum fitness threshold not reached after 31 iterations! Continuing PSO."
[1] "iteration number: "
[1] 32
[1] "Minimum fitness threshold not reached after 32 iterations! Continuing PSO."
[1] "iteration number: "
[1] 33
[1] "Minimum fitness threshold not reached after 33 iterations! Continuing PSO."
[1] "iteration number: "
[1] 34
[1] "Minimum fitness threshold not reached after 34 iterations! Continuing PSO."
[1] "iteration number: "
[1] 35
[1] "Minimum fitness threshold not reached after 35 iterations! Continuing PSO."
[1] "iteration number: "
[1] 36
[1] "Minimum fitness threshold not reached after 36 iterations! Continuing PSO."
[1] "iteration number: "
[1] 37
[1] "Minimum fitness threshold not reached after 37 iterations! Continuing PSO."
[1] "iteration number: "
[1] 38
[1] "Minimum fitness threshold not reached after 38 iterations! Continuing PSO."
[1] "iteration number: "
[1] 39
[1] "RE-INITIALIZING..."
[1] 2
[1] 5
[1] 10
 [1] 1 3 1 2 2 2 3 2 2 2 3 3 2 1 3 3 2 2 2 1
[1] "Minimum fitness threshold not reached after 39 iterations! Continuing PSO."
[1] "iteration number: "
[1] 40
[1] "Minimum fitness threshold not reached after 40 iterations! Continuing PSO."
[1] "iteration number: "
[1] 41
[1] "Minimum fitness threshold not reached after 41 iterations! Continuing PSO."
[1] "iteration number: "
[1] 42
[1] "Minimum fitness threshold not reached after 42 iterations! Continuing PSO."
[1] "iteration number: "
[1] 43
[1] "Minimum fitness threshold not reached after 43 iterations! Continuing PSO."
[1] "iteration number: "
[1] 44
[1] "Minimum fitness threshold not reached after 44 iterations! Continuing PSO."
[1] "iteration number: "
[1] 45
[1] "Minimum fitness threshold not reached after 45 iterations! Continuing PSO."
[1] "iteration number: "
[1] 46
[1] "Minimum fitness threshold not reached after 46 iterations! Continuing PSO."
[1] "iteration number: "
[1] 47
[1] "Minimum fitness threshold not reached after 47 iterations! Continuing PSO."
[1] "iteration number: "
[1] 48
[1] "Minimum fitness threshold not reached after 48 iterations! Continuing PSO."
[1] "iteration number: "
[1] 49
[1] "Minimum fitness threshold not reached after 49 iterations! Continuing PSO."
[1] "iteration number: "
[1] 50
[1] "RE-INITIALIZING..."
[1] 3
[1] 5
[1] 10
 [1] 1 4 2 3 2 1 2 4 2 2 2 3 3 2 1 2 3 1 2 2
[1] "Minimum fitness threshold not reached after 50 iterations! Continuing PSO."
[1] "iteration number: "
[1] 51
[1] "Minimum fitness threshold not reached after 51 iterations! Continuing PSO."
[1] "iteration number: "
[1] 52
[1] "Minimum fitness threshold not reached after 52 iterations! Continuing PSO."
[1] "iteration number: "
[1] 53
[1] "Minimum fitness threshold not reached after 53 iterations! Continuing PSO."
[1] "iteration number: "
[1] 54
[1] "Minimum fitness threshold not reached after 54 iterations! Continuing PSO."
[1] "iteration number: "
[1] 55
[1] "Minimum fitness threshold not reached after 55 iterations! Continuing PSO."
[1] "iteration number: "
[1] 56
[1] "Minimum fitness threshold not reached after 56 iterations! Continuing PSO."
[1] "iteration number: "
[1] 57
[1] "Minimum fitness threshold not reached after 57 iterations! Continuing PSO."
[1] "iteration number: "
[1] 58
[1] "Minimum fitness threshold not reached after 58 iterations! Continuing PSO."
[1] "iteration number: "
[1] 59
[1] "Minimum fitness threshold not reached after 59 iterations! Continuing PSO."
[1] "iteration number: "
[1] 60
[1] "Minimum fitness threshold not reached after 60 iterations! Continuing PSO."
[1] "iteration number: "
[1] 61
[1] "RE-INITIALIZING..."
[1] 4
[1] 5
[1] 10
 [1] 1 3 1 2 2 2 3 2 2 2 3 3 2 1 3 3 2 2 2 1
[1] "Minimum fitness threshold not reached after 61 iterations! Continuing PSO."
[1] "iteration number: "
[1] 62
[1] "Minimum fitness threshold not reached after 62 iterations! Continuing PSO."
[1] "iteration number: "
[1] 63
[1] "Minimum fitness threshold not reached after 63 iterations! Continuing PSO."
[1] "iteration number: "
[1] 64
[1] "Minimum fitness threshold not reached after 64 iterations! Continuing PSO."
[1] "iteration number: "
[1] 65
[1] "Minimum fitness threshold not reached after 65 iterations! Continuing PSO."
[1] "iteration number: "
[1] 66
[1] "Minimum fitness threshold not reached after 66 iterations! Continuing PSO."
[1] "iteration number: "
[1] 67
[1] "Minimum fitness threshold not reached after 67 iterations! Continuing PSO."
[1] "iteration number: "
[1] 68
[1] "Minimum fitness threshold not reached after 68 iterations! Continuing PSO."
[1] "iteration number: "
[1] 69
[1] "Minimum fitness threshold not reached after 69 iterations! Continuing PSO."
[1] "iteration number: "
[1] 70
[1] "Minimum fitness threshold not reached after 70 iterations! Continuing PSO."
[1] "iteration number: "
[1] 71
[1] "Minimum fitness threshold not reached after 71 iterations! Continuing PSO."
[1] "iteration number: "
[1] 72
[1] "RE-INITIALIZING..."
[1] 5
[1] 5
[1] 8
 [1] 2 2 1 2 1 3 2 2 2 2 2 3 1 3 2 2 1 3 1 2
[1] "iteration number: "
[1] 73
[1] "Minimum fitness threshold not reached after 73 iterations! Continuing PSO."
[1] "iteration number: "
[1] 74
[1] "Minimum fitness threshold not reached after 74 iterations! Continuing PSO."
[1] "iteration number: "
[1] 75
[1] "Minimum fitness threshold not reached after 75 iterations! Continuing PSO."
[1] "iteration number: "
[1] 76
[1] "Minimum fitness threshold not reached after 76 iterations! Continuing PSO."
[1] "iteration number: "
[1] 77
[1] "Minimum fitness threshold not reached after 77 iterations! Continuing PSO."
[1] "iteration number: "
[1] 78
[1] "Minimum fitness threshold not reached after 78 iterations! Continuing PSO."
[1] "iteration number: "
[1] 79
[1] "Minimum fitness threshold not reached after 79 iterations! Continuing PSO."
[1] "iteration number: "
[1] 80
[1] "iteration number: "
[1] 81
[1] "iteration number: "
[1] 82
[1] "iteration number: "
[1] 83
[1] "RE-INITIALIZING..."
[1] 6
[1] 5
[1] 8
[1] "No change for 6 iterations. Exiting PSO."
[1]  2  4  8 10 11
[1] 4
[1] "##################################"
[1] "Results summary for itr:4"
[1] "number of features selected using population mean"
[1] 5
[1] "number of features selected using current global best"
[1] 5
[1] "feat ind length"
[1] 5
[1] "best accuracy"
[1] 60.87026
[1] "test acc:1"
[1] "##################################"
[1] "learning sets: 5"
  [1]  22  90  74 104  60  78  23  16 120  43  13  46   6 118  17  54  32  51
 [19]  30  29   8  18 117  31  94  73  72  83  91 129 110  14  80  87  24  98
 [37] 103  15  76  45  79 116  37  36  52  85  53  48  11  63  75  25  97  61
 [55]  81  10  50  44  82 101  62  56  88 130  64 126 124  35   1  84 123  40
 [73]  27   2  59  67  28  95  41   3  86 107  34 108  58 105 115  93  20  69
 [91] 128  92  21   4  55  99  38   7 111 122 127 112 113  47
[1] "Starting global iteration number : 5"
[1] "iteration number: "
[1] 1
[1] "Best fitness updated to:"
[1] -57.51786
[1] "Best solution:"
 [1] NA NA NA NA NA NA NA NA NA NA NA
[1] 0
[1] "iteration number: "
[1] 2
[1] "Best fitness updated to:"
[1] -57.79857
[1] "Best solution:"
 [1] 1 0 1 0 0 1 1 1 1 1 1
[1] 8
[1] "iteration number: "
[1] 3
[1] "iteration number: "
[1] 4
[1] "Best fitness updated to:"
[1] -58.86412
[1] "Best solution:"
 [1] 0 0 1 1 0 1 1 0 0 0 1
[1] 5
[1] "iteration number: "
[1] 5
[1] "iteration number: "
[1] 6
[1] "Best fitness updated to:"
[1] -59.34882
[1] "Best solution:"
 [1] 1 1 0 1 0 1 1 1 0 1 1
[1] 8
[1] "Minimum fitness threshold not reached after 6 iterations! Continuing PSO."
[1] "iteration number: "
[1] 7
[1] "Minimum fitness threshold not reached after 7 iterations! Continuing PSO."
[1] "iteration number: "
[1] 8
[1] "Minimum fitness threshold not reached after 8 iterations! Continuing PSO."
[1] "iteration number: "
[1] 9
[1] "Best fitness updated to:"
[1] -59.70459
[1] "Best solution:"
 [1] 1 1 0 1 0 1 1 1 0 1 1
[1] 8
[1] "Minimum fitness threshold not reached after 9 iterations! Continuing PSO."
[1] "iteration number: "
[1] 10
[1] "Minimum fitness threshold not reached after 10 iterations! Continuing PSO."
[1] "iteration number: "
[1] 11
[1] "Minimum fitness threshold not reached after 11 iterations! Continuing PSO."
[1] "iteration number: "
[1] 12
[1] "Minimum fitness threshold not reached after 12 iterations! Continuing PSO."
[1] "iteration number: "
[1] 13
[1] "Minimum fitness threshold not reached after 13 iterations! Continuing PSO."
[1] "iteration number: "
[1] 14
[1] "Minimum fitness threshold not reached after 14 iterations! Continuing PSO."
[1] "iteration number: "
[1] 15
[1] "Minimum fitness threshold not reached after 15 iterations! Continuing PSO."
[1] "iteration number: "
[1] 16
[1] "Minimum fitness threshold not reached after 16 iterations! Continuing PSO."
[1] "iteration number: "
[1] 17
[1] "Minimum fitness threshold not reached after 17 iterations! Continuing PSO."
[1] "iteration number: "
[1] 18
[1] "Minimum fitness threshold not reached after 18 iterations! Continuing PSO."
[1] "iteration number: "
[1] 19
[1] "Minimum fitness threshold not reached after 19 iterations! Continuing PSO."
[1] "iteration number: "
[1] 20
[1] "RE-INITIALIZING..."
[1] 1
[1] 5
[1] 11
 [1] 1 3 1 2 2 2 3 2 2 2 3 3 2 1 3 3 2 2 2 1
[1] "Minimum fitness threshold not reached after 20 iterations! Continuing PSO."
[1] "iteration number: "
[1] 21
[1] "Minimum fitness threshold not reached after 21 iterations! Continuing PSO."
[1] "iteration number: "
[1] 22
[1] "Minimum fitness threshold not reached after 22 iterations! Continuing PSO."
[1] "iteration number: "
[1] 23
[1] "Minimum fitness threshold not reached after 23 iterations! Continuing PSO."
[1] "iteration number: "
[1] 24
[1] "Minimum fitness threshold not reached after 24 iterations! Continuing PSO."
[1] "iteration number: "
[1] 25
[1] "Minimum fitness threshold not reached after 25 iterations! Continuing PSO."
[1] "iteration number: "
[1] 26
[1] "Minimum fitness threshold not reached after 26 iterations! Continuing PSO."
[1] "iteration number: "
[1] 27
[1] "Minimum fitness threshold not reached after 27 iterations! Continuing PSO."
[1] "iteration number: "
[1] 28
[1] "Minimum fitness threshold not reached after 28 iterations! Continuing PSO."
[1] "iteration number: "
[1] 29
[1] "Minimum fitness threshold not reached after 29 iterations! Continuing PSO."
[1] "iteration number: "
[1] 30
[1] "Minimum fitness threshold not reached after 30 iterations! Continuing PSO."
[1] "iteration number: "
[1] 31
[1] "RE-INITIALIZING..."
[1] 2
[1] 5
[1] 11
 [1] 2 2 1 2 1 3 2 2 2 2 2 3 1 3 2 2 1 3 1 2
[1] "Minimum fitness threshold not reached after 31 iterations! Continuing PSO."
[1] "iteration number: "
[1] 32
[1] "Minimum fitness threshold not reached after 32 iterations! Continuing PSO."
[1] "iteration number: "
[1] 33
[1] "Minimum fitness threshold not reached after 33 iterations! Continuing PSO."
[1] "iteration number: "
[1] 34
[1] "Minimum fitness threshold not reached after 34 iterations! Continuing PSO."
[1] "iteration number: "
[1] 35
[1] "Minimum fitness threshold not reached after 35 iterations! Continuing PSO."
[1] "iteration number: "
[1] 36
[1] "Minimum fitness threshold not reached after 36 iterations! Continuing PSO."
[1] "iteration number: "
[1] 37
[1] "Minimum fitness threshold not reached after 37 iterations! Continuing PSO."
[1] "iteration number: "
[1] 38
[1] "Minimum fitness threshold not reached after 38 iterations! Continuing PSO."
[1] "iteration number: "
[1] 39
[1] "Minimum fitness threshold not reached after 39 iterations! Continuing PSO."
[1] "iteration number: "
[1] 40
[1] "Minimum fitness threshold not reached after 40 iterations! Continuing PSO."
[1] "iteration number: "
[1] 41
[1] "Minimum fitness threshold not reached after 41 iterations! Continuing PSO."
[1] "iteration number: "
[1] 42
[1] "RE-INITIALIZING..."
[1] 3
[1] 5
[1] 9
 [1] 3 1 4 2 2 3 2 2 1 2 3 2 1 2 2 3 2 2 3 3
[1] "Minimum fitness threshold not reached after 42 iterations! Continuing PSO."
[1] "iteration number: "
[1] 43
[1] "Minimum fitness threshold not reached after 43 iterations! Continuing PSO."
[1] "iteration number: "
[1] 44
[1] "Minimum fitness threshold not reached after 44 iterations! Continuing PSO."
[1] "iteration number: "
[1] 45
[1] "Minimum fitness threshold not reached after 45 iterations! Continuing PSO."
[1] "iteration number: "
[1] 46
[1] "Minimum fitness threshold not reached after 46 iterations! Continuing PSO."
[1] "iteration number: "
[1] 47
[1] "Minimum fitness threshold not reached after 47 iterations! Continuing PSO."
[1] "iteration number: "
[1] 48
[1] "Minimum fitness threshold not reached after 48 iterations! Continuing PSO."
[1] "iteration number: "
[1] 49
[1] "Minimum fitness threshold not reached after 49 iterations! Continuing PSO."
[1] "iteration number: "
[1] 50
[1] "Minimum fitness threshold not reached after 50 iterations! Continuing PSO."
[1] "iteration number: "
[1] 51
[1] "Minimum fitness threshold not reached after 51 iterations! Continuing PSO."
[1] "iteration number: "
[1] 52
[1] "Minimum fitness threshold not reached after 52 iterations! Continuing PSO."
[1] "iteration number: "
[1] 53
[1] "RE-INITIALIZING..."
[1] 4
[1] 5
[1] 10
 [1] 2 1 4 4 3 3 4 2 1 3 4 1 1 4 2 3 3 1 3 2
[1] "Minimum fitness threshold not reached after 53 iterations! Continuing PSO."
[1] "iteration number: "
[1] 54
[1] "Minimum fitness threshold not reached after 54 iterations! Continuing PSO."
[1] "iteration number: "
[1] 55
[1] "Minimum fitness threshold not reached after 55 iterations! Continuing PSO."
[1] "iteration number: "
[1] 56
[1] "Minimum fitness threshold not reached after 56 iterations! Continuing PSO."
[1] "iteration number: "
[1] 57
[1] "Minimum fitness threshold not reached after 57 iterations! Continuing PSO."
[1] "iteration number: "
[1] 58
[1] "Minimum fitness threshold not reached after 58 iterations! Continuing PSO."
[1] "iteration number: "
[1] 59
[1] "Minimum fitness threshold not reached after 59 iterations! Continuing PSO."
[1] "iteration number: "
[1] 60
[1] "Minimum fitness threshold not reached after 60 iterations! Continuing PSO."
[1] "iteration number: "
[1] 61
[1] "Minimum fitness threshold not reached after 61 iterations! Continuing PSO."
[1] "iteration number: "
[1] 62
[1] "Minimum fitness threshold not reached after 62 iterations! Continuing PSO."
[1] "iteration number: "
[1] 63
[1] "Minimum fitness threshold not reached after 63 iterations! Continuing PSO."
[1] "iteration number: "
[1] 64
[1] "RE-INITIALIZING..."
[1] 5
[1] 5
[1] 8
 [1] 1 3 1 2 2 2 3 2 2 2 3 3 2 1 3 3 2 2 2 1
[1] "iteration number: "
[1] 65
[1] "iteration number: "
[1] 66
[1] "iteration number: "
[1] 67
[1] "iteration number: "
[1] 68
[1] "iteration number: "
[1] 69
[1] "iteration number: "
[1] 70
[1] "iteration number: "
[1] 71
[1] "iteration number: "
[1] 72
[1] "iteration number: "
[1] 73
[1] "iteration number: "
[1] 74
[1] "iteration number: "
[1] 75
[1] "RE-INITIALIZING..."
[1] 6
[1] 5
[1] 8
[1] "No change for 6 iterations. Exiting PSO."
[1]  1  2  4  6  7 10 11
[1] 5
[1] "##################################"
[1] "Results summary for itr:5"
[1] "number of features selected using population mean"
[1] 7
[1] "number of features selected using current global best"
[1] 7
[1] "feat ind length"
[1] 7
[1] "best accuracy"
[1] 59.70459
[1] "test acc:1"
[1] "##################################"
[1] "learning sets: 6"
  [1]  13   5  17  66  94 103  80  30  14  51  42  76  74  91 117 118 109 104
 [19]  23  29   6  98  43  68  31  71  60 110  45  46  24  73  16  49  18  87
 [37]   8 129  83  22 126  77  67 106   2  20  36  39  55  69 116   1  81 112
 [55]   7  82 101  65 114 105  57  19  61 124   3  86  95  75  58  79 127  41
 [73]  21 111 102 113  11 121  64 128 130  92  37  12  93  47  25   4  84  99
 [91] 107  44 119  35  38  40  48  28 125  34  52  88  85 123
[1] "Starting global iteration number : 6"
[1] "iteration number: "
[1] 1
[1] "Best fitness updated to:"
[1] -55.1399
[1] "Best solution:"
 [1] NA NA NA NA NA NA NA NA NA NA NA
[1] 0
[1] "iteration number: "
[1] 2
[1] "Best fitness updated to:"
[1] -55.34734
[1] "Best solution:"
 [1] 1 0 1 0 0 1 1 1 1 1 1
[1] 8
[1] "iteration number: "
[1] 3
[1] "Best fitness updated to:"
[1] -55.76255
[1] "Best solution:"
 [1] 1 0 1 1 1 0 0 0 0 1 1
[1] 6
[1] "iteration number: "
[1] 4
[1] "Best fitness updated to:"
[1] -56.51056
[1] "Best solution:"
 [1] 0 0 1 1 1 0 0 1 0 1 1
[1] 6
[1] "iteration number: "
[1] 5
[1] "iteration number: "
[1] 6
[1] "Minimum fitness threshold not reached after 6 iterations! Continuing PSO."
[1] "iteration number: "
[1] 7
[1] "Minimum fitness threshold not reached after 7 iterations! Continuing PSO."
[1] "iteration number: "
[1] 8
[1] "Minimum fitness threshold not reached after 8 iterations! Continuing PSO."
[1] "iteration number: "
[1] 9
[1] "Minimum fitness threshold not reached after 9 iterations! Continuing PSO."
[1] "iteration number: "
[1] 10
[1] "Minimum fitness threshold not reached after 10 iterations! Continuing PSO."
[1] "iteration number: "
[1] 11
[1] "Minimum fitness threshold not reached after 11 iterations! Continuing PSO."
[1] "iteration number: "
[1] 12
[1] "Minimum fitness threshold not reached after 12 iterations! Continuing PSO."
[1] "iteration number: "
[1] 13
[1] "Minimum fitness threshold not reached after 13 iterations! Continuing PSO."
[1] "iteration number: "
[1] 14
[1] "Minimum fitness threshold not reached after 14 iterations! Continuing PSO."
[1] "iteration number: "
[1] 15
[1] "Best fitness updated to:"
[1] -56.60563
[1] "Best solution:"
 [1] 1 1 1 0 1 1 1 1 1 1 1
[1] 10
[1] "Minimum fitness threshold not reached after 15 iterations! Continuing PSO."
[1] "iteration number: "
[1] 16
[1] "Minimum fitness threshold not reached after 16 iterations! Continuing PSO."
[1] "iteration number: "
[1] 17
[1] "Minimum fitness threshold not reached after 17 iterations! Continuing PSO."
[1] "iteration number: "
[1] 18
[1] "Minimum fitness threshold not reached after 18 iterations! Continuing PSO."
[1] "iteration number: "
[1] 19
[1] "Minimum fitness threshold not reached after 19 iterations! Continuing PSO."
[1] "iteration number: "
[1] 20
[1] "Minimum fitness threshold not reached after 20 iterations! Continuing PSO."
[1] "iteration number: "
[1] 21
[1] "Best fitness updated to:"
[1] -57.75844
[1] "Best solution:"
 [1] 0 0 0 1 0 0 1 0 0 0 1
[1] 3
[1] "Minimum fitness threshold not reached after 21 iterations! Continuing PSO."
[1] "iteration number: "
[1] 22
[1] "Minimum fitness threshold not reached after 22 iterations! Continuing PSO."
[1] "iteration number: "
[1] 23
[1] "Minimum fitness threshold not reached after 23 iterations! Continuing PSO."
[1] "iteration number: "
[1] 24
[1] "Minimum fitness threshold not reached after 24 iterations! Continuing PSO."
[1] "iteration number: "
[1] 25
[1] "Minimum fitness threshold not reached after 25 iterations! Continuing PSO."
[1] "iteration number: "
[1] 26
[1] "Minimum fitness threshold not reached after 26 iterations! Continuing PSO."
[1] "iteration number: "
[1] 27
[1] "Minimum fitness threshold not reached after 27 iterations! Continuing PSO."
[1] "iteration number: "
[1] 28
[1] "Minimum fitness threshold not reached after 28 iterations! Continuing PSO."
[1] "iteration number: "
[1] 29
[1] "Minimum fitness threshold not reached after 29 iterations! Continuing PSO."
[1] "iteration number: "
[1] 30
[1] "Minimum fitness threshold not reached after 30 iterations! Continuing PSO."
[1] "iteration number: "
[1] 31
[1] "Minimum fitness threshold not reached after 31 iterations! Continuing PSO."
[1] "iteration number: "
[1] 32
[1] "RE-INITIALIZING..."
[1] 1
[1] 5
[1] 11
 [1] 3 1 4 2 2 3 2 2 1 2 3 2 1 2 2 3 2 2 3 3
[1] "Minimum fitness threshold not reached after 32 iterations! Continuing PSO."
[1] "iteration number: "
[1] 33
[1] "Minimum fitness threshold not reached after 33 iterations! Continuing PSO."
[1] "iteration number: "
[1] 34
[1] "Minimum fitness threshold not reached after 34 iterations! Continuing PSO."
[1] "iteration number: "
[1] 35
[1] "Minimum fitness threshold not reached after 35 iterations! Continuing PSO."
[1] "iteration number: "
[1] 36
[1] "Minimum fitness threshold not reached after 36 iterations! Continuing PSO."
[1] "iteration number: "
[1] 37
[1] "Minimum fitness threshold not reached after 37 iterations! Continuing PSO."
[1] "iteration number: "
[1] 38
[1] "Minimum fitness threshold not reached after 38 iterations! Continuing PSO."
[1] "iteration number: "
[1] 39
[1] "Minimum fitness threshold not reached after 39 iterations! Continuing PSO."
[1] "iteration number: "
[1] 40
[1] "Minimum fitness threshold not reached after 40 iterations! Continuing PSO."
[1] "iteration number: "
[1] 41
[1] "Minimum fitness threshold not reached after 41 iterations! Continuing PSO."
[1] "iteration number: "
[1] 42
[1] "Minimum fitness threshold not reached after 42 iterations! Continuing PSO."
[1] "iteration number: "
[1] 43
[1] "RE-INITIALIZING..."
[1] 2
[1] 5
[1] 11
 [1] 2 1 4 4 3 3 4 2 1 3 4 1 1 4 2 3 3 1 3 2
[1] "Minimum fitness threshold not reached after 43 iterations! Continuing PSO."
[1] "iteration number: "
[1] 44
[1] "Minimum fitness threshold not reached after 44 iterations! Continuing PSO."
[1] "iteration number: "
[1] 45
[1] "Minimum fitness threshold not reached after 45 iterations! Continuing PSO."
[1] "iteration number: "
[1] 46
[1] "Minimum fitness threshold not reached after 46 iterations! Continuing PSO."
[1] "iteration number: "
[1] 47
[1] "Minimum fitness threshold not reached after 47 iterations! Continuing PSO."
[1] "iteration number: "
[1] 48
[1] "Minimum fitness threshold not reached after 48 iterations! Continuing PSO."
[1] "iteration number: "
[1] 49
[1] "Minimum fitness threshold not reached after 49 iterations! Continuing PSO."
[1] "iteration number: "
[1] 50
[1] "Minimum fitness threshold not reached after 50 iterations! Continuing PSO."
[1] "iteration number: "
[1] 51
[1] "Minimum fitness threshold not reached after 51 iterations! Continuing PSO."
[1] "iteration number: "
[1] 52
[1] "Minimum fitness threshold not reached after 52 iterations! Continuing PSO."
[1] "iteration number: "
[1] 53
[1] "Minimum fitness threshold not reached after 53 iterations! Continuing PSO."
[1] "iteration number: "
[1] 54
[1] "RE-INITIALIZING..."
[1] 3
[1] 5
[1] 11
 [1] 1 3 1 2 2 2 3 2 2 2 3 3 2 1 3 3 2 2 2 1
[1] "Minimum fitness threshold not reached after 54 iterations! Continuing PSO."
[1] "iteration number: "
[1] 55
[1] "Minimum fitness threshold not reached after 55 iterations! Continuing PSO."
[1] "iteration number: "
[1] 56
[1] "Minimum fitness threshold not reached after 56 iterations! Continuing PSO."
[1] "iteration number: "
[1] 57
[1] "Minimum fitness threshold not reached after 57 iterations! Continuing PSO."
[1] "iteration number: "
[1] 58
[1] "Minimum fitness threshold not reached after 58 iterations! Continuing PSO."
[1] "iteration number: "
[1] 59
[1] "Minimum fitness threshold not reached after 59 iterations! Continuing PSO."
[1] "iteration number: "
[1] 60
[1] "Minimum fitness threshold not reached after 60 iterations! Continuing PSO."
[1] "iteration number: "
[1] 61
[1] "Minimum fitness threshold not reached after 61 iterations! Continuing PSO."
[1] "iteration number: "
[1] 62
[1] "Minimum fitness threshold not reached after 62 iterations! Continuing PSO."
[1] "iteration number: "
[1] 63
[1] "Minimum fitness threshold not reached after 63 iterations! Continuing PSO."
[1] "iteration number: "
[1] 64
[1] "Minimum fitness threshold not reached after 64 iterations! Continuing PSO."
[1] "iteration number: "
[1] 65
[1] "RE-INITIALIZING..."
[1] 4
[1] 5
[1] 11
 [1] 1 4 2 3 2 1 2 4 2 2 2 3 3 2 1 2 3 1 2 2
[1] "Minimum fitness threshold not reached after 65 iterations! Continuing PSO."
[1] "iteration number: "
[1] 66
[1] "Minimum fitness threshold not reached after 66 iterations! Continuing PSO."
[1] "iteration number: "
[1] 67
[1] "Minimum fitness threshold not reached after 67 iterations! Continuing PSO."
[1] "iteration number: "
[1] 68
[1] "Minimum fitness threshold not reached after 68 iterations! Continuing PSO."
[1] "iteration number: "
[1] 69
[1] "Minimum fitness threshold not reached after 69 iterations! Continuing PSO."
[1] "iteration number: "
[1] 70
[1] "Minimum fitness threshold not reached after 70 iterations! Continuing PSO."
[1] "iteration number: "
[1] 71
[1] "Minimum fitness threshold not reached after 71 iterations! Continuing PSO."
[1] "iteration number: "
[1] 72
[1] "Minimum fitness threshold not reached after 72 iterations! Continuing PSO."
[1] "iteration number: "
[1] 73
[1] "Minimum fitness threshold not reached after 73 iterations! Continuing PSO."
[1] "iteration number: "
[1] 74
[1] "Minimum fitness threshold not reached after 74 iterations! Continuing PSO."
[1] "iteration number: "
[1] 75
[1] "Minimum fitness threshold not reached after 75 iterations! Continuing PSO."
[1] "iteration number: "
[1] 76
[1] "RE-INITIALIZING..."
[1] 5
[1] 5
[1] 10
 [1] 1 3 1 2 2 2 3 2 2 2 3 3 2 1 3 3 2 2 2 1
[1] "Minimum fitness threshold not reached after 76 iterations! Continuing PSO."
[1] "iteration number: "
[1] 77
[1] "Minimum fitness threshold not reached after 77 iterations! Continuing PSO."
[1] "iteration number: "
[1] 78
[1] "Minimum fitness threshold not reached after 78 iterations! Continuing PSO."
[1] "iteration number: "
[1] 79
[1] "Minimum fitness threshold not reached after 79 iterations! Continuing PSO."
[1] "iteration number: "
[1] 80
[1] "Minimum fitness threshold not reached after 80 iterations! Continuing PSO."
[1] "iteration number: "
[1] 81
[1] "Minimum fitness threshold not reached after 81 iterations! Continuing PSO."
[1] "iteration number: "
[1] 82
[1] "Minimum fitness threshold not reached after 82 iterations! Continuing PSO."
[1] "iteration number: "
[1] 83
[1] "iteration number: "
[1] 84
[1] "iteration number: "
[1] 85
[1] "iteration number: "
[1] 86
[1] "iteration number: "
[1] 87
[1] "RE-INITIALIZING..."
[1] 6
[1] 5
[1] 11
[1] "No change for 6 iterations. Exiting PSO."
[1]  1  3  5  7  8 10 11
[1] 6
[1] "##################################"
[1] "Results summary for itr:6"
[1] "number of features selected using population mean"
[1] 7
[1] "number of features selected using current global best"
[1] 7
[1] "feat ind length"
[1] 7
[1] "best accuracy"
[1] 57.75844
[1] "test acc:0.961538461538462"
[1] "##################################"
[1] "learning sets: 7"
  [1]  98  43  22  68 118  80  15  14  73  13  76  60  49  31  74  17  45  83
 [19]  18  91  30 129 117  23  89 104  24  32  33  87 120 110  16   9 103  66
 [37]  94  51  54   8 107  36 124 108  50 121  86  28   7 102 100  20 130  99
 [55]  55  85  52 105  75  81  62 111  10  44  21  84 122 126  27  59  61  79
 [73]  93  77 114  37 119  35 116  65 106  96  82  26 123 112  92  40  64  69
 [91]  58  95  97  48   3  63 128 101  12  56 113  67  41  88
[1] "Starting global iteration number : 7"
[1] "iteration number: "
[1] 1
[1] "Best fitness updated to:"
[1] -48.98513
[1] "Best solution:"
 [1] NA NA NA NA NA NA NA NA NA NA NA
[1] 0
[1] "iteration number: "
[1] 2
[1] "Best fitness updated to:"
[1] -56.25656
[1] "Best solution:"
 [1] 1 0 1 0 0 1 1 1 1 1 1
[1] 8
[1] "iteration number: "
[1] 3
[1] "Best fitness updated to:"
[1] -59.31159
[1] "Best solution:"
 [1] 1 1 1 1 0 1 0 0 0 1 1
[1] 7
[1] "iteration number: "
[1] 4
[1] "iteration number: "
[1] 5
[1] "iteration number: "
[1] 6
[1] "Minimum fitness threshold not reached after 6 iterations! Continuing PSO."
[1] "iteration number: "
[1] 7
[1] "Minimum fitness threshold not reached after 7 iterations! Continuing PSO."
[1] "iteration number: "
[1] 8
[1] "Minimum fitness threshold not reached after 8 iterations! Continuing PSO."
[1] "iteration number: "
[1] 9
[1] "Minimum fitness threshold not reached after 9 iterations! Continuing PSO."
[1] "iteration number: "
[1] 10
[1] "Minimum fitness threshold not reached after 10 iterations! Continuing PSO."
[1] "iteration number: "
[1] 11
[1] "Minimum fitness threshold not reached after 11 iterations! Continuing PSO."
[1] "iteration number: "
[1] 12
[1] "Minimum fitness threshold not reached after 12 iterations! Continuing PSO."
[1] "iteration number: "
[1] 13
[1] "Minimum fitness threshold not reached after 13 iterations! Continuing PSO."
[1] "iteration number: "
[1] 14
[1] "RE-INITIALIZING..."
[1] 1
[1] 5
[1] 10
 [1] 2 1 4 4 3 3 4 2 1 3 4 1 1 4 2 3 3 1 3 2
[1] "Minimum fitness threshold not reached after 14 iterations! Continuing PSO."
[1] "iteration number: "
[1] 15
[1] "Minimum fitness threshold not reached after 15 iterations! Continuing PSO."
[1] "iteration number: "
[1] 16
[1] "Minimum fitness threshold not reached after 16 iterations! Continuing PSO."
[1] "iteration number: "
[1] 17
[1] "Minimum fitness threshold not reached after 17 iterations! Continuing PSO."
[1] "iteration number: "
[1] 18
[1] "Minimum fitness threshold not reached after 18 iterations! Continuing PSO."
[1] "iteration number: "
[1] 19
[1] "Minimum fitness threshold not reached after 19 iterations! Continuing PSO."
[1] "iteration number: "
[1] 20
[1] "Minimum fitness threshold not reached after 20 iterations! Continuing PSO."
[1] "iteration number: "
[1] 21
[1] "Minimum fitness threshold not reached after 21 iterations! Continuing PSO."
[1] "iteration number: "
[1] 22
[1] "Minimum fitness threshold not reached after 22 iterations! Continuing PSO."
[1] "iteration number: "
[1] 23
[1] "Minimum fitness threshold not reached after 23 iterations! Continuing PSO."
[1] "iteration number: "
[1] 24
[1] "Minimum fitness threshold not reached after 24 iterations! Continuing PSO."
[1] "iteration number: "
[1] 25
[1] "RE-INITIALIZING..."
[1] 2
[1] 5
[1] 9
 [1] 2 1 4 4 3 3 4 2 1 3 4 1 1 4 2 3 3 1 3 2
[1] "Minimum fitness threshold not reached after 25 iterations! Continuing PSO."
[1] "iteration number: "
[1] 26
[1] "Minimum fitness threshold not reached after 26 iterations! Continuing PSO."
[1] "iteration number: "
[1] 27
[1] "Minimum fitness threshold not reached after 27 iterations! Continuing PSO."
[1] "iteration number: "
[1] 28
[1] "Minimum fitness threshold not reached after 28 iterations! Continuing PSO."
[1] "iteration number: "
[1] 29
[1] "Minimum fitness threshold not reached after 29 iterations! Continuing PSO."
[1] "iteration number: "
[1] 30
[1] "Minimum fitness threshold not reached after 30 iterations! Continuing PSO."
[1] "iteration number: "
[1] 31
[1] "Minimum fitness threshold not reached after 31 iterations! Continuing PSO."
[1] "iteration number: "
[1] 32
[1] "Minimum fitness threshold not reached after 32 iterations! Continuing PSO."
[1] "iteration number: "
[1] 33
[1] "Minimum fitness threshold not reached after 33 iterations! Continuing PSO."
[1] "iteration number: "
[1] 34
[1] "Minimum fitness threshold not reached after 34 iterations! Continuing PSO."
[1] "iteration number: "
[1] 35
[1] "Minimum fitness threshold not reached after 35 iterations! Continuing PSO."
[1] "iteration number: "
[1] 36
[1] "RE-INITIALIZING..."
[1] 3
[1] 5
[1] 9
 [1] 1 3 1 2 2 2 3 2 2 2 3 3 2 1 3 3 2 2 2 1
[1] "Minimum fitness threshold not reached after 36 iterations! Continuing PSO."
[1] "iteration number: "
[1] 37
[1] "Minimum fitness threshold not reached after 37 iterations! Continuing PSO."
[1] "iteration number: "
[1] 38
[1] "Minimum fitness threshold not reached after 38 iterations! Continuing PSO."
[1] "iteration number: "
[1] 39
[1] "Minimum fitness threshold not reached after 39 iterations! Continuing PSO."
[1] "iteration number: "
[1] 40
[1] "Minimum fitness threshold not reached after 40 iterations! Continuing PSO."
[1] "iteration number: "
[1] 41
[1] "Minimum fitness threshold not reached after 41 iterations! Continuing PSO."
[1] "iteration number: "
[1] 42
[1] "Minimum fitness threshold not reached after 42 iterations! Continuing PSO."
[1] "iteration number: "
[1] 43
[1] "Minimum fitness threshold not reached after 43 iterations! Continuing PSO."
[1] "iteration number: "
[1] 44
[1] "Minimum fitness threshold not reached after 44 iterations! Continuing PSO."
[1] "iteration number: "
[1] 45
[1] "Minimum fitness threshold not reached after 45 iterations! Continuing PSO."
[1] "iteration number: "
[1] 46
[1] "Minimum fitness threshold not reached after 46 iterations! Continuing PSO."
[1] "iteration number: "
[1] 47
[1] "RE-INITIALIZING..."
[1] 4
[1] 5
[1] 10
 [1] 2 2 1 2 1 3 2 2 2 2 2 3 1 3 2 2 1 3 1 2
[1] "Minimum fitness threshold not reached after 47 iterations! Continuing PSO."
[1] "iteration number: "
[1] 48
[1] "Minimum fitness threshold not reached after 48 iterations! Continuing PSO."
[1] "iteration number: "
[1] 49
[1] "Minimum fitness threshold not reached after 49 iterations! Continuing PSO."
[1] "iteration number: "
[1] 50
[1] "Minimum fitness threshold not reached after 50 iterations! Continuing PSO."
[1] "iteration number: "
[1] 51
[1] "Minimum fitness threshold not reached after 51 iterations! Continuing PSO."
[1] "iteration number: "
[1] 52
[1] "Minimum fitness threshold not reached after 52 iterations! Continuing PSO."
[1] "iteration number: "
[1] 53
[1] "Minimum fitness threshold not reached after 53 iterations! Continuing PSO."
[1] "iteration number: "
[1] 54
[1] "Minimum fitness threshold not reached after 54 iterations! Continuing PSO."
[1] "iteration number: "
[1] 55
[1] "Minimum fitness threshold not reached after 55 iterations! Continuing PSO."
[1] "iteration number: "
[1] 56
[1] "Minimum fitness threshold not reached after 56 iterations! Continuing PSO."
[1] "iteration number: "
[1] 57
[1] "Minimum fitness threshold not reached after 57 iterations! Continuing PSO."
[1] "iteration number: "
[1] 58
[1] "RE-INITIALIZING..."
[1] 5
[1] 5
[1] 8
 [1] 3 1 4 2 2 3 2 2 1 2 3 2 1 2 2 3 2 2 3 3
[1] "iteration number: "
[1] 59
[1] "Minimum fitness threshold not reached after 59 iterations! Continuing PSO."
[1] "iteration number: "
[1] 60
[1] "Minimum fitness threshold not reached after 60 iterations! Continuing PSO."
[1] "iteration number: "
[1] 61
[1] "Minimum fitness threshold not reached after 61 iterations! Continuing PSO."
[1] "iteration number: "
[1] 62
[1] "iteration number: "
[1] 63
[1] "iteration number: "
[1] 64
[1] "iteration number: "
[1] 65
[1] "iteration number: "
[1] 66
[1] "iteration number: "
[1] 67
[1] "iteration number: "
[1] 68
[1] "iteration number: "
[1] 69
[1] "RE-INITIALIZING..."
[1] 6
[1] 5
[1] 8
[1] "No change for 6 iterations. Exiting PSO."
[1]  2  3  4 10 11
[1] 7
[1] "##################################"
[1] "Results summary for itr:7"
[1] "number of features selected using population mean"
[1] 5
[1] "number of features selected using current global best"
[1] 5
[1] "feat ind length"
[1] 5
[1] "best accuracy"
[1] 59.31159
[1] "test acc:0.961538461538462"
[1] "##################################"
[1] "learning sets: 8"
  [1]  45  73  74   5  17 117 129 103  76  54  72  90 109  51  80 120  78  30
 [19]  14   8  22 118  49  24  18  43  29  23  31 104   9  98  71  89  16  83
 [37]  91 110  68  13 106  50  26 112 123  93  84  99 126 128  57 105 102  63
 [55] 113  85 122  34  39 108   7  36  52  44  10 127  28  64 116  48   3  97
 [73]  41 124  55  12  19  96  69 101 100   1  58  61  79  75  62  27  56  67
 [91]  82  37  40  88  77  25 107 114  81 121  86  21  11  53
[1] "Starting global iteration number : 8"
[1] "iteration number: "
[1] 1
[1] "Best fitness updated to:"
[1] -52.35497
[1] "Best solution:"
 [1] NA NA NA NA NA NA NA NA NA NA NA
[1] 0
[1] "iteration number: "
[1] 2
[1] "Best fitness updated to:"
[1] -53.21206
[1] "Best solution:"
 [1] 1 0 1 0 0 1 1 1 1 1 1
[1] 8
[1] "iteration number: "
[1] 3
[1] "Best fitness updated to:"
[1] -54.46742
[1] "Best solution:"
 [1] 1 1 1 1 0 1 0 0 0 1 1
[1] 7
[1] "iteration number: "
[1] 4
[1] "Best fitness updated to:"
[1] -55.75523
[1] "Best solution:"
 [1] 1 1 1 1 0 1 1 1 0 1 1
[1] 9
[1] "iteration number: "
[1] 5
[1] "iteration number: "
[1] 6
[1] "Minimum fitness threshold not reached after 6 iterations! Continuing PSO."
[1] "iteration number: "
[1] 7
[1] "Minimum fitness threshold not reached after 7 iterations! Continuing PSO."
[1] "iteration number: "
[1] 8
[1] "Best fitness updated to:"
[1] -56.04325
[1] "Best solution:"
 [1] 1 1 1 1 1 1 0 1 1 1 1
[1] 10
[1] "Minimum fitness threshold not reached after 8 iterations! Continuing PSO."
[1] "iteration number: "
[1] 9
[1] "Minimum fitness threshold not reached after 9 iterations! Continuing PSO."
[1] "iteration number: "
[1] 10
[1] "Minimum fitness threshold not reached after 10 iterations! Continuing PSO."
[1] "iteration number: "
[1] 11
[1] "Minimum fitness threshold not reached after 11 iterations! Continuing PSO."
[1] "iteration number: "
[1] 12
[1] "Minimum fitness threshold not reached after 12 iterations! Continuing PSO."
[1] "iteration number: "
[1] 13
[1] "Minimum fitness threshold not reached after 13 iterations! Continuing PSO."
[1] "iteration number: "
[1] 14
[1] "Minimum fitness threshold not reached after 14 iterations! Continuing PSO."
[1] "iteration number: "
[1] 15
[1] "Minimum fitness threshold not reached after 15 iterations! Continuing PSO."
[1] "iteration number: "
[1] 16
[1] "Minimum fitness threshold not reached after 16 iterations! Continuing PSO."
[1] "iteration number: "
[1] 17
[1] "Minimum fitness threshold not reached after 17 iterations! Continuing PSO."
[1] "iteration number: "
[1] 18
[1] "Minimum fitness threshold not reached after 18 iterations! Continuing PSO."
[1] "iteration number: "
[1] 19
[1] "RE-INITIALIZING..."
[1] 1
[1] 5
[1] 11
 [1] 3 1 4 2 2 3 2 2 1 2 3 2 1 2 2 3 2 2 3 3
[1] "Minimum fitness threshold not reached after 19 iterations! Continuing PSO."
[1] "iteration number: "
[1] 20
[1] "Minimum fitness threshold not reached after 20 iterations! Continuing PSO."
[1] "iteration number: "
[1] 21
[1] "Minimum fitness threshold not reached after 21 iterations! Continuing PSO."
[1] "iteration number: "
[1] 22
[1] "Minimum fitness threshold not reached after 22 iterations! Continuing PSO."
[1] "iteration number: "
[1] 23
[1] "Minimum fitness threshold not reached after 23 iterations! Continuing PSO."
[1] "iteration number: "
[1] 24
[1] "Minimum fitness threshold not reached after 24 iterations! Continuing PSO."
[1] "iteration number: "
[1] 25
[1] "Minimum fitness threshold not reached after 25 iterations! Continuing PSO."
[1] "iteration number: "
[1] 26
[1] "Minimum fitness threshold not reached after 26 iterations! Continuing PSO."
[1] "iteration number: "
[1] 27
[1] "Minimum fitness threshold not reached after 27 iterations! Continuing PSO."
[1] "iteration number: "
[1] 28
[1] "Minimum fitness threshold not reached after 28 iterations! Continuing PSO."
[1] "iteration number: "
[1] 29
[1] "Minimum fitness threshold not reached after 29 iterations! Continuing PSO."
[1] "iteration number: "
[1] 30
[1] "RE-INITIALIZING..."
[1] 2
[1] 5
[1] 11
 [1] 3 1 4 2 2 3 2 2 1 2 3 2 1 2 2 3 2 2 3 3
[1] "Minimum fitness threshold not reached after 30 iterations! Continuing PSO."
[1] "iteration number: "
[1] 31
[1] "Minimum fitness threshold not reached after 31 iterations! Continuing PSO."
[1] "iteration number: "
[1] 32
[1] "Minimum fitness threshold not reached after 32 iterations! Continuing PSO."
[1] "iteration number: "
[1] 33
[1] "Minimum fitness threshold not reached after 33 iterations! Continuing PSO."
[1] "iteration number: "
[1] 34
[1] "Minimum fitness threshold not reached after 34 iterations! Continuing PSO."
[1] "iteration number: "
[1] 35
[1] "Minimum fitness threshold not reached after 35 iterations! Continuing PSO."
[1] "iteration number: "
[1] 36
[1] "Minimum fitness threshold not reached after 36 iterations! Continuing PSO."
[1] "iteration number: "
[1] 37
[1] "Minimum fitness threshold not reached after 37 iterations! Continuing PSO."
[1] "iteration number: "
[1] 38
[1] "Minimum fitness threshold not reached after 38 iterations! Continuing PSO."
[1] "iteration number: "
[1] 39
[1] "Minimum fitness threshold not reached after 39 iterations! Continuing PSO."
[1] "iteration number: "
[1] 40
[1] "Minimum fitness threshold not reached after 40 iterations! Continuing PSO."
[1] "iteration number: "
[1] 41
[1] "RE-INITIALIZING..."
[1] 3
[1] 5
[1] 10
 [1] 3 1 4 2 2 3 2 2 1 2 3 2 1 2 2 3 2 2 3 3
[1] "Minimum fitness threshold not reached after 41 iterations! Continuing PSO."
[1] "iteration number: "
[1] 42
[1] "Minimum fitness threshold not reached after 42 iterations! Continuing PSO."
[1] "iteration number: "
[1] 43
[1] "Minimum fitness threshold not reached after 43 iterations! Continuing PSO."
[1] "iteration number: "
[1] 44
[1] "Minimum fitness threshold not reached after 44 iterations! Continuing PSO."
[1] "iteration number: "
[1] 45
[1] "Minimum fitness threshold not reached after 45 iterations! Continuing PSO."
[1] "iteration number: "
[1] 46
[1] "Minimum fitness threshold not reached after 46 iterations! Continuing PSO."
[1] "iteration number: "
[1] 47
[1] "Minimum fitness threshold not reached after 47 iterations! Continuing PSO."
[1] "iteration number: "
[1] 48
[1] "Minimum fitness threshold not reached after 48 iterations! Continuing PSO."
[1] "iteration number: "
[1] 49
[1] "Minimum fitness threshold not reached after 49 iterations! Continuing PSO."
[1] "iteration number: "
[1] 50
[1] "Minimum fitness threshold not reached after 50 iterations! Continuing PSO."
[1] "iteration number: "
[1] 51
[1] "Minimum fitness threshold not reached after 51 iterations! Continuing PSO."
[1] "iteration number: "
[1] 52
[1] "RE-INITIALIZING..."
[1] 4
[1] 5
[1] 11
 [1] 2 1 4 4 3 3 4 2 1 3 4 1 1 4 2 3 3 1 3 2
[1] "Minimum fitness threshold not reached after 52 iterations! Continuing PSO."
[1] "iteration number: "
[1] 53
[1] "Minimum fitness threshold not reached after 53 iterations! Continuing PSO."
[1] "iteration number: "
[1] 54
[1] "Minimum fitness threshold not reached after 54 iterations! Continuing PSO."
[1] "iteration number: "
[1] 55
[1] "Minimum fitness threshold not reached after 55 iterations! Continuing PSO."
[1] "iteration number: "
[1] 56
[1] "Minimum fitness threshold not reached after 56 iterations! Continuing PSO."
[1] "iteration number: "
[1] 57
[1] "Minimum fitness threshold not reached after 57 iterations! Continuing PSO."
[1] "iteration number: "
[1] 58
[1] "Minimum fitness threshold not reached after 58 iterations! Continuing PSO."
[1] "iteration number: "
[1] 59
[1] "Minimum fitness threshold not reached after 59 iterations! Continuing PSO."
[1] "iteration number: "
[1] 60
[1] "Minimum fitness threshold not reached after 60 iterations! Continuing PSO."
[1] "iteration number: "
[1] 61
[1] "Minimum fitness threshold not reached after 61 iterations! Continuing PSO."
[1] "iteration number: "
[1] 62
[1] "Minimum fitness threshold not reached after 62 iterations! Continuing PSO."
[1] "iteration number: "
[1] 63
[1] "RE-INITIALIZING..."
[1] 5
[1] 5
[1] 10
 [1] 1 3 1 2 2 2 3 2 2 2 3 3 2 1 3 3 2 2 2 1
[1] "Minimum fitness threshold not reached after 63 iterations! Continuing PSO."
[1] "iteration number: "
[1] 64
[1] "Minimum fitness threshold not reached after 64 iterations! Continuing PSO."
[1] "iteration number: "
[1] 65
[1] "Minimum fitness threshold not reached after 65 iterations! Continuing PSO."
[1] "iteration number: "
[1] 66
[1] "Minimum fitness threshold not reached after 66 iterations! Continuing PSO."
[1] "iteration number: "
[1] 67
[1] "Minimum fitness threshold not reached after 67 iterations! Continuing PSO."
[1] "iteration number: "
[1] 68
[1] "Minimum fitness threshold not reached after 68 iterations! Continuing PSO."
[1] "iteration number: "
[1] 69
[1] "Minimum fitness threshold not reached after 69 iterations! Continuing PSO."
[1] "iteration number: "
[1] 70
[1] "Minimum fitness threshold not reached after 70 iterations! Continuing PSO."
[1] "iteration number: "
[1] 71
[1] "Minimum fitness threshold not reached after 71 iterations! Continuing PSO."
[1] "iteration number: "
[1] 72
[1] "Minimum fitness threshold not reached after 72 iterations! Continuing PSO."
[1] "iteration number: "
[1] 73
[1] "Minimum fitness threshold not reached after 73 iterations! Continuing PSO."
[1] "iteration number: "
[1] 74
[1] "RE-INITIALIZING..."
[1] 6
[1] 5
[1] 10
[1] "No change for 6 iterations. Exiting PSO."
[1]  2  3  4  6  8  9 10 11
[1] 8
[1] "##################################"
[1] "Results summary for itr:8"
[1] "number of features selected using population mean"
[1] 8
[1] "number of features selected using current global best"
[1] 8
[1] "feat ind length"
[1] 8
[1] "best accuracy"
[1] 56.04325
[1] "test acc:0.923076923076923"
[1] "##################################"
[1] "learning sets: 9"
  [1]  66  13  80  31  51  83  98  23  14  43  18  73  49  89  45  78  17 118
 [19] 103   6  16  29  74 104  90 109 120  76  71  15   5   8  72   9  22  94
 [37] 117  32  87  60  26 105  57  77  36  40  86  92  82  11  64  65  19  52
 [55]  84  81 102  93 111  53  56  63 116   7  69  59 107 122  37 113 112  12
 [73]  61  55 108  75 124 100  20  25 127  38 119  70  97 128 106 114  41  99
 [91]  50   3  21 115  85   4  79  39  58  35   2  96  28  67
[1] "Starting global iteration number : 9"
[1] "iteration number: "
[1] 1
[1] "Best fitness updated to:"
[1] -47.78262
[1] "Best solution:"
 [1] NA NA NA NA NA NA NA NA NA NA NA
[1] 0
[1] "iteration number: "
[1] 2
[1] "Best fitness updated to:"
[1] -51.70358
[1] "Best solution:"
 [1] 1 0 1 0 0 1 1 1 1 1 1
[1] 8
[1] "iteration number: "
[1] 3
[1] "iteration number: "
[1] 4
[1] "iteration number: "
[1] 5
[1] "iteration number: "
[1] 6
[1] "Minimum fitness threshold not reached after 6 iterations! Continuing PSO."
[1] "iteration number: "
[1] 7
[1] "Minimum fitness threshold not reached after 7 iterations! Continuing PSO."
[1] "iteration number: "
[1] 8
[1] "Minimum fitness threshold not reached after 8 iterations! Continuing PSO."
[1] "iteration number: "
[1] 9
[1] "Minimum fitness threshold not reached after 9 iterations! Continuing PSO."
[1] "iteration number: "
[1] 10
[1] "Minimum fitness threshold not reached after 10 iterations! Continuing PSO."
[1] "iteration number: "
[1] 11
[1] "Minimum fitness threshold not reached after 11 iterations! Continuing PSO."
[1] "iteration number: "
[1] 12
[1] "Minimum fitness threshold not reached after 12 iterations! Continuing PSO."
[1] "iteration number: "
[1] 13
[1] "RE-INITIALIZING..."
[1] 1
[1] 5
[1] 11
 [1] 2 1 4 4 3 3 4 2 1 3 4 1 1 4 2 3 3 1 3 2
[1] "Minimum fitness threshold not reached after 13 iterations! Continuing PSO."
[1] "iteration number: "
[1] 14
[1] "Minimum fitness threshold not reached after 14 iterations! Continuing PSO."
[1] "iteration number: "
[1] 15
[1] "Minimum fitness threshold not reached after 15 iterations! Continuing PSO."
[1] "iteration number: "
[1] 16
[1] "Minimum fitness threshold not reached after 16 iterations! Continuing PSO."
[1] "iteration number: "
[1] 17
[1] "Minimum fitness threshold not reached after 17 iterations! Continuing PSO."
[1] "iteration number: "
[1] 18
[1] "Minimum fitness threshold not reached after 18 iterations! Continuing PSO."
[1] "iteration number: "
[1] 19
[1] "Minimum fitness threshold not reached after 19 iterations! Continuing PSO."
[1] "iteration number: "
[1] 20
[1] "Minimum fitness threshold not reached after 20 iterations! Continuing PSO."
[1] "iteration number: "
[1] 21
[1] "Minimum fitness threshold not reached after 21 iterations! Continuing PSO."
[1] "iteration number: "
[1] 22
[1] "Minimum fitness threshold not reached after 22 iterations! Continuing PSO."
[1] "iteration number: "
[1] 23
[1] "Minimum fitness threshold not reached after 23 iterations! Continuing PSO."
[1] "iteration number: "
[1] 24
[1] "RE-INITIALIZING..."
[1] 2
[1] 5
[1] 11
 [1] 1 3 1 2 2 2 3 2 2 2 3 3 2 1 3 3 2 2 2 1
[1] "Minimum fitness threshold not reached after 24 iterations! Continuing PSO."
[1] "iteration number: "
[1] 25
[1] "Minimum fitness threshold not reached after 25 iterations! Continuing PSO."
[1] "iteration number: "
[1] 26
[1] "Best fitness updated to:"
[1] -51.7432
[1] "Best solution:"
 [1] 1 0 0 0 0 1 1 0 0 0 0
[1] 3
[1] "Minimum fitness threshold not reached after 26 iterations! Continuing PSO."
[1] "iteration number: "
[1] 27
[1] "Minimum fitness threshold not reached after 27 iterations! Continuing PSO."
[1] "iteration number: "
[1] 28
[1] "Best fitness updated to:"
[1] -51.90493
[1] "Best solution:"
 [1] 1 0 1 0 1 1 1 0 1 1 0
[1] 7
[1] "Minimum fitness threshold not reached after 28 iterations! Continuing PSO."
[1] "iteration number: "
[1] 29
[1] "Minimum fitness threshold not reached after 29 iterations! Continuing PSO."
[1] "iteration number: "
[1] 30
[1] "Minimum fitness threshold not reached after 30 iterations! Continuing PSO."
[1] "iteration number: "
[1] 31
[1] "Minimum fitness threshold not reached after 31 iterations! Continuing PSO."
[1] "iteration number: "
[1] 32
[1] "Minimum fitness threshold not reached after 32 iterations! Continuing PSO."
[1] "iteration number: "
[1] 33
[1] "Minimum fitness threshold not reached after 33 iterations! Continuing PSO."
[1] "iteration number: "
[1] 34
[1] "Best fitness updated to:"
[1] -52.1964
[1] "Best solution:"
 [1] 1 0 1 0 1 1 1 0 0 1 0
[1] 6
[1] "Minimum fitness threshold not reached after 34 iterations! Continuing PSO."
[1] "iteration number: "
[1] 35
[1] "Minimum fitness threshold not reached after 35 iterations! Continuing PSO."
[1] "iteration number: "
[1] 36
[1] "Minimum fitness threshold not reached after 36 iterations! Continuing PSO."
[1] "iteration number: "
[1] 37
[1] "Minimum fitness threshold not reached after 37 iterations! Continuing PSO."
[1] "iteration number: "
[1] 38
[1] "Minimum fitness threshold not reached after 38 iterations! Continuing PSO."
[1] "iteration number: "
[1] 39
[1] "Minimum fitness threshold not reached after 39 iterations! Continuing PSO."
[1] "iteration number: "
[1] 40
[1] "Minimum fitness threshold not reached after 40 iterations! Continuing PSO."
[1] "iteration number: "
[1] 41
[1] "Minimum fitness threshold not reached after 41 iterations! Continuing PSO."
[1] "iteration number: "
[1] 42
[1] "Minimum fitness threshold not reached after 42 iterations! Continuing PSO."
[1] "iteration number: "
[1] 43
[1] "Best fitness updated to:"
[1] -52.59704
[1] "Best solution:"
 [1] 1 0 0 0 0 1 1 0 1 1 0
[1] 5
[1] "Minimum fitness threshold not reached after 43 iterations! Continuing PSO."
[1] "iteration number: "
[1] 44
[1] "Minimum fitness threshold not reached after 44 iterations! Continuing PSO."
[1] "iteration number: "
[1] 45
[1] "Minimum fitness threshold not reached after 45 iterations! Continuing PSO."
[1] "iteration number: "
[1] 46
[1] "Minimum fitness threshold not reached after 46 iterations! Continuing PSO."
[1] "iteration number: "
[1] 47
[1] "Minimum fitness threshold not reached after 47 iterations! Continuing PSO."
[1] "iteration number: "
[1] 48
[1] "Minimum fitness threshold not reached after 48 iterations! Continuing PSO."
[1] "iteration number: "
[1] 49
[1] "Minimum fitness threshold not reached after 49 iterations! Continuing PSO."
[1] "iteration number: "
[1] 50
[1] "Minimum fitness threshold not reached after 50 iterations! Continuing PSO."
[1] "iteration number: "
[1] 51
[1] "Minimum fitness threshold not reached after 51 iterations! Continuing PSO."
[1] "iteration number: "
[1] 52
[1] "Best fitness updated to:"
[1] -52.64673
[1] "Best solution:"
 [1] 1 1 1 0 0 1 1 0 1 0 0
[1] 6
[1] "Minimum fitness threshold not reached after 52 iterations! Continuing PSO."
[1] "iteration number: "
[1] 53
[1] "Minimum fitness threshold not reached after 53 iterations! Continuing PSO."
[1] "iteration number: "
[1] 54
[1] "Minimum fitness threshold not reached after 54 iterations! Continuing PSO."
[1] "iteration number: "
[1] 55
[1] "Minimum fitness threshold not reached after 55 iterations! Continuing PSO."
[1] "iteration number: "
[1] 56
[1] "Minimum fitness threshold not reached after 56 iterations! Continuing PSO."
[1] "iteration number: "
[1] 57
[1] "Minimum fitness threshold not reached after 57 iterations! Continuing PSO."
[1] "iteration number: "
[1] 58
[1] "Minimum fitness threshold not reached after 58 iterations! Continuing PSO."
[1] "iteration number: "
[1] 59
[1] "Minimum fitness threshold not reached after 59 iterations! Continuing PSO."
[1] "iteration number: "
[1] 60
[1] "Minimum fitness threshold not reached after 60 iterations! Continuing PSO."
[1] "iteration number: "
[1] 61
[1] "Minimum fitness threshold not reached after 61 iterations! Continuing PSO."
[1] "iteration number: "
[1] 62
[1] "Minimum fitness threshold not reached after 62 iterations! Continuing PSO."
[1] "iteration number: "
[1] 63
[1] "RE-INITIALIZING..."
[1] 1
[1] 5
[1] 11
 [1] 1 3 1 2 2 2 3 2 2 2 3 3 2 1 3 3 2 2 2 1
[1] "Minimum fitness threshold not reached after 63 iterations! Continuing PSO."
[1] "iteration number: "
[1] 64
[1] "Minimum fitness threshold not reached after 64 iterations! Continuing PSO."
[1] "iteration number: "
[1] 65
[1] "Minimum fitness threshold not reached after 65 iterations! Continuing PSO."
[1] "iteration number: "
[1] 66
[1] "Minimum fitness threshold not reached after 66 iterations! Continuing PSO."
[1] "iteration number: "
[1] 67
[1] "Minimum fitness threshold not reached after 67 iterations! Continuing PSO."
[1] "iteration number: "
[1] 68
[1] "Minimum fitness threshold not reached after 68 iterations! Continuing PSO."
[1] "iteration number: "
[1] 69
[1] "Minimum fitness threshold not reached after 69 iterations! Continuing PSO."
[1] "iteration number: "
[1] 70
[1] "Minimum fitness threshold not reached after 70 iterations! Continuing PSO."
[1] "iteration number: "
[1] 71
[1] "Minimum fitness threshold not reached after 71 iterations! Continuing PSO."
[1] "iteration number: "
[1] 72
[1] "Minimum fitness threshold not reached after 72 iterations! Continuing PSO."
[1] "iteration number: "
[1] 73
[1] "Minimum fitness threshold not reached after 73 iterations! Continuing PSO."
[1] "iteration number: "
[1] 74
[1] "RE-INITIALIZING..."
[1] 2
[1] 5
[1] 11
 [1] 2 2 1 2 1 3 2 2 2 2 2 3 1 3 2 2 1 3 1 2
[1] "Minimum fitness threshold not reached after 74 iterations! Continuing PSO."
[1] "iteration number: "
[1] 75
[1] "Minimum fitness threshold not reached after 75 iterations! Continuing PSO."
[1] "iteration number: "
[1] 76
[1] "Minimum fitness threshold not reached after 76 iterations! Continuing PSO."
[1] "iteration number: "
[1] 77
[1] "Minimum fitness threshold not reached after 77 iterations! Continuing PSO."
[1] "iteration number: "
[1] 78
[1] "Minimum fitness threshold not reached after 78 iterations! Continuing PSO."
[1] "iteration number: "
[1] 79
[1] "Minimum fitness threshold not reached after 79 iterations! Continuing PSO."
[1] "iteration number: "
[1] 80
[1] "Minimum fitness threshold not reached after 80 iterations! Continuing PSO."
[1] "iteration number: "
[1] 81
[1] "Minimum fitness threshold not reached after 81 iterations! Continuing PSO."
[1] "iteration number: "
[1] 82
[1] "Minimum fitness threshold not reached after 82 iterations! Continuing PSO."
[1] "iteration number: "
[1] 83
[1] "Minimum fitness threshold not reached after 83 iterations! Continuing PSO."
[1] "iteration number: "
[1] 84
[1] "Minimum fitness threshold not reached after 84 iterations! Continuing PSO."
[1] "iteration number: "
[1] 85
[1] "RE-INITIALIZING..."
[1] 3
[1] 5
[1] 10
 [1] 1 3 1 2 2 2 3 2 2 2 3 3 2 1 3 3 2 2 2 1
[1] "Minimum fitness threshold not reached after 85 iterations! Continuing PSO."
[1] "iteration number: "
[1] 86
[1] "Minimum fitness threshold not reached after 86 iterations! Continuing PSO."
[1] "iteration number: "
[1] 87
[1] "Minimum fitness threshold not reached after 87 iterations! Continuing PSO."
[1] "iteration number: "
[1] 88
[1] "Minimum fitness threshold not reached after 88 iterations! Continuing PSO."
[1] "iteration number: "
[1] 89
[1] "Minimum fitness threshold not reached after 89 iterations! Continuing PSO."
[1] "iteration number: "
[1] 90
[1] "Minimum fitness threshold not reached after 90 iterations! Continuing PSO."
[1] "iteration number: "
[1] 91
[1] "Minimum fitness threshold not reached after 91 iterations! Continuing PSO."
[1] "iteration number: "
[1] 92
[1] "Minimum fitness threshold not reached after 92 iterations! Continuing PSO."
[1] "iteration number: "
[1] 93
[1] "Minimum fitness threshold not reached after 93 iterations! Continuing PSO."
[1] "iteration number: "
[1] 94
[1] "Minimum fitness threshold not reached after 94 iterations! Continuing PSO."
[1] "iteration number: "
[1] 95
[1] "Minimum fitness threshold not reached after 95 iterations! Continuing PSO."
[1] "iteration number: "
[1] 96
[1] "RE-INITIALIZING..."
[1] 4
[1] 5
[1] 10
 [1] 2 2 1 2 1 3 2 2 2 2 2 3 1 3 2 2 1 3 1 2
[1] "Minimum fitness threshold not reached after 96 iterations! Continuing PSO."
[1] "iteration number: "
[1] 97
[1] "Minimum fitness threshold not reached after 97 iterations! Continuing PSO."
[1] "iteration number: "
[1] 98
[1] "Minimum fitness threshold not reached after 98 iterations! Continuing PSO."
[1] "iteration number: "
[1] 99
[1] "Minimum fitness threshold not reached after 99 iterations! Continuing PSO."
[1] "iteration number: "
[1] 100
[1] "Minimum fitness threshold not reached after 100 iterations! Continuing PSO."
[1] "iteration number: "
[1] 101
[1] "Minimum fitness threshold not reached after 101 iterations! Continuing PSO."
[1] "iteration number: "
[1] 102
[1] "Minimum fitness threshold not reached after 102 iterations! Continuing PSO."
[1] "iteration number: "
[1] 103
[1] "Minimum fitness threshold not reached after 103 iterations! Continuing PSO."
[1] "iteration number: "
[1] 104
[1] "Minimum fitness threshold not reached after 104 iterations! Continuing PSO."
[1] "iteration number: "
[1] 105
[1] "Minimum fitness threshold not reached after 105 iterations! Continuing PSO."
[1] "iteration number: "
[1] 106
[1] "Minimum fitness threshold not reached after 106 iterations! Continuing PSO."
[1] "iteration number: "
[1] 107
[1] "RE-INITIALIZING..."
[1] 5
[1] 5
[1] 9
 [1] 3 1 4 2 2 3 2 2 1 2 3 2 1 2 2 3 2 2 3 3
[1] "Minimum fitness threshold not reached after 107 iterations! Continuing PSO."
[1] "iteration number: "
[1] 108
[1] "Minimum fitness threshold not reached after 108 iterations! Continuing PSO."
[1] "iteration number: "
[1] 109
[1] "Minimum fitness threshold not reached after 109 iterations! Continuing PSO."
[1] "iteration number: "
[1] 110
[1] "Minimum fitness threshold not reached after 110 iterations! Continuing PSO."
[1] "iteration number: "
[1] 111
[1] "Minimum fitness threshold not reached after 111 iterations! Continuing PSO."
[1] "iteration number: "
[1] 112
[1] "Minimum fitness threshold not reached after 112 iterations! Continuing PSO."
[1] "iteration number: "
[1] 113
[1] "Minimum fitness threshold not reached after 113 iterations! Continuing PSO."
[1] "iteration number: "
[1] 114
[1] "Minimum fitness threshold not reached after 114 iterations! Continuing PSO."
[1] "iteration number: "
[1] 115
[1] "Minimum fitness threshold not reached after 115 iterations! Continuing PSO."
[1] "iteration number: "
[1] 116
[1] "Minimum fitness threshold not reached after 116 iterations! Continuing PSO."
[1] "iteration number: "
[1] 117
[1] "Minimum fitness threshold not reached after 117 iterations! Continuing PSO."
[1] "iteration number: "
[1] 118
[1] "RE-INITIALIZING..."
[1] 6
[1] 5
[1] 10
[1] "No change for 6 iterations. Exiting PSO."
[1] 1 6 7 8 9
[1] 9
[1] "##################################"
[1] "Results summary for itr:9"
[1] "number of features selected using population mean"
[1] 5
[1] "number of features selected using current global best"
[1] 5
[1] "feat ind length"
[1] 5
[1] "best accuracy"
[1] 52.64673
[1] "test acc:0.961538461538462"
[1] "##################################"
[1] "learning sets: 10"
  [1]  90   6  91  32 109  76  17  15 120 118  45 104  23  49  22  31  83 129
 [19]  29  46 110  13  72  54   8  16  74  94  51  68  89  14  60  33  43   9
 [37]  78  71  98  18  61  11  85  84  58  97  64 119  19   3  96  48  10 128
 [55] 116  52  40   4 121 113  86  69  27  25  99  67 108 107 114  63  79 123
 [73] 102  21  77  81  38  65 112  75  62 127  88 101   7 106   1 111  12  55
 [91] 122 126  95  59  35  28  56 124   2 100  44  36  57  92
[1] "Starting global iteration number : 10"
[1] "iteration number: "
[1] 1
[1] "Best fitness updated to:"
[1] -49.35477
[1] "Best solution:"
 [1] NA NA NA NA NA NA NA NA NA NA NA
[1] 0
[1] "iteration number: "
[1] 2
[1] "Best fitness updated to:"
[1] -52.01425
[1] "Best solution:"
 [1] 1 0 1 0 0 1 1 1 1 1 1
[1] 8
[1] "iteration number: "
[1] 3
[1] "Best fitness updated to:"
[1] -58.07221
[1] "Best solution:"
 [1] 0 1 0 0 0 0 0 0 1 1 1
[1] 4
[1] "iteration number: "
[1] 4
[1] "iteration number: "
[1] 5
[1] "iteration number: "
[1] 6
[1] "Minimum fitness threshold not reached after 6 iterations! Continuing PSO."
[1] "iteration number: "
[1] 7
[1] "Minimum fitness threshold not reached after 7 iterations! Continuing PSO."
[1] "iteration number: "
[1] 8
[1] "Minimum fitness threshold not reached after 8 iterations! Continuing PSO."
[1] "iteration number: "
[1] 9
[1] "Minimum fitness threshold not reached after 9 iterations! Continuing PSO."
[1] "iteration number: "
[1] 10
[1] "Minimum fitness threshold not reached after 10 iterations! Continuing PSO."
[1] "iteration number: "
[1] 11
[1] "Minimum fitness threshold not reached after 11 iterations! Continuing PSO."
[1] "iteration number: "
[1] 12
[1] "Minimum fitness threshold not reached after 12 iterations! Continuing PSO."
[1] "iteration number: "
[1] 13
[1] "Minimum fitness threshold not reached after 13 iterations! Continuing PSO."
[1] "iteration number: "
[1] 14
[1] "RE-INITIALIZING..."
[1] 1
[1] 5
[1] 11
 [1] 2 1 4 4 3 3 4 2 1 3 4 1 1 4 2 3 3 1 3 2
[1] "Minimum fitness threshold not reached after 14 iterations! Continuing PSO."
[1] "iteration number: "
[1] 15
[1] "Minimum fitness threshold not reached after 15 iterations! Continuing PSO."
[1] "iteration number: "
[1] 16
[1] "Best fitness updated to:"
[1] -58.74215
[1] "Best solution:"
 [1] 0 1 1 1 0 0 0 1 1 1 1
[1] 7
[1] "Minimum fitness threshold not reached after 16 iterations! Continuing PSO."
[1] "iteration number: "
[1] 17
[1] "Minimum fitness threshold not reached after 17 iterations! Continuing PSO."
[1] "iteration number: "
[1] 18
[1] "Best fitness updated to:"
[1] -59.01023
[1] "Best solution:"
 [1] 0 1 1 1 0 1 0 0 1 1 1
[1] 7
[1] "Minimum fitness threshold not reached after 18 iterations! Continuing PSO."
[1] "iteration number: "
[1] 19
[1] "Minimum fitness threshold not reached after 19 iterations! Continuing PSO."
[1] "iteration number: "
[1] 20
[1] "Minimum fitness threshold not reached after 20 iterations! Continuing PSO."
[1] "iteration number: "
[1] 21
[1] "Minimum fitness threshold not reached after 21 iterations! Continuing PSO."
[1] "iteration number: "
[1] 22
[1] "Minimum fitness threshold not reached after 22 iterations! Continuing PSO."
[1] "iteration number: "
[1] 23
[1] "Minimum fitness threshold not reached after 23 iterations! Continuing PSO."
[1] "iteration number: "
[1] 24
[1] "Minimum fitness threshold not reached after 24 iterations! Continuing PSO."
[1] "iteration number: "
[1] 25
[1] "Minimum fitness threshold not reached after 25 iterations! Continuing PSO."
[1] "iteration number: "
[1] 26
[1] "Minimum fitness threshold not reached after 26 iterations! Continuing PSO."
[1] "iteration number: "
[1] 27
[1] "Minimum fitness threshold not reached after 27 iterations! Continuing PSO."
[1] "iteration number: "
[1] 28
[1] "Minimum fitness threshold not reached after 28 iterations! Continuing PSO."
[1] "iteration number: "
[1] 29
[1] "RE-INITIALIZING..."
[1] 1
[1] 5
[1] 11
 [1] 2 1 4 4 3 3 4 2 1 3 4 1 1 4 2 3 3 1 3 2
[1] "Minimum fitness threshold not reached after 29 iterations! Continuing PSO."
[1] "iteration number: "
[1] 30
[1] "Minimum fitness threshold not reached after 30 iterations! Continuing PSO."
[1] "iteration number: "
[1] 31
[1] "Minimum fitness threshold not reached after 31 iterations! Continuing PSO."
[1] "iteration number: "
[1] 32
[1] "Minimum fitness threshold not reached after 32 iterations! Continuing PSO."
[1] "iteration number: "
[1] 33
[1] "Minimum fitness threshold not reached after 33 iterations! Continuing PSO."
[1] "iteration number: "
[1] 34
[1] "Minimum fitness threshold not reached after 34 iterations! Continuing PSO."
[1] "iteration number: "
[1] 35
[1] "Minimum fitness threshold not reached after 35 iterations! Continuing PSO."
[1] "iteration number: "
[1] 36
[1] "Minimum fitness threshold not reached after 36 iterations! Continuing PSO."
[1] "iteration number: "
[1] 37
[1] "Minimum fitness threshold not reached after 37 iterations! Continuing PSO."
[1] "iteration number: "
[1] 38
[1] "Minimum fitness threshold not reached after 38 iterations! Continuing PSO."
[1] "iteration number: "
[1] 39
[1] "Minimum fitness threshold not reached after 39 iterations! Continuing PSO."
[1] "iteration number: "
[1] 40
[1] "RE-INITIALIZING..."
[1] 2
[1] 5
[1] 10
 [1] 2 1 4 4 3 3 4 2 1 3 4 1 1 4 2 3 3 1 3 2
[1] "Minimum fitness threshold not reached after 40 iterations! Continuing PSO."
[1] "iteration number: "
[1] 41
[1] "Minimum fitness threshold not reached after 41 iterations! Continuing PSO."
[1] "iteration number: "
[1] 42
[1] "Minimum fitness threshold not reached after 42 iterations! Continuing PSO."
[1] "iteration number: "
[1] 43
[1] "Minimum fitness threshold not reached after 43 iterations! Continuing PSO."
[1] "iteration number: "
[1] 44
[1] "Minimum fitness threshold not reached after 44 iterations! Continuing PSO."
[1] "iteration number: "
[1] 45
[1] "Minimum fitness threshold not reached after 45 iterations! Continuing PSO."
[1] "iteration number: "
[1] 46
[1] "Minimum fitness threshold not reached after 46 iterations! Continuing PSO."
[1] "iteration number: "
[1] 47
[1] "Minimum fitness threshold not reached after 47 iterations! Continuing PSO."
[1] "iteration number: "
[1] 48
[1] "Minimum fitness threshold not reached after 48 iterations! Continuing PSO."
[1] "iteration number: "
[1] 49
[1] "Minimum fitness threshold not reached after 49 iterations! Continuing PSO."
[1] "iteration number: "
[1] 50
[1] "Minimum fitness threshold not reached after 50 iterations! Continuing PSO."
[1] "iteration number: "
[1] 51
[1] "Best fitness updated to:"
[1] -59.76778
[1] "Best solution:"
 [1] 0 1 1 1 0 0 0 0 1 1 1
[1] 6
[1] "Minimum fitness threshold not reached after 51 iterations! Continuing PSO."
[1] "iteration number: "
[1] 52
[1] "Minimum fitness threshold not reached after 52 iterations! Continuing PSO."
[1] "iteration number: "
[1] 53
[1] "Minimum fitness threshold not reached after 53 iterations! Continuing PSO."
[1] "iteration number: "
[1] 54
[1] "Minimum fitness threshold not reached after 54 iterations! Continuing PSO."
[1] "iteration number: "
[1] 55
[1] "Minimum fitness threshold not reached after 55 iterations! Continuing PSO."
[1] "iteration number: "
[1] 56
[1] "Minimum fitness threshold not reached after 56 iterations! Continuing PSO."
[1] "iteration number: "
[1] 57
[1] "Minimum fitness threshold not reached after 57 iterations! Continuing PSO."
[1] "iteration number: "
[1] 58
[1] "Minimum fitness threshold not reached after 58 iterations! Continuing PSO."
[1] "iteration number: "
[1] 59
[1] "Minimum fitness threshold not reached after 59 iterations! Continuing PSO."
[1] "iteration number: "
[1] 60
[1] "Minimum fitness threshold not reached after 60 iterations! Continuing PSO."
[1] "iteration number: "
[1] 61
[1] "Minimum fitness threshold not reached after 61 iterations! Continuing PSO."
[1] "iteration number: "
[1] 62
[1] "RE-INITIALIZING..."
[1] 1
[1] 5
[1] 10
 [1] 3 1 4 2 2 3 2 2 1 2 3 2 1 2 2 3 2 2 3 3
[1] "Minimum fitness threshold not reached after 62 iterations! Continuing PSO."
[1] "iteration number: "
[1] 63
[1] "Minimum fitness threshold not reached after 63 iterations! Continuing PSO."
[1] "iteration number: "
[1] 64
[1] "Minimum fitness threshold not reached after 64 iterations! Continuing PSO."
[1] "iteration number: "
[1] 65
[1] "Minimum fitness threshold not reached after 65 iterations! Continuing PSO."
[1] "iteration number: "
[1] 66
[1] "Minimum fitness threshold not reached after 66 iterations! Continuing PSO."
[1] "iteration number: "
[1] 67
[1] "Minimum fitness threshold not reached after 67 iterations! Continuing PSO."
[1] "iteration number: "
[1] 68
[1] "Minimum fitness threshold not reached after 68 iterations! Continuing PSO."
[1] "iteration number: "
[1] 69
[1] "Minimum fitness threshold not reached after 69 iterations! Continuing PSO."
[1] "iteration number: "
[1] 70
[1] "Minimum fitness threshold not reached after 70 iterations! Continuing PSO."
[1] "iteration number: "
[1] 71
[1] "Minimum fitness threshold not reached after 71 iterations! Continuing PSO."
[1] "iteration number: "
[1] 72
[1] "Minimum fitness threshold not reached after 72 iterations! Continuing PSO."
[1] "iteration number: "
[1] 73
[1] "RE-INITIALIZING..."
[1] 2
[1] 5
[1] 10
 [1] 2 1 4 4 3 3 4 2 1 3 4 1 1 4 2 3 3 1 3 2
[1] "Minimum fitness threshold not reached after 73 iterations! Continuing PSO."
[1] "iteration number: "
[1] 74
[1] "Minimum fitness threshold not reached after 74 iterations! Continuing PSO."
[1] "iteration number: "
[1] 75
[1] "Minimum fitness threshold not reached after 75 iterations! Continuing PSO."
[1] "iteration number: "
[1] 76
[1] "Minimum fitness threshold not reached after 76 iterations! Continuing PSO."
[1] "iteration number: "
[1] 77
[1] "Minimum fitness threshold not reached after 77 iterations! Continuing PSO."
[1] "iteration number: "
[1] 78
[1] "Minimum fitness threshold not reached after 78 iterations! Continuing PSO."
[1] "iteration number: "
[1] 79
[1] "Minimum fitness threshold not reached after 79 iterations! Continuing PSO."
[1] "iteration number: "
[1] 80
[1] "Minimum fitness threshold not reached after 80 iterations! Continuing PSO."
[1] "iteration number: "
[1] 81
[1] "Minimum fitness threshold not reached after 81 iterations! Continuing PSO."
[1] "iteration number: "
[1] 82
[1] "Minimum fitness threshold not reached after 82 iterations! Continuing PSO."
[1] "iteration number: "
[1] 83
[1] "Minimum fitness threshold not reached after 83 iterations! Continuing PSO."
[1] "iteration number: "
[1] 84
[1] "RE-INITIALIZING..."
[1] 3
[1] 5
[1] 10
 [1] 1 3 1 2 2 2 3 2 2 2 3 3 2 1 3 3 2 2 2 1
[1] "Minimum fitness threshold not reached after 84 iterations! Continuing PSO."
[1] "iteration number: "
[1] 85
[1] "Minimum fitness threshold not reached after 85 iterations! Continuing PSO."
[1] "iteration number: "
[1] 86
[1] "Minimum fitness threshold not reached after 86 iterations! Continuing PSO."
[1] "iteration number: "
[1] 87
[1] "Minimum fitness threshold not reached after 87 iterations! Continuing PSO."
[1] "iteration number: "
[1] 88
[1] "Minimum fitness threshold not reached after 88 iterations! Continuing PSO."
[1] "iteration number: "
[1] 89
[1] "Minimum fitness threshold not reached after 89 iterations! Continuing PSO."
[1] "iteration number: "
[1] 90
[1] "Minimum fitness threshold not reached after 90 iterations! Continuing PSO."
[1] "iteration number: "
[1] 91
[1] "Minimum fitness threshold not reached after 91 iterations! Continuing PSO."
[1] "iteration number: "
[1] 92
[1] "Minimum fitness threshold not reached after 92 iterations! Continuing PSO."
[1] "iteration number: "
[1] 93
[1] "Minimum fitness threshold not reached after 93 iterations! Continuing PSO."
[1] "iteration number: "
[1] 94
[1] "Minimum fitness threshold not reached after 94 iterations! Continuing PSO."
[1] "iteration number: "
[1] 95
[1] "RE-INITIALIZING..."
[1] 4
[1] 5
[1] 7
 [1] 1 4 2 3 2 1 2 4 2 2 2 3 3 2 1 2 3 1 2 2
[1] "Minimum fitness threshold not reached after 95 iterations! Continuing PSO."
[1] "iteration number: "
[1] 96
[1] "Minimum fitness threshold not reached after 96 iterations! Continuing PSO."
[1] "iteration number: "
[1] 97
[1] "Minimum fitness threshold not reached after 97 iterations! Continuing PSO."
[1] "iteration number: "
[1] 98
[1] "Minimum fitness threshold not reached after 98 iterations! Continuing PSO."
[1] "iteration number: "
[1] 99
[1] "Minimum fitness threshold not reached after 99 iterations! Continuing PSO."
[1] "iteration number: "
[1] 100
[1] "Minimum fitness threshold not reached after 100 iterations! Continuing PSO."
[1] "iteration number: "
[1] 101
[1] "Minimum fitness threshold not reached after 101 iterations! Continuing PSO."
[1] "iteration number: "
[1] 102
[1] "Minimum fitness threshold not reached after 102 iterations! Continuing PSO."
[1] "iteration number: "
[1] 103
[1] "Minimum fitness threshold not reached after 103 iterations! Continuing PSO."
[1] "iteration number: "
[1] 104
[1] "Minimum fitness threshold not reached after 104 iterations! Continuing PSO."
[1] "iteration number: "
[1] 105
[1] "Minimum fitness threshold not reached after 105 iterations! Continuing PSO."
[1] "iteration number: "
[1] 106
[1] "RE-INITIALIZING..."
[1] 5
[1] 5
[1] 7
 [1] 1 3 1 2 2 2 3 2 2 2 3 3 2 1 3 3 2 2 2 1
[1] "iteration number: "
[1] 107
[1] "Minimum fitness threshold not reached after 107 iterations! Continuing PSO."
[1] "iteration number: "
[1] 108
[1] "Minimum fitness threshold not reached after 108 iterations! Continuing PSO."
[1] "iteration number: "
[1] 109
[1] "Minimum fitness threshold not reached after 109 iterations! Continuing PSO."
[1] "iteration number: "
[1] 110
[1] "Minimum fitness threshold not reached after 110 iterations! Continuing PSO."
[1] "iteration number: "
[1] 111
[1] "Minimum fitness threshold not reached after 111 iterations! Continuing PSO."
[1] "iteration number: "
[1] 112
[1] "Minimum fitness threshold not reached after 112 iterations! Continuing PSO."
[1] "iteration number: "
[1] 113
[1] "iteration number: "
[1] 114
[1] "iteration number: "
[1] 115
[1] "iteration number: "
[1] 116
[1] "iteration number: "
[1] 117
[1] "RE-INITIALIZING..."
[1] 6
[1] 5
[1] 7
[1] "No change for 6 iterations. Exiting PSO."
[1]  2  4 10 11
[1] 10
[1] "##################################"
[1] "Results summary for itr:10"
[1] "number of features selected using population mean"
[1] 4
[1] "number of features selected using current global best"
[1] 4
[1] "feat ind length"
[1] 4
[1] "best accuracy"
[1] 59.76778
[1] "test acc:0.961538461538462"
[1] "##################################"
[1] "testacc"
 [1] 0.9230769 0.9615385 0.9615385 1.0000000 1.0000000 0.9615385 0.9615385
 [8] 0.9230769 0.9615385 0.9615385
[1] 0.9615385
   Min. 1st Qu.  Median    Mean 3rd Qu.    Max. 
 0.9231  0.9615  0.9615  0.9615  0.9615  1.0000 
[1] 0.02564103
      [,1] [,2] [,3] [,4] [,5] [,6] [,7] [,8] [,9] [,10]
 [1,]    0    0    0    0    1    1    0    0    1     0
 [2,]    1    0    0    1    1    0    1    1    0     1
 [3,]    1    1    0    0    0    1    1    1    0     0
 [4,]    1    1    1    1    1    0    1    1    0     1
 [5,]    0    1    1    0    0    1    0    0    0     0
 [6,]    0    0    1    0    1    0    0    1    1     0
 [7,]    0    1    1    0    1    1    0    0    1     0
 [8,]    0    0    1    1    0    1    0    1    1     0
 [9,]    0    1    0    0    0    0    0    1    1     0
[10,]    1    0    1    1    1    1    1    1    0     1
[11,]    1    1    1    1    1    1    1    1    0     1
[1] "dim of scoring matrix is "
[1] 11 10
[1] "DS index stage 2"
[1] 0.5678706
[1] "KI index stage 2"
[1] -Inf
[1] 1
   Min. 1st Qu.  Median    Mean 3rd Qu.    Max. 
  3.000   3.500   5.000   5.364   7.000   9.000 
[1] "Number of features selected in 1 iterations:"
[1] 11
[1] 0.96 1.00
[1] 0.96 1.00
[1] "accuracy: 92.4100868362125 num_feat:11 fitness:79.8217377263899"
$fitfunc
[1] -79.82174

$cverror
[1] 92.41009

$cvpermerror
[1] 53.14099

$testacc
[1] 98

$reverseacc
[1] 98

[1] -79.82174
[1] "Number of features selected in 2 iterations:"
[1] 11
[1] 0.96 1.00
[1] 0.96 1.00
[1] "accuracy: 92.4100868362125 num_feat:11 fitness:79.8217377263899"
$fitfunc
[1] -79.82174

$cverror
[1] 92.41009

$cvpermerror
[1] 53.14099

$testacc
[1] 98

$reverseacc
[1] 98

[1] -79.82174
[1] "Number of features selected in 3 iterations:"
[1] 11
[1] 0.96 1.00
[1] 0.96 1.00
[1] "accuracy: 92.4100868362125 num_feat:11 fitness:79.8217377263899"
$fitfunc
[1] -79.82174

$cverror
[1] 92.41009

$cvpermerror
[1] 53.14099

$testacc
[1] 98

$reverseacc
[1] 98

[1] -79.82174
[1] "Number of features selected in 4 iterations:"
[1] 8
[1] 0.96 1.00
[1] 0.96 1.00
[1] "accuracy: 92.8380743340809 num_feat:8 fitness:79.1584085278539"
$fitfunc
[1] -79.15841

$cverror
[1] 92.83807

$cvpermerror
[1] 54.92274

$testacc
[1] 97

$reverseacc
[1] 98

[1] -79.15841
[1] "Number of features selected in 5 iterations:"
[1] 7
[1] 0.9600 0.9875
[1] 0.9600 0.9875
[1] "accuracy: 91.7663533343448 num_feat:7 fitness:78.7758770914016"
$fitfunc
[1] -78.77588

$cverror
[1] 91.76635

$cvpermerror
[1] 54.14388

$testacc
[1] 97

$reverseacc
[1] 97.375

[1] -78.77588
[1] "Number of features selected in 6 iterations:"
[1] 4
[1] 0.96 1.00
[1] 0.96 1.00
[1] "accuracy: 93.1014222675815 num_feat:4 fitness:79.6119787011027"
$fitfunc
[1] -79.61198

$cverror
[1] 93.10142

$cvpermerror
[1] 54.76197

$testacc
[1] 98

$reverseacc
[1] 98

[1] -79.61198
[1] "Number of features selected in 7 iterations:"
[1] 3
[1] 0.960 0.975
[1] 0.960 0.975
[1] "accuracy: 93.1014222675815 num_feat:3 fitness:78.1801240195925"
$fitfunc
[1] -78.18012

$cverror
[1] 93.10142

$cvpermerror
[1] 57.65982

$testacc
[1] 97.375

$reverseacc
[1] 96.75

[1] -78.18012
[1] "Number of features selected in 8 iterations:"
[1] 3
[1] 0.960 0.975
[1] 0.960 0.975
[1] "accuracy: 93.1014222675815 num_feat:3 fitness:78.1801240195925"
$fitfunc
[1] -78.18012

$cverror
[1] 93.10142

$cvpermerror
[1] 57.65982

$testacc
[1] 97.375

$reverseacc
[1] 96.75

[1] -78.18012
[1] "Number of features selected in 9 iterations:"
[1] 1
[1] "accuracy: 1 num_feat:1 fitness:-100"
$fitfunc
[1] 100

$cverror
[1] 1

$cvpermerror
[1] 100

$testacc
[1] 1

$reverseacc
[1] 1

[1] 100
[1] "Number of features selected in 10 iterations:"
[1] 0
[1] "accuracy: 1 num_feat:0 fitness:-100"
$fitfunc
[1] 100

$cverror
[1] 1

$cvpermerror
[1] 100

$testacc
[1] 1

$reverseacc
[1] 1

[1] 100
   Min. 1st Qu.  Median    Mean 3rd Qu.    Max. 
 0.9231  0.9615  0.9615  0.9615  0.9615  1.0000 
[1] "Number of features selected in 1 iterations:"
[1] 11
[1] "Modified train 10 fold accuracy using train data is "
[1] 94.61538
[1] "Modified train accuracy is "
[1] 0.9846154
[1] "train confusion matrix is "
          trainclass
pred_train  1  2
         1 48  0
         2  2 80
[1] "Train dimension is "
[1] 130  11
[1] "Test dimension is "
[1] 100  11
[1] "Test confusion matrix is "
    
pred  1  2
   1 34  8
   2  5 53
[1] "Test acc is "
[1] 0.87
[1] "train 10 fold"
[1] 95.38462
[1] "Test confusion matrix is "
    
pred  1  2
   1 34  8
   2  5 53
[1] "Test acc is "
[1] 0.87
[1] "Test AUC:"
[1] 0.8703237
[1] "Train acc is "
[1] 0.9846154
[1] "# of features after CMA:"
NULL
[1] "# of features after PSO:"
[1] 130  12
    user   system  elapsed 
1298.990   72.178 3669.718 
There were 50 or more warnings (use warnings() to see the first 50)
> 
> 
> 
> feat_ind<-psores$bestfeatlist
> feat_names<-psores$bestfeatnames
> 
> scoringmatrix<-as.data.frame(psores$scoringmatrix)
> print(scoringmatrix)
   V1 V2 V3 V4 V5 V6 V7 V8 V9 V10
1   0  0  0  0  1  1  0  0  1   0
2   1  0  0  1  1  0  1  1  0   1
3   1  1  0  0  0  1  1  1  0   0
4   1  1  1  1  1  0  1  1  0   1
5   0  1  1  0  0  1  0  0  0   0
6   0  0  1  0  1  0  0  1  1   0
7   0  1  1  0  1  1  0  0  1   0
8   0  0  1  1  0  1  0  1  1   0
9   0  1  0  0  0  0  0  1  1   0
10  1  0  1  1  1  1  1  1  0   1
11  1  1  1  1  1  1  1  1  0   1
> print(feat_names[feat_ind])
 [1] "1007_s_at"   "1053_at"     "204508_s_at" "205225_at"   "205440_s_at"
 [6] "206754_s_at" "206799_at"   "209603_at"   "209604_s_at" "212956_at"  
[11] "215729_s_at"
> 
> save(psores,file="psores.Rda")
> print("Complete")
[1] "Complete"
> 
