
R version 3.2.2 (2015-08-14) -- "Fire Safety"
Copyright (C) 2015 The R Foundation for Statistical Computing
Platform: x86_64-apple-darwin13.4.0 (64-bit)

R is free software and comes with ABSOLUTELY NO WARRANTY.
You are welcome to redistribute it under certain conditions.
Type 'license()' or 'licence()' for distribution details.

  Natural language support but running in an English locale

R is a collaborative project with many contributors.
Type 'contributors()' for more information and
'citation()' on how to cite R or R packages in publications.

Type 'demo()' for some demos, 'help()' for on-line help, or
'help.start()' for an HTML browser interface to help.
Type 'q()' to quit R.

> 
> #.libPaths("/home/kuppal3/karan_libs/Rlibs")
> library(snow)
Warning message:
package ‘snow’ was built under R version 3.2.5 
> library(e1071)
Warning message:
package ‘e1071’ was built under R version 3.2.5 
> library(yaImpute)

Attaching package: ‘yaImpute’

The following object is masked from ‘package:e1071’:

    impute

> library(pROC)
Type 'citation("pROC")' for a citation.

Attaching package: ‘pROC’

The following objects are masked from ‘package:stats’:

    cov, smooth, var

Warning message:
package ‘pROC’ was built under R version 3.2.5 
> library(bioDist)
Loading required package: Biobase
Loading required package: BiocGenerics
Loading required package: parallel

Attaching package: ‘parallel’

The following objects are masked from ‘package:snow’:

    clusterApply, clusterApplyLB, clusterCall, clusterEvalQ,
    clusterExport, clusterMap, clusterSplit, makeCluster, parApply,
    parCapply, parLapply, parRapply, parSapply, splitIndices,
    stopCluster


Attaching package: ‘BiocGenerics’

The following objects are masked from ‘package:parallel’:

    clusterApply, clusterApplyLB, clusterCall, clusterEvalQ,
    clusterExport, clusterMap, parApply, parCapply, parLapply,
    parLapplyLB, parRapply, parSapply, parSapplyLB

The following objects are masked from ‘package:snow’:

    clusterApply, clusterApplyLB, clusterCall, clusterEvalQ,
    clusterExport, clusterMap, parApply, parCapply, parLapply,
    parRapply, parSapply

The following objects are masked from ‘package:stats’:

    IQR, mad, xtabs

The following objects are masked from ‘package:base’:

    anyDuplicated, append, as.data.frame, as.vector, cbind, colnames,
    do.call, duplicated, eval, evalq, Filter, Find, get, grep, grepl,
    intersect, is.unsorted, lapply, lengths, Map, mapply, match, mget,
    order, paste, pmax, pmax.int, pmin, pmin.int, Position, rank,
    rbind, Reduce, rownames, sapply, setdiff, sort, table, tapply,
    union, unique, unlist, unsplit

Welcome to Bioconductor

    Vignettes contain introductory material; view with
    'browseVignettes()'. To cite Bioconductor, see
    'citation("Biobase")', and for packages 'citation("pkgname")'.

Loading required package: KernSmooth
KernSmooth 2.23 loaded
Copyright M. P. Wand 1997-2009
> #library(CMA, lib="/home/kuppal3/karan_libs/Rlibs/")
> library(RankAggreg)
Warning message:
package ‘RankAggreg’ was built under R version 3.2.5 
> library(CMA)

Attaching package: ‘CMA’

The following object is masked from ‘package:pROC’:

    roc

The following object is masked from ‘package:e1071’:

    tune

Warning message:
package ‘CMA’ was built under R version 3.2.4 
> library(expm)
Loading required package: Matrix

Attaching package: ‘expm’

The following object is masked from ‘package:Matrix’:

    expm

Warning messages:
1: package ‘expm’ was built under R version 3.2.5 
2: package ‘Matrix’ was built under R version 3.2.5 
> 
> cl<-makeCluster(1)
> 
> 
> args<-commandArgs(trailingOnly=TRUE)
> 
> dirloc<-"/Users/karanuppal/Documents/Gatech/Projects/Algorithms/TwostagePSO/"
> #sname<-paste("/home/stu/kuppal3/Research/Feature_selection/Rcode/versionnov2014/OCFS_",args[9],".R",sep="")
> 
> sname<-paste(dirloc,"version2017/OCFS_",args[9],".R",sep="")
> source(sname)
> 
> outloc<-paste(dirloc,"/Datasets/MAQCII_BreastCancer/OCFSvmay2415_MAQCER",args[9],"/",sep="")
> 
> 
> sname<-paste(dirloc,"Datasets/MAQCII_BreastCancer/MaqcIIbr.Rda",sep="")
> load(sname)
> 
> trainm<-MaqcIIbr$trainx
> testm<-MaqcIIbr$testx
> trainclass<-MaqcIIbr$trainPCRvsRD
> testclass<-MaqcIIbr$testPCRvsRD
> 
> trainm<-trainm[,-c(22284)]
> testm<-testm[,-c(22284)]
> trainm<-apply(trainm,2,as.numeric)
> testm<-apply(testm,2,as.numeric)
> 
> trainm<-cbind(trainclass,trainm)
> testm<-cbind(testclass,testm)
> 
> trainm<-na.omit(trainm)
> testm<-na.omit(testm)
> 
> dir.create(outloc)
Warning message:
In dir.create(outloc) :
  '/Users/karanuppal/Documents/Gatech/Projects/Algorithms/TwostagePSO//Datasets/MAQCII_BreastCancer/OCFSvmay2415_MAQCERvmarch62018_v3' already exists
> setwd(outloc)
> 
> 
> trainm<-as.matrix(trainm)
> testm<-as.matrix(testm)
> trainclass<-trainm[,1] #CMAres$modtrainclass
> testclass<-testm[,1] #CMAres$modtestclass
> trainm<-trainm[,-c(1)] #CMAres$modtrainmata
> testm<-testm[,-c(1)] #CMAres$modtestmata
> 
> #a: Confusions
> #b: Neighbors
> #c: Global
> #d: Death
> 
> a<-c(0.25,0.25,0.25,0.25)
> b<-c(0.3,0.1,0.4,0.1)
> c<-c(0.25,0.25,0.5,0)
> d<-c(0.9,0.1,0,0.1)
> 
> a<-c(0,0.4,0.1,0.5)
> b<-c(0.3,0.1,0.4,0.1)
> c<-c(0,0.5,0.5,0)
> d<-c(0.9,0.1,0,0)
> 
> a<-c(0,0.4,0.1,0.5)
> b<-c(0.2,0.3,0.4,0.1)
> c<-c(0,0.4,0.4,0.2)
> d<-c(0.9,0.1,0,0)
> 
> transition_matrix<-rbind(a,b,c,d)
> 
> 
> dir.create(outloc)
Warning message:
In dir.create(outloc) :
  '/Users/karanuppal/Documents/Gatech/Projects/Algorithms/TwostagePSO//Datasets/MAQCII_BreastCancer/OCFSvmay2415_MAQCERvmarch62018_v3' already exists
> setwd(outloc)
> temp2=t(trainm)
> temp2=apply(temp2, 2, function(x){which(x=="MD")})
> temp2=unlist(temp2)
> temp2=unique(temp2)
> if(length(temp2)>1)
+ {
+ 	trainm=trainm[,-c(temp2)]
+ 
+ 	rm(temp2)
+ }
> 
> boostweight=rep(0,dim(trainm)[2])
> 
> #if(FALSE)
> {
+ CMAres<-performCMA(trainm, trainclass, testm, testclass,outloc,
+ maxnum=as.numeric(args[10]),
+ minnum=3,
+ stepitr=1,
+ gsmethods=c("limma"), #"lasso","elasticnet","kruskal.test"), #"f.test", "f.test", "elasticnet", "wilcox.test", "welch.test"),
+ pct_train=0.40,
+ accuracyweight=1,
+ featweight=0.06,
+ minpresent=1,
+ kname="radial",
+ norm_method="none",
+ tolerance=0.5,
+ maxitrs=5,
+ classindex=1,
+ numfacts=0,
+ evalmethod="CV",
+ numfolds=10,
+ CVfoldthresh=0.7,
+ varselmethod=args[11],
+ scheme_val="one-vs-all",
+ iter_learn=1,boostweight=rep(0,dim(trainm)[2]))
+ 
+ 
+ CMAres<-performCMA(trainm, trainclass, testm, testclass,outloc,
+ maxnum=as.numeric(args[10]),
+ minnum=3,
+ stepitr=1,
+ gsmethods=c("lasso"), #"lasso","elasticnet","kruskal.test"), #"f.test", "f.test", "elasticnet", "wilcox.test", "welch.test"),
+ pct_train=0.40,
+ accuracyweight=1,
+ featweight=0.06,
+ minpresent=1,
+ kname="radial",
+ norm_method="none",
+ tolerance=0.5,
+ maxitrs=5,
+ classindex=1,
+ numfacts=0,
+ evalmethod="CV",
+ numfolds=10,
+ CVfoldthresh=0.7,
+ varselmethod=args[11],
+ scheme_val="one-vs-all",
+ iter_learn=1,boostweight=rep(0,dim(trainm)[2]))
+ 
+ CMAres<-performCMA(trainm, trainclass, testm, testclass,outloc,
+ maxnum=as.numeric(args[10]),
+ minnum=3,
+ stepitr=1,
+ gsmethods=c("rfe"), #"lasso","elasticnet","kruskal.test"), #"f.test", "f.test", "elasticnet", "wilcox.test", "welch.test"),
+ pct_train=0.40,
+ accuracyweight=1,
+ featweight=0.06,
+ minpresent=1,
+ kname="radial",
+ norm_method="none",
+ tolerance=0.5,
+ maxitrs=5,
+ classindex=1,
+ numfacts=0,
+ evalmethod="CV",
+ numfolds=10,
+ CVfoldthresh=0.7,
+ varselmethod=args[11],
+ scheme_val="one-vs-all",
+ iter_learn=1,boostweight=rep(0,dim(trainm)[2]))
+ 
+ CMAres<-performCMA(trainm, trainclass, testm, testclass,outloc,
+ maxnum=as.numeric(args[10]),
+ minnum=3,
+ stepitr=1,
+ gsmethods=c("elasticnet"), #"lasso","elasticnet","kruskal.test"), #"f.test", "f.test", "elasticnet", "wilcox.test", "welch.test"),
+ pct_train=0.40,
+ accuracyweight=1,
+ featweight=0.06,
+ minpresent=1,
+ kname="radial",
+ norm_method="none",
+ tolerance=0.5,
+ maxitrs=5,
+ classindex=1,
+ numfacts=0,
+ evalmethod="CV",
+ numfolds=10,
+ CVfoldthresh=0.7,
+ varselmethod=args[11],
+ scheme_val="one-vs-all",
+ iter_learn=1,boostweight=rep(0,dim(trainm)[2]))
+ 
+ if(FALSE){
+ CMAres<-performCMA(trainm, trainclass, testm, testclass,outloc,
+ maxnum=as.numeric(args[10]),
+ minnum=3,
+ stepitr=1,
+ gsmethods=c("rf"), #"lasso","elasticnet","kruskal.test"), #"f.test", "f.test", "elasticnet", "wilcox.test", "welch.test"),
+ pct_train=0.40,
+ accuracyweight=1,
+ featweight=0.06,
+ minpresent=1,
+ kname="radial",
+ norm_method="none",
+ tolerance=0.5,
+ maxitrs=5,
+ classindex=1,
+ numfacts=0,
+ evalmethod="CV",
+ numfolds=10,
+ CVfoldthresh=0.7,
+ varselmethod=args[11],
+ scheme_val="one-vs-all",
+ iter_learn=1,boostweight=rep(0,dim(trainm)[2]))
+ }
+ 
+ CMAres<-performCMA(trainm, trainclass, testm, testclass,outloc,
+ maxnum=as.numeric(args[10]),
+ minnum=3,
+ stepitr=1,
+ gsmethods=c("f.test"), #"lasso","elasticnet","kruskal.test"), #"f.test", "f.test", "elasticnet", "wilcox.test", "welch.test"),
+ pct_train=0.40,
+ accuracyweight=1,
+ featweight=0.06,
+ minpresent=1,
+ kname="radial",
+ norm_method="none",
+ tolerance=0.5,
+ maxitrs=5,
+ classindex=1,
+ numfacts=0,
+ evalmethod="CV",
+ numfolds=10,
+ CVfoldthresh=0.7,
+ varselmethod=args[11],
+ scheme_val="one-vs-all",
+ iter_learn=1,boostweight=rep(0,dim(trainm)[2]))
+ }
[1] "dim of trainm is "
[1]   130 22283
[1]   130 22283
[1] "maxnum is "
[1] 3
[1] "# of genes left after filtering:"
[1]   130 22283
[1] "limma"
[1] "Method name: limma"
[1]   130 22283
nci_y
 1  2 
33 97 
learningset mode:  CV 
number of learningsets:  10 
(maximum) number of observations per learning set:  117 
[1] "one-vs-all"
GeneSelection: iteration 1 

Attaching package: ‘limma’

The following object is masked from ‘package:BiocGenerics’:

    plotMA

GeneSelection: iteration 2 
GeneSelection: iteration 3 
GeneSelection: iteration 4 
GeneSelection: iteration 5 
GeneSelection: iteration 6 
GeneSelection: iteration 7 
GeneSelection: iteration 8 
GeneSelection: iteration 9 
GeneSelection: iteration 10 
[1] 13
[1] "varselmethod"
[1] "forward"
[1] 13
[1] "limma:3:81.0311108209955"
[1] "limma:3:81.0311108209955"
[1] "limma:4:78.6980467512263"
[1] "limma:3:81.0311108209955"
[1] "limma:5:85.0316493481238"
[1] "limma:5:85.0316493481238"
[1] "limma:6:92.2743428541122"
[1] "limma:6:92.2743428541122"
[1] "limma:7:97.6079454510097"
[1] "limma:7:97.6079454510097"
[1] "limma:8:92.2748813812405"
[1] "limma:7:97.6079454510097"
[1] "limma:9:88.1160597357137"
[1] "limma:7:97.6079454510097"
[1] "limma:10:88.3663289992779"
[1] "limma:7:97.6079454510097"
[1] "limma:11:90.4499315961754"
[1] "limma:7:97.6079454510097"
[1] "limma:12:90.4502008597395"
[1] "limma:7:97.6079454510097"
[1] "limma:13:90.4504701233037"
[1] "Method: limma"
[1] 7
[1] "dim of scoring matrix is "
[1] 22283     1
     Min.   1st Qu.    Median      Mean   3rd Qu.      Max. 
0.0000000 0.0000000 0.0000000 0.0003141 0.0000000 1.0000000 
[1] 7
[1] 22283
[1] "DS index stage 1"
[1] NA
[1] "bestgenelist"
[1]  1036  3155  4349  4352  5927 13543 18415
     201508_at 203628_at 204822_at 204825_at 206401_s_at 214164_x_at
[1,]   10.8379   10.7755    7.2891    8.9393      9.9796     12.6474
[2,]    8.8812    9.8410    6.4251    7.7652      9.9498     11.7852
[3,]   12.8232    9.4169    8.4023    9.9136      6.0807     12.7464
     219051_x_at
[1,]      8.5236
[2,]      8.9626
[3,]     10.7458
     201508_at 203628_at 204822_at 204825_at 206401_s_at 214164_x_at
[1,]   10.2358    9.4326    7.3928    7.9851     10.6463     12.7392
[2,]   10.4887    9.8046    6.1670    5.2744      8.2532     10.9092
[3,]    9.3978    7.9079    6.6156    5.9481      7.4477     10.6696
     219051_x_at
[1,]      9.5138
[2,]      5.3641
[3,]      7.1097
[1] "numgenes selected:7"
[1] "test acc:0.75"
[1] "test AUC acc:0.715686274509804"
[1] "10 fold train83.8461538461538"
[1] "confusion matrix train 10 fold"
          nci_y
pred10fold  1  2
         1 22  7
         2 11 90
[1] "confusion matrix test"
         test_y
pred_test  1  2
        1 10 20
        2  5 65
[1] "train acc:0.861538461538462"
[1] "confusion matrix train"
          nci_y
pred_train  1  2
         1 22  7
         2 11 90
[1] "DS index stage 1"
[1] NA
[1] "KI index stage 1"
[1] NA
[1] "dim of trainm is "
[1]   130 22283
[1]   130 22283
[1] "maxnum is "
[1] 3
[1] "# of genes left after filtering:"
[1]   130 22283
[1] "lasso"
[1] "Method name: lasso"
[1]   130 22283
nci_y
 1  2 
33 97 
learningset mode:  CV 
number of learningsets:  10 
(maximum) number of observations per learning set:  117 
[1] "one-vs-all"
GeneSelection: iteration 1 
Loaded glmnet 2.0-10


Attaching package: ‘glmnet’

The following object is masked from ‘package:pROC’:

    auc

GeneSelection: iteration 2 
GeneSelection: iteration 3 
GeneSelection: iteration 4 
GeneSelection: iteration 5 
GeneSelection: iteration 6 
GeneSelection: iteration 7 
GeneSelection: iteration 8 
GeneSelection: iteration 9 
GeneSelection: iteration 10 
genelist
 1083 15464  2211  2667  8166 18226  1326  3155  4208  4349 11253 11968 
    9     5     3     3     2     2     1     1     1     1     1     1 
[1] 12
[1] "varselmethod"
[1] "forward"
[1] 12
[1] "lasso:3:81.6523229422076"
[1] "lasso:3:81.6523229422076"
[1] "lasso:4:92.2056225088021"
[1] "lasso:4:92.2056225088021"
[1] "lasso:5:81.6074069238814"
[1] "lasso:4:92.2056225088021"
[1] "lasso:6:100.357676187446"
[1] "lasso:6:100.357676187446"
[1] "lasso:7:108.600369693434"
[1] "lasso:7:108.600369693434"
[1] "lasso:8:119.843063199422"
[1] "lasso:8:119.843063199422"
[1] "lasso:9:119.934241553896"
[1] "lasso:8:119.843063199422"
[1] "lasso:10:118.93451081746"
[1] "lasso:8:119.843063199422"
[1] "lasso:11:118.934780081024"
[1] "lasso:8:119.843063199422"
[1] "lasso:12:112.844140253679"
[1] "lasso:8:119.843063199422"
[1] "Method: lasso"
[1] 8
[1] "dim of scoring matrix is "
[1] 22283     1
    Min.  1st Qu.   Median     Mean  3rd Qu.     Max. 
0.000000 0.000000 0.000000 0.000359 0.000000 1.000000 
[1] 8
[1] 22283
[1] "DS index stage 1"
[1] NA
[1] "bestgenelist"
[1]  1083  1326  2211  2667  3155  8166 15464 18226
     201555_at 201798_s_at 202683_s_at 203139_at 203628_at 208670_s_at
[1,]    9.9323     11.6423      8.8393    9.7965   10.7755      8.6539
[2,]    9.5628     10.3129      8.4030    8.3696    9.8410      9.5953
[3,]   10.3905     11.6751      8.3998    9.0933    9.4169      9.8134
     216092_s_at 218862_at
[1,]     10.4159    9.8843
[2,]      9.7648   10.0105
[3,]      8.3641    9.0597
     201555_at 201798_s_at 202683_s_at 203139_at 203628_at 208670_s_at
[1,]    9.9499     10.8345      8.8732    8.8140    9.4326      8.8319
[2,]    9.6616     11.4169      8.5511    8.7652    9.8046      9.8519
[3,]    9.4638     10.0144      8.5826    9.4426    7.9079      9.3521
     216092_s_at 218862_at
[1,]     10.6963   10.4625
[2,]      9.3780    9.8143
[3,]      9.3840    9.3484
[1] "numgenes selected:8"
[1] "test acc:0.75"
[1] "test AUC acc:0.715686274509804"
[1] "10 fold train88.4615384615385"
[1] "confusion matrix train 10 fold"
          nci_y
pred10fold  1  2
         1 28  3
         2  5 94
[1] "confusion matrix test"
         test_y
pred_test  1  2
        1 10 20
        2  5 65
[1] "train acc:0.938461538461538"
[1] "confusion matrix train"
          nci_y
pred_train  1  2
         1 28  3
         2  5 94
[1] "DS index stage 1"
[1] NA
[1] "KI index stage 1"
[1] NA
[1] "dim of trainm is "
[1]   130 22283
[1]   130 22283
[1] "maxnum is "
[1] 3
[1] "# of genes left after filtering:"
[1]   130 22283
[1] "rfe"
[1] "Method name: rfe"
[1]   130 22283
nci_y
 1  2 
33 97 
learningset mode:  CV 
number of learningsets:  10 
(maximum) number of observations per learning set:  117 
[1] "one-vs-all"
GeneSelection: iteration 1 
GeneSelection: iteration 2 
GeneSelection: iteration 3 
GeneSelection: iteration 4 
GeneSelection: iteration 5 
GeneSelection: iteration 6 
GeneSelection: iteration 7 
GeneSelection: iteration 8 
GeneSelection: iteration 9 
GeneSelection: iteration 10 
[1] 13
[1] "varselmethod"
[1] "forward"
[1] 13
[1] "rfe:3:75.3341411240258"
[1] "rfe:3:75.3341411240258"
[1] "rfe:4:78.9177437209233"
[1] "rfe:4:78.9177437209233"
[1] "rfe:5:74.0013463178207"
[1] "rfe:4:78.9177437209233"
[1] "rfe:6:60.8349489147182"
[1] "rfe:4:78.9177437209233"
[1] "rfe:7:81.0018848449491"
[1] "rfe:7:81.0018848449491"
[1] "rfe:8:76.4263965327556"
[1] "rfe:7:81.0018848449491"
[1] "rfe:9:78.4266657963198"
[1] "rfe:7:81.0018848449491"
[1] "rfe:10:85.1845108174597"
[1] "rfe:10:85.1845108174597"
[1] "rfe:11:82.0938709901148"
[1] "rfe:10:85.1845108174597"
[1] "rfe:12:82.0941402536789"
[1] "rfe:10:85.1845108174597"
[1] "rfe:13:81.2762276990613"
[1] "rfe:10:85.1845108174597"
[1] "Method: rfe"
[1] 10
[1] "dim of scoring matrix is "
[1] 22283     1
     Min.   1st Qu.    Median      Mean   3rd Qu.      Max. 
0.0000000 0.0000000 0.0000000 0.0004488 0.0000000 1.0000000 
[1] 10
[1] 22283
[1] "DS index stage 1"
[1] NA
[1] "bestgenelist"
 [1]  4756  5005  5240  5278  5917  8080  8388  8667  9052 13990
     205229_s_at 205478_at 205713_s_at 205751_at 206391_at 208582_s_at
[1,]      6.8695    7.9799     10.0607    5.3569    3.4701      4.6231
[2,]      5.4533    6.0596      5.6228    3.7733    3.0224      2.7015
[3,]      6.2767    5.5057      6.8404    2.5009    5.6946      3.2545
     208893_s_at 209173_at 209560_s_at 214612_x_at
[1,]      4.0949   12.9392      7.8880      6.0516
[2,]      9.2703   14.1501      5.8444      5.7915
[3,]      3.9487   14.5585      7.3689      3.4135
     205229_s_at 205478_at 205713_s_at 205751_at 206391_at 208582_s_at
[1,]      5.2668    4.8386      5.2933    5.4450    3.5486      3.5125
[2,]      7.1769   11.9784      4.3142    6.3482    8.0025      2.8295
[3,]      6.9284   12.5884      4.5240    6.0619    7.6557      3.4439
     208893_s_at 209173_at 209560_s_at 214612_x_at
[1,]      7.6049   13.2041      7.6698      6.2012
[2,]      8.9154   11.3631     11.5012      7.0485
[3,]      9.1121   11.1800      7.7658      5.5564
[1] "numgenes selected:10"
[1] "test acc:0.78"
[1] "test AUC acc:0.623529411764706"
[1] "10 fold train82.3076923076923"
[1] "confusion matrix train 10 fold"
          nci_y
pred10fold  1  2
         1 26  1
         2  7 96
[1] "confusion matrix test"
         test_y
pred_test  1  2
        1  6 13
        2  9 72
[1] "train acc:0.938461538461538"
[1] "confusion matrix train"
          nci_y
pred_train  1  2
         1 26  1
         2  7 96
[1] "DS index stage 1"
[1] NA
[1] "KI index stage 1"
[1] NA
[1] "dim of trainm is "
[1]   130 22283
[1]   130 22283
[1] "maxnum is "
[1] 3
[1] "# of genes left after filtering:"
[1]   130 22283
[1] "elasticnet"
[1] "Method name: elasticnet"
[1]   130 22283
nci_y
 1  2 
33 97 
learningset mode:  CV 
number of learningsets:  10 
(maximum) number of observations per learning set:  117 
[1] "one-vs-all"
GeneSelection: iteration 1 
GeneSelection: iteration 2 
GeneSelection: iteration 3 
GeneSelection: iteration 4 
GeneSelection: iteration 5 
GeneSelection: iteration 6 
GeneSelection: iteration 7 
GeneSelection: iteration 8 
GeneSelection: iteration 9 
GeneSelection: iteration 10 
[1] 13
[1] "varselmethod"
[1] "forward"
[1] 13
[1] "elasticnet:3:81.6523229422076"
[1] "elasticnet:3:81.6523229422076"
[1] "elasticnet:4:92.2056225088021"
[1] "elasticnet:4:92.2056225088021"
[1] "elasticnet:5:81.6074069238814"
[1] "elasticnet:4:92.2056225088021"
[1] "elasticnet:6:80.4485852783546"
[1] "elasticnet:4:92.2056225088021"
[1] "elasticnet:7:100.267036360101"
[1] "elasticnet:7:100.267036360101"
[1] "elasticnet:8:97.2673056236647"
[1] "elasticnet:7:100.267036360101"
[1] "elasticnet:9:93.9342415538956"
[1] "elasticnet:7:100.267036360101"
[1] "elasticnet:10:95.7602683932173"
[1] "elasticnet:7:100.267036360101"
[1] "elasticnet:11:96.1772043234481"
[1] "elasticnet:7:100.267036360101"
[1] "elasticnet:12:113.851716011255"
[1] "elasticnet:12:113.851716011255"
[1] "elasticnet:13:113.851985274819"
[1] "elasticnet:12:113.851716011255"
[1] "Method: elasticnet"
[1] 12
[1] "dim of scoring matrix is "
[1] 22283     1
     Min.   1st Qu.    Median      Mean   3rd Qu.      Max. 
0.0000000 0.0000000 0.0000000 0.0005385 0.0000000 1.0000000 
[1] 12
[1] 22283
[1] "DS index stage 1"
[1] NA
[1] "bestgenelist"
 [1]  1083  1732  2211  2667  3155  4349  4352  4756  8166 11968 15464 18226
     201555_at 202204_s_at 202683_s_at 203139_at 203628_at 204822_at 204825_at
[1,]    9.9323      9.4116      8.8393    9.7965   10.7755    7.2891    8.9393
[2,]    9.5628      9.5340      8.4030    8.3696    9.8410    6.4251    7.7652
[3,]   10.3905      8.9780      8.3998    9.0933    9.4169    8.4023    9.9136
     205229_s_at 208670_s_at 212583_at 216092_s_at 218862_at
[1,]      6.8695      8.6539    6.8476     10.4159    9.8843
[2,]      5.4533      9.5953    6.8369      9.7648   10.0105
[3,]      6.2767      9.8134    7.3452      8.3641    9.0597
     201555_at 202204_s_at 202683_s_at 203139_at 203628_at 204822_at 204825_at
[1,]    9.9499      9.4123      8.8732    8.8140    9.4326    7.3928    7.9851
[2,]    9.6616      9.0879      8.5511    8.7652    9.8046    6.1670    5.2744
[3,]    9.4638      9.0964      8.5826    9.4426    7.9079    6.6156    5.9481
     205229_s_at 208670_s_at 212583_at 216092_s_at 218862_at
[1,]      5.2668      8.8319    7.5912     10.6963   10.4625
[2,]      7.1769      9.8519    7.5112      9.3780    9.8143
[3,]      6.9284      9.3521    4.6920      9.3840    9.3484
[1] "numgenes selected:12"
[1] "test acc:0.73"
[1] "test AUC acc:0.703921568627451"
[1] "10 fold train88.4615384615385"
[1] "confusion matrix train 10 fold"
          nci_y
pred10fold  1  2
         1 28  1
         2  5 96
[1] "confusion matrix test"
         test_y
pred_test  1  2
        1 10 22
        2  5 63
[1] "train acc:0.953846153846154"
[1] "confusion matrix train"
          nci_y
pred_train  1  2
         1 28  1
         2  5 96
[1] "DS index stage 1"
[1] NA
[1] "KI index stage 1"
[1] NA
[1] "dim of trainm is "
[1]   130 22283
[1]   130 22283
[1] "maxnum is "
[1] 3
[1] "# of genes left after filtering:"
[1]   130 22283
[1] "f.test"
[1] "Method name: f.test"
[1]   130 22283
nci_y
 1  2 
33 97 
learningset mode:  CV 
number of learningsets:  10 
(maximum) number of observations per learning set:  117 
[1] "one-vs-all"
GeneSelection: iteration 1 
GeneSelection: iteration 2 
GeneSelection: iteration 3 
GeneSelection: iteration 4 
GeneSelection: iteration 5 
GeneSelection: iteration 6 
GeneSelection: iteration 7 
GeneSelection: iteration 8 
GeneSelection: iteration 9 
GeneSelection: iteration 10 
[1] 16
[1] "varselmethod"
[1] "forward"
[1] 16
[1] "f.test:3:83.4477774876622"
[1] "f.test:3:83.4477774876622"
[1] "f.test:4:88.864713417893"
[1] "f.test:4:88.864713417893"
[1] "f.test:5:79.7816493481238"
[1] "f.test:4:88.864713417893"
[1] "f.test:6:89.9334337632031"
[1] "f.test:6:89.9334337632031"
[1] "f.test:7:101.183703026767"
[1] "f.test:7:101.183703026767"
[1] "f.test:8:99.1839722903314"
[1] "f.test:7:101.183703026767"
[1] "f.test:9:98.2751506448047"
[1] "f.test:7:101.183703026767"
[1] "f.test:10:94.9420865750355"
[1] "f.test:7:101.183703026767"
[1] "f.test:11:87.6090225052663"
[1] "f.test:7:101.183703026767"
[1] "f.test:12:86.2759584354971"
[1] "f.test:7:101.183703026767"
[1] "f.test:13:86.2762276990613"
[1] "Method: f.test"
[1] 7
[1] "dim of scoring matrix is "
[1] 22283     1
     Min.   1st Qu.    Median      Mean   3rd Qu.      Max. 
0.0000000 0.0000000 0.0000000 0.0003141 0.0000000 1.0000000 
[1] 7
[1] 22283
[1] "DS index stage 1"
[1] NA
[1] "bestgenelist"
[1]  1036  1083  3155  4349  5927 13543 18415
     201508_at 201555_at 203628_at 204822_at 206401_s_at 214164_x_at
[1,]   10.8379    9.9323   10.7755    7.2891      9.9796     12.6474
[2,]    8.8812    9.5628    9.8410    6.4251      9.9498     11.7852
[3,]   12.8232   10.3905    9.4169    8.4023      6.0807     12.7464
     219051_x_at
[1,]      8.5236
[2,]      8.9626
[3,]     10.7458
     201508_at 201555_at 203628_at 204822_at 206401_s_at 214164_x_at
[1,]   10.2358    9.9499    9.4326    7.3928     10.6463     12.7392
[2,]   10.4887    9.6616    9.8046    6.1670      8.2532     10.9092
[3,]    9.3978    9.4638    7.9079    6.6156      7.4477     10.6696
     219051_x_at
[1,]      9.5138
[2,]      5.3641
[3,]      7.1097
[1] "numgenes selected:7"
[1] "test acc:0.75"
[1] "test AUC acc:0.715686274509804"
[1] "10 fold train83.0769230769231"
[1] "confusion matrix train 10 fold"
          nci_y
pred10fold  1  2
         1 23  5
         2 10 92
[1] "confusion matrix test"
         test_y
pred_test  1  2
        1 10 20
        2  5 65
[1] "train acc:0.884615384615385"
[1] "confusion matrix train"
          nci_y
pred_train  1  2
         1 23  5
         2 10 92
[1] "DS index stage 1"
[1] NA
[1] "KI index stage 1"
[1] NA
There were 50 or more warnings (use warnings() to see the first 50)
> #1
> CMAres<-performCMA(trainm, trainclass, testm, testclass,outloc,
+ maxnum=as.numeric(args[10]),
+ minnum=3,
+ stepitr=1,
+ gsmethods=c("limma","lasso","rfe","elasticnet", "f.test"), #"lasso","elasticnet","kruskal.test"), #"f.test", "f.test", "elasticnet", "wilcox.test", "welch.test"),
+ pct_train=0.40,
+ accuracyweight=1,
+ featweight=0.06,
+ minpresent=1,
+ kname="radial",
+ norm_method="none",
+ tolerance=0.5,
+ maxitrs=5,
+ classindex=1,
+ numfacts=0,
+ evalmethod="CV",
+ numfolds=10,
+ CVfoldthresh=0.7,
+ varselmethod=args[11],
+ scheme_val="one-vs-all",
+ iter_learn=1,boostweight=rep(0,dim(trainm)[2]))
[1] "dim of trainm is "
[1]   130 22283
[1]   130 22283
[1] "maxnum is "
[1] 3
[1] "# of genes left after filtering:"
[1]   130 22283
[1] "limma"      "lasso"      "rfe"        "elasticnet" "f.test"    
[1] "Method name: limma"
[1]   130 22283
nci_y
 1  2 
33 97 
learningset mode:  CV 
number of learningsets:  10 
(maximum) number of observations per learning set:  117 
[1] "one-vs-all"
GeneSelection: iteration 1 
GeneSelection: iteration 2 
GeneSelection: iteration 3 
GeneSelection: iteration 4 
GeneSelection: iteration 5 
GeneSelection: iteration 6 
GeneSelection: iteration 7 
GeneSelection: iteration 8 
GeneSelection: iteration 9 
GeneSelection: iteration 10 
[1] 13
[1] "varselmethod"
[1] "forward"
[1] 13
[1] "limma:3:81.0311108209955"
[1] "limma:3:81.0311108209955"
[1] "limma:4:78.6980467512263"
[1] "limma:3:81.0311108209955"
[1] "limma:5:85.0316493481238"
[1] "limma:5:85.0316493481238"
[1] "limma:6:92.2743428541122"
[1] "limma:6:92.2743428541122"
[1] "limma:7:97.6079454510097"
[1] "limma:7:97.6079454510097"
[1] "limma:8:92.2748813812405"
[1] "limma:7:97.6079454510097"
[1] "limma:9:88.1160597357137"
[1] "limma:7:97.6079454510097"
[1] "limma:10:88.3663289992779"
[1] "limma:7:97.6079454510097"
[1] "limma:11:90.4499315961754"
[1] "limma:7:97.6079454510097"
[1] "limma:12:90.4502008597395"
[1] "limma:7:97.6079454510097"
[1] "limma:13:90.4504701233037"
[1] "Method: limma"
[1] 7
[1] "Method name: lasso"
[1]   130 22283
nci_y
 1  2 
33 97 
learningset mode:  CV 
number of learningsets:  10 
(maximum) number of observations per learning set:  117 
[1] "one-vs-all"
GeneSelection: iteration 1 
GeneSelection: iteration 2 
GeneSelection: iteration 3 
GeneSelection: iteration 4 
GeneSelection: iteration 5 
GeneSelection: iteration 6 
GeneSelection: iteration 7 
GeneSelection: iteration 8 
GeneSelection: iteration 9 
GeneSelection: iteration 10 
genelist
 1083 15464  2211  2667  8166 18226  1326  3155  4208  4349 11253 11968 
    9     5     3     3     2     2     1     1     1     1     1     1 
[1] 12
[1] "varselmethod"
[1] "forward"
[1] 12
[1] "lasso:3:81.6523229422076"
[1] "lasso:3:81.6523229422076"
[1] "lasso:4:92.2056225088021"
[1] "lasso:4:92.2056225088021"
[1] "lasso:5:81.6074069238814"
[1] "lasso:4:92.2056225088021"
[1] "lasso:6:100.357676187446"
[1] "lasso:6:100.357676187446"
[1] "lasso:7:108.600369693434"
[1] "lasso:7:108.600369693434"
[1] "lasso:8:119.843063199422"
[1] "lasso:8:119.843063199422"
[1] "lasso:9:119.934241553896"
[1] "lasso:8:119.843063199422"
[1] "lasso:10:118.93451081746"
[1] "lasso:8:119.843063199422"
[1] "lasso:11:118.934780081024"
[1] "lasso:8:119.843063199422"
[1] "lasso:12:112.844140253679"
[1] "lasso:8:119.843063199422"
[1] "Method: lasso"
[1] 8
[1] "Method name: rfe"
[1]   130 22283
nci_y
 1  2 
33 97 
learningset mode:  CV 
number of learningsets:  10 
(maximum) number of observations per learning set:  117 
[1] "one-vs-all"
GeneSelection: iteration 1 
GeneSelection: iteration 2 
GeneSelection: iteration 3 
GeneSelection: iteration 4 
GeneSelection: iteration 5 
GeneSelection: iteration 6 
GeneSelection: iteration 7 
GeneSelection: iteration 8 
GeneSelection: iteration 9 
GeneSelection: iteration 10 
[1] 13
[1] "varselmethod"
[1] "forward"
[1] 13
[1] "rfe:3:75.3341411240258"
[1] "rfe:3:75.3341411240258"
[1] "rfe:4:78.9177437209233"
[1] "rfe:4:78.9177437209233"
[1] "rfe:5:74.0013463178207"
[1] "rfe:4:78.9177437209233"
[1] "rfe:6:60.8349489147182"
[1] "rfe:4:78.9177437209233"
[1] "rfe:7:81.0018848449491"
[1] "rfe:7:81.0018848449491"
[1] "rfe:8:76.4263965327556"
[1] "rfe:7:81.0018848449491"
[1] "rfe:9:78.4266657963198"
[1] "rfe:7:81.0018848449491"
[1] "rfe:10:85.1845108174597"
[1] "rfe:10:85.1845108174597"
[1] "rfe:11:82.0938709901148"
[1] "rfe:10:85.1845108174597"
[1] "rfe:12:82.0941402536789"
[1] "rfe:10:85.1845108174597"
[1] "rfe:13:81.2762276990613"
[1] "rfe:10:85.1845108174597"
[1] "Method: rfe"
[1] 10
[1] "Method name: elasticnet"
[1]   130 22283
nci_y
 1  2 
33 97 
learningset mode:  CV 
number of learningsets:  10 
(maximum) number of observations per learning set:  117 
[1] "one-vs-all"
GeneSelection: iteration 1 
GeneSelection: iteration 2 
GeneSelection: iteration 3 
GeneSelection: iteration 4 
GeneSelection: iteration 5 
GeneSelection: iteration 6 
GeneSelection: iteration 7 
GeneSelection: iteration 8 
GeneSelection: iteration 9 
GeneSelection: iteration 10 
[1] 13
[1] "varselmethod"
[1] "forward"
[1] 13
[1] "elasticnet:3:81.6523229422076"
[1] "elasticnet:3:81.6523229422076"
[1] "elasticnet:4:92.2056225088021"
[1] "elasticnet:4:92.2056225088021"
[1] "elasticnet:5:81.6074069238814"
[1] "elasticnet:4:92.2056225088021"
[1] "elasticnet:6:80.4485852783546"
[1] "elasticnet:4:92.2056225088021"
[1] "elasticnet:7:100.267036360101"
[1] "elasticnet:7:100.267036360101"
[1] "elasticnet:8:97.2673056236647"
[1] "elasticnet:7:100.267036360101"
[1] "elasticnet:9:93.9342415538956"
[1] "elasticnet:7:100.267036360101"
[1] "elasticnet:10:95.7602683932173"
[1] "elasticnet:7:100.267036360101"
[1] "elasticnet:11:96.1772043234481"
[1] "elasticnet:7:100.267036360101"
[1] "elasticnet:12:113.851716011255"
[1] "elasticnet:12:113.851716011255"
[1] "elasticnet:13:113.851985274819"
[1] "elasticnet:12:113.851716011255"
[1] "Method: elasticnet"
[1] 12
[1] "Method name: f.test"
[1]   130 22283
nci_y
 1  2 
33 97 
learningset mode:  CV 
number of learningsets:  10 
(maximum) number of observations per learning set:  117 
[1] "one-vs-all"
GeneSelection: iteration 1 
GeneSelection: iteration 2 
GeneSelection: iteration 3 
GeneSelection: iteration 4 
GeneSelection: iteration 5 
GeneSelection: iteration 6 
GeneSelection: iteration 7 
GeneSelection: iteration 8 
GeneSelection: iteration 9 
GeneSelection: iteration 10 
[1] 16
[1] "varselmethod"
[1] "forward"
[1] 16
[1] "f.test:3:83.4477774876622"
[1] "f.test:3:83.4477774876622"
[1] "f.test:4:88.864713417893"
[1] "f.test:4:88.864713417893"
[1] "f.test:5:79.7816493481238"
[1] "f.test:4:88.864713417893"
[1] "f.test:6:89.9334337632031"
[1] "f.test:6:89.9334337632031"
[1] "f.test:7:101.183703026767"
[1] "f.test:7:101.183703026767"
[1] "f.test:8:99.1839722903314"
[1] "f.test:7:101.183703026767"
[1] "f.test:9:98.2751506448047"
[1] "f.test:7:101.183703026767"
[1] "f.test:10:94.9420865750355"
[1] "f.test:7:101.183703026767"
[1] "f.test:11:87.6090225052663"
[1] "f.test:7:101.183703026767"
[1] "f.test:12:86.2759584354971"
[1] "f.test:7:101.183703026767"
[1] "f.test:13:86.2762276990613"
[1] "Method: f.test"
[1] 7
[1] "dim of scoring matrix is "
[1] 22283     5
    Min.  1st Qu.   Median     Mean  3rd Qu.     Max. 
0.000000 0.000000 0.000000 0.001975 0.000000 4.000000 
[1] 26
[1] 22283
[1] "DS index stage 1"
[1] 0.2679631
[1] "bestgenelist"
 [1]  1036  1083  1326  1732  2211  2667  3155  4349  4352  4756  5005  5240
[13]  5278  5917  5927  8080  8166  8388  8667  9052 11968 13543 13990 15464
[25] 18226 18415
     201508_at 201555_at 201798_s_at 202204_s_at 202683_s_at 203139_at
[1,]   10.8379    9.9323     11.6423      9.4116      8.8393    9.7965
[2,]    8.8812    9.5628     10.3129      9.5340      8.4030    8.3696
[3,]   12.8232   10.3905     11.6751      8.9780      8.3998    9.0933
     203628_at 204822_at 204825_at 205229_s_at 205478_at 205713_s_at 205751_at
[1,]   10.7755    7.2891    8.9393      6.8695    7.9799     10.0607    5.3569
[2,]    9.8410    6.4251    7.7652      5.4533    6.0596      5.6228    3.7733
[3,]    9.4169    8.4023    9.9136      6.2767    5.5057      6.8404    2.5009
     206391_at 206401_s_at 208582_s_at 208670_s_at 208893_s_at 209173_at
[1,]    3.4701      9.9796      4.6231      8.6539      4.0949   12.9392
[2,]    3.0224      9.9498      2.7015      9.5953      9.2703   14.1501
[3,]    5.6946      6.0807      3.2545      9.8134      3.9487   14.5585
     209560_s_at 212583_at 214164_x_at 214612_x_at 216092_s_at 218862_at
[1,]      7.8880    6.8476     12.6474      6.0516     10.4159    9.8843
[2,]      5.8444    6.8369     11.7852      5.7915      9.7648   10.0105
[3,]      7.3689    7.3452     12.7464      3.4135      8.3641    9.0597
     219051_x_at
[1,]      8.5236
[2,]      8.9626
[3,]     10.7458
     201508_at 201555_at 201798_s_at 202204_s_at 202683_s_at 203139_at
[1,]   10.2358    9.9499     10.8345      9.4123      8.8732    8.8140
[2,]   10.4887    9.6616     11.4169      9.0879      8.5511    8.7652
[3,]    9.3978    9.4638     10.0144      9.0964      8.5826    9.4426
     203628_at 204822_at 204825_at 205229_s_at 205478_at 205713_s_at 205751_at
[1,]    9.4326    7.3928    7.9851      5.2668    4.8386      5.2933    5.4450
[2,]    9.8046    6.1670    5.2744      7.1769   11.9784      4.3142    6.3482
[3,]    7.9079    6.6156    5.9481      6.9284   12.5884      4.5240    6.0619
     206391_at 206401_s_at 208582_s_at 208670_s_at 208893_s_at 209173_at
[1,]    3.5486     10.6463      3.5125      8.8319      7.6049   13.2041
[2,]    8.0025      8.2532      2.8295      9.8519      8.9154   11.3631
[3,]    7.6557      7.4477      3.4439      9.3521      9.1121   11.1800
     209560_s_at 212583_at 214164_x_at 214612_x_at 216092_s_at 218862_at
[1,]      7.6698    7.5912     12.7392      6.2012     10.6963   10.4625
[2,]     11.5012    7.5112     10.9092      7.0485      9.3780    9.8143
[3,]      7.7658    4.6920     10.6696      5.5564      9.3840    9.3484
     219051_x_at
[1,]      9.5138
[2,]      5.3641
[3,]      7.1097
[1] "numgenes selected:26"
[1] "test acc:0.74"
[1] "test AUC acc:0.627450980392157"
[1] "10 fold train90.7692307692308"
[1] "confusion matrix train 10 fold"
          nci_y
pred10fold  1  2
         1 33  0
         2  0 97
[1] "confusion matrix test"
         test_y
pred_test  1  2
        1  7 18
        2  8 67
[1] "train acc:1"
[1] "confusion matrix train"
          nci_y
pred_train  1  2
         1 33  0
         2  0 97
[1] "DS index stage 1"
[1] 0.2679631
[1] "KI index stage 1"
[1] 0.7666352
There were 50 or more warnings (use warnings() to see the first 50)
> 
> cma_feat_list<-colnames(trainm)
> 
> save(CMAres,file="CMAres.Rda")
> write.table(cma_feat_list,file="selected_cma_feat_list.txt",sep="t",row.names=FALSE)
> 
> # modtraindata=modtrain, modtestdata=modtest, blindtest=testacc, modtrainclass=nci_y, modtestclass=test_y
> #if(FALSE)
> {
+ trainm<-CMAres$modtraindata
+ testm<-CMAres$modtestdata
+ trainclass<-CMAres$modtrainclass
+ testclass<-CMAres$modtestclass
+ learningsets<-CMAres$learningsets
+ }
> 
> if(FALSE)
+ {
+ trainclass<-trainm[,1] #CMAres$modtrainclass
+ testclass<-testm[,1] #CMAres$modtestclass
+ trainm<-trainm[,-c(1)] #CMAres$modtrainmata
+ testm<-testm[,-c(1)] #CMAres$modtestmata
+ 
+ }
> 
> d_dim<-dim(trainm)
> 
> print("Original dimension")
[1] "Original dimension"
> print(d_dim)
[1] 130  26
> 
> system.time(psores<-run_pso(outloc=outloc,trainm,trainclass,testm,testclass,transition_matrix,c1=2.05,
+ c2=2.05,
+ itr=10,
+ globalpso_maxitr=10,
+ global_max_itr=5,
+ num_part=20,
+ kname="radial",
+ errortype="BER",
+ weightA<-as.numeric(args[1]),
+ weightB<-as.numeric(args[2]),
+ weightC<-as.numeric(args[3]),
+ weightD<-as.numeric(args[4]),
+ featweight.max=0.01,
+ featweight.min=0.01,
+ numfolds=10,
+ followerprob=as.numeric(args[6]),
+ confusionprob=as.numeric(args[7]),
+ leaderprob=as.numeric(args[8]),
+ wmax=1,
+ wmin=1,
+ behavior_reset_itr=5,
+ maxitrreset=10,
+ num_neighbors=3,
+ minselect.pct=0.5,
+ evalMode="CV2",
+ minfitnessthresh=50,
+ maxnum=as.numeric(args[10]),minnum=3,inertia_method=args[5],particlebehav_method="randbased",constriction_factor=1,
+ select.global.best=TRUE,numnodes=4,evalFunc=eval_fit_kfold_diff,itr.terminate=FALSE,train.pct=0.8))
[1] "c1: 2.05"
[1] "c2: 2.05"
[1] "itr: 10"
[1] "globalpso_maxitr: 10"
[1] "global_max_itr: 5"
[1] "num_part: 20"
[1] "kname: radial"
[1] "errortype: BER"
[1] "weightA: 0.7"
[1] "weightB: 0.2"
[1] "weightC: 0.05"
[1] "weightD: 0.05"
[1] "featweight.max: 0.01"
[1] "featweight.min: 0.01"
[1] "numfolds: 10"
[1] "followerprob: 0.45"
[1] "confusionprob: 0.2"
[1] "leaderprob: 0.25"
[1] "wmax: 1"
[1] "wmin: 1"
[1] "behavior_reset_itr: 5"
[1] "maxitrreset: 10"
[1] "num_neighbors: 3"
[1] "minselect.pct: 0.5"
[1] "minfitnessthresh: 50"
[1] "maxnum: 3"
[1] "minnum: 3"
[1] "inertia_method: global"
[1] "particlebehav_method: randbased"
[1] "constriction_factor: 1"
[1] "select.global.best: TRUE"
[1] "train 10 fold"
[1] 90.76923
[1] "here"
[1] "s"
[1] 104
[1] 130  26
[1] 10
[1] "learning sets: 1"
  [1] 110 106  24 109  32  30  33 120 103  74  41  93  54   8  91  14  31  22
 [19]  15  29  89  66  78  43  17  46  67  49 125  58 112  36 130  92 101 123
 [37] 115  65  52  25  40  85  42 126  63 116  48 118  69   1  20   2  50  96
 [55]  73  60  68  87 102  59  82  75 114 113  16   5  34  13 111  39  28  86
 [73]  44  95  51 105  10 121  21 100  72  11  47  38  53 108  61   4 104  18
 [91]  55  64  70 124  79 122   7  77  84 127  81 107   6  71
[1] "Starting global iteration number : 1"
[1] "iteration number: "
[1] 1
[1] "Best fitness updated to:"
[1] -41.79137
[1] "Best solution:"
 [1] NA NA NA NA NA NA NA NA NA NA NA NA NA NA NA NA NA NA NA NA NA NA NA NA NA
[26] NA
[1] 0
[1] "iteration number: "
[1] 2
[1] "Best fitness updated to:"
[1] -44.07525
[1] "Best solution:"
 [1] 0 1 1 0 1 1 1 0 0 1 1 1 1 0 0 1 1 1 0 0 1 1 0 0 0 0
[1] 14
[1] "iteration number: "
[1] 3
[1] "iteration number: "
[1] 4
[1] "iteration number: "
[1] 5
[1] "iteration number: "
[1] 6
[1] "iteration number: "
[1] 7
[1] "Best fitness updated to:"
[1] -44.63526
[1] "Best solution:"
 [1] 0 1 1 0 1 1 0 0 0 0 1 1 1 0 0 1 0 0 0 0 1 0 0 0 0 0
[1] 9
[1] "iteration number: "
[1] 8
[1] "iteration number: "
[1] 9
[1] "iteration number: "
[1] 10
[1] "iteration number: "
[1] 11
[1] "iteration number: "
[1] 12
[1] "Best fitness updated to:"
[1] -45.33019
[1] "Best solution:"
 [1] 1 1 1 1 1 1 1 0 1 1 1 1 1 1 1 1 1 1 0 1 1 1 0 0 0 0
[1] 20
[1] "iteration number: "
[1] 13
[1] "Best fitness updated to:"
[1] -47.47648
[1] "Best solution:"
 [1] 0 1 1 1 1 1 0 0 1 1 1 1 1 0 1 1 1 1 0 0 1 1 1 0 1 1
[1] 19
[1] "iteration number: "
[1] 14
[1] "iteration number: "
[1] 15
[1] "Best fitness updated to:"
[1] -48.91965
[1] "Best solution:"
 [1] 0 1 1 1 1 1 0 0 1 1 1 1 1 0 1 1 1 1 0 0 1 1 1 1 1 1
[1] 20
[1] "iteration number: "
[1] 16
[1] "iteration number: "
[1] 17
[1] "iteration number: "
[1] 18
[1] "iteration number: "
[1] 19
[1] "iteration number: "
[1] 20
[1] "iteration number: "
[1] 21
[1] "iteration number: "
[1] 22
[1] "iteration number: "
[1] 23
[1] "iteration number: "
[1] 24
[1] "iteration number: "
[1] 25
[1] "iteration number: "
[1] 26
[1] "RE-INITIALIZING..."
[1] 1
[1] 5
[1] 26
 [1] 3 3 2 4 3 3 2 4 2 3 2 3 2 3 4 1 3 1 2 2
[1] "iteration number: "
[1] 27
[1] "iteration number: "
[1] 28
[1] "Best fitness updated to:"
[1] -50.32989
[1] "Best solution:"
 [1] 0 1 1 1 1 1 0 1 1 1 1 1 1 1 1 1 1 1 0 1 0 1 1 1 1 1
[1] 22
[1] "iteration number: "
[1] 29
[1] "iteration number: "
[1] 30
[1] "Best fitness updated to:"
[1] -50.60434
[1] "Best solution:"
 [1] 0 1 1 1 1 1 0 0 1 1 1 1 1 0 0 1 1 1 1 1 1 0 1 0 1 1
[1] 19
[1] "iteration number: "
[1] 31
[1] "iteration number: "
[1] 32
[1] "iteration number: "
[1] 33
[1] "iteration number: "
[1] 34
[1] "iteration number: "
[1] 35
[1] "iteration number: "
[1] 36
[1] "iteration number: "
[1] 37
[1] "iteration number: "
[1] 38
[1] "iteration number: "
[1] 39
[1] "iteration number: "
[1] 40
[1] "Best fitness updated to:"
[1] -50.65092
[1] "Best solution:"
 [1] 1 1 1 1 1 1 0 0 1 1 1 1 1 1 0 1 1 1 0 1 1 0 1 0 1 0
[1] 19
[1] "iteration number: "
[1] 41
[1] "iteration number: "
[1] 42
[1] "iteration number: "
[1] 43
[1] "iteration number: "
[1] 44
[1] "iteration number: "
[1] 45
[1] "iteration number: "
[1] 46
[1] "iteration number: "
[1] 47
[1] "iteration number: "
[1] 48
[1] "iteration number: "
[1] 49
[1] "iteration number: "
[1] 50
[1] "iteration number: "
[1] 51
[1] "RE-INITIALIZING..."
[1] 1
[1] 5
[1] 26
 [1] 3 3 2 4 3 3 2 4 2 3 2 3 2 3 4 1 3 1 2 2
[1] "iteration number: "
[1] 52
[1] "Best fitness updated to:"
[1] -50.97912
[1] "Best solution:"
 [1] 0 1 1 1 1 1 0 0 1 1 1 1 1 0 0 1 1 1 0 1 1 0 1 0 1 0
[1] 17
[1] "iteration number: "
[1] 53
[1] "iteration number: "
[1] 54
[1] "iteration number: "
[1] 55
[1] "iteration number: "
[1] 56
[1] "iteration number: "
[1] 57
[1] "iteration number: "
[1] 58
[1] "iteration number: "
[1] 59
[1] "Best fitness updated to:"
[1] -52.68482
[1] "Best solution:"
 [1] 0 1 1 1 1 1 0 0 1 1 1 1 1 0 0 1 1 1 0 1 1 0 1 0 1 0
[1] 17
[1] "iteration number: "
[1] 60
[1] "Best fitness updated to:"
[1] -52.85816
[1] "Best solution:"
 [1] 0 1 1 1 1 1 0 0 1 1 1 1 1 0 0 1 1 1 1 1 1 0 1 0 1 0
[1] 18
[1] "iteration number: "
[1] 61
[1] "iteration number: "
[1] 62
[1] "iteration number: "
[1] 63
[1] "iteration number: "
[1] 64
[1] "iteration number: "
[1] 65
[1] "iteration number: "
[1] 66
[1] "iteration number: "
[1] 67
[1] "iteration number: "
[1] 68
[1] "iteration number: "
[1] 69
[1] "iteration number: "
[1] 70
[1] "iteration number: "
[1] 71
[1] "RE-INITIALIZING..."
[1] 1
[1] 5
[1] 26
 [1] 3 3 2 4 3 3 2 4 2 3 2 3 2 3 4 1 3 1 2 2
[1] "iteration number: "
[1] 72
[1] "iteration number: "
[1] 73
[1] "iteration number: "
[1] 74
[1] "iteration number: "
[1] 75
[1] "iteration number: "
[1] 76
[1] "iteration number: "
[1] 77
[1] "iteration number: "
[1] 78
[1] "iteration number: "
[1] 79
[1] "iteration number: "
[1] 80
[1] "iteration number: "
[1] 81
[1] "iteration number: "
[1] 82
[1] "RE-INITIALIZING..."
[1] 2
[1] 5
[1] 26
 [1] 3 3 2 4 3 3 2 4 2 3 2 3 2 3 4 1 3 1 2 2
[1] "iteration number: "
[1] 83
[1] "iteration number: "
[1] 84
[1] "iteration number: "
[1] 85
[1] "iteration number: "
[1] 86
[1] "iteration number: "
[1] 87
[1] "iteration number: "
[1] 88
[1] "iteration number: "
[1] 89
[1] "iteration number: "
[1] 90
[1] "iteration number: "
[1] 91
[1] "iteration number: "
[1] 92
[1] "iteration number: "
[1] 93
[1] "RE-INITIALIZING..."
[1] 3
[1] 5
[1] 26
 [1] 3 3 2 4 3 3 2 4 2 3 2 3 2 3 4 1 3 1 2 2
[1] "iteration number: "
[1] 94
[1] "iteration number: "
[1] 95
[1] "iteration number: "
[1] 96
[1] "iteration number: "
[1] 97
[1] "iteration number: "
[1] 98
[1] "iteration number: "
[1] 99
[1] "iteration number: "
[1] 100
[1] "iteration number: "
[1] 101
[1] "iteration number: "
[1] 102
[1] "iteration number: "
[1] 103
[1] "iteration number: "
[1] 104
[1] "RE-INITIALIZING..."
[1] 4
[1] 5
[1] 26
 [1] 3 3 2 4 3 3 2 4 2 3 2 3 2 3 4 1 3 1 2 2
[1] "iteration number: "
[1] 105
[1] "iteration number: "
[1] 106
[1] "iteration number: "
[1] 107
[1] "iteration number: "
[1] 108
[1] "iteration number: "
[1] 109
[1] "iteration number: "
[1] 110
[1] "iteration number: "
[1] 111
[1] "iteration number: "
[1] 112
[1] "iteration number: "
[1] 113
[1] "iteration number: "
[1] 114
[1] "iteration number: "
[1] 115
[1] "RE-INITIALIZING..."
[1] 5
[1] 5
[1] 26
 [1] 3 3 2 4 3 3 2 4 2 3 2 3 2 3 4 1 3 1 2 2
[1] "iteration number: "
[1] 116
[1] "iteration number: "
[1] 117
[1] "iteration number: "
[1] 118
[1] "iteration number: "
[1] 119
[1] "iteration number: "
[1] 120
[1] "iteration number: "
[1] 121
[1] "iteration number: "
[1] 122
[1] "iteration number: "
[1] 123
[1] "iteration number: "
[1] 124
[1] "iteration number: "
[1] 125
[1] "iteration number: "
[1] 126
[1] "RE-INITIALIZING..."
[1] 6
[1] 5
[1] 26
[1] "No change for 6 iterations. Exiting PSO."
 [1]  2  3  4  5  6  9 10 11 12 13 16 17 18 20 21 23 24 25
[1] 1
[1] "##################################"
[1] "Results summary for itr:1"
[1] "number of features selected using population mean"
[1] 18
[1] "number of features selected using current global best"
[1] 18
[1] "feat ind length"
[1] 18
[1] "best accuracy"
[1] 52.85816
[1] "test acc:0.923076923076923"
[1] "##################################"
[1] "learning sets: 2"
  [1] 120  41  14  56  22  74  66  93  54  31  91   8  43  90  46  15  24 110
 [19]  33 106   9  99  12  78  98  32  51   5  37  62  58  34 129 104  23  48
 [37]  75  39   2  18  52  27 119 117  82  36  77 116  79   3 111  38  95  70
 [55]  20  13 112  87  49  21  28  57 114  40 101 122 100  84  86  10 123  67
 [73]   6 113  44  61  68  85 118  97   7  71  45  16  47  19   4  76  53 128
 [91]  88  11  35  59  25 130  60  96  65  42  64  94 124  69
[1] "Starting global iteration number : 2"
[1] "iteration number: "
[1] 1
[1] "Best fitness updated to:"
[1] -37.38617
[1] "Best solution:"
 [1] NA NA NA NA NA NA NA NA NA NA NA NA NA NA NA NA NA NA NA NA NA NA NA NA NA
[26] NA
[1] 0
[1] "iteration number: "
[1] 2
[1] "Best fitness updated to:"
[1] -40.90403
[1] "Best solution:"
 [1] 0 1 1 0 1 1 1 0 0 1 1 1 1 0 0 1 1 1 0 0 1 1 0 0 0 0
[1] 14
[1] "iteration number: "
[1] 3
[1] "Best fitness updated to:"
[1] -41.89602
[1] "Best solution:"
 [1] 0 0 1 0 1 0 0 0 1 1 0 0 0 1 0 0 1 1 1 0 1 1 1 0 1 1
[1] 13
[1] "iteration number: "
[1] 4
[1] "iteration number: "
[1] 5
[1] "Best fitness updated to:"
[1] -42.71124
[1] "Best solution:"
 [1] 0 1 1 1 1 1 1 0 1 1 1 1 1 0 1 1 1 0 0 1 1 1 0 0 1 1
[1] 19
[1] "iteration number: "
[1] 6
[1] "iteration number: "
[1] 7
[1] "iteration number: "
[1] 8
[1] "Best fitness updated to:"
[1] -43.43803
[1] "Best solution:"
 [1] 0 1 1 1 1 1 1 1 1 1 1 1 1 0 1 1 1 1 0 0 1 1 0 0 1 1
[1] 20
[1] "iteration number: "
[1] 9
[1] "Best fitness updated to:"
[1] -46.24043
[1] "Best solution:"
 [1] 1 1 1 1 1 1 1 0 1 1 1 1 1 0 1 1 1 0 0 0 1 1 0 1 1 0
[1] 19
[1] "iteration number: "
[1] 10
[1] "iteration number: "
[1] 11
[1] "Best fitness updated to:"
[1] -46.55397
[1] "Best solution:"
 [1] 0 0 1 0 1 0 1 0 1 0 1 1 1 1 1 1 1 0 0 1 1 1 0 1 1 0
[1] 16
[1] "iteration number: "
[1] 12
[1] "iteration number: "
[1] 13
[1] "iteration number: "
[1] 14
[1] "Best fitness updated to:"
[1] -47.68187
[1] "Best solution:"
 [1] 0 1 1 1 1 1 0 0 1 1 1 1 1 0 0 1 1 1 0 0 1 0 0 0 1 1
[1] 16
[1] "iteration number: "
[1] 15
[1] "iteration number: "
[1] 16
[1] "iteration number: "
[1] 17
[1] "iteration number: "
[1] 18
[1] "iteration number: "
[1] 19
[1] "iteration number: "
[1] 20
[1] "iteration number: "
[1] 21
[1] "iteration number: "
[1] 22
[1] "iteration number: "
[1] 23
[1] "iteration number: "
[1] 24
[1] "iteration number: "
[1] 25
[1] "RE-INITIALIZING..."
[1] 1
[1] 5
[1] 26
 [1] 3 3 2 4 3 3 2 4 2 3 2 3 2 3 4 1 3 1 2 2
[1] "iteration number: "
[1] 26
[1] "iteration number: "
[1] 27
[1] "iteration number: "
[1] 28
[1] "iteration number: "
[1] 29
[1] "iteration number: "
[1] 30
[1] "iteration number: "
[1] 31
[1] "iteration number: "
[1] 32
[1] "iteration number: "
[1] 33
[1] "iteration number: "
[1] 34
[1] "iteration number: "
[1] 35
[1] "iteration number: "
[1] 36
[1] "RE-INITIALIZING..."
[1] 2
[1] 5
[1] 26
 [1] 3 3 2 4 3 3 2 4 2 3 2 3 2 3 4 1 3 1 2 2
[1] "iteration number: "
[1] 37
[1] "Best fitness updated to:"
[1] -47.68879
[1] "Best solution:"
 [1] 0 1 1 1 1 1 0 0 1 1 1 1 1 0 0 1 1 1 0 0 1 0 0 0 1 1
[1] 16
[1] "iteration number: "
[1] 38
[1] "iteration number: "
[1] 39
[1] "iteration number: "
[1] 40
[1] "iteration number: "
[1] 41
[1] "iteration number: "
[1] 42
[1] "iteration number: "
[1] 43
[1] "iteration number: "
[1] 44
[1] "iteration number: "
[1] 45
[1] "iteration number: "
[1] 46
[1] "iteration number: "
[1] 47
[1] "iteration number: "
[1] 48
[1] "RE-INITIALIZING..."
[1] 1
[1] 5
[1] 26
 [1] 3 3 2 4 3 3 2 4 2 3 2 3 2 3 4 1 3 1 2 2
[1] "iteration number: "
[1] 49
[1] "iteration number: "
[1] 50
[1] "iteration number: "
[1] 51
[1] "iteration number: "
[1] 52
[1] "iteration number: "
[1] 53
[1] "iteration number: "
[1] 54
[1] "iteration number: "
[1] 55
[1] "iteration number: "
[1] 56
[1] "iteration number: "
[1] 57
[1] "iteration number: "
[1] 58
[1] "iteration number: "
[1] 59
[1] "RE-INITIALIZING..."
[1] 2
[1] 5
[1] 26
 [1] 3 3 2 4 3 3 2 4 2 3 2 3 2 3 4 1 3 1 2 2
[1] "iteration number: "
[1] 60
[1] "iteration number: "
[1] 61
[1] "iteration number: "
[1] 62
[1] "iteration number: "
[1] 63
[1] "iteration number: "
[1] 64
[1] "iteration number: "
[1] 65
[1] "iteration number: "
[1] 66
[1] "iteration number: "
[1] 67
[1] "iteration number: "
[1] 68
[1] "iteration number: "
[1] 69
[1] "iteration number: "
[1] 70
[1] "RE-INITIALIZING..."
[1] 3
[1] 5
[1] 26
 [1] 3 3 2 4 3 3 2 4 2 3 2 3 2 3 4 1 3 1 2 2
[1] "iteration number: "
[1] 71
[1] "iteration number: "
[1] 72
[1] "iteration number: "
[1] 73
[1] "iteration number: "
[1] 74
[1] "iteration number: "
[1] 75
[1] "iteration number: "
[1] 76
[1] "iteration number: "
[1] 77
[1] "iteration number: "
[1] 78
[1] "iteration number: "
[1] 79
[1] "iteration number: "
[1] 80
[1] "iteration number: "
[1] 81
[1] "RE-INITIALIZING..."
[1] 4
[1] 5
[1] 26
 [1] 3 3 2 4 3 3 2 4 2 3 2 3 2 3 4 1 3 1 2 2
[1] "iteration number: "
[1] 82
[1] "iteration number: "
[1] 83
[1] "iteration number: "
[1] 84
[1] "iteration number: "
[1] 85
[1] "iteration number: "
[1] 86
[1] "iteration number: "
[1] 87
[1] "iteration number: "
[1] 88
[1] "iteration number: "
[1] 89
[1] "iteration number: "
[1] 90
[1] "iteration number: "
[1] 91
[1] "iteration number: "
[1] 92
[1] "RE-INITIALIZING..."
[1] 5
[1] 5
[1] 26
 [1] 3 3 2 4 3 3 2 4 2 3 2 3 2 3 4 1 3 1 2 2
[1] "iteration number: "
[1] 93
[1] "iteration number: "
[1] 94
[1] "iteration number: "
[1] 95
[1] "iteration number: "
[1] 96
[1] "iteration number: "
[1] 97
[1] "iteration number: "
[1] 98
[1] "iteration number: "
[1] 99
[1] "iteration number: "
[1] 100
[1] "iteration number: "
[1] 101
[1] "iteration number: "
[1] 102
[1] "iteration number: "
[1] 103
[1] "RE-INITIALIZING..."
[1] 6
[1] 5
[1] 26
[1] "No change for 6 iterations. Exiting PSO."
 [1]  2  3  4  5  6  9 10 11 12 13 16 18 19 21 25 26
[1] 2
[1] "##################################"
[1] "Results summary for itr:2"
[1] "number of features selected using population mean"
[1] 16
[1] "number of features selected using current global best"
[1] 16
[1] "feat ind length"
[1] 16
[1] "best accuracy"
[1] 47.68879
[1] "test acc:0.961538461538462"
[1] "##################################"
[1] "learning sets: 3"
  [1]   8  14  78 109 110  24  29  56   9  91  46  12  89  90  54  66  99  74
 [19]  98  17 120  32  31  93 103  30  40  45  88 102  36   6   7 105 129 111
 [37] 112 119  58  73 108  50  81  76 127  82  92 101  35 117  57 113  69  13
 [55]  20 125  10  96  47  18 130   1 115  68  75  71  87  60  72  86  42 104
 [73]  63   4  64  95  26  94  77  85  23  70  21  37  49 128   3 126  65  61
 [91] 118  39 121  38 124 107  80 114 122  79  19  28  34  11
[1] "Starting global iteration number : 3"
[1] "iteration number: "
[1] 1
[1] "Best fitness updated to:"
[1] -41.28026
[1] "Best solution:"
 [1] NA NA NA NA NA NA NA NA NA NA NA NA NA NA NA NA NA NA NA NA NA NA NA NA NA
[26] NA
[1] 0
[1] "iteration number: "
[1] 2
[1] "Best fitness updated to:"
[1] -44.75556
[1] "Best solution:"
 [1] 0 1 1 0 1 1 1 0 0 1 1 1 1 0 0 1 1 1 0 0 1 1 0 0 0 0
[1] 14
[1] "iteration number: "
[1] 3
[1] "iteration number: "
[1] 4
[1] "iteration number: "
[1] 5
[1] "Best fitness updated to:"
[1] -44.80245
[1] "Best solution:"
 [1] 0 1 1 0 1 1 1 0 0 1 1 1 0 0 0 1 1 1 0 0 1 1 0 0 0 1
[1] 14
[1] "iteration number: "
[1] 6
[1] "iteration number: "
[1] 7
[1] "iteration number: "
[1] 8
[1] "iteration number: "
[1] 9
[1] "Best fitness updated to:"
[1] -45.67891
[1] "Best solution:"
 [1] 1 1 1 1 1 0 0 1 1 1 1 1 1 1 1 1 0 1 1 1 0 1 1 1 1 1
[1] 22
[1] "iteration number: "
[1] 10
[1] "iteration number: "
[1] 11
[1] "iteration number: "
[1] 12
[1] "iteration number: "
[1] 13
[1] "iteration number: "
[1] 14
[1] "iteration number: "
[1] 15
[1] "iteration number: "
[1] 16
[1] "iteration number: "
[1] 17
[1] "iteration number: "
[1] 18
[1] "iteration number: "
[1] 19
[1] "iteration number: "
[1] 20
[1] "RE-INITIALIZING..."
[1] 1
[1] 5
[1] 26
 [1] 3 3 2 4 3 3 2 4 2 3 2 3 2 3 4 1 3 1 2 2
[1] "iteration number: "
[1] 21
[1] "iteration number: "
[1] 22
[1] "Best fitness updated to:"
[1] -47.61034
[1] "Best solution:"
 [1] 1 1 0 0 0 0 0 0 1 0 0 1 0 1 0 0 0 0 0 0 0 1 1 0 0 0
[1] 7
[1] "iteration number: "
[1] 23
[1] "iteration number: "
[1] 24
[1] "iteration number: "
[1] 25
[1] "iteration number: "
[1] 26
[1] "iteration number: "
[1] 27
[1] "iteration number: "
[1] 28
[1] "iteration number: "
[1] 29
[1] "iteration number: "
[1] 30
[1] "iteration number: "
[1] 31
[1] "iteration number: "
[1] 32
[1] "iteration number: "
[1] 33
[1] "Best fitness updated to:"
[1] -47.65057
[1] "Best solution:"
 [1] 0 1 1 1 1 0 0 0 1 0 1 1 0 1 1 1 0 1 1 1 0 1 1 1 1 1
[1] 18
[1] "iteration number: "
[1] 34
[1] "iteration number: "
[1] 35
[1] "iteration number: "
[1] 36
[1] "Best fitness updated to:"
[1] -47.73359
[1] "Best solution:"
 [1] 0 1 1 1 1 0 0 0 1 0 1 1 0 1 1 1 0 1 1 1 0 1 1 1 1 1
[1] 18
[1] "iteration number: "
[1] 37
[1] "iteration number: "
[1] 38
[1] "iteration number: "
[1] 39
[1] "Best fitness updated to:"
[1] -48.50658
[1] "Best solution:"
 [1] 1 1 1 1 1 0 0 0 1 0 1 1 0 1 1 1 0 1 0 1 0 1 1 1 1 1
[1] 18
[1] "iteration number: "
[1] 40
[1] "iteration number: "
[1] 41
[1] "iteration number: "
[1] 42
[1] "iteration number: "
[1] 43
[1] "iteration number: "
[1] 44
[1] "iteration number: "
[1] 45
[1] "iteration number: "
[1] 46
[1] "iteration number: "
[1] 47
[1] "iteration number: "
[1] 48
[1] "iteration number: "
[1] 49
[1] "iteration number: "
[1] 50
[1] "RE-INITIALIZING..."
[1] 1
[1] 5
[1] 25
 [1] 3 3 2 4 3 3 2 4 2 3 2 3 2 3 4 1 3 1 2 2
[1] "iteration number: "
[1] 51
[1] "iteration number: "
[1] 52
[1] "iteration number: "
[1] 53
[1] "iteration number: "
[1] 54
[1] "iteration number: "
[1] 55
[1] "iteration number: "
[1] 56
[1] "iteration number: "
[1] 57
[1] "iteration number: "
[1] 58
[1] "iteration number: "
[1] 59
[1] "iteration number: "
[1] 60
[1] "iteration number: "
[1] 61
[1] "RE-INITIALIZING..."
[1] 2
[1] 5
[1] 25
 [1] 3 3 2 4 3 3 2 4 2 3 2 3 2 3 4 1 3 1 2 2
[1] "iteration number: "
[1] 62
[1] "iteration number: "
[1] 63
[1] "iteration number: "
[1] 64
[1] "iteration number: "
[1] 65
[1] "iteration number: "
[1] 66
[1] "iteration number: "
[1] 67
[1] "iteration number: "
[1] 68
[1] "iteration number: "
[1] 69
[1] "iteration number: "
[1] 70
[1] "iteration number: "
[1] 71
[1] "iteration number: "
[1] 72
[1] "RE-INITIALIZING..."
[1] 3
[1] 5
[1] 25
 [1] 3 3 2 4 3 3 2 4 2 3 2 3 2 3 4 1 3 1 2 2
[1] "iteration number: "
[1] 73
[1] "iteration number: "
[1] 74
[1] "iteration number: "
[1] 75
[1] "iteration number: "
[1] 76
[1] "iteration number: "
[1] 77
[1] "iteration number: "
[1] 78
[1] "iteration number: "
[1] 79
[1] "iteration number: "
[1] 80
[1] "iteration number: "
[1] 81
[1] "iteration number: "
[1] 82
[1] "iteration number: "
[1] 83
[1] "RE-INITIALIZING..."
[1] 4
[1] 5
[1] 25
 [1] 3 3 2 4 3 3 2 4 2 3 2 3 2 3 4 1 3 1 2 2
[1] "iteration number: "
[1] 84
[1] "iteration number: "
[1] 85
[1] "iteration number: "
[1] 86
[1] "iteration number: "
[1] 87
[1] "iteration number: "
[1] 88
[1] "iteration number: "
[1] 89
[1] "iteration number: "
[1] 90
[1] "iteration number: "
[1] 91
[1] "iteration number: "
[1] 92
[1] "iteration number: "
[1] 93
[1] "iteration number: "
[1] 94
[1] "RE-INITIALIZING..."
[1] 5
[1] 5
[1] 25
 [1] 3 3 2 4 3 3 2 4 2 3 2 3 2 3 4 1 3 1 2 2
[1] "iteration number: "
[1] 95
[1] "iteration number: "
[1] 96
[1] "iteration number: "
[1] 97
[1] "iteration number: "
[1] 98
[1] "iteration number: "
[1] 99
[1] "iteration number: "
[1] 100
[1] "iteration number: "
[1] 101
[1] "iteration number: "
[1] 102
[1] "iteration number: "
[1] 103
[1] "iteration number: "
[1] 104
[1] "iteration number: "
[1] 105
[1] "RE-INITIALIZING..."
[1] 6
[1] 5
[1] 25
[1] "No change for 6 iterations. Exiting PSO."
 [1]  2  3  4  5  9 11 12 14 15 16 18 20 23 24 25 26
[1] 3
[1] "##################################"
[1] "Results summary for itr:3"
[1] "number of features selected using population mean"
[1] 16
[1] "number of features selected using current global best"
[1] 16
[1] "feat ind length"
[1] 16
[1] "best accuracy"
[1] 48.50658
[1] "test acc:0.961538461538462"
[1] "##################################"
[1] "learning sets: 4"
  [1]  54  22   9  14  46  99 120  29  43  74  66  91  41 106  32  56  83  93
 [19]  78  33  12  17 109   8  31  24  42  81  20  36 113   6  73 130  94  18
 [37]  26  75   7  28  71  72 121 107 129  59  27 127  92 112  39  67  97  79
 [55] 101  50 115 102  38  10  37  64  47  96 124  86  11  61  52  95 104  35
 [73]  23   4  70   3   1 118  16  49  88 119  58  68  45 100 117  77 116  63
 [91]  69  87  34 128 108 114 122   2  48  21  85  53  80  60
[1] "Starting global iteration number : 4"
[1] "iteration number: "
[1] 1
[1] "Best fitness updated to:"
[1] -36.80451
[1] "Best solution:"
 [1] NA NA NA NA NA NA NA NA NA NA NA NA NA NA NA NA NA NA NA NA NA NA NA NA NA
[26] NA
[1] 0
[1] "iteration number: "
[1] 2
[1] "Best fitness updated to:"
[1] -39.0754
[1] "Best solution:"
 [1] 0 1 1 0 1 1 1 0 0 1 1 1 1 0 0 1 1 1 0 0 1 1 0 0 0 0
[1] 14
[1] "iteration number: "
[1] 3
[1] "Best fitness updated to:"
[1] -39.58967
[1] "Best solution:"
 [1] 0 0 1 0 1 0 0 0 1 1 0 0 0 1 0 0 1 1 1 0 1 1 1 0 1 1
[1] 13
[1] "iteration number: "
[1] 4
[1] "Best fitness updated to:"
[1] -39.87558
[1] "Best solution:"
 [1] 0 1 1 1 1 1 1 0 1 1 1 1 0 0 0 1 1 1 1 0 1 1 1 0 0 1
[1] 18
[1] "iteration number: "
[1] 5
[1] "Best fitness updated to:"
[1] -41.02031
[1] "Best solution:"
 [1] 1 1 1 1 1 1 1 0 1 1 1 1 0 0 1 1 1 0 1 1 1 1 1 1 0 1
[1] 21
[1] "iteration number: "
[1] 6
[1] "iteration number: "
[1] 7
[1] "Best fitness updated to:"
[1] -43.13037
[1] "Best solution:"
 [1] 1 1 1 1 1 1 1 0 1 1 1 1 0 0 1 1 1 1 1 0 1 1 1 0 0 1
[1] 20
[1] "iteration number: "
[1] 8
[1] "iteration number: "
[1] 9
[1] "Best fitness updated to:"
[1] -44.08675
[1] "Best solution:"
 [1] 0 1 1 1 1 1 0 1 1 1 1 0 1 1 1 1 0 1 1 1 1 1 1 0 1 1
[1] 21
[1] "iteration number: "
[1] 10
[1] "iteration number: "
[1] 11
[1] "iteration number: "
[1] 12
[1] "Best fitness updated to:"
[1] -44.68311
[1] "Best solution:"
 [1] 1 1 1 1 1 1 0 1 1 1 0 0 1 1 0 0 0 1 0 1 1 1 1 1 0 0
[1] 17
[1] "iteration number: "
[1] 13
[1] "iteration number: "
[1] 14
[1] "iteration number: "
[1] 15
[1] "iteration number: "
[1] 16
[1] "iteration number: "
[1] 17
[1] "iteration number: "
[1] 18
[1] "Best fitness updated to:"
[1] -44.86796
[1] "Best solution:"
 [1] 0 1 1 0 1 1 0 0 1 1 1 1 1 0 1 1 1 1 1 1 1 1 1 0 0 1
[1] 19
[1] "iteration number: "
[1] 19
[1] "iteration number: "
[1] 20
[1] "Best fitness updated to:"
[1] -44.90432
[1] "Best solution:"
 [1] 0 1 1 1 1 1 0 1 1 1 1 1 1 0 1 1 0 1 1 1 1 1 1 0 0 1
[1] 20
[1] "iteration number: "
[1] 21
[1] "iteration number: "
[1] 22
[1] "iteration number: "
[1] 23
[1] "iteration number: "
[1] 24
[1] "Best fitness updated to:"
[1] -46.30348
[1] "Best solution:"
 [1] 0 1 1 1 1 1 0 1 1 1 1 1 1 0 1 1 1 1 1 1 1 1 1 1 0 1
[1] 22
[1] "iteration number: "
[1] 25
[1] "iteration number: "
[1] 26
[1] "iteration number: "
[1] 27
[1] "iteration number: "
[1] 28
[1] "iteration number: "
[1] 29
[1] "iteration number: "
[1] 30
[1] "iteration number: "
[1] 31
[1] "iteration number: "
[1] 32
[1] "iteration number: "
[1] 33
[1] "iteration number: "
[1] 34
[1] "iteration number: "
[1] 35
[1] "RE-INITIALIZING..."
[1] 1
[1] 5
[1] 26
 [1] 3 3 2 4 3 3 2 4 2 3 2 3 2 3 4 1 3 1 2 2
[1] "iteration number: "
[1] 36
[1] "iteration number: "
[1] 37
[1] "iteration number: "
[1] 38
[1] "iteration number: "
[1] 39
[1] "iteration number: "
[1] 40
[1] "iteration number: "
[1] 41
[1] "iteration number: "
[1] 42
[1] "iteration number: "
[1] 43
[1] "iteration number: "
[1] 44
[1] "iteration number: "
[1] 45
[1] "iteration number: "
[1] 46
[1] "RE-INITIALIZING..."
[1] 2
[1] 5
[1] 26
 [1] 3 3 2 4 3 3 2 4 2 3 2 3 2 3 4 1 3 1 2 2
[1] "iteration number: "
[1] 47
[1] "iteration number: "
[1] 48
[1] "iteration number: "
[1] 49
[1] "iteration number: "
[1] 50
[1] "iteration number: "
[1] 51
[1] "iteration number: "
[1] 52
[1] "iteration number: "
[1] 53
[1] "iteration number: "
[1] 54
[1] "iteration number: "
[1] 55
[1] "iteration number: "
[1] 56
[1] "iteration number: "
[1] 57
[1] "RE-INITIALIZING..."
[1] 3
[1] 5
[1] 26
 [1] 3 3 2 4 3 3 2 4 2 3 2 3 2 3 4 1 3 1 2 2
[1] "iteration number: "
[1] 58
[1] "iteration number: "
[1] 59
[1] "iteration number: "
[1] 60
[1] "iteration number: "
[1] 61
[1] "iteration number: "
[1] 62
[1] "iteration number: "
[1] 63
[1] "iteration number: "
[1] 64
[1] "iteration number: "
[1] 65
[1] "iteration number: "
[1] 66
[1] "iteration number: "
[1] 67
[1] "iteration number: "
[1] 68
[1] "RE-INITIALIZING..."
[1] 4
[1] 5
[1] 26
 [1] 3 3 2 4 3 3 2 4 2 3 2 3 2 3 4 1 3 1 2 2
[1] "iteration number: "
[1] 69
[1] "iteration number: "
[1] 70
[1] "iteration number: "
[1] 71
[1] "iteration number: "
[1] 72
[1] "iteration number: "
[1] 73
[1] "iteration number: "
[1] 74
[1] "iteration number: "
[1] 75
[1] "iteration number: "
[1] 76
[1] "iteration number: "
[1] 77
[1] "iteration number: "
[1] 78
[1] "iteration number: "
[1] 79
[1] "RE-INITIALIZING..."
[1] 5
[1] 5
[1] 26
 [1] 3 3 2 4 3 3 2 4 2 3 2 3 2 3 4 1 3 1 2 2
[1] "iteration number: "
[1] 80
[1] "iteration number: "
[1] 81
[1] "iteration number: "
[1] 82
[1] "iteration number: "
[1] 83
[1] "iteration number: "
[1] 84
[1] "iteration number: "
[1] 85
[1] "iteration number: "
[1] 86
[1] "iteration number: "
[1] 87
[1] "iteration number: "
[1] 88
[1] "iteration number: "
[1] 89
[1] "iteration number: "
[1] 90
[1] "RE-INITIALIZING..."
[1] 6
[1] 5
[1] 26
[1] "No change for 6 iterations. Exiting PSO."
 [1]  2  3  4  5  6  9 10 11 12 13 15 16 17 18 19 20 21 22 23 24 26
[1] 4
[1] "##################################"
[1] "Results summary for itr:4"
[1] "number of features selected using population mean"
[1] 21
[1] "number of features selected using current global best"
[1] 21
[1] "feat ind length"
[1] 21
[1] "best accuracy"
[1] 46.30348
[1] "test acc:0.961538461538462"
[1] "##################################"
[1] "learning sets: 5"
  [1]  41 109  74  78  24  32  15  22  46  33  43  54 106  17  99   8  91  12
 [19] 103  29  66  93   9 110  89  98  25  23  86 108 114  77 112   4  26   6
 [37]  11 122  21  38 101  50 124  84 130  80 115  62   1  69  75  82  58  19
 [55]  18  61   2  60   3 100 113 121  28  65 117 116  57 129  63  27 125  51
 [73]  55  47  72  16  70  13 127  92  79  10  96  94  34   7   5  88  20  68
 [91]  45  48  49  81 118 107 105  39 111  42  40  35 102  59
[1] "Starting global iteration number : 5"
[1] "iteration number: "
[1] 1
[1] "Best fitness updated to:"
[1] -40.56606
[1] "Best solution:"
 [1] NA NA NA NA NA NA NA NA NA NA NA NA NA NA NA NA NA NA NA NA NA NA NA NA NA
[26] NA
[1] 0
[1] "iteration number: "
[1] 2
[1] "iteration number: "
[1] 3
[1] "Best fitness updated to:"
[1] -41.71614
[1] "Best solution:"
 [1] 0 0 1 0 1 0 0 1 1 1 0 0 0 1 0 0 1 1 1 0 1 1 1 1 1 1
[1] 15
[1] "iteration number: "
[1] 4
[1] "Best fitness updated to:"
[1] -42.02694
[1] "Best solution:"
 [1] 0 1 1 1 1 1 1 0 1 1 1 1 1 1 1 1 1 0 1 1 1 1 1 1 1 1
[1] 23
[1] "iteration number: "
[1] 5
[1] "Best fitness updated to:"
[1] -42.89682
[1] "Best solution:"
 [1] 0 1 1 1 1 1 1 0 1 1 1 1 0 0 1 1 1 1 1 0 1 1 1 0 1 1
[1] 20
[1] "iteration number: "
[1] 6
[1] "iteration number: "
[1] 7
[1] "iteration number: "
[1] 8
[1] "iteration number: "
[1] 9
[1] "iteration number: "
[1] 10
[1] "iteration number: "
[1] 11
[1] "Best fitness updated to:"
[1] -43.06857
[1] "Best solution:"
 [1] 0 0 0 0 1 1 0 1 0 1 1 0 0 0 1 1 1 1 1 0 1 0 1 0 0 1
[1] 13
[1] "iteration number: "
[1] 12
[1] "iteration number: "
[1] 13
[1] "Best fitness updated to:"
[1] -44.47732
[1] "Best solution:"
 [1] 0 0 1 1 1 0 1 0 1 0 1 1 1 1 1 1 1 1 0 1 1 1 1 0 1 1
[1] 19
[1] "iteration number: "
[1] 14
[1] "iteration number: "
[1] 15
[1] "Best fitness updated to:"
[1] -44.57435
[1] "Best solution:"
 [1] 0 1 1 1 1 1 1 1 1 1 1 1 1 1 1 1 1 1 0 1 1 1 1 1 1 1
[1] 24
[1] "iteration number: "
[1] 16
[1] "iteration number: "
[1] 17
[1] "iteration number: "
[1] 18
[1] "iteration number: "
[1] 19
[1] "Best fitness updated to:"
[1] -46.02336
[1] "Best solution:"
 [1] 0 1 1 1 1 1 1 0 1 1 1 1 1 1 1 1 1 1 1 1 1 1 1 1 1 1
[1] 24
[1] "iteration number: "
[1] 20
[1] "iteration number: "
[1] 21
[1] "iteration number: "
[1] 22
[1] "iteration number: "
[1] 23
[1] "iteration number: "
[1] 24
[1] "iteration number: "
[1] 25
[1] "iteration number: "
[1] 26
[1] "iteration number: "
[1] 27
[1] "iteration number: "
[1] 28
[1] "Best fitness updated to:"
[1] -46.82327
[1] "Best solution:"
 [1] 0 1 1 1 1 1 1 0 0 1 1 1 1 1 1 1 1 1 0 1 1 1 1 1 1 1
[1] 22
[1] "iteration number: "
[1] 29
[1] "iteration number: "
[1] 30
[1] "iteration number: "
[1] 31
[1] "iteration number: "
[1] 32
[1] "iteration number: "
[1] 33
[1] "iteration number: "
[1] 34
[1] "iteration number: "
[1] 35
[1] "iteration number: "
[1] 36
[1] "iteration number: "
[1] 37
[1] "iteration number: "
[1] 38
[1] "iteration number: "
[1] 39
[1] "RE-INITIALIZING..."
[1] 1
[1] 5
[1] 26
 [1] 3 3 2 4 3 3 2 4 2 3 2 3 2 3 4 1 3 1 2 2
[1] "iteration number: "
[1] 40
[1] "iteration number: "
[1] 41
[1] "iteration number: "
[1] 42
[1] "iteration number: "
[1] 43
[1] "iteration number: "
[1] 44
[1] "iteration number: "
[1] 45
[1] "iteration number: "
[1] 46
[1] "iteration number: "
[1] 47
[1] "iteration number: "
[1] 48
[1] "iteration number: "
[1] 49
[1] "iteration number: "
[1] 50
[1] "RE-INITIALIZING..."
[1] 2
[1] 5
[1] 26
 [1] 3 3 2 4 3 3 2 4 2 3 2 3 2 3 4 1 3 1 2 2
[1] "iteration number: "
[1] 51
[1] "iteration number: "
[1] 52
[1] "iteration number: "
[1] 53
[1] "iteration number: "
[1] 54
[1] "iteration number: "
[1] 55
[1] "iteration number: "
[1] 56
[1] "iteration number: "
[1] 57
[1] "iteration number: "
[1] 58
[1] "iteration number: "
[1] 59
[1] "iteration number: "
[1] 60
[1] "iteration number: "
[1] 61
[1] "RE-INITIALIZING..."
[1] 3
[1] 5
[1] 26
 [1] 3 3 2 4 3 3 2 4 2 3 2 3 2 3 4 1 3 1 2 2
[1] "iteration number: "
[1] 62
[1] "iteration number: "
[1] 63
[1] "iteration number: "
[1] 64
[1] "iteration number: "
[1] 65
[1] "iteration number: "
[1] 66
[1] "iteration number: "
[1] 67
[1] "iteration number: "
[1] 68
[1] "iteration number: "
[1] 69
[1] "iteration number: "
[1] 70
[1] "iteration number: "
[1] 71
[1] "iteration number: "
[1] 72
[1] "RE-INITIALIZING..."
[1] 4
[1] 5
[1] 26
 [1] 3 3 2 4 3 3 2 4 2 3 2 3 2 3 4 1 3 1 2 2
[1] "iteration number: "
[1] 73
[1] "iteration number: "
[1] 74
[1] "iteration number: "
[1] 75
[1] "iteration number: "
[1] 76
[1] "iteration number: "
[1] 77
[1] "iteration number: "
[1] 78
[1] "iteration number: "
[1] 79
[1] "iteration number: "
[1] 80
[1] "iteration number: "
[1] 81
[1] "iteration number: "
[1] 82
[1] "iteration number: "
[1] 83
[1] "RE-INITIALIZING..."
[1] 5
[1] 5
[1] 26
 [1] 3 3 2 4 3 3 2 4 2 3 2 3 2 3 4 1 3 1 2 2
[1] "iteration number: "
[1] 84
[1] "iteration number: "
[1] 85
[1] "iteration number: "
[1] 86
[1] "iteration number: "
[1] 87
[1] "iteration number: "
[1] 88
[1] "iteration number: "
[1] 89
[1] "iteration number: "
[1] 90
[1] "iteration number: "
[1] 91
[1] "iteration number: "
[1] 92
[1] "iteration number: "
[1] 93
[1] "iteration number: "
[1] 94
[1] "RE-INITIALIZING..."
[1] 6
[1] 5
[1] 26
[1] "No change for 6 iterations. Exiting PSO."
 [1]  2  3  4  5  6  7 10 11 12 13 14 15 16 17 18 20 21 23 24 25 26
[1] 5
[1] "##################################"
[1] "Results summary for itr:5"
[1] "number of features selected using population mean"
[1] 21
[1] "number of features selected using current global best"
[1] 21
[1] "feat ind length"
[1] 21
[1] "best accuracy"
[1] 46.82327
[1] "test acc:0.961538461538462"
[1] "##################################"
[1] "learning sets: 6"
  [1]   8  24  31  78  33  93 106  14  99  17  91  15 110 109  29  43  74  83
 [19]  54  12  90  66  98 103  32   9  49  72  23  77 118  96  70 111  35  28
 [37]  47  76 130  45  10  61  68  20  87  58 129   6 119  42  75  95 114  53
 [55]  82  73  63  34  80 121   1 123  51  40  26   3  60  69  84 102  44   4
 [73]  52 116  88 100 127 108 128  36  19  71 104  85  92 105  59  64 126   7
 [91]  11 117  67  27  65 124  39  21  97  86  94  79   5  55
[1] "Starting global iteration number : 6"
[1] "iteration number: "
[1] 1
[1] "Best fitness updated to:"
[1] -38.34755
[1] "Best solution:"
 [1] NA NA NA NA NA NA NA NA NA NA NA NA NA NA NA NA NA NA NA NA NA NA NA NA NA
[26] NA
[1] 0
[1] "iteration number: "
[1] 2
[1] "Best fitness updated to:"
[1] -42.01284
[1] "Best solution:"
 [1] 0 1 1 0 1 1 1 0 0 1 1 1 1 0 0 1 1 1 0 0 1 1 0 0 0 0
[1] 14
[1] "iteration number: "
[1] 3
[1] "iteration number: "
[1] 4
[1] "iteration number: "
[1] 5
[1] "iteration number: "
[1] 6
[1] "iteration number: "
[1] 7
[1] "iteration number: "
[1] 8
[1] "iteration number: "
[1] 9
[1] "iteration number: "
[1] 10
[1] "Best fitness updated to:"
[1] -42.07834
[1] "Best solution:"
 [1] 0 1 1 0 1 1 1 0 0 1 1 1 1 0 0 1 0 1 0 0 1 1 0 0 0 0
[1] 13
[1] "iteration number: "
[1] 11
[1] "Best fitness updated to:"
[1] -42.30264
[1] "Best solution:"
 [1] 0 1 1 1 1 0 1 1 0 1 1 1 1 0 0 0 0 1 0 0 1 1 1 1 0 0
[1] 15
[1] "iteration number: "
[1] 12
[1] "iteration number: "
[1] 13
[1] "iteration number: "
[1] 14
[1] "iteration number: "
[1] 15
[1] "iteration number: "
[1] 16
[1] "iteration number: "
[1] 17
[1] "Best fitness updated to:"
[1] -43.08188
[1] "Best solution:"
 [1] 0 1 1 0 1 1 1 0 1 1 1 0 1 0 0 1 1 1 0 0 1 1 1 0 1 0
[1] 16
[1] "iteration number: "
[1] 18
[1] "iteration number: "
[1] 19
[1] "iteration number: "
[1] 20
[1] "iteration number: "
[1] 21
[1] "iteration number: "
[1] 22
[1] "Best fitness updated to:"
[1] -44.54792
[1] "Best solution:"
 [1] 0 1 1 0 1 1 1 0 1 1 1 1 1 1 0 1 1 1 0 0 1 1 0 0 0 0
[1] 16
[1] "iteration number: "
[1] 23
[1] "iteration number: "
[1] 24
[1] "iteration number: "
[1] 25
[1] "iteration number: "
[1] 26
[1] "iteration number: "
[1] 27
[1] "iteration number: "
[1] 28
[1] "iteration number: "
[1] 29
[1] "iteration number: "
[1] 30
[1] "iteration number: "
[1] 31
[1] "Best fitness updated to:"
[1] -45.42862
[1] "Best solution:"
 [1] 0 1 1 0 1 1 1 0 1 1 1 1 1 1 0 1 0 1 0 1 1 1 0 0 1 0
[1] 17
[1] "iteration number: "
[1] 32
[1] "iteration number: "
[1] 33
[1] "Best fitness updated to:"
[1] -45.74362
[1] "Best solution:"
 [1] 0 1 1 0 1 1 0 0 1 1 1 1 1 1 0 1 0 1 0 0 1 0 0 0 0 0
[1] 13
[1] "iteration number: "
[1] 34
[1] "iteration number: "
[1] 35
[1] "iteration number: "
[1] 36
[1] "iteration number: "
[1] 37
[1] "iteration number: "
[1] 38
[1] "iteration number: "
[1] 39
[1] "iteration number: "
[1] 40
[1] "iteration number: "
[1] 41
[1] "iteration number: "
[1] 42
[1] "iteration number: "
[1] 43
[1] "iteration number: "
[1] 44
[1] "RE-INITIALIZING..."
[1] 1
[1] 5
[1] 26
 [1] 3 3 2 4 3 3 2 4 2 3 2 3 2 3 4 1 3 1 2 2
[1] "iteration number: "
[1] 45
[1] "iteration number: "
[1] 46
[1] "iteration number: "
[1] 47
[1] "iteration number: "
[1] 48
[1] "iteration number: "
[1] 49
[1] "iteration number: "
[1] 50
[1] "iteration number: "
[1] 51
[1] "iteration number: "
[1] 52
[1] "iteration number: "
[1] 53
[1] "iteration number: "
[1] 54
[1] "iteration number: "
[1] 55
[1] "RE-INITIALIZING..."
[1] 2
[1] 5
[1] 26
 [1] 3 3 2 4 3 3 2 4 2 3 2 3 2 3 4 1 3 1 2 2
[1] "iteration number: "
[1] 56
[1] "iteration number: "
[1] 57
[1] "iteration number: "
[1] 58
[1] "iteration number: "
[1] 59
[1] "iteration number: "
[1] 60
[1] "iteration number: "
[1] 61
[1] "iteration number: "
[1] 62
[1] "iteration number: "
[1] 63
[1] "iteration number: "
[1] 64
[1] "iteration number: "
[1] 65
[1] "iteration number: "
[1] 66
[1] "RE-INITIALIZING..."
[1] 3
[1] 5
[1] 26
 [1] 3 3 2 4 3 3 2 4 2 3 2 3 2 3 4 1 3 1 2 2
[1] "iteration number: "
[1] 67
[1] "iteration number: "
[1] 68
[1] "iteration number: "
[1] 69
[1] "iteration number: "
[1] 70
[1] "iteration number: "
[1] 71
[1] "iteration number: "
[1] 72
[1] "iteration number: "
[1] 73
[1] "iteration number: "
[1] 74
[1] "iteration number: "
[1] 75
[1] "iteration number: "
[1] 76
[1] "iteration number: "
[1] 77
[1] "RE-INITIALIZING..."
[1] 4
[1] 5
[1] 26
 [1] 3 3 2 4 3 3 2 4 2 3 2 3 2 3 4 1 3 1 2 2
[1] "iteration number: "
[1] 78
[1] "iteration number: "
[1] 79
[1] "iteration number: "
[1] 80
[1] "iteration number: "
[1] 81
[1] "iteration number: "
[1] 82
[1] "iteration number: "
[1] 83
[1] "iteration number: "
[1] 84
[1] "iteration number: "
[1] 85
[1] "iteration number: "
[1] 86
[1] "iteration number: "
[1] 87
[1] "iteration number: "
[1] 88
[1] "RE-INITIALIZING..."
[1] 5
[1] 5
[1] 26
 [1] 3 3 2 4 3 3 2 4 2 3 2 3 2 3 4 1 3 1 2 2
[1] "iteration number: "
[1] 89
[1] "iteration number: "
[1] 90
[1] "iteration number: "
[1] 91
[1] "iteration number: "
[1] 92
[1] "iteration number: "
[1] 93
[1] "iteration number: "
[1] 94
[1] "iteration number: "
[1] 95
[1] "iteration number: "
[1] 96
[1] "iteration number: "
[1] 97
[1] "iteration number: "
[1] 98
[1] "iteration number: "
[1] 99
[1] "RE-INITIALIZING..."
[1] 6
[1] 5
[1] 26
[1] "No change for 6 iterations. Exiting PSO."
 [1]  2  3  5  6  9 10 11 12 13 16 17 18 21
[1] 6
[1] "##################################"
[1] "Results summary for itr:6"
[1] "number of features selected using population mean"
[1] 13
[1] "number of features selected using current global best"
[1] 13
[1] "feat ind length"
[1] 13
[1] "best accuracy"
[1] 45.74362
[1] "test acc:0.961538461538462"
[1] "##################################"
[1] "learning sets: 7"
  [1]  90  83  54  17  22 110  56  91  41  98 106  14  74  30  12  78   8  93
 [19]  99 120 103  29  89  15 109  66  59  75 128   1  84 123   6  87 113 129
 [37] 125 118  62  19  69  20   5 100 111  85  68  92  81  51  23 112 115  10
 [55]  13  67  82  16  71  73  47  18  70  61  28 124  27  25   7  63 114  48
 [73]  57 117  58 119   4  52  21  88  64  53  49  95  55  94 116 102  37 121
 [91]   3  40  39 122 105 104  60  80  97  42 101  76  44  35
[1] "Starting global iteration number : 7"
[1] "iteration number: "
[1] 1
[1] "Best fitness updated to:"
[1] -38.01749
[1] "Best solution:"
 [1] NA NA NA NA NA NA NA NA NA NA NA NA NA NA NA NA NA NA NA NA NA NA NA NA NA
[26] NA
[1] 0
[1] "iteration number: "
[1] 2
[1] "Best fitness updated to:"
[1] -43.8031
[1] "Best solution:"
 [1] 0 1 1 0 1 1 1 0 0 1 1 1 1 0 0 1 1 1 0 0 1 1 0 0 0 0
[1] 14
[1] "iteration number: "
[1] 3
[1] "iteration number: "
[1] 4
[1] "iteration number: "
[1] 5
[1] "iteration number: "
[1] 6
[1] "iteration number: "
[1] 7
[1] "iteration number: "
[1] 8
[1] "iteration number: "
[1] 9
[1] "Best fitness updated to:"
[1] -44.14744
[1] "Best solution:"
 [1] 0 1 1 0 1 1 1 0 0 0 1 1 1 0 0 1 0 1 0 0 1 1 0 0 0 0
[1] 12
[1] "iteration number: "
[1] 10
[1] "iteration number: "
[1] 11
[1] "Best fitness updated to:"
[1] -44.62305
[1] "Best solution:"
 [1] 0 1 1 1 1 0 1 1 0 1 1 1 1 0 0 0 0 1 0 0 1 1 1 1 0 0
[1] 15
[1] "iteration number: "
[1] 12
[1] "iteration number: "
[1] 13
[1] "iteration number: "
[1] 14
[1] "iteration number: "
[1] 15
[1] "iteration number: "
[1] 16
[1] "iteration number: "
[1] 17
[1] "iteration number: "
[1] 18
[1] "iteration number: "
[1] 19
[1] "iteration number: "
[1] 20
[1] "iteration number: "
[1] 21
[1] "iteration number: "
[1] 22
[1] "RE-INITIALIZING..."
[1] 1
[1] 5
[1] 26
 [1] 3 3 2 4 3 3 2 4 2 3 2 3 2 3 4 1 3 1 2 2
[1] "iteration number: "
[1] 23
[1] "iteration number: "
[1] 24
[1] "iteration number: "
[1] 25
[1] "iteration number: "
[1] 26
[1] "iteration number: "
[1] 27
[1] "iteration number: "
[1] 28
[1] "iteration number: "
[1] 29
[1] "iteration number: "
[1] 30
[1] "iteration number: "
[1] 31
[1] "iteration number: "
[1] 32
[1] "iteration number: "
[1] 33
[1] "RE-INITIALIZING..."
[1] 2
[1] 5
[1] 26
 [1] 3 3 2 4 3 3 2 4 2 3 2 3 2 3 4 1 3 1 2 2
[1] "iteration number: "
[1] 34
[1] "iteration number: "
[1] 35
[1] "iteration number: "
[1] 36
[1] "iteration number: "
[1] 37
[1] "iteration number: "
[1] 38
[1] "iteration number: "
[1] 39
[1] "iteration number: "
[1] 40
[1] "iteration number: "
[1] 41
[1] "iteration number: "
[1] 42
[1] "iteration number: "
[1] 43
[1] "iteration number: "
[1] 44
[1] "RE-INITIALIZING..."
[1] 3
[1] 5
[1] 26
 [1] 3 3 2 4 3 3 2 4 2 3 2 3 2 3 4 1 3 1 2 2
[1] "iteration number: "
[1] 45
[1] "iteration number: "
[1] 46
[1] "iteration number: "
[1] 47
[1] "iteration number: "
[1] 48
[1] "iteration number: "
[1] 49
[1] "iteration number: "
[1] 50
[1] "iteration number: "
[1] 51
[1] "iteration number: "
[1] 52
[1] "iteration number: "
[1] 53
[1] "iteration number: "
[1] 54
[1] "iteration number: "
[1] 55
[1] "RE-INITIALIZING..."
[1] 4
[1] 5
[1] 26
 [1] 3 3 2 4 3 3 2 4 2 3 2 3 2 3 4 1 3 1 2 2
[1] "iteration number: "
[1] 56
[1] "iteration number: "
[1] 57
[1] "iteration number: "
[1] 58
[1] "iteration number: "
[1] 59
[1] "iteration number: "
[1] 60
[1] "iteration number: "
[1] 61
[1] "iteration number: "
[1] 62
[1] "iteration number: "
[1] 63
[1] "iteration number: "
[1] 64
[1] "iteration number: "
[1] 65
[1] "iteration number: "
[1] 66
[1] "RE-INITIALIZING..."
[1] 5
[1] 5
[1] 26
 [1] 3 3 2 4 3 3 2 4 2 3 2 3 2 3 4 1 3 1 2 2
[1] "iteration number: "
[1] 67
[1] "iteration number: "
[1] 68
[1] "iteration number: "
[1] 69
[1] "iteration number: "
[1] 70
[1] "iteration number: "
[1] 71
[1] "iteration number: "
[1] 72
[1] "iteration number: "
[1] 73
[1] "iteration number: "
[1] 74
[1] "iteration number: "
[1] 75
[1] "iteration number: "
[1] 76
[1] "iteration number: "
[1] 77
[1] "RE-INITIALIZING..."
[1] 6
[1] 5
[1] 26
[1] "No change for 6 iterations. Exiting PSO."
 [1]  2  3  4  5  6  7  9 10 11 12 13 16 17 18 21 22 25
[1] 7
[1] "##################################"
[1] "Results summary for itr:7"
[1] "number of features selected using population mean"
[1] 17
[1] "number of features selected using current global best"
[1] 17
[1] "feat ind length"
[1] 17
[1] "best accuracy"
[1] 44.62305
[1] "test acc:1"
[1] "##################################"
[1] "learning sets: 8"
  [1]  41  66  90  46  12  31  22  33  91  98  54 110 106 109  30  83  14  43
 [19]   9   8 103  74  56  99  24  93  13  57  26 113  39  68  36  80  82 112
 [37]  69 127 116  51  92  48  16 104  49  75 100 126 107  85  44  64  88  84
 [55] 119 117 105  96   7 111 121 125  28  47  70  95  71  61  76 128  11  63
 [73]  79  94 114  53 108  73  34 129  55 124  60  45 123 130  19  50   3  65
 [91]  23  20  62  10  58 122  25  67   2  81 118 102  97   4
[1] "Starting global iteration number : 8"
[1] "iteration number: "
[1] 1
[1] "Best fitness updated to:"
[1] -39.53482
[1] "Best solution:"
 [1] NA NA NA NA NA NA NA NA NA NA NA NA NA NA NA NA NA NA NA NA NA NA NA NA NA
[26] NA
[1] 0
[1] "iteration number: "
[1] 2
[1] "Best fitness updated to:"
[1] -43.59171
[1] "Best solution:"
 [1] 0 1 1 0 1 1 1 0 0 1 1 1 1 0 0 1 1 1 0 0 1 1 0 0 0 0
[1] 14
[1] "iteration number: "
[1] 3
[1] "Best fitness updated to:"
[1] -44.90993
[1] "Best solution:"
 [1] 0 0 1 0 1 0 0 0 1 1 0 0 0 1 0 0 1 1 1 0 1 1 1 0 1 1
[1] 13
[1] "iteration number: "
[1] 4
[1] "iteration number: "
[1] 5
[1] "Best fitness updated to:"
[1] -44.95545
[1] "Best solution:"
 [1] 0 1 1 1 1 1 1 0 1 1 1 1 1 0 1 1 1 0 0 1 1 1 0 0 1 1
[1] 19
[1] "iteration number: "
[1] 6
[1] "iteration number: "
[1] 7
[1] "iteration number: "
[1] 8
[1] "Best fitness updated to:"
[1] -47.71319
[1] "Best solution:"
 [1] 0 1 1 1 1 1 1 1 1 1 1 1 1 0 1 1 1 1 0 0 1 1 0 0 1 1
[1] 20
[1] "iteration number: "
[1] 9
[1] "iteration number: "
[1] 10
[1] "iteration number: "
[1] 11
[1] "iteration number: "
[1] 12
[1] "iteration number: "
[1] 13
[1] "Best fitness updated to:"
[1] -48.56371
[1] "Best solution:"
 [1] 0 1 1 1 1 1 1 0 1 1 1 1 1 0 1 1 1 1 0 0 1 1 0 0 1 1
[1] 19
[1] "iteration number: "
[1] 14
[1] "iteration number: "
[1] 15
[1] "iteration number: "
[1] 16
[1] "iteration number: "
[1] 17
[1] "iteration number: "
[1] 18
[1] "Best fitness updated to:"
[1] -48.63107
[1] "Best solution:"
 [1] 0 1 1 1 1 1 1 1 1 1 1 1 1 0 1 1 1 1 0 0 1 0 0 0 1 0
[1] 18
[1] "iteration number: "
[1] 19
[1] "iteration number: "
[1] 20
[1] "Best fitness updated to:"
[1] -50.3094
[1] "Best solution:"
 [1] 0 1 1 1 1 1 0 0 1 1 1 1 1 0 1 1 1 1 0 0 1 0 0 0 1 0
[1] 16
[1] "iteration number: "
[1] 21
[1] "iteration number: "
[1] 22
[1] "iteration number: "
[1] 23
[1] "iteration number: "
[1] 24
[1] "iteration number: "
[1] 25
[1] "iteration number: "
[1] 26
[1] "iteration number: "
[1] 27
[1] "iteration number: "
[1] 28
[1] "iteration number: "
[1] 29
[1] "iteration number: "
[1] 30
[1] "iteration number: "
[1] 31
[1] "RE-INITIALIZING..."
[1] 1
[1] 5
[1] 26
 [1] 3 3 2 4 3 3 2 4 2 3 2 3 2 3 4 1 3 1 2 2
[1] "iteration number: "
[1] 32
[1] "iteration number: "
[1] 33
[1] "iteration number: "
[1] 34
[1] "iteration number: "
[1] 35
[1] "iteration number: "
[1] 36
[1] "iteration number: "
[1] 37
[1] "iteration number: "
[1] 38
[1] "iteration number: "
[1] 39
[1] "iteration number: "
[1] 40
[1] "iteration number: "
[1] 41
[1] "iteration number: "
[1] 42
[1] "RE-INITIALIZING..."
[1] 2
[1] 5
[1] 26
 [1] 3 3 2 4 3 3 2 4 2 3 2 3 2 3 4 1 3 1 2 2
[1] "iteration number: "
[1] 43
[1] "iteration number: "
[1] 44
[1] "iteration number: "
[1] 45
[1] "iteration number: "
[1] 46
[1] "iteration number: "
[1] 47
[1] "iteration number: "
[1] 48
[1] "iteration number: "
[1] 49
[1] "iteration number: "
[1] 50
[1] "iteration number: "
[1] 51
[1] "iteration number: "
[1] 52
[1] "iteration number: "
[1] 53
[1] "RE-INITIALIZING..."
[1] 3
[1] 5
[1] 26
 [1] 3 3 2 4 3 3 2 4 2 3 2 3 2 3 4 1 3 1 2 2
[1] "iteration number: "
[1] 54
[1] "iteration number: "
[1] 55
[1] "iteration number: "
[1] 56
[1] "iteration number: "
[1] 57
[1] "iteration number: "
[1] 58
[1] "iteration number: "
[1] 59
[1] "iteration number: "
[1] 60
[1] "iteration number: "
[1] 61
[1] "iteration number: "
[1] 62
[1] "iteration number: "
[1] 63
[1] "iteration number: "
[1] 64
[1] "RE-INITIALIZING..."
[1] 4
[1] 5
[1] 26
 [1] 3 3 2 4 3 3 2 4 2 3 2 3 2 3 4 1 3 1 2 2
[1] "iteration number: "
[1] 65
[1] "iteration number: "
[1] 66
[1] "iteration number: "
[1] 67
[1] "iteration number: "
[1] 68
[1] "iteration number: "
[1] 69
[1] "iteration number: "
[1] 70
[1] "iteration number: "
[1] 71
[1] "iteration number: "
[1] 72
[1] "iteration number: "
[1] 73
[1] "iteration number: "
[1] 74
[1] "iteration number: "
[1] 75
[1] "RE-INITIALIZING..."
[1] 5
[1] 5
[1] 26
 [1] 3 3 2 4 3 3 2 4 2 3 2 3 2 3 4 1 3 1 2 2
[1] "iteration number: "
[1] 76
[1] "iteration number: "
[1] 77
[1] "iteration number: "
[1] 78
[1] "iteration number: "
[1] 79
[1] "iteration number: "
[1] 80
[1] "iteration number: "
[1] 81
[1] "iteration number: "
[1] 82
[1] "iteration number: "
[1] 83
[1] "iteration number: "
[1] 84
[1] "iteration number: "
[1] 85
[1] "iteration number: "
[1] 86
[1] "RE-INITIALIZING..."
[1] 6
[1] 5
[1] 26
[1] "No change for 6 iterations. Exiting PSO."
 [1]  2  3  4  5  6  8 10 11 12 13 15 16 17 18 21 25
[1] 8
[1] "##################################"
[1] "Results summary for itr:8"
[1] "number of features selected using population mean"
[1] 16
[1] "number of features selected using current global best"
[1] 16
[1] "feat ind length"
[1] 16
[1] "best accuracy"
[1] 50.3094
[1] "test acc:0.961538461538462"
[1] "##################################"
[1] "learning sets: 9"
  [1]  14  66  43  91 106 109  78  22  31  93  29  30   9 120  41 110 103  74
 [19]  83  99  33  32  90  54  46  24  27  40 126  59  87   2 107 118 130  49
 [37] 122  52 114 102  55  73  82 104  39 123  69  25  67  63  13 127  38  64
 [55]  18  72 129 115  21 119  61  62  58   6  48 121   7  37 113  88 124  84
 [73] 117  76  97  45  47   5  79  42  60 100 128  35  70  81  92  36 108 116
 [91] 105  71  77  11  51  20  96  65 112  28  34  57  23   4
[1] "Starting global iteration number : 9"
[1] "iteration number: "
[1] 1
[1] "Best fitness updated to:"
[1] -40.41671
[1] "Best solution:"
 [1] NA NA NA NA NA NA NA NA NA NA NA NA NA NA NA NA NA NA NA NA NA NA NA NA NA
[26] NA
[1] 0
[1] "iteration number: "
[1] 2
[1] "Best fitness updated to:"
[1] -44.06147
[1] "Best solution:"
 [1] 0 1 1 0 1 1 1 0 0 1 1 1 1 0 0 1 1 1 0 0 1 1 0 0 0 0
[1] 14
[1] "iteration number: "
[1] 3
[1] "Best fitness updated to:"
[1] -45.1375
[1] "Best solution:"
 [1] 0 0 1 0 1 0 0 0 1 1 0 0 0 1 0 0 1 1 1 0 1 1 1 0 1 1
[1] 13
[1] "iteration number: "
[1] 4
[1] "Best fitness updated to:"
[1] -45.24531
[1] "Best solution:"
 [1] 0 1 1 1 1 0 0 1 1 1 1 1 0 0 1 0 1 1 1 1 0 0 0 0 0 1
[1] 15
[1] "iteration number: "
[1] 5
[1] "Best fitness updated to:"
[1] -47.13286
[1] "Best solution:"
 [1] 1 1 1 1 1 0 0 1 1 1 1 1 1 1 1 1 1 1 1 1 0 0 1 1 0 1
[1] 21
[1] "iteration number: "
[1] 6
[1] "iteration number: "
[1] 7
[1] "iteration number: "
[1] 8
[1] "iteration number: "
[1] 9
[1] "iteration number: "
[1] 10
[1] "iteration number: "
[1] 11
[1] "iteration number: "
[1] 12
[1] "Best fitness updated to:"
[1] -48.23998
[1] "Best solution:"
 [1] 0 1 1 1 1 0 0 0 1 1 1 1 1 1 1 1 1 1 1 1 0 0 1 1 0 1
[1] 19
[1] "iteration number: "
[1] 13
[1] "iteration number: "
[1] 14
[1] "iteration number: "
[1] 15
[1] "iteration number: "
[1] 16
[1] "iteration number: "
[1] 17
[1] "iteration number: "
[1] 18
[1] "Best fitness updated to:"
[1] -49.58073
[1] "Best solution:"
 [1] 1 1 1 1 1 0 0 1 1 1 1 1 1 1 1 1 1 1 1 1 0 0 1 1 1 1
[1] 22
[1] "iteration number: "
[1] 19
[1] "Best fitness updated to:"
[1] -49.7935
[1] "Best solution:"
 [1] 0 1 1 1 1 1 0 1 1 1 1 1 1 1 1 1 1 1 1 1 0 0 1 1 1 1
[1] 22
[1] "iteration number: "
[1] 20
[1] "iteration number: "
[1] 21
[1] "iteration number: "
[1] 22
[1] "iteration number: "
[1] 23
[1] "iteration number: "
[1] 24
[1] "iteration number: "
[1] 25
[1] "iteration number: "
[1] 26
[1] "iteration number: "
[1] 27
[1] "iteration number: "
[1] 28
[1] "Best fitness updated to:"
[1] -50.15588
[1] "Best solution:"
 [1] 0 1 1 1 1 0 0 1 1 1 1 1 1 1 0 1 1 1 1 1 0 0 1 1 1 1
[1] 20
[1] "iteration number: "
[1] 29
[1] "iteration number: "
[1] 30
[1] "iteration number: "
[1] 31
[1] "iteration number: "
[1] 32
[1] "iteration number: "
[1] 33
[1] "iteration number: "
[1] 34
[1] "iteration number: "
[1] 35
[1] "iteration number: "
[1] 36
[1] "iteration number: "
[1] 37
[1] "iteration number: "
[1] 38
[1] "iteration number: "
[1] 39
[1] "RE-INITIALIZING..."
[1] 1
[1] 5
[1] 26
 [1] 3 3 2 4 3 3 2 4 2 3 2 3 2 3 4 1 3 1 2 2
[1] "iteration number: "
[1] 40
[1] "iteration number: "
[1] 41
[1] "Best fitness updated to:"
[1] -50.39927
[1] "Best solution:"
 [1] 0 1 1 1 1 1 0 1 1 1 1 1 1 1 0 1 1 1 1 1 0 0 1 1 1 1
[1] 21
[1] "iteration number: "
[1] 42
[1] "iteration number: "
[1] 43
[1] "iteration number: "
[1] 44
[1] "iteration number: "
[1] 45
[1] "iteration number: "
[1] 46
[1] "iteration number: "
[1] 47
[1] "iteration number: "
[1] 48
[1] "iteration number: "
[1] 49
[1] "iteration number: "
[1] 50
[1] "iteration number: "
[1] 51
[1] "iteration number: "
[1] 52
[1] "RE-INITIALIZING..."
[1] 1
[1] 5
[1] 26
 [1] 3 3 2 4 3 3 2 4 2 3 2 3 2 3 4 1 3 1 2 2
[1] "iteration number: "
[1] 53
[1] "iteration number: "
[1] 54
[1] "iteration number: "
[1] 55
[1] "iteration number: "
[1] 56
[1] "iteration number: "
[1] 57
[1] "iteration number: "
[1] 58
[1] "iteration number: "
[1] 59
[1] "iteration number: "
[1] 60
[1] "iteration number: "
[1] 61
[1] "iteration number: "
[1] 62
[1] "iteration number: "
[1] 63
[1] "RE-INITIALIZING..."
[1] 2
[1] 5
[1] 26
 [1] 3 3 2 4 3 3 2 4 2 3 2 3 2 3 4 1 3 1 2 2
[1] "iteration number: "
[1] 64
[1] "iteration number: "
[1] 65
[1] "iteration number: "
[1] 66
[1] "iteration number: "
[1] 67
[1] "iteration number: "
[1] 68
[1] "iteration number: "
[1] 69
[1] "iteration number: "
[1] 70
[1] "iteration number: "
[1] 71
[1] "iteration number: "
[1] 72
[1] "iteration number: "
[1] 73
[1] "iteration number: "
[1] 74
[1] "RE-INITIALIZING..."
[1] 3
[1] 5
[1] 26
 [1] 3 3 2 4 3 3 2 4 2 3 2 3 2 3 4 1 3 1 2 2
[1] "iteration number: "
[1] 75
[1] "iteration number: "
[1] 76
[1] "iteration number: "
[1] 77
[1] "iteration number: "
[1] 78
[1] "iteration number: "
[1] 79
[1] "iteration number: "
[1] 80
[1] "iteration number: "
[1] 81
[1] "iteration number: "
[1] 82
[1] "iteration number: "
[1] 83
[1] "iteration number: "
[1] 84
[1] "iteration number: "
[1] 85
[1] "RE-INITIALIZING..."
[1] 4
[1] 5
[1] 26
 [1] 3 3 2 4 3 3 2 4 2 3 2 3 2 3 4 1 3 1 2 2
[1] "iteration number: "
[1] 86
[1] "iteration number: "
[1] 87
[1] "iteration number: "
[1] 88
[1] "iteration number: "
[1] 89
[1] "iteration number: "
[1] 90
[1] "iteration number: "
[1] 91
[1] "iteration number: "
[1] 92
[1] "iteration number: "
[1] 93
[1] "iteration number: "
[1] 94
[1] "iteration number: "
[1] 95
[1] "iteration number: "
[1] 96
[1] "RE-INITIALIZING..."
[1] 5
[1] 5
[1] 26
 [1] 3 3 2 4 3 3 2 4 2 3 2 3 2 3 4 1 3 1 2 2
[1] "iteration number: "
[1] 97
[1] "iteration number: "
[1] 98
[1] "iteration number: "
[1] 99
[1] "iteration number: "
[1] 100
[1] "iteration number: "
[1] 101
[1] "iteration number: "
[1] 102
[1] "iteration number: "
[1] 103
[1] "iteration number: "
[1] 104
[1] "iteration number: "
[1] 105
[1] "iteration number: "
[1] 106
[1] "iteration number: "
[1] 107
[1] "RE-INITIALIZING..."
[1] 6
[1] 5
[1] 26
[1] "No change for 6 iterations. Exiting PSO."
 [1]  2  3  4  5  6  8  9 10 11 12 13 14 16 17 18 19 20 21 23 24 25 26
[1] 9
[1] "##################################"
[1] "Results summary for itr:9"
[1] "number of features selected using population mean"
[1] 22
[1] "number of features selected using current global best"
[1] 22
[1] "feat ind length"
[1] 22
[1] "best accuracy"
[1] 50.39927
[1] "test acc:0.923076923076923"
[1] "##################################"
[1] "learning sets: 10"
  [1]  66  99  15  32 106  98  89  31  17  43  91  56  14  12  41  74 120  93
 [19]  29 110 103  78  22  30  83  90 121  11  53  92  40  20  39 112  49  97
 [37]   5  35  96 123  52   7  70  68  51  79  57 102 129   3  77 126 114 130
 [55] 101  45  36   4 104 117  72  61  21  18  81  60 127  88   6 107  67  58
 [73]  85  80  65 116  34 108  84  64  55  59  71  62 119  13   1  47  87 122
 [91]  76 118  38 128  27  25 105 125   2  23 100 113  63  86
[1] "Starting global iteration number : 10"
[1] "iteration number: "
[1] 1
[1] "Best fitness updated to:"
[1] -38.02703
[1] "Best solution:"
 [1] NA NA NA NA NA NA NA NA NA NA NA NA NA NA NA NA NA NA NA NA NA NA NA NA NA
[26] NA
[1] 0
[1] "iteration number: "
[1] 2
[1] "Best fitness updated to:"
[1] -47.31942
[1] "Best solution:"
 [1] 0 1 1 0 1 1 1 0 0 1 1 1 1 0 0 1 1 1 0 0 1 1 0 0 0 0
[1] 14
[1] "iteration number: "
[1] 3
[1] "iteration number: "
[1] 4
[1] "iteration number: "
[1] 5
[1] "iteration number: "
[1] 6
[1] "iteration number: "
[1] 7
[1] "iteration number: "
[1] 8
[1] "Best fitness updated to:"
[1] -48.75695
[1] "Best solution:"
 [1] 0 1 1 0 1 1 1 0 0 0 1 1 1 0 0 1 0 1 0 0 1 0 0 0 0 0
[1] 11
[1] "iteration number: "
[1] 9
[1] "iteration number: "
[1] 10
[1] "Best fitness updated to:"
[1] -49.38819
[1] "Best solution:"
 [1] 0 1 1 1 1 1 0 1 1 1 1 1 1 0 0 1 0 1 0 1 0 1 1 1 1 0
[1] 18
[1] "iteration number: "
[1] 11
[1] "iteration number: "
[1] 12
[1] "iteration number: "
[1] 13
[1] "iteration number: "
[1] 14
[1] "iteration number: "
[1] 15
[1] "iteration number: "
[1] 16
[1] "iteration number: "
[1] 17
[1] "iteration number: "
[1] 18
[1] "Best fitness updated to:"
[1] -49.9267
[1] "Best solution:"
 [1] 0 1 1 0 1 1 0 0 0 1 1 1 1 0 0 1 0 1 0 0 1 1 0 1 0 0
[1] 13
[1] "iteration number: "
[1] 19
[1] "Best fitness updated to:"
[1] -50.49899
[1] "Best solution:"
 [1] 0 1 1 0 1 1 1 0 1 1 1 1 1 0 0 1 0 1 0 0 1 1 0 1 0 0
[1] 15
[1] "iteration number: "
[1] 20
[1] "iteration number: "
[1] 21
[1] "iteration number: "
[1] 22
[1] "iteration number: "
[1] 23
[1] "iteration number: "
[1] 24
[1] "iteration number: "
[1] 25
[1] "iteration number: "
[1] 26
[1] "iteration number: "
[1] 27
[1] "iteration number: "
[1] 28
[1] "iteration number: "
[1] 29
[1] "iteration number: "
[1] 30
[1] "RE-INITIALIZING..."
[1] 1
[1] 5
[1] 24
 [1] 3 3 2 4 3 3 2 4 2 3 2 3 2 3 4 1 3 1 2 2
[1] "iteration number: "
[1] 31
[1] "Best fitness updated to:"
[1] -50.66696
[1] "Best solution:"
 [1] 0 1 0 0 1 1 1 0 0 1 1 1 0 1 1 1 0 1 0 0 1 1 0 1 0 0
[1] 14
[1] "iteration number: "
[1] 32
[1] "iteration number: "
[1] 33
[1] "iteration number: "
[1] 34
[1] "iteration number: "
[1] 35
[1] "iteration number: "
[1] 36
[1] "iteration number: "
[1] 37
[1] "Best fitness updated to:"
[1] -50.94901
[1] "Best solution:"
 [1] 0 1 1 0 1 1 1 0 0 1 1 1 1 0 0 1 0 1 0 0 1 1 0 1 0 0
[1] 14
[1] "iteration number: "
[1] 38
[1] "iteration number: "
[1] 39
[1] "iteration number: "
[1] 40
[1] "iteration number: "
[1] 41
[1] "iteration number: "
[1] 42
[1] "iteration number: "
[1] 43
[1] "iteration number: "
[1] 44
[1] "iteration number: "
[1] 45
[1] "iteration number: "
[1] 46
[1] "iteration number: "
[1] 47
[1] "iteration number: "
[1] 48
[1] "RE-INITIALIZING..."
[1] 1
[1] 5
[1] 24
 [1] 3 3 2 4 3 3 2 4 2 3 2 3 2 3 4 1 3 1 2 2
[1] "iteration number: "
[1] 49
[1] "iteration number: "
[1] 50
[1] "iteration number: "
[1] 51
[1] "iteration number: "
[1] 52
[1] "iteration number: "
[1] 53
[1] "iteration number: "
[1] 54
[1] "iteration number: "
[1] 55
[1] "iteration number: "
[1] 56
[1] "iteration number: "
[1] 57
[1] "iteration number: "
[1] 58
[1] "iteration number: "
[1] 59
[1] "RE-INITIALIZING..."
[1] 2
[1] 5
[1] 24
 [1] 3 3 2 4 3 3 2 4 2 3 2 3 2 3 4 1 3 1 2 2
[1] "iteration number: "
[1] 60
[1] "iteration number: "
[1] 61
[1] "iteration number: "
[1] 62
[1] "iteration number: "
[1] 63
[1] "iteration number: "
[1] 64
[1] "iteration number: "
[1] 65
[1] "iteration number: "
[1] 66
[1] "iteration number: "
[1] 67
[1] "iteration number: "
[1] 68
[1] "iteration number: "
[1] 69
[1] "iteration number: "
[1] 70
[1] "RE-INITIALIZING..."
[1] 3
[1] 5
[1] 24
 [1] 3 3 2 4 3 3 2 4 2 3 2 3 2 3 4 1 3 1 2 2
[1] "iteration number: "
[1] 71
[1] "iteration number: "
[1] 72
[1] "iteration number: "
[1] 73
[1] "iteration number: "
[1] 74
[1] "iteration number: "
[1] 75
[1] "iteration number: "
[1] 76
[1] "iteration number: "
[1] 77
[1] "iteration number: "
[1] 78
[1] "iteration number: "
[1] 79
[1] "iteration number: "
[1] 80
[1] "iteration number: "
[1] 81
[1] "RE-INITIALIZING..."
[1] 4
[1] 5
[1] 24
 [1] 3 3 2 4 3 3 2 4 2 3 2 3 2 3 4 1 3 1 2 2
[1] "iteration number: "
[1] 82
[1] "iteration number: "
[1] 83
[1] "iteration number: "
[1] 84
[1] "iteration number: "
[1] 85
[1] "iteration number: "
[1] 86
[1] "iteration number: "
[1] 87
[1] "iteration number: "
[1] 88
[1] "iteration number: "
[1] 89
[1] "iteration number: "
[1] 90
[1] "iteration number: "
[1] 91
[1] "iteration number: "
[1] 92
[1] "RE-INITIALIZING..."
[1] 5
[1] 5
[1] 24
 [1] 3 3 2 4 3 3 2 4 2 3 2 3 2 3 4 1 3 1 2 2
[1] "iteration number: "
[1] 93
[1] "iteration number: "
[1] 94
[1] "iteration number: "
[1] 95
[1] "iteration number: "
[1] 96
[1] "iteration number: "
[1] 97
[1] "iteration number: "
[1] 98
[1] "iteration number: "
[1] 99
[1] "iteration number: "
[1] 100
[1] "iteration number: "
[1] 101
[1] "iteration number: "
[1] 102
[1] "iteration number: "
[1] 103
[1] "RE-INITIALIZING..."
[1] 6
[1] 5
[1] 24
[1] "No change for 6 iterations. Exiting PSO."
 [1]  2  3  5  6  7  9 10 11 12 13 16 18 21 24
[1] 10
[1] "##################################"
[1] "Results summary for itr:10"
[1] "number of features selected using population mean"
[1] 14
[1] "number of features selected using current global best"
[1] 14
[1] "feat ind length"
[1] 14
[1] "best accuracy"
[1] 50.94901
[1] "test acc:0.923076923076923"
[1] "##################################"
[1] "testacc"
 [1] 0.9230769 0.9615385 0.9615385 0.9615385 0.9615385 0.9615385 1.0000000
 [8] 0.9615385 0.9230769 0.9230769
[1] 0.9538462
   Min. 1st Qu.  Median    Mean 3rd Qu.    Max. 
 0.9231  0.9327  0.9615  0.9538  0.9615  1.0000 
[1] 0.02432521
      [,1] [,2] [,3] [,4] [,5] [,6] [,7] [,8] [,9] [,10]
 [1,]    0    0    0    0    0    0    0    0    0     0
 [2,]    1    1    1    1    1    1    1    1    1     1
 [3,]    1    1    1    1    1    1    1    1    1     1
 [4,]    1    1    1    1    1    0    1    1    1     0
 [5,]    1    1    1    1    1    1    1    1    1     1
 [6,]    1    1    0    1    1    1    1    1    1     1
 [7,]    0    0    0    0    1    0    1    0    0     1
 [8,]    0    0    0    0    0    0    0    1    1     0
 [9,]    1    1    1    1    0    1    1    0    1     1
[10,]    1    1    0    1    1    1    1    1    1     1
[11,]    1    1    1    1    1    1    1    1    1     1
[12,]    1    1    1    1    1    1    1    1    1     1
[13,]    1    1    0    1    1    1    1    1    1     1
[14,]    0    0    1    0    1    0    0    0    1     0
[15,]    0    0    1    1    1    0    0    1    0     0
[16,]    1    1    1    1    1    1    1    1    1     1
[17,]    1    0    0    1    1    1    1    1    1     0
[18,]    1    1    1    1    1    1    1    1    1     1
[19,]    0    1    0    1    0    0    0    0    1     0
[20,]    1    0    1    1    1    0    0    0    1     0
[21,]    1    1    0    1    1    1    1    1    1     1
[22,]    0    0    0    1    0    0    1    0    0     0
[23,]    1    0    1    1    1    0    0    0    1     0
[24,]    1    0    1    1    1    0    0    0    1     1
[25,]    1    1    1    0    1    0    1    1    1     0
[26,]    0    1    1    1    1    0    0    0    1     0
[1] "dim of scoring matrix is "
[1] 26 10
[1] "DS index stage 2"
[1] 0.7876474
[1] "KI index stage 2"
[1] -Inf
[1] 1
   Min. 1st Qu.  Median    Mean 3rd Qu.    Max. 
  0.000   4.250   7.500   6.692   9.750  10.000 
[1] "Number of features selected in 1 iterations:"
[1] 25
[1] "Number of features selected in 1 iterations:"
[1] 25
[1] 0.8484848 1.0000000
[1] 0.8484848 1.0000000
[1] "accuracy: 89.5385120143481 num_feat:25 fitness:55.8135576704347"
$fitfunc
[1] -55.81356

$cverror
[1] 89.53851

$cvpermerror
[1] 50

$testacc
[1] 100

$reverseacc
[1] 92.42424

[1] -55.81356
[1] "Number of features selected in 2 iterations:"
[1] 25
[1] 0.8484848 1.0000000
[1] 0.8484848 1.0000000
[1] "accuracy: 89.5385120143481 num_feat:25 fitness:55.8135576704347"
$fitfunc
[1] -55.81356

$cverror
[1] 89.53851

$cvpermerror
[1] 50

$testacc
[1] 100

$reverseacc
[1] 92.42424

[1] -55.81356
[1] "Number of features selected in 3 iterations:"
[1] 23
[1] 0.9090909 1.0000000
[1] 0.9090909 1.0000000
[1] "accuracy: 89.3646628199254 num_feat:23 fitness:55.911609003056"
$fitfunc
[1] -55.91161

$cverror
[1] 89.36466

$cvpermerror
[1] 50

$testacc
[1] 100

$reverseacc
[1] 95.45455

[1] -55.91161
[1] "Number of features selected in 4 iterations:"
[1] 20
[1] 0.8181818 1.0000000
[1] 0.8181818 1.0000000
[1] "accuracy: 91.7443473894434 num_feat:20 fitness:57.5844843183063"
$fitfunc
[1] -57.58448

$cverror
[1] 91.74435

$cvpermerror
[1] 50

$testacc
[1] 100

$reverseacc
[1] 90.90909

[1] -57.58448
[1] "Number of features selected in 5 iterations:"
[1] 19
[1] 0.8484848 1.0000000
[1] 0.8484848 1.0000000
[1] "accuracy: 93.3259326178346 num_feat:19 fitness:58.8848923538189"
$fitfunc
[1] -58.88489

$cverror
[1] 93.32593

$cvpermerror
[1] 50

$testacc
[1] 100

$reverseacc
[1] 92.42424

[1] -58.88489
[1] "Number of features selected in 6 iterations:"
[1] 16
[1] 0.8484848 1.0000000
[1] 0.8484848 1.0000000
[1] "accuracy: 85.5127657777869 num_feat:16 fitness:52.9861918304444"
$fitfunc
[1] -52.98619

$cverror
[1] 85.51277

$cvpermerror
[1] 50.07302

$testacc
[1] 99.48454

$reverseacc
[1] 92.42424

[1] -52.98619
[1] "Number of features selected in 7 iterations:"
[1] 15
[1] 0.8787879 1.0000000
[1] 0.8787879 1.0000000
[1] "accuracy: 89.1840439943644 num_feat:15 fitness:55.8538696070966"
$fitfunc
[1] -55.85387

$cverror
[1] 89.18404

$cvpermerror
[1] 50.07302

$testacc
[1] 99.48454

$reverseacc
[1] 93.93939

[1] -55.85387
[1] "Number of features selected in 8 iterations:"
[1] 13
[1] 0.8484848 1.0000000
[1] 0.8484848 1.0000000
[1] "accuracy: 89.5219044056397 num_feat:13 fitness:56.1595476419367"
$fitfunc
[1] -56.15955

$cverror
[1] 89.5219

$cvpermerror
[1] 50

$testacc
[1] 99.48454

$reverseacc
[1] 92.42424

[1] -56.15955
[1] "Number of features selected in 9 iterations:"
[1] 11
[1] 0.8181818 1.0000000
[1] 0.8181818 1.0000000
[1] "accuracy: 86.8807582898938 num_feat:11 fitness:54.282946339798"
$fitfunc
[1] -54.28295

$cverror
[1] 86.88076

$cvpermerror
[1] 50

$testacc
[1] 100

$reverseacc
[1] 90.90909

[1] -54.28295
[1] "Number of features selected in 10 iterations:"
[1] 7
[1] 0.5757576 1.0000000
[1] 0.5757576 1.0000000
[1] "accuracy: 69.6411570874538 num_feat:7 fitness:37.6027806823034"
$fitfunc
[1] -37.60278

$cverror
[1] 69.64116

$cvpermerror
[1] 52.53836

$testacc
[1] 92.393

$reverseacc
[1] 78.78788

[1] -37.60278
   Min. 1st Qu.  Median    Mean 3rd Qu.    Max. 
 0.9231  0.9327  0.9615  0.9538  0.9615  1.0000 
[1] "Number of features selected in 5 iterations:"
[1] 19
[1] "Modified train 10 fold accuracy using train data is "
[1] 95.38462
[1] "Modified train accuracy is "
[1] 1
[1] "train confusion matrix is "
          trainclass
pred_train  1  2
         1 33  0
         2  0 97
[1] "Train dimension is "
[1] 130  19
[1] "Test dimension is "
[1] 100  19
[1] "Test confusion matrix is "
    
pred  1  2
   1  5 16
   2 10 69
[1] "Test acc is "
[1] 0.74
[1] "train 10 fold"
[1] 94.61538
[1] "Test confusion matrix is "
    
pred  1  2
   1  5 16
   2 10 69
[1] "Test acc is "
[1] 0.74
[1] "Test AUC:"
[1] 0.572549
[1] "Train acc is "
[1] 1
[1] "# of features after CMA:"
NULL
[1] "# of features after PSO:"
[1] 130  20
    user   system  elapsed 
  92.823   11.429 8474.656 
There were 50 or more warnings (use warnings() to see the first 50)
> 
> 
> 
> feat_ind<-psores$bestfeatlist
> feat_names<-psores$bestfeatnames
> 
> scoringmatrix<-as.data.frame(psores$scoringmatrix)
> print(scoringmatrix)
   V1 V2 V3 V4 V5 V6 V7 V8 V9 V10
1   0  0  0  0  0  0  0  0  0   0
2   1  1  1  1  1  1  1  1  1   1
3   1  1  1  1  1  1  1  1  1   1
4   1  1  1  1  1  0  1  1  1   0
5   1  1  1  1  1  1  1  1  1   1
6   1  1  0  1  1  1  1  1  1   1
7   0  0  0  0  1  0  1  0  0   1
8   0  0  0  0  0  0  0  1  1   0
9   1  1  1  1  0  1  1  0  1   1
10  1  1  0  1  1  1  1  1  1   1
11  1  1  1  1  1  1  1  1  1   1
12  1  1  1  1  1  1  1  1  1   1
13  1  1  0  1  1  1  1  1  1   1
14  0  0  1  0  1  0  0  0  1   0
15  0  0  1  1  1  0  0  1  0   0
16  1  1  1  1  1  1  1  1  1   1
17  1  0  0  1  1  1  1  1  1   0
18  1  1  1  1  1  1  1  1  1   1
19  0  1  0  1  0  0  0  0  1   0
20  1  0  1  1  1  0  0  0  1   0
21  1  1  0  1  1  1  1  1  1   1
22  0  0  0  1  0  0  1  0  0   0
23  1  0  1  1  1  0  0  0  1   0
24  1  0  1  1  1  0  0  0  1   1
25  1  1  1  0  1  0  1  1  1   0
26  0  1  1  1  1  0  0  0  1   0
> print(feat_names[feat_ind])
 [1] "201555_at"   "201798_s_at" "202204_s_at" "202683_s_at" "203139_at"  
 [6] "204825_at"   "205229_s_at" "205478_at"   "205713_s_at" "205751_at"  
[11] "208582_s_at" "208670_s_at" "208893_s_at" "209560_s_at" "212583_at"  
[16] "214612_x_at" "216092_s_at" "218862_at"   "219051_x_at"
> 
> save(psores,file="psores.Rda")
> print("Complete")
[1] "Complete"
> 
