
R version 3.2.2 (2015-08-14) -- "Fire Safety"
Copyright (C) 2015 The R Foundation for Statistical Computing
Platform: x86_64-apple-darwin13.4.0 (64-bit)

R is free software and comes with ABSOLUTELY NO WARRANTY.
You are welcome to redistribute it under certain conditions.
Type 'license()' or 'licence()' for distribution details.

  Natural language support but running in an English locale

R is a collaborative project with many contributors.
Type 'contributors()' for more information and
'citation()' on how to cite R or R packages in publications.

Type 'demo()' for some demos, 'help()' for on-line help, or
'help.start()' for an HTML browser interface to help.
Type 'q()' to quit R.

> 
> #.libPaths("/home/kuppal3/karan_libs/Rlibs")
> library(snow)
Warning message:
package ‘snow’ was built under R version 3.2.5 
> library(e1071)
Warning message:
package ‘e1071’ was built under R version 3.2.5 
> library(yaImpute)

Attaching package: ‘yaImpute’

The following object is masked from ‘package:e1071’:

    impute

> library(pROC)
Type 'citation("pROC")' for a citation.

Attaching package: ‘pROC’

The following objects are masked from ‘package:stats’:

    cov, smooth, var

Warning message:
package ‘pROC’ was built under R version 3.2.5 
> library(bioDist)
Loading required package: Biobase
Loading required package: BiocGenerics
Loading required package: parallel

Attaching package: ‘parallel’

The following objects are masked from ‘package:snow’:

    clusterApply, clusterApplyLB, clusterCall, clusterEvalQ,
    clusterExport, clusterMap, clusterSplit, makeCluster, parApply,
    parCapply, parLapply, parRapply, parSapply, splitIndices,
    stopCluster


Attaching package: ‘BiocGenerics’

The following objects are masked from ‘package:parallel’:

    clusterApply, clusterApplyLB, clusterCall, clusterEvalQ,
    clusterExport, clusterMap, parApply, parCapply, parLapply,
    parLapplyLB, parRapply, parSapply, parSapplyLB

The following objects are masked from ‘package:snow’:

    clusterApply, clusterApplyLB, clusterCall, clusterEvalQ,
    clusterExport, clusterMap, parApply, parCapply, parLapply,
    parRapply, parSapply

The following objects are masked from ‘package:stats’:

    IQR, mad, xtabs

The following objects are masked from ‘package:base’:

    anyDuplicated, append, as.data.frame, as.vector, cbind, colnames,
    do.call, duplicated, eval, evalq, Filter, Find, get, grep, grepl,
    intersect, is.unsorted, lapply, lengths, Map, mapply, match, mget,
    order, paste, pmax, pmax.int, pmin, pmin.int, Position, rank,
    rbind, Reduce, rownames, sapply, setdiff, sort, table, tapply,
    union, unique, unlist, unsplit

Welcome to Bioconductor

    Vignettes contain introductory material; view with
    'browseVignettes()'. To cite Bioconductor, see
    'citation("Biobase")', and for packages 'citation("pkgname")'.

Loading required package: KernSmooth
KernSmooth 2.23 loaded
Copyright M. P. Wand 1997-2009
> #library(CMA, lib="/home/kuppal3/karan_libs/Rlibs/")
> library(RankAggreg)
Warning message:
package ‘RankAggreg’ was built under R version 3.2.5 
> library(CMA)

Attaching package: ‘CMA’

The following object is masked from ‘package:pROC’:

    roc

The following object is masked from ‘package:e1071’:

    tune

Warning message:
package ‘CMA’ was built under R version 3.2.4 
> library(expm)
Loading required package: Matrix

Attaching package: ‘expm’

The following object is masked from ‘package:Matrix’:

    expm

Warning messages:
1: package ‘expm’ was built under R version 3.2.5 
2: package ‘Matrix’ was built under R version 3.2.5 
> 
> cl<-makeCluster(1)
> 
> 
> args<-commandArgs(trailingOnly=TRUE)
> 
> dirloc<-"/Users/karanuppal/Documents/Gatech/Projects/Algorithms/TwostagePSO/"
> #sname<-paste("/home/stu/kuppal3/Research/Feature_selection/Rcode/versionnov2014/OCFS_",args[9],".R",sep="")
> 
> sname<-paste(dirloc,"version2017/OCFS_",args[9],".R",sep="")
> source(sname)
> 
> outloc<-paste(dirloc,"/Datasets/Prostate/OCFSvmay2415_Prostate",args[9],"/",sep="")
> 
> 
> sname<-paste(dirloc,"Datasets/Prostate/Prostate.Rda",sep="")
> load(sname)
> 
> trainm<-Prostate$X
> testm<-Prostate$Xt
> trainclass<-Prostate$Y
> testclass<-Prostate$Yt
> 
> 
> 
> 
> 
> trainm<-cbind(trainclass,trainm)
> testm<-cbind(testclass,testm)
> 
> trainm<-na.omit(trainm)
> testm<-na.omit(testm)
> 
> 
> dir.create(outloc)
Warning message:
In dir.create(outloc) :
  '/Users/karanuppal/Documents/Gatech/Projects/Algorithms/TwostagePSO//Datasets/Prostate/OCFSvmay2415_Prostatevmarch62018_v3' already exists
> setwd(outloc)
> 
> trainm<-as.matrix(trainm)
> testm<-as.matrix(testm)
> trainclass<-trainm[,1] #CMAres$modtrainclass
> testclass<-testm[,1] #CMAres$modtestclass
> trainm<-trainm[,-c(1)] #CMAres$modtrainmata
> testm<-testm[,-c(1)] #CMAres$modtestmata
> 
> #a: Confusions
> #b: Neighbors
> #c: Global
> #d: Death
> 
> a<-c(0.25,0.25,0.25,0.25)
> b<-c(0.3,0.1,0.4,0.1)
> c<-c(0.25,0.25,0.5,0)
> d<-c(0.9,0.1,0,0.1)
> 
> a<-c(0,0.4,0.1,0.5)
> b<-c(0.3,0.1,0.4,0.1)
> c<-c(0,0.5,0.5,0)
> d<-c(0.9,0.1,0,0)
> 
> a<-c(0,0.4,0.1,0.5)
> b<-c(0.2,0.3,0.4,0.1)
> c<-c(0,0.4,0.4,0.2)
> d<-c(0.9,0.1,0,0)
> 
> transition_matrix<-rbind(a,b,c,d)
> 
> 
> dir.create(outloc)
Warning message:
In dir.create(outloc) :
  '/Users/karanuppal/Documents/Gatech/Projects/Algorithms/TwostagePSO//Datasets/Prostate/OCFSvmay2415_Prostatevmarch62018_v3' already exists
> setwd(outloc)
> temp2=t(trainm)
> temp2=apply(temp2, 2, function(x){which(x=="MD")})
> temp2=unlist(temp2)
> temp2=unique(temp2)
> if(length(temp2)>1)
+ {
+ 	trainm=trainm[,-c(temp2)]
+ 
+ 	rm(temp2)
+ }
> 
> boostweight=rep(0,dim(trainm)[2])
> 
> #if(FALSE)
> {
+ CMAres<-performCMA(trainm, trainclass, testm, testclass,outloc,
+ maxnum=as.numeric(args[10]),
+ minnum=3,
+ stepitr=1,
+ gsmethods=c("limma"), #"lasso","elasticnet","kruskal.test"), #"f.test", "f.test", "elasticnet", "wilcox.test", "welch.test"),
+ pct_train=0.40,
+ accuracyweight=1,
+ featweight=0.06,
+ minpresent=1,
+ kname="radial",
+ norm_method="none",
+ tolerance=0.5,
+ maxitrs=5,
+ classindex=1,
+ numfacts=0,
+ evalmethod="CV",
+ numfolds=10,
+ CVfoldthresh=0.7,
+ varselmethod=args[11],
+ scheme_val="one-vs-all",
+ iter_learn=1,boostweight=rep(0,dim(trainm)[2]))
+ 
+ 
+ CMAres<-performCMA(trainm, trainclass, testm, testclass,outloc,
+ maxnum=as.numeric(args[10]),
+ minnum=3,
+ stepitr=1,
+ gsmethods=c("lasso"), #"lasso","elasticnet","kruskal.test"), #"f.test", "f.test", "elasticnet", "wilcox.test", "welch.test"),
+ pct_train=0.40,
+ accuracyweight=1,
+ featweight=0.06,
+ minpresent=1,
+ kname="radial",
+ norm_method="none",
+ tolerance=0.5,
+ maxitrs=5,
+ classindex=1,
+ numfacts=0,
+ evalmethod="CV",
+ numfolds=10,
+ CVfoldthresh=0.7,
+ varselmethod=args[11],
+ scheme_val="one-vs-all",
+ iter_learn=1,boostweight=rep(0,dim(trainm)[2]))
+ 
+ CMAres<-performCMA(trainm, trainclass, testm, testclass,outloc,
+ maxnum=as.numeric(args[10]),
+ minnum=3,
+ stepitr=1,
+ gsmethods=c("rfe"), #"lasso","elasticnet","kruskal.test"), #"f.test", "f.test", "elasticnet", "wilcox.test", "welch.test"),
+ pct_train=0.40,
+ accuracyweight=1,
+ featweight=0.06,
+ minpresent=1,
+ kname="radial",
+ norm_method="none",
+ tolerance=0.5,
+ maxitrs=5,
+ classindex=1,
+ numfacts=0,
+ evalmethod="CV",
+ numfolds=10,
+ CVfoldthresh=0.7,
+ varselmethod=args[11],
+ scheme_val="one-vs-all",
+ iter_learn=1,boostweight=rep(0,dim(trainm)[2]))
+ 
+ CMAres<-performCMA(trainm, trainclass, testm, testclass,outloc,
+ maxnum=as.numeric(args[10]),
+ minnum=3,
+ stepitr=1,
+ gsmethods=c("elasticnet"), #"lasso","elasticnet","kruskal.test"), #"f.test", "f.test", "elasticnet", "wilcox.test", "welch.test"),
+ pct_train=0.40,
+ accuracyweight=1,
+ featweight=0.06,
+ minpresent=1,
+ kname="radial",
+ norm_method="none",
+ tolerance=0.5,
+ maxitrs=5,
+ classindex=1,
+ numfacts=0,
+ evalmethod="CV",
+ numfolds=10,
+ CVfoldthresh=0.7,
+ varselmethod=args[11],
+ scheme_val="one-vs-all",
+ iter_learn=1,boostweight=rep(0,dim(trainm)[2]))
+ 
+ if(FALSE){
+ CMAres<-performCMA(trainm, trainclass, testm, testclass,outloc,
+ maxnum=as.numeric(args[10]),
+ minnum=3,
+ stepitr=1,
+ gsmethods=c("rf"), #"lasso","elasticnet","kruskal.test"), #"f.test", "f.test", "elasticnet", "wilcox.test", "welch.test"),
+ pct_train=0.40,
+ accuracyweight=1,
+ featweight=0.06,
+ minpresent=1,
+ kname="radial",
+ norm_method="none",
+ tolerance=0.5,
+ maxitrs=5,
+ classindex=1,
+ numfacts=0,
+ evalmethod="CV",
+ numfolds=10,
+ CVfoldthresh=0.7,
+ varselmethod=args[11],
+ scheme_val="one-vs-all",
+ iter_learn=1,boostweight=rep(0,dim(trainm)[2]))
+ }
+ 
+ CMAres<-performCMA(trainm, trainclass, testm, testclass,outloc,
+ maxnum=as.numeric(args[10]),
+ minnum=3,
+ stepitr=1,
+ gsmethods=c("f.test"), #"lasso","elasticnet","kruskal.test"), #"f.test", "f.test", "elasticnet", "wilcox.test", "welch.test"),
+ pct_train=0.40,
+ accuracyweight=1,
+ featweight=0.06,
+ minpresent=1,
+ kname="radial",
+ norm_method="none",
+ tolerance=0.5,
+ maxitrs=5,
+ classindex=1,
+ numfacts=0,
+ evalmethod="CV",
+ numfolds=10,
+ CVfoldthresh=0.7,
+ varselmethod=args[11],
+ scheme_val="one-vs-all",
+ iter_learn=1,boostweight=rep(0,dim(trainm)[2]))
+ }
[1] "dim of trainm is "
[1]   61 6033
[1]   61 6033
[1] "maxnum is "
[1] 5
[1] "# of genes left after filtering:"
[1]   61 6033
[1] "limma"
[1] "Method name: limma"
[1]   61 6033
nci_y
 1  2 
36 25 
learningset mode:  CV 
number of learningsets:  10 
(maximum) number of observations per learning set:  55 
[1] "one-vs-all"
GeneSelection: iteration 1 

Attaching package: ‘limma’

The following object is masked from ‘package:BiocGenerics’:

    plotMA

GeneSelection: iteration 2 
GeneSelection: iteration 3 
GeneSelection: iteration 4 
GeneSelection: iteration 5 
GeneSelection: iteration 6 
GeneSelection: iteration 7 
GeneSelection: iteration 8 
GeneSelection: iteration 9 
GeneSelection: iteration 10 
[1] 20
[1] "varselmethod"
[1] "none"
[1] 20
[1] "Method: limma"
[1] 20
[1] "dim of scoring matrix is "
[1] 6033    1
    Min.  1st Qu.   Median     Mean  3rd Qu.     Max. 
0.000000 0.000000 0.000000 0.003315 0.000000 1.000000 
[1] 20
[1] 6033
[1] "DS index stage 1"
[1] NA
[1] "bestgenelist"
 [1]   98  478  610  694  702  735  914 1089 1491 1979 2941 3002 3208 3600 3647
[16] 4073 4316 4331 4396 5159
                                                                     
[1,] -1.1970807  0.3523077 -0.9436425  3.418485  0.6127069  3.6118660
[2,] -1.2145232 -0.8300460  1.1785517 -0.874537 -0.5003415 -0.8149619
[3,] -0.6771289 -0.2684535 -1.3201326 -0.495250 -0.8437131 -0.8291011
                                                                       
[1,] -0.6832863 -0.1665200  0.3909948  0.8765935 -0.2274168  0.48996778
[2,]  1.7123557  0.3272564 -1.1621560 -1.0480159  0.4726325 -0.89862866
[3,]  1.0313727 -1.1214110  0.9951984 -1.0595995 -1.1636745 -0.08058525
                                                                              
[1,] -1.1692468  2.9995593 -0.6064776 0.9889137  0.5488535  0.314244  2.179618
[2,]  1.7327420 -1.1621560  2.1909283 0.7141918 -1.1609344 -1.162156  1.107147
[3,]  0.7810463  0.4958446  1.4493698 1.3150764 -0.7661923 -1.172488 -1.171280
               
[1,]  3.4666482
[2,] -0.8923444
[3,] -0.1735917
                                                                       
[1,] -0.05515696  2.8785633  0.4530718 -0.9573321  2.1247061 -0.8645951
[2,] -0.75110298 -0.8229654  0.4364162 -0.4752287  1.2432783 -0.5544799
[3,] -0.23587322 -0.4537037 -1.3101486 -0.8832488 -0.5885073 -0.8250375
                                                                      
[1,] -0.7478173  1.1468266 -0.7803067  1.9974671  0.9749025  1.5184903
[2,]  1.0224178 -1.0476557  0.1946758 -0.4538030 -1.1416733 -0.4619267
[3,] -1.1491934  0.9543006 -1.1642841  0.8633208  0.1145004 -0.9067891
                                                                               
[1,] -1.1558641 -0.9600797 0.4494994  0.4460645 0.9623054  0.08974799 0.1523794
[2,] -0.9296488 -1.1504606 0.2482434 -0.3771886 1.0539533 -0.52529286 1.0124891
[3,]  2.1318217  0.7498193 0.6337699 -0.4538769 0.6181101 -0.30462510 0.4307297
               
[1,] -1.3074886
[2,]  0.3757104
[3,] -0.9006487
[1] "numgenes selected:20"
[1] "test acc:0.707317073170732"
[1] "test AUC acc:0.72625"
[1] "10 fold train100"
[1] "confusion matrix train 10 fold"
          nci_y
pred10fold  1  2
         1 36  0
         2  0 25
[1] "confusion matrix test"
         test_y
pred_test  1  2
        1 13  9
        2  3 16
[1] "train acc:1"
[1] "confusion matrix train"
          nci_y
pred_train  1  2
         1 36  0
         2  0 25
[1] "DS index stage 1"
[1] NA
[1] "KI index stage 1"
[1] NA
[1] "dim of trainm is "
[1]   61 6033
[1]   61 6033
[1] "maxnum is "
[1] 5
[1] "# of genes left after filtering:"
[1]   61 6033
[1] "lasso"
[1] "Method name: lasso"
[1]   61 6033
nci_y
 1  2 
36 25 
learningset mode:  CV 
number of learningsets:  10 
(maximum) number of observations per learning set:  55 
[1] "one-vs-all"
GeneSelection: iteration 1 
Loaded glmnet 2.0-10


Attaching package: ‘glmnet’

The following object is masked from ‘package:pROC’:

    auc

GeneSelection: iteration 2 
GeneSelection: iteration 3 
GeneSelection: iteration 4 
GeneSelection: iteration 5 
GeneSelection: iteration 6 
GeneSelection: iteration 7 
GeneSelection: iteration 8 
GeneSelection: iteration 9 
GeneSelection: iteration 10 
genelist
3647 3600 2941  914 1003 5159  610  735  966 1113 3002 3208 4073 4316 4331 5158 
   6    5    4    3    3    3    2    2    2    2    2    2    2    2    2    2 
 702 1444 1491 1720 1979 4538 
   1    1    1    1    1    1 
[1] 22
[1] "varselmethod"
[1] "none"
[1] 22
[1] "Method: lasso"
[1] 22
[1] "dim of scoring matrix is "
[1] 6033    1
    Min.  1st Qu.   Median     Mean  3rd Qu.     Max. 
0.000000 0.000000 0.000000 0.003647 0.000000 1.000000 
[1] 22
[1] 6033
[1] "DS index stage 1"
[1] NA
[1] "bestgenelist"
 [1]  610  702  735  914  966 1003 1113 1444 1491 1720 1979 2941 3002 3208 3600
[16] 3647 4073 4316 4331 4538 5158 5159
                                                                     
[1,] -0.9436425  0.6127069  3.6118660 -0.6832863 -0.8544772 -1.173464
[2,]  1.1785517 -0.5003415 -0.8149619  1.7123557 -0.2132216 -1.048016
[3,] -1.3201326 -0.8437131 -0.8291011  1.0313727 -0.8662605 -1.059599
                                                                       
[1,] -0.4662905  0.1860486  0.3909948 -0.85168727  0.8765935 -0.2274168
[2,]  0.1226591 -0.2374325 -1.1621560  0.02507154 -1.0480159  0.4726325
[3,]  0.6249444  1.8451938  0.9951984  0.02354169 -1.0595995 -1.1636745
                                                                      
[1,]  0.48996778 -1.1692468  2.9995593 -0.6064776 0.9889137  0.5488535
[2,] -0.89862866  1.7327420 -1.1621560  2.1909283 0.7141918 -1.1609344
[3,] -0.08058525  0.7810463  0.4958446  1.4493698 1.3150764 -0.7661923
                                                
[1,]  0.314244 -0.92031230 -0.3684311  3.4666482
[2,] -1.162156  0.02461879  0.7882538 -0.8923444
[3,] -1.172488 -0.67467186  0.2093656 -0.1735917
                                                                      
[1,]  0.4530718  2.1247061 -0.8645951 -0.7478173 -0.8405985 -0.1275642
[2,]  0.4364162  1.2432783 -0.5544799  1.0224178 -0.8313892 -1.0379066
[3,] -1.3101486 -0.5885073 -0.8250375 -1.1491934 -0.4043229 -0.3221940
                                                                       
[1,] -0.02550902  1.4585038 -0.7803067 -0.8378041  1.9974671  0.9749025
[2,] -0.76002898 -0.2849424  0.1946758 -0.8285985 -0.4538030 -1.1416733
[3,] -0.99042853 -0.5868164 -1.1642841 -1.1630904  0.8633208  0.1145004
                                                                    
[1,]  1.5184903 -1.1558641 -0.9600797 0.4494994  0.4460645 0.9623054
[2,] -0.4619267 -0.9296488 -1.1504606 0.2482434 -0.3771886 1.0539533
[3,] -0.9067891  2.1318217  0.7498193 0.6337699 -0.4538769 0.6181101
                                                 
[1,]  0.08974799  0.7830286 -0.9299043 -1.3074886
[2,] -0.52529286 -0.2073188 -0.9205781  0.3757104
[3,] -0.30462510  0.8454398  1.3523099 -0.9006487
[1] "numgenes selected:22"
[1] "test acc:0.75609756097561"
[1] "test AUC acc:0.7775"
[1] "10 fold train100"
[1] "confusion matrix train 10 fold"
          nci_y
pred10fold  1  2
         1 36  0
         2  0 25
[1] "confusion matrix test"
         test_y
pred_test  1  2
        1 14  8
        2  2 17
[1] "train acc:1"
[1] "confusion matrix train"
          nci_y
pred_train  1  2
         1 36  0
         2  0 25
[1] "DS index stage 1"
[1] NA
[1] "KI index stage 1"
[1] NA
[1] "dim of trainm is "
[1]   61 6033
[1]   61 6033
[1] "maxnum is "
[1] 5
[1] "# of genes left after filtering:"
[1]   61 6033
[1] "rfe"
[1] "Method name: rfe"
[1]   61 6033
nci_y
 1  2 
36 25 
learningset mode:  CV 
number of learningsets:  10 
(maximum) number of observations per learning set:  55 
[1] "one-vs-all"
GeneSelection: iteration 1 
GeneSelection: iteration 2 
GeneSelection: iteration 3 
GeneSelection: iteration 4 
GeneSelection: iteration 5 
GeneSelection: iteration 6 
GeneSelection: iteration 7 
GeneSelection: iteration 8 
GeneSelection: iteration 9 
GeneSelection: iteration 10 
[1] 18
[1] "varselmethod"
[1] "none"
[1] 18
[1] "Method: rfe"
[1] 18
[1] "dim of scoring matrix is "
[1] 6033    1
    Min.  1st Qu.   Median     Mean  3rd Qu.     Max. 
0.000000 0.000000 0.000000 0.002984 0.000000 1.000000 
[1] 18
[1] 6033
[1] "DS index stage 1"
[1] NA
[1] "bestgenelist"
 [1]    2   78  267  285  289  292  694  721  735  914 3260 3269 3414 3585 3600
[16] 3647 4073 4396
                                                                               
[1,] -0.8516873 -0.0562021 -1.0834847  1.3437848  3.0716385 0.9151347  3.418485
[2,]  0.6291059 -0.8149619 -0.8772117 -0.8597069 -0.1578967 1.4664974 -0.874537
[3,]  0.4419918  0.5850390  0.6176112 -0.8733554  3.3609627 1.5247993 -0.495250
                                                                     
[1,] -0.8544772  3.6118660 -0.6832863 -0.8516873  1.5840453 1.3389177
[2,] -0.7576007 -0.8149619  1.7123557 -1.1609344 -0.4444882 0.9190061
[3,] -0.8662605 -0.8291011  1.0313727  0.3287958 -1.1572130 0.2921515
                                                         
[1,]  1.5887217  2.9995593 -0.6064776 0.9889137  2.179618
[2,] -1.1609344 -1.1621560  2.1909283 0.7141918  1.107147
[3,] -0.1687816  0.4958446  1.4493698 1.3150764 -1.171280
                                                                       
[1,] -0.8378041 -0.5319119 -0.48985121 -0.8030083  3.2472156  2.8434619
[2,] -0.8285985  3.8637648 -0.08145184 -0.8522141 -0.8802278  2.5498052
[3,]  0.5638568 -0.8250375 -0.43331225 -0.8687582  1.2560668 -0.0177926
                                                                       
[1,] -0.9573321 -0.8405985 -0.8645951 -0.7478173  0.21872976 -0.9270340
[2,] -0.4752287 -0.8313892 -0.5544799  1.0224178  0.08911209 -0.9177115
[3,] -0.8832488 -0.8617489 -0.8250375 -1.1491934 -0.87658780  0.2246608
                                                                    
[1,] -0.9275835  0.6298021 -0.9600797 0.4494994  0.4460645 0.1523794
[2,]  0.9359531 -0.8285985 -1.1504606 0.2482434 -0.3771886 1.0124891
[3,] -0.3545986  2.4713209  0.7498193 0.6337699 -0.4538769 0.4307297
[1] "numgenes selected:18"
[1] "test acc:0.707317073170732"
[1] "test AUC acc:0.74875"
[1] "10 fold train98.3606557377049"
[1] "confusion matrix train 10 fold"
          nci_y
pred10fold  1  2
         1 36  0
         2  0 25
[1] "confusion matrix test"
         test_y
pred_test  1  2
        1 15 11
        2  1 14
[1] "train acc:1"
[1] "confusion matrix train"
          nci_y
pred_train  1  2
         1 36  0
         2  0 25
[1] "DS index stage 1"
[1] NA
[1] "KI index stage 1"
[1] NA
[1] "dim of trainm is "
[1]   61 6033
[1]   61 6033
[1] "maxnum is "
[1] 5
[1] "# of genes left after filtering:"
[1]   61 6033
[1] "elasticnet"
[1] "Method name: elasticnet"
[1]   61 6033
nci_y
 1  2 
36 25 
learningset mode:  CV 
number of learningsets:  10 
(maximum) number of observations per learning set:  55 
[1] "one-vs-all"
GeneSelection: iteration 1 
GeneSelection: iteration 2 
GeneSelection: iteration 3 
GeneSelection: iteration 4 
GeneSelection: iteration 5 
GeneSelection: iteration 6 
GeneSelection: iteration 7 
GeneSelection: iteration 8 
GeneSelection: iteration 9 
GeneSelection: iteration 10 
[1] 24
[1] "varselmethod"
[1] "none"
[1] 24
[1] "Method: elasticnet"
[1] 24
[1] "dim of scoring matrix is "
[1] 6033    1
    Min.  1st Qu.   Median     Mean  3rd Qu.     Max. 
0.000000 0.000000 0.000000 0.003978 0.000000 1.000000 
[1] 24
[1] 6033
[1] "DS index stage 1"
[1] NA
[1] "bestgenelist"
 [1]  478  610  702  735  914  966 1003 1113 1444 1491 1720 1979 2941 2945 3002
[16] 3208 3600 3647 4073 4316 4331 4538 5158 5159
                                                                      
[1,]  0.3523077 -0.9436425  0.6127069  3.6118660 -0.6832863 -0.8544772
[2,] -0.8300460  1.1785517 -0.5003415 -0.8149619  1.7123557 -0.2132216
[3,] -0.2684535 -1.3201326 -0.8437131 -0.8291011  1.0313727 -0.8662605
                                                                      
[1,] -1.173464 -0.4662905  0.1860486  0.3909948 -0.85168727  0.8765935
[2,] -1.048016  0.1226591 -0.2374325 -1.1621560  0.02507154 -1.0480159
[3,] -1.059599  0.6249444  1.8451938  0.9951984  0.02354169 -1.0595995
                                                                       
[1,] -0.2274168 -0.9407767  0.48996778 -1.1692468  2.9995593 -0.6064776
[2,]  0.4726325 -1.1467118 -0.89862866  1.7327420 -1.1621560  2.1909283
[3,] -1.1636745 -0.7652995 -0.08058525  0.7810463  0.4958446  1.4493698
                                                                     
[1,] 0.9889137  0.5488535  0.314244 -0.92031230 -0.3684311  3.4666482
[2,] 0.7141918 -1.1609344 -1.162156  0.02461879  0.7882538 -0.8923444
[3,] 1.3150764 -0.7661923 -1.172488 -0.67467186  0.2093656 -0.1735917
                                                                      
[1,]  2.8785633  0.4530718  2.1247061 -0.8645951 -0.7478173 -0.8405985
[2,] -0.8229654  0.4364162  1.2432783 -0.5544799  1.0224178 -0.8313892
[3,] -0.4537037 -1.3101486 -0.5885073 -0.8250375 -1.1491934 -0.4043229
                                                                       
[1,] -0.1275642 -0.02550902  1.4585038 -0.7803067 -0.8378041  1.9974671
[2,] -1.0379066 -0.76002898 -0.2849424  0.1946758 -0.8285985 -0.4538030
[3,] -0.3221940 -0.99042853 -0.5868164 -1.1642841 -1.1630904  0.8633208
                                                                     
[1,]  0.9749025  1.4822310  1.5184903 -1.1558641 -0.9600797 0.4494994
[2,] -1.1416733  0.4461475 -0.4619267 -0.9296488 -1.1504606 0.2482434
[3,]  0.1145004 -1.1491934 -0.9067891  2.1318217  0.7498193 0.6337699
                                                                      
[1,]  0.4460645 0.9623054  0.08974799  0.7830286 -0.9299043 -1.3074886
[2,] -0.3771886 1.0539533 -0.52529286 -0.2073188 -0.9205781  0.3757104
[3,] -0.4538769 0.6181101 -0.30462510  0.8454398  1.3523099 -0.9006487
[1] "numgenes selected:24"
[1] "test acc:0.707317073170732"
[1] "test AUC acc:0.72625"
[1] "10 fold train98.3606557377049"
[1] "confusion matrix train 10 fold"
          nci_y
pred10fold  1  2
         1 36  0
         2  0 25
[1] "confusion matrix test"
         test_y
pred_test  1  2
        1 13  9
        2  3 16
[1] "train acc:1"
[1] "confusion matrix train"
          nci_y
pred_train  1  2
         1 36  0
         2  0 25
[1] "DS index stage 1"
[1] NA
[1] "KI index stage 1"
[1] NA
[1] "dim of trainm is "
[1]   61 6033
[1]   61 6033
[1] "maxnum is "
[1] 5
[1] "# of genes left after filtering:"
[1]   61 6033
[1] "f.test"
[1] "Method name: f.test"
[1]   61 6033
nci_y
 1  2 
36 25 
learningset mode:  CV 
number of learningsets:  10 
(maximum) number of observations per learning set:  55 
[1] "one-vs-all"
GeneSelection: iteration 1 
GeneSelection: iteration 2 
GeneSelection: iteration 3 
GeneSelection: iteration 4 
GeneSelection: iteration 5 
GeneSelection: iteration 6 
GeneSelection: iteration 7 
GeneSelection: iteration 8 
GeneSelection: iteration 9 
GeneSelection: iteration 10 
[1] 25
[1] "varselmethod"
[1] "none"
[1] 25
[1] "Method: f.test"
[1] 25
[1] "dim of scoring matrix is "
[1] 6033    1
    Min.  1st Qu.   Median     Mean  3rd Qu.     Max. 
0.000000 0.000000 0.000000 0.004144 0.000000 1.000000 
[1] 25
[1] 6033
[1] "DS index stage 1"
[1] NA
[1] "bestgenelist"
 [1]   98  478  610  694  702  735  914 1089 1113 1149 1491 1720 1979 2941 3002
[16] 3208 3600 3647 4073 4316 4331 4396 4538 5158 5159
                                                                     
[1,] -1.1970807  0.3523077 -0.9436425  3.418485  0.6127069  3.6118660
[2,] -1.2145232 -0.8300460  1.1785517 -0.874537 -0.5003415 -0.8149619
[3,] -0.6771289 -0.2684535 -1.3201326 -0.495250 -0.8437131 -0.8291011
                                                                       
[1,] -0.6832863 -0.1665200 -0.4662905  0.4725802  0.3909948 -0.85168727
[2,]  1.7123557  0.3272564  0.1226591 -0.8357585 -1.1621560  0.02507154
[3,]  1.0313727 -1.1214110  0.6249444 -0.8496696  0.9951984  0.02354169
                                                                       
[1,]  0.8765935 -0.2274168  0.48996778 -1.1692468  2.9995593 -0.6064776
[2,] -1.0480159  0.4726325 -0.89862866  1.7327420 -1.1621560  2.1909283
[3,] -1.0595995 -1.1636745 -0.08058525  0.7810463  0.4958446  1.4493698
                                                                               
[1,] 0.9889137  0.5488535  0.314244  2.179618 -0.92031230 -0.3684311  3.4666482
[2,] 0.7141918 -1.1609344 -1.162156  1.107147  0.02461879  0.7882538 -0.8923444
[3,] 1.3150764 -0.7661923 -1.172488 -1.171280 -0.67467186  0.2093656 -0.1735917
                                                                       
[1,] -0.05515696  2.8785633  0.4530718 -0.9573321  2.1247061 -0.8645951
[2,] -0.75110298 -0.8229654  0.4364162 -0.4752287  1.2432783 -0.5544799
[3,] -0.23587322 -0.4537037 -1.3101486 -0.8832488 -0.5885073 -0.8250375
                                                                       
[1,] -0.7478173  1.1468266 -0.02550902  0.6167017 -0.7803067 -0.8378041
[2,]  1.0224178 -1.0476557 -0.76002898  2.6210873  0.1946758 -0.8285985
[3,] -1.1491934  0.9543006 -0.99042853 -0.7546535 -1.1642841 -1.1630904
                                                                     
[1,]  1.9974671  0.9749025  1.5184903 -1.1558641 -0.9600797 0.4494994
[2,] -0.4538030 -1.1416733 -0.4619267 -0.9296488 -1.1504606 0.2482434
[3,]  0.8633208  0.1145004 -0.9067891  2.1318217  0.7498193 0.6337699
                                                                     
[1,]  0.4460645 0.9623054  0.08974799 0.1523794  0.7830286 -0.9299043
[2,] -0.3771886 1.0539533 -0.52529286 1.0124891 -0.2073188 -0.9205781
[3,] -0.4538769 0.6181101 -0.30462510 0.4307297  0.8454398  1.3523099
               
[1,] -1.3074886
[2,]  0.3757104
[3,] -0.9006487
[1] "numgenes selected:25"
[1] "test acc:0.707317073170732"
[1] "test AUC acc:0.7375"
[1] "10 fold train100"
[1] "confusion matrix train 10 fold"
          nci_y
pred10fold  1  2
         1 36  0
         2  0 25
[1] "confusion matrix test"
         test_y
pred_test  1  2
        1 14 10
        2  2 15
[1] "train acc:1"
[1] "confusion matrix train"
          nci_y
pred_train  1  2
         1 36  0
         2  0 25
[1] "DS index stage 1"
[1] NA
[1] "KI index stage 1"
[1] NA
There were 32 warnings (use warnings() to see them)
> #1
> CMAres<-performCMA(trainm, trainclass, testm, testclass,outloc,
+ maxnum=as.numeric(args[10]),
+ minnum=3,
+ stepitr=1,
+ gsmethods=c("limma","lasso","rfe","elasticnet", "f.test"), #"lasso","elasticnet","kruskal.test"), #"f.test", "f.test", "elasticnet", "wilcox.test", "welch.test"),
+ pct_train=0.40,
+ accuracyweight=1,
+ featweight=0.06,
+ minpresent=1,
+ kname="radial",
+ norm_method="none",
+ tolerance=0.5,
+ maxitrs=5,
+ classindex=1,
+ numfacts=0,
+ evalmethod="CV",
+ numfolds=10,
+ CVfoldthresh=0.7,
+ varselmethod=args[11],
+ scheme_val="one-vs-all",
+ iter_learn=1,boostweight=rep(0,dim(trainm)[2]))
[1] "dim of trainm is "
[1]   61 6033
[1]   61 6033
[1] "maxnum is "
[1] 5
[1] "# of genes left after filtering:"
[1]   61 6033
[1] "limma"      "lasso"      "rfe"        "elasticnet" "f.test"    
[1] "Method name: limma"
[1]   61 6033
nci_y
 1  2 
36 25 
learningset mode:  CV 
number of learningsets:  10 
(maximum) number of observations per learning set:  55 
[1] "one-vs-all"
GeneSelection: iteration 1 
GeneSelection: iteration 2 
GeneSelection: iteration 3 
GeneSelection: iteration 4 
GeneSelection: iteration 5 
GeneSelection: iteration 6 
GeneSelection: iteration 7 
GeneSelection: iteration 8 
GeneSelection: iteration 9 
GeneSelection: iteration 10 
[1] 20
[1] "varselmethod"
[1] "none"
[1] 20
[1] "Method: limma"
[1] 20
[1] "Method name: lasso"
[1]   61 6033
nci_y
 1  2 
36 25 
learningset mode:  CV 
number of learningsets:  10 
(maximum) number of observations per learning set:  55 
[1] "one-vs-all"
GeneSelection: iteration 1 
GeneSelection: iteration 2 
GeneSelection: iteration 3 
GeneSelection: iteration 4 
GeneSelection: iteration 5 
GeneSelection: iteration 6 
GeneSelection: iteration 7 
GeneSelection: iteration 8 
GeneSelection: iteration 9 
GeneSelection: iteration 10 
genelist
3647 3600 2941  914 1003 5159  610  735  966 1113 3002 3208 4073 4316 4331 5158 
   6    5    4    3    3    3    2    2    2    2    2    2    2    2    2    2 
 702 1444 1491 1720 1979 4538 
   1    1    1    1    1    1 
[1] 22
[1] "varselmethod"
[1] "none"
[1] 22
[1] "Method: lasso"
[1] 22
[1] "Method name: rfe"
[1]   61 6033
nci_y
 1  2 
36 25 
learningset mode:  CV 
number of learningsets:  10 
(maximum) number of observations per learning set:  55 
[1] "one-vs-all"
GeneSelection: iteration 1 
GeneSelection: iteration 2 
GeneSelection: iteration 3 
GeneSelection: iteration 4 
GeneSelection: iteration 5 
GeneSelection: iteration 6 
GeneSelection: iteration 7 
GeneSelection: iteration 8 
GeneSelection: iteration 9 
GeneSelection: iteration 10 
[1] 18
[1] "varselmethod"
[1] "none"
[1] 18
[1] "Method: rfe"
[1] 18
[1] "Method name: elasticnet"
[1]   61 6033
nci_y
 1  2 
36 25 
learningset mode:  CV 
number of learningsets:  10 
(maximum) number of observations per learning set:  55 
[1] "one-vs-all"
GeneSelection: iteration 1 
GeneSelection: iteration 2 
GeneSelection: iteration 3 
GeneSelection: iteration 4 
GeneSelection: iteration 5 
GeneSelection: iteration 6 
GeneSelection: iteration 7 
GeneSelection: iteration 8 
GeneSelection: iteration 9 
GeneSelection: iteration 10 
[1] 24
[1] "varselmethod"
[1] "none"
[1] 24
[1] "Method: elasticnet"
[1] 24
[1] "Method name: f.test"
[1]   61 6033
nci_y
 1  2 
36 25 
learningset mode:  CV 
number of learningsets:  10 
(maximum) number of observations per learning set:  55 
[1] "one-vs-all"
GeneSelection: iteration 1 
GeneSelection: iteration 2 
GeneSelection: iteration 3 
GeneSelection: iteration 4 
GeneSelection: iteration 5 
GeneSelection: iteration 6 
GeneSelection: iteration 7 
GeneSelection: iteration 8 
GeneSelection: iteration 9 
GeneSelection: iteration 10 
[1] 25
[1] "varselmethod"
[1] "none"
[1] 25
[1] "Method: f.test"
[1] 25
[1] "dim of scoring matrix is "
[1] 6033    5
   Min. 1st Qu.  Median    Mean 3rd Qu.    Max. 
0.00000 0.00000 0.00000 0.01807 0.00000 5.00000 
[1] 40
[1] 6033
[1] "DS index stage 1"
[1] 0.6093904
[1] "bestgenelist"
 [1]    2   78   98  267  285  289  292  478  610  694  702  721  735  914  966
[16] 1003 1089 1113 1149 1444 1491 1720 1979 2941 2945 3002 3208 3260 3269 3414
[31] 3585 3600 3647 4073 4316 4331 4396 4538 5158 5159
                                                                      
[1,] -0.8516873 -0.0562021 -1.1970807 -1.0834847  1.3437848  3.0716385
[2,]  0.6291059 -0.8149619 -1.2145232 -0.8772117 -0.8597069 -0.1578967
[3,]  0.4419918  0.5850390 -0.6771289  0.6176112 -0.8733554  3.3609627
                                                                               
[1,] 0.9151347  0.3523077 -0.9436425  3.418485  0.6127069 -0.8544772  3.6118660
[2,] 1.4664974 -0.8300460  1.1785517 -0.874537 -0.5003415 -0.7576007 -0.8149619
[3,] 1.5247993 -0.2684535 -1.3201326 -0.495250 -0.8437131 -0.8662605 -0.8291011
                                                                     
[1,] -0.6832863 -0.8544772 -1.173464 -0.1665200 -0.4662905  0.4725802
[2,]  1.7123557 -0.2132216 -1.048016  0.3272564  0.1226591 -0.8357585
[3,]  1.0313727 -0.8662605 -1.059599 -1.1214110  0.6249444 -0.8496696
                                                                       
[1,]  0.1860486  0.3909948 -0.85168727  0.8765935 -0.2274168 -0.9407767
[2,] -0.2374325 -1.1621560  0.02507154 -1.0480159  0.4726325 -1.1467118
[3,]  1.8451938  0.9951984  0.02354169 -1.0595995 -1.1636745 -0.7652995
                                                                      
[1,]  0.48996778 -1.1692468 -0.8516873  1.5840453 1.3389177  1.5887217
[2,] -0.89862866  1.7327420 -1.1609344 -0.4444882 0.9190061 -1.1609344
[3,] -0.08058525  0.7810463  0.3287958 -1.1572130 0.2921515 -0.1687816
                                                                               
[1,]  2.9995593 -0.6064776 0.9889137  0.5488535  0.314244  2.179618 -0.92031230
[2,] -1.1621560  2.1909283 0.7141918 -1.1609344 -1.162156  1.107147  0.02461879
[3,]  0.4958446  1.4493698 1.3150764 -0.7661923 -1.172488 -1.171280 -0.67467186
                          
[1,] -0.3684311  3.4666482
[2,]  0.7882538 -0.8923444
[3,]  0.2093656 -0.1735917
                                                                        
[1,] -0.8378041 -0.5319119 -0.05515696 -0.48985121 -0.8030083  3.2472156
[2,] -0.8285985  3.8637648 -0.75110298 -0.08145184 -0.8522141 -0.8802278
[3,]  0.5638568 -0.8250375 -0.23587322 -0.43331225 -0.8687582  1.2560668
                                                                      
[1,]  2.8434619  2.8785633  0.4530718 -0.9573321  2.1247061 -0.8405985
[2,]  2.5498052 -0.8229654  0.4364162 -0.4752287  1.2432783 -0.8313892
[3,] -0.0177926 -0.4537037 -1.3101486 -0.8832488 -0.5885073 -0.8617489
                                                                       
[1,] -0.8645951 -0.7478173 -0.8405985 -0.1275642  1.1468266 -0.02550902
[2,] -0.5544799  1.0224178 -0.8313892 -1.0379066 -1.0476557 -0.76002898
[3,] -0.8250375 -1.1491934 -0.4043229 -0.3221940  0.9543006 -0.99042853
                                                                      
[1,]  0.6167017  1.4585038 -0.7803067 -0.8378041  1.9974671  0.9749025
[2,]  2.6210873 -0.2849424  0.1946758 -0.8285985 -0.4538030 -1.1416733
[3,] -0.7546535 -0.5868164 -1.1642841 -1.1630904  0.8633208  0.1145004
                                                                       
[1,]  1.4822310  1.5184903 -1.1558641  0.21872976 -0.9270340 -0.9275835
[2,]  0.4461475 -0.4619267 -0.9296488  0.08911209 -0.9177115  0.9359531
[3,] -1.1491934 -0.9067891  2.1318217 -0.87658780  0.2246608 -0.3545986
                                                                               
[1,]  0.6298021 -0.9600797 0.4494994  0.4460645 0.9623054  0.08974799 0.1523794
[2,] -0.8285985 -1.1504606 0.2482434 -0.3771886 1.0539533 -0.52529286 1.0124891
[3,]  2.4713209  0.7498193 0.6337699 -0.4538769 0.6181101 -0.30462510 0.4307297
                                     
[1,]  0.7830286 -0.9299043 -1.3074886
[2,] -0.2073188 -0.9205781  0.3757104
[3,]  0.8454398  1.3523099 -0.9006487
[1] "numgenes selected:40"
[1] "test acc:0.731707317073171"
[1] "test AUC acc:0.76875"
[1] "10 fold train100"
[1] "confusion matrix train 10 fold"
          nci_y
pred10fold  1  2
         1 36  0
         2  0 25
[1] "confusion matrix test"
         test_y
pred_test  1  2
        1 15 10
        2  1 15
[1] "train acc:1"
[1] "confusion matrix train"
          nci_y
pred_train  1  2
         1 36  0
         2  0 25
[1] "DS index stage 1"
[1] 0.6093904
[1] "KI index stage 1"
[1] 2.721427
Warning messages:
1: In if (is.na(boostweight) == TRUE) { :
  the condition has length > 1 and only the first element will be used
2: In if (is.na(testm) == TRUE) { :
  the condition has length > 1 and only the first element will be used
3: In if (is.na(testclass) == TRUE) { :
  the condition has length > 1 and only the first element will be used
> 
> cma_feat_list<-colnames(trainm)
> 
> save(CMAres,file="CMAres.Rda")
> write.table(cma_feat_list,file="selected_cma_feat_list.txt",sep="t",row.names=FALSE)
> 
> # modtraindata=modtrain, modtestdata=modtest, blindtest=testacc, modtrainclass=nci_y, modtestclass=test_y
> #if(FALSE)
> {
+ trainm<-CMAres$modtraindata
+ testm<-CMAres$modtestdata
+ trainclass<-CMAres$modtrainclass
+ testclass<-CMAres$modtestclass
+ learningsets<-CMAres$learningsets
+ }
> 
> if(FALSE)
+ {
+ trainclass<-trainm[,1] #CMAres$modtrainclass
+ testclass<-testm[,1] #CMAres$modtestclass
+ trainm<-trainm[,-c(1)] #CMAres$modtrainmata
+ testm<-testm[,-c(1)] #CMAres$modtestmata
+ 
+ }
> 
> d_dim<-dim(trainm)
> 
> print("Original dimension")
[1] "Original dimension"
> print(d_dim)
[1] 61 40
> 
> system.time(psores<-run_pso(outloc=outloc,trainm,trainclass,testm,testclass,transition_matrix,c1=2.05,
+ c2=2.05,
+ itr=10,
+ globalpso_maxitr=10,
+ global_max_itr=5,
+ num_part=20,
+ kname="radial",
+ errortype="BER",
+ weightA<-as.numeric(args[1]),
+ weightB<-as.numeric(args[2]),
+ weightC<-as.numeric(args[3]),
+ weightD<-as.numeric(args[4]),
+ featweight.max=0.01,
+ featweight.min=0.01,
+ numfolds=10,
+ followerprob=as.numeric(args[6]),
+ confusionprob=as.numeric(args[7]),
+ leaderprob=as.numeric(args[8]),
+ wmax=1,
+ wmin=1,
+ behavior_reset_itr=5,
+ maxitrreset=10,
+ num_neighbors=3,
+ minselect.pct=0.5,
+ evalMode="CV2",
+ minfitnessthresh=50,
+ maxnum=as.numeric(args[10]),minnum=3,inertia_method=args[5],particlebehav_method="randbased",constriction_factor=1,
+ select.global.best=TRUE,numnodes=4,evalFunc=eval_fit_kfold_diff,itr.terminate=FALSE,train.pct=0.8))
[1] "c1: 2.05"
[1] "c2: 2.05"
[1] "itr: 10"
[1] "globalpso_maxitr: 10"
[1] "global_max_itr: 5"
[1] "num_part: 20"
[1] "kname: radial"
[1] "errortype: BER"
[1] "weightA: 0.7"
[1] "weightB: 0.2"
[1] "weightC: 0.05"
[1] "weightD: 0.05"
[1] "featweight.max: 0.01"
[1] "featweight.min: 0.01"
[1] "numfolds: 10"
[1] "followerprob: 0.45"
[1] "confusionprob: 0.2"
[1] "leaderprob: 0.25"
[1] "wmax: 1"
[1] "wmin: 1"
[1] "behavior_reset_itr: 5"
[1] "maxitrreset: 10"
[1] "num_neighbors: 3"
[1] "minselect.pct: 0.5"
[1] "minfitnessthresh: 50"
[1] "maxnum: 5"
[1] "minnum: 3"
[1] "inertia_method: global"
[1] "particlebehav_method: randbased"
[1] "constriction_factor: 1"
[1] "select.global.best: TRUE"
[1] "train 10 fold"
[1] 100
[1] "here"
[1] "s"
[1] 48.8
[1] 61 40
[1] 10
[1] "learning sets: 1"
 [1] 33 53 59 24 17 35  8 14 47  4 30 16 38  7 10 51 52 60 27 43  6 39 46 20  9
[26] 11 32 37 12 22 31 25 36 54 21 55 44  3 34 57 29 49 18 58 19 13 40 48
[1] "Starting global iteration number : 1"
[1] "iteration number: "
[1] 1
[1] "Best fitness updated to:"
[1] -43.84055
[1] "Best solution:"
 [1] NA NA NA NA NA NA NA NA NA NA NA NA NA NA NA NA NA NA NA NA NA NA NA NA NA
[26] NA NA NA NA NA NA NA NA NA NA NA NA NA NA NA
[1] 0
[1] "iteration number: "
[1] 2
[1] "Best fitness updated to:"
[1] -48.13242
[1] "Best solution:"
 [1] 0 0 0 0 1 1 1 0 0 0 0 0 0 1 0 0 1 0 0 1 0 0 0 1 1 0 1 1 0 0 1 0 0 0 0 1 0 1
[39] 0 0
[1] 13
[1] "iteration number: "
[1] 3
[1] "Best fitness updated to:"
[1] -49.03726
[1] "Best solution:"
 [1] 1 0 1 0 1 0 0 0 1 1 0 1 1 1 0 1 0 1 0 0 1 1 1 0 0 0 0 1 1 1 0 1 1 1 1 1 1 1
[39] 1 1
[1] 25
[1] "iteration number: "
[1] 4
[1] "iteration number: "
[1] 5
[1] "Best fitness updated to:"
[1] -49.75076
[1] "Best solution:"
 [1] 0 1 0 0 0 0 1 1 1 0 1 1 0 1 0 1 1 1 0 0 1 1 1 0 1 0 1 0 1 0 1 1 1 1 1 1 1 1
[39] 1 0
[1] 25
[1] "iteration number: "
[1] 6
[1] "Best fitness updated to:"
[1] -50.85273
[1] "Best solution:"
 [1] 0 0 0 0 1 1 1 1 1 0 0 1 0 0 1 0 0 0 0 0 1 1 1 1 1 0 0 0 0 0 1 1 0 0 0 1 1 1
[39] 0 1
[1] 18
[1] "iteration number: "
[1] 7
[1] "iteration number: "
[1] 8
[1] "iteration number: "
[1] 9
[1] "iteration number: "
[1] 10
[1] "iteration number: "
[1] 11
[1] "iteration number: "
[1] 12
[1] "iteration number: "
[1] 13
[1] "iteration number: "
[1] 14
[1] "Best fitness updated to:"
[1] -50.88337
[1] "Best solution:"
 [1] 0 1 1 1 0 0 1 1 1 1 1 1 1 1 0 1 0 0 1 0 1 0 0 0 0 1 0 0 1 1 0 1 1 1 1 0 1 0
[39] 0 1
[1] 23
[1] "iteration number: "
[1] 15
[1] "Best fitness updated to:"
[1] -50.90837
[1] "Best solution:"
 [1] 0 1 1 1 0 0 1 1 1 1 1 1 1 1 0 1 0 0 1 0 1 0 0 1 0 1 0 0 1 0 0 1 1 1 1 0 1 0
[39] 0 1
[1] 23
[1] "iteration number: "
[1] 16
[1] "Best fitness updated to:"
[1] -51.43381
[1] "Best solution:"
 [1] 0 1 1 1 0 0 1 1 1 1 0 1 1 1 0 1 0 0 1 0 1 0 0 0 0 1 0 0 1 0 0 1 1 1 1 0 1 0
[39] 0 1
[1] 21
[1] "iteration number: "
[1] 17
[1] "iteration number: "
[1] 18
[1] "iteration number: "
[1] 19
[1] "Best fitness updated to:"
[1] -51.68461
[1] "Best solution:"
 [1] 0 1 1 0 0 0 1 1 1 1 0 1 1 1 0 1 1 1 1 0 1 0 0 1 0 1 0 0 1 0 0 1 1 1 1 0 1 0
[39] 1 1
[1] 24
[1] "iteration number: "
[1] 20
[1] "iteration number: "
[1] 21
[1] "iteration number: "
[1] 22
[1] "Best fitness updated to:"
[1] -52.42096
[1] "Best solution:"
 [1] 0 1 0 0 1 0 1 1 1 1 0 1 1 1 0 1 0 0 0 0 1 0 0 1 0 0 0 1 1 0 0 1 1 1 1 0 1 0
[39] 1 1
[1] 21
[1] "iteration number: "
[1] 23
[1] "iteration number: "
[1] 24
[1] "iteration number: "
[1] 25
[1] "Best fitness updated to:"
[1] -52.56955
[1] "Best solution:"
 [1] 0 1 0 0 1 0 1 1 1 1 0 1 1 1 0 1 0 0 1 0 1 0 0 1 0 0 0 1 1 0 0 1 1 1 1 0 1 0
[39] 1 1
[1] 22
[1] "iteration number: "
[1] 26
[1] "iteration number: "
[1] 27
[1] "iteration number: "
[1] 28
[1] "iteration number: "
[1] 29
[1] "iteration number: "
[1] 30
[1] "iteration number: "
[1] 31
[1] "iteration number: "
[1] 32
[1] "iteration number: "
[1] 33
[1] "iteration number: "
[1] 34
[1] "iteration number: "
[1] 35
[1] "iteration number: "
[1] 36
[1] "RE-INITIALIZING..."
[1] 1
[1] 5
[1] 39
 [1] 2 2 2 2 2 1 2 1 2 2 4 2 1 2 2 2 3 2 2 1
[1] "iteration number: "
[1] 37
[1] "iteration number: "
[1] 38
[1] "iteration number: "
[1] 39
[1] "iteration number: "
[1] 40
[1] "iteration number: "
[1] 41
[1] "iteration number: "
[1] 42
[1] "iteration number: "
[1] 43
[1] "iteration number: "
[1] 44
[1] "iteration number: "
[1] 45
[1] "iteration number: "
[1] 46
[1] "iteration number: "
[1] 47
[1] "RE-INITIALIZING..."
[1] 2
[1] 5
[1] 37
 [1] 2 2 2 2 2 1 2 1 2 2 4 2 1 2 2 2 3 2 2 1
[1] "iteration number: "
[1] 48
[1] "iteration number: "
[1] 49
[1] "iteration number: "
[1] 50
[1] "iteration number: "
[1] 51
[1] "iteration number: "
[1] 52
[1] "iteration number: "
[1] 53
[1] "iteration number: "
[1] 54
[1] "iteration number: "
[1] 55
[1] "iteration number: "
[1] 56
[1] "iteration number: "
[1] 57
[1] "iteration number: "
[1] 58
[1] "RE-INITIALIZING..."
[1] 3
[1] 5
[1] 35
 [1] 2 2 2 2 2 1 2 1 2 2 4 2 1 2 2 2 3 2 2 1
[1] "iteration number: "
[1] 59
[1] "iteration number: "
[1] 60
[1] "iteration number: "
[1] 61
[1] "iteration number: "
[1] 62
[1] "iteration number: "
[1] 63
[1] "iteration number: "
[1] 64
[1] "iteration number: "
[1] 65
[1] "iteration number: "
[1] 66
[1] "iteration number: "
[1] 67
[1] "iteration number: "
[1] 68
[1] "iteration number: "
[1] 69
[1] "RE-INITIALIZING..."
[1] 4
[1] 5
[1] 36
 [1] 2 2 2 2 2 1 2 1 2 2 4 2 1 2 2 2 3 2 2 1
[1] "iteration number: "
[1] 70
[1] "iteration number: "
[1] 71
[1] "iteration number: "
[1] 72
[1] "Best fitness updated to:"
[1] -52.6502
[1] "Best solution:"
 [1] 0 1 0 0 1 0 0 1 1 1 0 1 1 1 0 1 0 0 1 0 1 0 1 1 0 0 0 1 1 0 0 1 1 1 1 0 1 0
[39] 1 1
[1] 22
[1] "iteration number: "
[1] 73
[1] "iteration number: "
[1] 74
[1] "iteration number: "
[1] 75
[1] "iteration number: "
[1] 76
[1] "iteration number: "
[1] 77
[1] "iteration number: "
[1] 78
[1] "iteration number: "
[1] 79
[1] "iteration number: "
[1] 80
[1] "iteration number: "
[1] 81
[1] "iteration number: "
[1] 82
[1] "iteration number: "
[1] 83
[1] "RE-INITIALIZING..."
[1] 1
[1] 5
[1] 36
 [1] 2 2 1 1 1 2 4 1 2 4 3 2 2 1 1 2 4 1 3 1
[1] "iteration number: "
[1] 84
[1] "iteration number: "
[1] 85
[1] "iteration number: "
[1] 86
[1] "iteration number: "
[1] 87
[1] "iteration number: "
[1] 88
[1] "iteration number: "
[1] 89
[1] "iteration number: "
[1] 90
[1] "iteration number: "
[1] 91
[1] "iteration number: "
[1] 92
[1] "iteration number: "
[1] 93
[1] "iteration number: "
[1] 94
[1] "RE-INITIALIZING..."
[1] 2
[1] 5
[1] 33
 [1] 2 2 2 2 2 1 2 1 2 2 4 2 1 2 2 2 3 2 2 1
[1] "iteration number: "
[1] 95
[1] "iteration number: "
[1] 96
[1] "iteration number: "
[1] 97
[1] "iteration number: "
[1] 98
[1] "iteration number: "
[1] 99
[1] "iteration number: "
[1] 100
[1] "iteration number: "
[1] 101
[1] "iteration number: "
[1] 102
[1] "iteration number: "
[1] 103
[1] "iteration number: "
[1] 104
[1] "iteration number: "
[1] 105
[1] "RE-INITIALIZING..."
[1] 3
[1] 5
[1] 33
 [1] 2 2 2 2 2 1 2 1 2 2 4 2 1 2 2 2 3 2 2 1
[1] "iteration number: "
[1] 106
[1] "iteration number: "
[1] 107
[1] "iteration number: "
[1] 108
[1] "iteration number: "
[1] 109
[1] "iteration number: "
[1] 110
[1] "iteration number: "
[1] 111
[1] "iteration number: "
[1] 112
[1] "Best fitness updated to:"
[1] -52.77772
[1] "Best solution:"
 [1] 0 1 0 0 1 0 0 1 1 1 0 1 1 1 0 1 0 0 1 0 1 0 1 1 0 0 0 1 1 0 0 1 1 1 1 0 1 0
[39] 1 1
[1] 22
[1] "iteration number: "
[1] 113
[1] "iteration number: "
[1] 114
[1] "iteration number: "
[1] 115
[1] "iteration number: "
[1] 116
[1] "iteration number: "
[1] 117
[1] "iteration number: "
[1] 118
[1] "iteration number: "
[1] 119
[1] "iteration number: "
[1] 120
[1] "iteration number: "
[1] 121
[1] "iteration number: "
[1] 122
[1] "iteration number: "
[1] 123
[1] "RE-INITIALIZING..."
[1] 1
[1] 5
[1] 33
 [1] 2 2 1 1 1 2 4 1 2 4 3 2 2 1 1 2 4 1 3 1
[1] "iteration number: "
[1] 124
[1] "iteration number: "
[1] 125
[1] "iteration number: "
[1] 126
[1] "Best fitness updated to:"
[1] -52.88649
[1] "Best solution:"
 [1] 0 1 0 0 1 0 0 1 1 1 0 1 1 1 0 1 0 0 1 0 1 0 1 0 0 0 0 1 0 0 0 1 1 1 0 0 1 0
[39] 1 1
[1] 19
[1] "iteration number: "
[1] 127
[1] "iteration number: "
[1] 128
[1] "iteration number: "
[1] 129
[1] "iteration number: "
[1] 130
[1] "iteration number: "
[1] 131
[1] "iteration number: "
[1] 132
[1] "iteration number: "
[1] 133
[1] "iteration number: "
[1] 134
[1] "iteration number: "
[1] 135
[1] "iteration number: "
[1] 136
[1] "iteration number: "
[1] 137
[1] "RE-INITIALIZING..."
[1] 1
[1] 5
[1] 32
 [1] 2 2 2 2 2 1 2 1 2 2 4 2 1 2 2 2 3 2 2 1
[1] "iteration number: "
[1] 138
[1] "iteration number: "
[1] 139
[1] "iteration number: "
[1] 140
[1] "iteration number: "
[1] 141
[1] "iteration number: "
[1] 142
[1] "iteration number: "
[1] 143
[1] "iteration number: "
[1] 144
[1] "iteration number: "
[1] 145
[1] "iteration number: "
[1] 146
[1] "iteration number: "
[1] 147
[1] "iteration number: "
[1] 148
[1] "RE-INITIALIZING..."
[1] 2
[1] 5
[1] 32
 [1] 2 2 2 2 2 1 2 1 2 2 4 2 1 2 2 2 3 2 2 1
[1] "iteration number: "
[1] 149
[1] "iteration number: "
[1] 150
[1] "iteration number: "
[1] 151
[1] "iteration number: "
[1] 152
[1] "iteration number: "
[1] 153
[1] "iteration number: "
[1] 154
[1] "iteration number: "
[1] 155
[1] "iteration number: "
[1] 156
[1] "iteration number: "
[1] 157
[1] "iteration number: "
[1] 158
[1] "iteration number: "
[1] 159
[1] "RE-INITIALIZING..."
[1] 3
[1] 5
[1] 32
 [1] 2 2 2 2 2 1 2 1 2 2 4 2 1 2 2 2 3 2 2 1
[1] "iteration number: "
[1] 160
[1] "iteration number: "
[1] 161
[1] "iteration number: "
[1] 162
[1] "iteration number: "
[1] 163
[1] "iteration number: "
[1] 164
[1] "iteration number: "
[1] 165
[1] "iteration number: "
[1] 166
[1] "iteration number: "
[1] 167
[1] "iteration number: "
[1] 168
[1] "iteration number: "
[1] 169
[1] "iteration number: "
[1] 170
[1] "RE-INITIALIZING..."
[1] 4
[1] 5
[1] 32
 [1] 2 2 2 2 2 1 2 1 2 2 4 2 1 2 2 2 3 2 2 1
[1] "iteration number: "
[1] 171
[1] "iteration number: "
[1] 172
[1] "iteration number: "
[1] 173
[1] "iteration number: "
[1] 174
[1] "iteration number: "
[1] 175
[1] "iteration number: "
[1] 176
[1] "iteration number: "
[1] 177
[1] "iteration number: "
[1] 178
[1] "iteration number: "
[1] 179
[1] "iteration number: "
[1] 180
[1] "iteration number: "
[1] 181
[1] "RE-INITIALIZING..."
[1] 5
[1] 5
[1] 33
 [1] 2 3 2 2 2 2 3 2 3 3 2 2 2 2 3 2 3 1 4 3
[1] "iteration number: "
[1] 182
[1] "iteration number: "
[1] 183
[1] "iteration number: "
[1] 184
[1] "iteration number: "
[1] 185
[1] "iteration number: "
[1] 186
[1] "Best fitness updated to:"
[1] -54.30716
[1] "Best solution:"
 [1] 0 1 0 0 1 0 0 0 1 1 0 1 0 1 0 1 0 0 1 0 1 0 1 0 0 0 0 0 1 0 0 1 1 1 0 0 1 0
[39] 1 1
[1] 17
[1] "iteration number: "
[1] 187
[1] "iteration number: "
[1] 188
[1] "iteration number: "
[1] 189
[1] "iteration number: "
[1] 190
[1] "iteration number: "
[1] 191
[1] "iteration number: "
[1] 192
[1] "iteration number: "
[1] 193
[1] "iteration number: "
[1] 194
[1] "iteration number: "
[1] 195
[1] "iteration number: "
[1] 196
[1] "iteration number: "
[1] 197
[1] "RE-INITIALIZING..."
[1] 1
[1] 5
[1] 32
 [1] 2 2 2 2 2 1 2 1 2 2 4 2 1 2 2 2 3 2 2 1
[1] "iteration number: "
[1] 198
[1] "iteration number: "
[1] 199
[1] "iteration number: "
[1] 200
[1] "iteration number: "
[1] 201
[1] "iteration number: "
[1] 202
[1] "iteration number: "
[1] 203
[1] "iteration number: "
[1] 204
[1] "iteration number: "
[1] 205
[1] "iteration number: "
[1] 206
[1] "iteration number: "
[1] 207
[1] "iteration number: "
[1] 208
[1] "RE-INITIALIZING..."
[1] 2
[1] 5
[1] 32
 [1] 2 2 2 2 2 1 2 1 2 2 4 2 1 2 2 2 3 2 2 1
[1] "iteration number: "
[1] 209
[1] "iteration number: "
[1] 210
[1] "iteration number: "
[1] 211
[1] "iteration number: "
[1] 212
[1] "iteration number: "
[1] 213
[1] "iteration number: "
[1] 214
[1] "iteration number: "
[1] 215
[1] "iteration number: "
[1] 216
[1] "Best fitness updated to:"
[1] -54.75618
[1] "Best solution:"
 [1] 0 1 1 0 0 0 1 1 1 1 0 1 1 1 0 1 0 0 1 0 1 0 1 0 0 1 0 1 0 0 0 1 1 1 0 0 1 0
[39] 1 1
[1] 21
[1] "iteration number: "
[1] 217
[1] "iteration number: "
[1] 218
[1] "iteration number: "
[1] 219
[1] "iteration number: "
[1] 220
[1] "iteration number: "
[1] 221
[1] "iteration number: "
[1] 222
[1] "iteration number: "
[1] 223
[1] "iteration number: "
[1] 224
[1] "iteration number: "
[1] 225
[1] "iteration number: "
[1] 226
[1] "Best fitness updated to:"
[1] -54.83914
[1] "Best solution:"
 [1] 0 1 0 0 0 0 1 1 1 1 1 1 0 1 0 1 0 0 1 0 1 0 1 0 0 0 0 1 0 0 0 1 1 1 0 0 1 1
[39] 1 1
[1] 20
[1] "iteration number: "
[1] 227
[1] "iteration number: "
[1] 228
[1] "iteration number: "
[1] 229
[1] "iteration number: "
[1] 230
[1] "iteration number: "
[1] 231
[1] "iteration number: "
[1] 232
[1] "iteration number: "
[1] 233
[1] "iteration number: "
[1] 234
[1] "iteration number: "
[1] 235
[1] "iteration number: "
[1] 236
[1] "iteration number: "
[1] 237
[1] "RE-INITIALIZING..."
[1] 1
[1] 5
[1] 32
 [1] 2 2 2 2 2 1 2 1 2 2 4 2 1 2 2 2 3 2 2 1
[1] "iteration number: "
[1] 238
[1] "iteration number: "
[1] 239
[1] "iteration number: "
[1] 240
[1] "iteration number: "
[1] 241
[1] "iteration number: "
[1] 242
[1] "iteration number: "
[1] 243
[1] "iteration number: "
[1] 244
[1] "iteration number: "
[1] 245
[1] "iteration number: "
[1] 246
[1] "iteration number: "
[1] 247
[1] "iteration number: "
[1] 248
[1] "RE-INITIALIZING..."
[1] 2
[1] 5
[1] 30
 [1] 2 3 2 2 2 2 3 2 3 3 2 2 2 2 3 2 3 1 4 3
[1] "iteration number: "
[1] 249
[1] "iteration number: "
[1] 250
[1] "iteration number: "
[1] 251
[1] "iteration number: "
[1] 252
[1] "iteration number: "
[1] 253
[1] "iteration number: "
[1] 254
[1] "iteration number: "
[1] 255
[1] "iteration number: "
[1] 256
[1] "iteration number: "
[1] 257
[1] "iteration number: "
[1] 258
[1] "iteration number: "
[1] 259
[1] "RE-INITIALIZING..."
[1] 3
[1] 5
[1] 30
 [1] 2 2 2 2 2 1 2 1 2 2 4 2 1 2 2 2 3 2 2 1
[1] "iteration number: "
[1] 260
[1] "iteration number: "
[1] 261
[1] "iteration number: "
[1] 262
[1] "iteration number: "
[1] 263
[1] "iteration number: "
[1] 264
[1] "iteration number: "
[1] 265
[1] "iteration number: "
[1] 266
[1] "iteration number: "
[1] 267
[1] "iteration number: "
[1] 268
[1] "iteration number: "
[1] 269
[1] "iteration number: "
[1] 270
[1] "RE-INITIALIZING..."
[1] 4
[1] 5
[1] 30
 [1] 2 2 2 2 2 1 2 1 2 2 4 2 1 2 2 2 3 2 2 1
[1] "iteration number: "
[1] 271
[1] "iteration number: "
[1] 272
[1] "iteration number: "
[1] 273
[1] "iteration number: "
[1] 274
[1] "iteration number: "
[1] 275
[1] "iteration number: "
[1] 276
[1] "iteration number: "
[1] 277
[1] "iteration number: "
[1] 278
[1] "iteration number: "
[1] 279
[1] "iteration number: "
[1] 280
[1] "iteration number: "
[1] 281
[1] "RE-INITIALIZING..."
[1] 5
[1] 5
[1] 31
 [1] 2 3 2 2 2 2 3 2 3 3 2 2 2 2 3 2 3 1 4 3
[1] "iteration number: "
[1] 282
[1] "iteration number: "
[1] 283
[1] "iteration number: "
[1] 284
[1] "iteration number: "
[1] 285
[1] "iteration number: "
[1] 286
[1] "iteration number: "
[1] 287
[1] "iteration number: "
[1] 288
[1] "iteration number: "
[1] 289
[1] "iteration number: "
[1] 290
[1] "iteration number: "
[1] 291
[1] "iteration number: "
[1] 292
[1] "RE-INITIALIZING..."
[1] 6
[1] 5
[1] 31
[1] "No change for 6 iterations. Exiting PSO."
 [1]  2  7  8  9 10 11 12 14 16 19 21 23 28 32 33 34 37 38 39 40
[1] 1
[1] "##################################"
[1] "Results summary for itr:1"
[1] "number of features selected using population mean"
[1] 20
[1] "number of features selected using current global best"
[1] 20
[1] "feat ind length"
[1] 20
[1] "best accuracy"
[1] 54.83914
[1] "test acc:1"
[1] "##################################"
[1] "learning sets: 2"
 [1] 60 26 18  4 59  3  1 42 13 39 23 21 48 19 36 58  8 11 25 53  5 32 61 17 20
[26] 28 14 56 33 37 40  9  2 43 41 27 38 31 50 35 49 55 46 29 57 51 34 52
[1] "Starting global iteration number : 2"
[1] "iteration number: "
[1] 1
[1] "Best fitness updated to:"
[1] -59.23362
[1] "Best solution:"
 [1] NA NA NA NA NA NA NA NA NA NA NA NA NA NA NA NA NA NA NA NA NA NA NA NA NA
[26] NA NA NA NA NA NA NA NA NA NA NA NA NA NA NA
[1] 0
[1] "iteration number: "
[1] 2
[1] "Best fitness updated to:"
[1] -61.31981
[1] "Best solution:"
 [1] 0 0 0 0 1 1 1 0 0 0 0 0 0 1 0 0 1 0 0 1 0 0 0 1 1 0 1 1 0 0 1 0 0 0 0 1 0 1
[39] 0 0
[1] 13
[1] "iteration number: "
[1] 3
[1] "iteration number: "
[1] 4
[1] "iteration number: "
[1] 5
[1] "iteration number: "
[1] 6
[1] "Best fitness updated to:"
[1] -62.00828
[1] "Best solution:"
 [1] 0 1 0 0 0 0 1 0 0 0 1 1 1 0 0 0 0 1 1 0 1 0 1 0 1 0 0 1 0 1 0 1 0 1 0 0 0 1
[39] 1 1
[1] 17
[1] "iteration number: "
[1] 7
[1] "iteration number: "
[1] 8
[1] "iteration number: "
[1] 9
[1] "Best fitness updated to:"
[1] -62.98383
[1] "Best solution:"
 [1] 1 0 0 1 0 1 0 1 1 0 1 1 1 1 1 1 1 1 0 1 1 1 1 0 0 0 1 1 1 1 1 1 0 0 1 1 1 1
[39] 1 1
[1] 29
[1] "iteration number: "
[1] 10
[1] "iteration number: "
[1] 11
[1] "iteration number: "
[1] 12
[1] "iteration number: "
[1] 13
[1] "iteration number: "
[1] 14
[1] "iteration number: "
[1] 15
[1] "iteration number: "
[1] 16
[1] "iteration number: "
[1] 17
[1] "iteration number: "
[1] 18
[1] "iteration number: "
[1] 19
[1] "Best fitness updated to:"
[1] -64.02699
[1] "Best solution:"
 [1] 1 1 0 1 0 1 0 1 1 0 1 1 1 1 1 1 1 1 1 1 1 1 1 0 1 0 1 1 1 1 1 1 0 1 1 1 1 1
[39] 1 1
[1] 33
[1] "iteration number: "
[1] 20
[1] "iteration number: "
[1] 21
[1] "iteration number: "
[1] 22
[1] "iteration number: "
[1] 23
[1] "iteration number: "
[1] 24
[1] "iteration number: "
[1] 25
[1] "Best fitness updated to:"
[1] -64.03471
[1] "Best solution:"
 [1] 1 1 0 1 0 1 0 0 1 0 1 1 0 1 0 1 1 1 1 1 1 1 1 0 1 0 0 1 0 1 1 1 0 1 1 0 1 1
[39] 1 1
[1] 27
[1] "iteration number: "
[1] 26
[1] "iteration number: "
[1] 27
[1] "iteration number: "
[1] 28
[1] "iteration number: "
[1] 29
[1] "iteration number: "
[1] 30
[1] "iteration number: "
[1] 31
[1] "iteration number: "
[1] 32
[1] "iteration number: "
[1] 33
[1] "iteration number: "
[1] 34
[1] "iteration number: "
[1] 35
[1] "iteration number: "
[1] 36
[1] "RE-INITIALIZING..."
[1] 1
[1] 5
[1] 40
 [1] 2 2 2 2 2 1 2 1 2 2 4 2 1 2 2 2 3 2 2 1
[1] "iteration number: "
[1] 37
[1] "iteration number: "
[1] 38
[1] "iteration number: "
[1] 39
[1] "iteration number: "
[1] 40
[1] "iteration number: "
[1] 41
[1] "iteration number: "
[1] 42
[1] "iteration number: "
[1] 43
[1] "iteration number: "
[1] 44
[1] "iteration number: "
[1] 45
[1] "iteration number: "
[1] 46
[1] "iteration number: "
[1] 47
[1] "Best fitness updated to:"
[1] -64.13249
[1] "Best solution:"
 [1] 1 1 0 0 0 1 0 0 1 0 1 1 0 1 0 1 1 1 1 1 1 1 1 0 1 0 1 1 0 1 1 1 0 1 1 0 1 1
[39] 1 1
[1] 27
[1] "iteration number: "
[1] 48
[1] "iteration number: "
[1] 49
[1] "iteration number: "
[1] 50
[1] "iteration number: "
[1] 51
[1] "iteration number: "
[1] 52
[1] "iteration number: "
[1] 53
[1] "iteration number: "
[1] 54
[1] "iteration number: "
[1] 55
[1] "iteration number: "
[1] 56
[1] "iteration number: "
[1] 57
[1] "iteration number: "
[1] 58
[1] "RE-INITIALIZING..."
[1] 1
[1] 5
[1] 40
 [1] 2 2 2 2 2 1 2 1 2 2 4 2 1 2 2 2 3 2 2 1
[1] "iteration number: "
[1] 59
[1] "iteration number: "
[1] 60
[1] "iteration number: "
[1] 61
[1] "iteration number: "
[1] 62
[1] "iteration number: "
[1] 63
[1] "iteration number: "
[1] 64
[1] "iteration number: "
[1] 65
[1] "iteration number: "
[1] 66
[1] "iteration number: "
[1] 67
[1] "iteration number: "
[1] 68
[1] "Best fitness updated to:"
[1] -65.36311
[1] "Best solution:"
 [1] 1 1 0 0 0 1 0 0 1 0 0 1 1 1 0 1 1 1 1 1 1 1 1 0 1 0 1 1 0 1 0 1 0 1 1 0 1 1
[39] 1 1
[1] 26
[1] "iteration number: "
[1] 69
[1] "iteration number: "
[1] 70
[1] "iteration number: "
[1] 71
[1] "iteration number: "
[1] 72
[1] "iteration number: "
[1] 73
[1] "iteration number: "
[1] 74
[1] "iteration number: "
[1] 75
[1] "iteration number: "
[1] 76
[1] "iteration number: "
[1] 77
[1] "iteration number: "
[1] 78
[1] "iteration number: "
[1] 79
[1] "RE-INITIALIZING..."
[1] 1
[1] 5
[1] 38
 [1] 2 2 2 2 2 1 2 1 2 2 4 2 1 2 2 2 3 2 2 1
[1] "iteration number: "
[1] 80
[1] "iteration number: "
[1] 81
[1] "iteration number: "
[1] 82
[1] "iteration number: "
[1] 83
[1] "iteration number: "
[1] 84
[1] "iteration number: "
[1] 85
[1] "iteration number: "
[1] 86
[1] "iteration number: "
[1] 87
[1] "iteration number: "
[1] 88
[1] "iteration number: "
[1] 89
[1] "iteration number: "
[1] 90
[1] "RE-INITIALIZING..."
[1] 2
[1] 5
[1] 36
 [1] 2 2 2 2 2 1 2 1 2 2 4 2 1 2 2 2 3 2 2 1
[1] "iteration number: "
[1] 91
[1] "iteration number: "
[1] 92
[1] "iteration number: "
[1] 93
[1] "iteration number: "
[1] 94
[1] "iteration number: "
[1] 95
[1] "iteration number: "
[1] 96
[1] "iteration number: "
[1] 97
[1] "iteration number: "
[1] 98
[1] "iteration number: "
[1] 99
[1] "iteration number: "
[1] 100
[1] "iteration number: "
[1] 101
[1] "RE-INITIALIZING..."
[1] 3
[1] 5
[1] 35
 [1] 2 3 2 2 2 2 3 2 3 3 2 2 2 2 3 2 3 1 4 3
[1] "iteration number: "
[1] 102
[1] "iteration number: "
[1] 103
[1] "iteration number: "
[1] 104
[1] "iteration number: "
[1] 105
[1] "Best fitness updated to:"
[1] -65.38811
[1] "Best solution:"
 [1] 1 1 0 0 0 1 0 0 1 0 0 1 1 1 0 1 1 1 1 1 1 1 1 0 1 0 1 1 0 1 0 1 0 1 1 0 1 1
[39] 1 1
[1] 26
[1] "iteration number: "
[1] 106
[1] "iteration number: "
[1] 107
[1] "iteration number: "
[1] 108
[1] "iteration number: "
[1] 109
[1] "iteration number: "
[1] 110
[1] "iteration number: "
[1] 111
[1] "iteration number: "
[1] 112
[1] "iteration number: "
[1] 113
[1] "iteration number: "
[1] 114
[1] "iteration number: "
[1] 115
[1] "iteration number: "
[1] 116
[1] "RE-INITIALIZING..."
[1] 1
[1] 5
[1] 35
 [1] 2 2 2 2 2 1 2 1 2 2 4 2 1 2 2 2 3 2 2 1
[1] "iteration number: "
[1] 117
[1] "iteration number: "
[1] 118
[1] "iteration number: "
[1] 119
[1] "Best fitness updated to:"
[1] -65.42449
[1] "Best solution:"
 [1] 1 1 0 0 0 1 0 0 1 0 0 1 1 1 0 1 1 1 1 1 0 1 1 0 1 0 1 1 0 1 0 1 0 1 1 0 1 1
[39] 1 0
[1] 24
[1] "iteration number: "
[1] 120
[1] "iteration number: "
[1] 121
[1] "iteration number: "
[1] 122
[1] "iteration number: "
[1] 123
[1] "iteration number: "
[1] 124
[1] "iteration number: "
[1] 125
[1] "iteration number: "
[1] 126
[1] "iteration number: "
[1] 127
[1] "iteration number: "
[1] 128
[1] "iteration number: "
[1] 129
[1] "iteration number: "
[1] 130
[1] "RE-INITIALIZING..."
[1] 1
[1] 5
[1] 34
 [1] 2 2 1 1 1 2 4 1 2 4 3 2 2 1 1 2 4 1 3 1
[1] "iteration number: "
[1] 131
[1] "iteration number: "
[1] 132
[1] "iteration number: "
[1] 133
[1] "iteration number: "
[1] 134
[1] "Best fitness updated to:"
[1] -65.59002
[1] "Best solution:"
 [1] 1 1 0 0 0 1 0 0 0 0 0 1 0 0 0 0 0 0 1 1 1 1 1 0 0 0 1 0 0 1 0 1 0 1 0 0 0 1
[39] 0 1
[1] 15
[1] "iteration number: "
[1] 135
[1] "iteration number: "
[1] 136
[1] "iteration number: "
[1] 137
[1] "iteration number: "
[1] 138
[1] "iteration number: "
[1] 139
[1] "iteration number: "
[1] 140
[1] "iteration number: "
[1] 141
[1] "iteration number: "
[1] 142
[1] "iteration number: "
[1] 143
[1] "iteration number: "
[1] 144
[1] "iteration number: "
[1] 145
[1] "RE-INITIALIZING..."
[1] 1
[1] 5
[1] 33
 [1] 2 2 2 2 2 1 2 1 2 2 4 2 1 2 2 2 3 2 2 1
[1] "iteration number: "
[1] 146
[1] "iteration number: "
[1] 147
[1] "iteration number: "
[1] 148
[1] "iteration number: "
[1] 149
[1] "iteration number: "
[1] 150
[1] "iteration number: "
[1] 151
[1] "iteration number: "
[1] 152
[1] "iteration number: "
[1] 153
[1] "iteration number: "
[1] 154
[1] "iteration number: "
[1] 155
[1] "iteration number: "
[1] 156
[1] "RE-INITIALIZING..."
[1] 2
[1] 5
[1] 30
 [1] 2 3 2 2 2 2 3 2 3 3 2 2 2 2 3 2 3 1 4 3
[1] "iteration number: "
[1] 157
[1] "iteration number: "
[1] 158
[1] "iteration number: "
[1] 159
[1] "iteration number: "
[1] 160
[1] "iteration number: "
[1] 161
[1] "iteration number: "
[1] 162
[1] "iteration number: "
[1] 163
[1] "iteration number: "
[1] 164
[1] "iteration number: "
[1] 165
[1] "iteration number: "
[1] 166
[1] "iteration number: "
[1] 167
[1] "RE-INITIALIZING..."
[1] 3
[1] 5
[1] 30
 [1] 2 2 2 2 2 1 2 1 2 2 4 2 1 2 2 2 3 2 2 1
[1] "iteration number: "
[1] 168
[1] "iteration number: "
[1] 169
[1] "iteration number: "
[1] 170
[1] "iteration number: "
[1] 171
[1] "iteration number: "
[1] 172
[1] "iteration number: "
[1] 173
[1] "iteration number: "
[1] 174
[1] "iteration number: "
[1] 175
[1] "iteration number: "
[1] 176
[1] "iteration number: "
[1] 177
[1] "iteration number: "
[1] 178
[1] "RE-INITIALIZING..."
[1] 4
[1] 5
[1] 29
 [1] 2 2 2 2 2 1 2 1 2 2 4 2 1 2 2 2 3 2 2 1
[1] "iteration number: "
[1] 179
[1] "iteration number: "
[1] 180
[1] "iteration number: "
[1] 181
[1] "iteration number: "
[1] 182
[1] "iteration number: "
[1] 183
[1] "iteration number: "
[1] 184
[1] "iteration number: "
[1] 185
[1] "iteration number: "
[1] 186
[1] "iteration number: "
[1] 187
[1] "iteration number: "
[1] 188
[1] "iteration number: "
[1] 189
[1] "RE-INITIALIZING..."
[1] 5
[1] 5
[1] 29
 [1] 2 2 2 2 2 1 2 1 2 2 4 2 1 2 2 2 3 2 2 1
[1] "iteration number: "
[1] 190
[1] "iteration number: "
[1] 191
[1] "iteration number: "
[1] 192
[1] "iteration number: "
[1] 193
[1] "iteration number: "
[1] 194
[1] "iteration number: "
[1] 195
[1] "iteration number: "
[1] 196
[1] "iteration number: "
[1] 197
[1] "iteration number: "
[1] 198
[1] "iteration number: "
[1] 199
[1] "iteration number: "
[1] 200
[1] "RE-INITIALIZING..."
[1] 6
[1] 5
[1] 29
[1] "No change for 6 iterations. Exiting PSO."
 [1]  1  2  6  9 12 14 16 17 18 19 20 21 22 23 25 27 28 29 30 32 34 35 37 38 40
[1] 2
[1] "##################################"
[1] "Results summary for itr:2"
[1] "number of features selected using population mean"
[1] 25
[1] "number of features selected using current global best"
[1] 25
[1] "feat ind length"
[1] 25
[1] "best accuracy"
[1] 65.59002
[1] "test acc:1"
[1] "##################################"
[1] "learning sets: 3"
 [1] 54 25 58 45 13 43 53 31  1 35 38 56 28  9 48 30 55 49  2 40 41  4 57 46 47
[26] 16 24 10 27 12 23 20 22 18 29  6 21  5  8 59 32 42 26 11 37  3 50 36
[1] "Starting global iteration number : 3"
[1] "iteration number: "
[1] 1
[1] "Best fitness updated to:"
[1] -51.98094
[1] "Best solution:"
 [1] NA NA NA NA NA NA NA NA NA NA NA NA NA NA NA NA NA NA NA NA NA NA NA NA NA
[26] NA NA NA NA NA NA NA NA NA NA NA NA NA NA NA
[1] 0
[1] "iteration number: "
[1] 2
[1] "iteration number: "
[1] 3
[1] "Best fitness updated to:"
[1] -57.68755
[1] "Best solution:"
 [1] 0 1 1 0 1 1 1 1 0 0 1 0 0 1 1 1 1 1 0 1 1 1 0 1 1 1 1 1 0 1 1 0 0 1 1 0 0 1
[39] 1 1
[1] 27
[1] "iteration number: "
[1] 4
[1] "Best fitness updated to:"
[1] -61.17465
[1] "Best solution:"
 [1] 0 1 1 1 1 1 1 1 1 1 0 1 0 1 0 1 1 0 1 1 1 1 0 1 1 1 0 0 0 1 1 1 1 1 1 0 1 0
[39] 1 1
[1] 29
[1] "iteration number: "
[1] 5
[1] "iteration number: "
[1] 6
[1] "iteration number: "
[1] 7
[1] "iteration number: "
[1] 8
[1] "iteration number: "
[1] 9
[1] "iteration number: "
[1] 10
[1] "iteration number: "
[1] 11
[1] "iteration number: "
[1] 12
[1] "iteration number: "
[1] 13
[1] "iteration number: "
[1] 14
[1] "iteration number: "
[1] 15
[1] "RE-INITIALIZING..."
[1] 1
[1] 5
[1] 40
 [1] 2 2 1 1 1 2 4 1 2 4 3 2 2 1 1 2 4 1 3 1
[1] "iteration number: "
[1] 16
[1] "iteration number: "
[1] 17
[1] "iteration number: "
[1] 18
[1] "iteration number: "
[1] 19
[1] "iteration number: "
[1] 20
[1] "Best fitness updated to:"
[1] -61.18864
[1] "Best solution:"
 [1] 0 1 1 1 1 1 1 1 1 1 0 1 0 1 0 1 1 1 1 1 1 1 0 1 1 1 1 1 0 1 1 1 1 1 1 0 1 0
[39] 1 1
[1] 32
[1] "iteration number: "
[1] 21
[1] "iteration number: "
[1] 22
[1] "iteration number: "
[1] 23
[1] "Best fitness updated to:"
[1] -62.05463
[1] "Best solution:"
 [1] 0 1 0 1 1 1 1 1 1 1 0 1 0 1 0 1 1 0 1 1 1 1 0 1 1 1 1 0 0 1 1 1 1 1 1 0 1 0
[39] 1 1
[1] 29
[1] "iteration number: "
[1] 24
[1] "iteration number: "
[1] 25
[1] "iteration number: "
[1] 26
[1] "iteration number: "
[1] 27
[1] "iteration number: "
[1] 28
[1] "iteration number: "
[1] 29
[1] "iteration number: "
[1] 30
[1] "iteration number: "
[1] 31
[1] "iteration number: "
[1] 32
[1] "iteration number: "
[1] 33
[1] "iteration number: "
[1] 34
[1] "RE-INITIALIZING..."
[1] 1
[1] 5
[1] 38
 [1] 2 2 2 2 2 1 2 1 2 2 4 2 1 2 2 2 3 2 2 1
[1] "iteration number: "
[1] 35
[1] "iteration number: "
[1] 36
[1] "iteration number: "
[1] 37
[1] "iteration number: "
[1] 38
[1] "iteration number: "
[1] 39
[1] "iteration number: "
[1] 40
[1] "iteration number: "
[1] 41
[1] "iteration number: "
[1] 42
[1] "iteration number: "
[1] 43
[1] "iteration number: "
[1] 44
[1] "iteration number: "
[1] 45
[1] "RE-INITIALIZING..."
[1] 2
[1] 5
[1] 38
 [1] 2 2 2 2 2 1 2 1 2 2 4 2 1 2 2 2 3 2 2 1
[1] "iteration number: "
[1] 46
[1] "iteration number: "
[1] 47
[1] "iteration number: "
[1] 48
[1] "iteration number: "
[1] 49
[1] "iteration number: "
[1] 50
[1] "iteration number: "
[1] 51
[1] "iteration number: "
[1] 52
[1] "iteration number: "
[1] 53
[1] "iteration number: "
[1] 54
[1] "iteration number: "
[1] 55
[1] "iteration number: "
[1] 56
[1] "RE-INITIALIZING..."
[1] 3
[1] 5
[1] 40
 [1] 2 3 2 2 2 2 3 2 3 3 2 2 2 2 3 2 3 1 4 3
[1] "iteration number: "
[1] 57
[1] "iteration number: "
[1] 58
[1] "iteration number: "
[1] 59
[1] "iteration number: "
[1] 60
[1] "iteration number: "
[1] 61
[1] "iteration number: "
[1] 62
[1] "iteration number: "
[1] 63
[1] "iteration number: "
[1] 64
[1] "iteration number: "
[1] 65
[1] "iteration number: "
[1] 66
[1] "Best fitness updated to:"
[1] -62.39506
[1] "Best solution:"
 [1] 0 1 0 1 1 1 1 1 1 1 0 1 0 1 0 1 1 1 1 1 1 1 0 1 1 1 1 0 0 1 1 1 1 1 1 0 1 0
[39] 1 1
[1] 30
[1] "iteration number: "
[1] 67
[1] "iteration number: "
[1] 68
[1] "iteration number: "
[1] 69
[1] "iteration number: "
[1] 70
[1] "iteration number: "
[1] 71
[1] "iteration number: "
[1] 72
[1] "iteration number: "
[1] 73
[1] "iteration number: "
[1] 74
[1] "iteration number: "
[1] 75
[1] "iteration number: "
[1] 76
[1] "iteration number: "
[1] 77
[1] "RE-INITIALIZING..."
[1] 1
[1] 5
[1] 36
 [1] 2 2 2 2 2 1 2 1 2 2 4 2 1 2 2 2 3 2 2 1
[1] "iteration number: "
[1] 78
[1] "iteration number: "
[1] 79
[1] "iteration number: "
[1] 80
[1] "Best fitness updated to:"
[1] -62.77496
[1] "Best solution:"
 [1] 0 1 0 1 1 1 1 1 1 1 0 1 0 1 0 1 1 1 1 1 1 1 0 1 1 1 1 0 0 1 1 1 1 1 1 0 1 0
[39] 1 1
[1] 30
[1] "iteration number: "
[1] 81
[1] "iteration number: "
[1] 82
[1] "iteration number: "
[1] 83
[1] "iteration number: "
[1] 84
[1] "iteration number: "
[1] 85
[1] "iteration number: "
[1] 86
[1] "iteration number: "
[1] 87
[1] "iteration number: "
[1] 88
[1] "iteration number: "
[1] 89
[1] "iteration number: "
[1] 90
[1] "iteration number: "
[1] 91
[1] "RE-INITIALIZING..."
[1] 1
[1] 5
[1] 35
 [1] 2 2 2 2 2 1 2 1 2 2 4 2 1 2 2 2 3 2 2 1
[1] "iteration number: "
[1] 92
[1] "iteration number: "
[1] 93
[1] "iteration number: "
[1] 94
[1] "Best fitness updated to:"
[1] -62.82885
[1] "Best solution:"
 [1] 0 1 0 0 1 1 1 1 0 0 0 1 0 1 0 1 1 1 1 1 1 1 0 1 1 1 1 0 0 1 1 1 1 1 1 0 1 0
[39] 1 1
[1] 27
[1] "iteration number: "
[1] 95
[1] "iteration number: "
[1] 96
[1] "iteration number: "
[1] 97
[1] "iteration number: "
[1] 98
[1] "iteration number: "
[1] 99
[1] "iteration number: "
[1] 100
[1] "iteration number: "
[1] 101
[1] "iteration number: "
[1] 102
[1] "iteration number: "
[1] 103
[1] "iteration number: "
[1] 104
[1] "iteration number: "
[1] 105
[1] "RE-INITIALIZING..."
[1] 1
[1] 5
[1] 34
 [1] 2 2 2 2 2 1 2 1 2 2 4 2 1 2 2 2 3 2 2 1
[1] "iteration number: "
[1] 106
[1] "iteration number: "
[1] 107
[1] "iteration number: "
[1] 108
[1] "iteration number: "
[1] 109
[1] "iteration number: "
[1] 110
[1] "iteration number: "
[1] 111
[1] "iteration number: "
[1] 112
[1] "Best fitness updated to:"
[1] -62.92158
[1] "Best solution:"
 [1] 0 1 0 0 1 1 1 0 0 0 0 1 0 1 0 1 1 1 1 1 1 1 0 1 1 0 1 0 0 1 1 1 1 1 1 0 1 0
[39] 1 1
[1] 25
[1] "iteration number: "
[1] 113
[1] "iteration number: "
[1] 114
[1] "iteration number: "
[1] 115
[1] "iteration number: "
[1] 116
[1] "iteration number: "
[1] 117
[1] "iteration number: "
[1] 118
[1] "Best fitness updated to:"
[1] -63.31765
[1] "Best solution:"
 [1] 0 1 0 1 1 1 1 1 1 0 0 1 0 1 0 1 1 1 1 1 1 1 0 1 1 1 1 0 0 1 1 1 1 1 1 0 1 0
[39] 1 1
[1] 29
[1] "iteration number: "
[1] 119
[1] "iteration number: "
[1] 120
[1] "iteration number: "
[1] 121
[1] "iteration number: "
[1] 122
[1] "iteration number: "
[1] 123
[1] "iteration number: "
[1] 124
[1] "iteration number: "
[1] 125
[1] "iteration number: "
[1] 126
[1] "iteration number: "
[1] 127
[1] "iteration number: "
[1] 128
[1] "iteration number: "
[1] 129
[1] "RE-INITIALIZING..."
[1] 1
[1] 5
[1] 34
 [1] 2 2 2 2 2 1 2 1 2 2 4 2 1 2 2 2 3 2 2 1
[1] "iteration number: "
[1] 130
[1] "iteration number: "
[1] 131
[1] "iteration number: "
[1] 132
[1] "iteration number: "
[1] 133
[1] "iteration number: "
[1] 134
[1] "iteration number: "
[1] 135
[1] "iteration number: "
[1] 136
[1] "iteration number: "
[1] 137
[1] "iteration number: "
[1] 138
[1] "iteration number: "
[1] 139
[1] "iteration number: "
[1] 140
[1] "RE-INITIALIZING..."
[1] 2
[1] 5
[1] 35
 [1] 2 2 1 1 1 2 4 1 2 4 3 2 2 1 1 2 4 1 3 1
[1] "iteration number: "
[1] 141
[1] "iteration number: "
[1] 142
[1] "iteration number: "
[1] 143
[1] "iteration number: "
[1] 144
[1] "iteration number: "
[1] 145
[1] "iteration number: "
[1] 146
[1] "iteration number: "
[1] 147
[1] "iteration number: "
[1] 148
[1] "iteration number: "
[1] 149
[1] "iteration number: "
[1] 150
[1] "iteration number: "
[1] 151
[1] "RE-INITIALIZING..."
[1] 3
[1] 5
[1] 35
 [1] 2 2 2 2 2 1 2 1 2 2 4 2 1 2 2 2 3 2 2 1
[1] "iteration number: "
[1] 152
[1] "iteration number: "
[1] 153
[1] "iteration number: "
[1] 154
[1] "iteration number: "
[1] 155
[1] "iteration number: "
[1] 156
[1] "iteration number: "
[1] 157
[1] "iteration number: "
[1] 158
[1] "iteration number: "
[1] 159
[1] "iteration number: "
[1] 160
[1] "iteration number: "
[1] 161
[1] "iteration number: "
[1] 162
[1] "RE-INITIALIZING..."
[1] 4
[1] 5
[1] 32
 [1] 2 2 2 2 2 1 2 1 2 2 4 2 1 2 2 2 3 2 2 1
[1] "iteration number: "
[1] 163
[1] "iteration number: "
[1] 164
[1] "iteration number: "
[1] 165
[1] "iteration number: "
[1] 166
[1] "iteration number: "
[1] 167
[1] "iteration number: "
[1] 168
[1] "iteration number: "
[1] 169
[1] "iteration number: "
[1] 170
[1] "iteration number: "
[1] 171
[1] "iteration number: "
[1] 172
[1] "iteration number: "
[1] 173
[1] "RE-INITIALIZING..."
[1] 5
[1] 5
[1] 32
 [1] 2 2 2 2 2 1 2 1 2 2 4 2 1 2 2 2 3 2 2 1
[1] "iteration number: "
[1] 174
[1] "iteration number: "
[1] 175
[1] "iteration number: "
[1] 176
[1] "iteration number: "
[1] 177
[1] "iteration number: "
[1] 178
[1] "iteration number: "
[1] 179
[1] "iteration number: "
[1] 180
[1] "iteration number: "
[1] 181
[1] "iteration number: "
[1] 182
[1] "iteration number: "
[1] 183
[1] "iteration number: "
[1] 184
[1] "RE-INITIALIZING..."
[1] 6
[1] 5
[1] 32
[1] "No change for 6 iterations. Exiting PSO."
 [1]  2  4  5  6  7  8 12 14 16 17 18 19 20 21 22 24 25 27 30 31 32 33 34 35 37
[26] 39 40
[1] 3
[1] "##################################"
[1] "Results summary for itr:3"
[1] "number of features selected using population mean"
[1] 27
[1] "number of features selected using current global best"
[1] 27
[1] "feat ind length"
[1] 27
[1] "best accuracy"
[1] 63.31765
[1] "test acc:1"
[1] "##################################"
[1] "learning sets: 4"
 [1] 24 37 54 57 55 13 33 28  4 52 34 31  3 47 14 30 15 25  7 26 38 50 22 51  9
[26]  8 56 39 35 12 49 16 18  5 23 48 29  2 10 60 46 20 32 27 45 58 44 59
[1] "Starting global iteration number : 4"
[1] "iteration number: "
[1] 1
[1] "Best fitness updated to:"
[1] -57.20224
[1] "Best solution:"
 [1] NA NA NA NA NA NA NA NA NA NA NA NA NA NA NA NA NA NA NA NA NA NA NA NA NA
[26] NA NA NA NA NA NA NA NA NA NA NA NA NA NA NA
[1] 0
[1] "iteration number: "
[1] 2
[1] "iteration number: "
[1] 3
[1] "Best fitness updated to:"
[1] -57.41058
[1] "Best solution:"
 [1] 0 1 1 0 1 1 1 1 0 0 1 0 0 1 1 1 1 1 0 1 1 1 0 1 1 1 1 1 0 1 1 0 0 1 1 0 0 1
[39] 1 1
[1] 27
[1] "iteration number: "
[1] 4
[1] "iteration number: "
[1] 5
[1] "iteration number: "
[1] 6
[1] "Best fitness updated to:"
[1] -57.59856
[1] "Best solution:"
 [1] 1 0 1 1 0 1 0 1 1 0 1 1 0 1 1 1 1 1 0 1 0 1 1 0 0 0 1 1 1 1 1 1 0 0 0 1 1 0
[39] 1 1
[1] 26
[1] "iteration number: "
[1] 7
[1] "iteration number: "
[1] 8
[1] "iteration number: "
[1] 9
[1] "iteration number: "
[1] 10
[1] "iteration number: "
[1] 11
[1] "iteration number: "
[1] 12
[1] "iteration number: "
[1] 13
[1] "Best fitness updated to:"
[1] -57.8838
[1] "Best solution:"
 [1] 1 1 1 1 1 0 1 1 1 1 0 1 1 1 0 1 0 1 1 0 1 0 0 0 0 1 0 0 1 1 0 1 1 1 1 0 1 0
[39] 0 1
[1] 25
[1] "iteration number: "
[1] 14
[1] "iteration number: "
[1] 15
[1] "iteration number: "
[1] 16
[1] "iteration number: "
[1] 17
[1] "iteration number: "
[1] 18
[1] "iteration number: "
[1] 19
[1] "iteration number: "
[1] 20
[1] "iteration number: "
[1] 21
[1] "iteration number: "
[1] 22
[1] "iteration number: "
[1] 23
[1] "iteration number: "
[1] 24
[1] "RE-INITIALIZING..."
[1] 1
[1] 5
[1] 40
 [1] 2 2 2 2 2 1 2 1 2 2 4 2 1 2 2 2 3 2 2 1
[1] "iteration number: "
[1] 25
[1] "iteration number: "
[1] 26
[1] "Best fitness updated to:"
[1] -58.24752
[1] "Best solution:"
 [1] 0 1 1 0 1 1 1 1 1 0 0 1 0 0 1 1 0 0 0 0 1 1 0 1 1 0 0 0 1 0 0 1 1 0 1 1 1 0
[39] 0 1
[1] 21
[1] "iteration number: "
[1] 27
[1] "iteration number: "
[1] 28
[1] "iteration number: "
[1] 29
[1] "iteration number: "
[1] 30
[1] "iteration number: "
[1] 31
[1] "Best fitness updated to:"
[1] -58.27554
[1] "Best solution:"
 [1] 1 1 1 1 1 0 0 1 1 1 0 1 1 1 0 1 0 1 1 0 1 0 1 1 0 1 0 0 1 1 0 1 1 1 1 1 1 0
[39] 1 1
[1] 28
[1] "iteration number: "
[1] 32
[1] "iteration number: "
[1] 33
[1] "iteration number: "
[1] 34
[1] "iteration number: "
[1] 35
[1] "iteration number: "
[1] 36
[1] "iteration number: "
[1] 37
[1] "iteration number: "
[1] 38
[1] "iteration number: "
[1] 39
[1] "iteration number: "
[1] 40
[1] "iteration number: "
[1] 41
[1] "iteration number: "
[1] 42
[1] "RE-INITIALIZING..."
[1] 1
[1] 5
[1] 40
 [1] 2 2 2 2 2 1 2 1 2 2 4 2 1 2 2 2 3 2 2 1
[1] "iteration number: "
[1] 43
[1] "iteration number: "
[1] 44
[1] "iteration number: "
[1] 45
[1] "iteration number: "
[1] 46
[1] "iteration number: "
[1] 47
[1] "iteration number: "
[1] 48
[1] "iteration number: "
[1] 49
[1] "iteration number: "
[1] 50
[1] "iteration number: "
[1] 51
[1] "iteration number: "
[1] 52
[1] "iteration number: "
[1] 53
[1] "RE-INITIALIZING..."
[1] 2
[1] 5
[1] 39
 [1] 2 3 2 2 2 2 3 2 3 3 2 2 2 2 3 2 3 1 4 3
[1] "iteration number: "
[1] 54
[1] "Best fitness updated to:"
[1] -58.68262
[1] "Best solution:"
 [1] 1 0 1 1 0 0 1 1 1 1 0 1 1 1 0 1 0 0 1 1 0 0 0 1 0 1 1 1 1 1 1 1 1 1 1 1 1 0
[39] 0 0
[1] 26
[1] "iteration number: "
[1] 55
[1] "iteration number: "
[1] 56
[1] "iteration number: "
[1] 57
[1] "iteration number: "
[1] 58
[1] "iteration number: "
[1] 59
[1] "iteration number: "
[1] 60
[1] "iteration number: "
[1] 61
[1] "iteration number: "
[1] 62
[1] "iteration number: "
[1] 63
[1] "iteration number: "
[1] 64
[1] "iteration number: "
[1] 65
[1] "RE-INITIALIZING..."
[1] 1
[1] 5
[1] 39
 [1] 2 2 2 2 2 1 2 1 2 2 4 2 1 2 2 2 3 2 2 1
[1] "iteration number: "
[1] 66
[1] "iteration number: "
[1] 67
[1] "iteration number: "
[1] 68
[1] "iteration number: "
[1] 69
[1] "iteration number: "
[1] 70
[1] "iteration number: "
[1] 71
[1] "iteration number: "
[1] 72
[1] "iteration number: "
[1] 73
[1] "iteration number: "
[1] 74
[1] "Best fitness updated to:"
[1] -59.79275
[1] "Best solution:"
 [1] 1 1 1 0 0 0 0 1 1 1 0 1 1 1 0 1 0 1 1 0 0 1 1 0 0 1 1 0 1 0 1 1 1 1 1 0 1 1
[39] 1 1
[1] 26
[1] "iteration number: "
[1] 75
[1] "Best fitness updated to:"
[1] -60.85021
[1] "Best solution:"
 [1] 1 1 1 0 0 0 0 1 1 1 0 1 1 1 0 1 0 1 1 1 0 1 0 1 0 1 1 0 1 0 1 1 1 1 1 1 1 1
[39] 1 1
[1] 28
[1] "iteration number: "
[1] 76
[1] "iteration number: "
[1] 77
[1] "iteration number: "
[1] 78
[1] "iteration number: "
[1] 79
[1] "iteration number: "
[1] 80
[1] "iteration number: "
[1] 81
[1] "iteration number: "
[1] 82
[1] "iteration number: "
[1] 83
[1] "iteration number: "
[1] 84
[1] "iteration number: "
[1] 85
[1] "iteration number: "
[1] 86
[1] "RE-INITIALIZING..."
[1] 1
[1] 5
[1] 37
 [1] 2 2 2 2 2 1 2 1 2 2 4 2 1 2 2 2 3 2 2 1
[1] "iteration number: "
[1] 87
[1] "iteration number: "
[1] 88
[1] "iteration number: "
[1] 89
[1] "iteration number: "
[1] 90
[1] "iteration number: "
[1] 91
[1] "Best fitness updated to:"
[1] -60.90854
[1] "Best solution:"
 [1] 1 1 1 1 0 0 0 1 1 1 0 1 1 1 0 1 0 0 1 1 0 0 0 1 0 1 1 0 1 0 1 1 1 1 1 1 1 0
[39] 1 1
[1] 26
[1] "iteration number: "
[1] 92
[1] "iteration number: "
[1] 93
[1] "iteration number: "
[1] 94
[1] "iteration number: "
[1] 95
[1] "iteration number: "
[1] 96
[1] "iteration number: "
[1] 97
[1] "iteration number: "
[1] 98
[1] "iteration number: "
[1] 99
[1] "iteration number: "
[1] 100
[1] "iteration number: "
[1] 101
[1] "iteration number: "
[1] 102
[1] "RE-INITIALIZING..."
[1] 1
[1] 5
[1] 34
 [1] 2 2 1 1 1 2 4 1 2 4 3 2 2 1 1 2 4 1 3 1
[1] "iteration number: "
[1] 103
[1] "Best fitness updated to:"
[1] -60.95854
[1] "Best solution:"
 [1] 1 1 1 1 0 0 0 1 1 1 0 1 1 1 0 1 0 0 1 1 0 0 0 1 1 1 1 0 1 0 1 1 1 1 1 1 1 0
[39] 1 1
[1] 27
[1] "iteration number: "
[1] 104
[1] "iteration number: "
[1] 105
[1] "iteration number: "
[1] 106
[1] "iteration number: "
[1] 107
[1] "iteration number: "
[1] 108
[1] "iteration number: "
[1] 109
[1] "iteration number: "
[1] 110
[1] "iteration number: "
[1] 111
[1] "iteration number: "
[1] 112
[1] "iteration number: "
[1] 113
[1] "iteration number: "
[1] 114
[1] "RE-INITIALIZING..."
[1] 1
[1] 5
[1] 35
 [1] 2 2 2 2 2 1 2 1 2 2 4 2 1 2 2 2 3 2 2 1
[1] "iteration number: "
[1] 115
[1] "iteration number: "
[1] 116
[1] "iteration number: "
[1] 117
[1] "iteration number: "
[1] 118
[1] "iteration number: "
[1] 119
[1] "iteration number: "
[1] 120
[1] "iteration number: "
[1] 121
[1] "iteration number: "
[1] 122
[1] "iteration number: "
[1] 123
[1] "iteration number: "
[1] 124
[1] "iteration number: "
[1] 125
[1] "RE-INITIALIZING..."
[1] 2
[1] 5
[1] 30
 [1] 2 2 1 1 1 2 4 1 2 4 3 2 2 1 1 2 4 1 3 1
[1] "iteration number: "
[1] 126
[1] "iteration number: "
[1] 127
[1] "iteration number: "
[1] 128
[1] "iteration number: "
[1] 129
[1] "iteration number: "
[1] 130
[1] "iteration number: "
[1] 131
[1] "iteration number: "
[1] 132
[1] "iteration number: "
[1] 133
[1] "iteration number: "
[1] 134
[1] "iteration number: "
[1] 135
[1] "iteration number: "
[1] 136
[1] "RE-INITIALIZING..."
[1] 3
[1] 5
[1] 30
 [1] 2 2 2 2 2 1 2 1 2 2 4 2 1 2 2 2 3 2 2 1
[1] "iteration number: "
[1] 137
[1] "iteration number: "
[1] 138
[1] "iteration number: "
[1] 139
[1] "iteration number: "
[1] 140
[1] "iteration number: "
[1] 141
[1] "iteration number: "
[1] 142
[1] "iteration number: "
[1] 143
[1] "iteration number: "
[1] 144
[1] "iteration number: "
[1] 145
[1] "iteration number: "
[1] 146
[1] "iteration number: "
[1] 147
[1] "RE-INITIALIZING..."
[1] 4
[1] 5
[1] 30
 [1] 2 2 2 2 2 1 2 1 2 2 4 2 1 2 2 2 3 2 2 1
[1] "iteration number: "
[1] 148
[1] "iteration number: "
[1] 149
[1] "iteration number: "
[1] 150
[1] "iteration number: "
[1] 151
[1] "iteration number: "
[1] 152
[1] "iteration number: "
[1] 153
[1] "iteration number: "
[1] 154
[1] "iteration number: "
[1] 155
[1] "iteration number: "
[1] 156
[1] "iteration number: "
[1] 157
[1] "iteration number: "
[1] 158
[1] "RE-INITIALIZING..."
[1] 5
[1] 5
[1] 30
 [1] 2 2 2 2 2 1 2 1 2 2 4 2 1 2 2 2 3 2 2 1
[1] "iteration number: "
[1] 159
[1] "iteration number: "
[1] 160
[1] "iteration number: "
[1] 161
[1] "iteration number: "
[1] 162
[1] "iteration number: "
[1] 163
[1] "iteration number: "
[1] 164
[1] "iteration number: "
[1] 165
[1] "iteration number: "
[1] 166
[1] "iteration number: "
[1] 167
[1] "iteration number: "
[1] 168
[1] "iteration number: "
[1] 169
[1] "RE-INITIALIZING..."
[1] 6
[1] 5
[1] 30
[1] "No change for 6 iterations. Exiting PSO."
 [1]  1  2  4  8  9 10 12 13 14 16 19 20 24 26 27 29 31 32 33 34 35 36 37 39 40
[1] 4
[1] "##################################"
[1] "Results summary for itr:4"
[1] "number of features selected using population mean"
[1] 25
[1] "number of features selected using current global best"
[1] 25
[1] "feat ind length"
[1] 25
[1] "best accuracy"
[1] 60.95854
[1] "test acc:1"
[1] "##################################"
[1] "learning sets: 5"
 [1] 56 19  1 55 33 25 17  2 39 46 58 26 27  4 57 28 60 32 53 37 14 21 12  3 52
[26] 59 41  5 42 36 50  6  8 29 31 16 38 44 22 13 11 49 24 61 48 34  7 47
[1] "Starting global iteration number : 5"
[1] "iteration number: "
[1] 1
[1] "Best fitness updated to:"
[1] -58.06067
[1] "Best solution:"
 [1] NA NA NA NA NA NA NA NA NA NA NA NA NA NA NA NA NA NA NA NA NA NA NA NA NA
[26] NA NA NA NA NA NA NA NA NA NA NA NA NA NA NA
[1] 0
[1] "iteration number: "
[1] 2
[1] "Best fitness updated to:"
[1] -64.65328
[1] "Best solution:"
 [1] 0 0 0 0 1 1 1 0 0 0 0 0 0 1 0 0 1 0 0 1 0 0 0 1 1 0 1 1 0 0 1 0 0 0 0 1 0 1
[39] 0 0
[1] 13
[1] "iteration number: "
[1] 3
[1] "iteration number: "
[1] 4
[1] "iteration number: "
[1] 5
[1] "iteration number: "
[1] 6
[1] "iteration number: "
[1] 7
[1] "iteration number: "
[1] 8
[1] "iteration number: "
[1] 9
[1] "iteration number: "
[1] 10
[1] "iteration number: "
[1] 11
[1] "iteration number: "
[1] 12
[1] "iteration number: "
[1] 13
[1] "RE-INITIALIZING..."
[1] 1
[1] 5
[1] 40
 [1] 2 3 2 2 2 2 3 2 3 3 2 2 2 2 3 2 3 1 4 3
[1] "iteration number: "
[1] 14
[1] "iteration number: "
[1] 15
[1] "iteration number: "
[1] 16
[1] "iteration number: "
[1] 17
[1] "iteration number: "
[1] 18
[1] "iteration number: "
[1] 19
[1] "iteration number: "
[1] 20
[1] "iteration number: "
[1] 21
[1] "iteration number: "
[1] 22
[1] "iteration number: "
[1] 23
[1] "iteration number: "
[1] 24
[1] "RE-INITIALIZING..."
[1] 2
[1] 5
[1] 40
 [1] 2 2 2 2 2 1 2 1 2 2 4 2 1 2 2 2 3 2 2 1
[1] "iteration number: "
[1] 25
[1] "iteration number: "
[1] 26
[1] "iteration number: "
[1] 27
[1] "iteration number: "
[1] 28
[1] "iteration number: "
[1] 29
[1] "iteration number: "
[1] 30
[1] "iteration number: "
[1] 31
[1] "iteration number: "
[1] 32
[1] "iteration number: "
[1] 33
[1] "iteration number: "
[1] 34
[1] "iteration number: "
[1] 35
[1] "RE-INITIALIZING..."
[1] 3
[1] 5
[1] 39
 [1] 2 2 2 2 2 1 2 1 2 2 4 2 1 2 2 2 3 2 2 1
[1] "iteration number: "
[1] 36
[1] "iteration number: "
[1] 37
[1] "iteration number: "
[1] 38
[1] "iteration number: "
[1] 39
[1] "iteration number: "
[1] 40
[1] "iteration number: "
[1] 41
[1] "Best fitness updated to:"
[1] -64.79119
[1] "Best solution:"
 [1] 0 1 0 0 0 0 1 1 1 0 0 1 0 1 0 1 0 1 0 1 0 0 1 1 1 0 0 0 1 0 1 1 0 1 1 1 1 0
[39] 1 1
[1] 21
[1] "iteration number: "
[1] 42
[1] "iteration number: "
[1] 43
[1] "iteration number: "
[1] 44
[1] "iteration number: "
[1] 45
[1] "iteration number: "
[1] 46
[1] "iteration number: "
[1] 47
[1] "iteration number: "
[1] 48
[1] "iteration number: "
[1] 49
[1] "iteration number: "
[1] 50
[1] "iteration number: "
[1] 51
[1] "iteration number: "
[1] 52
[1] "RE-INITIALIZING..."
[1] 1
[1] 5
[1] 38
 [1] 2 2 1 1 1 2 4 1 2 4 3 2 2 1 1 2 4 1 3 1
[1] "iteration number: "
[1] 53
[1] "iteration number: "
[1] 54
[1] "iteration number: "
[1] 55
[1] "iteration number: "
[1] 56
[1] "iteration number: "
[1] 57
[1] "iteration number: "
[1] 58
[1] "iteration number: "
[1] 59
[1] "iteration number: "
[1] 60
[1] "iteration number: "
[1] 61
[1] "iteration number: "
[1] 62
[1] "iteration number: "
[1] 63
[1] "RE-INITIALIZING..."
[1] 2
[1] 5
[1] 34
 [1] 2 2 2 2 2 1 2 1 2 2 4 2 1 2 2 2 3 2 2 1
[1] "iteration number: "
[1] 64
[1] "iteration number: "
[1] 65
[1] "iteration number: "
[1] 66
[1] "iteration number: "
[1] 67
[1] "iteration number: "
[1] 68
[1] "iteration number: "
[1] 69
[1] "iteration number: "
[1] 70
[1] "iteration number: "
[1] 71
[1] "iteration number: "
[1] 72
[1] "iteration number: "
[1] 73
[1] "iteration number: "
[1] 74
[1] "RE-INITIALIZING..."
[1] 3
[1] 5
[1] 30
 [1] 2 2 2 2 2 1 2 1 2 2 4 2 1 2 2 2 3 2 2 1
[1] "iteration number: "
[1] 75
[1] "iteration number: "
[1] 76
[1] "iteration number: "
[1] 77
[1] "iteration number: "
[1] 78
[1] "iteration number: "
[1] 79
[1] "iteration number: "
[1] 80
[1] "iteration number: "
[1] 81
[1] "iteration number: "
[1] 82
[1] "iteration number: "
[1] 83
[1] "iteration number: "
[1] 84
[1] "iteration number: "
[1] 85
[1] "RE-INITIALIZING..."
[1] 4
[1] 5
[1] 32
 [1] 2 2 2 2 2 1 2 1 2 2 4 2 1 2 2 2 3 2 2 1
[1] "iteration number: "
[1] 86
[1] "iteration number: "
[1] 87
[1] "iteration number: "
[1] 88
[1] "iteration number: "
[1] 89
[1] "iteration number: "
[1] 90
[1] "iteration number: "
[1] 91
[1] "iteration number: "
[1] 92
[1] "iteration number: "
[1] 93
[1] "iteration number: "
[1] 94
[1] "Best fitness updated to:"
[1] -65.54439
[1] "Best solution:"
 [1] 0 1 0 0 1 0 1 1 1 0 0 1 0 1 0 1 0 1 0 1 0 0 1 1 1 0 0 0 1 0 1 1 0 1 1 1 1 0
[39] 1 1
[1] 22
[1] "iteration number: "
[1] 95
[1] "iteration number: "
[1] 96
[1] "iteration number: "
[1] 97
[1] "iteration number: "
[1] 98
[1] "iteration number: "
[1] 99
[1] "iteration number: "
[1] 100
[1] "iteration number: "
[1] 101
[1] "iteration number: "
[1] 102
[1] "iteration number: "
[1] 103
[1] "iteration number: "
[1] 104
[1] "iteration number: "
[1] 105
[1] "RE-INITIALIZING..."
[1] 1
[1] 5
[1] 33
 [1] 2 2 2 2 2 1 2 1 2 2 4 2 1 2 2 2 3 2 2 1
[1] "iteration number: "
[1] 106
[1] "iteration number: "
[1] 107
[1] "iteration number: "
[1] 108
[1] "iteration number: "
[1] 109
[1] "iteration number: "
[1] 110
[1] "iteration number: "
[1] 111
[1] "iteration number: "
[1] 112
[1] "iteration number: "
[1] 113
[1] "iteration number: "
[1] 114
[1] "iteration number: "
[1] 115
[1] "iteration number: "
[1] 116
[1] "RE-INITIALIZING..."
[1] 2
[1] 5
[1] 34
 [1] 2 3 2 2 2 2 3 2 3 3 2 2 2 2 3 2 3 1 4 3
[1] "iteration number: "
[1] 117
[1] "iteration number: "
[1] 118
[1] "iteration number: "
[1] 119
[1] "iteration number: "
[1] 120
[1] "iteration number: "
[1] 121
[1] "iteration number: "
[1] 122
[1] "iteration number: "
[1] 123
[1] "iteration number: "
[1] 124
[1] "iteration number: "
[1] 125
[1] "iteration number: "
[1] 126
[1] "iteration number: "
[1] 127
[1] "RE-INITIALIZING..."
[1] 3
[1] 5
[1] 31
 [1] 2 2 2 2 2 1 2 1 2 2 4 2 1 2 2 2 3 2 2 1
[1] "iteration number: "
[1] 128
[1] "iteration number: "
[1] 129
[1] "iteration number: "
[1] 130
[1] "iteration number: "
[1] 131
[1] "iteration number: "
[1] 132
[1] "iteration number: "
[1] 133
[1] "iteration number: "
[1] 134
[1] "iteration number: "
[1] 135
[1] "iteration number: "
[1] 136
[1] "iteration number: "
[1] 137
[1] "iteration number: "
[1] 138
[1] "RE-INITIALIZING..."
[1] 4
[1] 5
[1] 31
 [1] 2 2 2 2 2 1 2 1 2 2 4 2 1 2 2 2 3 2 2 1
[1] "iteration number: "
[1] 139
[1] "iteration number: "
[1] 140
[1] "iteration number: "
[1] 141
[1] "iteration number: "
[1] 142
[1] "iteration number: "
[1] 143
[1] "iteration number: "
[1] 144
[1] "iteration number: "
[1] 145
[1] "iteration number: "
[1] 146
[1] "iteration number: "
[1] 147
[1] "iteration number: "
[1] 148
[1] "iteration number: "
[1] 149
[1] "RE-INITIALIZING..."
[1] 5
[1] 5
[1] 31
 [1] 2 2 2 2 2 1 2 1 2 2 4 2 1 2 2 2 3 2 2 1
[1] "iteration number: "
[1] 150
[1] "iteration number: "
[1] 151
[1] "iteration number: "
[1] 152
[1] "iteration number: "
[1] 153
[1] "iteration number: "
[1] 154
[1] "iteration number: "
[1] 155
[1] "iteration number: "
[1] 156
[1] "iteration number: "
[1] 157
[1] "iteration number: "
[1] 158
[1] "iteration number: "
[1] 159
[1] "iteration number: "
[1] 160
[1] "RE-INITIALIZING..."
[1] 6
[1] 5
[1] 29
 [1] 2 2 2 2 2 1 2 1 2 2 4 2 1 2 2 2 3 2 2 1
[1] "iteration number: "
[1] 161
[1] "iteration number: "
[1] 162
[1] "iteration number: "
[1] 163
[1] "iteration number: "
[1] 164
[1] "iteration number: "
[1] 165
[1] "iteration number: "
[1] 166
[1] "iteration number: "
[1] 167
[1] "iteration number: "
[1] 168
[1] "iteration number: "
[1] 169
[1] "iteration number: "
[1] 170
[1] "iteration number: "
[1] 171
[1] "RE-INITIALIZING..."
[1] 7
[1] 5
[1] 28
 [1] 2 2 2 2 2 1 2 1 2 2 4 2 1 2 2 2 3 2 2 1
[1] "iteration number: "
[1] 172
[1] "iteration number: "
[1] 173
[1] "iteration number: "
[1] 174
[1] "iteration number: "
[1] 175
[1] "iteration number: "
[1] 176
[1] "iteration number: "
[1] 177
[1] "iteration number: "
[1] 178
[1] "iteration number: "
[1] 179
[1] "iteration number: "
[1] 180
[1] "iteration number: "
[1] 181
[1] "iteration number: "
[1] 182
[1] "RE-INITIALIZING..."
[1] 8
[1] 5
[1] 28
[1] "No change for 8 iterations. Exiting PSO."
 [1]  2  7  8  9 11 12 14 16 18 20 23 24 25 29 31 32 34 35 36 37 40
[1] 5
[1] "##################################"
[1] "Results summary for itr:5"
[1] "number of features selected using population mean"
[1] 21
[1] "number of features selected using current global best"
[1] 21
[1] "feat ind length"
[1] 21
[1] "best accuracy"
[1] 65.54439
[1] "test acc:1"
[1] "##################################"
[1] "learning sets: 6"
 [1] 61  1 40 57  4 59 50 34 56 52 27  8 30 55  3 42 45 35 51 37 33 19  9 38 26
[26] 58  5 24 49 44 25 46 14  6 23 53 39 47 48  7 54 17 32 11 13 29 20 10
[1] "Starting global iteration number : 6"
[1] "iteration number: "
[1] 1
[1] "Best fitness updated to:"
[1] -55.81467
[1] "Best solution:"
 [1] NA NA NA NA NA NA NA NA NA NA NA NA NA NA NA NA NA NA NA NA NA NA NA NA NA
[26] NA NA NA NA NA NA NA NA NA NA NA NA NA NA NA
[1] 0
[1] "iteration number: "
[1] 2
[1] "Best fitness updated to:"
[1] -62.02913
[1] "Best solution:"
 [1] 0 0 0 0 1 1 1 0 0 0 0 0 0 1 0 0 1 0 0 1 0 0 0 1 1 0 1 1 0 0 1 0 0 0 0 1 0 1
[39] 0 0
[1] 13
[1] "iteration number: "
[1] 3
[1] "iteration number: "
[1] 4
[1] "Best fitness updated to:"
[1] -64.12683
[1] "Best solution:"
 [1] 0 1 0 0 1 0 0 1 1 0 0 1 0 1 0 1 0 1 0 1 1 0 1 1 0 0 0 1 1 0 0 1 1 1 1 1 1 1
[39] 1 1
[1] 23
[1] "iteration number: "
[1] 5
[1] "Best fitness updated to:"
[1] -64.21911
[1] "Best solution:"
 [1] 0 1 0 1 1 0 1 1 1 0 1 1 1 1 0 0 1 1 0 1 1 0 1 0 0 1 0 0 1 0 0 1 0 1 1 1 0 0
[39] 1 1
[1] 23
[1] "iteration number: "
[1] 6
[1] "iteration number: "
[1] 7
[1] "iteration number: "
[1] 8
[1] "iteration number: "
[1] 9
[1] "Best fitness updated to:"
[1] -64.27557
[1] "Best solution:"
 [1] 0 1 1 1 1 0 1 1 1 0 1 1 1 1 0 1 1 1 0 1 1 0 1 0 1 1 0 0 1 0 1 1 1 1 1 1 1 0
[39] 1 1
[1] 29
[1] "iteration number: "
[1] 10
[1] "iteration number: "
[1] 11
[1] "iteration number: "
[1] 12
[1] "Best fitness updated to:"
[1] -64.33421
[1] "Best solution:"
 [1] 1 1 1 1 1 1 1 1 1 0 1 1 1 0 0 1 0 0 0 1 1 1 1 0 1 0 0 0 0 0 0 0 1 1 1 1 0 0
[39] 1 1
[1] 24
[1] "iteration number: "
[1] 13
[1] "Best fitness updated to:"
[1] -64.90437
[1] "Best solution:"
 [1] 0 1 1 1 1 0 1 1 1 0 1 1 1 1 0 0 1 1 0 1 1 0 1 0 1 1 0 1 1 1 0 1 1 1 1 1 1 0
[39] 0 1
[1] 28
[1] "iteration number: "
[1] 14
[1] "iteration number: "
[1] 15
[1] "iteration number: "
[1] 16
[1] "iteration number: "
[1] 17
[1] "iteration number: "
[1] 18
[1] "iteration number: "
[1] 19
[1] "iteration number: "
[1] 20
[1] "iteration number: "
[1] 21
[1] "iteration number: "
[1] 22
[1] "iteration number: "
[1] 23
[1] "iteration number: "
[1] 24
[1] "RE-INITIALIZING..."
[1] 1
[1] 5
[1] 40
 [1] 2 2 2 2 2 1 2 1 2 2 4 2 1 2 2 2 3 2 2 1
[1] "iteration number: "
[1] 25
[1] "iteration number: "
[1] 26
[1] "iteration number: "
[1] 27
[1] "iteration number: "
[1] 28
[1] "iteration number: "
[1] 29
[1] "iteration number: "
[1] 30
[1] "iteration number: "
[1] 31
[1] "iteration number: "
[1] 32
[1] "iteration number: "
[1] 33
[1] "iteration number: "
[1] 34
[1] "iteration number: "
[1] 35
[1] "RE-INITIALIZING..."
[1] 2
[1] 5
[1] 38
 [1] 2 2 2 2 2 1 2 1 2 2 4 2 1 2 2 2 3 2 2 1
[1] "iteration number: "
[1] 36
[1] "iteration number: "
[1] 37
[1] "iteration number: "
[1] 38
[1] "iteration number: "
[1] 39
[1] "iteration number: "
[1] 40
[1] "iteration number: "
[1] 41
[1] "iteration number: "
[1] 42
[1] "iteration number: "
[1] 43
[1] "iteration number: "
[1] 44
[1] "iteration number: "
[1] 45
[1] "iteration number: "
[1] 46
[1] "RE-INITIALIZING..."
[1] 3
[1] 5
[1] 39
 [1] 2 3 2 2 2 2 3 2 3 3 2 2 2 2 3 2 3 1 4 3
[1] "iteration number: "
[1] 47
[1] "iteration number: "
[1] 48
[1] "iteration number: "
[1] 49
[1] "iteration number: "
[1] 50
[1] "Best fitness updated to:"
[1] -64.92937
[1] "Best solution:"
 [1] 0 1 1 1 1 0 1 1 1 1 1 1 1 1 0 1 1 1 0 0 1 0 1 0 1 1 0 0 1 1 0 1 1 1 1 1 1 0
[39] 1 1
[1] 29
[1] "iteration number: "
[1] 51
[1] "iteration number: "
[1] 52
[1] "iteration number: "
[1] 53
[1] "iteration number: "
[1] 54
[1] "iteration number: "
[1] 55
[1] "iteration number: "
[1] 56
[1] "iteration number: "
[1] 57
[1] "iteration number: "
[1] 58
[1] "iteration number: "
[1] 59
[1] "iteration number: "
[1] 60
[1] "iteration number: "
[1] 61
[1] "RE-INITIALIZING..."
[1] 1
[1] 5
[1] 40
 [1] 2 2 2 2 2 1 2 1 2 2 4 2 1 2 2 2 3 2 2 1
[1] "iteration number: "
[1] 62
[1] "iteration number: "
[1] 63
[1] "iteration number: "
[1] 64
[1] "iteration number: "
[1] 65
[1] "iteration number: "
[1] 66
[1] "Best fitness updated to:"
[1] -64.99057
[1] "Best solution:"
 [1] 0 1 1 1 1 0 1 1 1 0 0 1 1 1 0 1 1 1 0 0 1 0 1 0 1 1 0 0 1 1 0 1 1 1 1 1 1 0
[39] 1 1
[1] 27
[1] "iteration number: "
[1] 67
[1] "iteration number: "
[1] 68
[1] "iteration number: "
[1] 69
[1] "iteration number: "
[1] 70
[1] "iteration number: "
[1] 71
[1] "iteration number: "
[1] 72
[1] "Best fitness updated to:"
[1] -65.86896
[1] "Best solution:"
 [1] 0 1 1 1 1 0 1 1 1 1 1 1 1 1 0 1 1 1 0 0 1 0 1 0 1 1 0 1 1 1 0 1 1 1 1 1 1 0
[39] 1 1
[1] 30
[1] "iteration number: "
[1] 73
[1] "iteration number: "
[1] 74
[1] "iteration number: "
[1] 75
[1] "iteration number: "
[1] 76
[1] "iteration number: "
[1] 77
[1] "iteration number: "
[1] 78
[1] "iteration number: "
[1] 79
[1] "iteration number: "
[1] 80
[1] "iteration number: "
[1] 81
[1] "iteration number: "
[1] 82
[1] "iteration number: "
[1] 83
[1] "RE-INITIALIZING..."
[1] 1
[1] 5
[1] 37
 [1] 2 2 2 2 2 1 2 1 2 2 4 2 1 2 2 2 3 2 2 1
[1] "iteration number: "
[1] 84
[1] "iteration number: "
[1] 85
[1] "iteration number: "
[1] 86
[1] "iteration number: "
[1] 87
[1] "iteration number: "
[1] 88
[1] "iteration number: "
[1] 89
[1] "iteration number: "
[1] 90
[1] "iteration number: "
[1] 91
[1] "iteration number: "
[1] 92
[1] "iteration number: "
[1] 93
[1] "iteration number: "
[1] 94
[1] "RE-INITIALIZING..."
[1] 2
[1] 5
[1] 37
 [1] 2 3 2 2 2 2 3 2 3 3 2 2 2 2 3 2 3 1 4 3
[1] "iteration number: "
[1] 95
[1] "iteration number: "
[1] 96
[1] "iteration number: "
[1] 97
[1] "iteration number: "
[1] 98
[1] "iteration number: "
[1] 99
[1] "iteration number: "
[1] 100
[1] "iteration number: "
[1] 101
[1] "iteration number: "
[1] 102
[1] "iteration number: "
[1] 103
[1] "iteration number: "
[1] 104
[1] "iteration number: "
[1] 105
[1] "RE-INITIALIZING..."
[1] 3
[1] 5
[1] 36
 [1] 2 2 2 2 2 1 2 1 2 2 4 2 1 2 2 2 3 2 2 1
[1] "iteration number: "
[1] 106
[1] "iteration number: "
[1] 107
[1] "iteration number: "
[1] 108
[1] "iteration number: "
[1] 109
[1] "iteration number: "
[1] 110
[1] "iteration number: "
[1] 111
[1] "iteration number: "
[1] 112
[1] "iteration number: "
[1] 113
[1] "iteration number: "
[1] 114
[1] "iteration number: "
[1] 115
[1] "iteration number: "
[1] 116
[1] "RE-INITIALIZING..."
[1] 4
[1] 5
[1] 33
 [1] 2 3 2 2 2 2 3 2 3 3 2 2 2 2 3 2 3 1 4 3
[1] "iteration number: "
[1] 117
[1] "iteration number: "
[1] 118
[1] "iteration number: "
[1] 119
[1] "iteration number: "
[1] 120
[1] "iteration number: "
[1] 121
[1] "iteration number: "
[1] 122
[1] "iteration number: "
[1] 123
[1] "iteration number: "
[1] 124
[1] "iteration number: "
[1] 125
[1] "iteration number: "
[1] 126
[1] "iteration number: "
[1] 127
[1] "RE-INITIALIZING..."
[1] 5
[1] 5
[1] 35
 [1] 2 2 2 2 2 1 2 1 2 2 4 2 1 2 2 2 3 2 2 1
[1] "iteration number: "
[1] 128
[1] "iteration number: "
[1] 129
[1] "iteration number: "
[1] 130
[1] "iteration number: "
[1] 131
[1] "iteration number: "
[1] 132
[1] "iteration number: "
[1] 133
[1] "iteration number: "
[1] 134
[1] "iteration number: "
[1] 135
[1] "iteration number: "
[1] 136
[1] "iteration number: "
[1] 137
[1] "iteration number: "
[1] 138
[1] "RE-INITIALIZING..."
[1] 6
[1] 5
[1] 33
[1] "No change for 6 iterations. Exiting PSO."
 [1]  2  3  4  5  8  9 10 11 12 14 16 18 23 25 26 29 30 32 33 34 35 36 37 39 40
[1] 6
[1] "##################################"
[1] "Results summary for itr:6"
[1] "number of features selected using population mean"
[1] 25
[1] "number of features selected using current global best"
[1] 25
[1] "feat ind length"
[1] 25
[1] "best accuracy"
[1] 65.86896
[1] "test acc:1"
[1] "##################################"
[1] "learning sets: 7"
 [1]  5 46 20 14 48 49 44 13 51 43 18 57 33 10  4 39 37  7 40 36 19 31 17 45 26
[26] 28 21 42 47 54  6 38  8 15 55 60 53 22 58 35 24  9 16 27  3 34 25 50
[1] "Starting global iteration number : 7"
[1] "iteration number: "
[1] 1
[1] "Best fitness updated to:"
[1] -47.21382
[1] "Best solution:"
 [1] NA NA NA NA NA NA NA NA NA NA NA NA NA NA NA NA NA NA NA NA NA NA NA NA NA
[26] NA NA NA NA NA NA NA NA NA NA NA NA NA NA NA
[1] 0
[1] "iteration number: "
[1] 2
[1] "iteration number: "
[1] 3
[1] "iteration number: "
[1] 4
[1] "Best fitness updated to:"
[1] -49.5433
[1] "Best solution:"
 [1] 0 1 1 1 1 1 1 1 0 0 1 0 0 1 1 1 1 1 1 1 1 1 0 1 1 1 1 1 1 1 1 0 1 1 1 1 1 1
[39] 1 1
[1] 33
[1] "iteration number: "
[1] 5
[1] "iteration number: "
[1] 6
[1] "iteration number: "
[1] 7
[1] "Best fitness updated to:"
[1] -50.57942
[1] "Best solution:"
 [1] 0 1 1 1 1 1 1 1 0 1 0 0 0 1 1 1 1 1 0 1 1 1 1 1 1 0 1 0 1 1 1 0 1 0 1 1 0 0
[39] 1 1
[1] 28
[1] "iteration number: "
[1] 8
[1] "Best fitness updated to:"
[1] -50.78686
[1] "Best solution:"
 [1] 0 1 1 0 1 1 1 1 0 1 1 0 0 1 1 1 1 1 1 1 1 1 1 1 1 1 1 1 1 1 1 1 1 1 1 1 0 1
[39] 1 1
[1] 34
[1] "iteration number: "
[1] 9
[1] "iteration number: "
[1] 10
[1] "iteration number: "
[1] 11
[1] "iteration number: "
[1] 12
[1] "iteration number: "
[1] 13
[1] "iteration number: "
[1] 14
[1] "Best fitness updated to:"
[1] -50.99623
[1] "Best solution:"
 [1] 0 1 0 1 0 0 1 1 0 1 0 0 0 0 1 0 0 0 0 0 1 1 0 0 0 0 1 1 1 1 1 1 0 1 0 1 0 0
[39] 0 1
[1] 17
[1] "iteration number: "
[1] 15
[1] "iteration number: "
[1] 16
[1] "iteration number: "
[1] 17
[1] "iteration number: "
[1] 18
[1] "iteration number: "
[1] 19
[1] "iteration number: "
[1] 20
[1] "iteration number: "
[1] 21
[1] "iteration number: "
[1] 22
[1] "iteration number: "
[1] 23
[1] "iteration number: "
[1] 24
[1] "Best fitness updated to:"
[1] -51.51897
[1] "Best solution:"
 [1] 0 1 1 1 1 1 1 1 0 1 0 0 1 1 1 1 1 1 1 1 1 1 0 1 1 1 0 0 1 1 1 1 1 1 1 1 1 0
[39] 1 1
[1] 32
[1] "iteration number: "
[1] 25
[1] "iteration number: "
[1] 26
[1] "Best fitness updated to:"
[1] -51.83655
[1] "Best solution:"
 [1] 0 1 1 1 1 1 1 1 0 1 1 0 0 1 1 1 1 1 0 0 1 1 0 1 1 1 0 0 1 0 1 1 1 1 1 1 1 0
[39] 1 1
[1] 29
[1] "iteration number: "
[1] 27
[1] "iteration number: "
[1] 28
[1] "iteration number: "
[1] 29
[1] "iteration number: "
[1] 30
[1] "iteration number: "
[1] 31
[1] "iteration number: "
[1] 32
[1] "iteration number: "
[1] 33
[1] "iteration number: "
[1] 34
[1] "iteration number: "
[1] 35
[1] "iteration number: "
[1] 36
[1] "iteration number: "
[1] 37
[1] "RE-INITIALIZING..."
[1] 1
[1] 5
[1] 40
 [1] 2 2 2 2 2 1 2 1 2 2 4 2 1 2 2 2 3 2 2 1
[1] "iteration number: "
[1] 38
[1] "iteration number: "
[1] 39
[1] "iteration number: "
[1] 40
[1] "iteration number: "
[1] 41
[1] "iteration number: "
[1] 42
[1] "iteration number: "
[1] 43
[1] "iteration number: "
[1] 44
[1] "iteration number: "
[1] 45
[1] "iteration number: "
[1] 46
[1] "Best fitness updated to:"
[1] -51.88529
[1] "Best solution:"
 [1] 1 1 1 1 1 0 1 0 1 1 1 0 1 0 1 1 1 1 1 0 0 1 1 1 1 1 0 0 1 1 1 1 1 1 1 1 1 1
[39] 0 0
[1] 30
[1] "iteration number: "
[1] 47
[1] "iteration number: "
[1] 48
[1] "iteration number: "
[1] 49
[1] "Best fitness updated to:"
[1] -52.21002
[1] "Best solution:"
 [1] 0 1 0 1 1 0 1 1 1 0 0 0 1 1 1 1 1 1 1 0 1 1 0 0 0 1 1 0 1 1 1 1 1 1 1 1 0 1
[39] 1 1
[1] 28
[1] "iteration number: "
[1] 50
[1] "iteration number: "
[1] 51
[1] "iteration number: "
[1] 52
[1] "Best fitness updated to:"
[1] -52.4194
[1] "Best solution:"
 [1] 0 1 0 0 1 0 0 0 1 0 0 0 0 0 0 0 0 0 0 0 1 1 0 0 0 0 1 0 1 1 1 0 0 1 0 1 0 1
[39] 0 1
[1] 13
[1] "iteration number: "
[1] 53
[1] "iteration number: "
[1] 54
[1] "iteration number: "
[1] 55
[1] "iteration number: "
[1] 56
[1] "iteration number: "
[1] 57
[1] "iteration number: "
[1] 58
[1] "Best fitness updated to:"
[1] -52.4444
[1] "Best solution:"
 [1] 0 1 0 1 1 0 1 1 0 1 0 0 0 1 1 1 1 1 1 0 1 1 0 1 1 0 1 0 1 1 1 1 1 1 1 1 1 1
[39] 1 1
[1] 29
[1] "iteration number: "
[1] 59
[1] "iteration number: "
[1] 60
[1] "iteration number: "
[1] 61
[1] "iteration number: "
[1] 62
[1] "iteration number: "
[1] 63
[1] "iteration number: "
[1] 64
[1] "iteration number: "
[1] 65
[1] "iteration number: "
[1] 66
[1] "iteration number: "
[1] 67
[1] "iteration number: "
[1] 68
[1] "iteration number: "
[1] 69
[1] "RE-INITIALIZING..."
[1] 1
[1] 5
[1] 40
 [1] 2 2 2 2 2 1 2 1 2 2 4 2 1 2 2 2 3 2 2 1
[1] "iteration number: "
[1] 70
[1] "iteration number: "
[1] 71
[1] "iteration number: "
[1] 72
[1] "Best fitness updated to:"
[1] -52.49752
[1] "Best solution:"
 [1] 0 1 0 0 0 1 0 1 1 1 0 0 0 0 1 1 0 0 0 0 1 1 0 0 0 0 1 0 1 1 1 0 0 1 1 1 1 1
[39] 1 1
[1] 20
[1] "iteration number: "
[1] 73
[1] "iteration number: "
[1] 74
[1] "Best fitness updated to:"
[1] -52.52252
[1] "Best solution:"
 [1] 0 1 1 1 1 0 1 1 0 1 0 0 0 1 1 1 1 1 1 1 1 1 0 1 1 0 1 0 1 1 1 1 1 1 1 1 1 0
[39] 0 1
[1] 29
[1] "iteration number: "
[1] 75
[1] "iteration number: "
[1] 76
[1] "iteration number: "
[1] 77
[1] "iteration number: "
[1] 78
[1] "iteration number: "
[1] 79
[1] "iteration number: "
[1] 80
[1] "iteration number: "
[1] 81
[1] "iteration number: "
[1] 82
[1] "iteration number: "
[1] 83
[1] "Best fitness updated to:"
[1] -52.63001
[1] "Best solution:"
 [1] 0 1 0 1 1 0 1 1 0 1 0 0 0 1 1 1 1 1 1 1 1 1 0 1 1 0 1 0 1 1 1 1 1 1 1 1 1 0
[39] 0 1
[1] 28
[1] "iteration number: "
[1] 84
[1] "iteration number: "
[1] 85
[1] "iteration number: "
[1] 86
[1] "iteration number: "
[1] 87
[1] "iteration number: "
[1] 88
[1] "iteration number: "
[1] 89
[1] "iteration number: "
[1] 90
[1] "Best fitness updated to:"
[1] -52.78795
[1] "Best solution:"
 [1] 1 1 1 1 0 0 1 1 1 1 0 0 0 0 1 0 0 1 1 0 1 0 0 0 1 0 1 0 1 0 1 1 1 1 1 1 0 0
[39] 1 1
[1] 23
[1] "iteration number: "
[1] 91
[1] "iteration number: "
[1] 92
[1] "iteration number: "
[1] 93
[1] "iteration number: "
[1] 94
[1] "iteration number: "
[1] 95
[1] "iteration number: "
[1] 96
[1] "iteration number: "
[1] 97
[1] "iteration number: "
[1] 98
[1] "iteration number: "
[1] 99
[1] "iteration number: "
[1] 100
[1] "iteration number: "
[1] 101
[1] "RE-INITIALIZING..."
[1] 1
[1] 5
[1] 36
 [1] 2 2 2 2 2 1 2 1 2 2 4 2 1 2 2 2 3 2 2 1
[1] "iteration number: "
[1] 102
[1] "iteration number: "
[1] 103
[1] "iteration number: "
[1] 104
[1] "iteration number: "
[1] 105
[1] "iteration number: "
[1] 106
[1] "iteration number: "
[1] 107
[1] "Best fitness updated to:"
[1] -52.96572
[1] "Best solution:"
 [1] 0 1 0 1 1 0 1 1 1 1 0 0 0 1 1 1 1 1 0 0 1 1 0 0 1 1 1 0 1 1 1 1 1 1 1 0 0 1
[39] 1 1
[1] 27
[1] "iteration number: "
[1] 108
[1] "iteration number: "
[1] 109
[1] "iteration number: "
[1] 110
[1] "iteration number: "
[1] 111
[1] "iteration number: "
[1] 112
[1] "iteration number: "
[1] 113
[1] "iteration number: "
[1] 114
[1] "iteration number: "
[1] 115
[1] "iteration number: "
[1] 116
[1] "iteration number: "
[1] 117
[1] "iteration number: "
[1] 118
[1] "RE-INITIALIZING..."
[1] 1
[1] 5
[1] 36
 [1] 2 2 2 2 2 1 2 1 2 2 4 2 1 2 2 2 3 2 2 1
[1] "iteration number: "
[1] 119
[1] "iteration number: "
[1] 120
[1] "iteration number: "
[1] 121
[1] "iteration number: "
[1] 122
[1] "iteration number: "
[1] 123
[1] "iteration number: "
[1] 124
[1] "iteration number: "
[1] 125
[1] "iteration number: "
[1] 126
[1] "iteration number: "
[1] 127
[1] "Best fitness updated to:"
[1] -53.01885
[1] "Best solution:"
 [1] 0 1 0 1 0 0 1 1 1 1 0 0 0 1 1 1 1 1 0 0 1 1 0 0 1 1 1 0 1 1 1 1 1 1 1 0 0 1
[39] 1 1
[1] 26
[1] "iteration number: "
[1] 128
[1] "iteration number: "
[1] 129
[1] "iteration number: "
[1] 130
[1] "iteration number: "
[1] 131
[1] "iteration number: "
[1] 132
[1] "iteration number: "
[1] 133
[1] "iteration number: "
[1] 134
[1] "iteration number: "
[1] 135
[1] "iteration number: "
[1] 136
[1] "iteration number: "
[1] 137
[1] "iteration number: "
[1] 138
[1] "RE-INITIALIZING..."
[1] 1
[1] 5
[1] 36
 [1] 2 2 2 2 2 1 2 1 2 2 4 2 1 2 2 2 3 2 2 1
[1] "iteration number: "
[1] 139
[1] "iteration number: "
[1] 140
[1] "iteration number: "
[1] 141
[1] "iteration number: "
[1] 142
[1] "iteration number: "
[1] 143
[1] "iteration number: "
[1] 144
[1] "iteration number: "
[1] 145
[1] "iteration number: "
[1] 146
[1] "iteration number: "
[1] 147
[1] "iteration number: "
[1] 148
[1] "iteration number: "
[1] 149
[1] "RE-INITIALIZING..."
[1] 2
[1] 5
[1] 35
 [1] 2 2 2 2 2 1 2 1 2 2 4 2 1 2 2 2 3 2 2 1
[1] "iteration number: "
[1] 150
[1] "iteration number: "
[1] 151
[1] "iteration number: "
[1] 152
[1] "iteration number: "
[1] 153
[1] "iteration number: "
[1] 154
[1] "iteration number: "
[1] 155
[1] "iteration number: "
[1] 156
[1] "iteration number: "
[1] 157
[1] "iteration number: "
[1] 158
[1] "iteration number: "
[1] 159
[1] "iteration number: "
[1] 160
[1] "RE-INITIALIZING..."
[1] 3
[1] 5
[1] 35
 [1] 2 2 2 2 2 1 2 1 2 2 4 2 1 2 2 2 3 2 2 1
[1] "iteration number: "
[1] 161
[1] "iteration number: "
[1] 162
[1] "iteration number: "
[1] 163
[1] "iteration number: "
[1] 164
[1] "iteration number: "
[1] 165
[1] "iteration number: "
[1] 166
[1] "iteration number: "
[1] 167
[1] "iteration number: "
[1] 168
[1] "iteration number: "
[1] 169
[1] "iteration number: "
[1] 170
[1] "iteration number: "
[1] 171
[1] "RE-INITIALIZING..."
[1] 4
[1] 5
[1] 35
 [1] 2 3 2 2 2 2 3 2 3 3 2 2 2 2 3 2 3 1 4 3
[1] "iteration number: "
[1] 172
[1] "iteration number: "
[1] 173
[1] "iteration number: "
[1] 174
[1] "iteration number: "
[1] 175
[1] "iteration number: "
[1] 176
[1] "iteration number: "
[1] 177
[1] "iteration number: "
[1] 178
[1] "iteration number: "
[1] 179
[1] "iteration number: "
[1] 180
[1] "iteration number: "
[1] 181
[1] "iteration number: "
[1] 182
[1] "RE-INITIALIZING..."
[1] 5
[1] 5
[1] 35
 [1] 2 2 2 2 2 1 2 1 2 2 4 2 1 2 2 2 3 2 2 1
[1] "iteration number: "
[1] 183
[1] "iteration number: "
[1] 184
[1] "iteration number: "
[1] 185
[1] "iteration number: "
[1] 186
[1] "iteration number: "
[1] 187
[1] "iteration number: "
[1] 188
[1] "iteration number: "
[1] 189
[1] "iteration number: "
[1] 190
[1] "iteration number: "
[1] 191
[1] "iteration number: "
[1] 192
[1] "iteration number: "
[1] 193
[1] "RE-INITIALIZING..."
[1] 6
[1] 5
[1] 35
 [1] 2 2 2 2 2 1 2 1 2 2 4 2 1 2 2 2 3 2 2 1
[1] "iteration number: "
[1] 194
[1] "iteration number: "
[1] 195
[1] "iteration number: "
[1] 196
[1] "iteration number: "
[1] 197
[1] "iteration number: "
[1] 198
[1] "iteration number: "
[1] 199
[1] "iteration number: "
[1] 200
[1] "iteration number: "
[1] 201
[1] "iteration number: "
[1] 202
[1] "iteration number: "
[1] 203
[1] "iteration number: "
[1] 204
[1] "RE-INITIALIZING..."
[1] 7
[1] 5
[1] 35
 [1] 2 2 2 2 2 1 2 1 2 2 4 2 1 2 2 2 3 2 2 1
[1] "iteration number: "
[1] 205
[1] "iteration number: "
[1] 206
[1] "iteration number: "
[1] 207
[1] "iteration number: "
[1] 208
[1] "iteration number: "
[1] 209
[1] "iteration number: "
[1] 210
[1] "iteration number: "
[1] 211
[1] "iteration number: "
[1] 212
[1] "iteration number: "
[1] 213
[1] "iteration number: "
[1] 214
[1] "iteration number: "
[1] 215
[1] "RE-INITIALIZING..."
[1] 8
[1] 5
[1] 35
 [1] 2 2 2 2 2 1 2 1 2 2 4 2 1 2 2 2 3 2 2 1
[1] "No change for 8 iterations. Exiting PSO."
 [1]  2  4  7  8  9 10 14 15 16 17 18 21 22 24 25 26 27 29 30 31 32 33 34 35 38
[26] 39 40
[1] 7
[1] "##################################"
[1] "Results summary for itr:7"
[1] "number of features selected using population mean"
[1] 26
[1] "number of features selected using current global best"
[1] 27
[1] "feat ind length"
[1] 27
[1] "best accuracy"
[1] 53.01885
[1] "test acc:1"
[1] "##################################"
[1] "learning sets: 8"
 [1] 57 21 61 49 23 36 51 48 38 27 20 47  6 25 34 37 15 59 46 56 53 31 40 13 58
[26] 39 35 24 22 54 29 12 14 32 50 45 42 18 60 43  7 19  2 33  9 44 55  4
[1] "Starting global iteration number : 8"
[1] "iteration number: "
[1] 1
[1] "Best fitness updated to:"
[1] -52.30601
[1] "Best solution:"
 [1] NA NA NA NA NA NA NA NA NA NA NA NA NA NA NA NA NA NA NA NA NA NA NA NA NA
[26] NA NA NA NA NA NA NA NA NA NA NA NA NA NA NA
[1] 0
[1] "iteration number: "
[1] 2
[1] "Best fitness updated to:"
[1] -58.25938
[1] "Best solution:"
 [1] 0 0 0 0 1 1 1 0 0 0 0 0 0 1 0 0 1 0 0 1 0 0 0 1 1 0 1 1 0 0 1 0 0 0 0 1 0 1
[39] 0 0
[1] 13
[1] "iteration number: "
[1] 3
[1] "iteration number: "
[1] 4
[1] "Best fitness updated to:"
[1] -58.80785
[1] "Best solution:"
 [1] 0 1 1 0 1 0 1 1 0 1 0 0 0 1 0 1 0 0 1 1 1 1 0 1 0 1 0 0 0 0 0 0 1 1 1 0 1 0
[39] 0 1
[1] 19
[1] "iteration number: "
[1] 5
[1] "Best fitness updated to:"
[1] -59.14065
[1] "Best solution:"
 [1] 0 1 1 0 1 0 1 1 0 1 0 0 1 1 1 1 1 0 1 1 0 0 0 1 0 1 0 1 0 1 1 0 1 1 1 0 1 1
[39] 1 1
[1] 25
[1] "iteration number: "
[1] 6
[1] "iteration number: "
[1] 7
[1] "Best fitness updated to:"
[1] -61.52608
[1] "Best solution:"
 [1] 0 1 1 0 0 0 1 1 0 0 1 0 1 1 0 1 1 0 1 1 0 1 1 1 0 1 0 1 0 1 1 0 0 1 1 0 1 0
[39] 1 1
[1] 23
[1] "iteration number: "
[1] 8
[1] "iteration number: "
[1] 9
[1] "iteration number: "
[1] 10
[1] "iteration number: "
[1] 11
[1] "iteration number: "
[1] 12
[1] "iteration number: "
[1] 13
[1] "iteration number: "
[1] 14
[1] "iteration number: "
[1] 15
[1] "iteration number: "
[1] 16
[1] "iteration number: "
[1] 17
[1] "iteration number: "
[1] 18
[1] "Best fitness updated to:"
[1] -63.20523
[1] "Best solution:"
 [1] 0 1 1 0 0 0 0 0 0 0 0 1 0 0 0 0 0 0 1 1 1 1 0 0 0 0 0 1 0 1 0 1 0 1 1 0 0 0
[39] 0 1
[1] 13
[1] "iteration number: "
[1] 19
[1] "iteration number: "
[1] 20
[1] "iteration number: "
[1] 21
[1] "iteration number: "
[1] 22
[1] "iteration number: "
[1] 23
[1] "iteration number: "
[1] 24
[1] "iteration number: "
[1] 25
[1] "iteration number: "
[1] 26
[1] "iteration number: "
[1] 27
[1] "iteration number: "
[1] 28
[1] "iteration number: "
[1] 29
[1] "RE-INITIALIZING..."
[1] 1
[1] 5
[1] 40
 [1] 2 2 2 2 2 1 2 1 2 2 4 2 1 2 2 2 3 2 2 1
[1] "iteration number: "
[1] 30
[1] "iteration number: "
[1] 31
[1] "iteration number: "
[1] 32
[1] "iteration number: "
[1] 33
[1] "iteration number: "
[1] 34
[1] "iteration number: "
[1] 35
[1] "Best fitness updated to:"
[1] -63.27486
[1] "Best solution:"
 [1] 0 1 1 0 1 0 1 1 0 1 0 0 0 1 0 1 0 0 1 1 1 1 0 1 0 1 0 1 0 1 0 1 1 1 1 0 1 0
[39] 1 1
[1] 23
[1] "iteration number: "
[1] 36
[1] "iteration number: "
[1] 37
[1] "iteration number: "
[1] 38
[1] "iteration number: "
[1] 39
[1] "iteration number: "
[1] 40
[1] "iteration number: "
[1] 41
[1] "Best fitness updated to:"
[1] -63.32118
[1] "Best solution:"
 [1] 0 1 1 1 1 0 1 1 1 1 0 0 1 1 1 1 1 1 1 0 1 1 1 0 1 1 1 0 1 1 1 1 1 1 1 0 1 1
[39] 1 1
[1] 32
[1] "iteration number: "
[1] 42
[1] "iteration number: "
[1] 43
[1] "iteration number: "
[1] 44
[1] "Best fitness updated to:"
[1] -63.82825
[1] "Best solution:"
 [1] 0 1 1 1 0 0 1 1 1 1 0 0 1 1 1 1 1 1 1 0 1 1 1 0 1 1 1 0 1 1 1 1 1 1 1 0 1 1
[39] 1 1
[1] 31
[1] "iteration number: "
[1] 45
[1] "iteration number: "
[1] 46
[1] "iteration number: "
[1] 47
[1] "iteration number: "
[1] 48
[1] "iteration number: "
[1] 49
[1] "iteration number: "
[1] 50
[1] "iteration number: "
[1] 51
[1] "iteration number: "
[1] 52
[1] "iteration number: "
[1] 53
[1] "iteration number: "
[1] 54
[1] "iteration number: "
[1] 55
[1] "RE-INITIALIZING..."
[1] 1
[1] 5
[1] 38
 [1] 2 2 2 2 2 1 2 1 2 2 4 2 1 2 2 2 3 2 2 1
[1] "iteration number: "
[1] 56
[1] "iteration number: "
[1] 57
[1] "iteration number: "
[1] 58
[1] "iteration number: "
[1] 59
[1] "iteration number: "
[1] 60
[1] "iteration number: "
[1] 61
[1] "iteration number: "
[1] 62
[1] "iteration number: "
[1] 63
[1] "iteration number: "
[1] 64
[1] "iteration number: "
[1] 65
[1] "iteration number: "
[1] 66
[1] "RE-INITIALIZING..."
[1] 2
[1] 5
[1] 39
 [1] 2 3 2 2 2 2 3 2 3 3 2 2 2 2 3 2 3 1 4 3
[1] "iteration number: "
[1] 67
[1] "iteration number: "
[1] 68
[1] "iteration number: "
[1] 69
[1] "iteration number: "
[1] 70
[1] "iteration number: "
[1] 71
[1] "iteration number: "
[1] 72
[1] "iteration number: "
[1] 73
[1] "iteration number: "
[1] 74
[1] "iteration number: "
[1] 75
[1] "iteration number: "
[1] 76
[1] "iteration number: "
[1] 77
[1] "Best fitness updated to:"
[1] -64.76365
[1] "Best solution:"
 [1] 0 1 1 0 1 0 0 0 0 1 0 0 0 0 0 0 0 0 1 0 0 1 0 0 0 0 1 0 0 0 1 1 1 1 1 0 0 0
[39] 1 1
[1] 14
[1] "iteration number: "
[1] 78
[1] "iteration number: "
[1] 79
[1] "iteration number: "
[1] 80
[1] "iteration number: "
[1] 81
[1] "iteration number: "
[1] 82
[1] "iteration number: "
[1] 83
[1] "iteration number: "
[1] 84
[1] "iteration number: "
[1] 85
[1] "iteration number: "
[1] 86
[1] "iteration number: "
[1] 87
[1] "iteration number: "
[1] 88
[1] "RE-INITIALIZING..."
[1] 1
[1] 5
[1] 38
 [1] 2 2 2 2 2 1 2 1 2 2 4 2 1 2 2 2 3 2 2 1
[1] "iteration number: "
[1] 89
[1] "iteration number: "
[1] 90
[1] "iteration number: "
[1] 91
[1] "iteration number: "
[1] 92
[1] "iteration number: "
[1] 93
[1] "iteration number: "
[1] 94
[1] "iteration number: "
[1] 95
[1] "Best fitness updated to:"
[1] -65.71531
[1] "Best solution:"
 [1] 0 1 1 0 1 0 1 1 0 1 0 1 0 1 0 1 0 1 1 1 1 1 1 1 0 1 0 1 0 1 0 1 1 1 1 0 1 0
[39] 1 1
[1] 26
[1] "iteration number: "
[1] 96
[1] "iteration number: "
[1] 97
[1] "iteration number: "
[1] 98
[1] "iteration number: "
[1] 99
[1] "iteration number: "
[1] 100
[1] "iteration number: "
[1] 101
[1] "iteration number: "
[1] 102
[1] "iteration number: "
[1] 103
[1] "iteration number: "
[1] 104
[1] "iteration number: "
[1] 105
[1] "iteration number: "
[1] 106
[1] "RE-INITIALIZING..."
[1] 1
[1] 5
[1] 37
 [1] 2 2 2 2 2 1 2 1 2 2 4 2 1 2 2 2 3 2 2 1
[1] "iteration number: "
[1] 107
[1] "iteration number: "
[1] 108
[1] "iteration number: "
[1] 109
[1] "iteration number: "
[1] 110
[1] "iteration number: "
[1] 111
[1] "iteration number: "
[1] 112
[1] "iteration number: "
[1] 113
[1] "iteration number: "
[1] 114
[1] "iteration number: "
[1] 115
[1] "iteration number: "
[1] 116
[1] "iteration number: "
[1] 117
[1] "RE-INITIALIZING..."
[1] 2
[1] 5
[1] 35
 [1] 2 2 2 2 2 1 2 1 2 2 4 2 1 2 2 2 3 2 2 1
[1] "iteration number: "
[1] 118
[1] "iteration number: "
[1] 119
[1] "iteration number: "
[1] 120
[1] "iteration number: "
[1] 121
[1] "iteration number: "
[1] 122
[1] "iteration number: "
[1] 123
[1] "iteration number: "
[1] 124
[1] "iteration number: "
[1] 125
[1] "iteration number: "
[1] 126
[1] "iteration number: "
[1] 127
[1] "iteration number: "
[1] 128
[1] "RE-INITIALIZING..."
[1] 3
[1] 5
[1] 35
 [1] 2 2 2 2 2 1 2 1 2 2 4 2 1 2 2 2 3 2 2 1
[1] "iteration number: "
[1] 129
[1] "iteration number: "
[1] 130
[1] "iteration number: "
[1] 131
[1] "iteration number: "
[1] 132
[1] "iteration number: "
[1] 133
[1] "iteration number: "
[1] 134
[1] "iteration number: "
[1] 135
[1] "iteration number: "
[1] 136
[1] "iteration number: "
[1] 137
[1] "iteration number: "
[1] 138
[1] "iteration number: "
[1] 139
[1] "RE-INITIALIZING..."
[1] 4
[1] 5
[1] 35
 [1] 2 2 2 2 2 1 2 1 2 2 4 2 1 2 2 2 3 2 2 1
[1] "iteration number: "
[1] 140
[1] "iteration number: "
[1] 141
[1] "iteration number: "
[1] 142
[1] "iteration number: "
[1] 143
[1] "iteration number: "
[1] 144
[1] "iteration number: "
[1] 145
[1] "iteration number: "
[1] 146
[1] "iteration number: "
[1] 147
[1] "iteration number: "
[1] 148
[1] "iteration number: "
[1] 149
[1] "iteration number: "
[1] 150
[1] "RE-INITIALIZING..."
[1] 5
[1] 5
[1] 35
 [1] 2 2 2 2 2 1 2 1 2 2 4 2 1 2 2 2 3 2 2 1
[1] "iteration number: "
[1] 151
[1] "iteration number: "
[1] 152
[1] "iteration number: "
[1] 153
[1] "iteration number: "
[1] 154
[1] "iteration number: "
[1] 155
[1] "iteration number: "
[1] 156
[1] "iteration number: "
[1] 157
[1] "iteration number: "
[1] 158
[1] "iteration number: "
[1] 159
[1] "iteration number: "
[1] 160
[1] "iteration number: "
[1] 161
[1] "RE-INITIALIZING..."
[1] 6
[1] 5
[1] 35
 [1] 2 3 2 2 2 2 3 2 3 3 2 2 2 2 3 2 3 1 4 3
[1] "iteration number: "
[1] 162
[1] "iteration number: "
[1] 163
[1] "iteration number: "
[1] 164
[1] "iteration number: "
[1] 165
[1] "iteration number: "
[1] 166
[1] "iteration number: "
[1] 167
[1] "iteration number: "
[1] 168
[1] "iteration number: "
[1] 169
[1] "iteration number: "
[1] 170
[1] "iteration number: "
[1] 171
[1] "iteration number: "
[1] 172
[1] "RE-INITIALIZING..."
[1] 7
[1] 5
[1] 36
 [1] 2 2 2 2 2 1 2 1 2 2 4 2 1 2 2 2 3 2 2 1
[1] "iteration number: "
[1] 173
[1] "iteration number: "
[1] 174
[1] "iteration number: "
[1] 175
[1] "iteration number: "
[1] 176
[1] "iteration number: "
[1] 177
[1] "iteration number: "
[1] 178
[1] "iteration number: "
[1] 179
[1] "iteration number: "
[1] 180
[1] "iteration number: "
[1] 181
[1] "iteration number: "
[1] 182
[1] "iteration number: "
[1] 183
[1] "RE-INITIALIZING..."
[1] 8
[1] 5
[1] 36
 [1] 2 2 2 2 2 1 2 1 2 2 4 2 1 2 2 2 3 2 2 1
[1] "No change for 8 iterations. Exiting PSO."
 [1]  2  3  5  7  8 10 12 14 16 18 19 20 21 22 23 24 26 28 30 31 32 33 34 35 37
[26] 39 40
[1] 8
[1] "##################################"
[1] "Results summary for itr:8"
[1] "number of features selected using population mean"
[1] 24
[1] "number of features selected using current global best"
[1] 27
[1] "feat ind length"
[1] 27
[1] "best accuracy"
[1] 65.71531
[1] "test acc:1"
[1] "##################################"
[1] "learning sets: 9"
 [1] 17 43 36 29  4  7 26 44 34  9 10 14 48 21 33  1 38 42 52 16 60 61 45 53 40
[26] 24 27 32 11 15 20 56 19 18 57 39 41 54 35 37 25 12  5  6 31 22 51  2
[1] "Starting global iteration number : 9"
[1] "iteration number: "
[1] 1
[1] "Best fitness updated to:"
[1] -51.78546
[1] "Best solution:"
 [1] NA NA NA NA NA NA NA NA NA NA NA NA NA NA NA NA NA NA NA NA NA NA NA NA NA
[26] NA NA NA NA NA NA NA NA NA NA NA NA NA NA NA
[1] 0
[1] "iteration number: "
[1] 2
[1] "Best fitness updated to:"
[1] -55.99853
[1] "Best solution:"
 [1] 0 0 0 0 1 1 1 0 0 0 0 0 0 1 0 0 1 0 0 1 0 0 0 1 1 0 1 1 0 0 1 0 0 0 0 1 0 1
[39] 0 0
[1] 13
[1] "iteration number: "
[1] 3
[1] "Best fitness updated to:"
[1] -56.04759
[1] "Best solution:"
 [1] 1 0 1 0 1 0 0 0 1 1 0 1 1 1 0 1 0 1 0 0 1 1 1 0 0 0 0 1 1 1 0 1 1 1 1 1 1 1
[39] 1 1
[1] 25
[1] "iteration number: "
[1] 4
[1] "Best fitness updated to:"
[1] -57.21978
[1] "Best solution:"
 [1] 0 1 1 1 0 0 1 1 1 1 0 0 1 1 1 1 1 1 1 0 0 0 0 1 0 1 0 1 1 1 1 0 0 1 1 0 1 1
[39] 1 1
[1] 26
[1] "iteration number: "
[1] 5
[1] "Best fitness updated to:"
[1] -57.42434
[1] "Best solution:"
 [1] 0 1 1 0 1 0 0 1 1 1 0 1 0 1 1 1 0 1 1 0 1 0 1 1 0 0 0 1 1 1 0 1 1 1 1 1 1 1
[39] 1 1
[1] 27
[1] "iteration number: "
[1] 6
[1] "iteration number: "
[1] 7
[1] "Best fitness updated to:"
[1] -59.67492
[1] "Best solution:"
 [1] 0 1 1 1 1 0 1 1 1 0 0 1 1 1 1 0 1 1 0 0 0 0 1 0 0 1 0 1 1 1 0 1 1 1 1 1 1 0
[39] 1 1
[1] 26
[1] "iteration number: "
[1] 8
[1] "Best fitness updated to:"
[1] -61.09437
[1] "Best solution:"
 [1] 0 1 1 1 0 0 0 1 1 0 1 1 0 1 1 1 1 1 0 0 1 0 1 1 0 0 0 1 1 1 1 0 0 1 1 1 1 1
[39] 1 1
[1] 26
[1] "iteration number: "
[1] 9
[1] "Best fitness updated to:"
[1] -61.32014
[1] "Best solution:"
 [1] 0 1 1 0 1 0 1 1 1 1 0 1 0 0 1 1 0 1 1 0 1 0 1 1 1 0 0 0 1 0 1 0 0 0 1 1 1 1
[39] 1 1
[1] 24
[1] "iteration number: "
[1] 10
[1] "iteration number: "
[1] 11
[1] "Best fitness updated to:"
[1] -63.44441
[1] "Best solution:"
 [1] 0 1 0 1 0 1 1 1 0 0 1 0 0 1 1 1 0 1 1 1 1 0 1 1 0 0 0 1 0 1 1 1 0 1 1 0 1 1
[39] 1 1
[1] 25
[1] "iteration number: "
[1] 12
[1] "iteration number: "
[1] 13
[1] "iteration number: "
[1] 14
[1] "iteration number: "
[1] 15
[1] "iteration number: "
[1] 16
[1] "iteration number: "
[1] 17
[1] "iteration number: "
[1] 18
[1] "iteration number: "
[1] 19
[1] "iteration number: "
[1] 20
[1] "iteration number: "
[1] 21
[1] "iteration number: "
[1] 22
[1] "Best fitness updated to:"
[1] -63.62677
[1] "Best solution:"
 [1] 0 0 1 1 1 0 1 1 1 1 0 1 0 1 1 1 1 1 1 0 1 0 1 1 1 0 0 1 0 0 1 0 1 0 1 1 1 1
[39] 1 0
[1] 26
[1] "iteration number: "
[1] 23
[1] "iteration number: "
[1] 24
[1] "iteration number: "
[1] 25
[1] "iteration number: "
[1] 26
[1] "iteration number: "
[1] 27
[1] "iteration number: "
[1] 28
[1] "iteration number: "
[1] 29
[1] "iteration number: "
[1] 30
[1] "iteration number: "
[1] 31
[1] "iteration number: "
[1] 32
[1] "iteration number: "
[1] 33
[1] "RE-INITIALIZING..."
[1] 1
[1] 5
[1] 40
 [1] 2 2 2 2 2 1 2 1 2 2 4 2 1 2 2 2 3 2 2 1
[1] "iteration number: "
[1] 34
[1] "iteration number: "
[1] 35
[1] "iteration number: "
[1] 36
[1] "iteration number: "
[1] 37
[1] "iteration number: "
[1] 38
[1] "iteration number: "
[1] 39
[1] "iteration number: "
[1] 40
[1] "iteration number: "
[1] 41
[1] "iteration number: "
[1] 42
[1] "Best fitness updated to:"
[1] -64.32561
[1] "Best solution:"
 [1] 0 1 1 1 0 1 1 1 1 1 0 1 0 1 1 1 0 0 1 0 1 0 1 1 1 0 0 1 0 0 1 0 1 0 1 1 1 1
[39] 1 0
[1] 25
[1] "iteration number: "
[1] 43
[1] "iteration number: "
[1] 44
[1] "iteration number: "
[1] 45
[1] "iteration number: "
[1] 46
[1] "iteration number: "
[1] 47
[1] "iteration number: "
[1] 48
[1] "Best fitness updated to:"
[1] -64.84255
[1] "Best solution:"
 [1] 0 1 1 1 0 0 1 1 1 1 0 1 0 1 1 0 0 1 1 0 1 0 0 1 1 1 0 1 1 0 1 0 1 0 1 1 1 1
[39] 1 0
[1] 25
[1] "iteration number: "
[1] 49
[1] "iteration number: "
[1] 50
[1] "iteration number: "
[1] 51
[1] "iteration number: "
[1] 52
[1] "iteration number: "
[1] 53
[1] "iteration number: "
[1] 54
[1] "iteration number: "
[1] 55
[1] "iteration number: "
[1] 56
[1] "iteration number: "
[1] 57
[1] "iteration number: "
[1] 58
[1] "iteration number: "
[1] 59
[1] "RE-INITIALIZING..."
[1] 1
[1] 5
[1] 39
 [1] 2 2 2 2 2 1 2 1 2 2 4 2 1 2 2 2 3 2 2 1
[1] "iteration number: "
[1] 60
[1] "iteration number: "
[1] 61
[1] "iteration number: "
[1] 62
[1] "iteration number: "
[1] 63
[1] "iteration number: "
[1] 64
[1] "iteration number: "
[1] 65
[1] "iteration number: "
[1] 66
[1] "iteration number: "
[1] 67
[1] "iteration number: "
[1] 68
[1] "iteration number: "
[1] 69
[1] "iteration number: "
[1] 70
[1] "RE-INITIALIZING..."
[1] 2
[1] 5
[1] 40
 [1] 2 2 1 1 1 2 4 1 2 4 3 2 2 1 1 2 4 1 3 1
[1] "iteration number: "
[1] 71
[1] "iteration number: "
[1] 72
[1] "iteration number: "
[1] 73
[1] "iteration number: "
[1] 74
[1] "iteration number: "
[1] 75
[1] "iteration number: "
[1] 76
[1] "iteration number: "
[1] 77
[1] "iteration number: "
[1] 78
[1] "iteration number: "
[1] 79
[1] "iteration number: "
[1] 80
[1] "iteration number: "
[1] 81
[1] "RE-INITIALIZING..."
[1] 3
[1] 5
[1] 37
 [1] 2 2 2 2 2 1 2 1 2 2 4 2 1 2 2 2 3 2 2 1
[1] "iteration number: "
[1] 82
[1] "iteration number: "
[1] 83
[1] "iteration number: "
[1] 84
[1] "iteration number: "
[1] 85
[1] "iteration number: "
[1] 86
[1] "iteration number: "
[1] 87
[1] "iteration number: "
[1] 88
[1] "iteration number: "
[1] 89
[1] "iteration number: "
[1] 90
[1] "iteration number: "
[1] 91
[1] "iteration number: "
[1] 92
[1] "RE-INITIALIZING..."
[1] 4
[1] 5
[1] 36
 [1] 2 2 2 2 2 1 2 1 2 2 4 2 1 2 2 2 3 2 2 1
[1] "iteration number: "
[1] 93
[1] "iteration number: "
[1] 94
[1] "iteration number: "
[1] 95
[1] "iteration number: "
[1] 96
[1] "iteration number: "
[1] 97
[1] "iteration number: "
[1] 98
[1] "iteration number: "
[1] 99
[1] "iteration number: "
[1] 100
[1] "iteration number: "
[1] 101
[1] "iteration number: "
[1] 102
[1] "iteration number: "
[1] 103
[1] "RE-INITIALIZING..."
[1] 5
[1] 5
[1] 32
 [1] 2 2 2 2 2 1 2 1 2 2 4 2 1 2 2 2 3 2 2 1
[1] "iteration number: "
[1] 104
[1] "iteration number: "
[1] 105
[1] "iteration number: "
[1] 106
[1] "iteration number: "
[1] 107
[1] "iteration number: "
[1] 108
[1] "iteration number: "
[1] 109
[1] "iteration number: "
[1] 110
[1] "iteration number: "
[1] 111
[1] "iteration number: "
[1] 112
[1] "iteration number: "
[1] 113
[1] "iteration number: "
[1] 114
[1] "RE-INITIALIZING..."
[1] 6
[1] 5
[1] 32
[1] "No change for 6 iterations. Exiting PSO."
 [1]  2  3  4  7  8  9 10 12 15 16 18 19 21 23 24 25 28 29 31 33 35 36 37 38 39
[1] 9
[1] "##################################"
[1] "Results summary for itr:9"
[1] "number of features selected using population mean"
[1] 25
[1] "number of features selected using current global best"
[1] 25
[1] "feat ind length"
[1] 25
[1] "best accuracy"
[1] 64.84255
[1] "test acc:1"
[1] "##################################"
[1] "learning sets: 10"
 [1] 33 34  7 25 41 40 52 45 39 58 26 31 32  5 35 29 44 43 16 23 56  6 28 24 55
[26] 47 18 30  8 10 37 15 57 59  9 22 42 53 17  4 19  2 61 13 48  3 50 36
[1] "Starting global iteration number : 10"
[1] "iteration number: "
[1] 1
[1] "Best fitness updated to:"
[1] -56.68297
[1] "Best solution:"
 [1] NA NA NA NA NA NA NA NA NA NA NA NA NA NA NA NA NA NA NA NA NA NA NA NA NA
[26] NA NA NA NA NA NA NA NA NA NA NA NA NA NA NA
[1] 0
[1] "iteration number: "
[1] 2
[1] "iteration number: "
[1] 3
[1] "Best fitness updated to:"
[1] -58.05531
[1] "Best solution:"
 [1] 0 1 1 0 1 1 1 1 0 0 1 0 0 1 1 1 1 1 0 1 1 1 0 1 1 1 1 1 0 1 1 0 0 1 1 0 0 1
[39] 1 1
[1] 27
[1] "iteration number: "
[1] 4
[1] "Best fitness updated to:"
[1] -60.91671
[1] "Best solution:"
 [1] 1 1 1 1 0 1 1 1 1 0 1 1 1 1 1 1 1 1 1 0 1 1 1 0 1 1 1 0 1 1 1 1 1 1 1 1 1 1
[39] 1 0
[1] 34
[1] "iteration number: "
[1] 5
[1] "iteration number: "
[1] 6
[1] "Best fitness updated to:"
[1] -61.98911
[1] "Best solution:"
 [1] 0 1 0 1 0 0 1 1 1 0 0 1 1 1 1 1 1 1 0 0 1 1 1 1 1 0 1 0 1 1 0 1 1 1 0 1 0 1
[39] 1 1
[1] 27
[1] "iteration number: "
[1] 7
[1] "iteration number: "
[1] 8
[1] "Best fitness updated to:"
[1] -63.40946
[1] "Best solution:"
 [1] 0 1 1 1 1 0 1 1 1 1 0 1 1 1 0 1 0 0 1 0 1 0 0 1 0 1 0 0 0 1 0 1 1 0 0 0 1 0
[39] 0 1
[1] 21
[1] "iteration number: "
[1] 9
[1] "iteration number: "
[1] 10
[1] "iteration number: "
[1] 11
[1] "iteration number: "
[1] 12
[1] "iteration number: "
[1] 13
[1] "iteration number: "
[1] 14
[1] "iteration number: "
[1] 15
[1] "iteration number: "
[1] 16
[1] "iteration number: "
[1] 17
[1] "iteration number: "
[1] 18
[1] "iteration number: "
[1] 19
[1] "RE-INITIALIZING..."
[1] 1
[1] 5
[1] 40
 [1] 2 2 1 1 1 2 4 1 2 4 3 2 2 1 1 2 4 1 3 1
[1] "iteration number: "
[1] 20
[1] "iteration number: "
[1] 21
[1] "iteration number: "
[1] 22
[1] "iteration number: "
[1] 23
[1] "iteration number: "
[1] 24
[1] "iteration number: "
[1] 25
[1] "iteration number: "
[1] 26
[1] "iteration number: "
[1] 27
[1] "iteration number: "
[1] 28
[1] "iteration number: "
[1] 29
[1] "iteration number: "
[1] 30
[1] "RE-INITIALIZING..."
[1] 2
[1] 5
[1] 40
 [1] 2 2 2 2 2 1 2 1 2 2 4 2 1 2 2 2 3 2 2 1
[1] "iteration number: "
[1] 31
[1] "iteration number: "
[1] 32
[1] "iteration number: "
[1] 33
[1] "iteration number: "
[1] 34
[1] "iteration number: "
[1] 35
[1] "iteration number: "
[1] 36
[1] "iteration number: "
[1] 37
[1] "Best fitness updated to:"
[1] -63.43446
[1] "Best solution:"
 [1] 1 1 1 0 1 0 1 1 0 1 0 0 1 0 0 0 0 0 1 0 1 1 1 1 0 0 0 0 0 0 0 1 1 0 1 0 0 0
[39] 0 1
[1] 17
[1] "iteration number: "
[1] 38
[1] "iteration number: "
[1] 39
[1] "iteration number: "
[1] 40
[1] "Best fitness updated to:"
[1] -63.4457
[1] "Best solution:"
 [1] 1 1 0 1 1 0 1 1 0 1 0 1 1 1 0 1 1 0 1 1 1 1 1 1 0 1 0 0 0 1 0 1 1 0 1 1 1 0
[39] 1 1
[1] 27
[1] "iteration number: "
[1] 41
[1] "iteration number: "
[1] 42
[1] "iteration number: "
[1] 43
[1] "iteration number: "
[1] 44
[1] "iteration number: "
[1] 45
[1] "iteration number: "
[1] 46
[1] "iteration number: "
[1] 47
[1] "iteration number: "
[1] 48
[1] "Best fitness updated to:"
[1] -63.63663
[1] "Best solution:"
 [1] 1 1 0 1 1 1 1 1 1 1 0 1 1 1 0 1 1 0 1 1 1 1 1 1 0 0 1 0 1 1 0 1 1 0 1 1 1 0
[39] 1 1
[1] 30
[1] "iteration number: "
[1] 49
[1] "iteration number: "
[1] 50
[1] "iteration number: "
[1] 51
[1] "iteration number: "
[1] 52
[1] "iteration number: "
[1] 53
[1] "iteration number: "
[1] 54
[1] "iteration number: "
[1] 55
[1] "iteration number: "
[1] 56
[1] "iteration number: "
[1] 57
[1] "iteration number: "
[1] 58
[1] "iteration number: "
[1] 59
[1] "RE-INITIALIZING..."
[1] 1
[1] 5
[1] 39
 [1] 2 2 2 2 2 1 2 1 2 2 4 2 1 2 2 2 3 2 2 1
[1] "iteration number: "
[1] 60
[1] "iteration number: "
[1] 61
[1] "iteration number: "
[1] 62
[1] "iteration number: "
[1] 63
[1] "iteration number: "
[1] 64
[1] "iteration number: "
[1] 65
[1] "iteration number: "
[1] 66
[1] "iteration number: "
[1] 67
[1] "iteration number: "
[1] 68
[1] "iteration number: "
[1] 69
[1] "iteration number: "
[1] 70
[1] "RE-INITIALIZING..."
[1] 2
[1] 5
[1] 39
 [1] 2 2 1 1 1 2 4 1 2 4 3 2 2 1 1 2 4 1 3 1
[1] "iteration number: "
[1] 71
[1] "iteration number: "
[1] 72
[1] "Best fitness updated to:"
[1] -63.76681
[1] "Best solution:"
 [1] 1 1 0 1 1 1 1 1 1 1 0 1 1 1 0 1 1 0 1 1 1 1 1 1 0 0 1 0 1 1 0 1 1 0 1 1 1 0
[39] 1 1
[1] 30
[1] "iteration number: "
[1] 73
[1] "iteration number: "
[1] 74
[1] "iteration number: "
[1] 75
[1] "iteration number: "
[1] 76
[1] "iteration number: "
[1] 77
[1] "iteration number: "
[1] 78
[1] "iteration number: "
[1] 79
[1] "iteration number: "
[1] 80
[1] "iteration number: "
[1] 81
[1] "iteration number: "
[1] 82
[1] "iteration number: "
[1] 83
[1] "RE-INITIALIZING..."
[1] 1
[1] 5
[1] 36
 [1] 2 2 2 2 2 1 2 1 2 2 4 2 1 2 2 2 3 2 2 1
[1] "iteration number: "
[1] 84
[1] "iteration number: "
[1] 85
[1] "iteration number: "
[1] 86
[1] "iteration number: "
[1] 87
[1] "Best fitness updated to:"
[1] -63.89818
[1] "Best solution:"
 [1] 1 1 0 0 0 1 1 0 1 1 0 1 1 0 0 1 1 0 1 1 1 1 0 1 0 0 1 0 1 1 0 1 0 0 1 1 1 0
[39] 1 1
[1] 24
[1] "iteration number: "
[1] 88
[1] "iteration number: "
[1] 89
[1] "iteration number: "
[1] 90
[1] "iteration number: "
[1] 91
[1] "iteration number: "
[1] 92
[1] "iteration number: "
[1] 93
[1] "iteration number: "
[1] 94
[1] "iteration number: "
[1] 95
[1] "iteration number: "
[1] 96
[1] "iteration number: "
[1] 97
[1] "iteration number: "
[1] 98
[1] "Best fitness updated to:"
[1] -64.13904
[1] "Best solution:"
 [1] 1 1 0 0 0 1 1 0 1 1 0 1 1 0 0 1 1 0 1 1 1 1 0 1 0 0 1 0 1 1 0 1 1 0 1 1 1 0
[39] 1 1
[1] 25
[1] "iteration number: "
[1] 99
[1] "iteration number: "
[1] 100
[1] "iteration number: "
[1] 101
[1] "iteration number: "
[1] 102
[1] "iteration number: "
[1] 103
[1] "Best fitness updated to:"
[1] -64.65069
[1] "Best solution:"
 [1] 1 1 0 0 0 1 1 0 1 1 0 1 1 0 0 1 1 0 1 1 1 1 0 1 0 0 1 0 1 1 0 1 1 0 1 1 1 0
[39] 1 1
[1] 25
[1] "iteration number: "
[1] 104
[1] "iteration number: "
[1] 105
[1] "iteration number: "
[1] 106
[1] "iteration number: "
[1] 107
[1] "iteration number: "
[1] 108
[1] "iteration number: "
[1] 109
[1] "iteration number: "
[1] 110
[1] "iteration number: "
[1] 111
[1] "iteration number: "
[1] 112
[1] "iteration number: "
[1] 113
[1] "iteration number: "
[1] 114
[1] "RE-INITIALIZING..."
[1] 1
[1] 5
[1] 37
 [1] 2 2 2 2 2 1 2 1 2 2 4 2 1 2 2 2 3 2 2 1
[1] "iteration number: "
[1] 115
[1] "iteration number: "
[1] 116
[1] "iteration number: "
[1] 117
[1] "iteration number: "
[1] 118
[1] "iteration number: "
[1] 119
[1] "iteration number: "
[1] 120
[1] "iteration number: "
[1] 121
[1] "iteration number: "
[1] 122
[1] "iteration number: "
[1] 123
[1] "iteration number: "
[1] 124
[1] "iteration number: "
[1] 125
[1] "RE-INITIALIZING..."
[1] 2
[1] 5
[1] 35
 [1] 2 2 2 2 2 1 2 1 2 2 4 2 1 2 2 2 3 2 2 1
[1] "iteration number: "
[1] 126
[1] "iteration number: "
[1] 127
[1] "iteration number: "
[1] 128
[1] "iteration number: "
[1] 129
[1] "iteration number: "
[1] 130
[1] "iteration number: "
[1] 131
[1] "iteration number: "
[1] 132
[1] "iteration number: "
[1] 133
[1] "iteration number: "
[1] 134
[1] "iteration number: "
[1] 135
[1] "iteration number: "
[1] 136
[1] "RE-INITIALIZING..."
[1] 3
[1] 5
[1] 35
 [1] 2 3 2 2 2 2 3 2 3 3 2 2 2 2 3 2 3 1 4 3
[1] "iteration number: "
[1] 137
[1] "iteration number: "
[1] 138
[1] "iteration number: "
[1] 139
[1] "iteration number: "
[1] 140
[1] "iteration number: "
[1] 141
[1] "iteration number: "
[1] 142
[1] "iteration number: "
[1] 143
[1] "iteration number: "
[1] 144
[1] "iteration number: "
[1] 145
[1] "iteration number: "
[1] 146
[1] "iteration number: "
[1] 147
[1] "RE-INITIALIZING..."
[1] 4
[1] 5
[1] 36
 [1] 2 2 2 2 2 1 2 1 2 2 4 2 1 2 2 2 3 2 2 1
[1] "iteration number: "
[1] 148
[1] "iteration number: "
[1] 149
[1] "iteration number: "
[1] 150
[1] "iteration number: "
[1] 151
[1] "Best fitness updated to:"
[1] -64.70899
[1] "Best solution:"
 [1] 1 1 0 0 1 1 0 0 0 1 0 1 0 1 0 1 1 0 1 1 1 1 0 1 0 0 1 0 0 1 0 1 1 0 1 1 0 0
[39] 1 1
[1] 22
[1] "iteration number: "
[1] 152
[1] "iteration number: "
[1] 153
[1] "iteration number: "
[1] 154
[1] "iteration number: "
[1] 155
[1] "iteration number: "
[1] 156
[1] "iteration number: "
[1] 157
[1] "iteration number: "
[1] 158
[1] "iteration number: "
[1] 159
[1] "iteration number: "
[1] 160
[1] "iteration number: "
[1] 161
[1] "iteration number: "
[1] 162
[1] "RE-INITIALIZING..."
[1] 1
[1] 5
[1] 35
 [1] 2 2 2 2 2 1 2 1 2 2 4 2 1 2 2 2 3 2 2 1
[1] "iteration number: "
[1] 163
[1] "iteration number: "
[1] 164
[1] "iteration number: "
[1] 165
[1] "iteration number: "
[1] 166
[1] "iteration number: "
[1] 167
[1] "iteration number: "
[1] 168
[1] "iteration number: "
[1] 169
[1] "iteration number: "
[1] 170
[1] "iteration number: "
[1] 171
[1] "iteration number: "
[1] 172
[1] "iteration number: "
[1] 173
[1] "RE-INITIALIZING..."
[1] 2
[1] 5
[1] 35
 [1] 2 3 2 2 2 2 3 2 3 3 2 2 2 2 3 2 3 1 4 3
[1] "iteration number: "
[1] 174
[1] "Best fitness updated to:"
[1] -65.10413
[1] "Best solution:"
 [1] 1 1 0 0 1 1 1 0 1 1 0 1 0 1 0 1 1 0 1 0 1 1 0 1 0 0 1 0 0 1 0 1 1 1 1 0 0 0
[39] 1 1
[1] 23
[1] "iteration number: "
[1] 175
[1] "iteration number: "
[1] 176
[1] "iteration number: "
[1] 177
[1] "iteration number: "
[1] 178
[1] "iteration number: "
[1] 179
[1] "iteration number: "
[1] 180
[1] "iteration number: "
[1] 181
[1] "iteration number: "
[1] 182
[1] "iteration number: "
[1] 183
[1] "iteration number: "
[1] 184
[1] "iteration number: "
[1] 185
[1] "RE-INITIALIZING..."
[1] 1
[1] 5
[1] 36
 [1] 2 2 2 2 2 1 2 1 2 2 4 2 1 2 2 2 3 2 2 1
[1] "iteration number: "
[1] 186
[1] "iteration number: "
[1] 187
[1] "iteration number: "
[1] 188
[1] "iteration number: "
[1] 189
[1] "iteration number: "
[1] 190
[1] "iteration number: "
[1] 191
[1] "iteration number: "
[1] 192
[1] "iteration number: "
[1] 193
[1] "iteration number: "
[1] 194
[1] "iteration number: "
[1] 195
[1] "iteration number: "
[1] 196
[1] "RE-INITIALIZING..."
[1] 2
[1] 5
[1] 35
 [1] 2 3 2 2 2 2 3 2 3 3 2 2 2 2 3 2 3 1 4 3
[1] "iteration number: "
[1] 197
[1] "iteration number: "
[1] 198
[1] "iteration number: "
[1] 199
[1] "iteration number: "
[1] 200
[1] "iteration number: "
[1] 201
[1] "iteration number: "
[1] 202
[1] "iteration number: "
[1] 203
[1] "iteration number: "
[1] 204
[1] "iteration number: "
[1] 205
[1] "iteration number: "
[1] 206
[1] "iteration number: "
[1] 207
[1] "RE-INITIALIZING..."
[1] 3
[1] 5
[1] 35
 [1] 2 2 2 2 2 1 2 1 2 2 4 2 1 2 2 2 3 2 2 1
[1] "iteration number: "
[1] 208
[1] "iteration number: "
[1] 209
[1] "iteration number: "
[1] 210
[1] "iteration number: "
[1] 211
[1] "iteration number: "
[1] 212
[1] "iteration number: "
[1] 213
[1] "iteration number: "
[1] 214
[1] "iteration number: "
[1] 215
[1] "iteration number: "
[1] 216
[1] "iteration number: "
[1] 217
[1] "iteration number: "
[1] 218
[1] "RE-INITIALIZING..."
[1] 4
[1] 5
[1] 32
 [1] 2 2 2 2 2 1 2 1 2 2 4 2 1 2 2 2 3 2 2 1
[1] "iteration number: "
[1] 219
[1] "iteration number: "
[1] 220
[1] "iteration number: "
[1] 221
[1] "iteration number: "
[1] 222
[1] "iteration number: "
[1] 223
[1] "iteration number: "
[1] 224
[1] "iteration number: "
[1] 225
[1] "iteration number: "
[1] 226
[1] "iteration number: "
[1] 227
[1] "iteration number: "
[1] 228
[1] "iteration number: "
[1] 229
[1] "RE-INITIALIZING..."
[1] 5
[1] 5
[1] 32
 [1] 2 2 2 2 2 1 2 1 2 2 4 2 1 2 2 2 3 2 2 1
[1] "iteration number: "
[1] 230
[1] "iteration number: "
[1] 231
[1] "iteration number: "
[1] 232
[1] "iteration number: "
[1] 233
[1] "iteration number: "
[1] 234
[1] "iteration number: "
[1] 235
[1] "iteration number: "
[1] 236
[1] "iteration number: "
[1] 237
[1] "iteration number: "
[1] 238
[1] "iteration number: "
[1] 239
[1] "iteration number: "
[1] 240
[1] "RE-INITIALIZING..."
[1] 6
[1] 5
[1] 31
[1] "No change for 6 iterations. Exiting PSO."
 [1]  1  2  6  7  9 10 12 14 16 17 19 20 21 22 27 30 32 33 35 36 39 40
[1] 10
[1] "##################################"
[1] "Results summary for itr:10"
[1] "number of features selected using population mean"
[1] 22
[1] "number of features selected using current global best"
[1] 22
[1] "feat ind length"
[1] 22
[1] "best accuracy"
[1] 65.10413
[1] "test acc:1"
[1] "##################################"
[1] "testacc"
 [1] 1 1 1 1 1 1 1 1 1 1
[1] 1
   Min. 1st Qu.  Median    Mean 3rd Qu.    Max. 
      1       1       1       1       1       1 
[1] 0
      [,1] [,2] [,3] [,4] [,5] [,6] [,7] [,8] [,9] [,10]
 [1,]    0    1    0    1    0    0    0    0    0     1
 [2,]    1    1    1    1    1    1    1    1    1     1
 [3,]    0    0    0    0    0    1    0    1    1     0
 [4,]    0    0    1    1    0    1    1    0    1     0
 [5,]    0    0    1    0    0    1    0    1    0     0
 [6,]    0    1    1    0    0    0    0    0    0     1
 [7,]    1    0    1    0    1    0    1    1    1     1
 [8,]    1    0    1    1    1    1    1    1    1     0
 [9,]    1    1    0    1    1    1    1    0    1     1
[10,]    1    0    0    1    0    1    1    1    1     1
[11,]    1    0    0    0    1    1    0    0    0     0
[12,]    1    1    1    1    1    1    0    1    1     1
[13,]    0    0    0    1    0    0    0    0    0     0
[14,]    1    1    1    1    1    1    1    1    0     1
[15,]    0    0    0    0    0    0    1    0    1     0
[16,]    1    1    1    1    1    1    1    1    1     1
[17,]    0    1    1    0    0    0    1    0    0     1
[18,]    0    1    1    0    1    1    1    1    1     0
[19,]    1    1    1    1    0    0    0    1    1     1
[20,]    0    1    1    1    1    0    0    1    0     1
[21,]    1    1    1    0    0    0    1    1    1     1
[22,]    0    1    1    0    0    0    1    1    0     1
[23,]    1    1    0    0    1    1    0    1    1     0
[24,]    0    0    1    1    1    0    1    1    1     0
[25,]    0    1    1    0    1    1    1    0    1     0
[26,]    0    0    0    1    0    1    1    1    0     0
[27,]    0    1    1    1    0    0    1    0    0     1
[28,]    1    1    0    0    0    0    0    1    1     0
[29,]    0    1    0    1    1    1    1    0    1     0
[30,]    0    1    1    0    0    1    1    1    0     1
[31,]    0    0    1    1    1    0    1    1    1     0
[32,]    1    1    1    1    1    1    1    1    0     1
[33,]    1    0    1    1    0    1    1    1    1     1
[34,]    1    1    1    1    1    1    1    1    0     0
[35,]    0    1    1    1    1    1    1    1    1     1
[36,]    0    0    0    1    1    1    0    0    1     1
[37,]    1    1    1    1    1    1    0    1    1     0
[38,]    1    1    0    0    0    0    1    0    1     0
[39,]    1    0    1    1    0    1    1    1    1     1
[40,]    1    1    1    1    1    1    1    1    0     1
[1] "dim of scoring matrix is "
[1] 40 10
[1] "DS index stage 2"
[1] 0.6611658
[1] "KI index stage 2"
[1] -Inf
[1] 1
   Min. 1st Qu.  Median    Mean 3rd Qu.    Max. 
    1.0     4.0     6.0     6.1     8.0    10.0 
[1] "Number of features selected in 1 iterations:"
[1] 40
[1] "Number of features selected in 1 iterations:"
[1] 40
[1] 1 1
[1] 1 1
[1] "accuracy: 100 num_feat:40 fitness:57.1480321980644"
$fitfunc
[1] -57.14803

$cverror
[1] 100

$cvpermerror
[1] 59.78853

$testacc
[1] 100

$reverseacc
[1] 100

[1] -57.14803
[1] "Number of features selected in 2 iterations:"
[1] 39
[1] 1 1
[1] 1 1
[1] "accuracy: 100 num_feat:39 fitness:57.9500343332313"
$fitfunc
[1] -57.95003

$cverror
[1] 100

$cvpermerror
[1] 58.67852

$testacc
[1] 100

$reverseacc
[1] 100

[1] -57.95003
[1] "Number of features selected in 3 iterations:"
[1] 38
[1] 1 1
[1] 1 1
[1] "accuracy: 100 num_feat:38 fitness:56.2600078240962"
$fitfunc
[1] -56.26001

$cverror
[1] 100

$cvpermerror
[1] 61.12856

$testacc
[1] 100

$reverseacc
[1] 100

[1] -56.26001
[1] "Number of features selected in 4 iterations:"
[1] 33
[1] 1 1
[1] 1 1
[1] "accuracy: 100 num_feat:33 fitness:58.6540836288474"
$fitfunc
[1] -58.65408

$cverror
[1] 100

$cvpermerror
[1] 57.88702

$testacc
[1] 100

$reverseacc
[1] 100

[1] -58.65408
[1] "Number of features selected in 5 iterations:"
[1] 29
[1] 1 1
[1] 1 1
[1] "accuracy: 100 num_feat:29 fitness:59.2304621261391"
$fitfunc
[1] -59.23046

$cverror
[1] 100

$cvpermerror
[1] 57.20648

$testacc
[1] 100

$reverseacc
[1] 100

[1] -59.23046
[1] "Number of features selected in 6 iterations:"
[1] 25
[1] 1 1
[1] 1 1
[1] "accuracy: 100 num_feat:25 fitness:56.2340861071142"
$fitfunc
[1] -56.23409

$cverror
[1] 100

$cvpermerror
[1] 61.62988

$testacc
[1] 100

$reverseacc
[1] 100

[1] -56.23409
[1] "Number of features selected in 7 iterations:"
[1] 18
[1] 1 1
[1] 1 1
[1] "accuracy: 100 num_feat:18 fitness:57.1280396696338"
$fitfunc
[1] -57.12804

$cverror
[1] 100

$cvpermerror
[1] 60.6028

$testacc
[1] 100

$reverseacc
[1] 100

[1] -57.12804
[1] "Number of features selected in 8 iterations:"
[1] 13
[1] 0.9722222 1.0000000
[1] 0.9722222 1.0000000
[1] "accuracy: 100 num_feat:13 fitness:50.4395420164809"
$fitfunc
[1] -50.43954

$cverror
[1] 100

$cvpermerror
[1] 70.23716

$testacc
[1] 100

$reverseacc
[1] 98.61111

[1] -50.43954
[1] "Number of features selected in 9 iterations:"
[1] 7
[1] 0.9444444 0.9600000
[1] 0.9444444 0.9600000
[1] "accuracy: 81.9125586818501 num_feat:7 fitness:30.7363687725889"
$fitfunc
[1] -30.73637

$cverror
[1] 81.91256

$cvpermerror
[1] 78.00912

$testacc
[1] 96.61111

$reverseacc
[1] 95.22222

[1] -30.73637
[1] "Number of features selected in 10 iterations:"
[1] 2
[1] "accuracy: 1 num_feat:2 fitness:-100"
$fitfunc
[1] 100

$cverror
[1] 1

$cvpermerror
[1] 100

$testacc
[1] 1

$reverseacc
[1] 1

[1] 100
   Min. 1st Qu.  Median    Mean 3rd Qu.    Max. 
      1       1       1       1       1       1 
[1] "Number of features selected in 5 iterations:"
[1] 29
[1] "Modified train 10 fold accuracy using train data is "
[1] 100
[1] "Modified train accuracy is "
[1] 1
[1] "train confusion matrix is "
          trainclass
pred_train  1  2
         1 36  0
         2  0 25
[1] "Train dimension is "
[1] 61 29
[1] "Test dimension is "
[1] 41 29
[1] "Test confusion matrix is "
    
pred  1  2
   1 15  9
   2  1 16
[1] "Test acc is "
[1] 0.7560976
[1] "train 10 fold"
[1] 100
[1] "Test confusion matrix is "
    
pred  1  2
   1 15  9
   2  1 16
[1] "Test acc is "
[1] 0.7560976
[1] "Test AUC:"
[1] 0.78875
[1] "Train acc is "
[1] 1
[1] "# of features after CMA:"
NULL
[1] "# of features after PSO:"
[1] 61 30
     user    system   elapsed 
  285.768    10.135 12937.422 
There were 50 or more warnings (use warnings() to see the first 50)
> 
> 
> 
> feat_ind<-psores$bestfeatlist
> feat_names<-psores$bestfeatnames
> 
> scoringmatrix<-as.data.frame(psores$scoringmatrix)
> print(scoringmatrix)
   V1 V2 V3 V4 V5 V6 V7 V8 V9 V10
1   0  1  0  1  0  0  0  0  0   1
2   1  1  1  1  1  1  1  1  1   1
3   0  0  0  0  0  1  0  1  1   0
4   0  0  1  1  0  1  1  0  1   0
5   0  0  1  0  0  1  0  1  0   0
6   0  1  1  0  0  0  0  0  0   1
7   1  0  1  0  1  0  1  1  1   1
8   1  0  1  1  1  1  1  1  1   0
9   1  1  0  1  1  1  1  0  1   1
10  1  0  0  1  0  1  1  1  1   1
11  1  0  0  0  1  1  0  0  0   0
12  1  1  1  1  1  1  0  1  1   1
13  0  0  0  1  0  0  0  0  0   0
14  1  1  1  1  1  1  1  1  0   1
15  0  0  0  0  0  0  1  0  1   0
16  1  1  1  1  1  1  1  1  1   1
17  0  1  1  0  0  0  1  0  0   1
18  0  1  1  0  1  1  1  1  1   0
19  1  1  1  1  0  0  0  1  1   1
20  0  1  1  1  1  0  0  1  0   1
21  1  1  1  0  0  0  1  1  1   1
22  0  1  1  0  0  0  1  1  0   1
23  1  1  0  0  1  1  0  1  1   0
24  0  0  1  1  1  0  1  1  1   0
25  0  1  1  0  1  1  1  0  1   0
26  0  0  0  1  0  1  1  1  0   0
27  0  1  1  1  0  0  1  0  0   1
28  1  1  0  0  0  0  0  1  1   0
29  0  1  0  1  1  1  1  0  1   0
30  0  1  1  0  0  1  1  1  0   1
31  0  0  1  1  1  0  1  1  1   0
32  1  1  1  1  1  1  1  1  0   1
33  1  0  1  1  0  1  1  1  1   1
34  1  1  1  1  1  1  1  1  0   0
35  0  1  1  1  1  1  1  1  1   1
36  0  0  0  1  1  1  0  0  1   1
37  1  1  1  1  1  1  0  1  1   0
38  1  1  0  0  0  0  1  0  1   0
39  1  0  1  1  0  1  1  1  1   1
40  1  1  1  1  1  1  1  1  0   1
> print(feat_names[feat_ind])
 [1] "V2"  "V4"  "V7"  "V8"  "V9"  "V10" "V12" "V14" "V16" "V18" "V19" "V20"
[13] "V21" "V22" "V23" "V24" "V25" "V27" "V29" "V30" "V31" "V32" "V33" "V34"
[25] "V35" "V36" "V37" "V39" "V40"
> 
> save(psores,file="psores.Rda")
> print("Complete")
[1] "Complete"
> 
