
R version 3.2.2 (2015-08-14) -- "Fire Safety"
Copyright (C) 2015 The R Foundation for Statistical Computing
Platform: x86_64-apple-darwin13.4.0 (64-bit)

R is free software and comes with ABSOLUTELY NO WARRANTY.
You are welcome to redistribute it under certain conditions.
Type 'license()' or 'licence()' for distribution details.

  Natural language support but running in an English locale

R is a collaborative project with many contributors.
Type 'contributors()' for more information and
'citation()' on how to cite R or R packages in publications.

Type 'demo()' for some demos, 'help()' for on-line help, or
'help.start()' for an HTML browser interface to help.
Type 'q()' to quit R.

> 
> #.libPaths("/home/kuppal3/karan_libs/Rlibs")
> library(snow)
Warning message:
package ‘snow’ was built under R version 3.2.5 
> library(e1071)
Warning message:
package ‘e1071’ was built under R version 3.2.5 
> library(yaImpute)

Attaching package: ‘yaImpute’

The following object is masked from ‘package:e1071’:

    impute

> library(pROC)
Type 'citation("pROC")' for a citation.

Attaching package: ‘pROC’

The following objects are masked from ‘package:stats’:

    cov, smooth, var

Warning message:
package ‘pROC’ was built under R version 3.2.5 
> library(bioDist)
Loading required package: Biobase
Loading required package: BiocGenerics
Loading required package: parallel

Attaching package: ‘parallel’

The following objects are masked from ‘package:snow’:

    clusterApply, clusterApplyLB, clusterCall, clusterEvalQ,
    clusterExport, clusterMap, clusterSplit, makeCluster, parApply,
    parCapply, parLapply, parRapply, parSapply, splitIndices,
    stopCluster


Attaching package: ‘BiocGenerics’

The following objects are masked from ‘package:parallel’:

    clusterApply, clusterApplyLB, clusterCall, clusterEvalQ,
    clusterExport, clusterMap, parApply, parCapply, parLapply,
    parLapplyLB, parRapply, parSapply, parSapplyLB

The following objects are masked from ‘package:snow’:

    clusterApply, clusterApplyLB, clusterCall, clusterEvalQ,
    clusterExport, clusterMap, parApply, parCapply, parLapply,
    parRapply, parSapply

The following objects are masked from ‘package:stats’:

    IQR, mad, xtabs

The following objects are masked from ‘package:base’:

    anyDuplicated, append, as.data.frame, as.vector, cbind, colnames,
    do.call, duplicated, eval, evalq, Filter, Find, get, grep, grepl,
    intersect, is.unsorted, lapply, lengths, Map, mapply, match, mget,
    order, paste, pmax, pmax.int, pmin, pmin.int, Position, rank,
    rbind, Reduce, rownames, sapply, setdiff, sort, table, tapply,
    union, unique, unlist, unsplit

Welcome to Bioconductor

    Vignettes contain introductory material; view with
    'browseVignettes()'. To cite Bioconductor, see
    'citation("Biobase")', and for packages 'citation("pkgname")'.

Loading required package: KernSmooth
KernSmooth 2.23 loaded
Copyright M. P. Wand 1997-2009
> #library(CMA, lib="/home/kuppal3/karan_libs/Rlibs/")
> library(RankAggreg)
Warning message:
package ‘RankAggreg’ was built under R version 3.2.5 
> library(CMA)

Attaching package: ‘CMA’

The following object is masked from ‘package:pROC’:

    roc

The following object is masked from ‘package:e1071’:

    tune

Warning message:
package ‘CMA’ was built under R version 3.2.4 
> library(expm)
Loading required package: Matrix

Attaching package: ‘expm’

The following object is masked from ‘package:Matrix’:

    expm

Warning messages:
1: package ‘expm’ was built under R version 3.2.5 
2: package ‘Matrix’ was built under R version 3.2.5 
> 
> cl<-makeCluster(1)
> 
> 
> args<-commandArgs(trailingOnly=TRUE)
> 
> dirloc<-"/Users/karanuppal/Documents/Gatech/Projects/Algorithms/TwostagePSO/"
> #sname<-paste("/home/stu/kuppal3/Research/Feature_selection/Rcode/versionnov2014/OCFS_",args[9],".R",sep="")
> 
> sname<-paste(dirloc,"version2017/OCFS_",args[9],".R",sep="")
> source(sname)
> 
> outloc<-paste(dirloc,"/Datasets/SRBCT_Khan/OCFSvmay2415_Srbct",args[9],"/",sep="")
> 
> 
> sname<-paste(dirloc,"Datasets/SRBCT_Khan/Srbct.Rda",sep="")
> load(sname)
> 
> trainm<-Srbct$X
> testm<-Srbct$Xt
> trainclass<-Srbct$Y
> testclass<-Srbct$Yt
> 
> 
> trainm<-t(trainm)
> testm<-t(testm)
> 
> cnames<-paste("var",seq(1,dim(trainm)[2]),sep="")
> colnames(trainm)<-cnames
> colnames(testm)<-cnames
> 
> trainclass<-t(trainclass)
> testclass<-t(testclass)
> 
> trainm<-cbind(trainclass,trainm)
> testm<-cbind(testclass,testm)
> 
> trainm<-na.omit(trainm)
> testm<-na.omit(testm)
> 
> 
> 
> dir.create(outloc)
> setwd(outloc)
> 
> trainm<-as.matrix(trainm)
> testm<-as.matrix(testm)
> trainclass<-trainm[,1] #CMAres$modtrainclass
> testclass<-testm[,1] #CMAres$modtestclass
> trainm<-trainm[,-c(1)] #CMAres$modtrainmata
> testm<-testm[,-c(1)] #CMAres$modtestmata
> 
> #a: Confusions
> #b: Neighbors
> #c: Global
> #d: Death
> 
> a<-c(0.25,0.25,0.25,0.25)
> b<-c(0.3,0.1,0.4,0.1)
> c<-c(0.25,0.25,0.5,0)
> d<-c(0.9,0.1,0,0.1)
> 
> a<-c(0,0.4,0.1,0.5)
> b<-c(0.3,0.1,0.4,0.1)
> c<-c(0,0.5,0.5,0)
> d<-c(0.9,0.1,0,0)
> 
> a<-c(0,0.4,0.1,0.5)
> b<-c(0.2,0.3,0.4,0.1)
> c<-c(0,0.4,0.4,0.2)
> d<-c(0.9,0.1,0,0)
> 
> transition_matrix<-rbind(a,b,c,d)
> 
> 
> dir.create(outloc)
Warning message:
In dir.create(outloc) :
  '/Users/karanuppal/Documents/Gatech/Projects/Algorithms/TwostagePSO//Datasets/SRBCT_Khan/OCFSvmay2415_Srbctvjune92018_v1' already exists
> setwd(outloc)
> temp2=t(trainm)
> temp2=apply(temp2, 2, function(x){which(x=="MD")})
> temp2=unlist(temp2)
> temp2=unique(temp2)
> if(length(temp2)>1)
+ {
+ 	trainm=trainm[,-c(temp2)]
+ 
+ 	rm(temp2)
+ }
> 
> boostweight=rep(0,dim(trainm)[2])
> 
> #if(FALSE)
> {
+ CMAres<-performCMA(trainm, trainclass, testm, testclass,outloc,
+ maxnum=as.numeric(args[10]),
+ minnum=3,
+ stepitr=1,
+ gsmethods=c("limma"), #"lasso","elasticnet","kruskal.test"), #"f.test", "f.test", "elasticnet", "wilcox.test", "welch.test"),
+ pct_train=0.40,
+ accuracyweight=1,
+ featweight=0.06,
+ minpresent=1,
+ kname="radial",
+ norm_method="none",
+ tolerance=0.5,
+ maxitrs=5,
+ classindex=1,
+ numfacts=0,
+ evalmethod="CV",
+ numfolds=10,
+ CVfoldthresh=0.7,
+ varselmethod=args[11],
+ scheme_val="one-vs-all",
+ iter_learn=1,boostweight=rep(0,dim(trainm)[2]))
+ 
+ 
+ CMAres<-performCMA(trainm, trainclass, testm, testclass,outloc,
+ maxnum=as.numeric(args[10]),
+ minnum=3,
+ stepitr=1,
+ gsmethods=c("lasso"), #"lasso","elasticnet","kruskal.test"), #"f.test", "f.test", "elasticnet", "wilcox.test", "welch.test"),
+ pct_train=0.40,
+ accuracyweight=1,
+ featweight=0.06,
+ minpresent=1,
+ kname="radial",
+ norm_method="none",
+ tolerance=0.5,
+ maxitrs=5,
+ classindex=1,
+ numfacts=0,
+ evalmethod="CV",
+ numfolds=10,
+ CVfoldthresh=0.7,
+ varselmethod=args[11],
+ scheme_val="one-vs-all",
+ iter_learn=1,boostweight=rep(0,dim(trainm)[2]))
+ 
+ CMAres<-performCMA(trainm, trainclass, testm, testclass,outloc,
+ maxnum=as.numeric(args[10]),
+ minnum=3,
+ stepitr=1,
+ gsmethods=c("rfe"), #"lasso","elasticnet","kruskal.test"), #"f.test", "f.test", "elasticnet", "wilcox.test", "welch.test"),
+ pct_train=0.40,
+ accuracyweight=1,
+ featweight=0.06,
+ minpresent=1,
+ kname="radial",
+ norm_method="none",
+ tolerance=0.5,
+ maxitrs=5,
+ classindex=1,
+ numfacts=0,
+ evalmethod="CV",
+ numfolds=10,
+ CVfoldthresh=0.7,
+ varselmethod=args[11],
+ scheme_val="one-vs-all",
+ iter_learn=1,boostweight=rep(0,dim(trainm)[2]))
+ 
+ CMAres<-performCMA(trainm, trainclass, testm, testclass,outloc,
+ maxnum=as.numeric(args[10]),
+ minnum=3,
+ stepitr=1,
+ gsmethods=c("elasticnet"), #"lasso","elasticnet","kruskal.test"), #"f.test", "f.test", "elasticnet", "wilcox.test", "welch.test"),
+ pct_train=0.40,
+ accuracyweight=1,
+ featweight=0.06,
+ minpresent=1,
+ kname="radial",
+ norm_method="none",
+ tolerance=0.5,
+ maxitrs=5,
+ classindex=1,
+ numfacts=0,
+ evalmethod="CV",
+ numfolds=10,
+ CVfoldthresh=0.7,
+ varselmethod=args[11],
+ scheme_val="one-vs-all",
+ iter_learn=1,boostweight=rep(0,dim(trainm)[2]))
+ 
+ if(FALSE){
+ CMAres<-performCMA(trainm, trainclass, testm, testclass,outloc,
+ maxnum=as.numeric(args[10]),
+ minnum=3,
+ stepitr=1,
+ gsmethods=c("rf"), #"lasso","elasticnet","kruskal.test"), #"f.test", "f.test", "elasticnet", "wilcox.test", "welch.test"),
+ pct_train=0.40,
+ accuracyweight=1,
+ featweight=0.06,
+ minpresent=1,
+ kname="radial",
+ norm_method="none",
+ tolerance=0.5,
+ maxitrs=5,
+ classindex=1,
+ numfacts=0,
+ evalmethod="CV",
+ numfolds=10,
+ CVfoldthresh=0.7,
+ varselmethod=args[11],
+ scheme_val="one-vs-all",
+ iter_learn=1,boostweight=rep(0,dim(trainm)[2]))
+ }
+ 
+ CMAres<-performCMA(trainm, trainclass, testm, testclass,outloc,
+ maxnum=as.numeric(args[10]),
+ minnum=3,
+ stepitr=1,
+ gsmethods=c("f.test"), #"lasso","elasticnet","kruskal.test"), #"f.test", "f.test", "elasticnet", "wilcox.test", "welch.test"),
+ pct_train=0.40,
+ accuracyweight=1,
+ featweight=0.06,
+ minpresent=1,
+ kname="radial",
+ norm_method="none",
+ tolerance=0.5,
+ maxitrs=5,
+ classindex=1,
+ numfacts=0,
+ evalmethod="CV",
+ numfolds=10,
+ CVfoldthresh=0.7,
+ varselmethod=args[11],
+ scheme_val="one-vs-all",
+ iter_learn=1,boostweight=rep(0,dim(trainm)[2]))
+ }
[1] "dim of trainm is "
[1]   63 2308
[1]   63 2308
[1] "length of factcols"
[1] 0
[1]   63 2308
[1]   20 2308
integer(0)
character(0)
NULL
[1] "ok"
[1] "maxnum is "
[1] 5
[1] "# of genes left after filtering:"
[1]   63 2308
GeneSelection: iteration 1 

Attaching package: ‘limma’

The following object is masked from ‘package:BiocGenerics’:

    plotMA

GeneSelection: iteration 2 
GeneSelection: iteration 3 
GeneSelection: iteration 4 
GeneSelection: iteration 5 
GeneSelection: iteration 6 
GeneSelection: iteration 7 
GeneSelection: iteration 8 
GeneSelection: iteration 9 
GeneSelection: iteration 10 
GeneSelection: iteration 1 
GeneSelection: iteration 2 
GeneSelection: iteration 3 
GeneSelection: iteration 4 
GeneSelection: iteration 5 
GeneSelection: iteration 6 
GeneSelection: iteration 7 
GeneSelection: iteration 8 
GeneSelection: iteration 9 
GeneSelection: iteration 10 
GeneSelection: iteration 1 
GeneSelection: iteration 2 
GeneSelection: iteration 3 
GeneSelection: iteration 4 
GeneSelection: iteration 5 
GeneSelection: iteration 6 
GeneSelection: iteration 7 
GeneSelection: iteration 8 
GeneSelection: iteration 9 
GeneSelection: iteration 10 
GeneSelection: iteration 1 
GeneSelection: iteration 2 
GeneSelection: iteration 3 
GeneSelection: iteration 4 
GeneSelection: iteration 5 
GeneSelection: iteration 6 
GeneSelection: iteration 7 
GeneSelection: iteration 8 
GeneSelection: iteration 9 
GeneSelection: iteration 10 
[1] "varselmethod"
[1] "none"
[1] "dim of scoring matrix is "
[1] 2308    1
[1] 2308
[1] "DS index stage 1"
[1] NA
[1] "bestgenelist"
[1]  246  255  742  842 1003
        var246    var255     var742   var842   var1003
[1,] 1.6047470 -1.514582  0.7311171 1.553629 -3.231455
[2,] 0.7924947 -1.701005  0.3808308 1.732505 -2.294617
[3,] 1.5527410 -1.256319 -0.2871489 1.454747 -2.154165
         var246    var255     var742     var842   var1003
[1,] -2.5010360  1.165710  1.1040309 -0.3690368 -1.988505
[2,] -0.5151684 -0.592759 -1.1605941  0.7715886 -2.928074
[3,] -1.9330926 -1.027222 -0.7325119  0.9271515  1.000558
[1] "numgenes selected:5"
[1] "test acc:0.9"
[1] "test AUC acc:0.944444444444445"
[1] "10 fold train95.2380952380952"
[1] "confusion matrix train 10 fold"
          nci_y
pred10fold  1  2  3  4
         1  7  1  0  0
         2  0 22  0  0
         3  0  0 12  0
         4  1  0  0 20
[1] "confusion matrix test"
         test_y
pred_test 1 2 3 4
        1 3 1 0 0
        2 0 4 0 0
        3 0 0 6 0
        4 0 1 0 5
[1] "train acc:0.968253968253968"
[1] "confusion matrix train"
          nci_y
pred_train  1  2  3  4
         1  7  1  0  0
         2  0 22  0  0
         3  0  0 12  0
         4  1  0  0 20
[1] "DS index stage 1"
[1] NA
[1] "KI index stage 1"
[1] NA
[1] "dim of trainm is "
[1]   63 2308
[1]   63 2308
[1] "length of factcols"
[1] 0
[1]   63 2308
[1]   20 2308
integer(0)
character(0)
NULL
[1] "ok"
[1] "maxnum is "
[1] 5
[1] "# of genes left after filtering:"
[1]   63 2308
GeneSelection: iteration 1 
Loaded glmnet 2.0-10


Attaching package: ‘glmnet’

The following object is masked from ‘package:pROC’:

    auc

GeneSelection: iteration 2 
GeneSelection: iteration 3 
GeneSelection: iteration 4 
GeneSelection: iteration 5 
GeneSelection: iteration 6 
GeneSelection: iteration 7 
GeneSelection: iteration 8 
GeneSelection: iteration 9 
GeneSelection: iteration 10 
GeneSelection: iteration 1 
GeneSelection: iteration 2 
GeneSelection: iteration 3 
GeneSelection: iteration 4 
GeneSelection: iteration 5 
GeneSelection: iteration 6 
GeneSelection: iteration 7 
GeneSelection: iteration 8 
GeneSelection: iteration 9 
GeneSelection: iteration 10 
GeneSelection: iteration 1 
GeneSelection: iteration 2 
GeneSelection: iteration 3 
GeneSelection: iteration 4 
GeneSelection: iteration 5 
GeneSelection: iteration 6 
GeneSelection: iteration 7 
GeneSelection: iteration 8 
GeneSelection: iteration 9 
GeneSelection: iteration 10 
GeneSelection: iteration 1 
GeneSelection: iteration 2 
GeneSelection: iteration 3 
GeneSelection: iteration 4 
GeneSelection: iteration 5 
GeneSelection: iteration 6 
GeneSelection: iteration 7 
GeneSelection: iteration 8 
GeneSelection: iteration 9 
GeneSelection: iteration 10 
genelist
   1  246  255  842 1003 1389 1427 1954 1955 2050  836 1764    2  509 2198 2046 
  10   10   10   10   10   10   10   10   10   10    9    9    8    8    7    6 
 248  129  742    3  589 1319  545  695  851  910 1387 2022 2166 
   5    3    3    2    2    2    1    1    1    1    1    1    1 
[1] "varselmethod"
[1] "none"
[1] "dim of scoring matrix is "
[1] 2308    1
[1] 2308
[1] "DS index stage 1"
[1] NA
[1] "bestgenelist"
[1]    1  246  255  842 1003
            var1    var246    var255   var842   var1003
[1,]  0.77334370 1.6047470 -1.514582 1.553629 -3.231455
[2,] -0.07817778 0.7924947 -1.701005 1.732505 -2.294617
[3,] -0.08446916 1.5527410 -1.256319 1.454747 -2.154165
          var1     var246    var255     var842   var1003
[1,] 0.1395010 -2.5010360  1.165710 -0.3690368 -1.988505
[2,] 1.1642752 -0.5151684 -0.592759  0.7715886 -2.928074
[3,] 0.8410929 -1.9330926 -1.027222  0.9271515  1.000558
[1] "numgenes selected:5"
[1] "test acc:0.95"
[1] "test AUC acc:0.958333333333333"
[1] "10 fold train95.2380952380952"
[1] "confusion matrix train 10 fold"
          nci_y
pred10fold  1  2  3  4
         1  8  0  0  0
         2  0 23  0  0
         3  0  0 12  0
         4  0  0  0 20
[1] "confusion matrix test"
         test_y
pred_test 1 2 3 4
        1 3 0 0 0
        2 0 5 0 0
        3 0 0 6 0
        4 0 1 0 5
[1] "train acc:1"
[1] "confusion matrix train"
          nci_y
pred_train  1  2  3  4
         1  8  0  0  0
         2  0 23  0  0
         3  0  0 12  0
         4  0  0  0 20
[1] "DS index stage 1"
[1] NA
[1] "KI index stage 1"
[1] NA
[1] "dim of trainm is "
[1]   63 2308
[1]   63 2308
[1] "length of factcols"
[1] 0
[1]   63 2308
[1]   20 2308
integer(0)
character(0)
NULL
[1] "ok"
[1] "maxnum is "
[1] 5
[1] "# of genes left after filtering:"
[1]   63 2308
GeneSelection: iteration 1 
GeneSelection: iteration 2 
GeneSelection: iteration 3 
GeneSelection: iteration 4 
GeneSelection: iteration 5 
GeneSelection: iteration 6 
GeneSelection: iteration 7 
GeneSelection: iteration 8 
GeneSelection: iteration 9 
GeneSelection: iteration 10 
GeneSelection: iteration 1 
GeneSelection: iteration 2 
GeneSelection: iteration 3 
GeneSelection: iteration 4 
GeneSelection: iteration 5 
GeneSelection: iteration 6 
GeneSelection: iteration 7 
GeneSelection: iteration 8 
GeneSelection: iteration 9 
GeneSelection: iteration 10 
GeneSelection: iteration 1 
GeneSelection: iteration 2 
GeneSelection: iteration 3 
GeneSelection: iteration 4 
GeneSelection: iteration 5 
GeneSelection: iteration 6 
GeneSelection: iteration 7 
GeneSelection: iteration 8 
GeneSelection: iteration 9 
GeneSelection: iteration 10 
GeneSelection: iteration 1 
GeneSelection: iteration 2 
GeneSelection: iteration 3 
GeneSelection: iteration 4 
GeneSelection: iteration 5 
GeneSelection: iteration 6 
GeneSelection: iteration 7 
GeneSelection: iteration 8 
GeneSelection: iteration 9 
GeneSelection: iteration 10 
[1] "varselmethod"
[1] "none"
[1] "dim of scoring matrix is "
[1] 2308    1
[1] 2308
[1] "DS index stage 1"
[1] NA
[1] "bestgenelist"
[1] 187 246 509 819 846
        var187    var246    var509    var819    var846
[1,] -3.426515 1.6047470 -1.844528 -2.108664 -3.803169
[2,] -2.361274 0.7924947 -1.699363 -3.272804 -3.083471
[3,] -2.259526 1.5527410 -1.478848 -2.767800 -2.285728
         var187     var246    var509    var819    var846
[1,] -0.8549605 -2.5010360 -1.367276 -1.657054 -2.160218
[2,] -2.8949824 -0.5151684 -2.365525 -2.199126 -2.487711
[3,]  2.9578798 -1.9330926  2.815109 -1.017493 -2.153303
[1] "numgenes selected:5"
[1] "test acc:0.8"
[1] "test AUC acc:0.895833333333333"
[1] "10 fold train90.4761904761905"
[1] "confusion matrix train 10 fold"
          nci_y
pred10fold  1  2  3  4
         1  8  0  0  0
         2  0 23  0  0
         3  0  0 12  0
         4  0  0  0 20
[1] "confusion matrix test"
         test_y
pred_test 1 2 3 4
        1 3 0 2 0
        2 0 5 0 0
        3 0 1 3 0
        4 0 0 1 5
[1] "train acc:1"
[1] "confusion matrix train"
          nci_y
pred_train  1  2  3  4
         1  8  0  0  0
         2  0 23  0  0
         3  0  0 12  0
         4  0  0  0 20
[1] "DS index stage 1"
[1] NA
[1] "KI index stage 1"
[1] NA
[1] "dim of trainm is "
[1]   63 2308
[1]   63 2308
[1] "length of factcols"
[1] 0
[1]   63 2308
[1]   20 2308
integer(0)
character(0)
NULL
[1] "ok"
[1] "maxnum is "
[1] 5
[1] "# of genes left after filtering:"
[1]   63 2308
GeneSelection: iteration 1 
GeneSelection: iteration 2 
GeneSelection: iteration 3 
GeneSelection: iteration 4 
GeneSelection: iteration 5 
GeneSelection: iteration 6 
GeneSelection: iteration 7 
GeneSelection: iteration 8 
GeneSelection: iteration 9 
GeneSelection: iteration 10 
GeneSelection: iteration 1 
GeneSelection: iteration 2 
GeneSelection: iteration 3 
GeneSelection: iteration 4 
GeneSelection: iteration 5 
GeneSelection: iteration 6 
GeneSelection: iteration 7 
GeneSelection: iteration 8 
GeneSelection: iteration 9 
GeneSelection: iteration 10 
GeneSelection: iteration 1 
GeneSelection: iteration 2 
GeneSelection: iteration 3 
GeneSelection: iteration 4 
GeneSelection: iteration 5 
GeneSelection: iteration 6 
GeneSelection: iteration 7 
GeneSelection: iteration 8 
GeneSelection: iteration 9 
GeneSelection: iteration 10 
GeneSelection: iteration 1 
GeneSelection: iteration 2 
GeneSelection: iteration 3 
GeneSelection: iteration 4 
GeneSelection: iteration 5 
GeneSelection: iteration 6 
GeneSelection: iteration 7 
GeneSelection: iteration 8 
GeneSelection: iteration 9 
GeneSelection: iteration 10 
[1] "varselmethod"
[1] "none"
[1] "dim of scoring matrix is "
[1] 2308    1
[1] 2308
[1] "DS index stage 1"
[1] NA
[1] "bestgenelist"
[1]   1   2 246 255 842
            var1      var2    var246    var255   var842
[1,]  0.77334370 -2.438405 1.6047470 -1.514582 1.553629
[2,] -0.07817778 -2.415754 0.7924947 -1.701005 1.732505
[3,] -0.08446916 -1.649739 1.5527410 -1.256319 1.454747
          var1       var2     var246    var255     var842
[1,] 0.1395010 -1.1689275 -2.5010360  1.165710 -0.3690368
[2,] 1.1642752 -2.0181583 -0.5151684 -0.592759  0.7715886
[3,] 0.8410929  0.2547197 -1.9330926 -1.027222  0.9271515
[1] "numgenes selected:5"
[1] "test acc:0.9"
[1] "test AUC acc:0.916666666666667"
[1] "10 fold train96.8253968253968"
[1] "confusion matrix train 10 fold"
          nci_y
pred10fold  1  2  3  4
         1  8  0  0  0
         2  0 22  0  1
         3  0  0 12  0
         4  0  1  0 19
[1] "confusion matrix test"
         test_y
pred_test 1 2 3 4
        1 3 0 0 0
        2 0 4 0 0
        3 0 0 6 0
        4 0 2 0 5
[1] "train acc:0.968253968253968"
[1] "confusion matrix train"
          nci_y
pred_train  1  2  3  4
         1  8  0  0  0
         2  0 22  0  1
         3  0  0 12  0
         4  0  1  0 19
[1] "DS index stage 1"
[1] NA
[1] "KI index stage 1"
[1] NA
[1] "dim of trainm is "
[1]   63 2308
[1]   63 2308
[1] "length of factcols"
[1] 0
[1]   63 2308
[1]   20 2308
integer(0)
character(0)
NULL
[1] "ok"
[1] "maxnum is "
[1] 5
[1] "# of genes left after filtering:"
[1]   63 2308
GeneSelection: iteration 1 
GeneSelection: iteration 2 
GeneSelection: iteration 3 
GeneSelection: iteration 4 
GeneSelection: iteration 5 
GeneSelection: iteration 6 
GeneSelection: iteration 7 
GeneSelection: iteration 8 
GeneSelection: iteration 9 
GeneSelection: iteration 10 
GeneSelection: iteration 1 
GeneSelection: iteration 2 
GeneSelection: iteration 3 
GeneSelection: iteration 4 
GeneSelection: iteration 5 
GeneSelection: iteration 6 
GeneSelection: iteration 7 
GeneSelection: iteration 8 
GeneSelection: iteration 9 
GeneSelection: iteration 10 
GeneSelection: iteration 1 
GeneSelection: iteration 2 
GeneSelection: iteration 3 
GeneSelection: iteration 4 
GeneSelection: iteration 5 
GeneSelection: iteration 6 
GeneSelection: iteration 7 
GeneSelection: iteration 8 
GeneSelection: iteration 9 
GeneSelection: iteration 10 
GeneSelection: iteration 1 
GeneSelection: iteration 2 
GeneSelection: iteration 3 
GeneSelection: iteration 4 
GeneSelection: iteration 5 
GeneSelection: iteration 6 
GeneSelection: iteration 7 
GeneSelection: iteration 8 
GeneSelection: iteration 9 
GeneSelection: iteration 10 
[1] "varselmethod"
[1] "none"
[1] "dim of scoring matrix is "
[1] 2308    1
[1] 2308
[1] "DS index stage 1"
[1] NA
[1] "bestgenelist"
[1]  246  255  742  842 1003
        var246    var255     var742   var842   var1003
[1,] 1.6047470 -1.514582  0.7311171 1.553629 -3.231455
[2,] 0.7924947 -1.701005  0.3808308 1.732505 -2.294617
[3,] 1.5527410 -1.256319 -0.2871489 1.454747 -2.154165
         var246    var255     var742     var842   var1003
[1,] -2.5010360  1.165710  1.1040309 -0.3690368 -1.988505
[2,] -0.5151684 -0.592759 -1.1605941  0.7715886 -2.928074
[3,] -1.9330926 -1.027222 -0.7325119  0.9271515  1.000558
[1] "numgenes selected:5"
[1] "test acc:0.9"
[1] "test AUC acc:0.944444444444445"
[1] "10 fold train95.2380952380952"
[1] "confusion matrix train 10 fold"
          nci_y
pred10fold  1  2  3  4
         1  7  1  0  0
         2  0 22  0  0
         3  0  0 12  0
         4  1  0  0 20
[1] "confusion matrix test"
         test_y
pred_test 1 2 3 4
        1 3 1 0 0
        2 0 4 0 0
        3 0 0 6 0
        4 0 1 0 5
[1] "train acc:0.968253968253968"
[1] "confusion matrix train"
          nci_y
pred_train  1  2  3  4
         1  7  1  0  0
         2  0 22  0  0
         3  0  0 12  0
         4  1  0  0 20
[1] "DS index stage 1"
[1] NA
[1] "KI index stage 1"
[1] NA
There were 45 warnings (use warnings() to see them)
> #1
> CMAres<-performCMA(trainm, trainclass, testm, testclass,outloc,
+ maxnum=as.numeric(args[10]),
+ minnum=3,
+ stepitr=1,
+ gsmethods=c("limma","lasso","rfe","elasticnet", "f.test"), #"lasso","elasticnet","kruskal.test"), #"f.test", "f.test", "elasticnet", "wilcox.test", "welch.test"),
+ pct_train=0.40,
+ accuracyweight=1,
+ featweight=0.06,
+ minpresent=1,
+ kname="radial",
+ norm_method="none",
+ tolerance=0.5,
+ maxitrs=5,
+ classindex=1,
+ numfacts=0,
+ evalmethod="CV",
+ numfolds=10,
+ CVfoldthresh=0.7,
+ varselmethod=args[11],
+ scheme_val="one-vs-all",
+ iter_learn=1,boostweight=rep(0,dim(trainm)[2]))
[1] "dim of trainm is "
[1]   63 2308
[1]   63 2308
[1] "length of factcols"
[1] 0
[1]   63 2308
[1]   20 2308
integer(0)
character(0)
NULL
[1] "ok"
[1] "maxnum is "
[1] 5
[1] "# of genes left after filtering:"
[1]   63 2308
GeneSelection: iteration 1 
GeneSelection: iteration 2 
GeneSelection: iteration 3 
GeneSelection: iteration 4 
GeneSelection: iteration 5 
GeneSelection: iteration 6 
GeneSelection: iteration 7 
GeneSelection: iteration 8 
GeneSelection: iteration 9 
GeneSelection: iteration 10 
GeneSelection: iteration 1 
GeneSelection: iteration 2 
GeneSelection: iteration 3 
GeneSelection: iteration 4 
GeneSelection: iteration 5 
GeneSelection: iteration 6 
GeneSelection: iteration 7 
GeneSelection: iteration 8 
GeneSelection: iteration 9 
GeneSelection: iteration 10 
GeneSelection: iteration 1 
GeneSelection: iteration 2 
GeneSelection: iteration 3 
GeneSelection: iteration 4 
GeneSelection: iteration 5 
GeneSelection: iteration 6 
GeneSelection: iteration 7 
GeneSelection: iteration 8 
GeneSelection: iteration 9 
GeneSelection: iteration 10 
GeneSelection: iteration 1 
GeneSelection: iteration 2 
GeneSelection: iteration 3 
GeneSelection: iteration 4 
GeneSelection: iteration 5 
GeneSelection: iteration 6 
GeneSelection: iteration 7 
GeneSelection: iteration 8 
GeneSelection: iteration 9 
GeneSelection: iteration 10 
[1] "varselmethod"
[1] "none"
GeneSelection: iteration 1 
GeneSelection: iteration 2 
GeneSelection: iteration 3 
GeneSelection: iteration 4 
GeneSelection: iteration 5 
GeneSelection: iteration 6 
GeneSelection: iteration 7 
GeneSelection: iteration 8 
GeneSelection: iteration 9 
GeneSelection: iteration 10 
GeneSelection: iteration 1 
GeneSelection: iteration 2 
GeneSelection: iteration 3 
GeneSelection: iteration 4 
GeneSelection: iteration 5 
GeneSelection: iteration 6 
GeneSelection: iteration 7 
GeneSelection: iteration 8 
GeneSelection: iteration 9 
GeneSelection: iteration 10 
GeneSelection: iteration 1 
GeneSelection: iteration 2 
GeneSelection: iteration 3 
GeneSelection: iteration 4 
GeneSelection: iteration 5 
GeneSelection: iteration 6 
GeneSelection: iteration 7 
GeneSelection: iteration 8 
GeneSelection: iteration 9 
GeneSelection: iteration 10 
GeneSelection: iteration 1 
GeneSelection: iteration 2 
GeneSelection: iteration 3 
GeneSelection: iteration 4 
GeneSelection: iteration 5 
GeneSelection: iteration 6 
GeneSelection: iteration 7 
GeneSelection: iteration 8 
GeneSelection: iteration 9 
GeneSelection: iteration 10 
genelist
   1  246  255  842 1003 1389 1427 1954 1955 2050  836 1764    2  509 2198 2046 
  10   10   10   10   10   10   10   10   10   10    9    9    8    8    7    6 
 248  129  742    3  589 1319  545  695  851  910 1387 2022 2166 
   5    3    3    2    2    2    1    1    1    1    1    1    1 
[1] "varselmethod"
[1] "none"
GeneSelection: iteration 1 
GeneSelection: iteration 2 
GeneSelection: iteration 3 
GeneSelection: iteration 4 
GeneSelection: iteration 5 
GeneSelection: iteration 6 
GeneSelection: iteration 7 
GeneSelection: iteration 8 
GeneSelection: iteration 9 
GeneSelection: iteration 10 
GeneSelection: iteration 1 
GeneSelection: iteration 2 
GeneSelection: iteration 3 
GeneSelection: iteration 4 
GeneSelection: iteration 5 
GeneSelection: iteration 6 
GeneSelection: iteration 7 
GeneSelection: iteration 8 
GeneSelection: iteration 9 
GeneSelection: iteration 10 
GeneSelection: iteration 1 
GeneSelection: iteration 2 
GeneSelection: iteration 3 
GeneSelection: iteration 4 
GeneSelection: iteration 5 
GeneSelection: iteration 6 
GeneSelection: iteration 7 
GeneSelection: iteration 8 
GeneSelection: iteration 9 
GeneSelection: iteration 10 
GeneSelection: iteration 1 
GeneSelection: iteration 2 
GeneSelection: iteration 3 
GeneSelection: iteration 4 
GeneSelection: iteration 5 
GeneSelection: iteration 6 
GeneSelection: iteration 7 
GeneSelection: iteration 8 
GeneSelection: iteration 9 
GeneSelection: iteration 10 
[1] "varselmethod"
[1] "none"
GeneSelection: iteration 1 
GeneSelection: iteration 2 
GeneSelection: iteration 3 
GeneSelection: iteration 4 
GeneSelection: iteration 5 
GeneSelection: iteration 6 
GeneSelection: iteration 7 
GeneSelection: iteration 8 
GeneSelection: iteration 9 
GeneSelection: iteration 10 
GeneSelection: iteration 1 
GeneSelection: iteration 2 
GeneSelection: iteration 3 
GeneSelection: iteration 4 
GeneSelection: iteration 5 
GeneSelection: iteration 6 
GeneSelection: iteration 7 
GeneSelection: iteration 8 
GeneSelection: iteration 9 
GeneSelection: iteration 10 
GeneSelection: iteration 1 
GeneSelection: iteration 2 
GeneSelection: iteration 3 
GeneSelection: iteration 4 
GeneSelection: iteration 5 
GeneSelection: iteration 6 
GeneSelection: iteration 7 
GeneSelection: iteration 8 
GeneSelection: iteration 9 
GeneSelection: iteration 10 
GeneSelection: iteration 1 
GeneSelection: iteration 2 
GeneSelection: iteration 3 
GeneSelection: iteration 4 
GeneSelection: iteration 5 
GeneSelection: iteration 6 
GeneSelection: iteration 7 
GeneSelection: iteration 8 
GeneSelection: iteration 9 
GeneSelection: iteration 10 
[1] "varselmethod"
[1] "none"
GeneSelection: iteration 1 
GeneSelection: iteration 2 
GeneSelection: iteration 3 
GeneSelection: iteration 4 
GeneSelection: iteration 5 
GeneSelection: iteration 6 
GeneSelection: iteration 7 
GeneSelection: iteration 8 
GeneSelection: iteration 9 
GeneSelection: iteration 10 
GeneSelection: iteration 1 
GeneSelection: iteration 2 
GeneSelection: iteration 3 
GeneSelection: iteration 4 
GeneSelection: iteration 5 
GeneSelection: iteration 6 
GeneSelection: iteration 7 
GeneSelection: iteration 8 
GeneSelection: iteration 9 
GeneSelection: iteration 10 
GeneSelection: iteration 1 
GeneSelection: iteration 2 
GeneSelection: iteration 3 
GeneSelection: iteration 4 
GeneSelection: iteration 5 
GeneSelection: iteration 6 
GeneSelection: iteration 7 
GeneSelection: iteration 8 
GeneSelection: iteration 9 
GeneSelection: iteration 10 
GeneSelection: iteration 1 
GeneSelection: iteration 2 
GeneSelection: iteration 3 
GeneSelection: iteration 4 
GeneSelection: iteration 5 
GeneSelection: iteration 6 
GeneSelection: iteration 7 
GeneSelection: iteration 8 
GeneSelection: iteration 9 
GeneSelection: iteration 10 
[1] "varselmethod"
[1] "none"
[1] "dim of scoring matrix is "
[1] 2308    5
[1] 2308
[1] "DS index stage 1"
[1] 0.54
[1] "bestgenelist"
 [1]    1    2  187  246  255  509  742  819  842  846 1003
            var1      var2    var187    var246    var255    var509     var742
[1,]  0.77334370 -2.438405 -3.426515 1.6047470 -1.514582 -1.844528  0.7311171
[2,] -0.07817778 -2.415754 -2.361274 0.7924947 -1.701005 -1.699363  0.3808308
[3,] -0.08446916 -1.649739 -2.259526 1.5527410 -1.256319 -1.478848 -0.2871489
        var819   var842    var846   var1003
[1,] -2.108664 1.553629 -3.803169 -3.231455
[2,] -3.272804 1.732505 -3.083471 -2.294617
[3,] -2.767800 1.454747 -2.285728 -2.154165
          var1       var2     var187     var246    var255    var509     var742
[1,] 0.1395010 -1.1689275 -0.8549605 -2.5010360  1.165710 -1.367276  1.1040309
[2,] 1.1642752 -2.0181583 -2.8949824 -0.5151684 -0.592759 -2.365525 -1.1605941
[3,] 0.8410929  0.2547197  2.9578798 -1.9330926 -1.027222  2.815109 -0.7325119
        var819     var842    var846   var1003
[1,] -1.657054 -0.3690368 -2.160218 -1.988505
[2,] -2.199126  0.7715886 -2.487711 -2.928074
[3,] -1.017493  0.9271515 -2.153303  1.000558
[1] "numgenes selected:11"
[1] "test acc:1"
[1] "test AUC acc:1"
[1] "10 fold train100"
[1] "confusion matrix train 10 fold"
          nci_y
pred10fold  1  2  3  4
         1  8  0  0  0
         2  0 23  0  0
         3  0  0 12  0
         4  0  0  0 20
[1] "confusion matrix test"
         test_y
pred_test 1 2 3 4
        1 3 0 0 0
        2 0 6 0 0
        3 0 0 6 0
        4 0 0 0 5
[1] "train acc:1"
[1] "confusion matrix train"
          nci_y
pred_train  1  2  3  4
         1  8  0  0  0
         2  0 23  0  0
         3  0  0 12  0
         4  0  0  0 20
[1] "DS index stage 1"
[1] 0.54
[1] "KI index stage 1"
[1] 0.5390013
[[1]]
[1] "var246"  "var255"  "var742"  "var842"  "var1003"

[[2]]
[1] "var1"    "var246"  "var255"  "var842"  "var1003"

[[3]]
[1] "var187" "var246" "var509" "var819" "var846"

[[4]]
[1] "var1"   "var2"   "var246" "var255" "var842"

[[5]]
[1] "var246"  "var255"  "var742"  "var842"  "var1003"


 Iteration 1 :  Optimal value:  11.6 
 Optimal List:   var1,var255,var246,var842,var846 

 Iteration 2 :  Optimal value:  11.2 
 Optimal List:   var246,var1,var842,var255,var1003 

 Iteration 3 :  Optimal value:  10.8 
 Optimal List:   var246,var255,var1,var842,var846 

 Iteration 4 :  Optimal value:  10.4 
 Optimal List:   var246,var1,var255,var842,var742 

 Iteration 5 :  Optimal value:  10.4 
 Optimal List:   var1,var246,var255,var842,var742 

 Iteration 6 :  Optimal value:  10 
 Optimal List:   var1,var246,var255,var842,var1003 

 Iteration 7 :  Optimal value:  10 
 Optimal List:   var246,var1,var255,var842,var1003 

 Iteration 8 :  Optimal value:  10 
 Optimal List:   var246,var1,var255,var842,var1003 

 Iteration 9 :  Optimal value:  10 
 Optimal List:   var246,var255,var742,var842,var1003 

 Iteration 10 :  Optimal value:  10 
 Optimal List:   var246,var255,var742,var842,var1003 

 Iteration 11 :  Optimal value:  10 
 Optimal List:   var246,var255,var742,var842,var1003 

 Iteration 12 :  Optimal value:  10 
 Optimal List:   var246,var255,var742,var842,var1003 
[1] "test acc rank aggreg CE:0.9"
[1] "test AUC acc rank aggreg CE:0.944444444444445"
[1] "10 fold train rank aggreg res CE95.2380952380952"
[1] "confusion matrix train 10 fold rank aggreg CE"
            nci_y
pred10foldRA  1  2  3  4
           1  7  1  0  0
           2  0 22  0  0
           3  0  0 12  0
           4  1  0  0 20
[1] "Num itr RA CE"
[1] 12
[1] "Test BER aggreg CE is"
[1] 0.9166667

 Iteration 1 :  Optimal value:  10.4 
 Optimal List:   var1,var246,var255,var842,var742 

 Iteration 2 :  Optimal value:  12.8 
 Optimal List:   var246,var2,var255,var742,var1003 

 Iteration 3 :  Optimal value:  10.8 
 Optimal List:   var246,var255,var742,var842,var2 

 Iteration 4 :  Optimal value:  10.8 
 Optimal List:   var246,var255,var742,var842,var2 

 Iteration 5 :  Optimal value:  10.8 
 Optimal List:   var246,var255,var742,var842,var2 

 Iteration 6 :  Optimal value:  10 
 Optimal List:   var246,var255,var742,var842,var1003 

 Iteration 7 :  Optimal value:  10 
 Optimal List:   var246,var255,var742,var842,var1003 

 Iteration 8 :  Optimal value:  10 
 Optimal List:   var246,var255,var742,var842,var1003 

 Iteration 9 :  Optimal value:  10 
 Optimal List:   var246,var255,var742,var842,var1003 

 Iteration 10 :  Optimal value:  10 
 Optimal List:   var246,var255,var742,var842,var1003 

 Iteration 11 :  Optimal value:  10 
 Optimal List:   var246,var255,var742,var842,var1003 

 Iteration 12 :  Optimal value:  10 
 Optimal List:   var246,var255,var742,var842,var1003 

 Iteration 13 :  Optimal value:  10 
 Optimal List:   var246,var255,var742,var842,var1003 

 Iteration 14 :  Optimal value:  10 
 Optimal List:   var246,var255,var742,var842,var1003 

 Iteration 15 :  Optimal value:  10 
 Optimal List:   var246,var255,var742,var842,var1003 

 Iteration 16 :  Optimal value:  10 
 Optimal List:   var246,var255,var742,var842,var1003 

 Iteration 17 :  Optimal value:  10 
 Optimal List:   var246,var255,var742,var842,var1003 

 Iteration 18 :  Optimal value:  10 
 Optimal List:   var246,var255,var742,var842,var1003 

 Iteration 19 :  Optimal value:  10 
 Optimal List:   var246,var255,var742,var842,var1003 

 Iteration 20 :  Optimal value:  10 
 Optimal List:   var246,var255,var742,var842,var1003 

 Iteration 21 :  Optimal value:  10 
 Optimal List:   var246,var255,var742,var842,var1003 

 Iteration 22 :  Optimal value:  10 
 Optimal List:   var246,var255,var742,var842,var1003 

 Iteration 23 :  Optimal value:  10 
 Optimal List:   var246,var255,var742,var842,var1003 

 Iteration 24 :  Optimal value:  10 
 Optimal List:   var246,var255,var742,var842,var1003 

 Iteration 25 :  Optimal value:  10 
 Optimal List:   var246,var255,var742,var842,var1003 

 Iteration 26 :  Optimal value:  10 
 Optimal List:   var246,var255,var742,var842,var1003 

 Iteration 27 :  Optimal value:  10 
 Optimal List:   var246,var255,var742,var842,var1003 

 Iteration 28 :  Optimal value:  10 
 Optimal List:   var246,var255,var742,var842,var1003 

 Iteration 29 :  Optimal value:  10 
 Optimal List:   var246,var255,var742,var842,var1003 

 Iteration 30 :  Optimal value:  10 
 Optimal List:   var246,var255,var742,var842,var1003 

 Iteration 31 :  Optimal value:  10 
 Optimal List:   var246,var255,var742,var842,var1003 

 Iteration 32 :  Optimal value:  10 
 Optimal List:   var246,var255,var742,var842,var1003 

 Iteration 33 :  Optimal value:  10 
 Optimal List:   var246,var255,var742,var842,var1003 

 Iteration 34 :  Optimal value:  10 
 Optimal List:   var246,var255,var742,var842,var1003 

 Iteration 35 :  Optimal value:  10 
 Optimal List:   var246,var255,var742,var842,var1003 
[1] "test acc rank aggreg GA:0.9"
[1] "test AUC acc rank aggreg GA:0.944444444444445"
[1] "10 fold train rank aggreg res GA95.2380952380952"
[1] "confusion matrix train 10 fold rank aggreg GA"
            nci_y
pred10foldRA  1  2  3  4
           1  7  1  0  0
           2  0 22  0  0
           3  0  0 12  0
           4  1  0  0 20
[1] "Num itr RA GA"
[1] 36
[1] "Test BER aggreg GA is"
[1] 0.9166667
There were 15 warnings (use warnings() to see them)
> 
> cma_feat_list<-colnames(trainm)
> 
> save(CMAres,file="CMAres.Rda")
> write.table(cma_feat_list,file="selected_cma_feat_list.txt",sep="t",row.names=FALSE)
> 
> # modtraindata=modtrain, modtestdata=modtest, blindtest=testacc, modtrainclass=nci_y, modtestclass=test_y
> #if(FALSE)
> {
+ trainm<-CMAres$modtraindata
+ testm<-CMAres$modtestdata
+ trainclass<-CMAres$modtrainclass
+ testclass<-CMAres$modtestclass
+ learningsets<-CMAres$learningsets
+ }
> 
> if(FALSE)
+ {
+ trainclass<-trainm[,1] #CMAres$modtrainclass
+ testclass<-testm[,1] #CMAres$modtestclass
+ trainm<-trainm[,-c(1)] #CMAres$modtrainmata
+ testm<-testm[,-c(1)] #CMAres$modtestmata
+ 
+ }
> 
> d_dim<-dim(trainm)
> 
> print("Original dimension")
[1] "Original dimension"
> print(d_dim)
[1] 63 11
> 
> system.time(psores<-run_pso(outloc=outloc,trainm,trainclass,testm,testclass,transition_matrix,c1=2.05,
+ c2=2.05,
+ itr=10,
+ globalpso_maxitr=10,
+ global_max_itr=5,
+ num_part=20,
+ kname="radial",
+ errortype="BER",
+ weightA<-as.numeric(args[1]),
+ weightB<-as.numeric(args[2]),
+ weightC<-as.numeric(args[3]),
+ weightD<-as.numeric(args[4]),
+ featweight.max=0.01,
+ featweight.min=0.01,
+ numfolds=10,
+ followerprob=as.numeric(args[6]),
+ confusionprob=as.numeric(args[7]),
+ leaderprob=as.numeric(args[8]),
+ wmax=1,
+ wmin=1,
+ behavior_reset_itr=5,
+ maxitrreset=10,
+ num_neighbors=3,
+ minselect.pct=0.5,
+ evalMode="CV2",
+ minfitnessthresh=50,
+ maxnum=as.numeric(args[10]),minnum=3,inertia_method=args[5],particlebehav_method="randbased",constriction_factor=1,
+ select.global.best=TRUE,numnodes=4,evalFunc=eval_fit_kfold_diff,itr.terminate=FALSE,train.pct=0.8))
[1] "c1: 2.05"
[1] "c2: 2.05"
[1] "itr: 10"
[1] "globalpso_maxitr: 10"
[1] "global_max_itr: 5"
[1] "num_part: 20"
[1] "kname: radial"
[1] "errortype: BER"
[1] "weightA: 0.7"
[1] "weightB: 0.2"
[1] "weightC: 0.05"
[1] "weightD: 0.05"
[1] "featweight.max: 0.01"
[1] "featweight.min: 0.01"
[1] "numfolds: 10"
[1] "followerprob: 0.45"
[1] "confusionprob: 0.2"
[1] "leaderprob: 0.25"
[1] "wmax: 1"
[1] "wmin: 1"
[1] "behavior_reset_itr: 5"
[1] "maxitrreset: 10"
[1] "num_neighbors: 3"
[1] "minselect.pct: 0.5"
[1] "minfitnessthresh: 50"
[1] "maxnum: 5"
[1] "minnum: 3"
[1] "inertia_method: global"
[1] "particlebehav_method: randbased"
[1] "constriction_factor: 0.792"
[1] "select.global.best: TRUE"
[1] "train 10 fold"
[1] 98.4127
[1] "here"
[1] "s"
[1] 50.4
[1] 63 11
[1] 10
[1] "learning sets: 1"
 [1]  9 60 46 32 15 18 51 14 19 36 53 44 20 25 38 56 58  6 17 33 22 41 37 61 40
[26] 30 50 45 35 59 10  3 52  2  1 43  7 57 11 31 23 63 16 49  4  5 24 47 26 42
[1] "Starting global iteration number : 1"
[1] "iteration number: "
[1] 1
[1] "Best fitness updated to:"
[1] -72.40099
[1] "Best solution:"
 [1] NA NA NA NA NA NA NA NA NA NA NA
[1] 0
Error: object 'x_lbest_vec' not found
In addition: There were 24 warnings (use warnings() to see them)
Timing stopped at: 0.078 0.02 5.835 
Execution halted
