
R version 3.2.2 (2015-08-14) -- "Fire Safety"
Copyright (C) 2015 The R Foundation for Statistical Computing
Platform: x86_64-apple-darwin13.4.0 (64-bit)

R is free software and comes with ABSOLUTELY NO WARRANTY.
You are welcome to redistribute it under certain conditions.
Type 'license()' or 'licence()' for distribution details.

  Natural language support but running in an English locale

R is a collaborative project with many contributors.
Type 'contributors()' for more information and
'citation()' on how to cite R or R packages in publications.

Type 'demo()' for some demos, 'help()' for on-line help, or
'help.start()' for an HTML browser interface to help.
Type 'q()' to quit R.

> 
> #.libPaths("/home/stu/kuppal3/karan_libs/Rlibs")
> library(snow)
Warning message:
package ‘snow’ was built under R version 3.2.5 
> library(e1071)
Warning message:
package ‘e1071’ was built under R version 3.2.5 
> library(yaImpute)

Attaching package: ‘yaImpute’

The following object is masked from ‘package:e1071’:

    impute

> library(pROC)
Type 'citation("pROC")' for a citation.

Attaching package: ‘pROC’

The following objects are masked from ‘package:stats’:

    cov, smooth, var

Warning message:
package ‘pROC’ was built under R version 3.2.5 
> library(bioDist)
Loading required package: Biobase
Loading required package: BiocGenerics
Loading required package: parallel

Attaching package: ‘parallel’

The following objects are masked from ‘package:snow’:

    clusterApply, clusterApplyLB, clusterCall, clusterEvalQ,
    clusterExport, clusterMap, clusterSplit, makeCluster, parApply,
    parCapply, parLapply, parRapply, parSapply, splitIndices,
    stopCluster


Attaching package: ‘BiocGenerics’

The following objects are masked from ‘package:parallel’:

    clusterApply, clusterApplyLB, clusterCall, clusterEvalQ,
    clusterExport, clusterMap, parApply, parCapply, parLapply,
    parLapplyLB, parRapply, parSapply, parSapplyLB

The following objects are masked from ‘package:snow’:

    clusterApply, clusterApplyLB, clusterCall, clusterEvalQ,
    clusterExport, clusterMap, parApply, parCapply, parLapply,
    parRapply, parSapply

The following objects are masked from ‘package:stats’:

    IQR, mad, xtabs

The following objects are masked from ‘package:base’:

    anyDuplicated, append, as.data.frame, as.vector, cbind, colnames,
    do.call, duplicated, eval, evalq, Filter, Find, get, grep, grepl,
    intersect, is.unsorted, lapply, lengths, Map, mapply, match, mget,
    order, paste, pmax, pmax.int, pmin, pmin.int, Position, rank,
    rbind, Reduce, rownames, sapply, setdiff, sort, table, tapply,
    union, unique, unlist, unsplit

Welcome to Bioconductor

    Vignettes contain introductory material; view with
    'browseVignettes()'. To cite Bioconductor, see
    'citation("Biobase")', and for packages 'citation("pkgname")'.

Loading required package: KernSmooth
KernSmooth 2.23 loaded
Copyright M. P. Wand 1997-2009
> #library(CMA, lib="/home/stu/kuppal3/karan_libs/Rlibs/")
> 
> library(CMA)

Attaching package: ‘CMA’

The following object is masked from ‘package:pROC’:

    roc

The following object is masked from ‘package:e1071’:

    tune

Warning message:
package ‘CMA’ was built under R version 3.2.4 
> library(expm)
Loading required package: Matrix

Attaching package: ‘expm’

The following object is masked from ‘package:Matrix’:

    expm

Warning messages:
1: package ‘expm’ was built under R version 3.2.5 
2: package ‘Matrix’ was built under R version 3.2.5 
> 
> cl<-makeCluster(20)
> 
> #source("/home/stu/kuppal3/Research/Feature_selection/Rcode/versionjuly12013/svm_cv_v1.1.R")
> #source("/Users/karanuppal/Documents/Gatech/Projects/Algorithms/TwostagePSO/Rcode/versionnov2014/OCFS_vnov252014.R")
> 
> #same results
> #source("/home/stu/kuppal3/Research/Feature_selection/Rcode/versionnov2014/OCFS_vnov26.22014_v11.R")
> 
> #source("/home/stu/kuppal3/Research/Feature_selection/Rcode/versionnov2014/OCFS_vnov302014_v26.4.R")
> 
> source("/Users/karanuppal/Documents/Gatech/Projects/Algorithms/TwostagePSO/Rcode/OCFS_vnov302014_v26.4.R")
> #source("/Users/karanuppal/Documents/Gatech/Projects/Algorithms/TwostagePSO/Rcode/versionnov2014/svm_cv_v1.1.R")
> 
> #source("/Users/karanuppal/Documents/Gatech/Projects/Algorithms/TwostagePSO/Rcode/versionnov2014/performCMA_consensus_tenfold_ber_nominal_lungheart_train_test_nov172014_backward.R")
> 
> 
> #trainm<-na.omit(trainm)
> #testm<-na.omit(testm)
> 
> #outloc<-"/home/stu/kuppal3/Research/Feature_selection/Datasets/IRIS_Probe/OCFSv26.4itr20_CMAb3PSO_l1f0c0.05minsel0.5rankbehavfeatw0.01_a10b20_CV2_6methods/"
> 
> outloc<-"/Users/karanuppal/Documents/Gatech/Projects/Algorithms/TwostagePSO/Rcode/testonlypso/"
> 
> dirloc<-"/Users/karanuppal/Documents/Gatech/Projects/Algorithms/TwostagePSO/"
> 
> 
> sname<-paste(dirloc,"/Datasets/IRIS_Probe/IRIS.Rda",sep="")
> #load("/home/stu/kuppal3/Research/Feature_selection/Datasets/IRIS_Probe/IRIS.Rda")
> load(sname)
> 
> trainm<-Iris$X
> testm<-Iris$Xt
> trainclass<-Iris$Y
> testclass<-Iris$Yt
> 
> cnames<-paste("var",seq(1,dim(trainm)[2]),sep="")
> colnames(trainm)<-cnames
> colnames(testm)<-cnames
> 
> args<-commandArgs(trailingOnly=TRUE)
> trainm<-na.omit(trainm)
> testm<-na.omit(testm)
> 
> 
> 
> dir.create(outloc)
> setwd(outloc)
> #a: Confusions
> #b: Neighbors
> #c: Global
> #d: Death
> 
> a<-c(0.25,0.25,0.25,0.25)
> b<-c(0.3,0.1,0.4,0.1)
> c<-c(0.25,0.25,0.5,0)
> d<-c(0.9,0.1,0,0.1)
> 
> a<-c(0,0.4,0.1,0.5)
> b<-c(0.3,0.1,0.4,0.1)
> c<-c(0,0.5,0.5,0)
> d<-c(0.9,0.1,0,0)
> 
> a<-c(0,0.4,0.1,0.5)
> b<-c(0.2,0.3,0.4,0.1)
> c<-c(0,0.4,0.4,0.2)
> d<-c(0.9,0.1,0,0)
> 
> transition_matrix<-rbind(a,b,c,d)
> 
> 
> dir.create(outloc)
Warning message:
In dir.create(outloc) :
  '/Users/karanuppal/Documents/Gatech/Projects/Algorithms/TwostagePSO/Rcode/testonlypso' already exists
> setwd(outloc)
> temp2=t(trainm)
> temp2=apply(temp2, 2, function(x){which(x=="MD")})
> temp2=unlist(temp2)
> temp2=unique(temp2)
> if(length(temp2)>1)
+ {
+ 	trainm=trainm[,-c(temp2)]
+ 
+ 	rm(temp2)
+ }
> 
> 
> 
> 
> if(FALSE)
+ {
+ trainclass<-trainm[,1] #CMAres$modtrainclass
+ testclass<-testm[,1] #CMAres$modtestclass
+ trainm<-trainm[,-c(1)] #CMAres$modtrainmata
+ testm<-testm[,-c(1)] #CMAres$modtestmata
+ 
+ }
> 
> d_dim<-dim(trainm)
> 
> print("Original dimension")
[1] "Original dimension"
> print(d_dim)
[1] 90 40
> 
> #2 call run_pso function()
> system.time(psores<-run_pso(outloc=outloc,trainm,trainclass,testm,testclass,transition_matrix,c1=2.05,
+ c2=2.05,
+ itr=10,
+ globalpso_maxitr=10,
+ global_max_itr=30,
+ num_part=20,
+ kname="radial",
+ errortype="BER",
+ accuracyweightA=10,
+ accuracyweightB=20,
+ featweight.max=0.01,
+ featweight.min=0.01,
+ numfolds=10,
+ followerprob=0.45,
+ confusionprob=0.20,
+ leaderprob=0.3,
+ wmax=1,
+ wmin=1,
+ behavior_reset_itr=5,
+ maxitrreset=3,
+ num_neighbors=3,
+ minselect.pct=0.5,
+ evalMode="CV2",
+ minfitnessthresh=50,
+ maxnum=3,minnum=3,inertia_method="random",particlebehav_method="rankbased",constriction_factor=1,
+ select.global.best=TRUE,numnodes=30,evalFunc=eval_fit_kfold_diff,itr.terminate=FALSE))
[1] "c1: 2.05"
[1] "c2: 2.05"
[1] "itr: 10"
[1] "globalpso_maxitr: 10"
[1] "global_max_itr: 30"
[1] "num_part: 20"
[1] "kname: radial"
[1] "errortype: BER"
[1] "accuracyweightA: 10"
[1] "accuracyweightB: 20"
[1] "featweight.max: 0.01"
[1] "featweight.min: 0.01"
[1] "numfolds: 10"
[1] "followerprob: 0.45"
[1] "confusionprob: 0.2"
[1] "leaderprob: 0.3"
[1] "wmax: 1"
[1] "wmin: 1"
[1] "behavior_reset_itr: 5"
[1] "maxitrreset: 3"
[1] "num_neighbors: 3"
[1] "minselect.pct: 0.5"
[1] "minfitnessthresh: 50"
[1] "maxnum: 3"
[1] "minnum: 3"
[1] "inertia_method: random"
[1] "particlebehav_method: rankbased"
[1] "constriction_factor: 1"
[1] "select.global.best: TRUE"
[1] "train 10 fold"
[1] 81.11111
[1] "here"
[1] "s"
[1] 72
[1] 90 40
[1] 10
[1] "here"
[1] "learning sets: 1"
 [1] 87 84 21 23 34 30 38 25 37 66 49 29 60  4 46 16 47 85 88 76 45 69 64 33 89
[26] 80 68 28  8 82 13 42 40 57 81 83 39  2 35 63 59 14 22 41 54 75  7 71 10 62
[51] 48 11  1 77 24 36  5  9 43 72 53 73 19  3 20 79 58 31 50 27 32 74
[1] "Starting global iteration number : 1"
[1] "iteration number: "
[1] 1
[1] "Best fitness updated to:"
[1] -2204.789
[1] "Best solution:"
 [1] NA NA NA NA NA NA NA NA NA NA NA NA NA NA NA NA NA NA NA NA NA NA NA NA NA
[26] NA NA NA NA NA NA NA NA NA NA NA NA NA NA NA
[1] 0
[1] "iteration number: "
[1] 2
[1] "Best fitness updated to:"
[1] -2489.781
[1] "Best solution:"
 [1] 0 0 0 0 1 1 1 0 0 0 0 1 0 1 0 0 0 0 0 0 1 1 1 0 0 0 1 0 0 1 0 1 0 0 0 0 1 1
[39] 0 0
[1] 13
[1] "iteration number: "
[1] 3
[1] "Best fitness updated to:"
[1] -2568.472
[1] "Best solution:"
 [1] 0 1 1 0 1 1 0 0 1 0 1 0 0 0 0 0 1 1 1 0 0 1 1 0 0 1 0 1 0 1 0 1 0 0 1 0 0 0
[39] 1 0
[1] 17
[1] "iteration number: "
[1] 4
[1] "iteration number: "
[1] 5
[1] "iteration number: "
[1] 6
[1] "iteration number: "
[1] 7
[1] "RE-INITIALIZING..."
[1] 1
[1] 30
[1] 40
 [1] 1 2 2 3 2 2 1 1 2 3 2 2 2 2 1 3 2 1 3 3
[1] "iteration number: "
[1] 8
[1] "iteration number: "
[1] 9
[1] "iteration number: "
[1] 10
[1] "iteration number: "
[1] 11
[1] "RE-INITIALIZING..."
[1] 2
[1] 30
[1] 40
 [1] 3 3 1 2 1 2 3 2 1 2 3 2 1 2 1 3 4 2 2 3
[1] "iteration number: "
[1] 12
[1] "Best fitness updated to:"
[1] -2575.299
[1] "Best solution:"
 [1] 0 0 1 1 1 0 1 0 1 1 1 0 0 1 1 0 0 0 1 0 0 0 1 1 1 0 1 1 0 0 0 1 0 0 0 1 1 1
[39] 0 0
[1] 19
[1] "iteration number: "
[1] 13
[1] "iteration number: "
[1] 14
[1] "iteration number: "
[1] 15
[1] "iteration number: "
[1] 16
[1] "RE-INITIALIZING..."
[1] 1
[1] 30
[1] 40
 [1] 2 1 2 2 1 1 1 2 3 2 2 2 2 2 1 3 2 2 2 3
[1] "iteration number: "
[1] 17
[1] "Best fitness updated to:"
[1] -2576.847
[1] "Best solution:"
 [1] 0 0 1 1 1 0 0 1 1 0 1 0 0 0 1 1 1 1 1 1 0 0 1 1 1 0 1 1 0 0 0 1 1 0 0 1 1 1
[39] 1 0
[1] 23
[1] "iteration number: "
[1] 18
[1] "iteration number: "
[1] 19
[1] "iteration number: "
[1] 20
[1] "iteration number: "
[1] 21
[1] "RE-INITIALIZING..."
[1] 1
[1] 30
[1] 40
 [1] 3 2 2 2 3 3 1 2 3 2 4 2 2 3 1 1 2 2 2 3
[1] "iteration number: "
[1] 22
[1] "iteration number: "
[1] 23
[1] "iteration number: "
[1] 24
[1] "iteration number: "
[1] 25
[1] "RE-INITIALIZING..."
[1] 2
[1] 30
[1] 40
 [1] 2 2 1 2 3 3 2 3 2 3 2 1 2 3 1 2 1 2 3 2
[1] "iteration number: "
[1] 26
[1] "iteration number: "
[1] 27
[1] "iteration number: "
[1] 28
[1] "iteration number: "
[1] 29
[1] "RE-INITIALIZING..."
[1] 3
[1] 30
[1] 40
 [1] 2 2 1 2 3 3 2 3 2 3 2 1 2 3 1 2 1 2 3 1
[1] "iteration number: "
[1] 30
[1] "iteration number: "
[1] 31
[1] "Minimum fitness threshold not reached after 31 iterations! Continuing PSO."
[1] "iteration number: "
[1] 32
[1] "Minimum fitness threshold not reached after 32 iterations! Continuing PSO."
[1] "iteration number: "
[1] 33
[1] "RE-INITIALIZING..."
[1] 4
[1] 30
[1] 40
 [1] 2 1 2 3 3 3 4 2 3 2 4 4 2 2 2 2 3 1 4 3
[1] "Minimum fitness threshold not reached after 33 iterations! Continuing PSO."
[1] "iteration number: "
[1] 34
[1] "Minimum fitness threshold not reached after 34 iterations! Continuing PSO."
[1] "iteration number: "
[1] 35
[1] "Minimum fitness threshold not reached after 35 iterations! Continuing PSO."
[1] "iteration number: "
[1] 36
[1] "Minimum fitness threshold not reached after 36 iterations! Continuing PSO."
[1] "iteration number: "
[1] 37
[1] "RE-INITIALIZING..."
[1] 5
[1] 30
[1] 40
 [1] 3 3 1 1 1 2 3 2 1 2 2 3 2 2 2 2 3 2 1 2
[1] "Minimum fitness threshold not reached after 37 iterations! Continuing PSO."
[1] "iteration number: "
[1] 38
[1] "Minimum fitness threshold not reached after 38 iterations! Continuing PSO."
[1] "iteration number: "
[1] 39
[1] "Minimum fitness threshold not reached after 39 iterations! Continuing PSO."
[1] "iteration number: "
[1] 40
[1] "Minimum fitness threshold not reached after 40 iterations! Continuing PSO."
[1] "iteration number: "
[1] 41
[1] "RE-INITIALIZING..."
[1] 6
[1] 30
[1] 40
 [1] 2 2 2 3 2 4 4 2 3 3 1 2 2 3 3 2 2 3 3 2
[1] "Minimum fitness threshold not reached after 41 iterations! Continuing PSO."
[1] "iteration number: "
[1] 42
[1] "Minimum fitness threshold not reached after 42 iterations! Continuing PSO."
[1] "iteration number: "
[1] 43
[1] "Minimum fitness threshold not reached after 43 iterations! Continuing PSO."
[1] "iteration number: "
[1] 44
[1] "Minimum fitness threshold not reached after 44 iterations! Continuing PSO."
[1] "iteration number: "
[1] 45
[1] "RE-INITIALIZING..."
[1] 7
[1] 30
[1] 40
 [1] 2 2 2 2 3 2 3 1 1 3 3 1 1 2 2 3 2 4 2 2
[1] "Minimum fitness threshold not reached after 45 iterations! Continuing PSO."
[1] "iteration number: "
[1] 46
[1] "Minimum fitness threshold not reached after 46 iterations! Continuing PSO."
[1] "iteration number: "
[1] 47
[1] "Minimum fitness threshold not reached after 47 iterations! Continuing PSO."
[1] "iteration number: "
[1] 48
[1] "Minimum fitness threshold not reached after 48 iterations! Continuing PSO."
[1] "iteration number: "
[1] 49
[1] "RE-INITIALIZING..."
[1] 8
[1] 30
[1] 40
 [1] 2 2 2 2 3 2 3 1 1 3 3 1 1 2 2 3 2 4 2 4
[1] "Minimum fitness threshold not reached after 49 iterations! Continuing PSO."
[1] "iteration number: "
[1] 50
[1] "Minimum fitness threshold not reached after 50 iterations! Continuing PSO."
[1] "iteration number: "
[1] 51
[1] "Minimum fitness threshold not reached after 51 iterations! Continuing PSO."
[1] "iteration number: "
[1] 52
[1] "Minimum fitness threshold not reached after 52 iterations! Continuing PSO."
[1] "iteration number: "
[1] 53
[1] "RE-INITIALIZING..."
[1] 9
[1] 30
[1] 40
 [1] 1 2 2 2 3 2 2 2 1 2 2 2 2 2 3 4 2 2 3 2
[1] "Minimum fitness threshold not reached after 53 iterations! Continuing PSO."
[1] "iteration number: "
[1] 54
[1] "Minimum fitness threshold not reached after 54 iterations! Continuing PSO."
[1] "iteration number: "
[1] 55
[1] "Minimum fitness threshold not reached after 55 iterations! Continuing PSO."
[1] "iteration number: "
[1] 56
[1] "Minimum fitness threshold not reached after 56 iterations! Continuing PSO."
[1] "iteration number: "
[1] 57
[1] "RE-INITIALIZING..."
[1] 10
[1] 30
[1] 40
 [1] 4 3 3 2 2 1 3 2 2 3 3 2 3 3 3 3 2 2 2 1
[1] "Minimum fitness threshold not reached after 57 iterations! Continuing PSO."
[1] "iteration number: "
[1] 58
[1] "Minimum fitness threshold not reached after 58 iterations! Continuing PSO."
[1] "iteration number: "
[1] 59
[1] "Minimum fitness threshold not reached after 59 iterations! Continuing PSO."
[1] "iteration number: "
[1] 60
[1] "Minimum fitness threshold not reached after 60 iterations! Continuing PSO."
[1] "iteration number: "
[1] 61
[1] "RE-INITIALIZING..."
[1] 11
[1] 30
[1] 40
 [1] 3 1 2 4 2 2 3 1 2 2 2 1 3 3 3 2 1 1 2 3
[1] "Minimum fitness threshold not reached after 61 iterations! Continuing PSO."
[1] "iteration number: "
[1] 62
[1] "Minimum fitness threshold not reached after 62 iterations! Continuing PSO."
[1] "iteration number: "
[1] 63
[1] "Minimum fitness threshold not reached after 63 iterations! Continuing PSO."
[1] "iteration number: "
[1] 64
[1] "Minimum fitness threshold not reached after 64 iterations! Continuing PSO."
[1] "iteration number: "
[1] 65
[1] "RE-INITIALIZING..."
[1] 12
[1] 30
[1] 40
 [1] 2 1 3 3 2 2 2 1 3 2 2 3 1 4 1 3 3 3 2 2
[1] "Minimum fitness threshold not reached after 65 iterations! Continuing PSO."
[1] "iteration number: "
[1] 66
[1] "Minimum fitness threshold not reached after 66 iterations! Continuing PSO."
[1] "iteration number: "
[1] 67
[1] "Minimum fitness threshold not reached after 67 iterations! Continuing PSO."
[1] "iteration number: "
[1] 68
[1] "Minimum fitness threshold not reached after 68 iterations! Continuing PSO."
[1] "iteration number: "
[1] 69
[1] "RE-INITIALIZING..."
[1] 13
[1] 30
[1] 40
 [1] 2 1 3 3 2 2 2 1 3 2 2 3 1 4 1 3 3 3 2 2
[1] "Minimum fitness threshold not reached after 69 iterations! Continuing PSO."
[1] "iteration number: "
[1] 70
[1] "Minimum fitness threshold not reached after 70 iterations! Continuing PSO."
[1] "iteration number: "
[1] 71
[1] "Minimum fitness threshold not reached after 71 iterations! Continuing PSO."
[1] "iteration number: "
[1] 72
[1] "Minimum fitness threshold not reached after 72 iterations! Continuing PSO."
[1] "iteration number: "
[1] 73
[1] "Best fitness updated to:"
[1] -2588.03
[1] "Best solution:"
 [1] 0 0 1 1 1 0 0 1 1 0 1 0 0 0 1 1 1 1 1 1 0 0 1 1 1 0 0 1 0 0 0 1 1 0 0 1 1 0
[39] 1 0
[1] 21
[1] "Minimum fitness threshold not reached after 73 iterations! Continuing PSO."
[1] "iteration number: "
[1] 74
[1] "Minimum fitness threshold not reached after 74 iterations! Continuing PSO."
[1] "iteration number: "
[1] 75
[1] "Minimum fitness threshold not reached after 75 iterations! Continuing PSO."
[1] "iteration number: "
[1] 76
[1] "Minimum fitness threshold not reached after 76 iterations! Continuing PSO."
[1] "iteration number: "
[1] 77
[1] "RE-INITIALIZING..."
[1] 1
[1] 30
[1] 40
 [1] 3 4 2 4 1 3 4 3 2 1 4 1 4 1 2 3 4 3 1 2
[1] "Minimum fitness threshold not reached after 77 iterations! Continuing PSO."
[1] "iteration number: "
[1] 78
[1] "Minimum fitness threshold not reached after 78 iterations! Continuing PSO."
[1] "iteration number: "
[1] 79
[1] "Minimum fitness threshold not reached after 79 iterations! Continuing PSO."
[1] "iteration number: "
[1] 80
[1] "Minimum fitness threshold not reached after 80 iterations! Continuing PSO."
[1] "iteration number: "
[1] 81
[1] "RE-INITIALIZING..."
[1] 2
[1] 30
[1] 40
 [1] 2 3 2 3 2 1 4 3 4 3 2 3 3 3 1 1 2 2 1 2
[1] "Minimum fitness threshold not reached after 81 iterations! Continuing PSO."
[1] "iteration number: "
[1] 82
[1] "Minimum fitness threshold not reached after 82 iterations! Continuing PSO."
[1] "iteration number: "
[1] 83
[1] "Minimum fitness threshold not reached after 83 iterations! Continuing PSO."
[1] "iteration number: "
[1] 84
[1] "Minimum fitness threshold not reached after 84 iterations! Continuing PSO."
[1] "iteration number: "
[1] 85
[1] "RE-INITIALIZING..."
[1] 3
[1] 30
[1] 40
 [1] 2 3 3 2 4 4 3 1 2 3 1 2 2 3 1 1 3 3 2 3
[1] "Minimum fitness threshold not reached after 85 iterations! Continuing PSO."
[1] "iteration number: "
[1] 86
[1] "Minimum fitness threshold not reached after 86 iterations! Continuing PSO."
[1] "iteration number: "
[1] 87
[1] "Minimum fitness threshold not reached after 87 iterations! Continuing PSO."
[1] "iteration number: "
[1] 88
[1] "Minimum fitness threshold not reached after 88 iterations! Continuing PSO."
[1] "iteration number: "
[1] 89
[1] "RE-INITIALIZING..."
[1] 4
[1] 30
[1] 40
 [1] 2 3 3 2 4 4 3 1 2 3 1 2 2 3 1 1 3 3 2 1
[1] "Minimum fitness threshold not reached after 89 iterations! Continuing PSO."
[1] "iteration number: "
[1] 90
[1] "Minimum fitness threshold not reached after 90 iterations! Continuing PSO."
[1] "iteration number: "
[1] 91
[1] "Minimum fitness threshold not reached after 91 iterations! Continuing PSO."
[1] "iteration number: "
[1] 92
[1] "Minimum fitness threshold not reached after 92 iterations! Continuing PSO."
[1] "iteration number: "
[1] 93
[1] "RE-INITIALIZING..."
[1] 5
[1] 30
[1] 40
 [1] 3 2 3 2 2 2 2 3 3 2 3 3 2 2 3 1 1 3 1 3
[1] "Minimum fitness threshold not reached after 93 iterations! Continuing PSO."
[1] "iteration number: "
[1] 94
[1] "Minimum fitness threshold not reached after 94 iterations! Continuing PSO."
[1] "iteration number: "
[1] 95
[1] "Minimum fitness threshold not reached after 95 iterations! Continuing PSO."
[1] "iteration number: "
[1] 96
[1] "Minimum fitness threshold not reached after 96 iterations! Continuing PSO."
[1] "iteration number: "
[1] 97
[1] "RE-INITIALIZING..."
[1] 6
[1] 30
[1] 40
 [1] 1 2 3 1 2 2 3 3 3 3 1 3 2 3 3 3 3 1 1 4
[1] "Minimum fitness threshold not reached after 97 iterations! Continuing PSO."
[1] "iteration number: "
[1] 98
[1] "Minimum fitness threshold not reached after 98 iterations! Continuing PSO."
[1] "iteration number: "
[1] 99
[1] "Minimum fitness threshold not reached after 99 iterations! Continuing PSO."
[1] "iteration number: "
[1] 100
[1] "Minimum fitness threshold not reached after 100 iterations! Continuing PSO."
[1] "iteration number: "
[1] 101
[1] "RE-INITIALIZING..."
[1] 7
[1] 30
[1] 40
 [1] 2 1 3 2 3 3 2 3 3 1 3 1 3 1 2 2 2 3 2 3
[1] "Minimum fitness threshold not reached after 101 iterations! Continuing PSO."
[1] "iteration number: "
[1] 102
[1] "Minimum fitness threshold not reached after 102 iterations! Continuing PSO."
[1] "iteration number: "
[1] 103
[1] "Minimum fitness threshold not reached after 103 iterations! Continuing PSO."
[1] "iteration number: "
[1] 104
[1] "Minimum fitness threshold not reached after 104 iterations! Continuing PSO."
[1] "iteration number: "
[1] 105
[1] "RE-INITIALIZING..."
[1] 8
[1] 30
[1] 40
 [1] 2 2 2 2 3 3 3 2 1 2 2 2 3 2 2 2 3 3 3 2
[1] "Minimum fitness threshold not reached after 105 iterations! Continuing PSO."
[1] "iteration number: "
[1] 106
[1] "Minimum fitness threshold not reached after 106 iterations! Continuing PSO."
[1] "iteration number: "
[1] 107
[1] "Minimum fitness threshold not reached after 107 iterations! Continuing PSO."
[1] "iteration number: "
[1] 108
[1] "Minimum fitness threshold not reached after 108 iterations! Continuing PSO."
[1] "iteration number: "
[1] 109
[1] "RE-INITIALIZING..."
[1] 9
[1] 30
[1] 40
 [1] 2 2 2 2 3 3 3 2 1 2 2 2 3 2 2 2 3 3 3 4
[1] "Minimum fitness threshold not reached after 109 iterations! Continuing PSO."
[1] "iteration number: "
[1] 110
[1] "Minimum fitness threshold not reached after 110 iterations! Continuing PSO."
[1] "iteration number: "
[1] 111
[1] "Minimum fitness threshold not reached after 111 iterations! Continuing PSO."
[1] "iteration number: "
[1] 112
[1] "Minimum fitness threshold not reached after 112 iterations! Continuing PSO."
[1] "iteration number: "
[1] 113
[1] "RE-INITIALIZING..."
[1] 10
[1] 30
[1] 40
 [1] 3 2 1 1 4 2 2 3 2 3 2 1 2 1 4 3 2 4 2 3
[1] "Minimum fitness threshold not reached after 113 iterations! Continuing PSO."
[1] "iteration number: "
[1] 114
[1] "Minimum fitness threshold not reached after 114 iterations! Continuing PSO."
[1] "iteration number: "
[1] 115
[1] "Minimum fitness threshold not reached after 115 iterations! Continuing PSO."
[1] "iteration number: "
[1] 116
[1] "Minimum fitness threshold not reached after 116 iterations! Continuing PSO."
[1] "iteration number: "
[1] 117
[1] "RE-INITIALIZING..."
[1] 11
[1] 30
[1] 40
 [1] 3 2 2 1 3 2 2 2 1 2 1 1 1 2 3 2 1 3 2 3
[1] "Minimum fitness threshold not reached after 117 iterations! Continuing PSO."
[1] "iteration number: "
[1] 118
[1] "Minimum fitness threshold not reached after 118 iterations! Continuing PSO."
[1] "iteration number: "
[1] 119
[1] "Minimum fitness threshold not reached after 119 iterations! Continuing PSO."
[1] "iteration number: "
[1] 120
[1] "Minimum fitness threshold not reached after 120 iterations! Continuing PSO."
[1] "iteration number: "
[1] 121
[1] "RE-INITIALIZING..."
[1] 12
[1] 30
[1] 40
 [1] 2 4 3 4 3 2 2 2 1 3 2 2 3 1 1 1 2 2 3 2
[1] "Minimum fitness threshold not reached after 121 iterations! Continuing PSO."
[1] "iteration number: "
[1] 122
[1] "Minimum fitness threshold not reached after 122 iterations! Continuing PSO."
[1] "iteration number: "
[1] 123
[1] "Minimum fitness threshold not reached after 123 iterations! Continuing PSO."
[1] "iteration number: "
[1] 124
[1] "Minimum fitness threshold not reached after 124 iterations! Continuing PSO."
[1] "iteration number: "
[1] 125
[1] "RE-INITIALIZING..."
[1] 13
[1] 30
[1] 40
 [1] 1 2 2 1 2 2 3 3 3 1 1 2 3 3 2 3 2 2 1 1
[1] "Minimum fitness threshold not reached after 125 iterations! Continuing PSO."
[1] "iteration number: "
[1] 126
[1] "Minimum fitness threshold not reached after 126 iterations! Continuing PSO."
[1] "iteration number: "
[1] 127
[1] "Minimum fitness threshold not reached after 127 iterations! Continuing PSO."
[1] "iteration number: "
[1] 128
[1] "Minimum fitness threshold not reached after 128 iterations! Continuing PSO."
[1] "iteration number: "
[1] 129
[1] "RE-INITIALIZING..."
[1] 14
[1] 30
[1] 40
 [1] 1 2 2 1 2 2 3 3 3 1 1 2 3 3 2 3 2 2 1 3
[1] "Minimum fitness threshold not reached after 129 iterations! Continuing PSO."
[1] "iteration number: "
[1] 130
[1] "Minimum fitness threshold not reached after 130 iterations! Continuing PSO."
[1] "iteration number: "
[1] 131
[1] "Minimum fitness threshold not reached after 131 iterations! Continuing PSO."
[1] "iteration number: "
[1] 132
[1] "Minimum fitness threshold not reached after 132 iterations! Continuing PSO."
[1] "iteration number: "
[1] 133
[1] "RE-INITIALIZING..."
[1] 15
[1] 30
[1] 40
 [1] 1 1 3 2 3 1 3 2 3 1 2 3 2 3 1 1 1 2 3 3
[1] "Minimum fitness threshold not reached after 133 iterations! Continuing PSO."
[1] "iteration number: "
[1] 134
[1] "Minimum fitness threshold not reached after 134 iterations! Continuing PSO."
[1] "iteration number: "
[1] 135
[1] "Minimum fitness threshold not reached after 135 iterations! Continuing PSO."
[1] "iteration number: "
[1] 136
[1] "Minimum fitness threshold not reached after 136 iterations! Continuing PSO."
[1] "iteration number: "
[1] 137
[1] "RE-INITIALIZING..."
[1] 16
[1] 30
[1] 40
 [1] 2 1 2 3 2 2 2 2 2 1 2 3 3 3 2 3 2 1 2 3
[1] "Minimum fitness threshold not reached after 137 iterations! Continuing PSO."
[1] "iteration number: "
[1] 138
[1] "Minimum fitness threshold not reached after 138 iterations! Continuing PSO."
[1] "iteration number: "
[1] 139
[1] "Minimum fitness threshold not reached after 139 iterations! Continuing PSO."
[1] "iteration number: "
[1] 140
[1] "Minimum fitness threshold not reached after 140 iterations! Continuing PSO."
[1] "iteration number: "
[1] 141
[1] "RE-INITIALIZING..."
[1] 17
[1] 30
[1] 40
 [1] 1 4 3 3 3 2 1 2 3 3 2 2 3 1 3 1 2 2 2 3
[1] "Minimum fitness threshold not reached after 141 iterations! Continuing PSO."
[1] "iteration number: "
[1] 142
[1] "Minimum fitness threshold not reached after 142 iterations! Continuing PSO."
[1] "iteration number: "
[1] 143
[1] "Minimum fitness threshold not reached after 143 iterations! Continuing PSO."
[1] "iteration number: "
[1] 144
[1] "Minimum fitness threshold not reached after 144 iterations! Continuing PSO."
[1] "iteration number: "
[1] 145
[1] "RE-INITIALIZING..."
[1] 18
[1] 30
[1] 40
 [1] 2 3 4 2 3 2 1 2 3 1 2 3 2 3 2 2 2 4 3 3
[1] "Minimum fitness threshold not reached after 145 iterations! Continuing PSO."
[1] "iteration number: "
[1] 146
[1] "Minimum fitness threshold not reached after 146 iterations! Continuing PSO."
[1] "iteration number: "
[1] 147
[1] "Minimum fitness threshold not reached after 147 iterations! Continuing PSO."
[1] "iteration number: "
[1] 148
[1] "Minimum fitness threshold not reached after 148 iterations! Continuing PSO."
[1] "iteration number: "
[1] 149
[1] "RE-INITIALIZING..."
[1] 19
[1] 30
[1] 40
 [1] 2 3 4 2 3 2 1 2 3 1 2 3 2 3 2 2 2 4 3 3
[1] "Minimum fitness threshold not reached after 149 iterations! Continuing PSO."
[1] "iteration number: "
[1] 150
[1] "Minimum fitness threshold not reached after 150 iterations! Continuing PSO."
[1] "iteration number: "
[1] 151
[1] "Minimum fitness threshold not reached after 151 iterations! Continuing PSO."
[1] "iteration number: "
[1] 152
[1] "Minimum fitness threshold not reached after 152 iterations! Continuing PSO."
[1] "iteration number: "
[1] 153
[1] "RE-INITIALIZING..."
[1] 20
[1] 30
[1] 40
 [1] 3 2 3 4 1 3 3 3 3 1 2 2 2 3 3 1 2 2 3 3
[1] "Minimum fitness threshold not reached after 153 iterations! Continuing PSO."
[1] "iteration number: "
[1] 154
[1] "Minimum fitness threshold not reached after 154 iterations! Continuing PSO."
[1] "iteration number: "
[1] 155
[1] "Minimum fitness threshold not reached after 155 iterations! Continuing PSO."
[1] "iteration number: "
[1] 156
[1] "Minimum fitness threshold not reached after 156 iterations! Continuing PSO."
[1] "iteration number: "
[1] 157
[1] "RE-INITIALIZING..."
[1] 21
[1] 30
[1] 40
 [1] 3 3 3 1 2 1 3 2 1 2 1 3 1 2 2 3 2 1 2 3
[1] "Minimum fitness threshold not reached after 157 iterations! Continuing PSO."
[1] "iteration number: "
[1] 158
[1] "Minimum fitness threshold not reached after 158 iterations! Continuing PSO."
[1] "iteration number: "
[1] 159
[1] "Minimum fitness threshold not reached after 159 iterations! Continuing PSO."
[1] "iteration number: "
[1] 160
[1] "Minimum fitness threshold not reached after 160 iterations! Continuing PSO."
[1] "iteration number: "
[1] 161
[1] "RE-INITIALIZING..."
[1] 22
[1] 30
[1] 40
 [1] 2 2 3 2 2 1 1 1 2 2 1 2 3 2 2 3 2 2 4 3
[1] "Minimum fitness threshold not reached after 161 iterations! Continuing PSO."
[1] "iteration number: "
[1] 162
[1] "Minimum fitness threshold not reached after 162 iterations! Continuing PSO."
[1] "iteration number: "
[1] 163
[1] "Minimum fitness threshold not reached after 163 iterations! Continuing PSO."
[1] "iteration number: "
[1] 164
[1] "Minimum fitness threshold not reached after 164 iterations! Continuing PSO."
[1] "iteration number: "
[1] 165
[1] "RE-INITIALIZING..."
[1] 23
[1] 30
[1] 40
 [1] 2 2 2 2 1 4 3 1 2 1 2 4 3 2 2 2 2 2 3 3
[1] "Minimum fitness threshold not reached after 165 iterations! Continuing PSO."
[1] "iteration number: "
[1] 166
[1] "Minimum fitness threshold not reached after 166 iterations! Continuing PSO."
[1] "iteration number: "
[1] 167
[1] "Minimum fitness threshold not reached after 167 iterations! Continuing PSO."
[1] "iteration number: "
[1] 168
[1] "Minimum fitness threshold not reached after 168 iterations! Continuing PSO."
[1] "iteration number: "
[1] 169
[1] "RE-INITIALIZING..."
[1] 24
[1] 30
[1] 40
 [1] 2 2 2 2 1 4 3 1 2 1 2 4 3 2 2 2 2 2 3 4
[1] "Minimum fitness threshold not reached after 169 iterations! Continuing PSO."
[1] "iteration number: "
[1] 170
[1] "Minimum fitness threshold not reached after 170 iterations! Continuing PSO."
[1] "iteration number: "
[1] 171
[1] "Minimum fitness threshold not reached after 171 iterations! Continuing PSO."
[1] "iteration number: "
[1] 172
[1] "Minimum fitness threshold not reached after 172 iterations! Continuing PSO."
[1] "iteration number: "
[1] 173
[1] "RE-INITIALIZING..."
[1] 25
[1] 30
[1] 40
 [1] 3 1 1 2 2 1 3 2 3 1 2 1 1 1 3 2 3 3 4 2
[1] "Minimum fitness threshold not reached after 173 iterations! Continuing PSO."
[1] "iteration number: "
[1] 174
[1] "Minimum fitness threshold not reached after 174 iterations! Continuing PSO."
[1] "iteration number: "
[1] 175
[1] "Minimum fitness threshold not reached after 175 iterations! Continuing PSO."
[1] "iteration number: "
[1] 176
[1] "Minimum fitness threshold not reached after 176 iterations! Continuing PSO."
[1] "iteration number: "
[1] 177
[1] "RE-INITIALIZING..."
[1] 26
[1] 30
[1] 40
 [1] 2 1 3 2 2 2 1 2 3 2 2 2 2 2 2 4 2 2 1 3
[1] "Minimum fitness threshold not reached after 177 iterations! Continuing PSO."
[1] "iteration number: "
[1] 178
[1] "Minimum fitness threshold not reached after 178 iterations! Continuing PSO."
[1] "iteration number: "
[1] 179
[1] "Minimum fitness threshold not reached after 179 iterations! Continuing PSO."
[1] "iteration number: "
[1] 180
[1] "Minimum fitness threshold not reached after 180 iterations! Continuing PSO."
[1] "iteration number: "
[1] 181
[1] "RE-INITIALIZING..."
[1] 27
[1] 30
[1] 40
 [1] 2 1 2 2 2 2 2 1 1 3 3 2 2 2 3 1 2 3 3 2
[1] "Minimum fitness threshold not reached after 181 iterations! Continuing PSO."
[1] "iteration number: "
[1] 182
[1] "Minimum fitness threshold not reached after 182 iterations! Continuing PSO."
[1] "iteration number: "
[1] 183
[1] "Minimum fitness threshold not reached after 183 iterations! Continuing PSO."
[1] "iteration number: "
[1] 184
[1] "Minimum fitness threshold not reached after 184 iterations! Continuing PSO."
[1] "iteration number: "
[1] 185
[1] "RE-INITIALIZING..."
[1] 28
[1] 30
[1] 40
 [1] 1 1 1 2 3 1 3 2 2 2 2 2 2 3 2 2 2 3 3 3
[1] "Minimum fitness threshold not reached after 185 iterations! Continuing PSO."
[1] "iteration number: "
[1] 186
[1] "Minimum fitness threshold not reached after 186 iterations! Continuing PSO."
[1] "iteration number: "
[1] 187
[1] "Minimum fitness threshold not reached after 187 iterations! Continuing PSO."
[1] "iteration number: "
[1] 188
[1] "Minimum fitness threshold not reached after 188 iterations! Continuing PSO."
[1] "iteration number: "
[1] 189
[1] "RE-INITIALIZING..."
[1] 29
[1] 30
[1] 40
 [1] 1 1 1 2 3 1 3 2 2 2 2 2 2 3 2 2 2 3 3 2
[1] "Minimum fitness threshold not reached after 189 iterations! Continuing PSO."
[1] "iteration number: "
[1] 190
[1] "Minimum fitness threshold not reached after 190 iterations! Continuing PSO."
[1] "iteration number: "
[1] 191
[1] "Minimum fitness threshold not reached after 191 iterations! Continuing PSO."
[1] "iteration number: "
[1] 192
[1] "Minimum fitness threshold not reached after 192 iterations! Continuing PSO."
[1] "iteration number: "
[1] 193
[1] "RE-INITIALIZING..."
[1] 30
[1] 30
[1] 40
 [1] 2 1 1 3 3 2 2 2 3 2 1 2 2 3 1 3 1 2 1 3
[1] "Minimum fitness threshold not reached after 193 iterations! Continuing PSO."
[1] "iteration number: "
[1] 194
[1] "Minimum fitness threshold not reached after 194 iterations! Continuing PSO."
[1] "iteration number: "
[1] 195
[1] "Minimum fitness threshold not reached after 195 iterations! Continuing PSO."
[1] "iteration number: "
[1] 196
[1] "Minimum fitness threshold not reached after 196 iterations! Continuing PSO."
[1] "iteration number: "
[1] 197
[1] "RE-INITIALIZING..."
[1] 31
[1] 30
[1] 40
 [1] 2 3 1 1 2 2 2 3 1 4 1 2 2 3 1 3 2 3 2 2
[1] "Minimum fitness threshold not reached after 197 iterations! Continuing PSO."
[1] "iteration number: "
[1] 198
[1] "Minimum fitness threshold not reached after 198 iterations! Continuing PSO."
[1] "iteration number: "
[1] 199
[1] "Minimum fitness threshold not reached after 199 iterations! Continuing PSO."
[1] "iteration number: "
[1] 200
[1] "Minimum fitness threshold not reached after 200 iterations! Continuing PSO."
[1] "iteration number: "
[1] 201
[1] "RE-INITIALIZING..."
[1] 32
[1] 30
[1] 40
 [1] 1 2 2 4 2 2 1 3 3 2 3 2 3 4 3 3 3 3 1 3
[1] "Minimum fitness threshold not reached after 201 iterations! Continuing PSO."
[1] "iteration number: "
[1] 202
[1] "Minimum fitness threshold not reached after 202 iterations! Continuing PSO."
[1] "iteration number: "
[1] 203
[1] "Minimum fitness threshold not reached after 203 iterations! Continuing PSO."
[1] "iteration number: "
[1] 204
[1] "Minimum fitness threshold not reached after 204 iterations! Continuing PSO."
[1] "iteration number: "
[1] 205
[1] "RE-INITIALIZING..."
[1] 33
[1] 30
[1] 40
 [1] 3 2 1 4 2 2 4 2 4 2 2 2 2 3 2 3 3 1 2 2
[1] "Minimum fitness threshold not reached after 205 iterations! Continuing PSO."
[1] "iteration number: "
[1] 206
[1] "Minimum fitness threshold not reached after 206 iterations! Continuing PSO."
[1] "iteration number: "
[1] 207
[1] "Minimum fitness threshold not reached after 207 iterations! Continuing PSO."
[1] "iteration number: "
[1] 208
[1] "Minimum fitness threshold not reached after 208 iterations! Continuing PSO."
[1] "iteration number: "
[1] 209
[1] "RE-INITIALIZING..."
[1] 34
[1] 30
[1] 40
 [1] 3 2 1 4 2 2 4 2 4 2 2 2 2 3 2 3 3 1 2 1
[1] "Minimum fitness threshold not reached after 209 iterations! Continuing PSO."
[1] "iteration number: "
[1] 210
[1] "Minimum fitness threshold not reached after 210 iterations! Continuing PSO."
[1] "iteration number: "
[1] 211
[1] "Minimum fitness threshold not reached after 211 iterations! Continuing PSO."
[1] "iteration number: "
[1] 212
[1] "Minimum fitness threshold not reached after 212 iterations! Continuing PSO."
[1] "iteration number: "
[1] 213
[1] "RE-INITIALIZING..."
[1] 35
[1] 30
[1] 40
 [1] 3 4 2 2 2 3 1 2 1 3 3 3 1 2 3 2 3 3 3 3
[1] "Minimum fitness threshold not reached after 213 iterations! Continuing PSO."
[1] "iteration number: "
[1] 214
[1] "Minimum fitness threshold not reached after 214 iterations! Continuing PSO."
[1] "iteration number: "
[1] 215
[1] "Minimum fitness threshold not reached after 215 iterations! Continuing PSO."
[1] "iteration number: "
[1] 216
[1] "Minimum fitness threshold not reached after 216 iterations! Continuing PSO."
[1] "iteration number: "
[1] 217
[1] "RE-INITIALIZING..."
[1] 36
[1] 30
[1] 40
 [1] 3 1 2 2 1 4 2 2 3 3 2 2 2 2 1 3 2 3 3 3
[1] "Minimum fitness threshold not reached after 217 iterations! Continuing PSO."
[1] "iteration number: "
[1] 218
[1] "Minimum fitness threshold not reached after 218 iterations! Continuing PSO."
[1] "iteration number: "
[1] 219
[1] "Minimum fitness threshold not reached after 219 iterations! Continuing PSO."
[1] "iteration number: "
[1] 220
[1] "Minimum fitness threshold not reached after 220 iterations! Continuing PSO."
[1] "iteration number: "
[1] 221
[1] "RE-INITIALIZING..."
[1] 37
[1] 30
[1] 40
 [1] 2 1 1 2 2 2 1 1 3 2 3 2 2 3 2 3 2 3 1 4
[1] "Minimum fitness threshold not reached after 221 iterations! Continuing PSO."
[1] "iteration number: "
[1] 222
[1] "Minimum fitness threshold not reached after 222 iterations! Continuing PSO."
[1] "iteration number: "
[1] 223
[1] "Minimum fitness threshold not reached after 223 iterations! Continuing PSO."
[1] "iteration number: "
[1] 224
[1] "Minimum fitness threshold not reached after 224 iterations! Continuing PSO."
[1] "iteration number: "
[1] 225
[1] "RE-INITIALIZING..."
[1] 38
[1] 30
[1] 40
 [1] 3 2 2 2 4 1 2 3 3 3 2 2 2 3 2 3 2 2 3 4
[1] "Minimum fitness threshold not reached after 225 iterations! Continuing PSO."
[1] "iteration number: "
[1] 226
[1] "Minimum fitness threshold not reached after 226 iterations! Continuing PSO."
[1] "iteration number: "
[1] 227
[1] "Minimum fitness threshold not reached after 227 iterations! Continuing PSO."
[1] "iteration number: "
[1] 228
[1] "Minimum fitness threshold not reached after 228 iterations! Continuing PSO."
[1] "iteration number: "
[1] 229
[1] "RE-INITIALIZING..."
[1] 39
[1] 30
[1] 40
 [1] 3 2 2 2 4 1 2 3 3 3 2 2 2 3 2 3 2 2 3 1
[1] "Minimum fitness threshold not reached after 229 iterations! Continuing PSO."
[1] "iteration number: "
[1] 230
[1] "Minimum fitness threshold not reached after 230 iterations! Continuing PSO."
[1] "iteration number: "
[1] 231
[1] "Minimum fitness threshold not reached after 231 iterations! Continuing PSO."
[1] "iteration number: "
[1] 232
[1] "Minimum fitness threshold not reached after 232 iterations! Continuing PSO."
[1] "iteration number: "
[1] 233
[1] "RE-INITIALIZING..."
[1] 40
[1] 30
[1] 40
 [1] 4 3 1 2 2 2 2 3 1 3 2 1 3 3 2 1 1 1 2 3
[1] "Minimum fitness threshold not reached after 233 iterations! Continuing PSO."
[1] "iteration number: "
[1] 234
[1] "Minimum fitness threshold not reached after 234 iterations! Continuing PSO."
[1] "iteration number: "
[1] 235
[1] "Minimum fitness threshold not reached after 235 iterations! Continuing PSO."
[1] "iteration number: "
[1] 236
[1] "Minimum fitness threshold not reached after 236 iterations! Continuing PSO."
[1] "iteration number: "
[1] 237
[1] "RE-INITIALIZING..."
[1] 41
[1] 30
[1] 40
 [1] 3 3 3 3 1 3 2 1 2 1 3 1 3 2 1 3 2 2 2 3
[1] "Minimum fitness threshold not reached after 237 iterations! Continuing PSO."
[1] "iteration number: "
[1] 238
[1] "Minimum fitness threshold not reached after 238 iterations! Continuing PSO."
[1] "iteration number: "
[1] 239
[1] "Minimum fitness threshold not reached after 239 iterations! Continuing PSO."
[1] "iteration number: "
[1] 240
[1] "Minimum fitness threshold not reached after 240 iterations! Continuing PSO."
[1] "iteration number: "
[1] 241
[1] "RE-INITIALIZING..."
[1] 42
[1] 30
[1] 40
 [1] 2 4 2 3 3 3 1 2 1 4 2 2 3 3 2 2 4 3 1 2
[1] "Minimum fitness threshold not reached after 241 iterations! Continuing PSO."
[1] "iteration number: "
[1] 242
[1] "Minimum fitness threshold not reached after 242 iterations! Continuing PSO."
[1] "iteration number: "
[1] 243
[1] "Minimum fitness threshold not reached after 243 iterations! Continuing PSO."
[1] "iteration number: "
[1] 244
[1] "Minimum fitness threshold not reached after 244 iterations! Continuing PSO."
[1] "iteration number: "
[1] 245
[1] "RE-INITIALIZING..."
[1] 43
[1] 30
[1] 40
 [1] 2 3 2 2 2 3 3 2 1 2 2 3 1 2 1 2 3 3 2 2
[1] "Minimum fitness threshold not reached after 245 iterations! Continuing PSO."
[1] "iteration number: "
[1] 246
[1] "Minimum fitness threshold not reached after 246 iterations! Continuing PSO."
[1] "iteration number: "
[1] 247
[1] "Minimum fitness threshold not reached after 247 iterations! Continuing PSO."
[1] "iteration number: "
[1] 248
[1] "Minimum fitness threshold not reached after 248 iterations! Continuing PSO."
[1] "iteration number: "
[1] 249
[1] "RE-INITIALIZING..."
[1] 44
[1] 30
[1] 40
 [1] 2 3 2 2 2 3 3 2 1 2 2 3 1 2 1 2 3 3 2 4
[1] "Minimum fitness threshold not reached after 249 iterations! Continuing PSO."
[1] "iteration number: "
[1] 250
[1] "Minimum fitness threshold not reached after 250 iterations! Continuing PSO."
[1] "iteration number: "
[1] 251
[1] "Minimum fitness threshold not reached after 251 iterations! Continuing PSO."
[1] "iteration number: "
[1] 252
[1] "Minimum fitness threshold not reached after 252 iterations! Continuing PSO."
[1] "iteration number: "
[1] 253
[1] "RE-INITIALIZING..."
[1] 45
[1] 30
[1] 40
 [1] 3 2 2 3 2 3 2 3 3 2 1 3 3 2 1 2 2 3 2 3
[1] "Minimum fitness threshold not reached after 253 iterations! Continuing PSO."
[1] "iteration number: "
[1] 254
[1] "Minimum fitness threshold not reached after 254 iterations! Continuing PSO."
[1] "iteration number: "
[1] 255
[1] "Minimum fitness threshold not reached after 255 iterations! Continuing PSO."
[1] "iteration number: "
[1] 256
[1] "Minimum fitness threshold not reached after 256 iterations! Continuing PSO."
[1] "iteration number: "
[1] 257
[1] "RE-INITIALIZING..."
[1] 46
[1] 30
[1] 40
 [1] 1 3 2 3 3 3 1 2 4 2 3 3 3 2 2 3 3 3 1 2
[1] "No change for 46 iterations. Exiting PSO."
 [1]  3  4  5  8  9 11 15 16 17 18 19 20 23 24 25 28 32 33 36 37 39
[1] 1
[1] "##################################"
[1] "Results summary for itr:1"
[1] "number of features selected using population mean"
[1] 15
[1] "number of features selected using current global best"
[1] 21
[1] "feat ind length"
[1] 21
[1] "best accuracy"
[1] 2588.03
[1] "##################################"
[1] "learning sets: 2"
 [1]  2 83 84 69 38 78 43 17  6 11 88 85 47 24 46 60 59 48 76 12 80 67 57 36 58
[26] 75 81 32 71 82 62 74 77 54 87 39 14 23  9 68 63 25 50 35 45 13 26 90 55 61
[51] 21 44 34 22 41 18 30 89  1  8 64 40 72 49 20  4  3 56 27  5 31 10
[1] "Starting global iteration number : 2"
[1] "iteration number: "
[1] 1
[1] "Best fitness updated to:"
[1] -1979.615
[1] "Best solution:"
 [1] NA NA NA NA NA NA NA NA NA NA NA NA NA NA NA NA NA NA NA NA NA NA NA NA NA
[26] NA NA NA NA NA NA NA NA NA NA NA NA NA NA NA
[1] 0
[1] "iteration number: "
[1] 2
[1] "Best fitness updated to:"
[1] -2202.908
[1] "Best solution:"
 [1] 0 0 0 0 1 1 1 0 0 0 0 1 0 1 0 0 0 0 0 0 1 1 1 0 0 0 1 0 0 1 0 1 0 0 0 0 1 1
[39] 0 0
[1] 13
[1] "iteration number: "
[1] 3
[1] "Best fitness updated to:"
[1] -2357.992
[1] "Best solution:"
 [1] 0 1 0 1 0 0 1 1 0 0 0 0 1 0 1 0 1 1 0 1 1 0 1 1 0 1 1 0 1 0 1 1 1 0 0 1 0 1
[39] 0 1
[1] 21
[1] "iteration number: "
[1] 4
[1] "iteration number: "
[1] 5
[1] "iteration number: "
[1] 6
[1] "iteration number: "
[1] 7
[1] "RE-INITIALIZING..."
[1] 1
[1] 30
[1] 40
 [1] 1 2 2 3 2 2 1 1 2 3 2 2 2 2 1 3 2 1 3 3
[1] "iteration number: "
[1] 8
[1] "iteration number: "
[1] 9
[1] "iteration number: "
[1] 10
[1] "iteration number: "
[1] 11
[1] "RE-INITIALIZING..."
[1] 2
[1] 30
[1] 40
 [1] 3 3 1 2 1 2 3 2 1 2 3 2 1 2 1 3 4 2 2 4
[1] "iteration number: "
[1] 12
[1] "iteration number: "
[1] 13
[1] "iteration number: "
[1] 14
[1] "iteration number: "
[1] 15
[1] "RE-INITIALIZING..."
[1] 3
[1] 30
[1] 40
 [1] 2 1 2 2 1 1 1 2 3 2 2 2 2 2 1 3 2 2 2 4
[1] "iteration number: "
[1] 16
[1] "iteration number: "
[1] 17
[1] "iteration number: "
[1] 18
[1] "iteration number: "
[1] 19
[1] "RE-INITIALIZING..."
[1] 4
[1] 30
[1] 40
 [1] 2 1 2 2 1 1 1 2 3 2 2 2 2 2 1 3 2 2 2 1
[1] "iteration number: "
[1] 20
[1] "iteration number: "
[1] 21
[1] "iteration number: "
[1] 22
[1] "iteration number: "
[1] 23
[1] "RE-INITIALIZING..."
[1] 5
[1] 30
[1] 40
 [1] 3 2 2 4 2 2 3 3 2 1 2 2 2 1 2 2 2 3 4 1
[1] "iteration number: "
[1] 24
[1] "iteration number: "
[1] 25
[1] "iteration number: "
[1] 26
[1] "iteration number: "
[1] 27
[1] "RE-INITIALIZING..."
[1] 6
[1] 30
[1] 40
 [1] 3 3 3 2 2 2 3 3 3 1 2 3 2 3 2 2 1 3 2 2
[1] "iteration number: "
[1] 28
[1] "iteration number: "
[1] 29
[1] "iteration number: "
[1] 30
[1] "iteration number: "
[1] 31
[1] "RE-INITIALIZING..."
[1] 7
[1] 30
[1] 40
 [1] 2 2 1 2 3 2 1 3 2 3 3 3 2 2 2 4 2 3 2 2
[1] "Minimum fitness threshold not reached after 31 iterations! Continuing PSO."
[1] "iteration number: "
[1] 32
[1] "Minimum fitness threshold not reached after 32 iterations! Continuing PSO."
[1] "iteration number: "
[1] 33
[1] "Minimum fitness threshold not reached after 33 iterations! Continuing PSO."
[1] "iteration number: "
[1] 34
[1] "Minimum fitness threshold not reached after 34 iterations! Continuing PSO."
[1] "iteration number: "
[1] 35
[1] "RE-INITIALIZING..."
[1] 8
[1] 30
[1] 40
 [1] 3 3 2 3 1 2 2 2 1 2 1 3 2 2 3 2 2 1 2 3
[1] "Minimum fitness threshold not reached after 35 iterations! Continuing PSO."
[1] "iteration number: "
[1] 36
[1] "Minimum fitness threshold not reached after 36 iterations! Continuing PSO."
[1] "iteration number: "
[1] 37
[1] "Minimum fitness threshold not reached after 37 iterations! Continuing PSO."
[1] "iteration number: "
[1] 38
[1] "Minimum fitness threshold not reached after 38 iterations! Continuing PSO."
[1] "iteration number: "
[1] 39
[1] "RE-INITIALIZING..."
[1] 9
[1] 30
[1] 40
 [1] 3 3 2 3 1 2 2 2 1 2 1 3 2 2 3 2 2 1 2 3
[1] "Minimum fitness threshold not reached after 39 iterations! Continuing PSO."
[1] "iteration number: "
[1] 40
[1] "Minimum fitness threshold not reached after 40 iterations! Continuing PSO."
[1] "iteration number: "
[1] 41
[1] "Minimum fitness threshold not reached after 41 iterations! Continuing PSO."
[1] "iteration number: "
[1] 42
[1] "Minimum fitness threshold not reached after 42 iterations! Continuing PSO."
[1] "iteration number: "
[1] 43
[1] "RE-INITIALIZING..."
[1] 10
[1] 30
[1] 40
 [1] 2 1 4 3 2 2 2 2 2 4 3 1 3 2 3 2 2 2 3 4
[1] "Minimum fitness threshold not reached after 43 iterations! Continuing PSO."
[1] "iteration number: "
[1] 44
[1] "Minimum fitness threshold not reached after 44 iterations! Continuing PSO."
[1] "iteration number: "
[1] 45
[1] "Minimum fitness threshold not reached after 45 iterations! Continuing PSO."
[1] "iteration number: "
[1] 46
[1] "Minimum fitness threshold not reached after 46 iterations! Continuing PSO."
[1] "iteration number: "
[1] 47
[1] "RE-INITIALIZING..."
[1] 11
[1] 30
[1] 40
 [1] 1 2 2 1 2 1 3 3 3 3 1 2 1 1 1 2 1 2 2 4
[1] "Minimum fitness threshold not reached after 47 iterations! Continuing PSO."
[1] "iteration number: "
[1] 48
[1] "Minimum fitness threshold not reached after 48 iterations! Continuing PSO."
[1] "iteration number: "
[1] 49
[1] "Minimum fitness threshold not reached after 49 iterations! Continuing PSO."
[1] "iteration number: "
[1] 50
[1] "Minimum fitness threshold not reached after 50 iterations! Continuing PSO."
[1] "iteration number: "
[1] 51
[1] "RE-INITIALIZING..."
[1] 12
[1] 30
[1] 40
 [1] 3 2 3 3 1 1 2 3 3 3 2 3 1 3 4 1 2 2 3 1
[1] "Minimum fitness threshold not reached after 51 iterations! Continuing PSO."
[1] "iteration number: "
[1] 52
[1] "Minimum fitness threshold not reached after 52 iterations! Continuing PSO."
[1] "iteration number: "
[1] 53
[1] "Minimum fitness threshold not reached after 53 iterations! Continuing PSO."
[1] "iteration number: "
[1] 54
[1] "Minimum fitness threshold not reached after 54 iterations! Continuing PSO."
[1] "iteration number: "
[1] 55
[1] "RE-INITIALIZING..."
[1] 13
[1] 30
[1] 40
 [1] 3 3 2 2 1 3 3 1 1 3 2 3 2 3 2 2 2 4 3 3
[1] "Minimum fitness threshold not reached after 55 iterations! Continuing PSO."
[1] "iteration number: "
[1] 56
[1] "Minimum fitness threshold not reached after 56 iterations! Continuing PSO."
[1] "iteration number: "
[1] 57
[1] "Minimum fitness threshold not reached after 57 iterations! Continuing PSO."
[1] "iteration number: "
[1] 58
[1] "Minimum fitness threshold not reached after 58 iterations! Continuing PSO."
[1] "iteration number: "
[1] 59
[1] "RE-INITIALIZING..."
[1] 14
[1] 30
[1] 40
 [1] 3 3 2 2 1 3 3 1 1 3 2 3 2 3 2 2 2 4 3 4
[1] "Minimum fitness threshold not reached after 59 iterations! Continuing PSO."
[1] "iteration number: "
[1] 60
[1] "Minimum fitness threshold not reached after 60 iterations! Continuing PSO."
[1] "iteration number: "
[1] 61
[1] "Minimum fitness threshold not reached after 61 iterations! Continuing PSO."
[1] "iteration number: "
[1] 62
[1] "Minimum fitness threshold not reached after 62 iterations! Continuing PSO."
[1] "iteration number: "
[1] 63
[1] "RE-INITIALIZING..."
[1] 15
[1] 30
[1] 40
 [1] 1 2 2 1 3 2 2 2 3 4 2 1 1 2 3 2 1 2 1 3
[1] "Minimum fitness threshold not reached after 63 iterations! Continuing PSO."
[1] "iteration number: "
[1] 64
[1] "Minimum fitness threshold not reached after 64 iterations! Continuing PSO."
[1] "iteration number: "
[1] 65
[1] "Minimum fitness threshold not reached after 65 iterations! Continuing PSO."
[1] "iteration number: "
[1] 66
[1] "Minimum fitness threshold not reached after 66 iterations! Continuing PSO."
[1] "iteration number: "
[1] 67
[1] "RE-INITIALIZING..."
[1] 16
[1] 30
[1] 40
 [1] 3 2 2 3 2 3 3 3 2 2 1 1 3 2 2 2 2 2 2 4
[1] "Minimum fitness threshold not reached after 67 iterations! Continuing PSO."
[1] "iteration number: "
[1] 68
[1] "Minimum fitness threshold not reached after 68 iterations! Continuing PSO."
[1] "iteration number: "
[1] 69
[1] "Minimum fitness threshold not reached after 69 iterations! Continuing PSO."
[1] "iteration number: "
[1] 70
[1] "Minimum fitness threshold not reached after 70 iterations! Continuing PSO."
[1] "iteration number: "
[1] 71
[1] "RE-INITIALIZING..."
[1] 17
[1] 30
[1] 40
 [1] 2 3 2 3 1 4 2 4 1 2 1 2 2 2 1 1 1 3 2 2
[1] "Minimum fitness threshold not reached after 71 iterations! Continuing PSO."
[1] "iteration number: "
[1] 72
[1] "Minimum fitness threshold not reached after 72 iterations! Continuing PSO."
[1] "iteration number: "
[1] 73
[1] "Minimum fitness threshold not reached after 73 iterations! Continuing PSO."
[1] "iteration number: "
[1] 74
[1] "Minimum fitness threshold not reached after 74 iterations! Continuing PSO."
[1] "iteration number: "
[1] 75
[1] "RE-INITIALIZING..."
[1] 18
[1] 30
[1] 40
 [1] 1 1 2 2 2 2 2 2 2 3 2 1 4 2 3 3 3 1 3 3
[1] "Minimum fitness threshold not reached after 75 iterations! Continuing PSO."
[1] "iteration number: "
[1] 76
[1] "Minimum fitness threshold not reached after 76 iterations! Continuing PSO."
[1] "iteration number: "
[1] 77
[1] "Minimum fitness threshold not reached after 77 iterations! Continuing PSO."
[1] "iteration number: "
[1] 78
[1] "Minimum fitness threshold not reached after 78 iterations! Continuing PSO."
[1] "iteration number: "
[1] 79
[1] "RE-INITIALIZING..."
[1] 19
[1] 30
[1] 40
 [1] 1 1 2 2 2 2 2 2 2 3 2 1 4 2 3 3 3 1 3 1
[1] "Minimum fitness threshold not reached after 79 iterations! Continuing PSO."
[1] "iteration number: "
[1] 80
[1] "Minimum fitness threshold not reached after 80 iterations! Continuing PSO."
[1] "iteration number: "
[1] 81
[1] "Minimum fitness threshold not reached after 81 iterations! Continuing PSO."
[1] "iteration number: "
[1] 82
[1] "Minimum fitness threshold not reached after 82 iterations! Continuing PSO."
[1] "iteration number: "
[1] 83
[1] "RE-INITIALIZING..."
[1] 20
[1] 30
[1] 40
 [1] 2 2 1 1 2 3 3 1 2 3 2 3 2 2 2 3 2 1 3 1
[1] "Minimum fitness threshold not reached after 83 iterations! Continuing PSO."
[1] "iteration number: "
[1] 84
[1] "Minimum fitness threshold not reached after 84 iterations! Continuing PSO."
[1] "iteration number: "
[1] 85
[1] "Minimum fitness threshold not reached after 85 iterations! Continuing PSO."
[1] "iteration number: "
[1] 86
[1] "Minimum fitness threshold not reached after 86 iterations! Continuing PSO."
[1] "iteration number: "
[1] 87
[1] "RE-INITIALIZING..."
[1] 21
[1] 30
[1] 40
 [1] 2 2 2 2 3 2 2 4 1 1 3 1 3 2 2 2 2 3 2 4
[1] "Minimum fitness threshold not reached after 87 iterations! Continuing PSO."
[1] "iteration number: "
[1] 88
[1] "Minimum fitness threshold not reached after 88 iterations! Continuing PSO."
[1] "iteration number: "
[1] 89
[1] "Minimum fitness threshold not reached after 89 iterations! Continuing PSO."
[1] "iteration number: "
[1] 90
[1] "Minimum fitness threshold not reached after 90 iterations! Continuing PSO."
[1] "iteration number: "
[1] 91
[1] "RE-INITIALIZING..."
[1] 22
[1] 30
[1] 40
 [1] 1 2 3 1 2 2 2 3 2 3 2 2 1 2 2 1 2 2 3 4
[1] "Minimum fitness threshold not reached after 91 iterations! Continuing PSO."
[1] "iteration number: "
[1] 92
[1] "Minimum fitness threshold not reached after 92 iterations! Continuing PSO."
[1] "iteration number: "
[1] 93
[1] "Minimum fitness threshold not reached after 93 iterations! Continuing PSO."
[1] "iteration number: "
[1] 94
[1] "Minimum fitness threshold not reached after 94 iterations! Continuing PSO."
[1] "iteration number: "
[1] 95
[1] "RE-INITIALIZING..."
[1] 23
[1] 30
[1] 40
 [1] 2 2 2 3 1 2 2 3 2 1 1 2 3 1 2 1 3 2 2 3
[1] "Minimum fitness threshold not reached after 95 iterations! Continuing PSO."
[1] "iteration number: "
[1] 96
[1] "Minimum fitness threshold not reached after 96 iterations! Continuing PSO."
[1] "iteration number: "
[1] 97
[1] "Minimum fitness threshold not reached after 97 iterations! Continuing PSO."
[1] "iteration number: "
[1] 98
[1] "Minimum fitness threshold not reached after 98 iterations! Continuing PSO."
[1] "iteration number: "
[1] 99
[1] "RE-INITIALIZING..."
[1] 24
[1] 30
[1] 40
 [1] 2 2 2 3 1 2 2 3 2 1 1 2 3 1 2 1 3 2 2 3
[1] "Minimum fitness threshold not reached after 99 iterations! Continuing PSO."
[1] "iteration number: "
[1] 100
[1] "Minimum fitness threshold not reached after 100 iterations! Continuing PSO."
[1] "iteration number: "
[1] 101
[1] "Minimum fitness threshold not reached after 101 iterations! Continuing PSO."
[1] "iteration number: "
[1] 102
[1] "Minimum fitness threshold not reached after 102 iterations! Continuing PSO."
[1] "iteration number: "
[1] 103
[1] "RE-INITIALIZING..."
[1] 25
[1] 30
[1] 40
 [1] 2 3 1 3 2 2 2 2 1 2 2 2 3 2 2 2 4 3 3 2
[1] "Minimum fitness threshold not reached after 103 iterations! Continuing PSO."
[1] "iteration number: "
[1] 104
[1] "Minimum fitness threshold not reached after 104 iterations! Continuing PSO."
[1] "iteration number: "
[1] 105
[1] "Minimum fitness threshold not reached after 105 iterations! Continuing PSO."
[1] "iteration number: "
[1] 106
[1] "Minimum fitness threshold not reached after 106 iterations! Continuing PSO."
[1] "iteration number: "
[1] 107
[1] "RE-INITIALIZING..."
[1] 26
[1] 30
[1] 40
 [1] 2 2 1 1 2 2 3 1 2 1 2 3 3 3 2 2 2 3 3 3
[1] "Minimum fitness threshold not reached after 107 iterations! Continuing PSO."
[1] "iteration number: "
[1] 108
[1] "Minimum fitness threshold not reached after 108 iterations! Continuing PSO."
[1] "iteration number: "
[1] 109
[1] "Minimum fitness threshold not reached after 109 iterations! Continuing PSO."
[1] "iteration number: "
[1] 110
[1] "Minimum fitness threshold not reached after 110 iterations! Continuing PSO."
[1] "iteration number: "
[1] 111
[1] "RE-INITIALIZING..."
[1] 27
[1] 30
[1] 40
 [1] 2 2 2 3 3 3 3 1 2 1 1 2 4 3 2 2 1 3 2 4
[1] "Minimum fitness threshold not reached after 111 iterations! Continuing PSO."
[1] "iteration number: "
[1] 112
[1] "Minimum fitness threshold not reached after 112 iterations! Continuing PSO."
[1] "iteration number: "
[1] 113
[1] "Minimum fitness threshold not reached after 113 iterations! Continuing PSO."
[1] "iteration number: "
[1] 114
[1] "Minimum fitness threshold not reached after 114 iterations! Continuing PSO."
[1] "iteration number: "
[1] 115
[1] "RE-INITIALIZING..."
[1] 28
[1] 30
[1] 40
 [1] 2 2 2 2 2 4 2 2 2 1 4 2 3 1 2 3 1 2 2 2
[1] "Minimum fitness threshold not reached after 115 iterations! Continuing PSO."
[1] "iteration number: "
[1] 116
[1] "Minimum fitness threshold not reached after 116 iterations! Continuing PSO."
[1] "iteration number: "
[1] 117
[1] "Minimum fitness threshold not reached after 117 iterations! Continuing PSO."
[1] "iteration number: "
[1] 118
[1] "Minimum fitness threshold not reached after 118 iterations! Continuing PSO."
[1] "iteration number: "
[1] 119
[1] "RE-INITIALIZING..."
[1] 29
[1] 30
[1] 40
 [1] 2 2 2 2 2 4 2 2 2 1 4 2 3 1 2 3 1 2 2 3
[1] "Minimum fitness threshold not reached after 119 iterations! Continuing PSO."
[1] "iteration number: "
[1] 120
[1] "Minimum fitness threshold not reached after 120 iterations! Continuing PSO."
[1] "iteration number: "
[1] 121
[1] "Minimum fitness threshold not reached after 121 iterations! Continuing PSO."
[1] "iteration number: "
[1] 122
[1] "Minimum fitness threshold not reached after 122 iterations! Continuing PSO."
[1] "iteration number: "
[1] 123
[1] "RE-INITIALIZING..."
[1] 30
[1] 30
[1] 40
 [1] 1 2 1 1 2 2 2 2 2 2 2 3 2 3 2 3 3 2 2 3
[1] "Minimum fitness threshold not reached after 123 iterations! Continuing PSO."
[1] "iteration number: "
[1] 124
[1] "Minimum fitness threshold not reached after 124 iterations! Continuing PSO."
[1] "iteration number: "
[1] 125
[1] "Minimum fitness threshold not reached after 125 iterations! Continuing PSO."
[1] "iteration number: "
[1] 126
[1] "Minimum fitness threshold not reached after 126 iterations! Continuing PSO."
[1] "iteration number: "
[1] 127
[1] "RE-INITIALIZING..."
[1] 31
[1] 30
[1] 40
 [1] 2 2 1 2 3 1 3 3 2 3 3 2 2 4 2 1 3 3 1 1
[1] "Minimum fitness threshold not reached after 127 iterations! Continuing PSO."
[1] "iteration number: "
[1] 128
[1] "Minimum fitness threshold not reached after 128 iterations! Continuing PSO."
[1] "iteration number: "
[1] 129
[1] "Minimum fitness threshold not reached after 129 iterations! Continuing PSO."
[1] "iteration number: "
[1] 130
[1] "Minimum fitness threshold not reached after 130 iterations! Continuing PSO."
[1] "iteration number: "
[1] 131
[1] "RE-INITIALIZING..."
[1] 32
[1] 30
[1] 40
 [1] 3 4 3 3 2 2 3 3 3 2 3 3 2 3 3 2 3 3 2 2
[1] "Minimum fitness threshold not reached after 131 iterations! Continuing PSO."
[1] "iteration number: "
[1] 132
[1] "Minimum fitness threshold not reached after 132 iterations! Continuing PSO."
[1] "iteration number: "
[1] 133
[1] "Minimum fitness threshold not reached after 133 iterations! Continuing PSO."
[1] "iteration number: "
[1] 134
[1] "Minimum fitness threshold not reached after 134 iterations! Continuing PSO."
[1] "iteration number: "
[1] 135
[1] "RE-INITIALIZING..."
[1] 33
[1] 30
[1] 40
 [1] 3 4 3 1 1 2 3 3 2 2 2 4 3 3 2 2 3 1 3 3
[1] "Minimum fitness threshold not reached after 135 iterations! Continuing PSO."
[1] "iteration number: "
[1] 136
[1] "Minimum fitness threshold not reached after 136 iterations! Continuing PSO."
[1] "iteration number: "
[1] 137
[1] "Minimum fitness threshold not reached after 137 iterations! Continuing PSO."
[1] "iteration number: "
[1] 138
[1] "Minimum fitness threshold not reached after 138 iterations! Continuing PSO."
[1] "iteration number: "
[1] 139
[1] "RE-INITIALIZING..."
[1] 34
[1] 30
[1] 40
 [1] 3 4 3 1 1 2 3 3 2 2 2 4 3 3 2 2 3 1 3 3
[1] "Minimum fitness threshold not reached after 139 iterations! Continuing PSO."
[1] "iteration number: "
[1] 140
[1] "Minimum fitness threshold not reached after 140 iterations! Continuing PSO."
[1] "iteration number: "
[1] 141
[1] "Minimum fitness threshold not reached after 141 iterations! Continuing PSO."
[1] "iteration number: "
[1] 142
[1] "Minimum fitness threshold not reached after 142 iterations! Continuing PSO."
[1] "iteration number: "
[1] 143
[1] "RE-INITIALIZING..."
[1] 35
[1] 30
[1] 40
 [1] 2 2 3 2 3 3 3 1 3 4 2 3 3 2 2 3 2 2 1 2
[1] "Minimum fitness threshold not reached after 143 iterations! Continuing PSO."
[1] "iteration number: "
[1] 144
[1] "Minimum fitness threshold not reached after 144 iterations! Continuing PSO."
[1] "iteration number: "
[1] 145
[1] "Minimum fitness threshold not reached after 145 iterations! Continuing PSO."
[1] "iteration number: "
[1] 146
[1] "Minimum fitness threshold not reached after 146 iterations! Continuing PSO."
[1] "iteration number: "
[1] 147
[1] "RE-INITIALIZING..."
[1] 36
[1] 30
[1] 40
 [1] 2 2 3 2 3 2 3 1 3 1 3 2 2 2 3 3 3 1 3 1
[1] "Minimum fitness threshold not reached after 147 iterations! Continuing PSO."
[1] "iteration number: "
[1] 148
[1] "Minimum fitness threshold not reached after 148 iterations! Continuing PSO."
[1] "iteration number: "
[1] 149
[1] "Minimum fitness threshold not reached after 149 iterations! Continuing PSO."
[1] "iteration number: "
[1] 150
[1] "Minimum fitness threshold not reached after 150 iterations! Continuing PSO."
[1] "iteration number: "
[1] 151
[1] "RE-INITIALIZING..."
[1] 37
[1] 30
[1] 40
 [1] 2 3 2 3 2 2 2 3 3 1 2 2 3 3 2 3 1 2 3 1
[1] "Minimum fitness threshold not reached after 151 iterations! Continuing PSO."
[1] "iteration number: "
[1] 152
[1] "Minimum fitness threshold not reached after 152 iterations! Continuing PSO."
[1] "iteration number: "
[1] 153
[1] "Minimum fitness threshold not reached after 153 iterations! Continuing PSO."
[1] "iteration number: "
[1] 154
[1] "Minimum fitness threshold not reached after 154 iterations! Continuing PSO."
[1] "iteration number: "
[1] 155
[1] "RE-INITIALIZING..."
[1] 38
[1] 30
[1] 40
 [1] 2 3 3 1 1 3 2 2 2 2 2 1 1 1 3 1 3 2 3 4
[1] "Minimum fitness threshold not reached after 155 iterations! Continuing PSO."
[1] "iteration number: "
[1] 156
[1] "Minimum fitness threshold not reached after 156 iterations! Continuing PSO."
[1] "iteration number: "
[1] 157
[1] "Minimum fitness threshold not reached after 157 iterations! Continuing PSO."
[1] "iteration number: "
[1] 158
[1] "Minimum fitness threshold not reached after 158 iterations! Continuing PSO."
[1] "iteration number: "
[1] 159
[1] "RE-INITIALIZING..."
[1] 39
[1] 30
[1] 40
 [1] 2 3 3 1 1 3 2 2 2 2 2 1 1 1 3 1 3 2 3 4
[1] "Minimum fitness threshold not reached after 159 iterations! Continuing PSO."
[1] "iteration number: "
[1] 160
[1] "Minimum fitness threshold not reached after 160 iterations! Continuing PSO."
[1] "iteration number: "
[1] 161
[1] "Minimum fitness threshold not reached after 161 iterations! Continuing PSO."
[1] "iteration number: "
[1] 162
[1] "Minimum fitness threshold not reached after 162 iterations! Continuing PSO."
[1] "iteration number: "
[1] 163
[1] "RE-INITIALIZING..."
[1] 40
[1] 30
[1] 40
 [1] 2 2 1 1 2 2 2 2 3 2 3 1 2 1 1 3 3 1 2 4
[1] "Minimum fitness threshold not reached after 163 iterations! Continuing PSO."
[1] "iteration number: "
[1] 164
[1] "Minimum fitness threshold not reached after 164 iterations! Continuing PSO."
[1] "iteration number: "
[1] 165
[1] "Minimum fitness threshold not reached after 165 iterations! Continuing PSO."
[1] "iteration number: "
[1] 166
[1] "Minimum fitness threshold not reached after 166 iterations! Continuing PSO."
[1] "iteration number: "
[1] 167
[1] "RE-INITIALIZING..."
[1] 41
[1] 30
[1] 40
 [1] 3 1 2 3 1 3 2 2 1 2 2 3 3 2 1 1 2 3 3 3
[1] "Minimum fitness threshold not reached after 167 iterations! Continuing PSO."
[1] "iteration number: "
[1] 168
[1] "Minimum fitness threshold not reached after 168 iterations! Continuing PSO."
[1] "iteration number: "
[1] 169
[1] "Minimum fitness threshold not reached after 169 iterations! Continuing PSO."
[1] "iteration number: "
[1] 170
[1] "Minimum fitness threshold not reached after 170 iterations! Continuing PSO."
[1] "iteration number: "
[1] 171
[1] "RE-INITIALIZING..."
[1] 42
[1] 30
[1] 40
 [1] 3 3 3 3 3 3 1 3 1 2 3 3 3 1 3 3 2 2 3 4
[1] "Minimum fitness threshold not reached after 171 iterations! Continuing PSO."
[1] "iteration number: "
[1] 172
[1] "Minimum fitness threshold not reached after 172 iterations! Continuing PSO."
[1] "iteration number: "
[1] 173
[1] "Minimum fitness threshold not reached after 173 iterations! Continuing PSO."
[1] "iteration number: "
[1] 174
[1] "Minimum fitness threshold not reached after 174 iterations! Continuing PSO."
[1] "iteration number: "
[1] 175
[1] "RE-INITIALIZING..."
[1] 43
[1] 30
[1] 40
 [1] 2 1 1 1 1 2 1 1 2 2 2 2 1 2 2 3 3 4 4 3
[1] "Minimum fitness threshold not reached after 175 iterations! Continuing PSO."
[1] "iteration number: "
[1] 176
[1] "Minimum fitness threshold not reached after 176 iterations! Continuing PSO."
[1] "iteration number: "
[1] 177
[1] "Minimum fitness threshold not reached after 177 iterations! Continuing PSO."
[1] "iteration number: "
[1] 178
[1] "Minimum fitness threshold not reached after 178 iterations! Continuing PSO."
[1] "iteration number: "
[1] 179
[1] "RE-INITIALIZING..."
[1] 44
[1] 30
[1] 40
 [1] 2 1 1 1 1 2 1 1 2 2 2 2 1 2 2 3 3 4 4 4
[1] "Minimum fitness threshold not reached after 179 iterations! Continuing PSO."
[1] "iteration number: "
[1] 180
[1] "Minimum fitness threshold not reached after 180 iterations! Continuing PSO."
[1] "iteration number: "
[1] 181
[1] "Minimum fitness threshold not reached after 181 iterations! Continuing PSO."
[1] "iteration number: "
[1] 182
[1] "Minimum fitness threshold not reached after 182 iterations! Continuing PSO."
[1] "iteration number: "
[1] 183
[1] "RE-INITIALIZING..."
[1] 45
[1] 30
[1] 40
 [1] 2 1 1 4 2 4 2 1 1 2 2 3 2 2 1 2 3 2 2 3
[1] "Minimum fitness threshold not reached after 183 iterations! Continuing PSO."
[1] "iteration number: "
[1] 184
[1] "Minimum fitness threshold not reached after 184 iterations! Continuing PSO."
[1] "iteration number: "
[1] 185
[1] "Minimum fitness threshold not reached after 185 iterations! Continuing PSO."
[1] "iteration number: "
[1] 186
[1] "Minimum fitness threshold not reached after 186 iterations! Continuing PSO."
[1] "iteration number: "
[1] 187
[1] "RE-INITIALIZING..."
[1] 46
[1] 30
[1] 40
 [1] 2 3 3 2 3 2 1 2 2 3 1 3 1 2 2 2 3 3 2 4
[1] "No change for 46 iterations. Exiting PSO."
 [1]  1  3  4  6  7  8 11 12 13 14 18 19 22 24 26 28 30 33 34 36 38 39
[1] 2
[1] "##################################"
[1] "Results summary for itr:2"
[1] "number of features selected using population mean"
[1] 22
[1] "number of features selected using current global best"
[1] 22
[1] "feat ind length"
[1] 22
[1] "best accuracy"
[1] 2357.992
[1] "##################################"
[1] "learning sets: 3"
 [1] 42 72 57 23 60 13 37 58 86 44 74 85 56 53 41 15 17 83 48 66 39 52 18 12 82
[26] 32  8 35  3 69 14 76 28 40 27 24  4 80 22 30 70 26  5 68 11 87 81 67 31 63
[51] 90 43 20 38  9 33 54  1  6 47 78 73 45 10 34 75 50 84 19 46 25 89
[1] "Starting global iteration number : 3"
[1] "iteration number: "
[1] 1
[1] "Best fitness updated to:"
[1] -2248.126
[1] "Best solution:"
 [1] NA NA NA NA NA NA NA NA NA NA NA NA NA NA NA NA NA NA NA NA NA NA NA NA NA
[26] NA NA NA NA NA NA NA NA NA NA NA NA NA NA NA
[1] 0
[1] "iteration number: "
[1] 2
[1] "Best fitness updated to:"
[1] -2358.301
[1] "Best solution:"
 [1] 0 0 0 0 1 1 1 0 0 0 0 1 0 1 0 0 0 0 0 0 1 1 1 0 0 0 1 0 0 1 0 1 0 0 0 0 1 1
[39] 0 0
[1] 13
[1] "iteration number: "
[1] 3
[1] "iteration number: "
[1] 4
[1] "iteration number: "
[1] 5
[1] "Best fitness updated to:"
[1] -2485.783
[1] "Best solution:"
 [1] 0 0 0 0 1 1 1 0 1 1 0 0 0 0 0 0 0 0 0 0 0 1 0 0 0 0 1 0 0 1 0 0 1 0 0 0 0 0
[39] 0 0
[1] 9
[1] "iteration number: "
[1] 6
[1] "iteration number: "
[1] 7
[1] "iteration number: "
[1] 8
[1] "Best fitness updated to:"
[1] -2487.317
[1] "Best solution:"
 [1] 0 1 1 1 1 1 0 1 0 0 1 1 1 1 1 0 0 0 1 0 1 0 0 0 0 1 1 0 0 1 1 1 0 0 1 0 0 0
[39] 1 1
[1] 21
[1] "iteration number: "
[1] 9
[1] "iteration number: "
[1] 10
[1] "iteration number: "
[1] 11
[1] "iteration number: "
[1] 12
[1] "RE-INITIALIZING..."
[1] 1
[1] 30
[1] 40
 [1] 2 1 4 1 3 2 1 4 2 4 4 1 2 1 1 2 3 2 2 3
[1] "iteration number: "
[1] 13
[1] "iteration number: "
[1] 14
[1] "iteration number: "
[1] 15
[1] "iteration number: "
[1] 16
[1] "RE-INITIALIZING..."
[1] 2
[1] 30
[1] 40
 [1] 1 1 2 1 1 2 2 3 2 3 2 2 3 1 2 2 1 2 1 2
[1] "iteration number: "
[1] 17
[1] "iteration number: "
[1] 18
[1] "iteration number: "
[1] 19
[1] "iteration number: "
[1] 20
[1] "RE-INITIALIZING..."
[1] 3
[1] 30
[1] 40
 [1] 3 4 3 3 3 2 2 2 3 3 3 1 1 1 3 2 3 2 1 2
[1] "iteration number: "
[1] 21
[1] "iteration number: "
[1] 22
[1] "iteration number: "
[1] 23
[1] "iteration number: "
[1] 24
[1] "RE-INITIALIZING..."
[1] 4
[1] 30
[1] 40
 [1] 3 4 3 3 3 2 2 2 3 3 3 1 1 1 3 2 3 2 1 2
[1] "iteration number: "
[1] 25
[1] "iteration number: "
[1] 26
[1] "iteration number: "
[1] 27
[1] "iteration number: "
[1] 28
[1] "RE-INITIALIZING..."
[1] 5
[1] 30
[1] 40
 [1] 4 2 1 1 1 3 2 2 2 2 2 2 1 3 3 3 3 1 2 2
[1] "iteration number: "
[1] 29
[1] "iteration number: "
[1] 30
[1] "iteration number: "
[1] 31
[1] "Minimum fitness threshold not reached after 31 iterations! Continuing PSO."
[1] "iteration number: "
[1] 32
[1] "RE-INITIALIZING..."
[1] 6
[1] 30
[1] 40
 [1] 1 2 2 2 1 1 3 3 4 1 1 1 3 2 2 1 2 3 2 3
[1] "Minimum fitness threshold not reached after 32 iterations! Continuing PSO."
[1] "iteration number: "
[1] 33
[1] "Minimum fitness threshold not reached after 33 iterations! Continuing PSO."
[1] "iteration number: "
[1] 34
[1] "Minimum fitness threshold not reached after 34 iterations! Continuing PSO."
[1] "iteration number: "
[1] 35
[1] "Minimum fitness threshold not reached after 35 iterations! Continuing PSO."
[1] "iteration number: "
[1] 36
[1] "RE-INITIALIZING..."
[1] 7
[1] 30
[1] 40
 [1] 3 3 2 1 1 4 2 4 2 3 1 3 2 1 1 2 2 2 1 3
[1] "Minimum fitness threshold not reached after 36 iterations! Continuing PSO."
[1] "iteration number: "
[1] 37
[1] "Minimum fitness threshold not reached after 37 iterations! Continuing PSO."
[1] "iteration number: "
[1] 38
[1] "Minimum fitness threshold not reached after 38 iterations! Continuing PSO."
[1] "iteration number: "
[1] 39
[1] "Minimum fitness threshold not reached after 39 iterations! Continuing PSO."
[1] "iteration number: "
[1] 40
[1] "RE-INITIALIZING..."
[1] 8
[1] 30
[1] 40
 [1] 2 3 2 3 2 2 3 4 2 3 3 3 2 3 1 1 1 3 2 2
[1] "Minimum fitness threshold not reached after 40 iterations! Continuing PSO."
[1] "iteration number: "
[1] 41
[1] "Minimum fitness threshold not reached after 41 iterations! Continuing PSO."
[1] "iteration number: "
[1] 42
[1] "Minimum fitness threshold not reached after 42 iterations! Continuing PSO."
[1] "iteration number: "
[1] 43
[1] "Minimum fitness threshold not reached after 43 iterations! Continuing PSO."
[1] "iteration number: "
[1] 44
[1] "RE-INITIALIZING..."
[1] 9
[1] 30
[1] 40
 [1] 2 3 2 3 2 2 3 4 2 3 3 3 2 3 1 1 1 3 2 2
[1] "Minimum fitness threshold not reached after 44 iterations! Continuing PSO."
[1] "iteration number: "
[1] 45
[1] "Minimum fitness threshold not reached after 45 iterations! Continuing PSO."
[1] "iteration number: "
[1] 46
[1] "Minimum fitness threshold not reached after 46 iterations! Continuing PSO."
[1] "iteration number: "
[1] 47
[1] "Minimum fitness threshold not reached after 47 iterations! Continuing PSO."
[1] "iteration number: "
[1] 48
[1] "RE-INITIALIZING..."
[1] 10
[1] 30
[1] 40
 [1] 2 1 2 3 2 1 2 2 2 3 1 2 4 3 3 1 3 2 1 3
[1] "Minimum fitness threshold not reached after 48 iterations! Continuing PSO."
[1] "iteration number: "
[1] 49
[1] "Minimum fitness threshold not reached after 49 iterations! Continuing PSO."
[1] "iteration number: "
[1] 50
[1] "Minimum fitness threshold not reached after 50 iterations! Continuing PSO."
[1] "iteration number: "
[1] 51
[1] "Minimum fitness threshold not reached after 51 iterations! Continuing PSO."
[1] "iteration number: "
[1] 52
[1] "RE-INITIALIZING..."
[1] 11
[1] 30
[1] 40
 [1] 4 1 2 3 2 2 2 1 3 3 2 3 3 2 2 4 2 1 2 2
[1] "Minimum fitness threshold not reached after 52 iterations! Continuing PSO."
[1] "iteration number: "
[1] 53
[1] "Minimum fitness threshold not reached after 53 iterations! Continuing PSO."
[1] "iteration number: "
[1] 54
[1] "Minimum fitness threshold not reached after 54 iterations! Continuing PSO."
[1] "iteration number: "
[1] 55
[1] "Minimum fitness threshold not reached after 55 iterations! Continuing PSO."
[1] "iteration number: "
[1] 56
[1] "RE-INITIALIZING..."
[1] 12
[1] 30
[1] 40
 [1] 2 2 2 2 3 2 1 2 1 4 3 3 2 1 1 1 3 1 1 2
[1] "Minimum fitness threshold not reached after 56 iterations! Continuing PSO."
[1] "iteration number: "
[1] 57
[1] "Minimum fitness threshold not reached after 57 iterations! Continuing PSO."
[1] "iteration number: "
[1] 58
[1] "Minimum fitness threshold not reached after 58 iterations! Continuing PSO."
[1] "iteration number: "
[1] 59
[1] "Minimum fitness threshold not reached after 59 iterations! Continuing PSO."
[1] "iteration number: "
[1] 60
[1] "RE-INITIALIZING..."
[1] 13
[1] 30
[1] 40
 [1] 1 1 3 2 2 4 1 4 2 1 2 4 2 1 3 3 1 3 3 4
[1] "Minimum fitness threshold not reached after 60 iterations! Continuing PSO."
[1] "iteration number: "
[1] 61
[1] "Minimum fitness threshold not reached after 61 iterations! Continuing PSO."
[1] "iteration number: "
[1] 62
[1] "Minimum fitness threshold not reached after 62 iterations! Continuing PSO."
[1] "iteration number: "
[1] 63
[1] "Minimum fitness threshold not reached after 63 iterations! Continuing PSO."
[1] "iteration number: "
[1] 64
[1] "RE-INITIALIZING..."
[1] 14
[1] 30
[1] 40
 [1] 1 1 3 2 2 4 1 4 2 1 2 4 2 1 3 3 1 3 3 4
[1] "Minimum fitness threshold not reached after 64 iterations! Continuing PSO."
[1] "iteration number: "
[1] 65
[1] "Minimum fitness threshold not reached after 65 iterations! Continuing PSO."
[1] "iteration number: "
[1] 66
[1] "Minimum fitness threshold not reached after 66 iterations! Continuing PSO."
[1] "iteration number: "
[1] 67
[1] "Minimum fitness threshold not reached after 67 iterations! Continuing PSO."
[1] "iteration number: "
[1] 68
[1] "RE-INITIALIZING..."
[1] 15
[1] 30
[1] 40
 [1] 2 2 2 2 2 2 2 2 2 2 1 3 1 1 3 3 1 2 3 2
[1] "Minimum fitness threshold not reached after 68 iterations! Continuing PSO."
[1] "iteration number: "
[1] 69
[1] "Minimum fitness threshold not reached after 69 iterations! Continuing PSO."
[1] "iteration number: "
[1] 70
