
R version 3.4.0 (2017-04-21) -- "You Stupid Darkness"
Copyright (C) 2017 The R Foundation for Statistical Computing
Platform: x86_64-pc-linux-gnu (64-bit)

R is free software and comes with ABSOLUTELY NO WARRANTY.
You are welcome to redistribute it under certain conditions.
Type 'license()' or 'licence()' for distribution details.

  Natural language support but running in an English locale

R is a collaborative project with many contributors.
Type 'contributors()' for more information and
'citation()' on how to cite R or R packages in publications.

Type 'demo()' for some demos, 'help()' for on-line help, or
'help.start()' for an HTML browser interface to help.
Type 'q()' to quit R.

> 
> #.libPaths("/home/kuppal3/karan_libs/Rlibs")
> library(snow)
> library(e1071)
> library(yaImpute)

Attaching package: ‘yaImpute’

The following object is masked from ‘package:e1071’:

    impute

> library(pROC)
Type 'citation("pROC")' for a citation.

Attaching package: ‘pROC’

The following objects are masked from ‘package:stats’:

    cov, smooth, var

> library(bioDist)
Loading required package: Biobase
Loading required package: BiocGenerics
Loading required package: parallel

Attaching package: ‘parallel’

The following objects are masked from ‘package:snow’:

    clusterApply, clusterApplyLB, clusterCall, clusterEvalQ,
    clusterExport, clusterMap, clusterSplit, makeCluster, parApply,
    parCapply, parLapply, parRapply, parSapply, splitIndices,
    stopCluster


Attaching package: ‘BiocGenerics’

The following objects are masked from ‘package:parallel’:

    clusterApply, clusterApplyLB, clusterCall, clusterEvalQ,
    clusterExport, clusterMap, parApply, parCapply, parLapply,
    parLapplyLB, parRapply, parSapply, parSapplyLB

The following object is masked from ‘package:pROC’:

    var

The following objects are masked from ‘package:snow’:

    clusterApply, clusterApplyLB, clusterCall, clusterEvalQ,
    clusterExport, clusterMap, parApply, parCapply, parLapply,
    parRapply, parSapply

The following objects are masked from ‘package:stats’:

    IQR, mad, sd, var, xtabs

The following objects are masked from ‘package:base’:

    anyDuplicated, append, as.data.frame, cbind, colMeans, colnames,
    colSums, do.call, duplicated, eval, evalq, Filter, Find, get, grep,
    grepl, intersect, is.unsorted, lapply, lengths, Map, mapply, match,
    mget, order, paste, pmax, pmax.int, pmin, pmin.int, Position, rank,
    rbind, Reduce, rowMeans, rownames, rowSums, sapply, setdiff, sort,
    table, tapply, union, unique, unsplit, which, which.max, which.min

Welcome to Bioconductor

    Vignettes contain introductory material; view with
    'browseVignettes()'. To cite Bioconductor, see
    'citation("Biobase")', and for packages 'citation("pkgname")'.

Loading required package: KernSmooth
KernSmooth 2.23 loaded
Copyright M. P. Wand 1997-2009
> #library(CMA, lib="/home/kuppal3/karan_libs/Rlibs/")
> library(RankAggreg)
> library(CMA)

Attaching package: ‘CMA’

The following object is masked from ‘package:pROC’:

    roc

The following object is masked from ‘package:e1071’:

    tune

> library(expm)
Loading required package: Matrix

Attaching package: ‘expm’

The following object is masked from ‘package:Matrix’:

    expm

> library(plyr)

Attaching package: ‘plyr’

The following object is masked from ‘package:CMA’:

    join

> library(doParallel)
Loading required package: foreach
Loading required package: iterators
> cl<-makeCluster(1)
> 
> 
> args<-commandArgs(trailingOnly=TRUE)
> 
> #dirloc<-"/Users/karanuppal/Documents/Gatech/Projects/Algorithms/TwostagePSO/"
> #sname<-paste("/home/stu/kuppal3/Research/Feature_selection/Rcode/versionnov2014/OCFS_",args[9],".R",sep="")
> 
> sname<-paste("/home/kuppal2/Documents/Projects/xmsPANDA/Other/scripts/OCFS_",args[9],".R",sep="")
> source(sname)
> print(sname)
[1] "/home/kuppal2/Documents/Projects/xmsPANDA/Other/scripts/OCFS_vfeb817_v5C_2018_v12.R"
> 
> dirloc<-"/home/kuppal2/Documents/Projects/xmsPANDA/Other/Datasets/ARCENE/"
> setwd(dirloc)
> 
> 
> 
> 
> outloc<-paste(dirloc,"/OCFSvmay2415_Arcene",args[9],"/",sep="")
> 
> 
> sname<-paste(dirloc,"ARCENE.Rda",sep="")
> load(sname)
> 
> trainm<-ARCENE$X
> testm<-ARCENE$Xt
> trainclass<-ARCENE$Y
> testclass<-ARCENE$Yt
> 
> 
> trainm<-trainm[,-c(10001)]
> testm<-testm[,-c(10001)]
> trainm<-apply(trainm,2,as.numeric)
> testm<-apply(testm,2,as.numeric)
> 
> trainm<-cbind(trainclass,trainm)
> testm<-cbind(testclass,testm)
> 
> trainm<-na.omit(trainm)
> testm<-na.omit(testm)
> 
> dir.create(outloc)
Warning message:
In dir.create(outloc) :
  '/home/kuppal2/Documents/Projects/xmsPANDA/Other/Datasets/ARCENE//OCFSvmay2415_Arcenevfeb817_v5C_2018_v12' already exists
> setwd(outloc)
> 
> 
> trainm<-as.matrix(trainm)
> testm<-as.matrix(testm)
> trainclass<-trainm[,1] #CMAres$modtrainclass
> testclass<-testm[,1] #CMAres$modtestclass
> trainm<-trainm[,-c(1)] #CMAres$modtrainmata
> testm<-testm[,-c(1)] #CMAres$modtestmata
> 
> #a: Confusions
> #b: Neighbors
> #c: Global
> #d: Death
> 
> a<-c(0.25,0.25,0.25,0.25)
> b<-c(0.3,0.1,0.4,0.1)
> c<-c(0.25,0.25,0.5,0)
> d<-c(0.9,0.1,0,0.1)
> 
> a<-c(0,0.4,0.1,0.5)
> b<-c(0.3,0.1,0.4,0.1)
> c<-c(0,0.5,0.5,0)
> d<-c(0.9,0.1,0,0)
> 
> a<-c(0,0.4,0.1,0.5)
> b<-c(0.2,0.3,0.4,0.1)
> c<-c(0,0.4,0.4,0.2)
> d<-c(0.9,0.1,0,0)
> 
> transition_matrix<-rbind(a,b,c,d)
> 
> 
> dir.create(outloc)
Warning message:
In dir.create(outloc) :
  '/home/kuppal2/Documents/Projects/xmsPANDA/Other/Datasets/ARCENE//OCFSvmay2415_Arcenevfeb817_v5C_2018_v12' already exists
> setwd(outloc)
> temp2=t(trainm)
> temp2=apply(temp2, 2, function(x){which(x=="MD")})
> temp2=unlist(temp2)
> temp2=unique(temp2)
> if(length(temp2)>1)
+ {
+ 	trainm=trainm[,-c(temp2)]
+ 
+ 	rm(temp2)
+ }
> 
> boostweight=rep(0,dim(trainm)[2])
> 
> print("max num")
[1] "max num"
> print(as.numeric(args[10]))
[1] 20
> 
> #if(FALSE)
> {
+ CMAres<-performCMA(trainm, trainclass, testm, testclass,outloc,
+ maxnum=as.numeric(args[10]),
+ minnum=3,
+ stepitr=1,
+ gsmethods=c("limma"), #"lasso","elasticnet","kruskal.test"), #"f.test", "f.test", "elasticnet", "wilcox.test", "welch.test"),
+ pct_train=0.40,
+ accuracyweight=1,
+ featweight=0.06,
+ minpresent=1,
+ kname="radial",
+ norm_method="none",
+ tolerance=0.5,
+ maxitrs=5,
+ classindex=1,
+ numfacts=0,
+ evalmethod="CV",
+ numfolds=10,
+ CVfoldthresh=0.7,
+ varselmethod=args[11],
+ scheme_val="one-vs-all",
+ iter_learn=1,boostweight=rep(0,dim(trainm)[2]))
+ 
+ 
+ CMAres<-performCMA(trainm, trainclass, testm, testclass,outloc,
+ maxnum=as.numeric(args[10]),
+ minnum=3,
+ stepitr=1,
+ gsmethods=c("lasso"), #"lasso","elasticnet","kruskal.test"), #"f.test", "f.test", "elasticnet", "wilcox.test", "welch.test"),
+ pct_train=0.40,
+ accuracyweight=1,
+ featweight=0.06,
+ minpresent=1,
+ kname="radial",
+ norm_method="none",
+ tolerance=0.5,
+ maxitrs=5,
+ classindex=1,
+ numfacts=0,
+ evalmethod="CV",
+ numfolds=10,
+ CVfoldthresh=0.7,
+ varselmethod=args[11],
+ scheme_val="one-vs-all",
+ iter_learn=1,boostweight=rep(0,dim(trainm)[2]))
+ 
+ CMAres<-performCMA(trainm, trainclass, testm, testclass,outloc,
+ maxnum=as.numeric(args[10]),
+ minnum=3,
+ stepitr=1,
+ gsmethods=c("rfe"), #"lasso","elasticnet","kruskal.test"), #"f.test", "f.test", "elasticnet", "wilcox.test", "welch.test"),
+ pct_train=0.40,
+ accuracyweight=1,
+ featweight=0.06,
+ minpresent=1,
+ kname="radial",
+ norm_method="none",
+ tolerance=0.5,
+ maxitrs=5,
+ classindex=1,
+ numfacts=0,
+ evalmethod="CV",
+ numfolds=10,
+ CVfoldthresh=0.7,
+ varselmethod=args[11],
+ scheme_val="one-vs-all",
+ iter_learn=1,boostweight=rep(0,dim(trainm)[2]))
+ 
+ CMAres<-performCMA(trainm, trainclass, testm, testclass,outloc,
+ maxnum=as.numeric(args[10]),
+ minnum=3,
+ stepitr=1,
+ gsmethods=c("elasticnet"), #"lasso","elasticnet","kruskal.test"), #"f.test", "f.test", "elasticnet", "wilcox.test", "welch.test"),
+ pct_train=0.40,
+ accuracyweight=1,
+ featweight=0.06,
+ minpresent=1,
+ kname="radial",
+ norm_method="none",
+ tolerance=0.5,
+ maxitrs=5,
+ classindex=1,
+ numfacts=0,
+ evalmethod="CV",
+ numfolds=10,
+ CVfoldthresh=0.7,
+ varselmethod=args[11],
+ scheme_val="one-vs-all",
+ iter_learn=1,boostweight=rep(0,dim(trainm)[2]))
+ 
+ if(FALSE){
+ CMAres<-performCMA(trainm, trainclass, testm, testclass,outloc,
+ maxnum=as.numeric(args[10]),
+ minnum=3,
+ stepitr=1,
+ gsmethods=c("rf"), #"lasso","elasticnet","kruskal.test"), #"f.test", "f.test", "elasticnet", "wilcox.test", "welch.test"),
+ pct_train=0.40,
+ accuracyweight=1,
+ featweight=0.06,
+ minpresent=1,
+ kname="radial",
+ norm_method="none",
+ tolerance=0.5,
+ maxitrs=5,
+ classindex=1,
+ numfacts=0,
+ evalmethod="CV",
+ numfolds=10,
+ CVfoldthresh=0.7,
+ varselmethod=args[11],
+ scheme_val="one-vs-all",
+ iter_learn=1,boostweight=rep(0,dim(trainm)[2]))
+ }
+ 
+ CMAres<-performCMA(trainm, trainclass, testm, testclass,outloc,
+ maxnum=as.numeric(args[10]),
+ minnum=3,
+ stepitr=1,
+ gsmethods=c("f.test"), #"lasso","elasticnet","kruskal.test"), #"f.test", "f.test", "elasticnet", "wilcox.test", "welch.test"),
+ pct_train=0.40,
+ accuracyweight=1,
+ featweight=0.06,
+ minpresent=1,
+ kname="radial",
+ norm_method="none",
+ tolerance=0.5,
+ maxitrs=5,
+ classindex=1,
+ numfacts=0,
+ evalmethod="CV",
+ numfolds=10,
+ CVfoldthresh=0.7,
+ varselmethod=args[11],
+ scheme_val="one-vs-all",
+ iter_learn=1,boostweight=rep(0,dim(trainm)[2]))
+ }
[1] "dim of trainm is "
[1]   100 10000
[1]   100 10000
[1] "length of factcols"
[1] 0
[1]   100 10000
[1]   100 10000
integer(0)
character(0)
NULL
[1] "ok"
[1] "test class"
 1  2  3  4 
-1 -1 -1  1 
Levels: -1 1
[1] "orig train matrix"
      V1 V2  V3  V4 V5  V6  V7 V8 V9 V10
[1,]   0 71   0  95  0 538 404 20  0   0
[2,]   0 41  82 165 60 554 379  0 71   0
[3,]   0  0   1  40  0 451 402  0  0   0
[4,]   0 56  44 275 14 511 470  0  0   0
[5,] 105  0 141 348  0 268 329  0  0   1
[1] "orig train matrix"
      V1 V2  V3  V4 V5  V6  V7 V8 V9 V10
[1,]   0 71   0  95  0 538 404 20  0   0
[2,]   0 41  82 165 60 554 379  0 71   0
[3,]   0  0   1  40  0 451 402  0  0   0
[4,]   0 56  44 275 14 511 470  0  0   0
[5,] 105  0 141 348  0 268 329  0  0   1
[1]  0 82  1
[1] "norm train matrix"
      V1 V2  V3  V4 V5  V6  V7 V8 V9 V10
[1,]   0 71   0  95  0 538 404 20  0   0
[2,]   0 41  82 165 60 554 379  0 71   0
[3,]   0  0   1  40  0 451 402  0  0   0
[4,]   0 56  44 275 14 511 470  0  0   0
[5,] 105  0 141 348  0 268 329  0  0   1
[1] "mean of feat 2"
[1] 35.33
[1] "sd of feat 2"
[1] 37.69094
[1] "maxnum is "
[1] 20
[1] "# of genes left after filtering:"
[1]   100 10000
GeneSelection: iteration 1 

Attaching package: ‘limma’

The following object is masked from ‘package:BiocGenerics’:

    plotMA

GeneSelection: iteration 2 
GeneSelection: iteration 3 
GeneSelection: iteration 4 
GeneSelection: iteration 5 
GeneSelection: iteration 6 
GeneSelection: iteration 7 
GeneSelection: iteration 8 
GeneSelection: iteration 9 
GeneSelection: iteration 10 
[1] "varselmethod"
[1] "forward"
[1] "limma:3:71"
[1] "limma:3:71"
[1] "limma:4:71"
[1] "limma:4:71"
[1] "limma:5:70"
[1] "limma:4:71"
[1] "limma:6:69"
[1] "limma:4:71"
[1] "limma:7:70"
[1] "limma:4:71"
[1] "limma:8:67"
[1] "limma:4:71"
[1] "limma:9:69"
[1] "limma:4:71"
[1] "limma:10:71"
[1] "limma:10:71"
[1] "limma:11:70"
[1] "limma:10:71"
[1] "limma:12:74"
[1] "limma:12:74"
[1] "limma:13:70"
[1] "limma:12:74"
[1] "limma:14:73"
[1] "limma:12:74"
[1] "limma:15:72"
[1] "limma:12:74"
[1] "limma:16:72"
[1] "limma:12:74"
[1] "limma:17:82"
[1] "limma:17:82"
[1] "limma:18:81"
[1] "limma:17:82"
[1] "limma:19:83"
[1] "limma:19:83"
[1] "limma:20:82"
[1] "limma:19:83"
[1] "dim of scoring matrix is "
[1] 10000     1
[1] 10000
[1] "DS index stage 1"
[1] NA
[1] "bestgenelist"
 [1]   86  312  414  436  698 1184 1476 1883 3365 4290 4960 5473 6928 7197 7748
[16] 7977 8368 8502 9027
     V86 V312 V414 V436 V698 V1184 V1476 V1883 V3365 V4290 V4960 V5473 V6928
[1,]   0    3    6    0    0     0     0    13     1     0     5     6    12
[2,]   0   92   83    1   14     0     4    55    94    21    88    35    49
[3,]   0   19   21    0    0    25     0     0    17     0    21     0     0
     V7197 V7748 V7977 V8368 V8502 V9027
[1,]    10     0    13     0     1     5
[2,]    42     8    59    93    28    75
[3,]     0     0     0    14     0    20
     V86 V312 V414 V436 V698 V1184 V1476 V1883 V3365 V4290 V4960 V5473 V6928
[1,]   1   21   14    0    0    35     0     0    25     0    17     0     0
[2,]   0  195  213    0    0   144     0     0   187     0   204     0     0
[3,]  39  137  145   41   44     0    43    57   132    45   141    49    55
     V7197 V7748 V7977 V8368 V8502 V9027
[1,]     0     0     0    30     0    11
[2,]     0     0     0   178     0   222
[3,]    52    44    58   126    47   148
[1] "numgenes selected:19"
[1] "test acc:0.66"
[1] "test AUC acc:0.657467532467532"
[1] "10 fold train82"
[1] "confusion matrix train 10 fold"
          nci_y
pred10fold -1  1
        -1 43  2
        1  13 42
[1] "confusion matrix test"
         test_y
pred_test -1  1
       -1 38 16
       1  18 28
[1] "train acc:0.85"
[1] "confusion matrix train"
          nci_y
pred_train -1  1
        -1 43  2
        1  13 42
[1] "DS index stage 1"
[1] NA
[1] "KI index stage 1"
[1] NA
[1] "dim of trainm is "
[1]   100 10000
[1]   100 10000
[1] "length of factcols"
[1] 0
[1]   100 10000
[1]   100 10000
integer(0)
character(0)
NULL
[1] "ok"
[1] "test class"
 1  2  3  4 
-1 -1 -1  1 
Levels: -1 1
[1] "orig train matrix"
      V1 V2  V3  V4 V5  V6  V7 V8 V9 V10
[1,]   0 71   0  95  0 538 404 20  0   0
[2,]   0 41  82 165 60 554 379  0 71   0
[3,]   0  0   1  40  0 451 402  0  0   0
[4,]   0 56  44 275 14 511 470  0  0   0
[5,] 105  0 141 348  0 268 329  0  0   1
[1] "orig train matrix"
      V1 V2  V3  V4 V5  V6  V7 V8 V9 V10
[1,]   0 71   0  95  0 538 404 20  0   0
[2,]   0 41  82 165 60 554 379  0 71   0
[3,]   0  0   1  40  0 451 402  0  0   0
[4,]   0 56  44 275 14 511 470  0  0   0
[5,] 105  0 141 348  0 268 329  0  0   1
[1]  0 82  1
[1] "norm train matrix"
      V1 V2  V3  V4 V5  V6  V7 V8 V9 V10
[1,]   0 71   0  95  0 538 404 20  0   0
[2,]   0 41  82 165 60 554 379  0 71   0
[3,]   0  0   1  40  0 451 402  0  0   0
[4,]   0 56  44 275 14 511 470  0  0   0
[5,] 105  0 141 348  0 268 329  0  0   1
[1] "mean of feat 2"
[1] 35.33
[1] "sd of feat 2"
[1] 37.69094
[1] "maxnum is "
[1] 20
[1] "# of genes left after filtering:"
[1]   100 10000
GeneSelection: iteration 1 
Loaded glmnet 2.0-16


Attaching package: ‘glmnet’

The following object is masked from ‘package:pROC’:

    auc

GeneSelection: iteration 2 
GeneSelection: iteration 3 
GeneSelection: iteration 4 
GeneSelection: iteration 5 
GeneSelection: iteration 6 
GeneSelection: iteration 7 
GeneSelection: iteration 8 
GeneSelection: iteration 9 
GeneSelection: iteration 10 
genelist
1184 4352 9868  312 1552 4290 5672 5956  377 6033 7212 9970  698 2462 3365 5144 
  20   20   20   16   16   14   14   14   10   10   10   10    8    8    8    8 
6584 7197 7234 8135  762 1975 2743 2857 3319 4542 5473 5520 6223 7513 9234 3936 
   8    8    8    8    6    6    6    6    6    6    6    6    6    6    6    4 
4731 4738 8506 9215 9319  271  471 1289 1734 1762 2256 2408 2788 3034 3257 3612 
   4    4    4    4    4    2    2    2    2    2    2    2    2    2    2    2 
4005 4059 4158 4203 4285 4362 4455 4554 4703 4710 5201 5791 5995 6679 7048 7426 
   2    2    2    2    2    2    2    2    2    2    2    2    2    2    2    2 
7437 7652 7928 8378 8918 8954 9082 9275 9818 
   2    2    2    2    2    2    2    2    2 
[1] "varselmethod"
[1] "forward"
[1] "lasso:3:80"
[1] "lasso:3:80"
[1] "lasso:4:83"
[1] "lasso:4:83"
[1] "lasso:5:82"
[1] "lasso:4:83"
[1] "lasso:6:83"
[1] "lasso:6:83"
[1] "lasso:7:89"
[1] "lasso:7:89"
[1] "lasso:8:91"
[1] "lasso:8:91"
[1] "lasso:9:93"
[1] "lasso:9:93"
[1] "lasso:10:90"
[1] "lasso:9:93"
[1] "lasso:11:90"
[1] "lasso:9:93"
[1] "lasso:12:90"
[1] "lasso:9:93"
[1] "lasso:13:92"
[1] "lasso:9:93"
[1] "lasso:14:92"
[1] "lasso:9:93"
[1] "lasso:15:93"
[1] "lasso:15:93"
[1] "lasso:16:93"
[1] "lasso:16:93"
[1] "lasso:17:94"
[1] "lasso:17:94"
[1] "lasso:18:93"
[1] "lasso:17:94"
[1] "lasso:19:94"
[1] "lasso:19:94"
[1] "lasso:20:95"
[1] "lasso:20:95"
[1] "dim of scoring matrix is "
[1] 10000     1
[1] 10000
[1] "DS index stage 1"
[1] NA
[1] "bestgenelist"
 [1]  312  377  698 1184 1552 2462 3365 4290 4352 5144 5672 5956 6033 6584 7197
[16] 7212 7234 8135 9868 9970
     V312 V377 V698 V1184 V1552 V2462 V3365 V4290 V4352 V5144 V5672 V5956 V6033
[1,]    3    0    0     0    14   156     1     0     0    45     0     0     0
[2,]   92    0   14     0    57   197    94    21     0     0     0     0    49
[3,]   19    0    0    25    16   172    17     0     0   223     0     0     0
     V6584 V7197 V7212 V7234 V8135 V9868 V9970
[1,]    34    10     0     0     0     0     0
[2,]    32    42    34    14     7     0    35
[3,]    14     0     0     0     0    13     0
     V312 V377 V698 V1184 V1552 V2462 V3365 V4290 V4352 V5144 V5672 V5956 V6033
[1,]   21   23    0    35     0   252    25     0     0    35     0     0     8
[2,]  195    0    0   144    81   282   187     0    49    18     0     0    57
[3,]  137    0   44     0     9    88   132    45     1    15    23    57    25
     V6584 V7197 V7212 V7234 V8135 V9868 V9970
[1,]    11     0     0    12     1     0     0
[2,]     0     0     0     0     0     0    36
[3,]     0    52     4     9     0     7    31
[1] "numgenes selected:20"
[1] "test acc:0.71"
[1] "test AUC acc:0.69724025974026"
[1] "10 fold train95"
[1] "confusion matrix train 10 fold"
          nci_y
pred10fold -1  1
        -1 55  0
        1   1 44
[1] "confusion matrix test"
         test_y
pred_test -1  1
       -1 45 18
       1  11 26
[1] "train acc:0.99"
[1] "confusion matrix train"
          nci_y
pred_train -1  1
        -1 55  0
        1   1 44
[1] "DS index stage 1"
[1] NA
[1] "KI index stage 1"
[1] NA
[1] "dim of trainm is "
[1]   100 10000
[1]   100 10000
[1] "length of factcols"
[1] 0
[1]   100 10000
[1]   100 10000
integer(0)
character(0)
NULL
[1] "ok"
[1] "test class"
 1  2  3  4 
-1 -1 -1  1 
Levels: -1 1
[1] "orig train matrix"
      V1 V2  V3  V4 V5  V6  V7 V8 V9 V10
[1,]   0 71   0  95  0 538 404 20  0   0
[2,]   0 41  82 165 60 554 379  0 71   0
[3,]   0  0   1  40  0 451 402  0  0   0
[4,]   0 56  44 275 14 511 470  0  0   0
[5,] 105  0 141 348  0 268 329  0  0   1
[1] "orig train matrix"
      V1 V2  V3  V4 V5  V6  V7 V8 V9 V10
[1,]   0 71   0  95  0 538 404 20  0   0
[2,]   0 41  82 165 60 554 379  0 71   0
[3,]   0  0   1  40  0 451 402  0  0   0
[4,]   0 56  44 275 14 511 470  0  0   0
[5,] 105  0 141 348  0 268 329  0  0   1
[1]  0 82  1
[1] "norm train matrix"
      V1 V2  V3  V4 V5  V6  V7 V8 V9 V10
[1,]   0 71   0  95  0 538 404 20  0   0
[2,]   0 41  82 165 60 554 379  0 71   0
[3,]   0  0   1  40  0 451 402  0  0   0
[4,]   0 56  44 275 14 511 470  0  0   0
[5,] 105  0 141 348  0 268 329  0  0   1
[1] "mean of feat 2"
[1] 35.33
[1] "sd of feat 2"
[1] 37.69094
[1] "maxnum is "
[1] 20
[1] "# of genes left after filtering:"
[1]   100 10000
GeneSelection: iteration 1 
GeneSelection: iteration 2 
GeneSelection: iteration 3 
GeneSelection: iteration 4 
GeneSelection: iteration 5 
GeneSelection: iteration 6 
GeneSelection: iteration 7 
GeneSelection: iteration 8 
GeneSelection: iteration 9 
GeneSelection: iteration 10 
[1] "varselmethod"
[1] "forward"
[1] "rfe:3:67"
[1] "rfe:3:67"
[1] "rfe:4:72"
[1] "rfe:4:72"
[1] "rfe:5:70"
[1] "rfe:4:72"
[1] "rfe:6:69"
[1] "rfe:4:72"
[1] "rfe:7:65"
[1] "rfe:4:72"
[1] "rfe:8:69"
[1] "rfe:4:72"
[1] "rfe:9:71"
[1] "rfe:4:72"
[1] "rfe:10:71"
[1] "rfe:4:72"
[1] "rfe:11:65"
[1] "rfe:4:72"
[1] "rfe:12:67"
[1] "rfe:4:72"
[1] "rfe:13:64"
[1] "rfe:4:72"
[1] "rfe:14:57"
[1] "rfe:4:72"
[1] "rfe:15:61"
[1] "dim of scoring matrix is "
[1] 10000     1
[1] 10000
[1] "DS index stage 1"
[1] NA
[1] "bestgenelist"
[1] 1184 1627 3644 4542
     V1184 V1627 V3644 V4542
[1,]     0     0     0     5
[2,]     0     0     0     0
[3,]    25     0   287     0
     V1184 V1627 V3644 V4542
[1,]    35    54     0    11
[2,]   144     0   672     0
[3,]     0    19     0     0
[1] "numgenes selected:4"
[1] "test acc:0.45"
[1] "test AUC acc:0.556818181818182"
[1] "10 fold train65"
[1] "confusion matrix train 10 fold"
          nci_y
pred10fold -1  1
        -1 40  8
        1  16 36
[1] "confusion matrix test"
         test_y
pred_test -1  1
       -1 28 27
       1  28 17
[1] "train acc:0.76"
[1] "confusion matrix train"
          nci_y
pred_train -1  1
        -1 40  8
        1  16 36
[1] "DS index stage 1"
[1] NA
[1] "KI index stage 1"
[1] NA
[1] "dim of trainm is "
[1]   100 10000
[1]   100 10000
[1] "length of factcols"
[1] 0
[1]   100 10000
[1]   100 10000
integer(0)
character(0)
NULL
[1] "ok"
[1] "test class"
 1  2  3  4 
-1 -1 -1  1 
Levels: -1 1
[1] "orig train matrix"
      V1 V2  V3  V4 V5  V6  V7 V8 V9 V10
[1,]   0 71   0  95  0 538 404 20  0   0
[2,]   0 41  82 165 60 554 379  0 71   0
[3,]   0  0   1  40  0 451 402  0  0   0
[4,]   0 56  44 275 14 511 470  0  0   0
[5,] 105  0 141 348  0 268 329  0  0   1
[1] "orig train matrix"
      V1 V2  V3  V4 V5  V6  V7 V8 V9 V10
[1,]   0 71   0  95  0 538 404 20  0   0
[2,]   0 41  82 165 60 554 379  0 71   0
[3,]   0  0   1  40  0 451 402  0  0   0
[4,]   0 56  44 275 14 511 470  0  0   0
[5,] 105  0 141 348  0 268 329  0  0   1
[1]  0 82  1
[1] "norm train matrix"
      V1 V2  V3  V4 V5  V6  V7 V8 V9 V10
[1,]   0 71   0  95  0 538 404 20  0   0
[2,]   0 41  82 165 60 554 379  0 71   0
[3,]   0  0   1  40  0 451 402  0  0   0
[4,]   0 56  44 275 14 511 470  0  0   0
[5,] 105  0 141 348  0 268 329  0  0   1
[1] "mean of feat 2"
[1] 35.33
[1] "sd of feat 2"
[1] 37.69094
[1] "maxnum is "
[1] 20
[1] "# of genes left after filtering:"
[1]   100 10000
GeneSelection: iteration 1 
GeneSelection: iteration 2 
GeneSelection: iteration 3 
GeneSelection: iteration 4 
GeneSelection: iteration 5 
GeneSelection: iteration 6 
GeneSelection: iteration 7 
GeneSelection: iteration 8 
GeneSelection: iteration 9 
GeneSelection: iteration 10 
[1] "varselmethod"
[1] "forward"
[1] "elasticnet:3:80"
[1] "elasticnet:3:80"
[1] "elasticnet:4:78"
[1] "elasticnet:3:80"
[1] "elasticnet:5:84"
[1] "elasticnet:5:84"
[1] "elasticnet:6:83"
[1] "elasticnet:5:84"
[1] "elasticnet:7:89"
[1] "elasticnet:7:89"
[1] "elasticnet:8:89"
[1] "elasticnet:8:89"
[1] "elasticnet:9:88"
[1] "elasticnet:8:89"
[1] "elasticnet:10:90"
[1] "elasticnet:10:90"
[1] "elasticnet:11:89"
[1] "elasticnet:10:90"
[1] "elasticnet:12:87"
[1] "elasticnet:10:90"
[1] "elasticnet:13:89"
[1] "elasticnet:10:90"
[1] "elasticnet:14:88"
[1] "elasticnet:10:90"
[1] "elasticnet:15:90"
[1] "elasticnet:15:90"
[1] "elasticnet:16:92"
[1] "elasticnet:16:92"
[1] "elasticnet:17:92"
[1] "elasticnet:17:92"
[1] "elasticnet:18:96"
[1] "elasticnet:18:96"
[1] "elasticnet:19:96"
[1] "elasticnet:19:96"
[1] "elasticnet:20:95"
[1] "elasticnet:19:96"
[1] "dim of scoring matrix is "
[1] 10000     1
[1] 10000
[1] "DS index stage 1"
[1] NA
[1] "bestgenelist"
 [1]    1    2    3  312  377  698 1184 1552 3365 4290 4352 4542 5672 6033 6584
[16] 7513 9234 9868 9970
     V1 V2 V3 V312 V377 V698 V1184 V1552 V3365 V4290 V4352 V4542 V5672 V6033
[1,]  0 71  0    3    0    0     0    14     1     0     0     5     0     0
[2,]  0 41 82   92    0   14     0    57    94    21     0     0     0    49
[3,]  0  0  1   19    0    0    25    16    17     0     0     0     0     0
     V6584 V7513 V9234 V9868 V9970
[1,]    34     0     0     0     0
[2,]    32    32    46     0    35
[3,]    14     0     4    13     0
     V1 V2  V3 V312 V377 V698 V1184 V1552 V3365 V4290 V4352 V4542 V5672 V6033
[1,]  0  0 156   21   23    0    35     0    25     0     0    11     0     8
[2,]  0  7   0  195    0    0   144    81   187     0    49     0     0    57
[3,]  0 32   0  137    0   44     0     9   132    45     1     0    23    25
     V6584 V7513 V9234 V9868 V9970
[1,]    11     0    39     0     0
[2,]     0     0     0     0    36
[3,]     0     3    37     7    31
[1] "numgenes selected:19"
[1] "test acc:0.71"
[1] "test AUC acc:0.694805194805195"
[1] "10 fold train96"
[1] "confusion matrix train 10 fold"
          nci_y
pred10fold -1  1
        -1 54  0
        1   2 44
[1] "confusion matrix test"
         test_y
pred_test -1  1
       -1 46 19
       1  10 25
[1] "train acc:0.98"
[1] "confusion matrix train"
          nci_y
pred_train -1  1
        -1 54  0
        1   2 44
[1] "DS index stage 1"
[1] NA
[1] "KI index stage 1"
[1] NA
[1] "dim of trainm is "
[1]   100 10000
[1]   100 10000
[1] "length of factcols"
[1] 0
[1]   100 10000
[1]   100 10000
integer(0)
character(0)
NULL
[1] "ok"
[1] "test class"
 1  2  3  4 
-1 -1 -1  1 
Levels: -1 1
[1] "orig train matrix"
      V1 V2  V3  V4 V5  V6  V7 V8 V9 V10
[1,]   0 71   0  95  0 538 404 20  0   0
[2,]   0 41  82 165 60 554 379  0 71   0
[3,]   0  0   1  40  0 451 402  0  0   0
[4,]   0 56  44 275 14 511 470  0  0   0
[5,] 105  0 141 348  0 268 329  0  0   1
[1] "orig train matrix"
      V1 V2  V3  V4 V5  V6  V7 V8 V9 V10
[1,]   0 71   0  95  0 538 404 20  0   0
[2,]   0 41  82 165 60 554 379  0 71   0
[3,]   0  0   1  40  0 451 402  0  0   0
[4,]   0 56  44 275 14 511 470  0  0   0
[5,] 105  0 141 348  0 268 329  0  0   1
[1]  0 82  1
[1] "norm train matrix"
      V1 V2  V3  V4 V5  V6  V7 V8 V9 V10
[1,]   0 71   0  95  0 538 404 20  0   0
[2,]   0 41  82 165 60 554 379  0 71   0
[3,]   0  0   1  40  0 451 402  0  0   0
[4,]   0 56  44 275 14 511 470  0  0   0
[5,] 105  0 141 348  0 268 329  0  0   1
[1] "mean of feat 2"
[1] 35.33
[1] "sd of feat 2"
[1] 37.69094
[1] "maxnum is "
[1] 20
[1] "# of genes left after filtering:"
[1]   100 10000
GeneSelection: iteration 1 
GeneSelection: iteration 2 
GeneSelection: iteration 3 
GeneSelection: iteration 4 
GeneSelection: iteration 5 
GeneSelection: iteration 6 
GeneSelection: iteration 7 
GeneSelection: iteration 8 
GeneSelection: iteration 9 
GeneSelection: iteration 10 
[1] "varselmethod"
[1] "forward"
[1] "f.test:3:71"
[1] "f.test:3:71"
[1] "f.test:4:71"
[1] "f.test:4:71"
[1] "f.test:5:70"
[1] "f.test:4:71"
[1] "f.test:6:69"
[1] "f.test:4:71"
[1] "f.test:7:70"
[1] "f.test:4:71"
[1] "f.test:8:67"
[1] "f.test:4:71"
[1] "f.test:9:69"
[1] "f.test:4:71"
[1] "f.test:10:71"
[1] "f.test:10:71"
[1] "f.test:11:70"
[1] "f.test:10:71"
[1] "f.test:12:72"
[1] "f.test:12:72"
[1] "f.test:13:70"
[1] "f.test:12:72"
[1] "f.test:14:73"
[1] "f.test:14:73"
[1] "f.test:15:72"
[1] "f.test:14:73"
[1] "f.test:16:72"
[1] "f.test:14:73"
[1] "f.test:17:82"
[1] "f.test:17:82"
[1] "f.test:18:82"
[1] "f.test:18:82"
[1] "f.test:19:83"
[1] "f.test:19:83"
[1] "f.test:20:82"
[1] "f.test:19:83"
[1] "dim of scoring matrix is "
[1] 10000     1
[1] 10000
[1] "DS index stage 1"
[1] NA
[1] "bestgenelist"
 [1]   86  312  414  436  698 1184 1476 1883 3365 4290 4960 5473 6928 7197 7717
[16] 7748 7977 8368 8502
     V86 V312 V414 V436 V698 V1184 V1476 V1883 V3365 V4290 V4960 V5473 V6928
[1,]   0    3    6    0    0     0     0    13     1     0     5     6    12
[2,]   0   92   83    1   14     0     4    55    94    21    88    35    49
[3,]   0   19   21    0    0    25     0     0    17     0    21     0     0
     V7197 V7717 V7748 V7977 V8368 V8502
[1,]    10     0     0    13     0     1
[2,]    42    45     8    59    93    28
[3,]     0     0     0     0    14     0
     V86 V312 V414 V436 V698 V1184 V1476 V1883 V3365 V4290 V4960 V5473 V6928
[1,]   1   21   14    0    0    35     0     0    25     0    17     0     0
[2,]   0  195  213    0    0   144     0     0   187     0   204     0     0
[3,]  39  137  145   41   44     0    43    57   132    45   141    49    55
     V7197 V7717 V7748 V7977 V8368 V8502
[1,]     0     8     0     0    30     0
[2,]     0     1     0     0   178     0
[3,]    52    57    44    58   126    47
[1] "numgenes selected:19"
[1] "test acc:0.66"
[1] "test AUC acc:0.655032467532467"
[1] "10 fold train80"
[1] "confusion matrix train 10 fold"
          nci_y
pred10fold -1  1
        -1 43  2
        1  13 42
[1] "confusion matrix test"
         test_y
pred_test -1  1
       -1 39 17
       1  17 27
[1] "train acc:0.85"
[1] "confusion matrix train"
          nci_y
pred_train -1  1
        -1 43  2
        1  13 42
[1] "DS index stage 1"
[1] NA
[1] "KI index stage 1"
[1] NA
There were 50 or more warnings (use warnings() to see the first 50)
> 
> 
> #1
> CMAres<-performCMA(trainm, trainclass, testm, testclass,outloc,
+ maxnum=as.numeric(args[10]),
+ minnum=3,
+ stepitr=1,
+ gsmethods=c("limma","lasso","rfe","elasticnet", "f.test"), #"lasso","elasticnet","kruskal.test"), #"f.test", "f.test", "elasticnet", "wilcox.test", "welch.test"),
+ pct_train=0.40,
+ accuracyweight=1,
+ featweight=0.06,
+ minpresent=1,
+ kname="radial",
+ norm_method="none",
+ tolerance=0.5,
+ maxitrs=5,
+ classindex=1,
+ numfacts=0,
+ evalmethod="CV",
+ numfolds=10,
+ CVfoldthresh=0.7,
+ varselmethod=args[11],
+ scheme_val="one-vs-all",
+ iter_learn=1,boostweight=rep(0,dim(trainm)[2]))
[1] "dim of trainm is "
[1]   100 10000
[1]   100 10000
[1] "length of factcols"
[1] 0
[1]   100 10000
[1]   100 10000
integer(0)
character(0)
NULL
[1] "ok"
[1] "test class"
 1  2  3  4 
-1 -1 -1  1 
Levels: -1 1
[1] "orig train matrix"
      V1 V2  V3  V4 V5  V6  V7 V8 V9 V10
[1,]   0 71   0  95  0 538 404 20  0   0
[2,]   0 41  82 165 60 554 379  0 71   0
[3,]   0  0   1  40  0 451 402  0  0   0
[4,]   0 56  44 275 14 511 470  0  0   0
[5,] 105  0 141 348  0 268 329  0  0   1
[1] "orig train matrix"
      V1 V2  V3  V4 V5  V6  V7 V8 V9 V10
[1,]   0 71   0  95  0 538 404 20  0   0
[2,]   0 41  82 165 60 554 379  0 71   0
[3,]   0  0   1  40  0 451 402  0  0   0
[4,]   0 56  44 275 14 511 470  0  0   0
[5,] 105  0 141 348  0 268 329  0  0   1
[1]  0 82  1
[1] "norm train matrix"
      V1 V2  V3  V4 V5  V6  V7 V8 V9 V10
[1,]   0 71   0  95  0 538 404 20  0   0
[2,]   0 41  82 165 60 554 379  0 71   0
[3,]   0  0   1  40  0 451 402  0  0   0
[4,]   0 56  44 275 14 511 470  0  0   0
[5,] 105  0 141 348  0 268 329  0  0   1
[1] "mean of feat 2"
[1] 35.33
[1] "sd of feat 2"
[1] 37.69094
[1] "maxnum is "
[1] 20
[1] "# of genes left after filtering:"
[1]   100 10000
GeneSelection: iteration 1 
GeneSelection: iteration 2 
GeneSelection: iteration 3 
GeneSelection: iteration 4 
GeneSelection: iteration 5 
GeneSelection: iteration 6 
GeneSelection: iteration 7 
GeneSelection: iteration 8 
GeneSelection: iteration 9 
GeneSelection: iteration 10 
[1] "varselmethod"
[1] "forward"
[1] "limma:3:71"
[1] "limma:3:71"
[1] "limma:4:71"
[1] "limma:4:71"
[1] "limma:5:70"
[1] "limma:4:71"
[1] "limma:6:69"
[1] "limma:4:71"
[1] "limma:7:70"
[1] "limma:4:71"
[1] "limma:8:67"
[1] "limma:4:71"
[1] "limma:9:69"
[1] "limma:4:71"
[1] "limma:10:71"
[1] "limma:10:71"
[1] "limma:11:70"
[1] "limma:10:71"
[1] "limma:12:74"
[1] "limma:12:74"
[1] "limma:13:70"
[1] "limma:12:74"
[1] "limma:14:73"
[1] "limma:12:74"
[1] "limma:15:72"
[1] "limma:12:74"
[1] "limma:16:72"
[1] "limma:12:74"
[1] "limma:17:82"
[1] "limma:17:82"
[1] "limma:18:81"
[1] "limma:17:82"
[1] "limma:19:83"
[1] "limma:19:83"
[1] "limma:20:82"
[1] "limma:19:83"
GeneSelection: iteration 1 
GeneSelection: iteration 2 
GeneSelection: iteration 3 
GeneSelection: iteration 4 
GeneSelection: iteration 5 
GeneSelection: iteration 6 
GeneSelection: iteration 7 
GeneSelection: iteration 8 
GeneSelection: iteration 9 
GeneSelection: iteration 10 
genelist
1184 4352 9868  312 1552 4290 5672 5956  377 6033 7212 9970  698 2462 3365 5144 
  20   20   20   16   16   14   14   14   10   10   10   10    8    8    8    8 
6584 7197 7234 8135  762 1975 2743 2857 3319 4542 5473 5520 6223 7513 9234 3936 
   8    8    8    8    6    6    6    6    6    6    6    6    6    6    6    4 
4731 4738 8506 9215 9319  271  471 1289 1734 1762 2256 2408 2788 3034 3257 3612 
   4    4    4    4    4    2    2    2    2    2    2    2    2    2    2    2 
4005 4059 4158 4203 4285 4362 4455 4554 4703 4710 5201 5791 5995 6679 7048 7426 
   2    2    2    2    2    2    2    2    2    2    2    2    2    2    2    2 
7437 7652 7928 8378 8918 8954 9082 9275 9818 
   2    2    2    2    2    2    2    2    2 
[1] "varselmethod"
[1] "forward"
[1] "lasso:3:77"
[1] "lasso:3:77"
[1] "lasso:4:80"
[1] "lasso:4:80"
[1] "lasso:5:85"
[1] "lasso:5:85"
[1] "lasso:6:86"
[1] "lasso:6:86"
[1] "lasso:7:91"
[1] "lasso:7:91"
[1] "lasso:8:91"
[1] "lasso:8:91"
[1] "lasso:9:92"
[1] "lasso:9:92"
[1] "lasso:10:91"
[1] "lasso:9:92"
[1] "lasso:11:89"
[1] "lasso:9:92"
[1] "lasso:12:91"
[1] "lasso:9:92"
[1] "lasso:13:92"
[1] "lasso:13:92"
[1] "lasso:14:95"
[1] "lasso:14:95"
[1] "lasso:15:92"
[1] "lasso:14:95"
[1] "lasso:16:91"
[1] "lasso:14:95"
[1] "lasso:17:93"
[1] "lasso:14:95"
[1] "lasso:18:95"
[1] "lasso:18:95"
[1] "lasso:19:95"
[1] "lasso:19:95"
[1] "lasso:20:94"
[1] "lasso:19:95"
GeneSelection: iteration 1 
GeneSelection: iteration 2 
GeneSelection: iteration 3 
GeneSelection: iteration 4 
GeneSelection: iteration 5 
GeneSelection: iteration 6 
GeneSelection: iteration 7 
GeneSelection: iteration 8 
GeneSelection: iteration 9 
GeneSelection: iteration 10 
[1] "varselmethod"
[1] "forward"
[1] "rfe:3:70"
[1] "rfe:3:70"
[1] "rfe:4:67"
[1] "rfe:3:70"
[1] "rfe:5:73"
[1] "rfe:5:73"
[1] "rfe:6:67"
[1] "rfe:5:73"
[1] "rfe:7:65"
[1] "rfe:5:73"
[1] "rfe:8:67"
[1] "rfe:5:73"
[1] "rfe:9:70"
[1] "rfe:5:73"
[1] "rfe:10:67"
[1] "rfe:5:73"
[1] "rfe:11:64"
[1] "rfe:5:73"
[1] "rfe:12:68"
[1] "rfe:5:73"
[1] "rfe:13:70"
[1] "rfe:5:73"
[1] "rfe:14:58"
[1] "rfe:5:73"
[1] "rfe:15:59"
[1] "rfe:5:73"
[1] "rfe:16:62"
GeneSelection: iteration 1 
GeneSelection: iteration 2 
GeneSelection: iteration 3 
GeneSelection: iteration 4 
GeneSelection: iteration 5 
GeneSelection: iteration 6 
GeneSelection: iteration 7 
GeneSelection: iteration 8 
GeneSelection: iteration 9 
GeneSelection: iteration 10 
[1] "varselmethod"
[1] "forward"
[1] "elasticnet:3:79"
[1] "elasticnet:3:79"
[1] "elasticnet:4:78"
[1] "elasticnet:3:79"
[1] "elasticnet:5:84"
[1] "elasticnet:5:84"
[1] "elasticnet:6:84"
[1] "elasticnet:6:84"
[1] "elasticnet:7:89"
[1] "elasticnet:7:89"
[1] "elasticnet:8:89"
[1] "elasticnet:8:89"
[1] "elasticnet:9:89"
[1] "elasticnet:9:89"
[1] "elasticnet:10:87"
[1] "elasticnet:9:89"
[1] "elasticnet:11:90"
[1] "elasticnet:11:90"
[1] "elasticnet:12:88"
[1] "elasticnet:11:90"
[1] "elasticnet:13:89"
[1] "elasticnet:11:90"
[1] "elasticnet:14:90"
[1] "elasticnet:14:90"
[1] "elasticnet:15:87"
[1] "elasticnet:14:90"
[1] "elasticnet:16:88"
[1] "elasticnet:14:90"
[1] "elasticnet:17:90"
[1] "elasticnet:17:90"
[1] "elasticnet:18:95"
[1] "elasticnet:18:95"
[1] "elasticnet:19:93"
[1] "elasticnet:18:95"
[1] "elasticnet:20:94"
[1] "elasticnet:18:95"
GeneSelection: iteration 1 
GeneSelection: iteration 2 
GeneSelection: iteration 3 
GeneSelection: iteration 4 
GeneSelection: iteration 5 
GeneSelection: iteration 6 
GeneSelection: iteration 7 
GeneSelection: iteration 8 
GeneSelection: iteration 9 
GeneSelection: iteration 10 
[1] "varselmethod"
[1] "forward"
[1] "f.test:3:70"
[1] "f.test:3:70"
[1] "f.test:4:71"
[1] "f.test:4:71"
[1] "f.test:5:69"
[1] "f.test:4:71"
[1] "f.test:6:68"
[1] "f.test:4:71"
[1] "f.test:7:71"
[1] "f.test:7:71"
[1] "f.test:8:68"
[1] "f.test:7:71"
[1] "f.test:9:69"
[1] "f.test:7:71"
[1] "f.test:10:71"
[1] "f.test:10:71"
[1] "f.test:11:72"
[1] "f.test:11:72"
[1] "f.test:12:71"
[1] "f.test:11:72"
[1] "f.test:13:69"
[1] "f.test:11:72"
[1] "f.test:14:70"
[1] "f.test:11:72"
[1] "f.test:15:73"
[1] "f.test:15:73"
[1] "f.test:16:68"
[1] "f.test:15:73"
[1] "f.test:17:83"
[1] "f.test:17:83"
[1] "f.test:18:82"
[1] "f.test:17:83"
[1] "f.test:19:79"
[1] "f.test:17:83"
[1] "f.test:20:80"
[1] "f.test:17:83"
[1] "dim of scoring matrix is "
[1] 10000     5
[1] 10000
[1] "DS index stage 1"
[1] 0.3283743
[1] "bestgenelist"
 [1]    1    2   86  312  377  414  436  698 1184 1476 1552 1627 1883 2462 3365
[16] 3644 4290 4352 4542 4960 5144 5473 5672 5956 6033 6584 6814 6928 7197 7212
[31] 7234 7513 7748 7977 8368 8502 9027 9234 9868 9970
     V1 V2 V86 V312 V377 V414 V436 V698 V1184 V1476 V1552 V1627 V1883 V2462
[1,]  0 71   0    3    0    6    0    0     0     0    14     0    13   156
[2,]  0 41   0   92    0   83    1   14     0     4    57     0    55   197
[3,]  0  0   0   19    0   21    0    0    25     0    16     0     0   172
     V3365 V3644 V4290 V4352 V4542 V4960 V5144 V5473 V5672 V5956 V6033 V6584
[1,]     1     0     0     0     5     5    45     6     0     0     0    34
[2,]    94     0    21     0     0    88     0    35     0     0    49    32
[3,]    17   287     0     0     0    21   223     0     0     0     0    14
     V6814 V6928 V7197 V7212 V7234 V7513 V7748 V7977 V8368 V8502 V9027 V9234
[1,]    63    12    10     0     0     0     0    13     0     1     5     0
[2,]   317    49    42    34    14    32     8    59    93    28    75    46
[3,]   161     0     0     0     0     0     0     0    14     0    20     4
     V9868 V9970
[1,]     0     0
[2,]     0    35
[3,]    13     0
     V1 V2 V86 V312 V377 V414 V436 V698 V1184 V1476 V1552 V1627 V1883 V2462
[1,]  0  0   1   21   23   14    0    0    35     0     0    54     0   252
[2,]  0  7   0  195    0  213    0    0   144     0    81     0     0   282
[3,]  0 32  39  137    0  145   41   44     0    43     9    19    57    88
     V3365 V3644 V4290 V4352 V4542 V4960 V5144 V5473 V5672 V5956 V6033 V6584
[1,]    25     0     0     0    11    17    35     0     0     0     8    11
[2,]   187   672     0    49     0   204    18     0     0     0    57     0
[3,]   132     0    45     1     0   141    15    49    23    57    25     0
     V6814 V6928 V7197 V7212 V7234 V7513 V7748 V7977 V8368 V8502 V9027 V9234
[1,]    90     0     0     0    12     0     0     0    30     0    11    39
[2,]   160     0     0     0     0     0     0     0   178     0   222     0
[3,]    85    55    52     4     9     3    44    58   126    47   148    37
     V9868 V9970
[1,]     0     0
[2,]     0    36
[3,]     7    31
[1] "numgenes selected:40"
[1] "test acc:0.73"
[1] "test AUC acc:0.719967532467532"
[1] "10 fold train98"
[1] "confusion matrix train 10 fold"
          nci_y
pred10fold -1  1
        -1 56  1
        1   0 43
[1] "confusion matrix test"
         test_y
pred_test -1  1
       -1 45 16
       1  11 28
[1] "train acc:0.99"
[1] "confusion matrix train"
          nci_y
pred_train -1  1
        -1 56  1
        1   0 43
[1] "DS index stage 1"
[1] 0.3283743
[1] "KI index stage 1"
[1] 0.6417836
There were 23 warnings (use warnings() to see them)
> 
> cma_feat_list<-colnames(trainm)
> 
> save(CMAres,file="CMAres.Rda")
> write.table(cma_feat_list,file="selected_cma_feat_list.txt",sep="t",row.names=FALSE)
> 
> # modtraindata=modtrain, modtestdata=modtest, blindtest=testacc, modtrainclass=nci_y, modtestclass=test_y
> #if(FALSE)
> {
+ trainm<-CMAres$modtraindata
+ testm<-CMAres$modtestdata
+ trainclass<-CMAres$modtrainclass
+ testclass<-CMAres$modtestclass
+ learningsets<-CMAres$learningsets
+ }
> 
> if(FALSE)
+ {
+ trainclass<-trainm[,1] #CMAres$modtrainclass
+ testclass<-testm[,1] #CMAres$modtestclass
+ trainm<-trainm[,-c(1)] #CMAres$modtrainmata
+ testm<-testm[,-c(1)] #CMAres$modtestmata
+ 
+ }
> 
> d_dim<-dim(trainm)
> 
> print("Original dimension")
[1] "Original dimension"
> print(d_dim)
[1] 100  40
> 
> 
> system.time(psores<-run_pso(outloc=outloc,trainm,trainclass,testm,testclass,transition_matrix,c1=2.05,
+ c2=2.05,
+ itr=10,
+ globalpso_maxitr=10,
+ global_max_itr=10,
+ num_part=20,
+ kname="radial",
+ errortype="BER",
+ weightA<-as.numeric(args[1]),
+ weightB<-as.numeric(args[2]),
+ weightC<-as.numeric(args[3]),
+ weightD<-as.numeric(args[4]),
+ featweight.max=0.1,
+ featweight.min=0.01,
+ numfolds=10,
+ followerprob=as.numeric(args[6]),
+ confusionprob=as.numeric(args[7]),
+ leaderprob=as.numeric(args[8]),
+ wmax=1,
+ wmin=0.1,
+ behavior_reset_itr=5,
+ maxitrreset=10,
+ num_neighbors=3,
+ minselect.pct=0.5,
+ evalMode="CV2",
+ minfitnessthresh=50,
+ maxnum=as.numeric(args[10]),minnum=3,inertia_method=args[5],particlebehav_method="randbased",constriction_factor=1,
+ select.global.best=TRUE,numnodes=4,evalFunc=eval_fit_kfold_diff,itr.terminate=FALSE,train.pct=0.8))
[1] "c1: 2.05"
[1] "c2: 2.05"
[1] "itr: 10"
[1] "globalpso_maxitr: 10"
[1] "global_max_itr: 10"
[1] "num_part: 20"
[1] "kname: radial"
[1] "errortype: BER"
[1] "weightA: 0.8"
[1] "weightB: 0.05"
[1] "weightC: 0.05"
[1] "weightD: 0.1"
[1] "featweight.max: 0.1"
[1] "featweight.min: 0.01"
[1] "numfolds: 10"
[1] "followerprob: 0.3"
[1] "confusionprob: 0.1"
[1] "leaderprob: 0.5"
[1] "wmax: 1"
[1] "wmin: 0.1"
[1] "behavior_reset_itr: 5"
[1] "maxitrreset: 10"
[1] "num_neighbors: 3"
[1] "minselect.pct: 0.5"
[1] "minfitnessthresh: 50"
[1] "maxnum: 20"
[1] "minnum: 3"
[1] "inertia_method: global"
[1] "particlebehav_method: randbased"
[1] "constriction_factor: 1"
[1] "select.global.best: TRUE"
[1] "train 10 fold"
[1] 96
[1] "here"
[1] "s"
[1] 80
[1] 100  40
[1] 10
[1] "learning sets: 1"
 [1] 96 92 20 21 34 26 37 22 35 65 45 25 54  5 40 15 42 23 19 38 89 56 51 76 28
[26] 63 47 99  8 53 10 90 43 60 86 17 83  2 46 97 95  9 11 79 18 50  1 94 81 85
[51] 82 55 69 88 24 49 36 91  4 78 27 31 75 93 41 70 44 84 33 58 12  3 72 57 16
[76] 87 52 29 59 64
[1] "Starting global iteration number : 1"
[1] "iteration number: "
[1] 1
[1] "iteration number: "
[1] 2
[1] "iteration number: "
[1] 3
[1] "iteration number: "
[1] 4
[1] "iteration number: "
[1] 5
[1] "iteration number: "
[1] 6
[1] "iteration number: "
[1] 7
[1] "iteration number: "
[1] 8
[1] "iteration number: "
[1] 9
[1] "iteration number: "
[1] 10
[1] "iteration number: "
[1] 11
[1] "iteration number: "
[1] 12
[1] "iteration number: "
[1] 13
[1] "iteration number: "
[1] 14
[1] "iteration number: "
[1] 15
[1] "iteration number: "
[1] 16
[1] "iteration number: "
[1] 17
[1] "iteration number: "
[1] 18
[1] "iteration number: "
[1] 19
[1] "iteration number: "
[1] 20
[1] "iteration number: "
[1] 21
[1] "iteration number: "
[1] 22
[1] "iteration number: "
[1] 23
[1] "iteration number: "
[1] 24
[1] "iteration number: "
[1] 25
[1] "iteration number: "
[1] 26
[1] "iteration number: "
[1] 27
[1] "iteration number: "
[1] 28
[1] "iteration number: "
[1] 29
[1] "iteration number: "
[1] 30
[1] "iteration number: "
[1] 31
[1] "iteration number: "
[1] 32
[1] "iteration number: "
[1] 33
[1] "iteration number: "
[1] 34
[1] "iteration number: "
[1] 35
[1] "iteration number: "
[1] 36
[1] "iteration number: "
[1] 37
[1] "iteration number: "
[1] 38
[1] "iteration number: "
[1] 39
[1] "iteration number: "
[1] 40
[1] "iteration number: "
[1] 41
[1] "iteration number: "
[1] 42
[1] "iteration number: "
[1] 43
[1] "iteration number: "
[1] 44
[1] "iteration number: "
[1] 45
[1] "iteration number: "
[1] 46
[1] "iteration number: "
[1] 47
[1] "iteration number: "
[1] 48
[1] "iteration number: "
[1] 49
[1] "iteration number: "
[1] 50
[1] "iteration number: "
[1] 51
[1] "iteration number: "
[1] 52
[1] "iteration number: "
[1] 53
[1] "iteration number: "
[1] 54
[1] "iteration number: "
[1] 55
[1] "iteration number: "
[1] 56
[1] "iteration number: "
[1] 57
[1] "iteration number: "
[1] 58
[1] "iteration number: "
[1] 59
[1] "iteration number: "
[1] 60
[1] "iteration number: "
[1] 61
[1] "iteration number: "
[1] 62
[1] "iteration number: "
[1] 63
[1] "iteration number: "
[1] 64
[1] "iteration number: "
[1] 65
[1] "iteration number: "
[1] 66
[1] "iteration number: "
[1] 67
[1] "iteration number: "
[1] 68
[1] "iteration number: "
[1] 69
[1] "iteration number: "
[1] 70
[1] "iteration number: "
[1] 71
[1] "iteration number: "
[1] 72
[1] "iteration number: "
[1] 73
[1] "iteration number: "
[1] 74
[1] "iteration number: "
[1] 75
[1] "iteration number: "
[1] 76
[1] "iteration number: "
[1] 77
[1] "iteration number: "
[1] 78
[1] "iteration number: "
[1] 79
[1] "iteration number: "
[1] 80
[1] "iteration number: "
[1] 81
[1] "iteration number: "
[1] 82
[1] "iteration number: "
[1] 83
[1] "iteration number: "
[1] 84
[1] "iteration number: "
[1] 85
[1] "iteration number: "
[1] 86
[1] "iteration number: "
[1] 87
[1] "iteration number: "
[1] 88
[1] "iteration number: "
[1] 89
[1] "iteration number: "
[1] 90
[1] "iteration number: "
[1] 91
[1] "iteration number: "
[1] 92
[1] "iteration number: "
[1] 93
[1] "iteration number: "
[1] 94
[1] "iteration number: "
[1] 95
[1] "iteration number: "
[1] 96
[1] "iteration number: "
[1] 97
[1] "iteration number: "
[1] 98
[1] "iteration number: "
[1] 99
[1] "iteration number: "
[1] 100
[1] "iteration number: "
[1] 101
[1] "iteration number: "
[1] 102
[1] "iteration number: "
[1] 103
[1] "iteration number: "
[1] 104
[1] "iteration number: "
[1] 105
[1] "iteration number: "
[1] 106
[1] "iteration number: "
[1] 107
[1] "iteration number: "
[1] 108
[1] "iteration number: "
[1] 109
[1] "iteration number: "
[1] 110
[1] "iteration number: "
[1] 111
[1] "iteration number: "
[1] 112
[1] "iteration number: "
[1] 113
[1] "iteration number: "
[1] 114
[1] "iteration number: "
[1] 115
[1] "iteration number: "
[1] 116
[1] "iteration number: "
[1] 117
[1] "iteration number: "
[1] 118
[1] "iteration number: "
[1] 119
[1] "iteration number: "
[1] 120
[1] "iteration number: "
[1] 121
[1] "iteration number: "
[1] 122
[1] "iteration number: "
[1] 123
[1] "iteration number: "
[1] 124
[1] "iteration number: "
[1] 125
[1] "iteration number: "
[1] 126
[1] "iteration number: "
[1] 127
[1] "iteration number: "
[1] 128
[1] "iteration number: "
[1] 129
[1] "iteration number: "
[1] 130
[1] "iteration number: "
[1] 131
[1] "iteration number: "
[1] 132
[1] "iteration number: "
[1] 133
[1] "iteration number: "
[1] 134
[1] "iteration number: "
[1] 135
[1] "iteration number: "
[1] 136
[1] "iteration number: "
[1] 137
[1] "iteration number: "
[1] 138
[1] "iteration number: "
[1] 139
[1] "iteration number: "
[1] 140
[1] "iteration number: "
[1] 141
[1] "iteration number: "
[1] 142
[1] "iteration number: "
[1] 143
[1] "iteration number: "
[1] 144
[1] "iteration number: "
[1] 145
[1] "iteration number: "
[1] 146
[1] "iteration number: "
[1] 147
[1] "iteration number: "
[1] 148
[1] "iteration number: "
[1] 149
[1] "iteration number: "
[1] 150
[1] "iteration number: "
[1] 151
[1] "iteration number: "
[1] 152
[1] "iteration number: "
[1] 153
[1] "iteration number: "
[1] 154
[1] "iteration number: "
[1] 155
[1] "iteration number: "
[1] 156
[1] "iteration number: "
[1] 157
[1] "iteration number: "
[1] 158
[1] "iteration number: "
[1] 159
[1] "iteration number: "
[1] 160
[1] "iteration number: "
[1] 161
[1] "iteration number: "
[1] 162
[1] "iteration number: "
[1] 163
[1] "iteration number: "
[1] 164
[1] "iteration number: "
[1] 165
[1] "iteration number: "
[1] 166
[1] "iteration number: "
[1] 167
[1] "iteration number: "
[1] 168
[1] "iteration number: "
[1] 169
[1] "iteration number: "
[1] 170
[1] "iteration number: "
[1] 171
[1] "iteration number: "
[1] 172
[1] "iteration number: "
[1] 173
[1] "iteration number: "
[1] 174
[1] "iteration number: "
[1] 175
[1] "iteration number: "
[1] 176
[1] "iteration number: "
[1] 177
[1] "iteration number: "
[1] 178
[1] "iteration number: "
[1] 179
[1] "iteration number: "
[1] 180
[1] "iteration number: "
[1] 181
[1] "iteration number: "
[1] 182
[1] "iteration number: "
[1] 183
[1] "iteration number: "
[1] 184
[1] "iteration number: "
[1] 185
[1] "iteration number: "
[1] 186
[1] "iteration number: "
[1] 187
[1] "iteration number: "
[1] 188
[1] "iteration number: "
[1] 189
[1] "iteration number: "
[1] 190
[1] "iteration number: "
[1] 191
[1] "iteration number: "
[1] 192
[1] "iteration number: "
[1] 193
[1] "iteration number: "
[1] 194
[1] "iteration number: "
[1] 195
[1] "iteration number: "
[1] 196
[1] "iteration number: "
[1] 197
[1] "iteration number: "
[1] 198
[1] "iteration number: "
[1] 199
[1] "iteration number: "
[1] 200
[1] "iteration number: "
[1] 201
[1] "iteration number: "
[1] 202
[1] "iteration number: "
[1] 203
[1] "iteration number: "
[1] 204
[1] "iteration number: "
[1] 205
[1] "iteration number: "
[1] 206
[1] "iteration number: "
[1] 207
[1] "iteration number: "
[1] 208
[1] "iteration number: "
[1] 209
[1] "iteration number: "
[1] 210
[1] "iteration number: "
[1] 211
[1] "iteration number: "
[1] 212
[1] "iteration number: "
[1] 213
[1] "iteration number: "
[1] 214
[1] "iteration number: "
[1] 215
[1] "iteration number: "
[1] 216
[1] "iteration number: "
[1] 217
[1] "iteration number: "
[1] 218
[1] "iteration number: "
[1] 219
[1] "iteration number: "
[1] 220
[1] "iteration number: "
[1] 221
[1] "iteration number: "
[1] 222
[1] "iteration number: "
[1] 223
[1] "iteration number: "
[1] 224
[1] "iteration number: "
[1] 225
[1] "iteration number: "
[1] 226
[1] "iteration number: "
[1] 227
[1] "iteration number: "
[1] 228
[1] "iteration number: "
[1] 229
[1] "iteration number: "
[1] 230
[1] "iteration number: "
[1] 231
[1] "iteration number: "
[1] 232
[1] "iteration number: "
[1] 233
[1] "iteration number: "
[1] 234
[1] "iteration number: "
[1] 235
[1] "iteration number: "
[1] 236
[1] "iteration number: "
[1] 237
[1] "iteration number: "
[1] 238
[1] "iteration number: "
[1] 239
[1] "iteration number: "
[1] 240
[1] "iteration number: "
[1] 241
[1] "iteration number: "
[1] 242
[1] "iteration number: "
[1] 243
[1] "iteration number: "
[1] 244
[1] "iteration number: "
[1] 245
[1] "iteration number: "
[1] 246
[1] "iteration number: "
[1] 247
[1] "iteration number: "
[1] 248
[1] "iteration number: "
[1] 249
[1] "iteration number: "
[1] 250
[1] "iteration number: "
[1] 251
[1] "iteration number: "
[1] 252
[1] "iteration number: "
[1] 253
[1] "iteration number: "
[1] 254
[1] "iteration number: "
[1] 255
[1] "iteration number: "
[1] 256
[1] "iteration number: "
[1] 257
[1] "iteration number: "
[1] 258
[1] "iteration number: "
[1] 259
[1] "iteration number: "
[1] 260
[1] "iteration number: "
[1] 261
[1] "iteration number: "
[1] 262
[1] "iteration number: "
[1] 263
[1] "iteration number: "
[1] 264
[1] "iteration number: "
[1] 265
[1] "iteration number: "
[1] 266
[1] "iteration number: "
[1] 267
[1] "iteration number: "
[1] 268
[1] "iteration number: "
[1] 269
[1] "iteration number: "
[1] 270
[1] "iteration number: "
[1] 271
[1] "iteration number: "
[1] 272
[1] "iteration number: "
[1] 273
[1] "iteration number: "
[1] 274
[1] "iteration number: "
[1] 275
[1] "iteration number: "
[1] 276
[1] "iteration number: "
[1] 277
[1] "iteration number: "
[1] 278
[1] "iteration number: "
[1] 279
[1] "iteration number: "
[1] 280
[1] "iteration number: "
[1] 281
[1] "iteration number: "
[1] 282
[1] "iteration number: "
[1] 283
[1] "iteration number: "
[1] 284
[1] "iteration number: "
[1] 285
[1] "iteration number: "
[1] 286
[1] "iteration number: "
[1] 287
[1] "iteration number: "
[1] 288
[1] "iteration number: "
[1] 289
[1] "iteration number: "
[1] 290
[1] "No change for 11 iterations. Exiting PSO."
[1] "##################################"
[1] "Results summary for itr:1"
[1] "number of features selected using population mean"
[1] 27
[1] "number of features selected using current global best"
[1] 27
[1] "feat ind length"
[1] 27
[1] "best accuracy"
[1] 52.24034
[1] "test acc:1"
[1] "##################################"
[1] "learning sets: 2"
 [1]  30  13  86  19  17  45  22   2   9  51  79  10  95  21  46   6  68  42   8
[20]  90  67  77  48  89  65  25  20  96  66  63  34  18  35  74  83   5  60  40
[39]  26  28  38  15  37  54  97  33  32  61  93  84  55  80  85  39  29  57  12
[58]  24  64   3  44  27  88   7  14  41  72  87 100  75   4  49  52  69  62  81
[77]  98  50  91  16
[1] "Starting global iteration number : 2"
[1] "iteration number: "
[1] 1
[1] "iteration number: "
[1] 2
[1] "iteration number: "
[1] 3
[1] "iteration number: "
[1] 4
[1] "iteration number: "
[1] 5
[1] "iteration number: "
[1] 6
[1] "iteration number: "
[1] 7
[1] "iteration number: "
[1] 8
[1] "iteration number: "
[1] 9
[1] "iteration number: "
[1] 10
[1] "iteration number: "
[1] 11
[1] "iteration number: "
[1] 12
[1] "iteration number: "
[1] 13
[1] "iteration number: "
[1] 14
[1] "iteration number: "
[1] 15
[1] "iteration number: "
[1] 16
[1] "iteration number: "
[1] 17
[1] "iteration number: "
[1] 18
[1] "iteration number: "
[1] 19
[1] "iteration number: "
[1] 20
[1] "iteration number: "
[1] 21
[1] "iteration number: "
[1] 22
[1] "iteration number: "
[1] 23
[1] "iteration number: "
[1] 24
[1] "iteration number: "
[1] 25
[1] "iteration number: "
[1] 26
[1] "iteration number: "
[1] 27
[1] "iteration number: "
[1] 28
[1] "iteration number: "
[1] 29
[1] "iteration number: "
[1] 30
[1] "iteration number: "
[1] 31
[1] "iteration number: "
[1] 32
[1] "iteration number: "
[1] 33
[1] "iteration number: "
[1] 34
[1] "iteration number: "
[1] 35
[1] "iteration number: "
[1] 36
[1] "iteration number: "
[1] 37
[1] "iteration number: "
[1] 38
[1] "iteration number: "
[1] 39
[1] "iteration number: "
[1] 40
[1] "iteration number: "
[1] 41
[1] "iteration number: "
[1] 42
[1] "iteration number: "
[1] 43
[1] "iteration number: "
[1] 44
[1] "iteration number: "
[1] 45
[1] "iteration number: "
[1] 46
[1] "iteration number: "
[1] 47
[1] "iteration number: "
[1] 48
[1] "iteration number: "
[1] 49
[1] "iteration number: "
[1] 50
[1] "iteration number: "
[1] 51
[1] "iteration number: "
[1] 52
[1] "iteration number: "
[1] 53
[1] "iteration number: "
[1] 54
[1] "iteration number: "
[1] 55
[1] "iteration number: "
[1] 56
[1] "iteration number: "
[1] 57
[1] "iteration number: "
[1] 58
[1] "iteration number: "
[1] 59
[1] "iteration number: "
[1] 60
[1] "iteration number: "
[1] 61
[1] "iteration number: "
[1] 62
[1] "iteration number: "
[1] 63
[1] "iteration number: "
[1] 64
[1] "iteration number: "
[1] 65
[1] "iteration number: "
[1] 66
[1] "iteration number: "
[1] 67
[1] "iteration number: "
[1] 68
[1] "iteration number: "
[1] 69
[1] "iteration number: "
[1] 70
[1] "iteration number: "
[1] 71
[1] "iteration number: "
[1] 72
[1] "iteration number: "
[1] 73
[1] "iteration number: "
[1] 74
[1] "iteration number: "
[1] 75
[1] "iteration number: "
[1] 76
[1] "iteration number: "
[1] 77
[1] "iteration number: "
[1] 78
[1] "iteration number: "
[1] 79
[1] "iteration number: "
[1] 80
[1] "iteration number: "
[1] 81
[1] "iteration number: "
[1] 82
[1] "iteration number: "
[1] 83
[1] "iteration number: "
[1] 84
[1] "iteration number: "
[1] 85
[1] "iteration number: "
[1] 86
[1] "iteration number: "
[1] 87
[1] "iteration number: "
[1] 88
[1] "iteration number: "
[1] 89
[1] "iteration number: "
[1] 90
[1] "iteration number: "
[1] 91
[1] "iteration number: "
[1] 92
[1] "iteration number: "
[1] 93
[1] "iteration number: "
[1] 94
[1] "iteration number: "
[1] 95
[1] "iteration number: "
[1] 96
[1] "iteration number: "
[1] 97
[1] "iteration number: "
[1] 98
[1] "iteration number: "
[1] 99
[1] "iteration number: "
[1] 100
[1] "iteration number: "
[1] 101
[1] "iteration number: "
[1] 102
[1] "iteration number: "
[1] 103
[1] "iteration number: "
[1] 104
[1] "iteration number: "
[1] 105
[1] "iteration number: "
[1] 106
[1] "iteration number: "
[1] 107
[1] "iteration number: "
[1] 108
[1] "iteration number: "
[1] 109
[1] "iteration number: "
[1] 110
[1] "iteration number: "
[1] 111
[1] "iteration number: "
[1] 112
[1] "iteration number: "
[1] 113
[1] "iteration number: "
[1] 114
[1] "iteration number: "
[1] 115
[1] "iteration number: "
[1] 116
[1] "iteration number: "
[1] 117
[1] "iteration number: "
[1] 118
[1] "iteration number: "
[1] 119
[1] "iteration number: "
[1] 120
[1] "iteration number: "
[1] 121
[1] "iteration number: "
[1] 122
[1] "iteration number: "
[1] 123
[1] "iteration number: "
[1] 124
[1] "iteration number: "
[1] 125
[1] "iteration number: "
[1] 126
[1] "iteration number: "
[1] 127
[1] "iteration number: "
[1] 128
[1] "iteration number: "
[1] 129
[1] "iteration number: "
[1] 130
[1] "iteration number: "
[1] 131
[1] "iteration number: "
[1] 132
[1] "iteration number: "
[1] 133
[1] "iteration number: "
[1] 134
[1] "iteration number: "
[1] 135
[1] "iteration number: "
[1] 136
[1] "iteration number: "
[1] 137
[1] "iteration number: "
[1] 138
[1] "iteration number: "
[1] 139
[1] "iteration number: "
[1] 140
[1] "iteration number: "
[1] 141
[1] "iteration number: "
[1] 142
[1] "iteration number: "
[1] 143
[1] "iteration number: "
[1] 144
[1] "iteration number: "
[1] 145
[1] "iteration number: "
[1] 146
[1] "iteration number: "
[1] 147
[1] "iteration number: "
[1] 148
[1] "iteration number: "
[1] 149
[1] "iteration number: "
[1] 150
[1] "iteration number: "
[1] 151
[1] "iteration number: "
[1] 152
[1] "iteration number: "
[1] 153
[1] "iteration number: "
[1] 154
[1] "iteration number: "
[1] 155
[1] "iteration number: "
[1] 156
[1] "iteration number: "
[1] 157
[1] "iteration number: "
[1] 158
[1] "iteration number: "
[1] 159
[1] "iteration number: "
[1] 160
[1] "iteration number: "
[1] 161
[1] "iteration number: "
[1] 162
[1] "iteration number: "
[1] 163
[1] "iteration number: "
[1] 164
[1] "iteration number: "
[1] 165
[1] "iteration number: "
[1] 166
[1] "iteration number: "
[1] 167
[1] "iteration number: "
[1] 168
[1] "iteration number: "
[1] 169
[1] "iteration number: "
[1] 170
[1] "iteration number: "
[1] 171
[1] "iteration number: "
[1] 172
[1] "iteration number: "
[1] 173
[1] "iteration number: "
[1] 174
[1] "iteration number: "
[1] 175
[1] "iteration number: "
[1] 176
[1] "iteration number: "
[1] 177
[1] "iteration number: "
[1] 178
[1] "iteration number: "
[1] 179
[1] "iteration number: "
[1] 180
[1] "iteration number: "
[1] 181
[1] "iteration number: "
[1] 182
[1] "iteration number: "
[1] 183
[1] "iteration number: "
[1] 184
[1] "iteration number: "
[1] 185
[1] "iteration number: "
[1] 186
[1] "iteration number: "
[1] 187
[1] "iteration number: "
[1] 188
[1] "iteration number: "
[1] 189
[1] "iteration number: "
[1] 190
[1] "iteration number: "
[1] 191
[1] "iteration number: "
[1] 192
[1] "iteration number: "
[1] 193
[1] "iteration number: "
[1] 194
[1] "iteration number: "
[1] 195
[1] "iteration number: "
[1] 196
[1] "iteration number: "
[1] 197
[1] "iteration number: "
[1] 198
[1] "iteration number: "
[1] 199
[1] "iteration number: "
[1] 200
[1] "iteration number: "
[1] 201
[1] "iteration number: "
[1] 202
[1] "iteration number: "
[1] 203
[1] "iteration number: "
[1] 204
[1] "iteration number: "
[1] 205
[1] "iteration number: "
[1] 206
[1] "iteration number: "
[1] 207
[1] "iteration number: "
[1] 208
[1] "iteration number: "
[1] 209
[1] "iteration number: "
[1] 210
[1] "iteration number: "
[1] 211
[1] "iteration number: "
[1] 212
[1] "iteration number: "
[1] 213
[1] "iteration number: "
[1] 214
[1] "iteration number: "
[1] 215
[1] "iteration number: "
[1] 216
[1] "iteration number: "
[1] 217
[1] "iteration number: "
[1] 218
[1] "iteration number: "
[1] 219
[1] "iteration number: "
[1] 220
[1] "iteration number: "
[1] 221
[1] "iteration number: "
[1] 222
[1] "iteration number: "
[1] 223
[1] "iteration number: "
[1] 224
[1] "iteration number: "
[1] 225
[1] "iteration number: "
[1] 226
[1] "iteration number: "
[1] 227
[1] "iteration number: "
[1] 228
[1] "iteration number: "
[1] 229
[1] "iteration number: "
[1] 230
[1] "iteration number: "
[1] 231
[1] "iteration number: "
[1] 232
[1] "iteration number: "
[1] 233
[1] "iteration number: "
[1] 234
[1] "iteration number: "
[1] 235
[1] "iteration number: "
[1] 236
[1] "iteration number: "
[1] 237
[1] "iteration number: "
[1] 238
[1] "iteration number: "
[1] 239
[1] "iteration number: "
[1] 240
[1] "iteration number: "
[1] 241
[1] "iteration number: "
[1] 242
[1] "iteration number: "
[1] 243
[1] "iteration number: "
[1] 244
[1] "iteration number: "
[1] 245
[1] "iteration number: "
[1] 246
[1] "iteration number: "
[1] 247
[1] "iteration number: "
[1] 248
[1] "iteration number: "
[1] 249
[1] "iteration number: "
[1] 250
[1] "iteration number: "
[1] 251
[1] "iteration number: "
[1] 252
[1] "iteration number: "
[1] 253
[1] "iteration number: "
[1] 254
[1] "iteration number: "
[1] 255
[1] "iteration number: "
[1] 256
[1] "No change for 11 iterations. Exiting PSO."
[1] "##################################"
[1] "Results summary for itr:2"
[1] "number of features selected using population mean"
[1] 37
[1] "number of features selected using current global best"
[1] 37
[1] "feat ind length"
[1] 37
[1] "best accuracy"
[1] 53.68752
[1] "test acc:0.85"
[1] "##################################"
[1] "learning sets: 3"
 [1]  60  17  53  90  74  43  92  76  13  38  15   8  77  73  25  66  42  95  97
[20]  23  10  65  35  71  34  37  46  83  96   5  40  86  20  22  30  79  67  56
[39]  63  89   2  54   9  28  99 100  84  41  55  75  31  39  12  36  62  49  78
[58]  70  85  91  58  50  33  82  88  24   3  16   1  93  87  72  64  57  94  98
[77]  81  29  52  80
[1] "Starting global iteration number : 3"
[1] "iteration number: "
[1] 1
[1] "iteration number: "
[1] 2
[1] "iteration number: "
[1] 3
[1] "iteration number: "
[1] 4
[1] "iteration number: "
[1] 5
[1] "iteration number: "
[1] 6
[1] "iteration number: "
[1] 7
[1] "iteration number: "
[1] 8
[1] "iteration number: "
[1] 9
[1] "iteration number: "
[1] 10
[1] "iteration number: "
[1] 11
[1] "iteration number: "
[1] 12
[1] "iteration number: "
[1] 13
[1] "iteration number: "
[1] 14
[1] "iteration number: "
[1] 15
[1] "iteration number: "
[1] 16
[1] "iteration number: "
[1] 17
[1] "iteration number: "
[1] 18
[1] "iteration number: "
[1] 19
[1] "iteration number: "
[1] 20
[1] "iteration number: "
[1] 21
[1] "iteration number: "
[1] 22
[1] "iteration number: "
[1] 23
[1] "iteration number: "
[1] 24
[1] "iteration number: "
[1] 25
[1] "iteration number: "
[1] 26
[1] "iteration number: "
[1] 27
[1] "iteration number: "
[1] 28
[1] "iteration number: "
[1] 29
[1] "iteration number: "
[1] 30
[1] "iteration number: "
[1] 31
[1] "iteration number: "
[1] 32
[1] "iteration number: "
[1] 33
[1] "iteration number: "
[1] 34
[1] "iteration number: "
[1] 35
[1] "iteration number: "
[1] 36
[1] "iteration number: "
[1] 37
[1] "iteration number: "
[1] 38
[1] "iteration number: "
[1] 39
[1] "iteration number: "
[1] 40
[1] "iteration number: "
[1] 41
[1] "iteration number: "
[1] 42
[1] "iteration number: "
[1] 43
[1] "iteration number: "
[1] 44
[1] "iteration number: "
[1] 45
[1] "iteration number: "
[1] 46
[1] "iteration number: "
[1] 47
[1] "iteration number: "
[1] 48
[1] "iteration number: "
[1] 49
[1] "iteration number: "
[1] 50
[1] "iteration number: "
[1] 51
[1] "iteration number: "
[1] 52
[1] "iteration number: "
[1] 53
[1] "iteration number: "
[1] 54
[1] "iteration number: "
[1] 55
[1] "iteration number: "
[1] 56
[1] "iteration number: "
[1] 57
[1] "iteration number: "
[1] 58
[1] "iteration number: "
[1] 59
[1] "iteration number: "
[1] 60
[1] "iteration number: "
[1] 61
[1] "iteration number: "
[1] 62
[1] "iteration number: "
[1] 63
[1] "iteration number: "
[1] 64
[1] "iteration number: "
[1] 65
[1] "iteration number: "
[1] 66
[1] "iteration number: "
[1] 67
[1] "iteration number: "
[1] 68
[1] "iteration number: "
[1] 69
[1] "iteration number: "
[1] 70
[1] "iteration number: "
[1] 71
[1] "iteration number: "
[1] 72
[1] "iteration number: "
[1] 73
[1] "iteration number: "
[1] 74
[1] "iteration number: "
[1] 75
[1] "iteration number: "
[1] 76
[1] "iteration number: "
[1] 77
[1] "iteration number: "
[1] 78
[1] "iteration number: "
[1] 79
[1] "iteration number: "
[1] 80
[1] "iteration number: "
[1] 81
[1] "iteration number: "
[1] 82
[1] "iteration number: "
[1] 83
[1] "iteration number: "
[1] 84
[1] "iteration number: "
[1] 85
[1] "iteration number: "
[1] 86
[1] "iteration number: "
[1] 87
[1] "iteration number: "
[1] 88
[1] "iteration number: "
[1] 89
[1] "iteration number: "
[1] 90
[1] "iteration number: "
[1] 91
[1] "iteration number: "
[1] 92
[1] "iteration number: "
[1] 93
[1] "iteration number: "
[1] 94
[1] "iteration number: "
[1] 95
[1] "iteration number: "
[1] 96
[1] "iteration number: "
[1] 97
[1] "iteration number: "
[1] 98
[1] "iteration number: "
[1] 99
[1] "iteration number: "
[1] 100
[1] "iteration number: "
[1] 101
[1] "iteration number: "
[1] 102
[1] "iteration number: "
[1] 103
[1] "iteration number: "
[1] 104
[1] "iteration number: "
[1] 105
[1] "iteration number: "
[1] 106
[1] "iteration number: "
[1] 107
[1] "iteration number: "
[1] 108
[1] "iteration number: "
[1] 109
[1] "iteration number: "
[1] 110
[1] "iteration number: "
[1] 111
[1] "iteration number: "
[1] 112
[1] "iteration number: "
[1] 113
[1] "iteration number: "
[1] 114
[1] "iteration number: "
[1] 115
[1] "iteration number: "
[1] 116
[1] "iteration number: "
[1] 117
[1] "iteration number: "
[1] 118
[1] "iteration number: "
[1] 119
[1] "iteration number: "
[1] 120
[1] "iteration number: "
[1] 121
[1] "iteration number: "
[1] 122
[1] "iteration number: "
[1] 123
[1] "iteration number: "
[1] 124
[1] "iteration number: "
[1] 125
[1] "iteration number: "
[1] 126
[1] "iteration number: "
[1] 127
[1] "iteration number: "
[1] 128
[1] "iteration number: "
[1] 129
[1] "iteration number: "
[1] 130
[1] "iteration number: "
[1] 131
[1] "iteration number: "
[1] 132
[1] "iteration number: "
[1] 133
[1] "iteration number: "
[1] 134
[1] "iteration number: "
[1] 135
[1] "iteration number: "
[1] 136
[1] "iteration number: "
[1] 137
[1] "iteration number: "
[1] 138
[1] "iteration number: "
[1] 139
[1] "iteration number: "
[1] 140
[1] "iteration number: "
[1] 141
[1] "iteration number: "
[1] 142
[1] "iteration number: "
[1] 143
[1] "iteration number: "
[1] 144
[1] "iteration number: "
[1] 145
[1] "iteration number: "
[1] 146
[1] "iteration number: "
[1] 147
[1] "iteration number: "
[1] 148
[1] "iteration number: "
[1] 149
[1] "iteration number: "
[1] 150
[1] "iteration number: "
[1] 151
[1] "iteration number: "
[1] 152
[1] "iteration number: "
[1] 153
[1] "iteration number: "
[1] 154
[1] "iteration number: "
[1] 155
[1] "iteration number: "
[1] 156
[1] "iteration number: "
[1] 157
[1] "iteration number: "
[1] 158
[1] "iteration number: "
[1] 159
[1] "iteration number: "
[1] 160
[1] "iteration number: "
[1] 161
[1] "iteration number: "
[1] 162
[1] "iteration number: "
[1] 163
[1] "iteration number: "
[1] 164
[1] "iteration number: "
[1] 165
[1] "iteration number: "
[1] 166
[1] "iteration number: "
[1] 167
[1] "iteration number: "
[1] 168
[1] "iteration number: "
[1] 169
[1] "iteration number: "
[1] 170
[1] "iteration number: "
[1] 171
[1] "iteration number: "
[1] 172
[1] "iteration number: "
[1] 173
[1] "iteration number: "
[1] 174
[1] "iteration number: "
[1] 175
[1] "iteration number: "
[1] 176
[1] "iteration number: "
[1] 177
[1] "iteration number: "
[1] 178
[1] "iteration number: "
[1] 179
[1] "iteration number: "
[1] 180
[1] "iteration number: "
[1] 181
[1] "iteration number: "
[1] 182
[1] "iteration number: "
[1] 183
[1] "iteration number: "
[1] 184
[1] "iteration number: "
[1] 185
[1] "iteration number: "
[1] 186
[1] "iteration number: "
[1] 187
[1] "iteration number: "
[1] 188
[1] "iteration number: "
[1] 189
[1] "iteration number: "
[1] 190
[1] "iteration number: "
[1] 191
[1] "iteration number: "
[1] 192
[1] "iteration number: "
[1] 193
[1] "iteration number: "
[1] 194
[1] "iteration number: "
[1] 195
[1] "iteration number: "
[1] 196
[1] "iteration number: "
[1] 197
[1] "iteration number: "
[1] 198
[1] "iteration number: "
[1] 199
[1] "iteration number: "
[1] 200
[1] "iteration number: "
[1] 201
[1] "iteration number: "
[1] 202
[1] "iteration number: "
[1] 203
[1] "iteration number: "
[1] 204
[1] "iteration number: "
[1] 205
[1] "iteration number: "
[1] 206
[1] "iteration number: "
[1] 207
[1] "iteration number: "
[1] 208
[1] "iteration number: "
[1] 209
[1] "iteration number: "
[1] 210
[1] "iteration number: "
[1] 211
[1] "iteration number: "
[1] 212
[1] "iteration number: "
[1] 213
[1] "iteration number: "
[1] 214
[1] "iteration number: "
[1] 215
[1] "iteration number: "
[1] 216
[1] "iteration number: "
[1] 217
[1] "iteration number: "
[1] 218
[1] "iteration number: "
[1] 219
[1] "iteration number: "
[1] 220
[1] "iteration number: "
[1] 221
[1] "iteration number: "
[1] 222
[1] "iteration number: "
[1] 223
[1] "iteration number: "
[1] 224
[1] "iteration number: "
[1] 225
[1] "iteration number: "
[1] 226
[1] "iteration number: "
[1] 227
[1] "iteration number: "
[1] 228
[1] "iteration number: "
[1] 229
[1] "iteration number: "
[1] 230
[1] "iteration number: "
[1] 231
[1] "iteration number: "
[1] 232
[1] "iteration number: "
[1] 233
[1] "iteration number: "
[1] 234
[1] "iteration number: "
[1] 235
[1] "iteration number: "
[1] 236
[1] "iteration number: "
[1] 237
[1] "iteration number: "
[1] 238
[1] "iteration number: "
[1] 239
[1] "iteration number: "
[1] 240
[1] "iteration number: "
[1] 241
[1] "iteration number: "
[1] 242
[1] "iteration number: "
[1] 243
[1] "iteration number: "
[1] 244
[1] "iteration number: "
[1] 245
[1] "iteration number: "
[1] 246
[1] "iteration number: "
[1] 247
[1] "iteration number: "
[1] 248
[1] "iteration number: "
[1] 249
[1] "iteration number: "
[1] 250
[1] "iteration number: "
[1] 251
[1] "iteration number: "
[1] 252
[1] "iteration number: "
[1] 253
[1] "iteration number: "
[1] 254
[1] "iteration number: "
[1] 255
[1] "iteration number: "
[1] 256
[1] "iteration number: "
[1] 257
[1] "iteration number: "
[1] 258
[1] "iteration number: "
[1] 259
[1] "iteration number: "
[1] 260
[1] "No change for 11 iterations. Exiting PSO."
[1] "##################################"
[1] "Results summary for itr:3"
[1] "number of features selected using population mean"
[1] 31
[1] "number of features selected using current global best"
[1] 30
[1] "feat ind length"
[1] 30
[1] "best accuracy"
[1] 53.55263
[1] "test acc:0.95"
[1] "##################################"
[1] "learning sets: 4"
 [1]  92  71  11  96  19  15  18  26  40  35  65  46  99  47  95  86  45  76  34
[20]  56  10  42  38  68  97  51  54  30  63  22  66  48   9  77  89   6  79   2
[39]  23   8  74  13  17  83  60  31  61  33  12  78  62  44  52  69  36   4  80
[58]  85  91  27   3  98  93  64  87  75  55  82  50   1   7  70  49  58  81  88
[77]  32  57 100  24
[1] "Starting global iteration number : 4"
[1] "iteration number: "
[1] 1
[1] "iteration number: "
[1] 2
[1] "iteration number: "
[1] 3
[1] "iteration number: "
[1] 4
[1] "iteration number: "
[1] 5
[1] "iteration number: "
[1] 6
[1] "iteration number: "
[1] 7
[1] "iteration number: "
[1] 8
[1] "iteration number: "
[1] 9
[1] "iteration number: "
[1] 10
[1] "iteration number: "
[1] 11
[1] "iteration number: "
[1] 12
[1] "iteration number: "
[1] 13
[1] "iteration number: "
[1] 14
[1] "iteration number: "
[1] 15
[1] "iteration number: "
[1] 16
[1] "iteration number: "
[1] 17
[1] "iteration number: "
[1] 18
[1] "iteration number: "
[1] 19
[1] "iteration number: "
[1] 20
[1] "iteration number: "
[1] 21
[1] "iteration number: "
[1] 22
[1] "iteration number: "
[1] 23
[1] "iteration number: "
[1] 24
[1] "iteration number: "
[1] 25
[1] "iteration number: "
[1] 26
[1] "iteration number: "
[1] 27
[1] "iteration number: "
[1] 28
[1] "iteration number: "
[1] 29
[1] "iteration number: "
[1] 30
[1] "iteration number: "
[1] 31
[1] "iteration number: "
[1] 32
[1] "iteration number: "
[1] 33
[1] "iteration number: "
[1] 34
[1] "iteration number: "
[1] 35
[1] "iteration number: "
[1] 36
[1] "iteration number: "
[1] 37
[1] "iteration number: "
[1] 38
[1] "iteration number: "
[1] 39
[1] "iteration number: "
[1] 40
[1] "iteration number: "
[1] 41
[1] "iteration number: "
[1] 42
[1] "iteration number: "
[1] 43
[1] "iteration number: "
[1] 44
[1] "iteration number: "
[1] 45
[1] "iteration number: "
[1] 46
[1] "iteration number: "
[1] 47
[1] "iteration number: "
[1] 48
[1] "iteration number: "
[1] 49
[1] "iteration number: "
[1] 50
[1] "iteration number: "
[1] 51
[1] "iteration number: "
[1] 52
[1] "iteration number: "
[1] 53
[1] "iteration number: "
[1] 54
[1] "iteration number: "
[1] 55
[1] "iteration number: "
[1] 56
[1] "iteration number: "
[1] 57
[1] "iteration number: "
[1] 58
[1] "iteration number: "
[1] 59
[1] "iteration number: "
[1] 60
[1] "iteration number: "
[1] 61
[1] "iteration number: "
[1] 62
[1] "iteration number: "
[1] 63
[1] "iteration number: "
[1] 64
[1] "iteration number: "
[1] 65
[1] "iteration number: "
[1] 66
[1] "iteration number: "
[1] 67
[1] "iteration number: "
[1] 68
[1] "iteration number: "
[1] 69
[1] "iteration number: "
[1] 70
[1] "iteration number: "
[1] 71
[1] "iteration number: "
[1] 72
[1] "iteration number: "
[1] 73
[1] "iteration number: "
[1] 74
[1] "iteration number: "
[1] 75
[1] "iteration number: "
[1] 76
[1] "iteration number: "
[1] 77
[1] "iteration number: "
[1] 78
[1] "iteration number: "
[1] 79
[1] "iteration number: "
[1] 80
[1] "iteration number: "
[1] 81
[1] "iteration number: "
[1] 82
[1] "iteration number: "
[1] 83
[1] "iteration number: "
[1] 84
[1] "iteration number: "
[1] 85
[1] "iteration number: "
[1] 86
[1] "iteration number: "
[1] 87
[1] "iteration number: "
[1] 88
[1] "iteration number: "
[1] 89
[1] "iteration number: "
[1] 90
[1] "iteration number: "
[1] 91
[1] "iteration number: "
[1] 92
[1] "iteration number: "
[1] 93
[1] "iteration number: "
[1] 94
[1] "iteration number: "
[1] 95
[1] "iteration number: "
[1] 96
[1] "iteration number: "
[1] 97
[1] "iteration number: "
[1] 98
[1] "iteration number: "
[1] 99
[1] "iteration number: "
[1] 100
[1] "iteration number: "
[1] 101
[1] "iteration number: "
[1] 102
[1] "iteration number: "
[1] 103
[1] "iteration number: "
[1] 104
[1] "iteration number: "
[1] 105
[1] "iteration number: "
[1] 106
[1] "iteration number: "
[1] 107
[1] "iteration number: "
[1] 108
[1] "iteration number: "
[1] 109
[1] "iteration number: "
[1] 110
[1] "iteration number: "
[1] 111
[1] "iteration number: "
[1] 112
[1] "iteration number: "
[1] 113
[1] "iteration number: "
[1] 114
[1] "iteration number: "
[1] 115
[1] "iteration number: "
[1] 116
[1] "iteration number: "
[1] 117
[1] "iteration number: "
[1] 118
[1] "iteration number: "
[1] 119
[1] "iteration number: "
[1] 120
[1] "iteration number: "
[1] 121
[1] "iteration number: "
[1] 122
[1] "iteration number: "
[1] 123
[1] "iteration number: "
[1] 124
[1] "iteration number: "
[1] 125
[1] "iteration number: "
[1] 126
[1] "iteration number: "
[1] 127
[1] "iteration number: "
[1] 128
[1] "iteration number: "
[1] 129
[1] "iteration number: "
[1] 130
[1] "iteration number: "
[1] 131
[1] "iteration number: "
[1] 132
[1] "iteration number: "
[1] 133
[1] "iteration number: "
[1] 134
[1] "iteration number: "
[1] 135
[1] "iteration number: "
[1] 136
[1] "iteration number: "
[1] 137
[1] "iteration number: "
[1] 138
[1] "iteration number: "
[1] 139
[1] "iteration number: "
[1] 140
[1] "iteration number: "
[1] 141
[1] "iteration number: "
[1] 142
[1] "iteration number: "
[1] 143
[1] "iteration number: "
[1] 144
[1] "iteration number: "
[1] 145
[1] "iteration number: "
[1] 146
[1] "iteration number: "
[1] 147
[1] "iteration number: "
[1] 148
[1] "iteration number: "
[1] 149
[1] "iteration number: "
[1] 150
[1] "iteration number: "
[1] 151
[1] "iteration number: "
[1] 152
[1] "iteration number: "
[1] 153
[1] "iteration number: "
[1] 154
[1] "iteration number: "
[1] 155
[1] "iteration number: "
[1] 156
[1] "iteration number: "
[1] 157
[1] "iteration number: "
[1] 158
[1] "iteration number: "
[1] 159
[1] "iteration number: "
[1] 160
[1] "iteration number: "
[1] 161
[1] "iteration number: "
[1] 162
[1] "iteration number: "
[1] 163
[1] "iteration number: "
[1] 164
[1] "iteration number: "
[1] 165
[1] "iteration number: "
[1] 166
[1] "iteration number: "
[1] 167
[1] "iteration number: "
[1] 168
[1] "iteration number: "
[1] 169
[1] "iteration number: "
[1] 170
[1] "iteration number: "
[1] 171
[1] "iteration number: "
[1] 172
[1] "iteration number: "
[1] 173
[1] "iteration number: "
[1] 174
[1] "iteration number: "
[1] 175
[1] "iteration number: "
[1] 176
[1] "iteration number: "
[1] 177
[1] "iteration number: "
[1] 178
[1] "iteration number: "
[1] 179
[1] "iteration number: "
[1] 180
[1] "iteration number: "
[1] 181
[1] "iteration number: "
[1] 182
[1] "iteration number: "
[1] 183
[1] "iteration number: "
[1] 184
[1] "iteration number: "
[1] 185
[1] "iteration number: "
[1] 186
[1] "iteration number: "
[1] 187
[1] "iteration number: "
[1] 188
[1] "iteration number: "
[1] 189
[1] "iteration number: "
[1] 190
[1] "iteration number: "
[1] 191
[1] "iteration number: "
[1] 192
[1] "iteration number: "
[1] 193
[1] "iteration number: "
[1] 194
[1] "iteration number: "
[1] 195
[1] "iteration number: "
[1] 196
[1] "iteration number: "
[1] 197
[1] "iteration number: "
[1] 198
[1] "No change for 11 iterations. Exiting PSO."
[1] "##################################"
[1] "Results summary for itr:4"
[1] "number of features selected using population mean"
[1] 27
[1] "number of features selected using current global best"
[1] 27
[1] "feat ind length"
[1] 27
[1] "best accuracy"
[1] 52.53723
[1] "test acc:1"
[1] "##################################"
[1] "learning sets: 5"
 [1]   8  26  37  51  67  43   9  97  18  38  77  20  53  63  95  76  34  92  15
[20]  56  99   2  11  28  45  47  79  83  60  23  68  66  40  19  25  10  65  89
[39]  54  13  73   6  17  21  35  29  80  91  59   1  64  70  78  55  16  14  84
[58]  94  52   3  69  87   4  27  75  81 100  39  93  44  82  33  32  61  58  41
[77]  88  57  49   7
[1] "Starting global iteration number : 5"
[1] "iteration number: "
[1] 1
[1] "iteration number: "
[1] 2
[1] "iteration number: "
[1] 3
[1] "iteration number: "
[1] 4
[1] "iteration number: "
[1] 5
[1] "iteration number: "
[1] 6
[1] "iteration number: "
[1] 7
[1] "iteration number: "
[1] 8
[1] "iteration number: "
[1] 9
[1] "iteration number: "
[1] 10
[1] "iteration number: "
[1] 11
[1] "iteration number: "
[1] 12
[1] "iteration number: "
[1] 13
[1] "iteration number: "
[1] 14
[1] "iteration number: "
[1] 15
[1] "iteration number: "
[1] 16
[1] "iteration number: "
[1] 17
[1] "iteration number: "
[1] 18
[1] "iteration number: "
[1] 19
[1] "iteration number: "
[1] 20
[1] "iteration number: "
[1] 21
[1] "iteration number: "
[1] 22
[1] "iteration number: "
[1] 23
[1] "iteration number: "
[1] 24
[1] "iteration number: "
[1] 25
[1] "iteration number: "
[1] 26
[1] "iteration number: "
[1] 27
[1] "iteration number: "
[1] 28
[1] "iteration number: "
[1] 29
[1] "iteration number: "
[1] 30
[1] "iteration number: "
[1] 31
[1] "iteration number: "
[1] 32
[1] "iteration number: "
[1] 33
[1] "iteration number: "
[1] 34
[1] "iteration number: "
[1] 35
[1] "iteration number: "
[1] 36
[1] "iteration number: "
[1] 37
[1] "iteration number: "
[1] 38
[1] "iteration number: "
[1] 39
[1] "iteration number: "
[1] 40
[1] "iteration number: "
[1] 41
[1] "iteration number: "
[1] 42
[1] "iteration number: "
[1] 43
[1] "iteration number: "
[1] 44
[1] "iteration number: "
[1] 45
[1] "iteration number: "
[1] 46
[1] "iteration number: "
[1] 47
[1] "iteration number: "
[1] 48
[1] "iteration number: "
[1] 49
[1] "iteration number: "
[1] 50
[1] "iteration number: "
[1] 51
[1] "iteration number: "
[1] 52
[1] "iteration number: "
[1] 53
[1] "iteration number: "
[1] 54
[1] "iteration number: "
[1] 55
[1] "iteration number: "
[1] 56
[1] "iteration number: "
[1] 57
[1] "iteration number: "
[1] 58
[1] "iteration number: "
[1] 59
[1] "iteration number: "
[1] 60
[1] "iteration number: "
[1] 61
[1] "iteration number: "
[1] 62
[1] "iteration number: "
[1] 63
[1] "iteration number: "
[1] 64
[1] "iteration number: "
[1] 65
[1] "iteration number: "
[1] 66
[1] "iteration number: "
[1] 67
[1] "iteration number: "
[1] 68
[1] "iteration number: "
[1] 69
[1] "iteration number: "
[1] 70
[1] "iteration number: "
[1] 71
[1] "iteration number: "
[1] 72
[1] "iteration number: "
[1] 73
[1] "iteration number: "
[1] 74
[1] "iteration number: "
[1] 75
[1] "iteration number: "
[1] 76
[1] "iteration number: "
[1] 77
[1] "iteration number: "
[1] 78
[1] "iteration number: "
[1] 79
[1] "iteration number: "
[1] 80
[1] "iteration number: "
[1] 81
[1] "iteration number: "
[1] 82
[1] "iteration number: "
[1] 83
[1] "iteration number: "
[1] 84
[1] "iteration number: "
[1] 85
[1] "iteration number: "
[1] 86
[1] "iteration number: "
[1] 87
[1] "iteration number: "
[1] 88
[1] "iteration number: "
[1] 89
[1] "iteration number: "
[1] 90
[1] "iteration number: "
[1] 91
[1] "iteration number: "
[1] 92
[1] "iteration number: "
[1] 93
[1] "iteration number: "
[1] 94
[1] "iteration number: "
[1] 95
[1] "iteration number: "
[1] 96
[1] "iteration number: "
[1] 97
[1] "iteration number: "
[1] 98
[1] "iteration number: "
[1] 99
[1] "iteration number: "
[1] 100
[1] "iteration number: "
[1] 101
[1] "iteration number: "
[1] 102
[1] "iteration number: "
[1] 103
[1] "iteration number: "
[1] 104
[1] "iteration number: "
[1] 105
[1] "iteration number: "
[1] 106
[1] "iteration number: "
[1] 107
[1] "iteration number: "
[1] 108
[1] "iteration number: "
[1] 109
[1] "iteration number: "
[1] 110
[1] "iteration number: "
[1] 111
[1] "iteration number: "
[1] 112
[1] "iteration number: "
[1] 113
[1] "iteration number: "
[1] 114
[1] "iteration number: "
[1] 115
[1] "iteration number: "
[1] 116
[1] "iteration number: "
[1] 117
[1] "iteration number: "
[1] 118
[1] "iteration number: "
[1] 119
[1] "iteration number: "
[1] 120
[1] "iteration number: "
[1] 121
[1] "iteration number: "
[1] 122
[1] "iteration number: "
[1] 123
[1] "iteration number: "
[1] 124
[1] "iteration number: "
[1] 125
[1] "iteration number: "
[1] 126
[1] "iteration number: "
[1] 127
[1] "iteration number: "
[1] 128
[1] "iteration number: "
[1] 129
[1] "iteration number: "
[1] 130
[1] "iteration number: "
[1] 131
[1] "iteration number: "
[1] 132
[1] "iteration number: "
[1] 133
[1] "iteration number: "
[1] 134
[1] "iteration number: "
[1] 135
[1] "iteration number: "
[1] 136
[1] "iteration number: "
[1] 137
[1] "iteration number: "
[1] 138
[1] "iteration number: "
[1] 139
[1] "iteration number: "
[1] 140
[1] "iteration number: "
[1] 141
[1] "iteration number: "
[1] 142
[1] "iteration number: "
[1] 143
[1] "iteration number: "
[1] 144
[1] "iteration number: "
[1] 145
[1] "iteration number: "
[1] 146
[1] "iteration number: "
[1] 147
[1] "iteration number: "
[1] 148
[1] "iteration number: "
[1] 149
[1] "iteration number: "
[1] 150
[1] "iteration number: "
[1] 151
[1] "iteration number: "
[1] 152
[1] "iteration number: "
[1] 153
[1] "iteration number: "
[1] 154
[1] "iteration number: "
[1] 155
[1] "iteration number: "
[1] 156
[1] "iteration number: "
[1] 157
[1] "iteration number: "
[1] 158
[1] "iteration number: "
[1] 159
[1] "iteration number: "
[1] 160
[1] "iteration number: "
[1] 161
[1] "iteration number: "
[1] 162
[1] "iteration number: "
[1] 163
[1] "iteration number: "
[1] 164
[1] "iteration number: "
[1] 165
[1] "iteration number: "
[1] 166
[1] "iteration number: "
[1] 167
[1] "iteration number: "
[1] 168
[1] "iteration number: "
[1] 169
[1] "iteration number: "
[1] 170
[1] "iteration number: "
[1] 171
[1] "iteration number: "
[1] 172
[1] "iteration number: "
[1] 173
[1] "iteration number: "
[1] 174
[1] "iteration number: "
[1] 175
[1] "iteration number: "
[1] 176
[1] "iteration number: "
[1] 177
[1] "iteration number: "
[1] 178
[1] "iteration number: "
[1] 179
[1] "iteration number: "
[1] 180
[1] "iteration number: "
[1] 181
[1] "iteration number: "
[1] 182
[1] "iteration number: "
[1] 183
[1] "iteration number: "
[1] 184
[1] "iteration number: "
[1] 185
[1] "iteration number: "
[1] 186
[1] "iteration number: "
[1] 187
[1] "iteration number: "
[1] 188
[1] "iteration number: "
[1] 189
[1] "iteration number: "
[1] 190
[1] "iteration number: "
[1] 191
[1] "iteration number: "
[1] 192
[1] "iteration number: "
[1] 193
[1] "iteration number: "
[1] 194
[1] "iteration number: "
[1] 195
[1] "iteration number: "
[1] 196
[1] "iteration number: "
[1] 197
[1] "iteration number: "
[1] 198
[1] "iteration number: "
[1] 199
[1] "iteration number: "
[1] 200
[1] "iteration number: "
[1] 201
[1] "iteration number: "
[1] 202
[1] "iteration number: "
[1] 203
[1] "iteration number: "
[1] 204
[1] "iteration number: "
[1] 205
[1] "iteration number: "
[1] 206
[1] "iteration number: "
[1] 207
[1] "iteration number: "
[1] 208
[1] "iteration number: "
[1] 209
[1] "iteration number: "
[1] 210
[1] "iteration number: "
[1] 211
[1] "iteration number: "
[1] 212
[1] "iteration number: "
[1] 213
[1] "iteration number: "
[1] 214
[1] "iteration number: "
[1] 215
[1] "iteration number: "
[1] 216
[1] "iteration number: "
[1] 217
[1] "iteration number: "
[1] 218
[1] "iteration number: "
[1] 219
[1] "iteration number: "
[1] 220
[1] "iteration number: "
[1] 221
[1] "iteration number: "
[1] 222
[1] "iteration number: "
[1] 223
[1] "iteration number: "
[1] 224
[1] "iteration number: "
[1] 225
[1] "iteration number: "
[1] 226
[1] "iteration number: "
[1] 227
[1] "iteration number: "
[1] 228
[1] "iteration number: "
[1] 229
[1] "iteration number: "
[1] 230
[1] "iteration number: "
[1] 231
[1] "iteration number: "
[1] 232
[1] "iteration number: "
[1] 233
[1] "iteration number: "
[1] 234
[1] "iteration number: "
[1] 235
[1] "iteration number: "
[1] 236
[1] "iteration number: "
[1] 237
[1] "iteration number: "
[1] 238
[1] "iteration number: "
[1] 239
[1] "iteration number: "
[1] 240
[1] "iteration number: "
[1] 241
[1] "iteration number: "
[1] 242
[1] "iteration number: "
[1] 243
[1] "iteration number: "
[1] 244
[1] "iteration number: "
[1] 245
[1] "iteration number: "
[1] 246
[1] "iteration number: "
[1] 247
[1] "iteration number: "
[1] 248
[1] "iteration number: "
[1] 249
[1] "iteration number: "
[1] 250
[1] "iteration number: "
[1] 251
[1] "iteration number: "
[1] 252
[1] "iteration number: "
[1] 253
[1] "iteration number: "
[1] 254
[1] "iteration number: "
[1] 255
[1] "iteration number: "
[1] 256
[1] "iteration number: "
[1] 257
[1] "iteration number: "
[1] 258
[1] "iteration number: "
[1] 259
[1] "iteration number: "
[1] 260
[1] "iteration number: "
[1] 261
[1] "iteration number: "
[1] 262
[1] "iteration number: "
[1] 263
[1] "iteration number: "
[1] 264
[1] "iteration number: "
[1] 265
[1] "iteration number: "
[1] 266
[1] "iteration number: "
[1] 267
[1] "iteration number: "
[1] 268
[1] "iteration number: "
[1] 269
[1] "iteration number: "
[1] 270
[1] "iteration number: "
[1] 271
[1] "iteration number: "
[1] 272
[1] "iteration number: "
[1] 273
[1] "iteration number: "
[1] 274
[1] "iteration number: "
[1] 275
[1] "iteration number: "
[1] 276
[1] "iteration number: "
[1] 277
[1] "iteration number: "
[1] 278
[1] "iteration number: "
[1] 279
[1] "iteration number: "
[1] 280
[1] "iteration number: "
[1] 281
[1] "iteration number: "
[1] 282
[1] "iteration number: "
[1] 283
[1] "iteration number: "
[1] 284
[1] "iteration number: "
[1] 285
[1] "iteration number: "
[1] 286
[1] "iteration number: "
[1] 287
[1] "iteration number: "
[1] 288
[1] "iteration number: "
[1] 289
[1] "iteration number: "
[1] 290
[1] "iteration number: "
[1] 291
[1] "iteration number: "
[1] 292
[1] "iteration number: "
[1] 293
[1] "iteration number: "
[1] 294
[1] "iteration number: "
[1] 295
[1] "iteration number: "
[1] 296
[1] "iteration number: "
[1] 297
[1] "iteration number: "
[1] 298
[1] "iteration number: "
[1] 299
[1] "iteration number: "
[1] 300
[1] "iteration number: "
[1] 301
[1] "iteration number: "
[1] 302
[1] "iteration number: "
[1] 303
[1] "iteration number: "
[1] 304
[1] "iteration number: "
[1] 305
[1] "iteration number: "
[1] 306
[1] "iteration number: "
[1] 307
[1] "iteration number: "
[1] 308
[1] "iteration number: "
[1] 309
[1] "iteration number: "
[1] 310
[1] "iteration number: "
[1] 311
[1] "iteration number: "
[1] 312
[1] "iteration number: "
[1] 313
[1] "iteration number: "
[1] 314
[1] "iteration number: "
[1] 315
[1] "iteration number: "
[1] 316
[1] "iteration number: "
[1] 317
[1] "iteration number: "
[1] 318
[1] "iteration number: "
[1] 319
[1] "iteration number: "
[1] 320
[1] "iteration number: "
[1] 321
[1] "iteration number: "
[1] 322
[1] "iteration number: "
[1] 323
[1] "iteration number: "
[1] 324
[1] "iteration number: "
[1] 325
[1] "iteration number: "
[1] 326
[1] "iteration number: "
[1] 327
[1] "iteration number: "
[1] 328
[1] "iteration number: "
[1] 329
[1] "iteration number: "
[1] 330
[1] "iteration number: "
[1] 331
[1] "iteration number: "
[1] 332
[1] "iteration number: "
[1] 333
[1] "iteration number: "
[1] 334
[1] "iteration number: "
[1] 335
[1] "iteration number: "
[1] 336
[1] "iteration number: "
[1] 337
[1] "iteration number: "
[1] 338
[1] "iteration number: "
[1] 339
[1] "iteration number: "
[1] 340
[1] "iteration number: "
[1] 341
[1] "iteration number: "
[1] 342
[1] "No change for 11 iterations. Exiting PSO."
[1] "##################################"
[1] "Results summary for itr:5"
[1] "number of features selected using population mean"
[1] 27
[1] "number of features selected using current global best"
[1] 28
[1] "feat ind length"
[1] 28
[1] "best accuracy"
[1] 56.08224
[1] "test acc:0.9"
[1] "##################################"
[1] "learning sets: 6"
 [1]  21  63  60  89  90  53  56  30  74  43  68  11  25  83  67  95  23  15  37
[20]  66  45  10   9  38   8  42  86  26  19  92  76  22  79  48  13  18  65  28
[39]  35  40  51  46  34  99  17   3  61  24  33  98  55  16  12  94  36  88  72
[58]  78  80  87  49  39 100  62  44  69  64  57  75  93  81  29   4  70  82  31
[77]  84  59  91  32
[1] "Starting global iteration number : 6"
[1] "iteration number: "
[1] 1
[1] "iteration number: "
[1] 2
[1] "iteration number: "
[1] 3
[1] "iteration number: "
[1] 4
[1] "iteration number: "
[1] 5
[1] "iteration number: "
[1] 6
[1] "iteration number: "
[1] 7
[1] "iteration number: "
[1] 8
[1] "iteration number: "
[1] 9
[1] "iteration number: "
[1] 10
[1] "iteration number: "
[1] 11
[1] "iteration number: "
[1] 12
[1] "iteration number: "
[1] 13
[1] "iteration number: "
[1] 14
[1] "iteration number: "
[1] 15
[1] "iteration number: "
[1] 16
[1] "iteration number: "
[1] 17
[1] "iteration number: "
[1] 18
[1] "iteration number: "
[1] 19
[1] "iteration number: "
[1] 20
[1] "iteration number: "
[1] 21
[1] "iteration number: "
[1] 22
[1] "iteration number: "
[1] 23
[1] "iteration number: "
[1] 24
[1] "iteration number: "
[1] 25
[1] "iteration number: "
[1] 26
[1] "iteration number: "
[1] 27
[1] "iteration number: "
[1] 28
[1] "iteration number: "
[1] 29
[1] "iteration number: "
[1] 30
[1] "iteration number: "
[1] 31
[1] "iteration number: "
[1] 32
[1] "iteration number: "
[1] 33
[1] "iteration number: "
[1] 34
[1] "iteration number: "
[1] 35
[1] "iteration number: "
[1] 36
[1] "iteration number: "
[1] 37
[1] "iteration number: "
[1] 38
[1] "iteration number: "
[1] 39
[1] "iteration number: "
[1] 40
[1] "iteration number: "
[1] 41
[1] "iteration number: "
[1] 42
[1] "iteration number: "
[1] 43
[1] "iteration number: "
[1] 44
[1] "iteration number: "
[1] 45
[1] "iteration number: "
[1] 46
[1] "iteration number: "
[1] 47
[1] "iteration number: "
[1] 48
[1] "iteration number: "
[1] 49
[1] "iteration number: "
[1] 50
[1] "iteration number: "
[1] 51
[1] "iteration number: "
[1] 52
[1] "iteration number: "
[1] 53
[1] "iteration number: "
[1] 54
[1] "iteration number: "
[1] 55
[1] "iteration number: "
[1] 56
[1] "iteration number: "
[1] 57
[1] "iteration number: "
[1] 58
[1] "iteration number: "
[1] 59
[1] "iteration number: "
[1] 60
[1] "iteration number: "
[1] 61
[1] "iteration number: "
[1] 62
[1] "iteration number: "
[1] 63
[1] "iteration number: "
[1] 64
[1] "iteration number: "
[1] 65
[1] "iteration number: "
[1] 66
[1] "iteration number: "
[1] 67
[1] "iteration number: "
[1] 68
[1] "iteration number: "
[1] 69
[1] "iteration number: "
[1] 70
[1] "iteration number: "
[1] 71
[1] "iteration number: "
[1] 72
[1] "iteration number: "
[1] 73
[1] "iteration number: "
[1] 74
[1] "iteration number: "
[1] 75
[1] "iteration number: "
[1] 76
[1] "iteration number: "
[1] 77
[1] "iteration number: "
[1] 78
[1] "iteration number: "
[1] 79
[1] "iteration number: "
[1] 80
[1] "iteration number: "
[1] 81
[1] "iteration number: "
[1] 82
[1] "iteration number: "
[1] 83
[1] "iteration number: "
[1] 84
[1] "iteration number: "
[1] 85
[1] "iteration number: "
[1] 86
[1] "iteration number: "
[1] 87
[1] "iteration number: "
[1] 88
[1] "iteration number: "
[1] 89
[1] "iteration number: "
[1] 90
[1] "iteration number: "
[1] 91
[1] "iteration number: "
[1] 92
[1] "iteration number: "
[1] 93
[1] "iteration number: "
[1] 94
[1] "iteration number: "
[1] 95
[1] "iteration number: "
[1] 96
[1] "iteration number: "
[1] 97
[1] "iteration number: "
[1] 98
[1] "iteration number: "
[1] 99
[1] "iteration number: "
[1] 100
[1] "iteration number: "
[1] 101
[1] "iteration number: "
[1] 102
[1] "iteration number: "
[1] 103
[1] "iteration number: "
[1] 104
[1] "iteration number: "
[1] 105
[1] "iteration number: "
[1] 106
[1] "iteration number: "
[1] 107
[1] "iteration number: "
[1] 108
[1] "iteration number: "
[1] 109
[1] "iteration number: "
[1] 110
[1] "iteration number: "
[1] 111
[1] "iteration number: "
[1] 112
[1] "iteration number: "
[1] 113
[1] "iteration number: "
[1] 114
[1] "iteration number: "
[1] 115
[1] "iteration number: "
[1] 116
[1] "iteration number: "
[1] 117
[1] "iteration number: "
[1] 118
[1] "iteration number: "
[1] 119
[1] "iteration number: "
[1] 120
[1] "iteration number: "
[1] 121
[1] "iteration number: "
[1] 122
[1] "iteration number: "
[1] 123
[1] "iteration number: "
[1] 124
[1] "iteration number: "
[1] 125
[1] "iteration number: "
[1] 126
[1] "iteration number: "
[1] 127
[1] "iteration number: "
[1] 128
[1] "iteration number: "
[1] 129
[1] "iteration number: "
[1] 130
[1] "iteration number: "
[1] 131
[1] "iteration number: "
[1] 132
[1] "iteration number: "
[1] 133
[1] "iteration number: "
[1] 134
[1] "iteration number: "
[1] 135
[1] "iteration number: "
[1] 136
[1] "iteration number: "
[1] 137
[1] "iteration number: "
[1] 138
[1] "iteration number: "
[1] 139
[1] "iteration number: "
[1] 140
[1] "iteration number: "
[1] 141
[1] "iteration number: "
[1] 142
[1] "iteration number: "
[1] 143
[1] "iteration number: "
[1] 144
[1] "iteration number: "
[1] 145
[1] "iteration number: "
[1] 146
[1] "iteration number: "
[1] 147
[1] "iteration number: "
[1] 148
[1] "iteration number: "
[1] 149
[1] "iteration number: "
[1] 150
[1] "iteration number: "
[1] 151
[1] "iteration number: "
[1] 152
[1] "iteration number: "
[1] 153
[1] "iteration number: "
[1] 154
[1] "iteration number: "
[1] 155
[1] "iteration number: "
[1] 156
[1] "iteration number: "
[1] 157
[1] "iteration number: "
[1] 158
[1] "iteration number: "
[1] 159
[1] "iteration number: "
[1] 160
[1] "iteration number: "
[1] 161
[1] "iteration number: "
[1] 162
[1] "iteration number: "
[1] 163
[1] "iteration number: "
[1] 164
[1] "iteration number: "
[1] 165
[1] "iteration number: "
[1] 166
[1] "iteration number: "
[1] 167
[1] "iteration number: "
[1] 168
[1] "iteration number: "
[1] 169
[1] "iteration number: "
[1] 170
[1] "iteration number: "
[1] 171
[1] "iteration number: "
[1] 172
[1] "iteration number: "
[1] 173
[1] "iteration number: "
[1] 174
[1] "iteration number: "
[1] 175
[1] "iteration number: "
[1] 176
[1] "iteration number: "
[1] 177
[1] "iteration number: "
[1] 178
[1] "iteration number: "
[1] 179
[1] "iteration number: "
[1] 180
[1] "iteration number: "
[1] 181
[1] "iteration number: "
[1] 182
[1] "iteration number: "
[1] 183
[1] "iteration number: "
[1] 184
[1] "iteration number: "
[1] 185
[1] "iteration number: "
[1] 186
[1] "iteration number: "
[1] 187
[1] "iteration number: "
[1] 188
[1] "iteration number: "
[1] 189
[1] "iteration number: "
[1] 190
[1] "iteration number: "
[1] 191
[1] "iteration number: "
[1] 192
[1] "iteration number: "
[1] 193
[1] "iteration number: "
[1] 194
[1] "iteration number: "
[1] 195
[1] "iteration number: "
[1] 196
[1] "iteration number: "
[1] 197
[1] "iteration number: "
[1] 198
[1] "iteration number: "
[1] 199
[1] "iteration number: "
[1] 200
[1] "iteration number: "
[1] 201
[1] "iteration number: "
[1] 202
[1] "iteration number: "
[1] 203
[1] "iteration number: "
[1] 204
[1] "iteration number: "
[1] 205
[1] "iteration number: "
[1] 206
[1] "iteration number: "
[1] 207
[1] "iteration number: "
[1] 208
[1] "iteration number: "
[1] 209
[1] "iteration number: "
[1] 210
[1] "iteration number: "
[1] 211
[1] "iteration number: "
[1] 212
[1] "iteration number: "
[1] 213
[1] "iteration number: "
[1] 214
[1] "iteration number: "
[1] 215
[1] "iteration number: "
[1] 216
[1] "iteration number: "
[1] 217
[1] "iteration number: "
[1] 218
[1] "iteration number: "
[1] 219
[1] "iteration number: "
[1] 220
[1] "iteration number: "
[1] 221
[1] "iteration number: "
[1] 222
[1] "iteration number: "
[1] 223
[1] "iteration number: "
[1] 224
[1] "iteration number: "
[1] 225
[1] "iteration number: "
[1] 226
[1] "iteration number: "
[1] 227
[1] "iteration number: "
[1] 228
[1] "iteration number: "
[1] 229
[1] "iteration number: "
[1] 230
[1] "iteration number: "
[1] 231
[1] "iteration number: "
[1] 232
[1] "iteration number: "
[1] 233
[1] "iteration number: "
[1] 234
[1] "iteration number: "
[1] 235
[1] "iteration number: "
[1] 236
[1] "iteration number: "
[1] 237
[1] "iteration number: "
[1] 238
[1] "iteration number: "
[1] 239
[1] "iteration number: "
[1] 240
[1] "iteration number: "
[1] 241
[1] "iteration number: "
[1] 242
[1] "iteration number: "
[1] 243
[1] "iteration number: "
[1] 244
[1] "iteration number: "
[1] 245
[1] "iteration number: "
[1] 246
[1] "iteration number: "
[1] 247
[1] "iteration number: "
[1] 248
[1] "iteration number: "
[1] 249
[1] "iteration number: "
[1] 250
[1] "iteration number: "
[1] 251
[1] "iteration number: "
[1] 252
[1] "iteration number: "
[1] 253
[1] "iteration number: "
[1] 254
[1] "iteration number: "
[1] 255
[1] "iteration number: "
[1] 256
[1] "iteration number: "
[1] 257
[1] "iteration number: "
[1] 258
[1] "iteration number: "
[1] 259
[1] "iteration number: "
[1] 260
[1] "iteration number: "
[1] 261
[1] "iteration number: "
[1] 262
[1] "iteration number: "
[1] 263
[1] "iteration number: "
[1] 264
[1] "iteration number: "
[1] 265
[1] "iteration number: "
[1] 266
[1] "iteration number: "
[1] 267
[1] "iteration number: "
[1] 268
[1] "iteration number: "
[1] 269
[1] "iteration number: "
[1] 270
[1] "iteration number: "
[1] 271
[1] "iteration number: "
[1] 272
[1] "iteration number: "
[1] 273
[1] "iteration number: "
[1] 274
[1] "iteration number: "
[1] 275
[1] "iteration number: "
[1] 276
[1] "iteration number: "
[1] 277
[1] "iteration number: "
[1] 278
[1] "iteration number: "
[1] 279
[1] "iteration number: "
[1] 280
[1] "iteration number: "
[1] 281
[1] "iteration number: "
[1] 282
[1] "iteration number: "
[1] 283
[1] "iteration number: "
[1] 284
[1] "iteration number: "
[1] 285
[1] "iteration number: "
[1] 286
[1] "iteration number: "
[1] 287
[1] "iteration number: "
[1] 288
[1] "iteration number: "
[1] 289
[1] "iteration number: "
[1] 290
[1] "iteration number: "
[1] 291
[1] "iteration number: "
[1] 292
[1] "iteration number: "
[1] 293
[1] "iteration number: "
[1] 294
[1] "iteration number: "
[1] 295
[1] "iteration number: "
[1] 296
[1] "iteration number: "
[1] 297
[1] "iteration number: "
[1] 298
[1] "iteration number: "
[1] 299
[1] "iteration number: "
[1] 300
[1] "iteration number: "
[1] 301
[1] "iteration number: "
[1] 302
[1] "iteration number: "
[1] 303
[1] "iteration number: "
[1] 304
[1] "iteration number: "
[1] 305
[1] "iteration number: "
[1] 306
[1] "iteration number: "
[1] 307
[1] "iteration number: "
[1] 308
[1] "iteration number: "
[1] 309
[1] "iteration number: "
[1] 310
[1] "iteration number: "
[1] 311
[1] "iteration number: "
[1] 312
[1] "iteration number: "
[1] 313
[1] "iteration number: "
[1] 314
[1] "iteration number: "
[1] 315
[1] "iteration number: "
[1] 316
[1] "iteration number: "
[1] 317
[1] "iteration number: "
[1] 318
[1] "iteration number: "
[1] 319
[1] "iteration number: "
[1] 320
[1] "iteration number: "
[1] 321
[1] "iteration number: "
[1] 322
[1] "iteration number: "
[1] 323
[1] "iteration number: "
[1] 324
[1] "iteration number: "
[1] 325
[1] "iteration number: "
[1] 326
[1] "iteration number: "
[1] 327
[1] "iteration number: "
[1] 328
[1] "iteration number: "
[1] 329
[1] "iteration number: "
[1] 330
[1] "iteration number: "
[1] 331
[1] "iteration number: "
[1] 332
[1] "iteration number: "
[1] 333
[1] "iteration number: "
[1] 334
[1] "iteration number: "
[1] 335
[1] "iteration number: "
[1] 336
[1] "iteration number: "
[1] 337
[1] "iteration number: "
[1] 338
[1] "iteration number: "
[1] 339
[1] "iteration number: "
[1] 340
[1] "iteration number: "
[1] 341
[1] "iteration number: "
[1] 342
[1] "iteration number: "
[1] 343
[1] "iteration number: "
[1] 344
[1] "iteration number: "
[1] 345
[1] "iteration number: "
[1] 346
[1] "iteration number: "
[1] 347
[1] "iteration number: "
[1] 348
[1] "iteration number: "
[1] 349
[1] "iteration number: "
[1] 350
[1] "iteration number: "
[1] 351
[1] "iteration number: "
[1] 352
[1] "iteration number: "
[1] 353
[1] "iteration number: "
[1] 354
[1] "iteration number: "
[1] 355
[1] "iteration number: "
[1] 356
[1] "iteration number: "
[1] 357
[1] "iteration number: "
[1] 358
[1] "iteration number: "
[1] 359
[1] "iteration number: "
[1] 360
[1] "iteration number: "
[1] 361
[1] "iteration number: "
[1] 362
[1] "iteration number: "
[1] 363
[1] "iteration number: "
[1] 364
[1] "iteration number: "
[1] 365
[1] "iteration number: "
[1] 366
[1] "iteration number: "
[1] 367
[1] "iteration number: "
[1] 368
[1] "iteration number: "
[1] 369
[1] "iteration number: "
[1] 370
[1] "iteration number: "
[1] 371
[1] "iteration number: "
[1] 372
[1] "iteration number: "
[1] 373
[1] "iteration number: "
[1] 374
[1] "iteration number: "
[1] 375
[1] "iteration number: "
[1] 376
[1] "iteration number: "
[1] 377
[1] "iteration number: "
[1] 378
[1] "iteration number: "
[1] 379
[1] "iteration number: "
[1] 380
[1] "iteration number: "
[1] 381
[1] "iteration number: "
[1] 382
[1] "iteration number: "
[1] 383
[1] "iteration number: "
[1] 384
[1] "iteration number: "
[1] 385
[1] "iteration number: "
[1] 386
[1] "iteration number: "
[1] 387
[1] "iteration number: "
[1] 388
[1] "iteration number: "
[1] 389
[1] "iteration number: "
[1] 390
[1] "iteration number: "
[1] 391
[1] "iteration number: "
[1] 392
[1] "iteration number: "
[1] 393
[1] "iteration number: "
[1] 394
[1] "iteration number: "
[1] 395
[1] "iteration number: "
[1] 396
[1] "iteration number: "
[1] 397
[1] "iteration number: "
[1] 398
[1] "iteration number: "
[1] 399
[1] "iteration number: "
[1] 400
[1] "iteration number: "
[1] 401
[1] "iteration number: "
[1] 402
[1] "iteration number: "
[1] 403
[1] "iteration number: "
[1] 404
[1] "iteration number: "
[1] 405
[1] "iteration number: "
[1] 406
[1] "iteration number: "
[1] 407
[1] "iteration number: "
[1] 408
[1] "iteration number: "
[1] 409
[1] "iteration number: "
[1] 410
[1] "iteration number: "
[1] 411
[1] "iteration number: "
[1] 412
[1] "iteration number: "
[1] 413
[1] "iteration number: "
[1] 414
[1] "iteration number: "
[1] 415
[1] "iteration number: "
[1] 416
[1] "iteration number: "
[1] 417
[1] "iteration number: "
[1] 418
[1] "iteration number: "
[1] 419
[1] "iteration number: "
[1] 420
[1] "iteration number: "
[1] 421
[1] "iteration number: "
[1] 422
[1] "iteration number: "
[1] 423
[1] "iteration number: "
[1] 424
[1] "iteration number: "
[1] 425
[1] "No change for 11 iterations. Exiting PSO."
[1] "##################################"
[1] "Results summary for itr:6"
[1] "number of features selected using population mean"
[1] 18
[1] "number of features selected using current global best"
[1] 18
[1] "feat ind length"
[1] 18
[1] "best accuracy"
[1] 51.83295
[1] "test acc:1"
[1] "##################################"
[1] "learning sets: 7"
 [1]  96  47  37  18  25  66  92  86  45  17  28  83  46   2  13  73  77  90  97
[20]  99  43  56  68  34  48  76  65  21  10   6  79   9  30  95  15  89  19  42
[39]  20  53  60  38  40  54  51  41  69  44  39   7  55  58  16  72  49  59   4
[58]  36  32  87  98  94  93  84  52 100  24  61  85   1  82  31  62  12  57  50
[77]  75  91  14  78
[1] "Starting global iteration number : 7"
[1] "iteration number: "
[1] 1
[1] "iteration number: "
[1] 2
[1] "iteration number: "
[1] 3
[1] "iteration number: "
[1] 4
[1] "iteration number: "
[1] 5
[1] "iteration number: "
[1] 6
[1] "iteration number: "
[1] 7
[1] "iteration number: "
[1] 8
[1] "iteration number: "
[1] 9
[1] "iteration number: "
[1] 10
[1] "iteration number: "
[1] 11
[1] "iteration number: "
[1] 12
[1] "iteration number: "
[1] 13
[1] "iteration number: "
[1] 14
[1] "iteration number: "
[1] 15
[1] "iteration number: "
[1] 16
[1] "iteration number: "
[1] 17
[1] "iteration number: "
[1] 18
[1] "iteration number: "
[1] 19
[1] "iteration number: "
[1] 20
[1] "iteration number: "
[1] 21
[1] "iteration number: "
[1] 22
[1] "iteration number: "
[1] 23
[1] "iteration number: "
[1] 24
[1] "iteration number: "
[1] 25
[1] "iteration number: "
[1] 26
[1] "iteration number: "
[1] 27
[1] "iteration number: "
[1] 28
[1] "iteration number: "
[1] 29
[1] "iteration number: "
[1] 30
[1] "iteration number: "
[1] 31
[1] "iteration number: "
[1] 32
[1] "iteration number: "
[1] 33
[1] "iteration number: "
[1] 34
[1] "iteration number: "
[1] 35
[1] "iteration number: "
[1] 36
[1] "iteration number: "
[1] 37
[1] "iteration number: "
[1] 38
[1] "iteration number: "
[1] 39
[1] "iteration number: "
[1] 40
[1] "iteration number: "
[1] 41
[1] "iteration number: "
[1] 42
[1] "iteration number: "
[1] 43
[1] "iteration number: "
[1] 44
[1] "iteration number: "
[1] 45
[1] "iteration number: "
[1] 46
[1] "iteration number: "
[1] 47
[1] "iteration number: "
[1] 48
[1] "iteration number: "
[1] 49
[1] "iteration number: "
[1] 50
[1] "iteration number: "
[1] 51
[1] "iteration number: "
[1] 52
[1] "iteration number: "
[1] 53
[1] "iteration number: "
[1] 54
[1] "iteration number: "
[1] 55
[1] "iteration number: "
[1] 56
[1] "iteration number: "
[1] 57
[1] "iteration number: "
[1] 58
[1] "iteration number: "
[1] 59
[1] "iteration number: "
[1] 60
[1] "iteration number: "
[1] 61
[1] "iteration number: "
[1] 62
[1] "iteration number: "
[1] 63
[1] "iteration number: "
[1] 64
[1] "iteration number: "
[1] 65
[1] "iteration number: "
[1] 66
[1] "iteration number: "
[1] 67
[1] "iteration number: "
[1] 68
[1] "iteration number: "
[1] 69
[1] "iteration number: "
[1] 70
[1] "iteration number: "
[1] 71
[1] "iteration number: "
[1] 72
[1] "iteration number: "
[1] 73
[1] "iteration number: "
[1] 74
[1] "iteration number: "
[1] 75
[1] "iteration number: "
[1] 76
[1] "iteration number: "
[1] 77
[1] "iteration number: "
[1] 78
[1] "iteration number: "
[1] 79
[1] "iteration number: "
[1] 80
[1] "iteration number: "
[1] 81
[1] "iteration number: "
[1] 82
[1] "iteration number: "
[1] 83
[1] "iteration number: "
[1] 84
[1] "iteration number: "
[1] 85
[1] "iteration number: "
[1] 86
[1] "iteration number: "
[1] 87
[1] "iteration number: "
[1] 88
[1] "iteration number: "
[1] 89
[1] "iteration number: "
[1] 90
[1] "iteration number: "
[1] 91
[1] "iteration number: "
[1] 92
[1] "iteration number: "
[1] 93
[1] "iteration number: "
[1] 94
[1] "iteration number: "
[1] 95
[1] "iteration number: "
[1] 96
[1] "iteration number: "
[1] 97
[1] "iteration number: "
[1] 98
[1] "iteration number: "
[1] 99
[1] "iteration number: "
[1] 100
[1] "iteration number: "
[1] 101
[1] "iteration number: "
[1] 102
[1] "iteration number: "
[1] 103
[1] "iteration number: "
[1] 104
[1] "iteration number: "
[1] 105
[1] "iteration number: "
[1] 106
[1] "iteration number: "
[1] 107
[1] "iteration number: "
[1] 108
[1] "iteration number: "
[1] 109
[1] "iteration number: "
[1] 110
[1] "iteration number: "
[1] 111
[1] "iteration number: "
[1] 112
[1] "iteration number: "
[1] 113
[1] "iteration number: "
[1] 114
[1] "iteration number: "
[1] 115
[1] "iteration number: "
[1] 116
[1] "iteration number: "
[1] 117
[1] "iteration number: "
[1] 118
[1] "iteration number: "
[1] 119
[1] "iteration number: "
[1] 120
[1] "iteration number: "
[1] 121
[1] "iteration number: "
[1] 122
[1] "iteration number: "
[1] 123
[1] "iteration number: "
[1] 124
[1] "iteration number: "
[1] 125
[1] "iteration number: "
[1] 126
[1] "iteration number: "
[1] 127
[1] "iteration number: "
[1] 128
[1] "iteration number: "
[1] 129
[1] "iteration number: "
[1] 130
[1] "iteration number: "
[1] 131
[1] "iteration number: "
[1] 132
[1] "iteration number: "
[1] 133
[1] "iteration number: "
[1] 134
[1] "iteration number: "
[1] 135
[1] "iteration number: "
[1] 136
[1] "iteration number: "
[1] 137
[1] "iteration number: "
[1] 138
[1] "iteration number: "
[1] 139
[1] "iteration number: "
[1] 140
[1] "iteration number: "
[1] 141
[1] "iteration number: "
[1] 142
[1] "iteration number: "
[1] 143
[1] "iteration number: "
[1] 144
[1] "iteration number: "
[1] 145
[1] "iteration number: "
[1] 146
[1] "iteration number: "
[1] 147
[1] "iteration number: "
[1] 148
[1] "iteration number: "
[1] 149
[1] "iteration number: "
[1] 150
[1] "iteration number: "
[1] 151
[1] "iteration number: "
[1] 152
[1] "iteration number: "
[1] 153
[1] "iteration number: "
[1] 154
[1] "iteration number: "
[1] 155
[1] "iteration number: "
[1] 156
[1] "iteration number: "
[1] 157
[1] "iteration number: "
[1] 158
[1] "iteration number: "
[1] 159
[1] "iteration number: "
[1] 160
[1] "iteration number: "
[1] 161
[1] "iteration number: "
[1] 162
[1] "iteration number: "
[1] 163
[1] "iteration number: "
[1] 164
[1] "iteration number: "
[1] 165
[1] "iteration number: "
[1] 166
[1] "iteration number: "
[1] 167
[1] "iteration number: "
[1] 168
[1] "iteration number: "
[1] 169
[1] "iteration number: "
[1] 170
[1] "iteration number: "
[1] 171
[1] "iteration number: "
[1] 172
[1] "iteration number: "
[1] 173
[1] "iteration number: "
[1] 174
[1] "iteration number: "
[1] 175
[1] "iteration number: "
[1] 176
[1] "iteration number: "
[1] 177
[1] "iteration number: "
[1] 178
[1] "iteration number: "
[1] 179
[1] "iteration number: "
[1] 180
[1] "iteration number: "
[1] 181
[1] "iteration number: "
[1] 182
[1] "iteration number: "
[1] 183
[1] "iteration number: "
[1] 184
[1] "iteration number: "
[1] 185
[1] "iteration number: "
[1] 186
[1] "iteration number: "
[1] 187
[1] "iteration number: "
[1] 188
[1] "iteration number: "
[1] 189
[1] "iteration number: "
[1] 190
[1] "iteration number: "
[1] 191
[1] "iteration number: "
[1] 192
[1] "iteration number: "
[1] 193
[1] "iteration number: "
[1] 194
[1] "iteration number: "
[1] 195
[1] "iteration number: "
[1] 196
[1] "iteration number: "
[1] 197
[1] "iteration number: "
[1] 198
[1] "iteration number: "
[1] 199
[1] "iteration number: "
[1] 200
[1] "iteration number: "
[1] 201
[1] "iteration number: "
[1] 202
[1] "iteration number: "
[1] 203
[1] "iteration number: "
[1] 204
[1] "iteration number: "
[1] 205
[1] "iteration number: "
[1] 206
[1] "iteration number: "
[1] 207
[1] "iteration number: "
[1] 208
[1] "iteration number: "
[1] 209
[1] "iteration number: "
[1] 210
[1] "iteration number: "
[1] 211
[1] "iteration number: "
[1] 212
[1] "iteration number: "
[1] 213
[1] "iteration number: "
[1] 214
[1] "iteration number: "
[1] 215
[1] "No change for 11 iterations. Exiting PSO."
[1] "##################################"
[1] "Results summary for itr:7"
[1] "number of features selected using population mean"
[1] 34
[1] "number of features selected using current global best"
[1] 34
[1] "feat ind length"
[1] 34
[1] "best accuracy"
[1] 50.98338
[1] "test acc:0.95"
[1] "##################################"
[1] "learning sets: 8"
 [1]  18  71  54  89  37  43   9  60  23  38  63  73  19  11  34  17  51  79  66
[20]  97  96  15  56  74   5  13  21  20  76  67  35  95  86  22  45   2   6  65
[39]  40  53  77  25  26  68  90   7  75  62  44  72  82  81  33  50  31   4  61
[58]   1  85  12  80  78  58  91  16  70  57  36  87  69  84  29  27  98  52   3
[77] 100  41  94  14
[1] "Starting global iteration number : 8"
[1] "iteration number: "
[1] 1
[1] "iteration number: "
[1] 2
[1] "iteration number: "
[1] 3
[1] "iteration number: "
[1] 4
[1] "iteration number: "
[1] 5
[1] "iteration number: "
[1] 6
[1] "iteration number: "
[1] 7
[1] "iteration number: "
[1] 8
[1] "iteration number: "
[1] 9
[1] "iteration number: "
[1] 10
[1] "iteration number: "
[1] 11
[1] "iteration number: "
[1] 12
[1] "iteration number: "
[1] 13
[1] "iteration number: "
[1] 14
[1] "iteration number: "
[1] 15
[1] "iteration number: "
[1] 16
[1] "iteration number: "
[1] 17
[1] "iteration number: "
[1] 18
[1] "iteration number: "
[1] 19
[1] "iteration number: "
[1] 20
[1] "iteration number: "
[1] 21
[1] "iteration number: "
[1] 22
[1] "iteration number: "
[1] 23
[1] "iteration number: "
[1] 24
[1] "iteration number: "
[1] 25
[1] "iteration number: "
[1] 26
[1] "iteration number: "
[1] 27
[1] "iteration number: "
[1] 28
[1] "iteration number: "
[1] 29
[1] "iteration number: "
[1] 30
[1] "iteration number: "
[1] 31
[1] "iteration number: "
[1] 32
[1] "iteration number: "
[1] 33
[1] "iteration number: "
[1] 34
[1] "iteration number: "
[1] 35
[1] "iteration number: "
[1] 36
[1] "iteration number: "
[1] 37
[1] "iteration number: "
[1] 38
[1] "iteration number: "
[1] 39
[1] "iteration number: "
[1] 40
[1] "iteration number: "
[1] 41
[1] "iteration number: "
[1] 42
[1] "iteration number: "
[1] 43
[1] "iteration number: "
[1] 44
[1] "iteration number: "
[1] 45
[1] "iteration number: "
[1] 46
[1] "iteration number: "
[1] 47
[1] "iteration number: "
[1] 48
[1] "iteration number: "
[1] 49
[1] "iteration number: "
[1] 50
[1] "iteration number: "
[1] 51
[1] "iteration number: "
[1] 52
[1] "iteration number: "
[1] 53
[1] "iteration number: "
[1] 54
[1] "iteration number: "
[1] 55
[1] "iteration number: "
[1] 56
[1] "iteration number: "
[1] 57
[1] "iteration number: "
[1] 58
[1] "iteration number: "
[1] 59
[1] "iteration number: "
[1] 60
[1] "iteration number: "
[1] 61
[1] "iteration number: "
[1] 62
[1] "iteration number: "
[1] 63
[1] "iteration number: "
[1] 64
[1] "iteration number: "
[1] 65
[1] "iteration number: "
[1] 66
[1] "iteration number: "
[1] 67
[1] "iteration number: "
[1] 68
[1] "iteration number: "
[1] 69
[1] "iteration number: "
[1] 70
[1] "iteration number: "
[1] 71
[1] "iteration number: "
[1] 72
[1] "iteration number: "
[1] 73
[1] "iteration number: "
[1] 74
[1] "iteration number: "
[1] 75
[1] "iteration number: "
[1] 76
[1] "iteration number: "
[1] 77
[1] "iteration number: "
[1] 78
[1] "iteration number: "
[1] 79
[1] "iteration number: "
[1] 80
[1] "iteration number: "
[1] 81
[1] "iteration number: "
[1] 82
[1] "iteration number: "
[1] 83
[1] "iteration number: "
[1] 84
[1] "iteration number: "
[1] 85
[1] "iteration number: "
[1] 86
[1] "iteration number: "
[1] 87
[1] "iteration number: "
[1] 88
[1] "iteration number: "
[1] 89
[1] "iteration number: "
[1] 90
[1] "iteration number: "
[1] 91
[1] "iteration number: "
[1] 92
[1] "iteration number: "
[1] 93
[1] "iteration number: "
[1] 94
[1] "iteration number: "
[1] 95
[1] "iteration number: "
[1] 96
[1] "iteration number: "
[1] 97
[1] "iteration number: "
[1] 98
[1] "iteration number: "
[1] 99
[1] "iteration number: "
[1] 100
[1] "iteration number: "
[1] 101
[1] "iteration number: "
[1] 102
[1] "iteration number: "
[1] 103
[1] "iteration number: "
[1] 104
[1] "iteration number: "
[1] 105
[1] "iteration number: "
[1] 106
[1] "iteration number: "
[1] 107
[1] "iteration number: "
[1] 108
[1] "iteration number: "
[1] 109
[1] "iteration number: "
[1] 110
[1] "iteration number: "
[1] 111
[1] "iteration number: "
[1] 112
[1] "iteration number: "
[1] 113
[1] "iteration number: "
[1] 114
[1] "iteration number: "
[1] 115
[1] "iteration number: "
[1] 116
[1] "iteration number: "
[1] 117
[1] "iteration number: "
[1] 118
[1] "iteration number: "
[1] 119
[1] "iteration number: "
[1] 120
[1] "iteration number: "
[1] 121
[1] "iteration number: "
[1] 122
[1] "iteration number: "
[1] 123
[1] "iteration number: "
[1] 124
[1] "iteration number: "
[1] 125
[1] "iteration number: "
[1] 126
[1] "iteration number: "
[1] 127
[1] "iteration number: "
[1] 128
[1] "iteration number: "
[1] 129
[1] "iteration number: "
[1] 130
[1] "iteration number: "
[1] 131
[1] "iteration number: "
[1] 132
[1] "iteration number: "
[1] 133
[1] "iteration number: "
[1] 134
[1] "iteration number: "
[1] 135
[1] "iteration number: "
[1] 136
[1] "iteration number: "
[1] 137
[1] "iteration number: "
[1] 138
[1] "iteration number: "
[1] 139
[1] "iteration number: "
[1] 140
[1] "iteration number: "
[1] 141
[1] "iteration number: "
[1] 142
[1] "iteration number: "
[1] 143
[1] "iteration number: "
[1] 144
[1] "iteration number: "
[1] 145
[1] "iteration number: "
[1] 146
[1] "iteration number: "
[1] 147
[1] "iteration number: "
[1] 148
[1] "iteration number: "
[1] 149
[1] "iteration number: "
[1] 150
[1] "iteration number: "
[1] 151
[1] "iteration number: "
[1] 152
[1] "iteration number: "
[1] 153
[1] "iteration number: "
[1] 154
[1] "iteration number: "
[1] 155
[1] "iteration number: "
[1] 156
[1] "iteration number: "
[1] 157
[1] "iteration number: "
[1] 158
[1] "iteration number: "
[1] 159
[1] "iteration number: "
[1] 160
[1] "iteration number: "
[1] 161
[1] "iteration number: "
[1] 162
[1] "iteration number: "
[1] 163
[1] "iteration number: "
[1] 164
[1] "iteration number: "
[1] 165
[1] "iteration number: "
[1] 166
[1] "iteration number: "
[1] 167
[1] "iteration number: "
[1] 168
[1] "iteration number: "
[1] 169
[1] "iteration number: "
[1] 170
[1] "iteration number: "
[1] 171
[1] "iteration number: "
[1] 172
[1] "iteration number: "
[1] 173
[1] "iteration number: "
[1] 174
[1] "iteration number: "
[1] 175
[1] "iteration number: "
[1] 176
[1] "iteration number: "
[1] 177
[1] "iteration number: "
[1] 178
[1] "iteration number: "
[1] 179
[1] "iteration number: "
[1] 180
[1] "iteration number: "
[1] 181
[1] "iteration number: "
[1] 182
[1] "iteration number: "
[1] 183
[1] "iteration number: "
[1] 184
[1] "iteration number: "
[1] 185
[1] "iteration number: "
[1] 186
[1] "iteration number: "
[1] 187
[1] "iteration number: "
[1] 188
[1] "iteration number: "
[1] 189
[1] "iteration number: "
[1] 190
[1] "iteration number: "
[1] 191
[1] "iteration number: "
[1] 192
[1] "iteration number: "
[1] 193
[1] "iteration number: "
[1] 194
[1] "iteration number: "
[1] 195
[1] "iteration number: "
[1] 196
[1] "iteration number: "
[1] 197
[1] "iteration number: "
[1] 198
[1] "iteration number: "
[1] 199
[1] "iteration number: "
[1] 200
[1] "iteration number: "
[1] 201
[1] "iteration number: "
[1] 202
[1] "iteration number: "
[1] 203
[1] "iteration number: "
[1] 204
[1] "iteration number: "
[1] 205
[1] "iteration number: "
[1] 206
[1] "iteration number: "
[1] 207
[1] "iteration number: "
[1] 208
[1] "iteration number: "
[1] 209
[1] "iteration number: "
[1] 210
[1] "iteration number: "
[1] 211
[1] "iteration number: "
[1] 212
[1] "iteration number: "
[1] 213
[1] "iteration number: "
[1] 214
[1] "iteration number: "
[1] 215
[1] "iteration number: "
[1] 216
[1] "iteration number: "
[1] 217
[1] "iteration number: "
[1] 218
[1] "iteration number: "
[1] 219
[1] "iteration number: "
[1] 220
[1] "iteration number: "
[1] 221
[1] "iteration number: "
[1] 222
[1] "iteration number: "
[1] 223
[1] "iteration number: "
[1] 224
[1] "iteration number: "
[1] 225
[1] "iteration number: "
[1] 226
[1] "iteration number: "
[1] 227
[1] "iteration number: "
[1] 228
[1] "iteration number: "
[1] 229
[1] "iteration number: "
[1] 230
[1] "iteration number: "
[1] 231
[1] "iteration number: "
[1] 232
[1] "iteration number: "
[1] 233
[1] "iteration number: "
[1] 234
[1] "iteration number: "
[1] 235
[1] "iteration number: "
[1] 236
[1] "iteration number: "
[1] 237
[1] "iteration number: "
[1] 238
[1] "iteration number: "
[1] 239
[1] "iteration number: "
[1] 240
[1] "iteration number: "
[1] 241
[1] "iteration number: "
[1] 242
[1] "iteration number: "
[1] 243
[1] "iteration number: "
[1] 244
[1] "iteration number: "
[1] 245
[1] "iteration number: "
[1] 246
[1] "iteration number: "
[1] 247
[1] "iteration number: "
[1] 248
[1] "iteration number: "
[1] 249
[1] "iteration number: "
[1] 250
[1] "iteration number: "
[1] 251
[1] "iteration number: "
[1] 252
[1] "iteration number: "
[1] 253
[1] "iteration number: "
[1] 254
[1] "iteration number: "
[1] 255
[1] "iteration number: "
[1] 256
[1] "iteration number: "
[1] 257
[1] "iteration number: "
[1] 258
[1] "iteration number: "
[1] 259
[1] "iteration number: "
[1] 260
[1] "iteration number: "
[1] 261
[1] "iteration number: "
[1] 262
[1] "iteration number: "
[1] 263
[1] "iteration number: "
[1] 264
[1] "iteration number: "
[1] 265
[1] "iteration number: "
[1] 266
[1] "iteration number: "
[1] 267
[1] "iteration number: "
[1] 268
[1] "iteration number: "
[1] 269
[1] "iteration number: "
[1] 270
[1] "iteration number: "
[1] 271
[1] "iteration number: "
[1] 272
[1] "iteration number: "
[1] 273
[1] "iteration number: "
[1] 274
[1] "iteration number: "
[1] 275
[1] "iteration number: "
[1] 276
[1] "iteration number: "
[1] 277
[1] "iteration number: "
[1] 278
[1] "iteration number: "
[1] 279
[1] "iteration number: "
[1] 280
[1] "iteration number: "
[1] 281
[1] "iteration number: "
[1] 282
[1] "iteration number: "
[1] 283
[1] "iteration number: "
[1] 284
[1] "iteration number: "
[1] 285
[1] "iteration number: "
[1] 286
[1] "iteration number: "
[1] 287
[1] "iteration number: "
[1] 288
[1] "iteration number: "
[1] 289
[1] "iteration number: "
[1] 290
[1] "iteration number: "
[1] 291
[1] "iteration number: "
[1] 292
[1] "iteration number: "
[1] 293
[1] "iteration number: "
[1] 294
[1] "iteration number: "
[1] 295
[1] "iteration number: "
[1] 296
[1] "iteration number: "
[1] 297
[1] "iteration number: "
[1] 298
[1] "iteration number: "
[1] 299
[1] "No change for 11 iterations. Exiting PSO."
[1] "##################################"
[1] "Results summary for itr:8"
[1] "number of features selected using population mean"
[1] 40
[1] "number of features selected using current global best"
[1] 27
[1] "feat ind length"
[1] 27
[1] "best accuracy"
[1] 55.28546
[1] "test acc:0.9"
[1] "##################################"
[1] "learning sets: 9"
 [1]  74   6  76  28  90  63  18  11   5  77  38  89  21  43  20  95  71  96  25
[20]  42  17  10  66  48   8  60  26  92  65  19  23  13  51  79  46  56  35  86
[39]  83  22  47  54  99  37  15 100   1  69  93   4  94  82  58  64  87  49  12
[58]  52  14   3  62  88  57  44  84  50  31  80  55  36  91  59  32  39  81  70
[77]  85  75  41  27
[1] "Starting global iteration number : 9"
[1] "iteration number: "
[1] 1
[1] "iteration number: "
[1] 2
[1] "iteration number: "
[1] 3
[1] "iteration number: "
[1] 4
[1] "iteration number: "
[1] 5
[1] "iteration number: "
[1] 6
[1] "iteration number: "
[1] 7
[1] "iteration number: "
[1] 8
[1] "iteration number: "
[1] 9
[1] "iteration number: "
[1] 10
[1] "iteration number: "
[1] 11
[1] "iteration number: "
[1] 12
[1] "iteration number: "
[1] 13
[1] "iteration number: "
[1] 14
[1] "iteration number: "
[1] 15
[1] "iteration number: "
[1] 16
[1] "iteration number: "
[1] 17
[1] "iteration number: "
[1] 18
[1] "iteration number: "
[1] 19
[1] "iteration number: "
[1] 20
[1] "iteration number: "
[1] 21
[1] "iteration number: "
[1] 22
[1] "iteration number: "
[1] 23
[1] "iteration number: "
[1] 24
[1] "iteration number: "
[1] 25
[1] "iteration number: "
[1] 26
[1] "iteration number: "
[1] 27
[1] "iteration number: "
[1] 28
[1] "iteration number: "
[1] 29
[1] "iteration number: "
[1] 30
[1] "iteration number: "
[1] 31
[1] "iteration number: "
[1] 32
[1] "iteration number: "
[1] 33
[1] "iteration number: "
[1] 34
[1] "iteration number: "
[1] 35
[1] "iteration number: "
[1] 36
[1] "iteration number: "
[1] 37
[1] "iteration number: "
[1] 38
[1] "iteration number: "
[1] 39
[1] "iteration number: "
[1] 40
[1] "iteration number: "
[1] 41
[1] "iteration number: "
[1] 42
[1] "iteration number: "
[1] 43
[1] "iteration number: "
[1] 44
[1] "iteration number: "
[1] 45
[1] "iteration number: "
[1] 46
[1] "iteration number: "
[1] 47
[1] "iteration number: "
[1] 48
[1] "iteration number: "
[1] 49
[1] "iteration number: "
[1] 50
[1] "iteration number: "
[1] 51
[1] "iteration number: "
[1] 52
[1] "iteration number: "
[1] 53
[1] "iteration number: "
[1] 54
[1] "iteration number: "
[1] 55
[1] "iteration number: "
[1] 56
[1] "iteration number: "
[1] 57
[1] "iteration number: "
[1] 58
[1] "iteration number: "
[1] 59
[1] "iteration number: "
[1] 60
[1] "iteration number: "
[1] 61
[1] "iteration number: "
[1] 62
[1] "iteration number: "
[1] 63
[1] "iteration number: "
[1] 64
[1] "iteration number: "
[1] 65
[1] "iteration number: "
[1] 66
[1] "iteration number: "
[1] 67
[1] "iteration number: "
[1] 68
[1] "iteration number: "
[1] 69
[1] "iteration number: "
[1] 70
[1] "iteration number: "
[1] 71
[1] "iteration number: "
[1] 72
[1] "iteration number: "
[1] 73
[1] "iteration number: "
[1] 74
[1] "iteration number: "
[1] 75
[1] "iteration number: "
[1] 76
[1] "iteration number: "
[1] 77
[1] "iteration number: "
[1] 78
[1] "iteration number: "
[1] 79
[1] "iteration number: "
[1] 80
[1] "iteration number: "
[1] 81
[1] "iteration number: "
[1] 82
[1] "iteration number: "
[1] 83
[1] "iteration number: "
[1] 84
[1] "iteration number: "
[1] 85
[1] "iteration number: "
[1] 86
[1] "iteration number: "
[1] 87
[1] "iteration number: "
[1] 88
[1] "iteration number: "
[1] 89
[1] "iteration number: "
[1] 90
[1] "iteration number: "
[1] 91
[1] "iteration number: "
[1] 92
[1] "iteration number: "
[1] 93
[1] "iteration number: "
[1] 94
[1] "iteration number: "
[1] 95
[1] "iteration number: "
[1] 96
[1] "iteration number: "
[1] 97
[1] "iteration number: "
[1] 98
[1] "iteration number: "
[1] 99
[1] "iteration number: "
[1] 100
[1] "iteration number: "
[1] 101
[1] "iteration number: "
[1] 102
[1] "iteration number: "
[1] 103
[1] "iteration number: "
[1] 104
[1] "iteration number: "
[1] 105
[1] "iteration number: "
[1] 106
[1] "iteration number: "
[1] 107
[1] "iteration number: "
[1] 108
[1] "iteration number: "
[1] 109
[1] "iteration number: "
[1] 110
[1] "iteration number: "
[1] 111
[1] "iteration number: "
[1] 112
[1] "iteration number: "
[1] 113
[1] "iteration number: "
[1] 114
[1] "iteration number: "
[1] 115
[1] "iteration number: "
[1] 116
[1] "iteration number: "
[1] 117
[1] "iteration number: "
[1] 118
[1] "iteration number: "
[1] 119
[1] "iteration number: "
[1] 120
[1] "iteration number: "
[1] 121
[1] "iteration number: "
[1] 122
[1] "iteration number: "
[1] 123
[1] "iteration number: "
[1] 124
[1] "iteration number: "
[1] 125
[1] "iteration number: "
[1] 126
[1] "iteration number: "
[1] 127
[1] "iteration number: "
[1] 128
[1] "iteration number: "
[1] 129
[1] "iteration number: "
[1] 130
[1] "iteration number: "
[1] 131
[1] "iteration number: "
[1] 132
[1] "iteration number: "
[1] 133
[1] "iteration number: "
[1] 134
[1] "iteration number: "
[1] 135
[1] "iteration number: "
[1] 136
[1] "iteration number: "
[1] 137
[1] "iteration number: "
[1] 138
[1] "iteration number: "
[1] 139
[1] "iteration number: "
[1] 140
[1] "iteration number: "
[1] 141
[1] "iteration number: "
[1] 142
[1] "iteration number: "
[1] 143
[1] "iteration number: "
[1] 144
[1] "iteration number: "
[1] 145
[1] "iteration number: "
[1] 146
[1] "iteration number: "
[1] 147
[1] "iteration number: "
[1] 148
[1] "iteration number: "
[1] 149
[1] "iteration number: "
[1] 150
[1] "iteration number: "
[1] 151
[1] "iteration number: "
[1] 152
[1] "iteration number: "
[1] 153
[1] "iteration number: "
[1] 154
[1] "iteration number: "
[1] 155
[1] "iteration number: "
[1] 156
[1] "iteration number: "
[1] 157
[1] "iteration number: "
[1] 158
[1] "iteration number: "
[1] 159
[1] "iteration number: "
[1] 160
[1] "iteration number: "
[1] 161
[1] "iteration number: "
[1] 162
[1] "iteration number: "
[1] 163
[1] "iteration number: "
[1] 164
[1] "iteration number: "
[1] 165
[1] "iteration number: "
[1] 166
[1] "iteration number: "
[1] 167
[1] "iteration number: "
[1] 168
[1] "iteration number: "
[1] 169
[1] "iteration number: "
[1] 170
[1] "iteration number: "
[1] 171
[1] "iteration number: "
[1] 172
[1] "iteration number: "
[1] 173
[1] "iteration number: "
[1] 174
[1] "iteration number: "
[1] 175
[1] "iteration number: "
[1] 176
[1] "iteration number: "
[1] 177
[1] "iteration number: "
[1] 178
[1] "iteration number: "
[1] 179
[1] "iteration number: "
[1] 180
[1] "iteration number: "
[1] 181
[1] "iteration number: "
[1] 182
[1] "iteration number: "
[1] 183
[1] "iteration number: "
[1] 184
[1] "iteration number: "
[1] 185
[1] "iteration number: "
[1] 186
[1] "iteration number: "
[1] 187
[1] "iteration number: "
[1] 188
[1] "iteration number: "
[1] 189
[1] "iteration number: "
[1] 190
[1] "iteration number: "
[1] 191
[1] "iteration number: "
[1] 192
[1] "iteration number: "
[1] 193
[1] "iteration number: "
[1] 194
[1] "iteration number: "
[1] 195
[1] "iteration number: "
[1] 196
[1] "iteration number: "
[1] 197
[1] "iteration number: "
[1] 198
[1] "iteration number: "
[1] 199
[1] "iteration number: "
[1] 200
[1] "iteration number: "
[1] 201
[1] "iteration number: "
[1] 202
[1] "iteration number: "
[1] 203
[1] "iteration number: "
[1] 204
[1] "iteration number: "
[1] 205
[1] "iteration number: "
[1] 206
[1] "iteration number: "
[1] 207
[1] "iteration number: "
[1] 208
[1] "iteration number: "
[1] 209
[1] "iteration number: "
[1] 210
[1] "iteration number: "
[1] 211
[1] "iteration number: "
[1] 212
[1] "iteration number: "
[1] 213
[1] "iteration number: "
[1] 214
[1] "iteration number: "
[1] 215
[1] "iteration number: "
[1] 216
[1] "iteration number: "
[1] 217
[1] "iteration number: "
[1] 218
[1] "iteration number: "
[1] 219
[1] "iteration number: "
[1] 220
[1] "iteration number: "
[1] 221
[1] "iteration number: "
[1] 222
[1] "iteration number: "
[1] 223
[1] "No change for 11 iterations. Exiting PSO."
[1] "##################################"
[1] "Results summary for itr:9"
[1] "number of features selected using population mean"
[1] 31
[1] "number of features selected using current global best"
[1] 30
[1] "feat ind length"
[1] 30
[1] "best accuracy"
[1] 48.1516
[1] "test acc:0.95"
[1] "##################################"
[1] "learning sets: 10"
 [1] 97 48 10 21 18 54 11 73 34 17 56 20 95 47 53 79  6 67 51 76 71 65 77 23 83
[26] 86 63 35 30 42 90 46 37 89 19 40 25 74 66  8  5 60 26 38 28 75 39  7 33 32
[51] 12 78 29 57 64 72 82 55  4 58 85 16 81 80 52 14 62 50 24 61 93 94  3 36 84
[76] 44 91 31 88 87
[1] "Starting global iteration number : 10"
[1] "iteration number: "
[1] 1
[1] "iteration number: "
[1] 2
[1] "iteration number: "
[1] 3
[1] "iteration number: "
[1] 4
[1] "iteration number: "
[1] 5
[1] "iteration number: "
[1] 6
[1] "iteration number: "
[1] 7
[1] "iteration number: "
[1] 8
[1] "iteration number: "
[1] 9
[1] "iteration number: "
[1] 10
[1] "iteration number: "
[1] 11
[1] "iteration number: "
[1] 12
[1] "iteration number: "
[1] 13
[1] "iteration number: "
[1] 14
[1] "iteration number: "
[1] 15
[1] "iteration number: "
[1] 16
[1] "iteration number: "
[1] 17
[1] "iteration number: "
[1] 18
[1] "iteration number: "
[1] 19
[1] "iteration number: "
[1] 20
[1] "iteration number: "
[1] 21
[1] "iteration number: "
[1] 22
[1] "iteration number: "
[1] 23
[1] "iteration number: "
[1] 24
[1] "iteration number: "
[1] 25
[1] "iteration number: "
[1] 26
[1] "iteration number: "
[1] 27
[1] "iteration number: "
[1] 28
[1] "iteration number: "
[1] 29
[1] "iteration number: "
[1] 30
[1] "iteration number: "
[1] 31
[1] "iteration number: "
[1] 32
[1] "iteration number: "
[1] 33
[1] "iteration number: "
[1] 34
[1] "iteration number: "
[1] 35
[1] "iteration number: "
[1] 36
[1] "iteration number: "
[1] 37
[1] "iteration number: "
[1] 38
[1] "iteration number: "
[1] 39
[1] "iteration number: "
[1] 40
[1] "iteration number: "
[1] 41
[1] "iteration number: "
[1] 42
[1] "iteration number: "
[1] 43
[1] "iteration number: "
[1] 44
[1] "iteration number: "
[1] 45
[1] "iteration number: "
[1] 46
[1] "iteration number: "
[1] 47
[1] "iteration number: "
[1] 48
[1] "iteration number: "
[1] 49
[1] "iteration number: "
[1] 50
[1] "iteration number: "
[1] 51
[1] "iteration number: "
[1] 52
[1] "iteration number: "
[1] 53
[1] "iteration number: "
[1] 54
[1] "iteration number: "
[1] 55
[1] "iteration number: "
[1] 56
[1] "iteration number: "
[1] 57
[1] "iteration number: "
[1] 58
[1] "iteration number: "
[1] 59
[1] "iteration number: "
[1] 60
[1] "iteration number: "
[1] 61
[1] "iteration number: "
[1] 62
[1] "iteration number: "
[1] 63
[1] "iteration number: "
[1] 64
[1] "iteration number: "
[1] 65
[1] "iteration number: "
[1] 66
[1] "iteration number: "
[1] 67
[1] "iteration number: "
[1] 68
[1] "iteration number: "
[1] 69
[1] "iteration number: "
[1] 70
[1] "iteration number: "
[1] 71
[1] "iteration number: "
[1] 72
[1] "iteration number: "
[1] 73
[1] "iteration number: "
[1] 74
[1] "iteration number: "
[1] 75
[1] "iteration number: "
[1] 76
[1] "iteration number: "
[1] 77
[1] "iteration number: "
[1] 78
[1] "iteration number: "
[1] 79
[1] "iteration number: "
[1] 80
[1] "iteration number: "
[1] 81
[1] "iteration number: "
[1] 82
[1] "iteration number: "
[1] 83
[1] "iteration number: "
[1] 84
[1] "iteration number: "
[1] 85
[1] "iteration number: "
[1] 86
[1] "iteration number: "
[1] 87
[1] "iteration number: "
[1] 88
[1] "iteration number: "
[1] 89
[1] "iteration number: "
[1] 90
[1] "iteration number: "
[1] 91
[1] "iteration number: "
[1] 92
[1] "iteration number: "
[1] 93
[1] "iteration number: "
[1] 94
[1] "iteration number: "
[1] 95
[1] "iteration number: "
[1] 96
[1] "iteration number: "
[1] 97
[1] "iteration number: "
[1] 98
[1] "iteration number: "
[1] 99
[1] "iteration number: "
[1] 100
[1] "iteration number: "
[1] 101
[1] "iteration number: "
[1] 102
[1] "iteration number: "
[1] 103
[1] "iteration number: "
[1] 104
[1] "iteration number: "
[1] 105
[1] "iteration number: "
[1] 106
[1] "iteration number: "
[1] 107
[1] "iteration number: "
[1] 108
[1] "iteration number: "
[1] 109
[1] "iteration number: "
[1] 110
[1] "iteration number: "
[1] 111
[1] "iteration number: "
[1] 112
[1] "iteration number: "
[1] 113
[1] "iteration number: "
[1] 114
[1] "iteration number: "
[1] 115
[1] "iteration number: "
[1] 116
[1] "iteration number: "
[1] 117
[1] "iteration number: "
[1] 118
[1] "iteration number: "
[1] 119
[1] "iteration number: "
[1] 120
[1] "iteration number: "
[1] 121
[1] "iteration number: "
[1] 122
[1] "iteration number: "
[1] 123
[1] "iteration number: "
[1] 124
[1] "iteration number: "
[1] 125
[1] "iteration number: "
[1] 126
[1] "iteration number: "
[1] 127
[1] "iteration number: "
[1] 128
[1] "iteration number: "
[1] 129
[1] "iteration number: "
[1] 130
[1] "iteration number: "
[1] 131
[1] "iteration number: "
[1] 132
[1] "iteration number: "
[1] 133
[1] "iteration number: "
[1] 134
[1] "iteration number: "
[1] 135
[1] "iteration number: "
[1] 136
[1] "iteration number: "
[1] 137
[1] "iteration number: "
[1] 138
[1] "iteration number: "
[1] 139
[1] "iteration number: "
[1] 140
[1] "iteration number: "
[1] 141
[1] "iteration number: "
[1] 142
[1] "iteration number: "
[1] 143
[1] "iteration number: "
[1] 144
[1] "iteration number: "
[1] 145
[1] "iteration number: "
[1] 146
[1] "iteration number: "
[1] 147
[1] "iteration number: "
[1] 148
[1] "iteration number: "
[1] 149
[1] "iteration number: "
[1] 150
[1] "iteration number: "
[1] 151
[1] "iteration number: "
[1] 152
[1] "iteration number: "
[1] 153
[1] "iteration number: "
[1] 154
[1] "iteration number: "
[1] 155
[1] "iteration number: "
[1] 156
[1] "iteration number: "
[1] 157
[1] "iteration number: "
[1] 158
[1] "iteration number: "
[1] 159
[1] "iteration number: "
[1] 160
[1] "iteration number: "
[1] 161
[1] "iteration number: "
[1] 162
[1] "iteration number: "
[1] 163
[1] "iteration number: "
[1] 164
[1] "iteration number: "
[1] 165
[1] "iteration number: "
[1] 166
[1] "iteration number: "
[1] 167
[1] "iteration number: "
[1] 168
[1] "iteration number: "
[1] 169
[1] "iteration number: "
[1] 170
[1] "iteration number: "
[1] 171
[1] "iteration number: "
[1] 172
[1] "iteration number: "
[1] 173
[1] "iteration number: "
[1] 174
[1] "iteration number: "
[1] 175
[1] "iteration number: "
[1] 176
[1] "iteration number: "
[1] 177
[1] "iteration number: "
[1] 178
[1] "iteration number: "
[1] 179
[1] "iteration number: "
[1] 180
[1] "iteration number: "
[1] 181
[1] "iteration number: "
[1] 182
[1] "iteration number: "
[1] 183
[1] "iteration number: "
[1] 184
[1] "iteration number: "
[1] 185
[1] "iteration number: "
[1] 186
[1] "iteration number: "
[1] 187
[1] "iteration number: "
[1] 188
[1] "iteration number: "
[1] 189
[1] "iteration number: "
[1] 190
[1] "iteration number: "
[1] 191
[1] "iteration number: "
[1] 192
[1] "iteration number: "
[1] 193
[1] "iteration number: "
[1] 194
[1] "iteration number: "
[1] 195
[1] "iteration number: "
[1] 196
[1] "iteration number: "
[1] 197
[1] "iteration number: "
[1] 198
[1] "iteration number: "
[1] 199
[1] "iteration number: "
[1] 200
[1] "iteration number: "
[1] 201
[1] "iteration number: "
[1] 202
[1] "iteration number: "
[1] 203
[1] "iteration number: "
[1] 204
[1] "iteration number: "
[1] 205
[1] "iteration number: "
[1] 206
[1] "iteration number: "
[1] 207
[1] "iteration number: "
[1] 208
[1] "iteration number: "
[1] 209
[1] "iteration number: "
[1] 210
[1] "iteration number: "
[1] 211
[1] "iteration number: "
[1] 212
[1] "iteration number: "
[1] 213
[1] "iteration number: "
[1] 214
[1] "iteration number: "
[1] 215
[1] "iteration number: "
[1] 216
[1] "iteration number: "
[1] 217
[1] "iteration number: "
[1] 218
[1] "iteration number: "
[1] 219
[1] "iteration number: "
[1] 220
[1] "iteration number: "
[1] 221
[1] "iteration number: "
[1] 222
[1] "iteration number: "
[1] 223
[1] "iteration number: "
[1] 224
[1] "iteration number: "
[1] 225
[1] "iteration number: "
[1] 226
[1] "iteration number: "
[1] 227
[1] "iteration number: "
[1] 228
[1] "iteration number: "
[1] 229
[1] "iteration number: "
[1] 230
[1] "iteration number: "
[1] 231
[1] "iteration number: "
[1] 232
[1] "iteration number: "
[1] 233
[1] "iteration number: "
[1] 234
[1] "iteration number: "
[1] 235
[1] "iteration number: "
[1] 236
[1] "iteration number: "
[1] 237
[1] "iteration number: "
[1] 238
[1] "iteration number: "
[1] 239
[1] "iteration number: "
[1] 240
[1] "iteration number: "
[1] 241
[1] "iteration number: "
[1] 242
[1] "iteration number: "
[1] 243
[1] "iteration number: "
[1] 244
[1] "iteration number: "
[1] 245
[1] "iteration number: "
[1] 246
[1] "iteration number: "
[1] 247
[1] "iteration number: "
[1] 248
[1] "iteration number: "
[1] 249
[1] "iteration number: "
[1] 250
[1] "iteration number: "
[1] 251
[1] "iteration number: "
[1] 252
[1] "iteration number: "
[1] 253
[1] "iteration number: "
[1] 254
[1] "iteration number: "
[1] 255
[1] "iteration number: "
[1] 256
[1] "iteration number: "
[1] 257
[1] "iteration number: "
[1] 258
[1] "iteration number: "
[1] 259
[1] "iteration number: "
[1] 260
[1] "iteration number: "
[1] 261
[1] "iteration number: "
[1] 262
[1] "iteration number: "
[1] 263
[1] "iteration number: "
[1] 264
[1] "iteration number: "
[1] 265
[1] "iteration number: "
[1] 266
[1] "iteration number: "
[1] 267
[1] "iteration number: "
[1] 268
[1] "iteration number: "
[1] 269
[1] "iteration number: "
[1] 270
[1] "iteration number: "
[1] 271
[1] "iteration number: "
[1] 272
[1] "iteration number: "
[1] 273
[1] "iteration number: "
[1] 274
[1] "iteration number: "
[1] 275
[1] "iteration number: "
[1] 276
[1] "iteration number: "
[1] 277
[1] "iteration number: "
[1] 278
[1] "iteration number: "
[1] 279
[1] "iteration number: "
[1] 280
[1] "iteration number: "
[1] 281
[1] "iteration number: "
[1] 282
[1] "iteration number: "
[1] 283
[1] "iteration number: "
[1] 284
[1] "iteration number: "
[1] 285
[1] "iteration number: "
[1] 286
[1] "iteration number: "
[1] 287
[1] "iteration number: "
[1] 288
[1] "iteration number: "
[1] 289
[1] "iteration number: "
[1] 290
[1] "iteration number: "
[1] 291
[1] "iteration number: "
[1] 292
[1] "iteration number: "
[1] 293
[1] "iteration number: "
[1] 294
[1] "iteration number: "
[1] 295
[1] "iteration number: "
[1] 296
[1] "iteration number: "
[1] 297
[1] "iteration number: "
[1] 298
[1] "iteration number: "
[1] 299
[1] "iteration number: "
[1] 300
[1] "iteration number: "
[1] 301
[1] "iteration number: "
[1] 302
[1] "iteration number: "
[1] 303
[1] "iteration number: "
[1] 304
[1] "iteration number: "
[1] 305
[1] "iteration number: "
[1] 306
[1] "iteration number: "
[1] 307
[1] "iteration number: "
[1] 308
[1] "iteration number: "
[1] 309
[1] "iteration number: "
[1] 310
[1] "iteration number: "
[1] 311
[1] "iteration number: "
[1] 312
[1] "iteration number: "
[1] 313
[1] "iteration number: "
[1] 314
[1] "iteration number: "
[1] 315
[1] "iteration number: "
[1] 316
[1] "iteration number: "
[1] 317
[1] "iteration number: "
[1] 318
[1] "iteration number: "
[1] 319
[1] "iteration number: "
[1] 320
[1] "iteration number: "
[1] 321
[1] "iteration number: "
[1] 322
[1] "iteration number: "
[1] 323
[1] "iteration number: "
[1] 324
[1] "iteration number: "
[1] 325
[1] "iteration number: "
[1] 326
[1] "iteration number: "
[1] 327
[1] "iteration number: "
[1] 328
[1] "iteration number: "
[1] 329
[1] "iteration number: "
[1] 330
[1] "iteration number: "
[1] 331
[1] "iteration number: "
[1] 332
[1] "iteration number: "
[1] 333
[1] "iteration number: "
[1] 334
[1] "iteration number: "
[1] 335
[1] "iteration number: "
[1] 336
[1] "iteration number: "
[1] 337
[1] "iteration number: "
[1] 338
[1] "iteration number: "
[1] 339
[1] "iteration number: "
[1] 340
[1] "iteration number: "
[1] 341
[1] "iteration number: "
[1] 342
[1] "iteration number: "
[1] 343
[1] "iteration number: "
[1] 344
[1] "iteration number: "
[1] 345
[1] "iteration number: "
[1] 346
[1] "iteration number: "
[1] 347
[1] "iteration number: "
[1] 348
[1] "iteration number: "
[1] 349
[1] "iteration number: "
[1] 350
[1] "iteration number: "
[1] 351
[1] "No change for 11 iterations. Exiting PSO."
[1] "##################################"
[1] "Results summary for itr:10"
[1] "number of features selected using population mean"
[1] 28
[1] "number of features selected using current global best"
[1] 28
[1] "feat ind length"
[1] 28
[1] "best accuracy"
[1] 59.09436
[1] "test acc:0.95"
[1] "##################################"
[1] "testacc"
 [1] 1.00 0.85 0.95 1.00 0.90 1.00 0.95 0.90 0.95 0.95
[1] 0.945
   Min. 1st Qu.  Median    Mean 3rd Qu.    Max. 
 0.8500  0.9125  0.9500  0.9450  0.9875  1.0000 
[1] 0.04972145
      [,1] [,2] [,3] [,4] [,5] [,6] [,7] [,8] [,9] [,10]
V1       1    1    1    1    1    1    1    1    1     1
V2       1    1    1    0    0    0    1    1    1     1
V86      1    1    1    0    0    1    1    0    1     0
V312     1    1    1    1    0    1    1    0    1     1
V377     1    0    1    1    1    0    1    1    1     0
V414     0    1    0    0    0    1    1    0    0     0
V436     1    1    0    1    1    0    0    1    1     1
V698     0    1    0    0    0    0    1    0    1     1
V1184    1    1    1    1    1    1    1    1    1     1
V1476    0    1    1    0    1    0    0    0    1     1
V1552    1    1    0    1    1    0    1    1    1     1
V1627    1    1    1    1    1    0    1    1    1     0
V1883    0    1    1    1    0    0    1    1    1     1
V2462    1    1    1    0    1    0    1    1    0     1
V3365    0    1    1    1    1    0    1    0    1     0
V3644    0    1    0    1    1    1    1    1    0     0
V4290    0    1    0    0    1    0    1    1    0     1
V4352    1    1    1    1    1    1    1    1    1     1
V4542    0    1    1    1    1    1    1    0    0     1
V4960    1    1    1    1    0    0    1    0    1     1
V5144    1    1    1    1    1    0    1    1    0     1
V5473    1    1    1    1    1    1    1    1    1     1
V5672    1    1    1    1    1    1    1    0    1     1
V5956    1    1    0    1    1    0    1    1    1     1
V6033    0    1    1    1    0    0    0    1    1     1
V6584    1    1    1    1    1    1    1    1    1     1
V6814    1    1    1    0    1    1    0    1    1     1
V6928    0    1    0    0    0    1    1    1    1     1
V7197    1    0    0    0    1    0    1    0    0     1
V7212    0    0    1    0    1    1    1    1    0     1
V7234    1    1    1    1    1    1    1    1    1     1
V7513    1    1    1    1    1    0    1    1    1     1
V7748    1    1    1    1    0    1    0    1    1     0
V7977    1    1    0    1    1    1    0    1    1     1
V8368    0    1    1    1    1    0    1    1    1     0
V8502    1    1    1    1    0    0    1    1    1     0
V9027    1    1    1    0    1    0    1    0    0     0
V9234    0    1    1    0    0    1    1    0    1     1
V9868    1    1    1    1    1    0    1    0    1     0
V9970    1    1    1    1    1    0    1    1    0     0
[1] "dim of scoring matrix is "
[1] 40 10
[1] "DS index stage 2"
[1] 0.7218337
[1] "KI index stage 2"
[1] -Inf
[1] 1
[1] "bestgenelist"
 [1]  1  9 18 22 26 31 23 32  4 11 12 21 24 27 34  2  5  7 13 14 19 20 33 35 36
[26] 39 40  3 15 16 25 28 30 38 10 17 37  8 29  6
   V1 V1184 V4352 V5473 V6584 V7234 V5672 V7513  V312 V1552 V1627 V5144 V5956 
   10    10    10    10    10    10     9     9     8     8     8     8     8 
V6814 V7977    V2  V377  V436 V1883 V2462 V4542 V4960 V7748 V8368 V8502 V9868 
    8     8     7     7     7     7     7     7     7     7     7     7     7 
V9970   V86 V3365 V3644 V6033 V6928 V7212 V9234 V1476 V4290 V9027  V698 V7197 
    7     6     6     6     6     6     6     6     5     5     5     4     4 
 V414 
    3 
 [1] 1 1 1 1 1 1 1 1 1 1 1 1 1 1 1 1 1 1 1 1 1 1 1 1 1 1 1 1 1 1 1 1 1 1 1 1 1 1
[39] 1 1
[1] 0.9821429 0.9772727
[1] 0.9821429 0.9772727
[1] "accuracy: 93.4938810137408 num_feat:40 fitness:75.5286147603319"
$fitfunc
[1] -75.52861

$cverror
[1] 93.49388

$cvpermerror
[1] 56.72988

$testacc
[1] 98.86364

$reverseacc
[1] 97.97078

[1] -75.52861
[1] "bestgenelist"
 [1]  1  9 18 22 26 31 23 32  4 11 12 21 24 27 34  2  5  7 13 14 19 20 33 35 36
[26] 39 40  3 15 16 25 28 30 38 10 17 37  8 29
   V1 V1184 V4352 V5473 V6584 V7234 V5672 V7513  V312 V1552 V1627 V5144 V5956 
   10    10    10    10    10    10     9     9     8     8     8     8     8 
V6814 V7977    V2  V377  V436 V1883 V2462 V4542 V4960 V7748 V8368 V8502 V9868 
    8     8     7     7     7     7     7     7     7     7     7     7     7 
V9970   V86 V3365 V3644 V6033 V6928 V7212 V9234 V1476 V4290 V9027  V698 V7197 
    7     6     6     6     6     6     6     6     5     5     5     4     4 
 [1] 1 1 1 1 1 0 1 1 1 1 1 1 1 1 1 1 1 1 1 1 1 1 1 1 1 1 1 1 1 1 1 1 1 1 1 1 1 1
[39] 1 1
[1] 0.9821429 0.9772727
[1] 0.9821429 0.9772727
[1] "accuracy: 94.6285352323304 num_feat:39 fitness:75.9171845034992"
$fitfunc
[1] -75.91718

$cverror
[1] 94.62854

$cvpermerror
[1] 59.26234

$testacc
[1] 98.86364

$reverseacc
[1] 97.97078

[1] -75.91718
[1] "bestgenelist"
 [1]  1  9 18 22 26 31 23 32  4 11 12 21 24 27 34  2  5  7 13 14 19 20 33 35 36
[26] 39 40  3 15 16 25 28 30 38 10 17 37  8
   V1 V1184 V4352 V5473 V6584 V7234 V5672 V7513  V312 V1552 V1627 V5144 V5956 
   10    10    10    10    10    10     9     9     8     8     8     8     8 
V6814 V7977    V2  V377  V436 V1883 V2462 V4542 V4960 V7748 V8368 V8502 V9868 
    8     8     7     7     7     7     7     7     7     7     7     7     7 
V9970   V86 V3365 V3644 V6033 V6928 V7212 V9234 V1476 V4290 V9027  V698 
    7     6     6     6     6     6     6     6     5     5     5     4 
 [1] 1 1 1 1 1 0 1 1 1 1 1 1 1 1 1 1 1 1 1 1 1 1 1 1 1 1 1 1 0 1 1 1 1 1 1 1 1 1
[39] 1 1
[1] 0.9821429 0.9772727
[1] 0.9821429 0.9772727
[1] "accuracy: 94.7938802578675 num_feat:38 fitness:76.2337552560924"
$fitfunc
[1] -76.23376

$cverror
[1] 94.79388

$cvpermerror
[1] 58.83608

$testacc
[1] 98.86364

$reverseacc
[1] 97.97078

[1] -76.23376
[1] "bestgenelist"
 [1]  1  9 18 22 26 31 23 32  4 11 12 21 24 27 34  2  5  7 13 14 19 20 33 35 36
[26] 39 40  3 15 16 25 28 30 38 10 17 37
   V1 V1184 V4352 V5473 V6584 V7234 V5672 V7513  V312 V1552 V1627 V5144 V5956 
   10    10    10    10    10    10     9     9     8     8     8     8     8 
V6814 V7977    V2  V377  V436 V1883 V2462 V4542 V4960 V7748 V8368 V8502 V9868 
    8     8     7     7     7     7     7     7     7     7     7     7     7 
V9970   V86 V3365 V3644 V6033 V6928 V7212 V9234 V1476 V4290 V9027 
    7     6     6     6     6     6     6     6     5     5     5 
 [1] 1 1 1 1 1 0 1 0 1 1 1 1 1 1 1 1 1 1 1 1 1 1 1 1 1 1 1 1 0 1 1 1 1 1 1 1 1 1
[39] 1 1
[1] 0.9821429 0.9772727
[1] 0.9821429 0.9772727
[1] "accuracy: 94.7517546883052 num_feat:37 fitness:76.2933666628388"
$fitfunc
[1] -76.29337

$cverror
[1] 94.75175

$cvpermerror
[1] 58.58169

$testacc
[1] 98.86364

$reverseacc
[1] 97.97078

[1] -76.29337
[1] "bestgenelist"
 [1]  1  9 18 22 26 31 23 32  4 11 12 21 24 27 34  2  5  7 13 14 19 20 33 35 36
[26] 39 40  3 15 16 25 28 30 38 10 17
   V1 V1184 V4352 V5473 V6584 V7234 V5672 V7513  V312 V1552 V1627 V5144 V5956 
   10    10    10    10    10    10     9     9     8     8     8     8     8 
V6814 V7977    V2  V377  V436 V1883 V2462 V4542 V4960 V7748 V8368 V8502 V9868 
    8     8     7     7     7     7     7     7     7     7     7     7     7 
V9970   V86 V3365 V3644 V6033 V6928 V7212 V9234 V1476 V4290 
    7     6     6     6     6     6     6     6     5     5 
 [1] 1 1 1 1 1 0 1 0 1 1 1 1 1 1 1 1 1 1 1 1 1 1 1 1 1 1 1 1 0 1 1 1 1 1 1 1 0 1
[39] 1 1
[1] 0.9821429 0.9772727
[1] 0.9821429 0.9772727
[1] "accuracy: 94.7344292926545 num_feat:36 fitness:76.3190736068359"
$fitfunc
[1] -76.31907

$cverror
[1] 94.73443

$cvpermerror
[1] 58.52216

$testacc
[1] 98.86364

$reverseacc
[1] 97.97078

[1] -76.31907
[1] "bestgenelist"
 [1]  1  9 18 22 26 31 23 32  4 11 12 21 24 27 34  2  5  7 13 14 19 20 33 35 36
[26] 39 40  3 15 16 25 28 30 38 10
   V1 V1184 V4352 V5473 V6584 V7234 V5672 V7513  V312 V1552 V1627 V5144 V5956 
   10    10    10    10    10    10     9     9     8     8     8     8     8 
V6814 V7977    V2  V377  V436 V1883 V2462 V4542 V4960 V7748 V8368 V8502 V9868 
    8     8     7     7     7     7     7     7     7     7     7     7     7 
V9970   V86 V3365 V3644 V6033 V6928 V7212 V9234 V1476 
    7     6     6     6     6     6     6     6     5 
 [1] 1 1 1 1 1 0 1 0 1 1 1 1 1 1 1 1 0 1 1 1 1 1 1 1 1 1 1 1 0 1 1 1 1 1 1 1 0 1
[39] 1 1
[1] 0.9821429 0.9772727
[1] 0.9821429 0.9772727
[1] "accuracy: 94.6832455860911 num_feat:35 fitness:76.3182298955598"
$fitfunc
[1] -76.31823

$cverror
[1] 94.68325

$cvpermerror
[1] 58.4394

$testacc
[1] 98.86364

$reverseacc
[1] 97.97078

[1] -76.31823
[1] "bestgenelist"
 [1]  1  9 18 22 26 31 23 32  4 11 12 21 24 27 34  2  5  7 13 14 19 20 33 35 36
[26] 39 40  3 15 16 25 28 30 38
   V1 V1184 V4352 V5473 V6584 V7234 V5672 V7513  V312 V1552 V1627 V5144 V5956 
   10    10    10    10    10    10     9     9     8     8     8     8     8 
V6814 V7977    V2  V377  V436 V1883 V2462 V4542 V4960 V7748 V8368 V8502 V9868 
    8     8     7     7     7     7     7     7     7     7     7     7     7 
V9970   V86 V3365 V3644 V6033 V6928 V7212 V9234 
    7     6     6     6     6     6     6     6 
 [1] 1 1 1 1 1 0 1 0 1 0 1 1 1 1 1 1 0 1 1 1 1 1 1 1 1 1 1 1 0 1 1 1 1 1 1 1 0 1
[39] 1 1
[1] 0.9821429 0.9772727
[1] 0.9821429 0.9772727
[1] "accuracy: 94.9920343700705 num_feat:34 fitness:76.7052975347236"
$fitfunc
[1] -76.7053

$cverror
[1] 94.99203

$cvpermerror
[1] 58.28939

$testacc
[1] 100

$reverseacc
[1] 97.97078

[1] -76.7053
[1] "bestgenelist"
 [1]  1  9 18 22 26 31 23 32  4 11 12 21 24 27 34  2  5  7 13 14 19 20 33 35 36
[26] 39 40  3 15 16 25 28 30
   V1 V1184 V4352 V5473 V6584 V7234 V5672 V7513  V312 V1552 V1627 V5144 V5956 
   10    10    10    10    10    10     9     9     8     8     8     8     8 
V6814 V7977    V2  V377  V436 V1883 V2462 V4542 V4960 V7748 V8368 V8502 V9868 
    8     8     7     7     7     7     7     7     7     7     7     7     7 
V9970   V86 V3365 V3644 V6033 V6928 V7212 
    7     6     6     6     6     6     6 
 [1] 1 1 1 1 1 0 1 0 1 0 1 1 1 1 1 1 0 1 1 1 1 1 1 1 1 1 1 1 0 1 1 1 1 1 1 1 0 0
[39] 1 1
[1] 0.9821429 0.9772727
[1] 0.9821429 0.9772727
[1] "accuracy: 95.6755759643102 num_feat:33 fitness:77.1400985891669"
$fitfunc
[1] -77.1401

$cverror
[1] 95.67558

$cvpermerror
[1] 59.17907

$testacc
[1] 100

$reverseacc
[1] 97.97078

[1] -77.1401
[1] "bestgenelist"
 [1]  1  9 18 22 26 31 23 32  4 11 12 21 24 27 34  2  5  7 13 14 19 20 33 35 36
[26] 39 40  3 15 16 25 28
   V1 V1184 V4352 V5473 V6584 V7234 V5672 V7513  V312 V1552 V1627 V5144 V5956 
   10    10    10    10    10    10     9     9     8     8     8     8     8 
V6814 V7977    V2  V377  V436 V1883 V2462 V4542 V4960 V7748 V8368 V8502 V9868 
    8     8     7     7     7     7     7     7     7     7     7     7     7 
V9970   V86 V3365 V3644 V6033 V6928 
    7     6     6     6     6     6 
 [1] 1 1 1 1 1 0 1 0 1 0 1 1 1 1 1 1 0 1 1 1 1 1 1 1 1 1 1 1 0 0 1 1 1 1 1 1 0 0
[39] 1 1
[1] 1.0000000 0.9772727
[1] 1.0000000 0.9772727
[1] "accuracy: 95.2659773076643 num_feat:32 fitness:76.648992036552"
$fitfunc
[1] -76.64899

$cverror
[1] 95.26598

$cvpermerror
[1] 59.54775

$testacc
[1] 100

$reverseacc
[1] 98.86364

[1] -76.64899
[1] "bestgenelist"
 [1]  1  9 18 22 26 31 23 32  4 11 12 21 24 27 34  2  5  7 13 14 19 20 33 35 36
[26] 39 40  3 15 16 25
   V1 V1184 V4352 V5473 V6584 V7234 V5672 V7513  V312 V1552 V1627 V5144 V5956 
   10    10    10    10    10    10     9     9     8     8     8     8     8 
V6814 V7977    V2  V377  V436 V1883 V2462 V4542 V4960 V7748 V8368 V8502 V9868 
    8     8     7     7     7     7     7     7     7     7     7     7     7 
V9970   V86 V3365 V3644 V6033 
    7     6     6     6     6 
 [1] 1 1 1 1 1 0 1 0 1 0 1 1 1 1 1 1 0 1 1 1 1 1 1 1 1 1 1 0 0 0 1 1 1 1 1 1 0 0
[39] 1 1
[1] 0.9821429 0.9772727
[1] 0.9821429 0.9772727
[1] "accuracy: 95.4062760244997 num_feat:31 fitness:76.7456184422719"
$fitfunc
[1] -76.74562

$cverror
[1] 95.40628

$cvpermerror
[1] 59.77198

$testacc
[1] 100

$reverseacc
[1] 97.97078

[1] -76.74562
[1] "bestgenelist"
 [1]  1  9 18 22 26 31 23 32  4 11 12 21 24 27 34  2  5  7 13 14 19 20 33 35 36
[26] 39 40  3 15 16
   V1 V1184 V4352 V5473 V6584 V7234 V5672 V7513  V312 V1552 V1627 V5144 V5956 
   10    10    10    10    10    10     9     9     8     8     8     8     8 
V6814 V7977    V2  V377  V436 V1883 V2462 V4542 V4960 V7748 V8368 V8502 V9868 
    8     8     7     7     7     7     7     7     7     7     7     7     7 
V9970   V86 V3365 V3644 
    7     6     6     6 
 [1] 1 1 1 1 1 0 1 0 1 0 1 1 1 1 1 1 0 1 1 1 1 1 1 1 0 1 1 0 0 0 1 1 1 1 1 1 0 0
[39] 1 1
[1] 1.0000000 0.9772727
[1] 1.0000000 0.9772727
[1] "accuracy: 94.2313458649778 num_feat:30 fitness:76.0129256086627"
$fitfunc
[1] -76.01293

$cverror
[1] 94.23135

$cvpermerror
[1] 58.38248

$testacc
[1] 98.86364

$reverseacc
[1] 98.86364

[1] -76.01293
[1] "bestgenelist"
 [1]  1  9 18 22 26 31 23 32  4 11 12 21 24 27 34  2  5  7 13 14 19 20 33 35 36
[26] 39 40  3 15
   V1 V1184 V4352 V5473 V6584 V7234 V5672 V7513  V312 V1552 V1627 V5144 V5956 
   10    10    10    10    10    10     9     9     8     8     8     8     8 
V6814 V7977    V2  V377  V436 V1883 V2462 V4542 V4960 V7748 V8368 V8502 V9868 
    8     8     7     7     7     7     7     7     7     7     7     7     7 
V9970   V86 V3365 
    7     6     6 
 [1] 1 1 1 1 1 0 1 0 1 0 1 1 1 1 1 0 0 1 1 1 1 1 1 1 0 1 1 0 0 0 1 1 1 1 1 1 0 0
[39] 1 1
[1] 1.0000000 0.9772727
[1] 1.0000000 0.9772727
[1] "accuracy: 94.1178776536211 num_feat:29 fitness:76.408112601335"
$fitfunc
[1] -76.40811

$cverror
[1] 94.11788

$cvpermerror
[1] 56.77408

$testacc
[1] 98.86364

$reverseacc
[1] 98.86364

[1] -76.40811
[1] "bestgenelist"
 [1]  1  9 18 22 26 31 23 32  4 11 12 21 24 27 34  2  5  7 13 14 19 20 33 35 36
[26] 39 40  3
   V1 V1184 V4352 V5473 V6584 V7234 V5672 V7513  V312 V1552 V1627 V5144 V5956 
   10    10    10    10    10    10     9     9     8     8     8     8     8 
V6814 V7977    V2  V377  V436 V1883 V2462 V4542 V4960 V7748 V8368 V8502 V9868 
    8     8     7     7     7     7     7     7     7     7     7     7     7 
V9970   V86 
    7     6 
 [1] 1 1 1 1 1 0 1 0 1 0 1 1 1 1 0 0 0 1 1 1 1 1 1 1 0 1 1 0 0 0 1 1 1 1 1 1 0 0
[39] 1 1
[1] 1.0000000 0.9772727
[1] 1.0000000 0.9772727
[1] "accuracy: 93.8590943579292 num_feat:28 fitness:75.9907911373082"
$fitfunc
[1] -75.99079

$cverror
[1] 93.85909

$cvpermerror
[1] 57.3945

$testacc
[1] 98.86364

$reverseacc
[1] 98.86364

[1] -75.99079
[1] "bestgenelist"
 [1]  1  9 18 22 26 31 23 32  4 11 12 21 24 27 34  2  5  7 13 14 19 20 33 35 36
[26] 39 40
   V1 V1184 V4352 V5473 V6584 V7234 V5672 V7513  V312 V1552 V1627 V5144 V5956 
   10    10    10    10    10    10     9     9     8     8     8     8     8 
V6814 V7977    V2  V377  V436 V1883 V2462 V4542 V4960 V7748 V8368 V8502 V9868 
    8     8     7     7     7     7     7     7     7     7     7     7     7 
V9970 
    7 
 [1] 1 1 0 1 1 0 1 0 1 0 1 1 1 1 0 0 0 1 1 1 1 1 1 1 0 1 1 0 0 0 1 1 1 1 1 1 0 0
[39] 1 1
[1] 1.0000000 0.9772727
[1] 1.0000000 0.9772727
[1] "accuracy: 94.4594813161072 num_feat:27 fitness:76.3733995827329"
$fitfunc
[1] -76.3734

$cverror
[1] 94.45948

$cvpermerror
[1] 58.18374

$testacc
[1] 98.86364

$reverseacc
[1] 98.86364

[1] -76.3734
[1] "bestgenelist"
 [1]  1  9 18 22 26 31 23 32  4 11 12 21 24 27 34  2  5  7 13 14 19 20 33 35 36
[26] 39
   V1 V1184 V4352 V5473 V6584 V7234 V5672 V7513  V312 V1552 V1627 V5144 V5956 
   10    10    10    10    10    10     9     9     8     8     8     8     8 
V6814 V7977    V2  V377  V436 V1883 V2462 V4542 V4960 V7748 V8368 V8502 V9868 
    8     8     7     7     7     7     7     7     7     7     7     7     7 
 [1] 1 1 0 1 1 0 1 0 1 0 1 1 1 1 0 0 0 1 1 1 1 1 1 1 0 1 1 0 0 0 1 1 1 1 1 1 0 0
[39] 1 0
[1] 1.0000000 0.9545455
[1] 1.0000000 0.9545455
[1] "accuracy: 94.852212602537 num_feat:26 fitness:76.5185535711764"
$fitfunc
[1] -76.51855

$cverror
[1] 94.85221

$cvpermerror
[1] 59.07924

$testacc
[1] 98.86364

$reverseacc
[1] 97.72727

[1] -76.51855
[1] "bestgenelist"
 [1]  1  9 18 22 26 31 23 32  4 11 12 21 24 27 34  2  5  7 13 14 19 20 33 35 36
   V1 V1184 V4352 V5473 V6584 V7234 V5672 V7513  V312 V1552 V1627 V5144 V5956 
   10    10    10    10    10    10     9     9     8     8     8     8     8 
V6814 V7977    V2  V377  V436 V1883 V2462 V4542 V4960 V7748 V8368 V8502 
    8     8     7     7     7     7     7     7     7     7     7     7 
 [1] 1 1 0 1 1 0 1 0 1 0 1 1 1 1 0 0 0 1 1 1 1 1 1 1 0 1 1 0 0 0 1 1 1 1 1 1 0 0
[39] 0 0
[1] 1.0000000 0.9545455
[1] 1.0000000 0.9545455
[1] "accuracy: 94.6656177115344 num_feat:25 fitness:75.9180905245644"
$fitfunc
[1] -75.91809

$cverror
[1] 94.66562

$cvpermerror
[1] 60.54836

$testacc
[1] 98.86364

$reverseacc
[1] 97.72727

[1] -75.91809
[1] "bestgenelist"
 [1]  1  9 18 22 26 31 23 32  4 11 12 21 24 27 34  2  5  7 13 14 19 20 33 35
   V1 V1184 V4352 V5473 V6584 V7234 V5672 V7513  V312 V1552 V1627 V5144 V5956 
   10    10    10    10    10    10     9     9     8     8     8     8     8 
V6814 V7977    V2  V377  V436 V1883 V2462 V4542 V4960 V7748 V8368 
    8     8     7     7     7     7     7     7     7     7     7 
 [1] 1 1 0 1 1 0 1 0 1 0 1 1 1 1 0 0 0 1 1 1 1 1 1 1 0 1 1 0 0 0 1 1 1 1 1 0 0 0
[39] 0 0
[1] 1.0000000 0.9545455
[1] 1.0000000 0.9545455
[1] "accuracy: 95.0780360397143 num_feat:24 fitness:76.3227250749632"
$fitfunc
[1] -76.32273

$cverror
[1] 95.07804

$cvpermerror
[1] 60.64389

$testacc
[1] 98.86364

$reverseacc
[1] 97.72727

[1] -76.32273
[1] "bestgenelist"
 [1]  1  9 18 22 26 31 23 32  4 11 12 21 24 27 34  2  5  7 13 14 19 20 33
   V1 V1184 V4352 V5473 V6584 V7234 V5672 V7513  V312 V1552 V1627 V5144 V5956 
   10    10    10    10    10    10     9     9     8     8     8     8     8 
V6814 V7977    V2  V377  V436 V1883 V2462 V4542 V4960 V7748 
    8     8     7     7     7     7     7     7     7     7 
 [1] 1 1 0 1 1 0 1 0 1 0 1 1 1 1 0 0 0 1 1 1 1 1 1 1 0 1 1 0 0 0 1 1 1 1 0 0 0 0
[39] 0 0
[1] 1.0000000 0.9545455
[1] 1.0000000 0.9545455
[1] "accuracy: 94.807893988062 num_feat:23 fitness:76.1441399448803"
$fitfunc
[1] -76.14414

$cverror
[1] 94.80789

$cvpermerror
[1] 60.43104

$testacc
[1] 98.86364

$reverseacc
[1] 97.72727

[1] -76.14414
[1] "bestgenelist"
 [1]  1  9 18 22 26 31 23 32  4 11 12 21 24 27 34  2  5  7 13 14 19 20
   V1 V1184 V4352 V5473 V6584 V7234 V5672 V7513  V312 V1552 V1627 V5144 V5956 
   10    10    10    10    10    10     9     9     8     8     8     8     8 
V6814 V7977    V2  V377  V436 V1883 V2462 V4542 V4960 
    8     8     7     7     7     7     7     7     7 
 [1] 1 1 0 1 1 0 1 0 1 0 1 1 1 1 0 0 0 1 1 1 1 1 1 1 0 1 1 0 0 0 1 1 0 1 0 0 0 0
[39] 0 0
[1] 1.0000000 0.9545455
[1] 1.0000000 0.9545455
[1] "accuracy: 94.6398375617927 num_feat:22 fitness:76.1558628720502"
$fitfunc
[1] -76.15586

$cverror
[1] 94.63984

$cvpermerror
[1] 59.92071

$testacc
[1] 98.86364

$reverseacc
[1] 97.72727

[1] -76.15586
[1] "bestgenelist"
 [1]  1  9 18 22 26 31 23 32  4 11 12 21 24 27 34  2  5  7 13 14 19
   V1 V1184 V4352 V5473 V6584 V7234 V5672 V7513  V312 V1552 V1627 V5144 V5956 
   10    10    10    10    10    10     9     9     8     8     8     8     8 
V6814 V7977    V2  V377  V436 V1883 V2462 V4542 
    8     8     7     7     7     7     7     7 
 [1] 1 1 0 1 1 0 1 0 1 0 1 1 1 1 0 0 0 1 1 0 1 1 1 1 0 1 1 0 0 0 1 1 0 1 0 0 0 0
[39] 0 0
[1] 1.0000000 0.9545455
[1] 1.0000000 0.9545455
[1] "accuracy: 94.4882119060997 num_feat:21 fitness:76.106851442557"
$fitfunc
[1] -76.10685

$cverror
[1] 94.48821

$cvpermerror
[1] 59.66705

$testacc
[1] 98.86364

$reverseacc
[1] 97.72727

[1] -76.10685
[1] "bestgenelist"
 [1]  1  9 18 22 26 31 23 32  4 11 12 21 24 27 34  2  5  7 13 14
   V1 V1184 V4352 V5473 V6584 V7234 V5672 V7513  V312 V1552 V1627 V5144 V5956 
   10    10    10    10    10    10     9     9     8     8     8     8     8 
V6814 V7977    V2  V377  V436 V1883 V2462 
    8     8     7     7     7     7     7 
 [1] 1 1 0 1 1 0 1 0 1 0 1 1 1 1 0 0 0 1 0 0 1 1 1 1 0 1 1 0 0 0 1 1 0 1 0 0 0 0
[39] 0 0
[1] 0.9821429 0.9772727
[1] 0.9821429 0.9772727
[1] "accuracy: 94.4590720706837 num_feat:20 fitness:76.5898767516631"
$fitfunc
[1] -76.58988

$cverror
[1] 94.45907

$cvpermerror
[1] 58.01437

$testacc
[1] 97.97078

$reverseacc
[1] 97.97078

[1] -76.58988
[1] "bestgenelist"
 [1]  1  9 18 22 26 31 23 32  4 11 12 21 24 27 34  2  5  7 13
   V1 V1184 V4352 V5473 V6584 V7234 V5672 V7513  V312 V1552 V1627 V5144 V5956 
   10    10    10    10    10    10     9     9     8     8     8     8     8 
V6814 V7977    V2  V377  V436 V1883 
    8     8     7     7     7     7 
 [1] 1 1 0 1 1 0 1 0 1 0 1 1 1 0 0 0 0 1 0 0 1 1 1 1 0 1 1 0 0 0 1 1 0 1 0 0 0 0
[39] 0 0
[1] 0.9821429 0.9772727
[1] 0.9821429 0.9772727
[1] "accuracy: 92.9136695525611 num_feat:19 fitness:75.792965648411"
$fitfunc
[1] -75.79297

$cverror
[1] 92.91367

$cvpermerror
[1] 55.65425

$testacc
[1] 97.97078

$reverseacc
[1] 97.97078

[1] -75.79297
[1] "bestgenelist"
 [1]  1  9 18 22 26 31 23 32  4 11 12 21 24 27 34  2  5  7
   V1 V1184 V4352 V5473 V6584 V7234 V5672 V7513  V312 V1552 V1627 V5144 V5956 
   10    10    10    10    10    10     9     9     8     8     8     8     8 
V6814 V7977    V2  V377  V436 
    8     8     7     7     7 
 [1] 1 1 0 1 1 0 1 0 1 0 1 1 0 0 0 0 0 1 0 0 1 1 1 1 0 1 1 0 0 0 1 1 0 1 0 0 0 0
[39] 0 0
[1] 0.9821429 0.9772727
[1] 0.9821429 0.9772727
[1] "accuracy: 92.8017390462472 num_feat:18 fitness:75.4722735886049"
$fitfunc
[1] -75.47227

$cverror
[1] 92.80174

$cvpermerror
[1] 56.43719

$testacc
[1] 97.97078

$reverseacc
[1] 97.97078

[1] -75.47227
[1] "bestgenelist"
 [1]  1  9 18 22 26 31 23 32  4 11 12 21 24 27 34  2  5
   V1 V1184 V4352 V5473 V6584 V7234 V5672 V7513  V312 V1552 V1627 V5144 V5956 
   10    10    10    10    10    10     9     9     8     8     8     8     8 
V6814 V7977    V2  V377 
    8     8     7     7 
 [1] 1 1 0 1 1 0 0 0 1 0 1 1 0 0 0 0 0 1 0 0 1 1 1 1 0 1 1 0 0 0 1 1 0 1 0 0 0 0
[39] 0 0
[1] 0.9821429 0.9772727
[1] 0.9821429 0.9772727
[1] "accuracy: 93.1458011854123 num_feat:17 fitness:75.6476136385124"
$fitfunc
[1] -75.64761

$cverror
[1] 93.1458

$cvpermerror
[1] 57.07146

$testacc
[1] 97.97078

$reverseacc
[1] 97.97078

[1] -75.64761
[1] "bestgenelist"
 [1]  1  9 18 22 26 31 23 32  4 11 12 21 24 27 34  2
   V1 V1184 V4352 V5473 V6584 V7234 V5672 V7513  V312 V1552 V1627 V5144 V5956 
   10    10    10    10    10    10     9     9     8     8     8     8     8 
V6814 V7977    V2 
    8     8     7 
 [1] 1 1 0 1 0 0 0 0 1 0 1 1 0 0 0 0 0 1 0 0 1 1 1 1 0 1 1 0 0 0 1 1 0 1 0 0 0 0
[39] 0 0
[1] 0.9642857 0.9772727
[1] 0.9642857 0.9772727
[1] "accuracy: 91.3594853884018 num_feat:16 fitness:73.8538946070839"
$fitfunc
[1] -73.85389

$cverror
[1] 91.35949

$cvpermerror
[1] 57.23901

$testacc
[1] 97.97078

$reverseacc
[1] 97.07792

[1] -73.85389
[1] "bestgenelist"
 [1]  1  9 18 22 26 31 23 32  4 11 12 21 24 27 34
   V1 V1184 V4352 V5473 V6584 V7234 V5672 V7513  V312 V1552 V1627 V5144 V5956 
   10    10    10    10    10    10     9     9     8     8     8     8     8 
V6814 V7977 
    8     8 
 [1] 1 0 0 1 0 0 0 0 1 0 1 1 0 0 0 0 0 1 0 0 1 1 1 1 0 1 1 0 0 0 1 1 0 1 0 0 0 0
[39] 0 0
[1] 0.9642857 0.9772727
[1] 0.9642857 0.9772727
[1] "accuracy: 89.7070437829008 num_feat:15 fitness:72.1971036306331"
$fitfunc
[1] -72.1971

$cverror
[1] 89.70704

$cvpermerror
[1] 57.36216

$testacc
[1] 97.07792

$reverseacc
[1] 97.07792

[1] -72.1971
[1] "bestgenelist"
 [1]  1  9 18 22 26 31 23 32  4 11 12 21 24 27
   V1 V1184 V4352 V5473 V6584 V7234 V5672 V7513  V312 V1552 V1627 V5144 V5956 
   10    10    10    10    10    10     9     9     8     8     8     8     8 
V6814 
    8 
 [1] 1 0 0 1 0 0 0 0 1 0 1 1 0 0 0 0 0 1 0 0 1 1 1 1 0 1 1 0 0 0 1 1 0 0 0 0 0 0
[39] 0 0
[1] 1.0000000 0.9772727
[1] 1.0000000 0.9772727
[1] "accuracy: 89.735378971277 num_feat:14 fitness:71.8046336710587"
$fitfunc
[1] -71.80463

$cverror
[1] 89.73538

$cvpermerror
[1] 58.84724

$testacc
[1] 97.07792

$reverseacc
[1] 98.86364

[1] -71.80463
[1] "bestgenelist"
 [1]  1  9 18 22 26 31 23 32  4 11 12 21 24
   V1 V1184 V4352 V5473 V6584 V7234 V5672 V7513  V312 V1552 V1627 V5144 V5956 
   10    10    10    10    10    10     9     9     8     8     8     8     8 
 [1] 1 0 0 1 0 0 0 0 1 0 1 1 0 0 0 0 0 1 0 0 1 1 1 1 0 1 0 0 0 0 1 1 0 0 0 0 0 0
[39] 0 0
[1] 0.9821429 0.9772727
[1] 0.9821429 0.9772727
[1] "accuracy: 90.9840662452887 num_feat:13 fitness:73.4398788680291"
$fitfunc
[1] -73.43988

$cverror
[1] 90.98407

$cvpermerror
[1] 57.63018

$testacc
[1] 97.97078

$reverseacc
[1] 97.97078

[1] -73.43988
[1] "bestgenelist"
 [1]  1  9 18 22 26 31 23 32  4 11 12 21
   V1 V1184 V4352 V5473 V6584 V7234 V5672 V7513  V312 V1552 V1627 V5144 
   10    10    10    10    10    10     9     9     8     8     8     8 
 [1] 1 0 0 1 0 0 0 0 1 0 1 1 0 0 0 0 0 1 0 0 1 1 1 0 0 1 0 0 0 0 1 1 0 0 0 0 0 0
[39] 0 0
[1] 0.9642857 0.9772727
[1] 0.9642857 0.9772727
[1] "accuracy: 88.6538913370428 num_feat:12 fitness:70.9789570324104"
$fitfunc
[1] -70.97896

$cverror
[1] 88.65389

$cvpermerror
[1] 58.22701

$testacc
[1] 97.97078

$reverseacc
[1] 97.07792

[1] -70.97896
[1] "bestgenelist"
 [1]  1  9 18 22 26 31 23 32  4 11 12
   V1 V1184 V4352 V5473 V6584 V7234 V5672 V7513  V312 V1552 V1627 
   10    10    10    10    10    10     9     9     8     8     8 
 [1] 1 0 0 1 0 0 0 0 1 0 1 1 0 0 0 0 0 1 0 0 0 1 1 0 0 1 0 0 0 0 1 1 0 0 0 0 0 0
[39] 0 0
[1] 0.9464286 0.9318182
[1] 0.9464286 0.9318182
[1] "accuracy: 89.004453602709 num_feat:11 fitness:71.528595089731"
$fitfunc
[1] -71.5286

$cverror
[1] 89.00445

$cvpermerror
[1] 57.63507

$testacc
[1] 97.97078

$reverseacc
[1] 93.91234

[1] -71.5286
[1] "bestgenelist"
 [1]  1  9 18 22 26 31 23 32  4 11
   V1 V1184 V4352 V5473 V6584 V7234 V5672 V7513  V312 V1552 
   10    10    10    10    10    10     9     9     8     8 
 [1] 1 0 0 1 0 0 0 0 1 0 1 0 0 0 0 0 0 1 0 0 0 1 1 0 0 1 0 0 0 0 1 1 0 0 0 0 0 0
[39] 0 0
[1] 0.9642857 0.9772727
[1] 0.9642857 0.9772727
[1] "accuracy: 89.5792267415846 num_feat:10 fitness:72.3590559356043"
$fitfunc
[1] -72.35906

$cverror
[1] 89.57923

$cvpermerror
[1] 56.84695

$testacc
[1] 97.97078

$reverseacc
[1] 97.07792

[1] -72.35906
[1] "bestgenelist"
[1]  1  9 18 22 26 31 23 32  4
   V1 V1184 V4352 V5473 V6584 V7234 V5672 V7513  V312 
   10    10    10    10    10    10     9     9     8 
 [1] 1 0 0 1 0 0 0 0 1 0 0 0 0 0 0 0 0 1 0 0 0 1 1 0 0 1 0 0 0 0 1 1 0 0 0 0 0 0
[39] 0 0
[1] 0.9107143 0.9772727
[1] 0.9107143 0.9772727
[1] "accuracy: 90.2121664324179 num_feat:9 fitness:72.5999803669061"
$fitfunc
[1] -72.59998

$cverror
[1] 90.21217

$cvpermerror
[1] 58.21591

$testacc
[1] 97.97078

$reverseacc
[1] 94.39935

[1] -72.59998
[1] "bestgenelist"
[1]  1  9 18 22 26 31 23 32
   V1 V1184 V4352 V5473 V6584 V7234 V5672 V7513 
   10    10    10    10    10    10     9     9 
 [1] 1 0 0 0 0 0 0 0 1 0 0 0 0 0 0 0 0 1 0 0 0 1 1 0 0 1 0 0 0 0 1 1 0 0 0 0 0 0
[39] 0 0
[1] 0.9107143 0.9772727
[1] 0.9107143 0.9772727
[1] "accuracy: 91.1045811691138 num_feat:8 fitness:73.4587723426641"
$fitfunc
[1] -73.45877

$cverror
[1] 91.10458

$cvpermerror
[1] 58.29228

$testacc
[1] 95.29221

$reverseacc
[1] 94.39935

[1] -73.45877
[1] "bestgenelist"
[1]  1  9 18 22 26 31 23
   V1 V1184 V4352 V5473 V6584 V7234 V5672 
   10    10    10    10    10    10     9 
 [1] 1 0 0 0 0 0 0 0 1 0 0 0 0 0 0 0 0 1 0 0 0 1 1 0 0 1 0 0 0 0 1 0 0 0 0 0 0 0
[39] 0 0
[1] 0.9107143 0.9772727
[1] 0.9107143 0.9772727
[1] "accuracy: 89.3033519405778 num_feat:7 fitness:71.8240864532686"
$fitfunc
[1] -71.82409

$cverror
[1] 89.30335

$cvpermerror
[1] 57.85075

$testacc
[1] 94.39935

$reverseacc
[1] 94.39935

[1] -71.82409
[1] "bestgenelist"
[1]  1  9 18 22 26 31
   V1 V1184 V4352 V5473 V6584 V7234 
   10    10    10    10    10    10 
 [1] 1 0 0 0 0 0 0 0 1 0 0 0 0 0 0 0 0 1 0 0 0 1 0 0 0 1 0 0 0 0 1 0 0 0 0 0 0 0
[39] 0 0
[1] 0.8214286 0.9545455
[1] 0.8214286 0.9545455
[1] "accuracy: 80.8166712140734 num_feat:6 fitness:62.6547302493751"
$fitfunc
[1] -62.65473

$cverror
[1] 80.81667

$cvpermerror
[1] 60.35728

$testacc
[1] 90.34091

$reverseacc
[1] 88.7987

[1] -62.65473
[1] "bestgenelist"
[1]  1  9 18 22 26
   V1 V1184 V4352 V5473 V6584 
   10    10    10    10    10 
 [1] 1 0 0 0 0 0 0 0 1 0 0 0 0 0 0 0 0 1 0 0 0 1 0 0 0 1 0 0 0 0 0 0 0 0 0 0 0 0
[39] 0 0
[1] 0.8392857 0.8863636
[1] 0.8392857 0.8863636
[1] "accuracy: 80.5874646558326 num_feat:5 fitness:63.0369146570856"
$fitfunc
[1] -63.03691

$cverror
[1] 80.58746

$cvpermerror
[1] 58.3724

$testacc
[1] 89.20455

$reverseacc
[1] 86.28247

[1] -63.03691
[1] "bestgenelist"
[1]  1  9 18 22
   V1 V1184 V4352 V5473 
   10    10    10    10 
 [1] 1 0 0 0 0 0 0 0 1 0 0 0 0 0 0 0 0 1 0 0 0 1 0 0 0 0 0 0 0 0 0 0 0 0 0 0 0 0
[39] 0 0
[1] 0.8571429 0.8409091
[1] 0.8571429 0.8409091
[1] "accuracy: 79.2868807814504 num_feat:4 fitness:61.7914730412979"
$fitfunc
[1] -61.79147

$cverror
[1] 79.28688

$cvpermerror
[1] 58.18812

$testacc
[1] 85.38961

$reverseacc
[1] 84.9026

[1] -61.79147
[1] "bestgenelist"
[1]  1  9 18
   V1 V1184 V4352 
   10    10    10 
 [1] 1 0 0 0 0 0 0 0 1 0 0 0 0 0 0 0 0 1 0 0 0 0 0 0 0 0 0 0 0 0 0 0 0 0 0 0 0 0
[39] 0 0
[1] 0.6964286 0.7727273
[1] 0.6964286 0.7727273
[1] "accuracy: 69.221578295784 num_feat:3 fitness:50.9416173505351"
$fitfunc
[1] -50.94162

$cverror
[1] 69.22158

$cvpermerror
[1] 60.89476

$testacc
[1] 75.56818

$reverseacc
[1] 73.45779

[1] -50.94162
[1] "bestgenelist"
[1] 1 9
   V1 V1184 
   10    10 
 [1] 1 0 0 0 0 0 0 0 1 0 0 0 0 0 0 0 0 0 0 0 0 0 0 0 0 0 0 0 0 0 0 0 0 0 0 0 0 0
[39] 0 0
[1] "accuracy: 1 num_feat:2 fitness:-100"
$fitfunc
[1] 100

$cverror
[1] 1

$cvpermerror
[1] 100

$testacc
[1] 1

$reverseacc
[1] 1

[1] 100
[1] "bestgenelist"
[1] 1
V1 
10 
 [1] 1 0 0 0 0 0 0 0 0 0 0 0 0 0 0 0 0 0 0 0 0 0 0 0 0 0 0 0 0 0 0 0 0 0 0 0 0 0
[39] 0 0
[1] "accuracy: 1 num_feat:1 fitness:-100"
$fitfunc
[1] 100

$cverror
[1] 1

$cvpermerror
[1] 100

$testacc
[1] 1

$reverseacc
[1] 1

[1] 100
[1] "Number of features selected in 10 iterations:"
[1] 33
[1] "Modified train 10 fold accuracy using train data is "
[1] 97
[1] "Modified train accuracy is "
[1] 1
[1] "train confusion matrix is "
          trainclass
pred_train -1  1
        -1 56  0
        1   0 44
[1] "Train dimension is "
[1] 100  33
[1] "Test dimension is "
[1] 100  33
[1] "Test confusion matrix is "
    
pred -1  1
  -1 46 16
  1  10 28
[1] "Test acc is "
[1] 0.74
[1] "train 10 fold"
[1] 97
[1] "Test confusion matrix is "
    
pred -1  1
  -1 46 16
  1  10 28
[1] "Test acc is "
[1] 0.74
[1] "Test AUC:"
[1] 0.7288961
[1] "Train acc is "
[1] 1
[1] "# of features after PSO:"
[1] 100  34
     user    system   elapsed 
  201.290   141.017 14386.922 
There were 50 or more warnings (use warnings() to see the first 50)
> 
> 
> 
> feat_ind<-psores$bestfeatlist
> feat_names<-psores$bestfeatnames
> 
> scoringmatrix<-as.data.frame(psores$scoringmatrix)
> print(scoringmatrix)
      V1 V2 V3 V4 V5 V6 V7 V8 V9 V10
V1     1  1  1  1  1  1  1  1  1   1
V2     1  1  1  0  0  0  1  1  1   1
V86    1  1  1  0  0  1  1  0  1   0
V312   1  1  1  1  0  1  1  0  1   1
V377   1  0  1  1  1  0  1  1  1   0
V414   0  1  0  0  0  1  1  0  0   0
V436   1  1  0  1  1  0  0  1  1   1
V698   0  1  0  0  0  0  1  0  1   1
V1184  1  1  1  1  1  1  1  1  1   1
V1476  0  1  1  0  1  0  0  0  1   1
V1552  1  1  0  1  1  0  1  1  1   1
V1627  1  1  1  1  1  0  1  1  1   0
V1883  0  1  1  1  0  0  1  1  1   1
V2462  1  1  1  0  1  0  1  1  0   1
V3365  0  1  1  1  1  0  1  0  1   0
V3644  0  1  0  1  1  1  1  1  0   0
V4290  0  1  0  0  1  0  1  1  0   1
V4352  1  1  1  1  1  1  1  1  1   1
V4542  0  1  1  1  1  1  1  0  0   1
V4960  1  1  1  1  0  0  1  0  1   1
V5144  1  1  1  1  1  0  1  1  0   1
V5473  1  1  1  1  1  1  1  1  1   1
V5672  1  1  1  1  1  1  1  0  1   1
V5956  1  1  0  1  1  0  1  1  1   1
V6033  0  1  1  1  0  0  0  1  1   1
V6584  1  1  1  1  1  1  1  1  1   1
V6814  1  1  1  0  1  1  0  1  1   1
V6928  0  1  0  0  0  1  1  1  1   1
V7197  1  0  0  0  1  0  1  0  0   1
V7212  0  0  1  0  1  1  1  1  0   1
V7234  1  1  1  1  1  1  1  1  1   1
V7513  1  1  1  1  1  0  1  1  1   1
V7748  1  1  1  1  0  1  0  1  1   0
V7977  1  1  0  1  1  1  0  1  1   1
V8368  0  1  1  1  1  0  1  1  1   0
V8502  1  1  1  1  0  0  1  1  1   0
V9027  1  1  1  0  1  0  1  0  0   0
V9234  0  1  1  0  0  1  1  0  1   1
V9868  1  1  1  1  1  0  1  0  1   0
V9970  1  1  1  1  1  0  1  1  0   0
> print(feat_names[feat_ind])
 [1] "V1"    "V1184" "V4352" "V5473" "V6584" "V7234" "V5672" "V7513" "V312" 
[10] "V1552" "V1627" "V5144" "V5956" "V6814" "V7977" "V2"    "V377"  "V436" 
[19] "V1883" "V2462" "V4542" "V4960" "V7748" "V8368" "V8502" "V9868" "V9970"
[28] "V86"   "V3365" "V3644" "V6033" "V6928" "V7212"
> 
> save(psores,file="psores.Rda")
> print("Complete")
[1] "Complete"
> 
