
R version 3.4.0 (2017-04-21) -- "You Stupid Darkness"
Copyright (C) 2017 The R Foundation for Statistical Computing
Platform: x86_64-pc-linux-gnu (64-bit)

R is free software and comes with ABSOLUTELY NO WARRANTY.
You are welcome to redistribute it under certain conditions.
Type 'license()' or 'licence()' for distribution details.

  Natural language support but running in an English locale

R is a collaborative project with many contributors.
Type 'contributors()' for more information and
'citation()' on how to cite R or R packages in publications.

Type 'demo()' for some demos, 'help()' for on-line help, or
'help.start()' for an HTML browser interface to help.
Type 'q()' to quit R.

> 
> #.libPaths("/home/kuppal3/karan_libs/Rlibs")
> library(snow)
> library(e1071)
> library(yaImpute)

Attaching package: ‘yaImpute’

The following object is masked from ‘package:e1071’:

    impute

> library(pROC)
Type 'citation("pROC")' for a citation.

Attaching package: ‘pROC’

The following objects are masked from ‘package:stats’:

    cov, smooth, var

> library(bioDist)
Loading required package: Biobase
Loading required package: BiocGenerics
Loading required package: parallel

Attaching package: ‘parallel’

The following objects are masked from ‘package:snow’:

    clusterApply, clusterApplyLB, clusterCall, clusterEvalQ,
    clusterExport, clusterMap, clusterSplit, makeCluster, parApply,
    parCapply, parLapply, parRapply, parSapply, splitIndices,
    stopCluster


Attaching package: ‘BiocGenerics’

The following objects are masked from ‘package:parallel’:

    clusterApply, clusterApplyLB, clusterCall, clusterEvalQ,
    clusterExport, clusterMap, parApply, parCapply, parLapply,
    parLapplyLB, parRapply, parSapply, parSapplyLB

The following object is masked from ‘package:pROC’:

    var

The following objects are masked from ‘package:snow’:

    clusterApply, clusterApplyLB, clusterCall, clusterEvalQ,
    clusterExport, clusterMap, parApply, parCapply, parLapply,
    parRapply, parSapply

The following objects are masked from ‘package:stats’:

    IQR, mad, sd, var, xtabs

The following objects are masked from ‘package:base’:

    anyDuplicated, append, as.data.frame, cbind, colMeans, colnames,
    colSums, do.call, duplicated, eval, evalq, Filter, Find, get, grep,
    grepl, intersect, is.unsorted, lapply, lengths, Map, mapply, match,
    mget, order, paste, pmax, pmax.int, pmin, pmin.int, Position, rank,
    rbind, Reduce, rowMeans, rownames, rowSums, sapply, setdiff, sort,
    table, tapply, union, unique, unsplit, which, which.max, which.min

Welcome to Bioconductor

    Vignettes contain introductory material; view with
    'browseVignettes()'. To cite Bioconductor, see
    'citation("Biobase")', and for packages 'citation("pkgname")'.

Loading required package: KernSmooth
KernSmooth 2.23 loaded
Copyright M. P. Wand 1997-2009
> #library(CMA, lib="/home/kuppal3/karan_libs/Rlibs/")
> library(RankAggreg)
> library(CMA)

Attaching package: ‘CMA’

The following object is masked from ‘package:pROC’:

    roc

The following object is masked from ‘package:e1071’:

    tune

> library(expm)
Loading required package: Matrix

Attaching package: ‘expm’

The following object is masked from ‘package:Matrix’:

    expm

> library(plyr)

Attaching package: ‘plyr’

The following object is masked from ‘package:CMA’:

    join

> library(doParallel)
Loading required package: foreach
Loading required package: iterators
> cl<-makeCluster(1)
> 
> 
> args<-commandArgs(trailingOnly=TRUE)
> 
> #dirloc<-"/Users/karanuppal/Documents/Gatech/Projects/Algorithms/TwostagePSO/"
> #sname<-paste("/home/stu/kuppal3/Research/Feature_selection/Rcode/versionnov2014/OCFS_",args[9],".R",sep="")
> 
> sname<-paste("/home/kuppal2/Documents/Projects/xmsPANDA/Other/scripts/OCFS_",args[9],".R",sep="")
> source(sname)
> print(sname)
[1] "/home/kuppal2/Documents/Projects/xmsPANDA/Other/scripts/OCFS_vfeb817_v5C_2018_v12.R"
> 
> dirloc<-"/home/kuppal2/Documents/Projects/xmsPANDA/Other/Datasets/ARCENE/"
> setwd(dirloc)
> 
> 
> 
> 
> outloc<-paste(dirloc,"/OCFSvmay2415_Arcene",args[9],"/",sep="")
> 
> 
> sname<-paste(dirloc,"ARCENE.Rda",sep="")
> load(sname)
> 
> trainm<-ARCENE$X
> testm<-ARCENE$Xt
> trainclass<-ARCENE$Y
> testclass<-ARCENE$Yt
> 
> 
> trainm<-trainm[,-c(10001)]
> testm<-testm[,-c(10001)]
> trainm<-apply(trainm,2,as.numeric)
> testm<-apply(testm,2,as.numeric)
> 
> trainm<-cbind(trainclass,trainm)
> testm<-cbind(testclass,testm)
> 
> trainm<-na.omit(trainm)
> testm<-na.omit(testm)
> 
> dir.create(outloc)
Warning message:
In dir.create(outloc) :
  '/home/kuppal2/Documents/Projects/xmsPANDA/Other/Datasets/ARCENE//OCFSvmay2415_Arcenevfeb817_v5C_2018_v12' already exists
> setwd(outloc)
> 
> 
> trainm<-as.matrix(trainm)
> testm<-as.matrix(testm)
> trainclass<-trainm[,1] #CMAres$modtrainclass
> testclass<-testm[,1] #CMAres$modtestclass
> trainm<-trainm[,-c(1)] #CMAres$modtrainmata
> testm<-testm[,-c(1)] #CMAres$modtestmata
> 
> #a: Confusions
> #b: Neighbors
> #c: Global
> #d: Death
> 
> a<-c(0.25,0.25,0.25,0.25)
> b<-c(0.3,0.1,0.4,0.1)
> c<-c(0.25,0.25,0.5,0)
> d<-c(0.9,0.1,0,0.1)
> 
> a<-c(0,0.4,0.1,0.5)
> b<-c(0.3,0.1,0.4,0.1)
> c<-c(0,0.5,0.5,0)
> d<-c(0.9,0.1,0,0)
> 
> a<-c(0,0.4,0.1,0.5)
> b<-c(0.2,0.3,0.4,0.1)
> c<-c(0,0.4,0.4,0.2)
> d<-c(0.9,0.1,0,0)
> 
> transition_matrix<-rbind(a,b,c,d)
> 
> 
> dir.create(outloc)
Warning message:
In dir.create(outloc) :
  '/home/kuppal2/Documents/Projects/xmsPANDA/Other/Datasets/ARCENE//OCFSvmay2415_Arcenevfeb817_v5C_2018_v12' already exists
> setwd(outloc)
> temp2=t(trainm)
> temp2=apply(temp2, 2, function(x){which(x=="MD")})
> temp2=unlist(temp2)
> temp2=unique(temp2)
> if(length(temp2)>1)
+ {
+ 	trainm=trainm[,-c(temp2)]
+ 
+ 	rm(temp2)
+ }
> 
> boostweight=rep(0,dim(trainm)[2])
> 
> print("max num")
[1] "max num"
> print(as.numeric(args[10]))
[1] 10
> 
> #if(FALSE)
> {
+ CMAres<-performCMA(trainm, trainclass, testm, testclass,outloc,
+ maxnum=as.numeric(args[10]),
+ minnum=3,
+ stepitr=1,
+ gsmethods=c("limma"), #"lasso","elasticnet","kruskal.test"), #"f.test", "f.test", "elasticnet", "wilcox.test", "welch.test"),
+ pct_train=0.40,
+ accuracyweight=1,
+ featweight=0.06,
+ minpresent=1,
+ kname="radial",
+ norm_method="none",
+ tolerance=0.5,
+ maxitrs=5,
+ classindex=1,
+ numfacts=0,
+ evalmethod="CV",
+ numfolds=10,
+ CVfoldthresh=0.7,
+ varselmethod=args[11],
+ scheme_val="one-vs-all",
+ iter_learn=1,boostweight=rep(0,dim(trainm)[2]))
+ 
+ 
+ CMAres<-performCMA(trainm, trainclass, testm, testclass,outloc,
+ maxnum=as.numeric(args[10]),
+ minnum=3,
+ stepitr=1,
+ gsmethods=c("lasso"), #"lasso","elasticnet","kruskal.test"), #"f.test", "f.test", "elasticnet", "wilcox.test", "welch.test"),
+ pct_train=0.40,
+ accuracyweight=1,
+ featweight=0.06,
+ minpresent=1,
+ kname="radial",
+ norm_method="none",
+ tolerance=0.5,
+ maxitrs=5,
+ classindex=1,
+ numfacts=0,
+ evalmethod="CV",
+ numfolds=10,
+ CVfoldthresh=0.7,
+ varselmethod=args[11],
+ scheme_val="one-vs-all",
+ iter_learn=1,boostweight=rep(0,dim(trainm)[2]))
+ 
+ CMAres<-performCMA(trainm, trainclass, testm, testclass,outloc,
+ maxnum=as.numeric(args[10]),
+ minnum=3,
+ stepitr=1,
+ gsmethods=c("rfe"), #"lasso","elasticnet","kruskal.test"), #"f.test", "f.test", "elasticnet", "wilcox.test", "welch.test"),
+ pct_train=0.40,
+ accuracyweight=1,
+ featweight=0.06,
+ minpresent=1,
+ kname="radial",
+ norm_method="none",
+ tolerance=0.5,
+ maxitrs=5,
+ classindex=1,
+ numfacts=0,
+ evalmethod="CV",
+ numfolds=10,
+ CVfoldthresh=0.7,
+ varselmethod=args[11],
+ scheme_val="one-vs-all",
+ iter_learn=1,boostweight=rep(0,dim(trainm)[2]))
+ 
+ CMAres<-performCMA(trainm, trainclass, testm, testclass,outloc,
+ maxnum=as.numeric(args[10]),
+ minnum=3,
+ stepitr=1,
+ gsmethods=c("elasticnet"), #"lasso","elasticnet","kruskal.test"), #"f.test", "f.test", "elasticnet", "wilcox.test", "welch.test"),
+ pct_train=0.40,
+ accuracyweight=1,
+ featweight=0.06,
+ minpresent=1,
+ kname="radial",
+ norm_method="none",
+ tolerance=0.5,
+ maxitrs=5,
+ classindex=1,
+ numfacts=0,
+ evalmethod="CV",
+ numfolds=10,
+ CVfoldthresh=0.7,
+ varselmethod=args[11],
+ scheme_val="one-vs-all",
+ iter_learn=1,boostweight=rep(0,dim(trainm)[2]))
+ 
+ if(FALSE){
+ CMAres<-performCMA(trainm, trainclass, testm, testclass,outloc,
+ maxnum=as.numeric(args[10]),
+ minnum=3,
+ stepitr=1,
+ gsmethods=c("rf"), #"lasso","elasticnet","kruskal.test"), #"f.test", "f.test", "elasticnet", "wilcox.test", "welch.test"),
+ pct_train=0.40,
+ accuracyweight=1,
+ featweight=0.06,
+ minpresent=1,
+ kname="radial",
+ norm_method="none",
+ tolerance=0.5,
+ maxitrs=5,
+ classindex=1,
+ numfacts=0,
+ evalmethod="CV",
+ numfolds=10,
+ CVfoldthresh=0.7,
+ varselmethod=args[11],
+ scheme_val="one-vs-all",
+ iter_learn=1,boostweight=rep(0,dim(trainm)[2]))
+ }
+ 
+ CMAres<-performCMA(trainm, trainclass, testm, testclass,outloc,
+ maxnum=as.numeric(args[10]),
+ minnum=3,
+ stepitr=1,
+ gsmethods=c("f.test"), #"lasso","elasticnet","kruskal.test"), #"f.test", "f.test", "elasticnet", "wilcox.test", "welch.test"),
+ pct_train=0.40,
+ accuracyweight=1,
+ featweight=0.06,
+ minpresent=1,
+ kname="radial",
+ norm_method="none",
+ tolerance=0.5,
+ maxitrs=5,
+ classindex=1,
+ numfacts=0,
+ evalmethod="CV",
+ numfolds=10,
+ CVfoldthresh=0.7,
+ varselmethod=args[11],
+ scheme_val="one-vs-all",
+ iter_learn=1,boostweight=rep(0,dim(trainm)[2]))
+ }
[1] "dim of trainm is "
[1]   100 10000
[1]   100 10000
[1] "length of factcols"
[1] 0
[1]   100 10000
[1]   100 10000
integer(0)
character(0)
NULL
[1] "ok"
[1] "test class"
 1  2  3  4 
-1 -1 -1  1 
Levels: -1 1
[1] "orig train matrix"
      V1 V2  V3  V4 V5  V6  V7 V8 V9 V10
[1,]   0 71   0  95  0 538 404 20  0   0
[2,]   0 41  82 165 60 554 379  0 71   0
[3,]   0  0   1  40  0 451 402  0  0   0
[4,]   0 56  44 275 14 511 470  0  0   0
[5,] 105  0 141 348  0 268 329  0  0   1
[1] "orig train matrix"
      V1 V2  V3  V4 V5  V6  V7 V8 V9 V10
[1,]   0 71   0  95  0 538 404 20  0   0
[2,]   0 41  82 165 60 554 379  0 71   0
[3,]   0  0   1  40  0 451 402  0  0   0
[4,]   0 56  44 275 14 511 470  0  0   0
[5,] 105  0 141 348  0 268 329  0  0   1
[1]  0 82  1
[1] "norm train matrix"
      V1 V2  V3  V4 V5  V6  V7 V8 V9 V10
[1,]   0 71   0  95  0 538 404 20  0   0
[2,]   0 41  82 165 60 554 379  0 71   0
[3,]   0  0   1  40  0 451 402  0  0   0
[4,]   0 56  44 275 14 511 470  0  0   0
[5,] 105  0 141 348  0 268 329  0  0   1
[1] "mean of feat 2"
[1] 35.33
[1] "sd of feat 2"
[1] 37.69094
[1] "maxnum is "
[1] 10
[1] "# of genes left after filtering:"
[1]   100 10000
GeneSelection: iteration 1 

Attaching package: ‘limma’

The following object is masked from ‘package:BiocGenerics’:

    plotMA

GeneSelection: iteration 2 
GeneSelection: iteration 3 
GeneSelection: iteration 4 
GeneSelection: iteration 5 
GeneSelection: iteration 6 
GeneSelection: iteration 7 
GeneSelection: iteration 8 
GeneSelection: iteration 9 
GeneSelection: iteration 10 
[1] "varselmethod"
[1] "forward"
[1] "limma:3:68"
[1] "limma:3:68"
[1] "limma:4:69"
[1] "limma:4:69"
[1] "limma:5:68"
[1] "limma:4:69"
[1] "limma:6:70"
[1] "limma:6:70"
[1] "limma:7:70"
[1] "limma:7:70"
[1] "limma:8:69"
[1] "limma:7:70"
[1] "limma:9:69"
[1] "limma:7:70"
[1] "limma:10:68"
[1] "limma:7:70"
[1] "dim of scoring matrix is "
[1] 10000     1
[1] 10000
[1] "DS index stage 1"
[1] NA
[1] "bestgenelist"
[1]  698 1476 4290 5473 7197 7748 8502
     V698 V1476 V4290 V5473 V7197 V7748 V8502
[1,]    0     0     0     6    10     0     1
[2,]   14     4    21    35    42     8    28
[3,]    0     0     0     0     0     0     0
     V698 V1476 V4290 V5473 V7197 V7748 V8502
[1,]    0     0     0     0     0     0     0
[2,]    0     0     0     0     0     0     0
[3,]   44    43    45    49    52    44    47
[1] "numgenes selected:7"
[1] "test acc:0.68"
[1] "test AUC acc:0.694805194805195"
[1] "10 fold train69"
[1] "confusion matrix train 10 fold"
          nci_y
pred10fold -1  1
        -1 31  4
        1  25 40
[1] "confusion matrix test"
         test_y
pred_test -1  1
       -1 32  8
       1  24 36
[1] "train acc:0.71"
[1] "confusion matrix train"
          nci_y
pred_train -1  1
        -1 31  4
        1  25 40
[1] "DS index stage 1"
[1] NA
[1] "KI index stage 1"
[1] NA
[1] "dim of trainm is "
[1]   100 10000
[1]   100 10000
[1] "length of factcols"
[1] 0
[1]   100 10000
[1]   100 10000
integer(0)
character(0)
NULL
[1] "ok"
[1] "test class"
 1  2  3  4 
-1 -1 -1  1 
Levels: -1 1
[1] "orig train matrix"
      V1 V2  V3  V4 V5  V6  V7 V8 V9 V10
[1,]   0 71   0  95  0 538 404 20  0   0
[2,]   0 41  82 165 60 554 379  0 71   0
[3,]   0  0   1  40  0 451 402  0  0   0
[4,]   0 56  44 275 14 511 470  0  0   0
[5,] 105  0 141 348  0 268 329  0  0   1
[1] "orig train matrix"
      V1 V2  V3  V4 V5  V6  V7 V8 V9 V10
[1,]   0 71   0  95  0 538 404 20  0   0
[2,]   0 41  82 165 60 554 379  0 71   0
[3,]   0  0   1  40  0 451 402  0  0   0
[4,]   0 56  44 275 14 511 470  0  0   0
[5,] 105  0 141 348  0 268 329  0  0   1
[1]  0 82  1
[1] "norm train matrix"
      V1 V2  V3  V4 V5  V6  V7 V8 V9 V10
[1,]   0 71   0  95  0 538 404 20  0   0
[2,]   0 41  82 165 60 554 379  0 71   0
[3,]   0  0   1  40  0 451 402  0  0   0
[4,]   0 56  44 275 14 511 470  0  0   0
[5,] 105  0 141 348  0 268 329  0  0   1
[1] "mean of feat 2"
[1] 35.33
[1] "sd of feat 2"
[1] 37.69094
[1] "maxnum is "
[1] 10
[1] "# of genes left after filtering:"
[1]   100 10000
GeneSelection: iteration 1 
Loaded glmnet 2.0-16


Attaching package: ‘glmnet’

The following object is masked from ‘package:pROC’:

    auc

GeneSelection: iteration 2 
GeneSelection: iteration 3 
GeneSelection: iteration 4 
GeneSelection: iteration 5 
GeneSelection: iteration 6 
GeneSelection: iteration 7 
GeneSelection: iteration 8 
GeneSelection: iteration 9 
GeneSelection: iteration 10 
genelist
1184 4352 4290 5672 7212 9868  698 1552 3365 1975 2743 5956 8135 9970  312  377 
  20   14   12   10   10   10    8    8    8    6    6    6    6    6    4    4 
5473 7513 9319  271  762 1734 1762 2462 2857 3257 4005 4059 4158 5144 5520 5995 
   4    4    4    2    2    2    2    2    2    2    2    2    2    2    2    2 
6033 6584 7197 7437 7928 8506 8954 9082 9215 9234 9275 9818 
   2    2    2    2    2    2    2    2    2    2    2    2 
[1] "varselmethod"
[1] "forward"
[1] "lasso:3:84"
[1] "lasso:3:84"
[1] "lasso:4:86"
[1] "lasso:4:86"
[1] "lasso:5:91"
[1] "lasso:5:91"
[1] "lasso:6:88"
[1] "lasso:5:91"
[1] "lasso:7:89"
[1] "lasso:5:91"
[1] "lasso:8:91"
[1] "lasso:8:91"
[1] "lasso:9:91"
[1] "lasso:9:91"
[1] "lasso:10:90"
[1] "lasso:9:91"
[1] "dim of scoring matrix is "
[1] 10000     1
[1] 10000
[1] "DS index stage 1"
[1] NA
[1] "bestgenelist"
[1]  698 1184 1552 3365 4290 4352 5672 7212 9868
     V698 V1184 V1552 V3365 V4290 V4352 V5672 V7212 V9868
[1,]    0     0    14     1     0     0     0     0     0
[2,]   14     0    57    94    21     0     0    34     0
[3,]    0    25    16    17     0     0     0     0    13
     V698 V1184 V1552 V3365 V4290 V4352 V5672 V7212 V9868
[1,]    0    35     0    25     0     0     0     0     0
[2,]    0   144    81   187     0    49     0     0     0
[3,]   44     0     9   132    45     1    23     4     7
[1] "numgenes selected:9"
[1] "test acc:0.63"
[1] "test AUC acc:0.620941558441558"
[1] "10 fold train90"
[1] "confusion matrix train 10 fold"
          nci_y
pred10fold -1  1
        -1 53  1
        1   3 43
[1] "confusion matrix test"
         test_y
pred_test -1  1
       -1 39 20
       1  17 24
[1] "train acc:0.96"
[1] "confusion matrix train"
          nci_y
pred_train -1  1
        -1 53  1
        1   3 43
[1] "DS index stage 1"
[1] NA
[1] "KI index stage 1"
[1] NA
[1] "dim of trainm is "
[1]   100 10000
[1]   100 10000
[1] "length of factcols"
[1] 0
[1]   100 10000
[1]   100 10000
integer(0)
character(0)
NULL
[1] "ok"
[1] "test class"
 1  2  3  4 
-1 -1 -1  1 
Levels: -1 1
[1] "orig train matrix"
      V1 V2  V3  V4 V5  V6  V7 V8 V9 V10
[1,]   0 71   0  95  0 538 404 20  0   0
[2,]   0 41  82 165 60 554 379  0 71   0
[3,]   0  0   1  40  0 451 402  0  0   0
[4,]   0 56  44 275 14 511 470  0  0   0
[5,] 105  0 141 348  0 268 329  0  0   1
[1] "orig train matrix"
      V1 V2  V3  V4 V5  V6  V7 V8 V9 V10
[1,]   0 71   0  95  0 538 404 20  0   0
[2,]   0 41  82 165 60 554 379  0 71   0
[3,]   0  0   1  40  0 451 402  0  0   0
[4,]   0 56  44 275 14 511 470  0  0   0
[5,] 105  0 141 348  0 268 329  0  0   1
[1]  0 82  1
[1] "norm train matrix"
      V1 V2  V3  V4 V5  V6  V7 V8 V9 V10
[1,]   0 71   0  95  0 538 404 20  0   0
[2,]   0 41  82 165 60 554 379  0 71   0
[3,]   0  0   1  40  0 451 402  0  0   0
[4,]   0 56  44 275 14 511 470  0  0   0
[5,] 105  0 141 348  0 268 329  0  0   1
[1] "mean of feat 2"
[1] 35.33
[1] "sd of feat 2"
[1] 37.69094
[1] "maxnum is "
[1] 10
[1] "# of genes left after filtering:"
[1]   100 10000
GeneSelection: iteration 1 
GeneSelection: iteration 2 
GeneSelection: iteration 3 
GeneSelection: iteration 4 
GeneSelection: iteration 5 
GeneSelection: iteration 6 
GeneSelection: iteration 7 
GeneSelection: iteration 8 
GeneSelection: iteration 9 
GeneSelection: iteration 10 
[1] "varselmethod"
[1] "forward"
[1] "rfe:3:67"
[1] "rfe:3:67"
[1] "rfe:4:72"
[1] "rfe:4:72"
[1] "rfe:5:62"
[1] "rfe:4:72"
[1] "rfe:6:60"
[1] "rfe:4:72"
[1] "rfe:7:67"
[1] "rfe:4:72"
[1] "rfe:8:69"
[1] "rfe:4:72"
[1] "rfe:9:67"
[1] "rfe:4:72"
[1] "rfe:10:64"
[1] "rfe:4:72"
[1] "dim of scoring matrix is "
[1] 10000     1
[1] 10000
[1] "DS index stage 1"
[1] NA
[1] "bestgenelist"
[1] 1184 1627 3644 4542
     V1184 V1627 V3644 V4542
[1,]     0     0     0     5
[2,]     0     0     0     0
[3,]    25     0   287     0
     V1184 V1627 V3644 V4542
[1,]    35    54     0    11
[2,]   144     0   672     0
[3,]     0    19     0     0
[1] "numgenes selected:4"
[1] "test acc:0.45"
[1] "test AUC acc:0.556818181818182"
[1] "10 fold train70"
[1] "confusion matrix train 10 fold"
          nci_y
pred10fold -1  1
        -1 40  8
        1  16 36
[1] "confusion matrix test"
         test_y
pred_test -1  1
       -1 28 27
       1  28 17
[1] "train acc:0.76"
[1] "confusion matrix train"
          nci_y
pred_train -1  1
        -1 40  8
        1  16 36
[1] "DS index stage 1"
[1] NA
[1] "KI index stage 1"
[1] NA
[1] "dim of trainm is "
[1]   100 10000
[1]   100 10000
[1] "length of factcols"
[1] 0
[1]   100 10000
[1]   100 10000
integer(0)
character(0)
NULL
[1] "ok"
[1] "test class"
 1  2  3  4 
-1 -1 -1  1 
Levels: -1 1
[1] "orig train matrix"
      V1 V2  V3  V4 V5  V6  V7 V8 V9 V10
[1,]   0 71   0  95  0 538 404 20  0   0
[2,]   0 41  82 165 60 554 379  0 71   0
[3,]   0  0   1  40  0 451 402  0  0   0
[4,]   0 56  44 275 14 511 470  0  0   0
[5,] 105  0 141 348  0 268 329  0  0   1
[1] "orig train matrix"
      V1 V2  V3  V4 V5  V6  V7 V8 V9 V10
[1,]   0 71   0  95  0 538 404 20  0   0
[2,]   0 41  82 165 60 554 379  0 71   0
[3,]   0  0   1  40  0 451 402  0  0   0
[4,]   0 56  44 275 14 511 470  0  0   0
[5,] 105  0 141 348  0 268 329  0  0   1
[1]  0 82  1
[1] "norm train matrix"
      V1 V2  V3  V4 V5  V6  V7 V8 V9 V10
[1,]   0 71   0  95  0 538 404 20  0   0
[2,]   0 41  82 165 60 554 379  0 71   0
[3,]   0  0   1  40  0 451 402  0  0   0
[4,]   0 56  44 275 14 511 470  0  0   0
[5,] 105  0 141 348  0 268 329  0  0   1
[1] "mean of feat 2"
[1] 35.33
[1] "sd of feat 2"
[1] 37.69094
[1] "maxnum is "
[1] 10
[1] "# of genes left after filtering:"
[1]   100 10000
GeneSelection: iteration 1 
GeneSelection: iteration 2 
GeneSelection: iteration 3 
GeneSelection: iteration 4 
GeneSelection: iteration 5 
GeneSelection: iteration 6 
GeneSelection: iteration 7 
GeneSelection: iteration 8 
GeneSelection: iteration 9 
GeneSelection: iteration 10 
[1] "varselmethod"
[1] "forward"
[1] "elasticnet:3:84"
[1] "elasticnet:3:84"
[1] "elasticnet:4:84"
[1] "elasticnet:4:84"
[1] "elasticnet:5:84"
[1] "elasticnet:5:84"
[1] "elasticnet:6:83"
[1] "elasticnet:5:84"
[1] "elasticnet:7:89"
[1] "elasticnet:7:89"
[1] "elasticnet:8:88"
[1] "elasticnet:7:89"
[1] "elasticnet:9:90"
[1] "elasticnet:9:90"
[1] "elasticnet:10:89"
[1] "elasticnet:9:90"
[1] "dim of scoring matrix is "
[1] 10000     1
[1] 10000
[1] "DS index stage 1"
[1] NA
[1] "bestgenelist"
[1]  312  698 1184 1552 3365 4290 4352 5672 9868
     V312 V698 V1184 V1552 V3365 V4290 V4352 V5672 V9868
[1,]    3    0     0    14     1     0     0     0     0
[2,]   92   14     0    57    94    21     0     0     0
[3,]   19    0    25    16    17     0     0     0    13
     V312 V698 V1184 V1552 V3365 V4290 V4352 V5672 V9868
[1,]   21    0    35     0    25     0     0     0     0
[2,]  195    0   144    81   187     0    49     0     0
[3,]  137   44     0     9   132    45     1    23     7
[1] "numgenes selected:9"
[1] "test acc:0.64"
[1] "test AUC acc:0.627435064935065"
[1] "10 fold train88"
[1] "confusion matrix train 10 fold"
          nci_y
pred10fold -1  1
        -1 50  1
        1   6 43
[1] "confusion matrix test"
         test_y
pred_test -1  1
       -1 41 21
       1  15 23
[1] "train acc:0.93"
[1] "confusion matrix train"
          nci_y
pred_train -1  1
        -1 50  1
        1   6 43
[1] "DS index stage 1"
[1] NA
[1] "KI index stage 1"
[1] NA
[1] "dim of trainm is "
[1]   100 10000
[1]   100 10000
[1] "length of factcols"
[1] 0
[1]   100 10000
[1]   100 10000
integer(0)
character(0)
NULL
[1] "ok"
[1] "test class"
 1  2  3  4 
-1 -1 -1  1 
Levels: -1 1
[1] "orig train matrix"
      V1 V2  V3  V4 V5  V6  V7 V8 V9 V10
[1,]   0 71   0  95  0 538 404 20  0   0
[2,]   0 41  82 165 60 554 379  0 71   0
[3,]   0  0   1  40  0 451 402  0  0   0
[4,]   0 56  44 275 14 511 470  0  0   0
[5,] 105  0 141 348  0 268 329  0  0   1
[1] "orig train matrix"
      V1 V2  V3  V4 V5  V6  V7 V8 V9 V10
[1,]   0 71   0  95  0 538 404 20  0   0
[2,]   0 41  82 165 60 554 379  0 71   0
[3,]   0  0   1  40  0 451 402  0  0   0
[4,]   0 56  44 275 14 511 470  0  0   0
[5,] 105  0 141 348  0 268 329  0  0   1
[1]  0 82  1
[1] "norm train matrix"
      V1 V2  V3  V4 V5  V6  V7 V8 V9 V10
[1,]   0 71   0  95  0 538 404 20  0   0
[2,]   0 41  82 165 60 554 379  0 71   0
[3,]   0  0   1  40  0 451 402  0  0   0
[4,]   0 56  44 275 14 511 470  0  0   0
[5,] 105  0 141 348  0 268 329  0  0   1
[1] "mean of feat 2"
[1] 35.33
[1] "sd of feat 2"
[1] 37.69094
[1] "maxnum is "
[1] 10
[1] "# of genes left after filtering:"
[1]   100 10000
GeneSelection: iteration 1 
GeneSelection: iteration 2 
GeneSelection: iteration 3 
GeneSelection: iteration 4 
GeneSelection: iteration 5 
GeneSelection: iteration 6 
GeneSelection: iteration 7 
GeneSelection: iteration 8 
GeneSelection: iteration 9 
GeneSelection: iteration 10 
[1] "varselmethod"
[1] "forward"
[1] "f.test:3:69"
[1] "f.test:3:69"
[1] "f.test:4:69"
[1] "f.test:4:69"
[1] "f.test:5:69"
[1] "f.test:5:69"
[1] "f.test:6:70"
[1] "f.test:6:70"
[1] "f.test:7:70"
[1] "f.test:7:70"
[1] "f.test:8:69"
[1] "f.test:7:70"
[1] "f.test:9:69"
[1] "f.test:7:70"
[1] "f.test:10:68"
[1] "f.test:7:70"
[1] "dim of scoring matrix is "
[1] 10000     1
[1] 10000
[1] "DS index stage 1"
[1] NA
[1] "bestgenelist"
[1]  698 1476 4290 5473 7197 7748 8502
     V698 V1476 V4290 V5473 V7197 V7748 V8502
[1,]    0     0     0     6    10     0     1
[2,]   14     4    21    35    42     8    28
[3,]    0     0     0     0     0     0     0
     V698 V1476 V4290 V5473 V7197 V7748 V8502
[1,]    0     0     0     0     0     0     0
[2,]    0     0     0     0     0     0     0
[3,]   44    43    45    49    52    44    47
[1] "numgenes selected:7"
[1] "test acc:0.68"
[1] "test AUC acc:0.694805194805195"
[1] "10 fold train69"
[1] "confusion matrix train 10 fold"
          nci_y
pred10fold -1  1
        -1 31  4
        1  25 40
[1] "confusion matrix test"
         test_y
pred_test -1  1
       -1 32  8
       1  24 36
[1] "train acc:0.71"
[1] "confusion matrix train"
          nci_y
pred_train -1  1
        -1 31  4
        1  25 40
[1] "DS index stage 1"
[1] NA
[1] "KI index stage 1"
[1] NA
There were 50 or more warnings (use warnings() to see the first 50)
> 
> 
> #1
> CMAres<-performCMA(trainm, trainclass, testm, testclass,outloc,
+ maxnum=as.numeric(args[10]),
+ minnum=3,
+ stepitr=1,
+ gsmethods=c("limma","lasso","rfe","elasticnet", "f.test"), #"lasso","elasticnet","kruskal.test"), #"f.test", "f.test", "elasticnet", "wilcox.test", "welch.test"),
+ pct_train=0.40,
+ accuracyweight=1,
+ featweight=0.06,
+ minpresent=1,
+ kname="radial",
+ norm_method="none",
+ tolerance=0.5,
+ maxitrs=5,
+ classindex=1,
+ numfacts=0,
+ evalmethod="CV",
+ numfolds=10,
+ CVfoldthresh=0.7,
+ varselmethod=args[11],
+ scheme_val="one-vs-all",
+ iter_learn=1,boostweight=rep(0,dim(trainm)[2]))
[1] "dim of trainm is "
[1]   100 10000
[1]   100 10000
[1] "length of factcols"
[1] 0
[1]   100 10000
[1]   100 10000
integer(0)
character(0)
NULL
[1] "ok"
[1] "test class"
 1  2  3  4 
-1 -1 -1  1 
Levels: -1 1
[1] "orig train matrix"
      V1 V2  V3  V4 V5  V6  V7 V8 V9 V10
[1,]   0 71   0  95  0 538 404 20  0   0
[2,]   0 41  82 165 60 554 379  0 71   0
[3,]   0  0   1  40  0 451 402  0  0   0
[4,]   0 56  44 275 14 511 470  0  0   0
[5,] 105  0 141 348  0 268 329  0  0   1
[1] "orig train matrix"
      V1 V2  V3  V4 V5  V6  V7 V8 V9 V10
[1,]   0 71   0  95  0 538 404 20  0   0
[2,]   0 41  82 165 60 554 379  0 71   0
[3,]   0  0   1  40  0 451 402  0  0   0
[4,]   0 56  44 275 14 511 470  0  0   0
[5,] 105  0 141 348  0 268 329  0  0   1
[1]  0 82  1
[1] "norm train matrix"
      V1 V2  V3  V4 V5  V6  V7 V8 V9 V10
[1,]   0 71   0  95  0 538 404 20  0   0
[2,]   0 41  82 165 60 554 379  0 71   0
[3,]   0  0   1  40  0 451 402  0  0   0
[4,]   0 56  44 275 14 511 470  0  0   0
[5,] 105  0 141 348  0 268 329  0  0   1
[1] "mean of feat 2"
[1] 35.33
[1] "sd of feat 2"
[1] 37.69094
[1] "maxnum is "
[1] 10
[1] "# of genes left after filtering:"
[1]   100 10000
GeneSelection: iteration 1 
GeneSelection: iteration 2 
GeneSelection: iteration 3 
GeneSelection: iteration 4 
GeneSelection: iteration 5 
GeneSelection: iteration 6 
GeneSelection: iteration 7 
GeneSelection: iteration 8 
GeneSelection: iteration 9 
GeneSelection: iteration 10 
[1] "varselmethod"
[1] "forward"
[1] "limma:3:68"
[1] "limma:3:68"
[1] "limma:4:69"
[1] "limma:4:69"
[1] "limma:5:68"
[1] "limma:4:69"
[1] "limma:6:70"
[1] "limma:6:70"
[1] "limma:7:70"
[1] "limma:7:70"
[1] "limma:8:69"
[1] "limma:7:70"
[1] "limma:9:69"
[1] "limma:7:70"
[1] "limma:10:68"
[1] "limma:7:70"
GeneSelection: iteration 1 
GeneSelection: iteration 2 
GeneSelection: iteration 3 
GeneSelection: iteration 4 
GeneSelection: iteration 5 
GeneSelection: iteration 6 
GeneSelection: iteration 7 
GeneSelection: iteration 8 
GeneSelection: iteration 9 
GeneSelection: iteration 10 
genelist
1184 4352 4290 5672 7212 9868  698 1552 3365 1975 2743 5956 8135 9970  312  377 
  20   14   12   10   10   10    8    8    8    6    6    6    6    6    4    4 
5473 7513 9319  271  762 1734 1762 2462 2857 3257 4005 4059 4158 5144 5520 5995 
   4    4    4    2    2    2    2    2    2    2    2    2    2    2    2    2 
6033 6584 7197 7437 7928 8506 8954 9082 9215 9234 9275 9818 
   2    2    2    2    2    2    2    2    2    2    2    2 
[1] "varselmethod"
[1] "forward"
[1] "lasso:3:84"
[1] "lasso:3:84"
[1] "lasso:4:85"
[1] "lasso:4:85"
[1] "lasso:5:89"
[1] "lasso:5:89"
[1] "lasso:6:90"
[1] "lasso:6:90"
[1] "lasso:7:87"
[1] "lasso:6:90"
[1] "lasso:8:90"
[1] "lasso:8:90"
[1] "lasso:9:90"
[1] "lasso:9:90"
[1] "lasso:10:91"
[1] "lasso:10:91"
GeneSelection: iteration 1 
GeneSelection: iteration 2 
GeneSelection: iteration 3 
GeneSelection: iteration 4 
GeneSelection: iteration 5 
GeneSelection: iteration 6 
GeneSelection: iteration 7 
GeneSelection: iteration 8 
GeneSelection: iteration 9 
GeneSelection: iteration 10 
[1] "varselmethod"
[1] "forward"
[1] "rfe:3:69"
[1] "rfe:3:69"
[1] "rfe:4:71"
[1] "rfe:4:71"
[1] "rfe:5:62"
[1] "rfe:4:71"
[1] "rfe:6:66"
[1] "rfe:4:71"
[1] "rfe:7:68"
[1] "rfe:4:71"
[1] "rfe:8:65"
[1] "rfe:4:71"
[1] "rfe:9:67"
[1] "rfe:4:71"
[1] "rfe:10:60"
[1] "rfe:4:71"
GeneSelection: iteration 1 
GeneSelection: iteration 2 
GeneSelection: iteration 3 
GeneSelection: iteration 4 
GeneSelection: iteration 5 
GeneSelection: iteration 6 
GeneSelection: iteration 7 
GeneSelection: iteration 8 
GeneSelection: iteration 9 
GeneSelection: iteration 10 
[1] "varselmethod"
[1] "forward"
[1] "elasticnet:3:83"
[1] "elasticnet:3:83"
[1] "elasticnet:4:85"
[1] "elasticnet:4:85"
[1] "elasticnet:5:85"
[1] "elasticnet:5:85"
[1] "elasticnet:6:86"
[1] "elasticnet:6:86"
[1] "elasticnet:7:91"
[1] "elasticnet:7:91"
[1] "elasticnet:8:89"
[1] "elasticnet:7:91"
[1] "elasticnet:9:89"
[1] "elasticnet:7:91"
[1] "elasticnet:10:89"
[1] "elasticnet:7:91"
GeneSelection: iteration 1 
GeneSelection: iteration 2 
GeneSelection: iteration 3 
GeneSelection: iteration 4 
GeneSelection: iteration 5 
GeneSelection: iteration 6 
GeneSelection: iteration 7 
GeneSelection: iteration 8 
GeneSelection: iteration 9 
GeneSelection: iteration 10 
[1] "varselmethod"
[1] "forward"
[1] "f.test:3:70"
[1] "f.test:3:70"
[1] "f.test:4:70"
[1] "f.test:4:70"
[1] "f.test:5:69"
[1] "f.test:4:70"
[1] "f.test:6:69"
[1] "f.test:4:70"
[1] "f.test:7:69"
[1] "f.test:4:70"
[1] "f.test:8:69"
[1] "f.test:4:70"
[1] "f.test:9:69"
[1] "f.test:4:70"
[1] "f.test:10:68"
[1] "f.test:4:70"
[1] "dim of scoring matrix is "
[1] 10000     5
[1] 10000
[1] "DS index stage 1"
[1] 0.2603514
[1] "bestgenelist"
 [1]  312  698 1184 1476 1552 1627 1975 3365 3644 4290 4352 4542 5473 5672 7197
[16] 7212 7748 8502 9868
     V312 V698 V1184 V1476 V1552 V1627 V1975 V3365 V3644 V4290 V4352 V4542
[1,]    3    0     0     0    14     0     0     1     0     0     0     5
[2,]   92   14     0     4    57     0    54    94     0    21     0     0
[3,]   19    0    25     0    16     0     0    17   287     0     0     0
     V5473 V5672 V7197 V7212 V7748 V8502 V9868
[1,]     6     0    10     0     0     1     0
[2,]    35     0    42    34     8    28     0
[3,]     0     0     0     0     0     0    13
     V312 V698 V1184 V1476 V1552 V1627 V1975 V3365 V3644 V4290 V4352 V4542
[1,]   21    0    35     0     0    54     6    25     0     0     0    11
[2,]  195    0   144     0    81     0     0   187   672     0    49     0
[3,]  137   44     0    43     9    19    52   132     0    45     1     0
     V5473 V5672 V7197 V7212 V7748 V8502 V9868
[1,]     0     0     0     0     0     0     0
[2,]     0     0     0     0     0     0     0
[3,]    49    23    52     4    44    47     7
[1] "numgenes selected:19"
[1] "test acc:0.67"
[1] "test AUC acc:0.663961038961039"
[1] "10 fold train88"
[1] "confusion matrix train 10 fold"
          nci_y
pred10fold -1  1
        -1 52  2
        1   4 42
[1] "confusion matrix test"
         test_y
pred_test -1  1
       -1 40 17
       1  16 27
[1] "train acc:0.94"
[1] "confusion matrix train"
          nci_y
pred_train -1  1
        -1 52  2
        1   4 42
[1] "DS index stage 1"
[1] 0.2603514
[1] "KI index stage 1"
[1] 0.5895896
There were 23 warnings (use warnings() to see them)
> 
> cma_feat_list<-colnames(trainm)
> 
> save(CMAres,file="CMAres.Rda")
> write.table(cma_feat_list,file="selected_cma_feat_list.txt",sep="t",row.names=FALSE)
> 
> # modtraindata=modtrain, modtestdata=modtest, blindtest=testacc, modtrainclass=nci_y, modtestclass=test_y
> #if(FALSE)
> {
+ trainm<-CMAres$modtraindata
+ testm<-CMAres$modtestdata
+ trainclass<-CMAres$modtrainclass
+ testclass<-CMAres$modtestclass
+ learningsets<-CMAres$learningsets
+ }
> 
> if(FALSE)
+ {
+ trainclass<-trainm[,1] #CMAres$modtrainclass
+ testclass<-testm[,1] #CMAres$modtestclass
+ trainm<-trainm[,-c(1)] #CMAres$modtrainmata
+ testm<-testm[,-c(1)] #CMAres$modtestmata
+ 
+ }
> 
> d_dim<-dim(trainm)
> 
> print("Original dimension")
[1] "Original dimension"
> print(d_dim)
[1] 100  19
> 
> 
> system.time(psores<-run_pso(outloc=outloc,trainm,trainclass,testm,testclass,transition_matrix,c1=2.05,
+ c2=2.05,
+ itr=10,
+ globalpso_maxitr=10,
+ global_max_itr=10,
+ num_part=20,
+ kname="radial",
+ errortype="BER",
+ weightA<-as.numeric(args[1]),
+ weightB<-as.numeric(args[2]),
+ weightC<-as.numeric(args[3]),
+ weightD<-as.numeric(args[4]),
+ featweight.max=0.1,
+ featweight.min=0.01,
+ numfolds=10,
+ followerprob=as.numeric(args[6]),
+ confusionprob=as.numeric(args[7]),
+ leaderprob=as.numeric(args[8]),
+ wmax=1,
+ wmin=0.1,
+ behavior_reset_itr=5,
+ maxitrreset=10,
+ num_neighbors=3,
+ minselect.pct=0.5,
+ evalMode="CV2",
+ minfitnessthresh=50,
+ maxnum=as.numeric(args[10]),minnum=3,inertia_method=args[5],particlebehav_method="randbased",constriction_factor=1,
+ select.global.best=TRUE,numnodes=4,evalFunc=eval_fit_kfold_diff,itr.terminate=FALSE,train.pct=0.8))
[1] "c1: 2.05"
[1] "c2: 2.05"
[1] "itr: 10"
[1] "globalpso_maxitr: 10"
[1] "global_max_itr: 10"
[1] "num_part: 20"
[1] "kname: radial"
[1] "errortype: BER"
[1] "weightA: 0.8"
[1] "weightB: 0.05"
[1] "weightC: 0.05"
[1] "weightD: 0.1"
[1] "featweight.max: 0.1"
[1] "featweight.min: 0.01"
[1] "numfolds: 10"
[1] "followerprob: 0.3"
[1] "confusionprob: 0.1"
[1] "leaderprob: 0.5"
[1] "wmax: 1"
[1] "wmin: 0.1"
[1] "behavior_reset_itr: 5"
[1] "maxitrreset: 10"
[1] "num_neighbors: 3"
[1] "minselect.pct: 0.5"
[1] "minfitnessthresh: 50"
[1] "maxnum: 10"
[1] "minnum: 3"
[1] "inertia_method: global"
[1] "particlebehav_method: randbased"
[1] "constriction_factor: 1"
[1] "select.global.best: TRUE"
[1] "train 10 fold"
[1] 90
[1] "here"
[1] "s"
[1] 80
[1] 100  19
[1] 10
[1] "learning sets: 1"
 [1] 96 92 20 21 34 26 37 22 35 65 45 25 54  5 40 15 42 23 19 38 89 56 51 76 28
[26] 63 47 99  8 53 10 90 43 60 86 17 83  2 46 97 95  9 11 79 18 50  1 94 81 85
[51] 82 55 69 88 24 49 36 91  4 78 27 31 75 93 41 70 44 84 33 58 12  3 72 57 16
[76] 87 52 29 59 64
[1] "Starting global iteration number : 1"
[1] "iteration number: "
[1] 1
[1] "iteration number: "
[1] 2
[1] "iteration number: "
[1] 3
[1] "iteration number: "
[1] 4
[1] "iteration number: "
[1] 5
[1] "iteration number: "
[1] 6
[1] "iteration number: "
[1] 7
[1] "iteration number: "
[1] 8
[1] "iteration number: "
[1] 9
[1] "iteration number: "
[1] 10
[1] "iteration number: "
[1] 11
[1] "iteration number: "
[1] 12
[1] "iteration number: "
[1] 13
[1] "iteration number: "
[1] 14
[1] "iteration number: "
[1] 15
[1] "iteration number: "
[1] 16
[1] "iteration number: "
[1] 17
[1] "iteration number: "
[1] 18
[1] "iteration number: "
[1] 19
[1] "iteration number: "
[1] 20
[1] "iteration number: "
[1] 21
[1] "iteration number: "
[1] 22
[1] "iteration number: "
[1] 23
[1] "iteration number: "
[1] 24
[1] "iteration number: "
[1] 25
[1] "iteration number: "
[1] 26
[1] "iteration number: "
[1] 27
[1] "iteration number: "
[1] 28
[1] "iteration number: "
[1] 29
[1] "iteration number: "
[1] 30
[1] "iteration number: "
[1] 31
[1] "iteration number: "
[1] 32
[1] "iteration number: "
[1] 33
[1] "iteration number: "
[1] 34
[1] "iteration number: "
[1] 35
[1] "iteration number: "
[1] 36
[1] "iteration number: "
[1] 37
[1] "iteration number: "
[1] 38
[1] "iteration number: "
[1] 39
[1] "iteration number: "
[1] 40
[1] "iteration number: "
[1] 41
[1] "iteration number: "
[1] 42
[1] "iteration number: "
[1] 43
[1] "iteration number: "
[1] 44
[1] "iteration number: "
[1] 45
[1] "iteration number: "
[1] 46
[1] "iteration number: "
[1] 47
[1] "iteration number: "
[1] 48
[1] "iteration number: "
[1] 49
[1] "iteration number: "
[1] 50
[1] "iteration number: "
[1] 51
[1] "iteration number: "
[1] 52
[1] "iteration number: "
[1] 53
[1] "iteration number: "
[1] 54
[1] "iteration number: "
[1] 55
[1] "iteration number: "
[1] 56
[1] "iteration number: "
[1] 57
[1] "iteration number: "
[1] 58
[1] "iteration number: "
[1] 59
[1] "iteration number: "
[1] 60
[1] "iteration number: "
[1] 61
[1] "iteration number: "
[1] 62
[1] "iteration number: "
[1] 63
[1] "iteration number: "
[1] 64
[1] "iteration number: "
[1] 65
[1] "iteration number: "
[1] 66
[1] "iteration number: "
[1] 67
[1] "iteration number: "
[1] 68
[1] "iteration number: "
[1] 69
[1] "iteration number: "
[1] 70
[1] "iteration number: "
[1] 71
[1] "iteration number: "
[1] 72
[1] "iteration number: "
[1] 73
[1] "iteration number: "
[1] 74
[1] "iteration number: "
[1] 75
[1] "iteration number: "
[1] 76
[1] "iteration number: "
[1] 77
[1] "iteration number: "
[1] 78
[1] "iteration number: "
[1] 79
[1] "iteration number: "
[1] 80
[1] "iteration number: "
[1] 81
[1] "iteration number: "
[1] 82
[1] "iteration number: "
[1] 83
[1] "iteration number: "
[1] 84
[1] "iteration number: "
[1] 85
[1] "iteration number: "
[1] 86
[1] "iteration number: "
[1] 87
[1] "iteration number: "
[1] 88
[1] "iteration number: "
[1] 89
[1] "iteration number: "
[1] 90
[1] "iteration number: "
[1] 91
[1] "iteration number: "
[1] 92
[1] "iteration number: "
[1] 93
[1] "iteration number: "
[1] 94
[1] "iteration number: "
[1] 95
[1] "iteration number: "
[1] 96
[1] "iteration number: "
[1] 97
[1] "iteration number: "
[1] 98
[1] "iteration number: "
[1] 99
[1] "iteration number: "
[1] 100
[1] "iteration number: "
[1] 101
[1] "iteration number: "
[1] 102
[1] "iteration number: "
[1] 103
[1] "iteration number: "
[1] 104
[1] "iteration number: "
[1] 105
[1] "iteration number: "
[1] 106
[1] "iteration number: "
[1] 107
[1] "iteration number: "
[1] 108
[1] "iteration number: "
[1] 109
[1] "iteration number: "
[1] 110
[1] "iteration number: "
[1] 111
[1] "iteration number: "
[1] 112
[1] "iteration number: "
[1] 113
[1] "iteration number: "
[1] 114
[1] "iteration number: "
[1] 115
[1] "iteration number: "
[1] 116
[1] "iteration number: "
[1] 117
[1] "iteration number: "
[1] 118
[1] "iteration number: "
[1] 119
[1] "iteration number: "
[1] 120
[1] "iteration number: "
[1] 121
[1] "iteration number: "
[1] 122
[1] "iteration number: "
[1] 123
[1] "iteration number: "
[1] 124
[1] "iteration number: "
[1] 125
[1] "iteration number: "
[1] 126
[1] "iteration number: "
[1] 127
[1] "iteration number: "
[1] 128
[1] "iteration number: "
[1] 129
[1] "iteration number: "
[1] 130
[1] "iteration number: "
[1] 131
[1] "iteration number: "
[1] 132
[1] "iteration number: "
[1] 133
[1] "iteration number: "
[1] 134
[1] "iteration number: "
[1] 135
[1] "iteration number: "
[1] 136
[1] "iteration number: "
[1] 137
[1] "iteration number: "
[1] 138
[1] "iteration number: "
[1] 139
[1] "iteration number: "
[1] 140
[1] "iteration number: "
[1] 141
[1] "iteration number: "
[1] 142
[1] "iteration number: "
[1] 143
[1] "iteration number: "
[1] 144
[1] "iteration number: "
[1] 145
[1] "iteration number: "
[1] 146
[1] "iteration number: "
[1] 147
[1] "iteration number: "
[1] 148
[1] "iteration number: "
[1] 149
[1] "iteration number: "
[1] 150
[1] "iteration number: "
[1] 151
[1] "iteration number: "
[1] 152
[1] "iteration number: "
[1] 153
[1] "iteration number: "
[1] 154
[1] "iteration number: "
[1] 155
[1] "iteration number: "
[1] 156
[1] "iteration number: "
[1] 157
[1] "iteration number: "
[1] 158
[1] "iteration number: "
[1] 159
[1] "iteration number: "
[1] 160
[1] "iteration number: "
[1] 161
[1] "iteration number: "
[1] 162
[1] "iteration number: "
[1] 163
[1] "iteration number: "
[1] 164
[1] "iteration number: "
[1] 165
[1] "iteration number: "
[1] 166
[1] "iteration number: "
[1] 167
[1] "iteration number: "
[1] 168
[1] "iteration number: "
[1] 169
[1] "iteration number: "
[1] 170
[1] "iteration number: "
[1] 171
[1] "iteration number: "
[1] 172
[1] "iteration number: "
[1] 173
[1] "iteration number: "
[1] 174
[1] "iteration number: "
[1] 175
[1] "iteration number: "
[1] 176
[1] "iteration number: "
[1] 177
[1] "iteration number: "
[1] 178
[1] "iteration number: "
[1] 179
[1] "iteration number: "
[1] 180
[1] "iteration number: "
[1] 181
[1] "iteration number: "
[1] 182
[1] "iteration number: "
[1] 183
[1] "iteration number: "
[1] 184
[1] "iteration number: "
[1] 185
[1] "iteration number: "
[1] 186
[1] "iteration number: "
[1] 187
[1] "iteration number: "
[1] 188
[1] "iteration number: "
[1] 189
[1] "iteration number: "
[1] 190
[1] "iteration number: "
[1] 191
[1] "iteration number: "
[1] 192
[1] "iteration number: "
[1] 193
[1] "iteration number: "
[1] 194
[1] "iteration number: "
[1] 195
[1] "iteration number: "
[1] 196
[1] "iteration number: "
[1] 197
[1] "iteration number: "
[1] 198
[1] "iteration number: "
[1] 199
[1] "iteration number: "
[1] 200
[1] "iteration number: "
[1] 201
[1] "iteration number: "
[1] 202
[1] "iteration number: "
[1] 203
[1] "iteration number: "
[1] 204
[1] "iteration number: "
[1] 205
[1] "iteration number: "
[1] 206
[1] "iteration number: "
[1] 207
[1] "iteration number: "
[1] 208
[1] "iteration number: "
[1] 209
[1] "iteration number: "
[1] 210
[1] "iteration number: "
[1] 211
[1] "iteration number: "
[1] 212
[1] "iteration number: "
[1] 213
[1] "iteration number: "
[1] 214
[1] "iteration number: "
[1] 215
[1] "iteration number: "
[1] 216
[1] "iteration number: "
[1] 217
[1] "iteration number: "
[1] 218
[1] "iteration number: "
[1] 219
[1] "iteration number: "
[1] 220
[1] "iteration number: "
[1] 221
[1] "iteration number: "
[1] 222
[1] "iteration number: "
[1] 223
[1] "iteration number: "
[1] 224
[1] "iteration number: "
[1] 225
[1] "iteration number: "
[1] 226
[1] "iteration number: "
[1] 227
[1] "iteration number: "
[1] 228
[1] "iteration number: "
[1] 229
[1] "iteration number: "
[1] 230
[1] "iteration number: "
[1] 231
[1] "iteration number: "
[1] 232
[1] "iteration number: "
[1] 233
[1] "iteration number: "
[1] 234
[1] "iteration number: "
[1] 235
[1] "iteration number: "
[1] 236
[1] "iteration number: "
[1] 237
[1] "iteration number: "
[1] 238
[1] "iteration number: "
[1] 239
[1] "iteration number: "
[1] 240
[1] "iteration number: "
[1] 241
[1] "iteration number: "
[1] 242
[1] "iteration number: "
[1] 243
[1] "iteration number: "
[1] 244
[1] "iteration number: "
[1] 245
[1] "iteration number: "
[1] 246
[1] "iteration number: "
[1] 247
[1] "iteration number: "
[1] 248
[1] "iteration number: "
[1] 249
[1] "iteration number: "
[1] 250
[1] "iteration number: "
[1] 251
[1] "iteration number: "
[1] 252
[1] "iteration number: "
[1] 253
[1] "iteration number: "
[1] 254
[1] "iteration number: "
[1] 255
[1] "iteration number: "
[1] 256
[1] "iteration number: "
[1] 257
[1] "iteration number: "
[1] 258
[1] "iteration number: "
[1] 259
[1] "iteration number: "
[1] 260
[1] "iteration number: "
[1] 261
[1] "iteration number: "
[1] 262
[1] "iteration number: "
[1] 263
[1] "iteration number: "
[1] 264
[1] "iteration number: "
[1] 265
[1] "iteration number: "
[1] 266
[1] "iteration number: "
[1] 267
[1] "iteration number: "
[1] 268
[1] "iteration number: "
[1] 269
[1] "iteration number: "
[1] 270
[1] "iteration number: "
[1] 271
[1] "iteration number: "
[1] 272
[1] "iteration number: "
[1] 273
[1] "iteration number: "
[1] 274
[1] "iteration number: "
[1] 275
[1] "iteration number: "
[1] 276
[1] "iteration number: "
[1] 277
[1] "iteration number: "
[1] 278
[1] "iteration number: "
[1] 279
[1] "iteration number: "
[1] 280
[1] "iteration number: "
[1] 281
[1] "iteration number: "
[1] 282
[1] "iteration number: "
[1] 283
[1] "iteration number: "
[1] 284
[1] "iteration number: "
[1] 285
[1] "iteration number: "
[1] 286
[1] "iteration number: "
[1] 287
[1] "iteration number: "
[1] 288
[1] "iteration number: "
[1] 289
[1] "iteration number: "
[1] 290
[1] "iteration number: "
[1] 291
[1] "iteration number: "
[1] 292
[1] "iteration number: "
[1] 293
[1] "iteration number: "
[1] 294
[1] "iteration number: "
[1] 295
[1] "iteration number: "
[1] 296
[1] "iteration number: "
[1] 297
[1] "iteration number: "
[1] 298
[1] "iteration number: "
[1] 299
[1] "iteration number: "
[1] 300
[1] "iteration number: "
[1] 301
[1] "iteration number: "
[1] 302
[1] "iteration number: "
[1] 303
[1] "iteration number: "
[1] 304
[1] "iteration number: "
[1] 305
[1] "iteration number: "
[1] 306
[1] "iteration number: "
[1] 307
[1] "iteration number: "
[1] 308
[1] "iteration number: "
[1] 309
[1] "iteration number: "
[1] 310
[1] "iteration number: "
[1] 311
[1] "iteration number: "
[1] 312
[1] "iteration number: "
[1] 313
[1] "iteration number: "
[1] 314
[1] "iteration number: "
[1] 315
[1] "iteration number: "
[1] 316
[1] "iteration number: "
[1] 317
[1] "iteration number: "
[1] 318
[1] "iteration number: "
[1] 319
[1] "iteration number: "
[1] 320
[1] "iteration number: "
[1] 321
[1] "iteration number: "
[1] 322
[1] "iteration number: "
[1] 323
[1] "iteration number: "
[1] 324
[1] "iteration number: "
[1] 325
[1] "iteration number: "
[1] 326
[1] "iteration number: "
[1] 327
[1] "iteration number: "
[1] 328
[1] "iteration number: "
[1] 329
[1] "iteration number: "
[1] 330
[1] "iteration number: "
[1] 331
[1] "iteration number: "
[1] 332
[1] "iteration number: "
[1] 333
[1] "iteration number: "
[1] 334
[1] "iteration number: "
[1] 335
[1] "iteration number: "
[1] 336
[1] "iteration number: "
[1] 337
[1] "iteration number: "
[1] 338
[1] "iteration number: "
[1] 339
[1] "iteration number: "
[1] 340
[1] "iteration number: "
[1] 341
[1] "iteration number: "
[1] 342
[1] "iteration number: "
[1] 343
[1] "iteration number: "
[1] 344
[1] "iteration number: "
[1] 345
[1] "iteration number: "
[1] 346
[1] "iteration number: "
[1] 347
[1] "iteration number: "
[1] 348
[1] "iteration number: "
[1] 349
[1] "iteration number: "
[1] 350
[1] "iteration number: "
[1] 351
[1] "iteration number: "
[1] 352
[1] "iteration number: "
[1] 353
[1] "iteration number: "
[1] 354
[1] "iteration number: "
[1] 355
[1] "iteration number: "
[1] 356
[1] "iteration number: "
[1] 357
[1] "iteration number: "
[1] 358
[1] "iteration number: "
[1] 359
[1] "iteration number: "
[1] 360
[1] "iteration number: "
[1] 361
[1] "iteration number: "
[1] 362
[1] "iteration number: "
[1] 363
[1] "iteration number: "
[1] 364
[1] "iteration number: "
[1] 365
[1] "iteration number: "
[1] 366
[1] "iteration number: "
[1] 367
[1] "iteration number: "
[1] 368
[1] "iteration number: "
[1] 369
[1] "iteration number: "
[1] 370
[1] "iteration number: "
[1] 371
[1] "iteration number: "
[1] 372
[1] "iteration number: "
[1] 373
[1] "iteration number: "
[1] 374
[1] "iteration number: "
[1] 375
[1] "iteration number: "
[1] 376
[1] "iteration number: "
[1] 377
[1] "iteration number: "
[1] 378
[1] "iteration number: "
[1] 379
[1] "iteration number: "
[1] 380
[1] "iteration number: "
[1] 381
[1] "iteration number: "
[1] 382
[1] "iteration number: "
[1] 383
[1] "iteration number: "
[1] 384
[1] "iteration number: "
[1] 385
[1] "iteration number: "
[1] 386
[1] "iteration number: "
[1] 387
[1] "iteration number: "
[1] 388
[1] "iteration number: "
[1] 389
[1] "iteration number: "
[1] 390
[1] "iteration number: "
[1] 391
[1] "iteration number: "
[1] 392
[1] "iteration number: "
[1] 393
[1] "iteration number: "
[1] 394
[1] "iteration number: "
[1] 395
[1] "iteration number: "
[1] 396
[1] "iteration number: "
[1] 397
[1] "iteration number: "
[1] 398
[1] "iteration number: "
[1] 399
[1] "iteration number: "
[1] 400
[1] "iteration number: "
[1] 401
[1] "iteration number: "
[1] 402
[1] "iteration number: "
[1] 403
[1] "iteration number: "
[1] 404
[1] "iteration number: "
[1] 405
[1] "iteration number: "
[1] 406
[1] "iteration number: "
[1] 407
[1] "iteration number: "
[1] 408
[1] "iteration number: "
[1] 409
[1] "iteration number: "
[1] 410
[1] "iteration number: "
[1] 411
[1] "iteration number: "
[1] 412
[1] "iteration number: "
[1] 413
[1] "iteration number: "
[1] 414
[1] "iteration number: "
[1] 415
[1] "iteration number: "
[1] 416
[1] "iteration number: "
[1] 417
[1] "iteration number: "
[1] 418
[1] "iteration number: "
[1] 419
[1] "iteration number: "
[1] 420
[1] "iteration number: "
[1] 421
[1] "iteration number: "
[1] 422
[1] "iteration number: "
[1] 423
[1] "iteration number: "
[1] 424
[1] "iteration number: "
[1] 425
[1] "iteration number: "
[1] 426
[1] "iteration number: "
[1] 427
[1] "iteration number: "
[1] 428
[1] "iteration number: "
[1] 429
[1] "iteration number: "
[1] 430
[1] "iteration number: "
[1] 431
[1] "iteration number: "
[1] 432
[1] "iteration number: "
[1] 433
[1] "iteration number: "
[1] 434
[1] "iteration number: "
[1] 435
[1] "iteration number: "
[1] 436
[1] "iteration number: "
[1] 437
[1] "iteration number: "
[1] 438
[1] "iteration number: "
[1] 439
[1] "iteration number: "
[1] 440
[1] "iteration number: "
[1] 441
[1] "iteration number: "
[1] 442
[1] "iteration number: "
[1] 443
[1] "iteration number: "
[1] 444
[1] "iteration number: "
[1] 445
[1] "iteration number: "
[1] 446
[1] "iteration number: "
[1] 447
[1] "iteration number: "
[1] 448
[1] "iteration number: "
[1] 449
[1] "iteration number: "
[1] 450
[1] "iteration number: "
[1] 451
[1] "iteration number: "
[1] 452
[1] "iteration number: "
[1] 453
[1] "iteration number: "
[1] 454
[1] "iteration number: "
[1] 455
[1] "iteration number: "
[1] 456
[1] "iteration number: "
[1] 457
[1] "iteration number: "
[1] 458
[1] "iteration number: "
[1] 459
[1] "iteration number: "
[1] 460
[1] "No change for 11 iterations. Exiting PSO."
[1] "##################################"
[1] "Results summary for itr:1"
[1] "number of features selected using population mean"
[1] 10
[1] "number of features selected using current global best"
[1] 10
[1] "feat ind length"
[1] 10
[1] "best accuracy"
[1] 44.50429
[1] "test acc:0.85"
[1] "##################################"
[1] "learning sets: 2"
 [1]  30  13  86  19  17  45  22   2   9  51  79  10  95  21  46   6  68  42   8
[20]  90  67  77  48  89  65  25  20  96  66  63  34  18  35  74  83   5  60  40
[39]  26  28  38  15  37  54  97  33  32  61  93  84  55  80  85  39  29  57  12
[58]  24  64   3  44  27  88   7  14  41  72  87 100  75   4  49  52  69  62  81
[77]  98  50  91  16
[1] "Starting global iteration number : 2"
[1] "iteration number: "
[1] 1
[1] "iteration number: "
[1] 2
[1] "iteration number: "
[1] 3
[1] "iteration number: "
[1] 4
[1] "iteration number: "
[1] 5
[1] "iteration number: "
[1] 6
[1] "iteration number: "
[1] 7
[1] "iteration number: "
[1] 8
[1] "iteration number: "
[1] 9
[1] "iteration number: "
[1] 10
[1] "iteration number: "
[1] 11
[1] "iteration number: "
[1] 12
[1] "iteration number: "
[1] 13
[1] "iteration number: "
[1] 14
[1] "iteration number: "
[1] 15
[1] "iteration number: "
[1] 16
[1] "iteration number: "
[1] 17
[1] "iteration number: "
[1] 18
[1] "iteration number: "
[1] 19
[1] "iteration number: "
[1] 20
[1] "iteration number: "
[1] 21
[1] "iteration number: "
[1] 22
[1] "iteration number: "
[1] 23
[1] "iteration number: "
[1] 24
[1] "iteration number: "
[1] 25
[1] "iteration number: "
[1] 26
[1] "iteration number: "
[1] 27
[1] "iteration number: "
[1] 28
[1] "iteration number: "
[1] 29
[1] "iteration number: "
[1] 30
[1] "iteration number: "
[1] 31
[1] "iteration number: "
[1] 32
[1] "iteration number: "
[1] 33
[1] "iteration number: "
[1] 34
[1] "iteration number: "
[1] 35
[1] "iteration number: "
[1] 36
[1] "iteration number: "
[1] 37
[1] "iteration number: "
[1] 38
[1] "iteration number: "
[1] 39
[1] "iteration number: "
[1] 40
[1] "iteration number: "
[1] 41
[1] "iteration number: "
[1] 42
[1] "iteration number: "
[1] 43
[1] "iteration number: "
[1] 44
[1] "iteration number: "
[1] 45
[1] "iteration number: "
[1] 46
[1] "iteration number: "
[1] 47
[1] "iteration number: "
[1] 48
[1] "iteration number: "
[1] 49
[1] "iteration number: "
[1] 50
[1] "iteration number: "
[1] 51
[1] "iteration number: "
[1] 52
[1] "iteration number: "
[1] 53
[1] "iteration number: "
[1] 54
[1] "iteration number: "
[1] 55
[1] "iteration number: "
[1] 56
[1] "iteration number: "
[1] 57
[1] "iteration number: "
[1] 58
[1] "iteration number: "
[1] 59
[1] "iteration number: "
[1] 60
[1] "iteration number: "
[1] 61
[1] "iteration number: "
[1] 62
[1] "iteration number: "
[1] 63
[1] "iteration number: "
[1] 64
[1] "iteration number: "
[1] 65
[1] "iteration number: "
[1] 66
[1] "iteration number: "
[1] 67
[1] "iteration number: "
[1] 68
[1] "iteration number: "
[1] 69
[1] "iteration number: "
[1] 70
[1] "iteration number: "
[1] 71
[1] "iteration number: "
[1] 72
[1] "iteration number: "
[1] 73
[1] "iteration number: "
[1] 74
[1] "iteration number: "
[1] 75
[1] "iteration number: "
[1] 76
[1] "iteration number: "
[1] 77
[1] "iteration number: "
[1] 78
[1] "iteration number: "
[1] 79
[1] "iteration number: "
[1] 80
[1] "iteration number: "
[1] 81
[1] "iteration number: "
[1] 82
[1] "iteration number: "
[1] 83
[1] "iteration number: "
[1] 84
[1] "iteration number: "
[1] 85
[1] "iteration number: "
[1] 86
[1] "iteration number: "
[1] 87
[1] "iteration number: "
[1] 88
[1] "iteration number: "
[1] 89
[1] "iteration number: "
[1] 90
[1] "iteration number: "
[1] 91
[1] "iteration number: "
[1] 92
[1] "iteration number: "
[1] 93
[1] "iteration number: "
[1] 94
[1] "iteration number: "
[1] 95
[1] "iteration number: "
[1] 96
[1] "iteration number: "
[1] 97
[1] "iteration number: "
[1] 98
[1] "iteration number: "
[1] 99
[1] "iteration number: "
[1] 100
[1] "iteration number: "
[1] 101
[1] "iteration number: "
[1] 102
[1] "iteration number: "
[1] 103
[1] "iteration number: "
[1] 104
[1] "iteration number: "
[1] 105
[1] "iteration number: "
[1] 106
[1] "iteration number: "
[1] 107
[1] "iteration number: "
[1] 108
[1] "iteration number: "
[1] 109
[1] "iteration number: "
[1] 110
[1] "iteration number: "
[1] 111
[1] "iteration number: "
[1] 112
[1] "iteration number: "
[1] 113
[1] "iteration number: "
[1] 114
[1] "iteration number: "
[1] 115
[1] "iteration number: "
[1] 116
[1] "iteration number: "
[1] 117
[1] "iteration number: "
[1] 118
[1] "iteration number: "
[1] 119
[1] "iteration number: "
[1] 120
[1] "iteration number: "
[1] 121
[1] "iteration number: "
[1] 122
[1] "iteration number: "
[1] 123
[1] "iteration number: "
[1] 124
[1] "iteration number: "
[1] 125
[1] "iteration number: "
[1] 126
[1] "iteration number: "
[1] 127
[1] "iteration number: "
[1] 128
[1] "iteration number: "
[1] 129
[1] "iteration number: "
[1] 130
[1] "iteration number: "
[1] 131
[1] "iteration number: "
[1] 132
[1] "iteration number: "
[1] 133
[1] "iteration number: "
[1] 134
[1] "iteration number: "
[1] 135
[1] "iteration number: "
[1] 136
[1] "iteration number: "
[1] 137
[1] "iteration number: "
[1] 138
[1] "iteration number: "
[1] 139
[1] "iteration number: "
[1] 140
[1] "iteration number: "
[1] 141
[1] "iteration number: "
[1] 142
[1] "iteration number: "
[1] 143
[1] "iteration number: "
[1] 144
[1] "iteration number: "
[1] 145
[1] "iteration number: "
[1] 146
[1] "iteration number: "
[1] 147
[1] "iteration number: "
[1] 148
[1] "iteration number: "
[1] 149
[1] "iteration number: "
[1] 150
[1] "iteration number: "
[1] 151
[1] "iteration number: "
[1] 152
[1] "iteration number: "
[1] 153
[1] "iteration number: "
[1] 154
[1] "iteration number: "
[1] 155
[1] "iteration number: "
[1] 156
[1] "iteration number: "
[1] 157
[1] "iteration number: "
[1] 158
[1] "iteration number: "
[1] 159
[1] "iteration number: "
[1] 160
[1] "iteration number: "
[1] 161
[1] "iteration number: "
[1] 162
[1] "iteration number: "
[1] 163
[1] "iteration number: "
[1] 164
[1] "iteration number: "
[1] 165
[1] "iteration number: "
[1] 166
[1] "iteration number: "
[1] 167
[1] "iteration number: "
[1] 168
[1] "iteration number: "
[1] 169
[1] "iteration number: "
[1] 170
[1] "iteration number: "
[1] 171
[1] "iteration number: "
[1] 172
[1] "iteration number: "
[1] 173
[1] "iteration number: "
[1] 174
[1] "iteration number: "
[1] 175
[1] "iteration number: "
[1] 176
[1] "iteration number: "
[1] 177
[1] "iteration number: "
[1] 178
[1] "iteration number: "
[1] 179
[1] "iteration number: "
[1] 180
[1] "iteration number: "
[1] 181
[1] "iteration number: "
[1] 182
[1] "iteration number: "
[1] 183
[1] "iteration number: "
[1] 184
[1] "iteration number: "
[1] 185
[1] "iteration number: "
[1] 186
[1] "iteration number: "
[1] 187
[1] "iteration number: "
[1] 188
[1] "iteration number: "
[1] 189
[1] "iteration number: "
[1] 190
[1] "iteration number: "
[1] 191
[1] "iteration number: "
[1] 192
[1] "iteration number: "
[1] 193
[1] "iteration number: "
[1] 194
[1] "iteration number: "
[1] 195
[1] "iteration number: "
[1] 196
[1] "iteration number: "
[1] 197
[1] "iteration number: "
[1] 198
[1] "iteration number: "
[1] 199
[1] "iteration number: "
[1] 200
[1] "iteration number: "
[1] 201
[1] "iteration number: "
[1] 202
[1] "iteration number: "
[1] 203
[1] "iteration number: "
[1] 204
[1] "iteration number: "
[1] 205
[1] "iteration number: "
[1] 206
[1] "iteration number: "
[1] 207
[1] "iteration number: "
[1] 208
[1] "iteration number: "
[1] 209
[1] "iteration number: "
[1] 210
[1] "iteration number: "
[1] 211
[1] "iteration number: "
[1] 212
[1] "iteration number: "
[1] 213
[1] "iteration number: "
[1] 214
[1] "iteration number: "
[1] 215
[1] "iteration number: "
[1] 216
[1] "iteration number: "
[1] 217
[1] "iteration number: "
[1] 218
[1] "iteration number: "
[1] 219
[1] "iteration number: "
[1] 220
[1] "iteration number: "
[1] 221
[1] "iteration number: "
[1] 222
[1] "iteration number: "
[1] 223
[1] "iteration number: "
[1] 224
[1] "iteration number: "
[1] 225
[1] "iteration number: "
[1] 226
[1] "iteration number: "
[1] 227
[1] "iteration number: "
[1] 228
[1] "iteration number: "
[1] 229
[1] "iteration number: "
[1] 230
[1] "iteration number: "
[1] 231
[1] "iteration number: "
[1] 232
[1] "iteration number: "
[1] 233
[1] "iteration number: "
[1] 234
[1] "iteration number: "
[1] 235
[1] "iteration number: "
[1] 236
[1] "iteration number: "
[1] 237
[1] "iteration number: "
[1] 238
[1] "iteration number: "
[1] 239
[1] "iteration number: "
[1] 240
[1] "iteration number: "
[1] 241
[1] "iteration number: "
[1] 242
[1] "iteration number: "
[1] 243
[1] "iteration number: "
[1] 244
[1] "iteration number: "
[1] 245
[1] "iteration number: "
[1] 246
[1] "iteration number: "
[1] 247
[1] "iteration number: "
[1] 248
[1] "iteration number: "
[1] 249
[1] "iteration number: "
[1] 250
[1] "iteration number: "
[1] 251
[1] "iteration number: "
[1] 252
[1] "iteration number: "
[1] 253
[1] "iteration number: "
[1] 254
[1] "iteration number: "
[1] 255
[1] "iteration number: "
[1] 256
[1] "No change for 11 iterations. Exiting PSO."
[1] "##################################"
[1] "Results summary for itr:2"
[1] "number of features selected using population mean"
[1] 12
[1] "number of features selected using current global best"
[1] 12
[1] "feat ind length"
[1] 12
[1] "best accuracy"
[1] 46.78051
[1] "test acc:0.85"
[1] "##################################"
[1] "learning sets: 3"
 [1]  60  17  53  90  74  43  92  76  13  38  15   8  77  73  25  66  42  95  97
[20]  23  10  65  35  71  34  37  46  83  96   5  40  86  20  22  30  79  67  56
[39]  63  89   2  54   9  28  99 100  84  41  55  75  31  39  12  36  62  49  78
[58]  70  85  91  58  50  33  82  88  24   3  16   1  93  87  72  64  57  94  98
[77]  81  29  52  80
[1] "Starting global iteration number : 3"
[1] "iteration number: "
[1] 1
[1] "iteration number: "
[1] 2
[1] "iteration number: "
[1] 3
[1] "iteration number: "
[1] 4
[1] "iteration number: "
[1] 5
[1] "iteration number: "
[1] 6
[1] "iteration number: "
[1] 7
[1] "iteration number: "
[1] 8
[1] "iteration number: "
[1] 9
[1] "iteration number: "
[1] 10
[1] "iteration number: "
[1] 11
[1] "iteration number: "
[1] 12
[1] "iteration number: "
[1] 13
[1] "iteration number: "
[1] 14
[1] "iteration number: "
[1] 15
[1] "iteration number: "
[1] 16
[1] "iteration number: "
[1] 17
[1] "iteration number: "
[1] 18
[1] "iteration number: "
[1] 19
[1] "iteration number: "
[1] 20
[1] "iteration number: "
[1] 21
[1] "iteration number: "
[1] 22
[1] "iteration number: "
[1] 23
[1] "iteration number: "
[1] 24
[1] "iteration number: "
[1] 25
[1] "iteration number: "
[1] 26
[1] "iteration number: "
[1] 27
[1] "iteration number: "
[1] 28
[1] "iteration number: "
[1] 29
[1] "iteration number: "
[1] 30
[1] "iteration number: "
[1] 31
[1] "iteration number: "
[1] 32
[1] "iteration number: "
[1] 33
[1] "iteration number: "
[1] 34
[1] "iteration number: "
[1] 35
[1] "iteration number: "
[1] 36
[1] "iteration number: "
[1] 37
[1] "iteration number: "
[1] 38
[1] "iteration number: "
[1] 39
[1] "iteration number: "
[1] 40
[1] "iteration number: "
[1] 41
[1] "iteration number: "
[1] 42
[1] "iteration number: "
[1] 43
[1] "iteration number: "
[1] 44
[1] "iteration number: "
[1] 45
[1] "iteration number: "
[1] 46
[1] "iteration number: "
[1] 47
[1] "iteration number: "
[1] 48
[1] "iteration number: "
[1] 49
[1] "iteration number: "
[1] 50
[1] "iteration number: "
[1] 51
[1] "iteration number: "
[1] 52
[1] "iteration number: "
[1] 53
[1] "iteration number: "
[1] 54
[1] "iteration number: "
[1] 55
[1] "iteration number: "
[1] 56
[1] "iteration number: "
[1] 57
[1] "iteration number: "
[1] 58
[1] "iteration number: "
[1] 59
[1] "iteration number: "
[1] 60
[1] "iteration number: "
[1] 61
[1] "iteration number: "
[1] 62
[1] "iteration number: "
[1] 63
[1] "iteration number: "
[1] 64
[1] "iteration number: "
[1] 65
[1] "iteration number: "
[1] 66
[1] "iteration number: "
[1] 67
[1] "iteration number: "
[1] 68
[1] "iteration number: "
[1] 69
[1] "iteration number: "
[1] 70
[1] "iteration number: "
[1] 71
[1] "iteration number: "
[1] 72
[1] "iteration number: "
[1] 73
[1] "iteration number: "
[1] 74
[1] "iteration number: "
[1] 75
[1] "iteration number: "
[1] 76
[1] "iteration number: "
[1] 77
[1] "iteration number: "
[1] 78
[1] "iteration number: "
[1] 79
[1] "iteration number: "
[1] 80
[1] "iteration number: "
[1] 81
[1] "iteration number: "
[1] 82
[1] "iteration number: "
[1] 83
[1] "iteration number: "
[1] 84
[1] "iteration number: "
[1] 85
[1] "iteration number: "
[1] 86
[1] "iteration number: "
[1] 87
[1] "iteration number: "
[1] 88
[1] "iteration number: "
[1] 89
[1] "iteration number: "
[1] 90
[1] "iteration number: "
[1] 91
[1] "iteration number: "
[1] 92
[1] "iteration number: "
[1] 93
[1] "iteration number: "
[1] 94
[1] "iteration number: "
[1] 95
[1] "iteration number: "
[1] 96
[1] "iteration number: "
[1] 97
[1] "iteration number: "
[1] 98
[1] "iteration number: "
[1] 99
[1] "iteration number: "
[1] 100
[1] "iteration number: "
[1] 101
[1] "iteration number: "
[1] 102
[1] "iteration number: "
[1] 103
[1] "iteration number: "
[1] 104
[1] "iteration number: "
[1] 105
[1] "iteration number: "
[1] 106
[1] "iteration number: "
[1] 107
[1] "iteration number: "
[1] 108
[1] "iteration number: "
[1] 109
[1] "iteration number: "
[1] 110
[1] "iteration number: "
[1] 111
[1] "iteration number: "
[1] 112
[1] "iteration number: "
[1] 113
[1] "iteration number: "
[1] 114
[1] "iteration number: "
[1] 115
[1] "iteration number: "
[1] 116
[1] "iteration number: "
[1] 117
[1] "iteration number: "
[1] 118
[1] "iteration number: "
[1] 119
[1] "iteration number: "
[1] 120
[1] "iteration number: "
[1] 121
[1] "iteration number: "
[1] 122
[1] "iteration number: "
[1] 123
[1] "iteration number: "
[1] 124
[1] "iteration number: "
[1] 125
[1] "iteration number: "
[1] 126
[1] "iteration number: "
[1] 127
[1] "iteration number: "
[1] 128
[1] "iteration number: "
[1] 129
[1] "iteration number: "
[1] 130
[1] "iteration number: "
[1] 131
[1] "iteration number: "
[1] 132
[1] "iteration number: "
[1] 133
[1] "iteration number: "
[1] 134
[1] "iteration number: "
[1] 135
[1] "iteration number: "
[1] 136
[1] "iteration number: "
[1] 137
[1] "iteration number: "
[1] 138
[1] "iteration number: "
[1] 139
[1] "iteration number: "
[1] 140
[1] "iteration number: "
[1] 141
[1] "iteration number: "
[1] 142
[1] "iteration number: "
[1] 143
[1] "iteration number: "
[1] 144
[1] "iteration number: "
[1] 145
[1] "iteration number: "
[1] 146
[1] "iteration number: "
[1] 147
[1] "iteration number: "
[1] 148
[1] "iteration number: "
[1] 149
[1] "iteration number: "
[1] 150
[1] "iteration number: "
[1] 151
[1] "iteration number: "
[1] 152
[1] "iteration number: "
[1] 153
[1] "iteration number: "
[1] 154
[1] "iteration number: "
[1] 155
[1] "iteration number: "
[1] 156
[1] "iteration number: "
[1] 157
[1] "iteration number: "
[1] 158
[1] "iteration number: "
[1] 159
[1] "iteration number: "
[1] 160
[1] "iteration number: "
[1] 161
[1] "iteration number: "
[1] 162
[1] "iteration number: "
[1] 163
[1] "iteration number: "
[1] 164
[1] "iteration number: "
[1] 165
[1] "iteration number: "
[1] 166
[1] "iteration number: "
[1] 167
[1] "iteration number: "
[1] 168
[1] "iteration number: "
[1] 169
[1] "iteration number: "
[1] 170
[1] "iteration number: "
[1] 171
[1] "iteration number: "
[1] 172
[1] "iteration number: "
[1] 173
[1] "iteration number: "
[1] 174
[1] "iteration number: "
[1] 175
[1] "iteration number: "
[1] 176
[1] "iteration number: "
[1] 177
[1] "iteration number: "
[1] 178
[1] "iteration number: "
[1] 179
[1] "iteration number: "
[1] 180
[1] "iteration number: "
[1] 181
[1] "iteration number: "
[1] 182
[1] "iteration number: "
[1] 183
[1] "iteration number: "
[1] 184
[1] "iteration number: "
[1] 185
[1] "iteration number: "
[1] 186
[1] "iteration number: "
[1] 187
[1] "iteration number: "
[1] 188
[1] "iteration number: "
[1] 189
[1] "iteration number: "
[1] 190
[1] "iteration number: "
[1] 191
[1] "iteration number: "
[1] 192
[1] "iteration number: "
[1] 193
[1] "iteration number: "
[1] 194
[1] "iteration number: "
[1] 195
[1] "iteration number: "
[1] 196
[1] "iteration number: "
[1] 197
[1] "iteration number: "
[1] 198
[1] "iteration number: "
[1] 199
[1] "iteration number: "
[1] 200
[1] "iteration number: "
[1] 201
[1] "iteration number: "
[1] 202
[1] "iteration number: "
[1] 203
[1] "iteration number: "
[1] 204
[1] "iteration number: "
[1] 205
[1] "iteration number: "
[1] 206
[1] "iteration number: "
[1] 207
[1] "iteration number: "
[1] 208
[1] "iteration number: "
[1] 209
[1] "iteration number: "
[1] 210
[1] "iteration number: "
[1] 211
[1] "iteration number: "
[1] 212
[1] "iteration number: "
[1] 213
[1] "iteration number: "
[1] 214
[1] "iteration number: "
[1] 215
[1] "iteration number: "
[1] 216
[1] "iteration number: "
[1] 217
[1] "iteration number: "
[1] 218
[1] "iteration number: "
[1] 219
[1] "iteration number: "
[1] 220
[1] "iteration number: "
[1] 221
[1] "iteration number: "
[1] 222
[1] "iteration number: "
[1] 223
[1] "iteration number: "
[1] 224
[1] "iteration number: "
[1] 225
[1] "iteration number: "
[1] 226
[1] "iteration number: "
[1] 227
[1] "iteration number: "
[1] 228
[1] "iteration number: "
[1] 229
[1] "iteration number: "
[1] 230
[1] "iteration number: "
[1] 231
[1] "iteration number: "
[1] 232
[1] "iteration number: "
[1] 233
[1] "iteration number: "
[1] 234
[1] "iteration number: "
[1] 235
[1] "iteration number: "
[1] 236
[1] "iteration number: "
[1] 237
[1] "iteration number: "
[1] 238
[1] "iteration number: "
[1] 239
[1] "iteration number: "
[1] 240
[1] "iteration number: "
[1] 241
[1] "iteration number: "
[1] 242
[1] "iteration number: "
[1] 243
[1] "iteration number: "
[1] 244
[1] "iteration number: "
[1] 245
[1] "iteration number: "
[1] 246
[1] "iteration number: "
[1] 247
[1] "iteration number: "
[1] 248
[1] "iteration number: "
[1] 249
[1] "iteration number: "
[1] 250
[1] "iteration number: "
[1] 251
[1] "iteration number: "
[1] 252
[1] "iteration number: "
[1] 253
[1] "iteration number: "
[1] 254
[1] "iteration number: "
[1] 255
[1] "iteration number: "
[1] 256
[1] "iteration number: "
[1] 257
[1] "iteration number: "
[1] 258
[1] "iteration number: "
[1] 259
[1] "iteration number: "
[1] 260
[1] "iteration number: "
[1] 261
[1] "iteration number: "
[1] 262
[1] "iteration number: "
[1] 263
[1] "iteration number: "
[1] 264
[1] "iteration number: "
[1] 265
[1] "iteration number: "
[1] 266
[1] "iteration number: "
[1] 267
[1] "iteration number: "
[1] 268
[1] "iteration number: "
[1] 269
[1] "iteration number: "
[1] 270
[1] "iteration number: "
[1] 271
[1] "iteration number: "
[1] 272
[1] "iteration number: "
[1] 273
[1] "iteration number: "
[1] 274
[1] "iteration number: "
[1] 275
[1] "iteration number: "
[1] 276
[1] "iteration number: "
[1] 277
[1] "iteration number: "
[1] 278
[1] "iteration number: "
[1] 279
[1] "iteration number: "
[1] 280
[1] "iteration number: "
[1] 281
[1] "iteration number: "
[1] 282
[1] "iteration number: "
[1] 283
[1] "iteration number: "
[1] 284
[1] "iteration number: "
[1] 285
[1] "iteration number: "
[1] 286
[1] "iteration number: "
[1] 287
[1] "iteration number: "
[1] 288
[1] "iteration number: "
[1] 289
[1] "iteration number: "
[1] 290
[1] "iteration number: "
[1] 291
[1] "iteration number: "
[1] 292
[1] "iteration number: "
[1] 293
[1] "iteration number: "
[1] 294
[1] "iteration number: "
[1] 295
[1] "iteration number: "
[1] 296
[1] "iteration number: "
[1] 297
[1] "iteration number: "
[1] 298
[1] "iteration number: "
[1] 299
[1] "iteration number: "
[1] 300
[1] "iteration number: "
[1] 301
[1] "iteration number: "
[1] 302
[1] "iteration number: "
[1] 303
[1] "iteration number: "
[1] 304
[1] "iteration number: "
[1] 305
[1] "iteration number: "
[1] 306
[1] "iteration number: "
[1] 307
[1] "iteration number: "
[1] 308
[1] "iteration number: "
[1] 309
[1] "iteration number: "
[1] 310
[1] "iteration number: "
[1] 311
[1] "iteration number: "
[1] 312
[1] "iteration number: "
[1] 313
[1] "iteration number: "
[1] 314
[1] "iteration number: "
[1] 315
[1] "iteration number: "
[1] 316
[1] "iteration number: "
[1] 317
[1] "iteration number: "
[1] 318
[1] "iteration number: "
[1] 319
[1] "iteration number: "
[1] 320
[1] "iteration number: "
[1] 321
[1] "iteration number: "
[1] 322
[1] "iteration number: "
[1] 323
[1] "iteration number: "
[1] 324
[1] "iteration number: "
[1] 325
[1] "iteration number: "
[1] 326
[1] "iteration number: "
[1] 327
[1] "iteration number: "
[1] 328
[1] "iteration number: "
[1] 329
[1] "iteration number: "
[1] 330
[1] "iteration number: "
[1] 331
[1] "iteration number: "
[1] 332
[1] "iteration number: "
[1] 333
[1] "iteration number: "
[1] 334
[1] "iteration number: "
[1] 335
[1] "iteration number: "
[1] 336
[1] "iteration number: "
[1] 337
[1] "iteration number: "
[1] 338
[1] "iteration number: "
[1] 339
[1] "iteration number: "
[1] 340
[1] "iteration number: "
[1] 341
[1] "iteration number: "
[1] 342
[1] "iteration number: "
[1] 343
[1] "iteration number: "
[1] 344
[1] "iteration number: "
[1] 345
[1] "iteration number: "
[1] 346
[1] "iteration number: "
[1] 347
[1] "iteration number: "
[1] 348
[1] "iteration number: "
[1] 349
[1] "iteration number: "
[1] 350
[1] "iteration number: "
[1] 351
[1] "iteration number: "
[1] 352
[1] "iteration number: "
[1] 353
[1] "iteration number: "
[1] 354
[1] "iteration number: "
[1] 355
[1] "iteration number: "
[1] 356
[1] "iteration number: "
[1] 357
[1] "iteration number: "
[1] 358
[1] "iteration number: "
[1] 359
[1] "iteration number: "
[1] 360
[1] "iteration number: "
[1] 361
[1] "iteration number: "
[1] 362
[1] "iteration number: "
[1] 363
[1] "iteration number: "
[1] 364
[1] "iteration number: "
[1] 365
[1] "iteration number: "
[1] 366
[1] "iteration number: "
[1] 367
[1] "iteration number: "
[1] 368
[1] "iteration number: "
[1] 369
[1] "iteration number: "
[1] 370
[1] "iteration number: "
[1] 371
[1] "iteration number: "
[1] 372
[1] "iteration number: "
[1] 373
[1] "iteration number: "
[1] 374
[1] "iteration number: "
[1] 375
[1] "iteration number: "
[1] 376
[1] "iteration number: "
[1] 377
[1] "iteration number: "
[1] 378
[1] "iteration number: "
[1] 379
[1] "iteration number: "
[1] 380
[1] "iteration number: "
[1] 381
[1] "iteration number: "
[1] 382
[1] "iteration number: "
[1] 383
[1] "iteration number: "
[1] 384
[1] "iteration number: "
[1] 385
[1] "iteration number: "
[1] 386
[1] "iteration number: "
[1] 387
[1] "iteration number: "
[1] 388
[1] "iteration number: "
[1] 389
[1] "iteration number: "
[1] 390
[1] "iteration number: "
[1] 391
[1] "iteration number: "
[1] 392
[1] "iteration number: "
[1] 393
[1] "iteration number: "
[1] 394
[1] "iteration number: "
[1] 395
[1] "iteration number: "
[1] 396
[1] "iteration number: "
[1] 397
[1] "iteration number: "
[1] 398
[1] "iteration number: "
[1] 399
[1] "iteration number: "
[1] 400
[1] "iteration number: "
[1] 401
[1] "iteration number: "
[1] 402
[1] "iteration number: "
[1] 403
[1] "iteration number: "
[1] 404
[1] "iteration number: "
[1] 405
[1] "iteration number: "
[1] 406
[1] "iteration number: "
[1] 407
[1] "iteration number: "
[1] 408
[1] "iteration number: "
[1] 409
[1] "iteration number: "
[1] 410
[1] "iteration number: "
[1] 411
[1] "iteration number: "
[1] 412
[1] "iteration number: "
[1] 413
[1] "iteration number: "
[1] 414
[1] "iteration number: "
[1] 415
[1] "iteration number: "
[1] 416
[1] "iteration number: "
[1] 417
[1] "iteration number: "
[1] 418
[1] "iteration number: "
[1] 419
[1] "iteration number: "
[1] 420
[1] "iteration number: "
[1] 421
[1] "iteration number: "
[1] 422
[1] "iteration number: "
[1] 423
[1] "iteration number: "
[1] 424
[1] "iteration number: "
[1] 425
[1] "iteration number: "
[1] 426
[1] "iteration number: "
[1] 427
[1] "iteration number: "
[1] 428
[1] "iteration number: "
[1] 429
[1] "iteration number: "
[1] 430
[1] "iteration number: "
[1] 431
[1] "iteration number: "
[1] 432
[1] "iteration number: "
[1] 433
[1] "iteration number: "
[1] 434
[1] "iteration number: "
[1] 435
[1] "iteration number: "
[1] 436
[1] "iteration number: "
[1] 437
[1] "iteration number: "
[1] 438
[1] "iteration number: "
[1] 439
[1] "iteration number: "
[1] 440
[1] "iteration number: "
[1] 441
[1] "iteration number: "
[1] 442
[1] "iteration number: "
[1] 443
[1] "iteration number: "
[1] 444
[1] "iteration number: "
[1] 445
[1] "iteration number: "
[1] 446
[1] "iteration number: "
[1] 447
[1] "iteration number: "
[1] 448
[1] "iteration number: "
[1] 449
[1] "iteration number: "
[1] 450
[1] "iteration number: "
[1] 451
[1] "iteration number: "
[1] 452
[1] "iteration number: "
[1] 453
[1] "iteration number: "
[1] 454
[1] "No change for 11 iterations. Exiting PSO."
[1] "##################################"
[1] "Results summary for itr:3"
[1] "number of features selected using population mean"
[1] 8
[1] "number of features selected using current global best"
[1] 6
[1] "feat ind length"
[1] 6
[1] "best accuracy"
[1] 48.18942
[1] "test acc:0.95"
[1] "##################################"
[1] "learning sets: 4"
 [1]  92  71  11  96  19  15  18  26  40  35  65  46  99  47  95  86  45  76  34
[20]  56  10  42  38  68  97  51  54  30  63  22  66  48   9  77  89   6  79   2
[39]  23   8  74  13  17  83  60  31  61  33  12  78  62  44  52  69  36   4  80
[58]  85  91  27   3  98  93  64  87  75  55  82  50   1   7  70  49  58  81  88
[77]  32  57 100  24
[1] "Starting global iteration number : 4"
[1] "iteration number: "
[1] 1
[1] "iteration number: "
[1] 2
[1] "iteration number: "
[1] 3
[1] "iteration number: "
[1] 4
[1] "iteration number: "
[1] 5
[1] "iteration number: "
[1] 6
[1] "iteration number: "
[1] 7
[1] "iteration number: "
[1] 8
[1] "iteration number: "
[1] 9
[1] "iteration number: "
[1] 10
[1] "iteration number: "
[1] 11
[1] "iteration number: "
[1] 12
[1] "iteration number: "
[1] 13
[1] "iteration number: "
[1] 14
[1] "iteration number: "
[1] 15
[1] "iteration number: "
[1] 16
[1] "iteration number: "
[1] 17
[1] "iteration number: "
[1] 18
[1] "iteration number: "
[1] 19
[1] "iteration number: "
[1] 20
[1] "iteration number: "
[1] 21
[1] "iteration number: "
[1] 22
[1] "iteration number: "
[1] 23
[1] "iteration number: "
[1] 24
[1] "iteration number: "
[1] 25
[1] "iteration number: "
[1] 26
[1] "iteration number: "
[1] 27
[1] "iteration number: "
[1] 28
[1] "iteration number: "
[1] 29
[1] "iteration number: "
[1] 30
[1] "iteration number: "
[1] 31
[1] "iteration number: "
[1] 32
[1] "iteration number: "
[1] 33
[1] "iteration number: "
[1] 34
[1] "iteration number: "
[1] 35
[1] "iteration number: "
[1] 36
[1] "iteration number: "
[1] 37
[1] "iteration number: "
[1] 38
[1] "iteration number: "
[1] 39
[1] "iteration number: "
[1] 40
[1] "iteration number: "
[1] 41
[1] "iteration number: "
[1] 42
[1] "iteration number: "
[1] 43
[1] "iteration number: "
[1] 44
[1] "iteration number: "
[1] 45
[1] "iteration number: "
[1] 46
[1] "iteration number: "
[1] 47
[1] "iteration number: "
[1] 48
[1] "iteration number: "
[1] 49
[1] "iteration number: "
[1] 50
[1] "iteration number: "
[1] 51
[1] "iteration number: "
[1] 52
[1] "iteration number: "
[1] 53
[1] "iteration number: "
[1] 54
[1] "iteration number: "
[1] 55
[1] "iteration number: "
[1] 56
[1] "iteration number: "
[1] 57
[1] "iteration number: "
[1] 58
[1] "iteration number: "
[1] 59
[1] "iteration number: "
[1] 60
[1] "iteration number: "
[1] 61
[1] "iteration number: "
[1] 62
[1] "iteration number: "
[1] 63
[1] "iteration number: "
[1] 64
[1] "iteration number: "
[1] 65
[1] "iteration number: "
[1] 66
[1] "iteration number: "
[1] 67
[1] "iteration number: "
[1] 68
[1] "iteration number: "
[1] 69
[1] "iteration number: "
[1] 70
[1] "iteration number: "
[1] 71
[1] "iteration number: "
[1] 72
[1] "iteration number: "
[1] 73
[1] "iteration number: "
[1] 74
[1] "iteration number: "
[1] 75
[1] "iteration number: "
[1] 76
[1] "iteration number: "
[1] 77
[1] "iteration number: "
[1] 78
[1] "iteration number: "
[1] 79
[1] "iteration number: "
[1] 80
[1] "iteration number: "
[1] 81
[1] "iteration number: "
[1] 82
[1] "iteration number: "
[1] 83
[1] "iteration number: "
[1] 84
[1] "iteration number: "
[1] 85
[1] "iteration number: "
[1] 86
[1] "iteration number: "
[1] 87
[1] "iteration number: "
[1] 88
[1] "iteration number: "
[1] 89
[1] "iteration number: "
[1] 90
[1] "iteration number: "
[1] 91
[1] "iteration number: "
[1] 92
[1] "iteration number: "
[1] 93
[1] "iteration number: "
[1] 94
[1] "iteration number: "
[1] 95
[1] "iteration number: "
[1] 96
[1] "iteration number: "
[1] 97
[1] "iteration number: "
[1] 98
[1] "iteration number: "
[1] 99
[1] "iteration number: "
[1] 100
[1] "iteration number: "
[1] 101
[1] "iteration number: "
[1] 102
[1] "iteration number: "
[1] 103
[1] "iteration number: "
[1] 104
[1] "iteration number: "
[1] 105
[1] "iteration number: "
[1] 106
[1] "iteration number: "
[1] 107
[1] "iteration number: "
[1] 108
[1] "iteration number: "
[1] 109
[1] "iteration number: "
[1] 110
[1] "iteration number: "
[1] 111
[1] "iteration number: "
[1] 112
[1] "iteration number: "
[1] 113
[1] "iteration number: "
[1] 114
[1] "iteration number: "
[1] 115
[1] "iteration number: "
[1] 116
[1] "iteration number: "
[1] 117
[1] "iteration number: "
[1] 118
[1] "iteration number: "
[1] 119
[1] "iteration number: "
[1] 120
[1] "iteration number: "
[1] 121
[1] "iteration number: "
[1] 122
[1] "iteration number: "
[1] 123
[1] "iteration number: "
[1] 124
[1] "iteration number: "
[1] 125
[1] "iteration number: "
[1] 126
[1] "iteration number: "
[1] 127
[1] "iteration number: "
[1] 128
[1] "iteration number: "
[1] 129
[1] "iteration number: "
[1] 130
[1] "iteration number: "
[1] 131
[1] "iteration number: "
[1] 132
[1] "iteration number: "
[1] 133
[1] "iteration number: "
[1] 134
[1] "iteration number: "
[1] 135
[1] "iteration number: "
[1] 136
[1] "iteration number: "
[1] 137
[1] "iteration number: "
[1] 138
[1] "iteration number: "
[1] 139
[1] "iteration number: "
[1] 140
[1] "iteration number: "
[1] 141
[1] "iteration number: "
[1] 142
[1] "iteration number: "
[1] 143
[1] "iteration number: "
[1] 144
[1] "iteration number: "
[1] 145
[1] "iteration number: "
[1] 146
[1] "iteration number: "
[1] 147
[1] "iteration number: "
[1] 148
[1] "iteration number: "
[1] 149
[1] "iteration number: "
[1] 150
[1] "iteration number: "
[1] 151
[1] "iteration number: "
[1] 152
[1] "iteration number: "
[1] 153
[1] "iteration number: "
[1] 154
[1] "iteration number: "
[1] 155
[1] "iteration number: "
[1] 156
[1] "iteration number: "
[1] 157
[1] "iteration number: "
[1] 158
[1] "iteration number: "
[1] 159
[1] "iteration number: "
[1] 160
[1] "iteration number: "
[1] 161
[1] "iteration number: "
[1] 162
[1] "iteration number: "
[1] 163
[1] "iteration number: "
[1] 164
[1] "iteration number: "
[1] 165
[1] "iteration number: "
[1] 166
[1] "iteration number: "
[1] 167
[1] "iteration number: "
[1] 168
[1] "No change for 11 iterations. Exiting PSO."
[1] "##################################"
[1] "Results summary for itr:4"
[1] "number of features selected using population mean"
[1] 10
[1] "number of features selected using current global best"
[1] 10
[1] "feat ind length"
[1] 10
[1] "best accuracy"
[1] 48.36465
[1] "test acc:0.95"
[1] "##################################"
[1] "learning sets: 5"
 [1]   8  26  37  51  67  43   9  97  18  38  77  20  53  63  95  76  34  92  15
[20]  56  99   2  11  28  45  47  79  83  60  23  68  66  40  19  25  10  65  89
[39]  54  13  73   6  17  21  35  29  80  91  59   1  64  70  78  55  16  14  84
[58]  94  52   3  69  87   4  27  75  81 100  39  93  44  82  33  32  61  58  41
[77]  88  57  49   7
[1] "Starting global iteration number : 5"
[1] "iteration number: "
[1] 1
[1] "iteration number: "
[1] 2
[1] "iteration number: "
[1] 3
[1] "iteration number: "
[1] 4
[1] "iteration number: "
[1] 5
[1] "iteration number: "
[1] 6
[1] "iteration number: "
[1] 7
[1] "iteration number: "
[1] 8
[1] "iteration number: "
[1] 9
[1] "iteration number: "
[1] 10
[1] "iteration number: "
[1] 11
[1] "iteration number: "
[1] 12
[1] "iteration number: "
[1] 13
[1] "iteration number: "
[1] 14
[1] "iteration number: "
[1] 15
[1] "iteration number: "
[1] 16
[1] "iteration number: "
[1] 17
[1] "iteration number: "
[1] 18
[1] "iteration number: "
[1] 19
[1] "iteration number: "
[1] 20
[1] "iteration number: "
[1] 21
[1] "iteration number: "
[1] 22
[1] "iteration number: "
[1] 23
[1] "iteration number: "
[1] 24
[1] "iteration number: "
[1] 25
[1] "iteration number: "
[1] 26
[1] "iteration number: "
[1] 27
[1] "iteration number: "
[1] 28
[1] "iteration number: "
[1] 29
[1] "iteration number: "
[1] 30
[1] "iteration number: "
[1] 31
[1] "iteration number: "
[1] 32
[1] "iteration number: "
[1] 33
[1] "iteration number: "
[1] 34
[1] "iteration number: "
[1] 35
[1] "iteration number: "
[1] 36
[1] "iteration number: "
[1] 37
[1] "iteration number: "
[1] 38
[1] "iteration number: "
[1] 39
[1] "iteration number: "
[1] 40
[1] "iteration number: "
[1] 41
[1] "iteration number: "
[1] 42
[1] "iteration number: "
[1] 43
[1] "iteration number: "
[1] 44
[1] "iteration number: "
[1] 45
[1] "iteration number: "
[1] 46
[1] "iteration number: "
[1] 47
[1] "iteration number: "
[1] 48
[1] "iteration number: "
[1] 49
[1] "iteration number: "
[1] 50
[1] "iteration number: "
[1] 51
[1] "iteration number: "
[1] 52
[1] "iteration number: "
[1] 53
[1] "iteration number: "
[1] 54
[1] "iteration number: "
[1] 55
[1] "iteration number: "
[1] 56
[1] "iteration number: "
[1] 57
[1] "iteration number: "
[1] 58
[1] "iteration number: "
[1] 59
[1] "iteration number: "
[1] 60
[1] "iteration number: "
[1] 61
[1] "iteration number: "
[1] 62
[1] "iteration number: "
[1] 63
[1] "iteration number: "
[1] 64
[1] "iteration number: "
[1] 65
[1] "iteration number: "
[1] 66
[1] "iteration number: "
[1] 67
[1] "iteration number: "
[1] 68
[1] "iteration number: "
[1] 69
[1] "iteration number: "
[1] 70
[1] "iteration number: "
[1] 71
[1] "iteration number: "
[1] 72
[1] "iteration number: "
[1] 73
[1] "iteration number: "
[1] 74
[1] "iteration number: "
[1] 75
[1] "iteration number: "
[1] 76
[1] "iteration number: "
[1] 77
[1] "iteration number: "
[1] 78
[1] "iteration number: "
[1] 79
[1] "iteration number: "
[1] 80
[1] "iteration number: "
[1] 81
[1] "iteration number: "
[1] 82
[1] "iteration number: "
[1] 83
[1] "iteration number: "
[1] 84
[1] "iteration number: "
[1] 85
[1] "iteration number: "
[1] 86
[1] "iteration number: "
[1] 87
[1] "iteration number: "
[1] 88
[1] "iteration number: "
[1] 89
[1] "iteration number: "
[1] 90
[1] "iteration number: "
[1] 91
[1] "iteration number: "
[1] 92
[1] "iteration number: "
[1] 93
[1] "iteration number: "
[1] 94
[1] "iteration number: "
[1] 95
[1] "iteration number: "
[1] 96
[1] "iteration number: "
[1] 97
[1] "iteration number: "
[1] 98
[1] "iteration number: "
[1] 99
[1] "iteration number: "
[1] 100
[1] "iteration number: "
[1] 101
[1] "iteration number: "
[1] 102
[1] "iteration number: "
[1] 103
[1] "iteration number: "
[1] 104
[1] "iteration number: "
[1] 105
[1] "iteration number: "
[1] 106
[1] "iteration number: "
[1] 107
[1] "iteration number: "
[1] 108
[1] "iteration number: "
[1] 109
[1] "iteration number: "
[1] 110
[1] "iteration number: "
[1] 111
[1] "iteration number: "
[1] 112
[1] "iteration number: "
[1] 113
[1] "iteration number: "
[1] 114
[1] "iteration number: "
[1] 115
[1] "iteration number: "
[1] 116
[1] "iteration number: "
[1] 117
[1] "iteration number: "
[1] 118
[1] "iteration number: "
[1] 119
[1] "iteration number: "
[1] 120
[1] "iteration number: "
[1] 121
[1] "iteration number: "
[1] 122
[1] "iteration number: "
[1] 123
[1] "iteration number: "
[1] 124
[1] "iteration number: "
[1] 125
[1] "iteration number: "
[1] 126
[1] "iteration number: "
[1] 127
[1] "iteration number: "
[1] 128
[1] "iteration number: "
[1] 129
[1] "iteration number: "
[1] 130
[1] "iteration number: "
[1] 131
[1] "iteration number: "
[1] 132
[1] "iteration number: "
[1] 133
[1] "iteration number: "
[1] 134
[1] "iteration number: "
[1] 135
[1] "iteration number: "
[1] 136
[1] "iteration number: "
[1] 137
[1] "iteration number: "
[1] 138
[1] "iteration number: "
[1] 139
[1] "iteration number: "
[1] 140
[1] "iteration number: "
[1] 141
[1] "iteration number: "
[1] 142
[1] "iteration number: "
[1] 143
[1] "iteration number: "
[1] 144
[1] "iteration number: "
[1] 145
[1] "iteration number: "
[1] 146
[1] "iteration number: "
[1] 147
[1] "iteration number: "
[1] 148
[1] "iteration number: "
[1] 149
[1] "iteration number: "
[1] 150
[1] "iteration number: "
[1] 151
[1] "iteration number: "
[1] 152
[1] "iteration number: "
[1] 153
[1] "iteration number: "
[1] 154
[1] "iteration number: "
[1] 155
[1] "iteration number: "
[1] 156
[1] "iteration number: "
[1] 157
[1] "iteration number: "
[1] 158
[1] "iteration number: "
[1] 159
[1] "iteration number: "
[1] 160
[1] "iteration number: "
[1] 161
[1] "iteration number: "
[1] 162
[1] "iteration number: "
[1] 163
[1] "iteration number: "
[1] 164
[1] "iteration number: "
[1] 165
[1] "iteration number: "
[1] 166
[1] "iteration number: "
[1] 167
[1] "iteration number: "
[1] 168
[1] "iteration number: "
[1] 169
[1] "iteration number: "
[1] 170
[1] "iteration number: "
[1] 171
[1] "iteration number: "
[1] 172
[1] "iteration number: "
[1] 173
[1] "iteration number: "
[1] 174
[1] "iteration number: "
[1] 175
[1] "iteration number: "
[1] 176
[1] "iteration number: "
[1] 177
[1] "iteration number: "
[1] 178
[1] "iteration number: "
[1] 179
[1] "iteration number: "
[1] 180
[1] "iteration number: "
[1] 181
[1] "iteration number: "
[1] 182
[1] "iteration number: "
[1] 183
[1] "iteration number: "
[1] 184
[1] "iteration number: "
[1] 185
[1] "iteration number: "
[1] 186
[1] "iteration number: "
[1] 187
[1] "iteration number: "
[1] 188
[1] "iteration number: "
[1] 189
[1] "iteration number: "
[1] 190
[1] "iteration number: "
[1] 191
[1] "iteration number: "
[1] 192
[1] "iteration number: "
[1] 193
[1] "iteration number: "
[1] 194
[1] "iteration number: "
[1] 195
[1] "iteration number: "
[1] 196
[1] "iteration number: "
[1] 197
[1] "iteration number: "
[1] 198
[1] "iteration number: "
[1] 199
[1] "iteration number: "
[1] 200
[1] "iteration number: "
[1] 201
[1] "iteration number: "
[1] 202
[1] "iteration number: "
[1] 203
[1] "iteration number: "
[1] 204
[1] "iteration number: "
[1] 205
[1] "iteration number: "
[1] 206
[1] "iteration number: "
[1] 207
[1] "iteration number: "
[1] 208
[1] "iteration number: "
[1] 209
[1] "iteration number: "
[1] 210
[1] "iteration number: "
[1] 211
[1] "iteration number: "
[1] 212
[1] "iteration number: "
[1] 213
[1] "iteration number: "
[1] 214
[1] "iteration number: "
[1] 215
[1] "iteration number: "
[1] 216
[1] "iteration number: "
[1] 217
[1] "iteration number: "
[1] 218
[1] "iteration number: "
[1] 219
[1] "iteration number: "
[1] 220
[1] "iteration number: "
[1] 221
[1] "iteration number: "
[1] 222
[1] "iteration number: "
[1] 223
[1] "iteration number: "
[1] 224
[1] "iteration number: "
[1] 225
[1] "iteration number: "
[1] 226
[1] "iteration number: "
[1] 227
[1] "iteration number: "
[1] 228
[1] "iteration number: "
[1] 229
[1] "iteration number: "
[1] 230
[1] "iteration number: "
[1] 231
[1] "iteration number: "
[1] 232
[1] "iteration number: "
[1] 233
[1] "iteration number: "
[1] 234
[1] "iteration number: "
[1] 235
[1] "iteration number: "
[1] 236
[1] "iteration number: "
[1] 237
[1] "iteration number: "
[1] 238
[1] "iteration number: "
[1] 239
[1] "iteration number: "
[1] 240
[1] "iteration number: "
[1] 241
[1] "iteration number: "
[1] 242
[1] "iteration number: "
[1] 243
[1] "iteration number: "
[1] 244
[1] "iteration number: "
[1] 245
[1] "iteration number: "
[1] 246
[1] "iteration number: "
[1] 247
[1] "iteration number: "
[1] 248
[1] "iteration number: "
[1] 249
[1] "iteration number: "
[1] 250
[1] "iteration number: "
[1] 251
[1] "iteration number: "
[1] 252
[1] "iteration number: "
[1] 253
[1] "iteration number: "
[1] 254
[1] "iteration number: "
[1] 255
[1] "iteration number: "
[1] 256
[1] "iteration number: "
[1] 257
[1] "iteration number: "
[1] 258
[1] "iteration number: "
[1] 259
[1] "iteration number: "
[1] 260
[1] "iteration number: "
[1] 261
[1] "iteration number: "
[1] 262
[1] "iteration number: "
[1] 263
[1] "iteration number: "
[1] 264
[1] "iteration number: "
[1] 265
[1] "iteration number: "
[1] 266
[1] "iteration number: "
[1] 267
[1] "iteration number: "
[1] 268
[1] "iteration number: "
[1] 269
[1] "iteration number: "
[1] 270
[1] "iteration number: "
[1] 271
[1] "iteration number: "
[1] 272
[1] "iteration number: "
[1] 273
[1] "iteration number: "
[1] 274
[1] "iteration number: "
[1] 275
[1] "iteration number: "
[1] 276
[1] "iteration number: "
[1] 277
[1] "No change for 11 iterations. Exiting PSO."
[1] "##################################"
[1] "Results summary for itr:5"
[1] "number of features selected using population mean"
[1] 8
[1] "number of features selected using current global best"
[1] 8
[1] "feat ind length"
[1] 8
[1] "best accuracy"
[1] 49.28763
[1] "test acc:0.85"
[1] "##################################"
[1] "learning sets: 6"
 [1]  21  63  60  89  90  53  56  30  74  43  68  11  25  83  67  95  23  15  37
[20]  66  45  10   9  38   8  42  86  26  19  92  76  22  79  48  13  18  65  28
[39]  35  40  51  46  34  99  17   3  61  24  33  98  55  16  12  94  36  88  72
[58]  78  80  87  49  39 100  62  44  69  64  57  75  93  81  29   4  70  82  31
[77]  84  59  91  32
[1] "Starting global iteration number : 6"
[1] "iteration number: "
[1] 1
[1] "iteration number: "
[1] 2
[1] "iteration number: "
[1] 3
[1] "iteration number: "
[1] 4
[1] "iteration number: "
[1] 5
[1] "iteration number: "
[1] 6
[1] "iteration number: "
[1] 7
[1] "iteration number: "
[1] 8
[1] "iteration number: "
[1] 9
[1] "iteration number: "
[1] 10
[1] "iteration number: "
[1] 11
[1] "iteration number: "
[1] 12
[1] "iteration number: "
[1] 13
[1] "iteration number: "
[1] 14
[1] "iteration number: "
[1] 15
[1] "iteration number: "
[1] 16
[1] "iteration number: "
[1] 17
[1] "iteration number: "
[1] 18
[1] "iteration number: "
[1] 19
[1] "iteration number: "
[1] 20
[1] "iteration number: "
[1] 21
[1] "iteration number: "
[1] 22
[1] "iteration number: "
[1] 23
[1] "iteration number: "
[1] 24
[1] "iteration number: "
[1] 25
[1] "iteration number: "
[1] 26
[1] "iteration number: "
[1] 27
[1] "iteration number: "
[1] 28
[1] "iteration number: "
[1] 29
[1] "iteration number: "
[1] 30
[1] "iteration number: "
[1] 31
[1] "iteration number: "
[1] 32
[1] "iteration number: "
[1] 33
[1] "iteration number: "
[1] 34
[1] "iteration number: "
[1] 35
[1] "iteration number: "
[1] 36
[1] "iteration number: "
[1] 37
[1] "iteration number: "
[1] 38
[1] "iteration number: "
[1] 39
[1] "iteration number: "
[1] 40
[1] "iteration number: "
[1] 41
[1] "iteration number: "
[1] 42
[1] "iteration number: "
[1] 43
[1] "iteration number: "
[1] 44
[1] "iteration number: "
[1] 45
[1] "iteration number: "
[1] 46
[1] "iteration number: "
[1] 47
[1] "iteration number: "
[1] 48
[1] "iteration number: "
[1] 49
[1] "iteration number: "
[1] 50
[1] "iteration number: "
[1] 51
[1] "iteration number: "
[1] 52
[1] "iteration number: "
[1] 53
[1] "iteration number: "
[1] 54
[1] "iteration number: "
[1] 55
[1] "iteration number: "
[1] 56
[1] "iteration number: "
[1] 57
[1] "iteration number: "
[1] 58
[1] "iteration number: "
[1] 59
[1] "iteration number: "
[1] 60
[1] "iteration number: "
[1] 61
[1] "iteration number: "
[1] 62
[1] "iteration number: "
[1] 63
[1] "iteration number: "
[1] 64
[1] "iteration number: "
[1] 65
[1] "iteration number: "
[1] 66
[1] "iteration number: "
[1] 67
[1] "iteration number: "
[1] 68
[1] "iteration number: "
[1] 69
[1] "iteration number: "
[1] 70
[1] "iteration number: "
[1] 71
[1] "iteration number: "
[1] 72
[1] "iteration number: "
[1] 73
[1] "iteration number: "
[1] 74
[1] "iteration number: "
[1] 75
[1] "iteration number: "
[1] 76
[1] "iteration number: "
[1] 77
[1] "iteration number: "
[1] 78
[1] "iteration number: "
[1] 79
[1] "iteration number: "
[1] 80
[1] "iteration number: "
[1] 81
[1] "iteration number: "
[1] 82
[1] "iteration number: "
[1] 83
[1] "iteration number: "
[1] 84
[1] "iteration number: "
[1] 85
[1] "iteration number: "
[1] 86
[1] "iteration number: "
[1] 87
[1] "iteration number: "
[1] 88
[1] "iteration number: "
[1] 89
[1] "iteration number: "
[1] 90
[1] "iteration number: "
[1] 91
[1] "iteration number: "
[1] 92
[1] "iteration number: "
[1] 93
[1] "iteration number: "
[1] 94
[1] "iteration number: "
[1] 95
[1] "iteration number: "
[1] 96
[1] "iteration number: "
[1] 97
[1] "iteration number: "
[1] 98
[1] "iteration number: "
[1] 99
[1] "iteration number: "
[1] 100
[1] "iteration number: "
[1] 101
[1] "iteration number: "
[1] 102
[1] "iteration number: "
[1] 103
[1] "iteration number: "
[1] 104
[1] "iteration number: "
[1] 105
[1] "iteration number: "
[1] 106
[1] "iteration number: "
[1] 107
[1] "iteration number: "
[1] 108
[1] "iteration number: "
[1] 109
[1] "iteration number: "
[1] 110
[1] "iteration number: "
[1] 111
[1] "iteration number: "
[1] 112
[1] "iteration number: "
[1] 113
[1] "iteration number: "
[1] 114
[1] "iteration number: "
[1] 115
[1] "iteration number: "
[1] 116
[1] "iteration number: "
[1] 117
[1] "iteration number: "
[1] 118
[1] "iteration number: "
[1] 119
[1] "iteration number: "
[1] 120
[1] "iteration number: "
[1] 121
[1] "iteration number: "
[1] 122
[1] "iteration number: "
[1] 123
[1] "iteration number: "
[1] 124
[1] "iteration number: "
[1] 125
[1] "iteration number: "
[1] 126
[1] "iteration number: "
[1] 127
[1] "iteration number: "
[1] 128
[1] "iteration number: "
[1] 129
[1] "iteration number: "
[1] 130
[1] "iteration number: "
[1] 131
[1] "iteration number: "
[1] 132
[1] "iteration number: "
[1] 133
[1] "iteration number: "
[1] 134
[1] "iteration number: "
[1] 135
[1] "iteration number: "
[1] 136
[1] "iteration number: "
[1] 137
[1] "iteration number: "
[1] 138
[1] "iteration number: "
[1] 139
[1] "iteration number: "
[1] 140
[1] "iteration number: "
[1] 141
[1] "iteration number: "
[1] 142
[1] "iteration number: "
[1] 143
[1] "iteration number: "
[1] 144
[1] "iteration number: "
[1] 145
[1] "iteration number: "
[1] 146
[1] "iteration number: "
[1] 147
[1] "iteration number: "
[1] 148
[1] "iteration number: "
[1] 149
[1] "iteration number: "
[1] 150
[1] "iteration number: "
[1] 151
[1] "iteration number: "
[1] 152
[1] "iteration number: "
[1] 153
[1] "iteration number: "
[1] 154
[1] "iteration number: "
[1] 155
[1] "iteration number: "
[1] 156
[1] "iteration number: "
[1] 157
[1] "iteration number: "
[1] 158
[1] "iteration number: "
[1] 159
[1] "iteration number: "
[1] 160
[1] "iteration number: "
[1] 161
[1] "iteration number: "
[1] 162
[1] "iteration number: "
[1] 163
[1] "iteration number: "
[1] 164
[1] "iteration number: "
[1] 165
[1] "iteration number: "
[1] 166
[1] "iteration number: "
[1] 167
[1] "iteration number: "
[1] 168
[1] "iteration number: "
[1] 169
[1] "iteration number: "
[1] 170
[1] "iteration number: "
[1] 171
[1] "iteration number: "
[1] 172
[1] "iteration number: "
[1] 173
[1] "iteration number: "
[1] 174
[1] "iteration number: "
[1] 175
[1] "iteration number: "
[1] 176
[1] "iteration number: "
[1] 177
[1] "iteration number: "
[1] 178
[1] "iteration number: "
[1] 179
[1] "iteration number: "
[1] 180
[1] "iteration number: "
[1] 181
[1] "iteration number: "
[1] 182
[1] "iteration number: "
[1] 183
[1] "iteration number: "
[1] 184
[1] "iteration number: "
[1] 185
[1] "iteration number: "
[1] 186
[1] "iteration number: "
[1] 187
[1] "iteration number: "
[1] 188
[1] "iteration number: "
[1] 189
[1] "iteration number: "
[1] 190
[1] "iteration number: "
[1] 191
[1] "iteration number: "
[1] 192
[1] "iteration number: "
[1] 193
[1] "iteration number: "
[1] 194
[1] "iteration number: "
[1] 195
[1] "iteration number: "
[1] 196
[1] "iteration number: "
[1] 197
[1] "iteration number: "
[1] 198
[1] "iteration number: "
[1] 199
[1] "iteration number: "
[1] 200
[1] "iteration number: "
[1] 201
[1] "iteration number: "
[1] 202
[1] "iteration number: "
[1] 203
[1] "iteration number: "
[1] 204
[1] "iteration number: "
[1] 205
[1] "iteration number: "
[1] 206
[1] "iteration number: "
[1] 207
[1] "iteration number: "
[1] 208
[1] "iteration number: "
[1] 209
[1] "iteration number: "
[1] 210
[1] "iteration number: "
[1] 211
[1] "iteration number: "
[1] 212
[1] "iteration number: "
[1] 213
[1] "iteration number: "
[1] 214
[1] "iteration number: "
[1] 215
[1] "iteration number: "
[1] 216
[1] "iteration number: "
[1] 217
[1] "iteration number: "
[1] 218
[1] "iteration number: "
[1] 219
[1] "iteration number: "
[1] 220
[1] "iteration number: "
[1] 221
[1] "iteration number: "
[1] 222
[1] "iteration number: "
[1] 223
[1] "iteration number: "
[1] 224
[1] "iteration number: "
[1] 225
[1] "iteration number: "
[1] 226
[1] "iteration number: "
[1] 227
[1] "iteration number: "
[1] 228
[1] "iteration number: "
[1] 229
[1] "iteration number: "
[1] 230
[1] "iteration number: "
[1] 231
[1] "iteration number: "
[1] 232
[1] "iteration number: "
[1] 233
[1] "iteration number: "
[1] 234
[1] "iteration number: "
[1] 235
[1] "iteration number: "
[1] 236
[1] "iteration number: "
[1] 237
[1] "iteration number: "
[1] 238
[1] "iteration number: "
[1] 239
[1] "iteration number: "
[1] 240
[1] "iteration number: "
[1] 241
[1] "iteration number: "
[1] 242
[1] "iteration number: "
[1] 243
[1] "iteration number: "
[1] 244
[1] "iteration number: "
[1] 245
[1] "iteration number: "
[1] 246
[1] "iteration number: "
[1] 247
[1] "iteration number: "
[1] 248
[1] "iteration number: "
[1] 249
[1] "iteration number: "
[1] 250
[1] "iteration number: "
[1] 251
[1] "iteration number: "
[1] 252
[1] "iteration number: "
[1] 253
[1] "iteration number: "
[1] 254
[1] "iteration number: "
[1] 255
[1] "iteration number: "
[1] 256
[1] "iteration number: "
[1] 257
[1] "iteration number: "
[1] 258
[1] "iteration number: "
[1] 259
[1] "iteration number: "
[1] 260
[1] "iteration number: "
[1] 261
[1] "iteration number: "
[1] 262
[1] "iteration number: "
[1] 263
[1] "iteration number: "
[1] 264
[1] "iteration number: "
[1] 265
[1] "iteration number: "
[1] 266
[1] "iteration number: "
[1] 267
[1] "iteration number: "
[1] 268
[1] "iteration number: "
[1] 269
[1] "iteration number: "
[1] 270
[1] "iteration number: "
[1] 271
[1] "iteration number: "
[1] 272
[1] "iteration number: "
[1] 273
[1] "iteration number: "
[1] 274
[1] "iteration number: "
[1] 275
[1] "iteration number: "
[1] 276
[1] "iteration number: "
[1] 277
[1] "iteration number: "
[1] 278
[1] "iteration number: "
[1] 279
[1] "iteration number: "
[1] 280
[1] "iteration number: "
[1] 281
[1] "iteration number: "
[1] 282
[1] "iteration number: "
[1] 283
[1] "iteration number: "
[1] 284
[1] "iteration number: "
[1] 285
[1] "iteration number: "
[1] 286
[1] "iteration number: "
[1] 287
[1] "iteration number: "
[1] 288
[1] "iteration number: "
[1] 289
[1] "iteration number: "
[1] 290
[1] "iteration number: "
[1] 291
[1] "iteration number: "
[1] 292
[1] "iteration number: "
[1] 293
[1] "iteration number: "
[1] 294
[1] "iteration number: "
[1] 295
[1] "iteration number: "
[1] 296
[1] "iteration number: "
[1] 297
[1] "iteration number: "
[1] 298
[1] "iteration number: "
[1] 299
[1] "iteration number: "
[1] 300
[1] "iteration number: "
[1] 301
[1] "iteration number: "
[1] 302
[1] "iteration number: "
[1] 303
[1] "iteration number: "
[1] 304
[1] "iteration number: "
[1] 305
[1] "iteration number: "
[1] 306
[1] "iteration number: "
[1] 307
[1] "iteration number: "
[1] 308
[1] "iteration number: "
[1] 309
[1] "iteration number: "
[1] 310
[1] "iteration number: "
[1] 311
[1] "iteration number: "
[1] 312
[1] "iteration number: "
[1] 313
[1] "No change for 11 iterations. Exiting PSO."
[1] "##################################"
[1] "Results summary for itr:6"
[1] "number of features selected using population mean"
[1] 9
[1] "number of features selected using current global best"
[1] 9
[1] "feat ind length"
[1] 9
[1] "best accuracy"
[1] 49.24312
[1] "test acc:0.85"
[1] "##################################"
[1] "learning sets: 7"
 [1]  96  47  37  18  25  66  92  86  45  17  28  83  46   2  13  73  77  90  97
[20]  99  43  56  68  34  48  76  65  21  10   6  79   9  30  95  15  89  19  42
[39]  20  53  60  38  40  54  51  41  69  44  39   7  55  58  16  72  49  59   4
[58]  36  32  87  98  94  93  84  52 100  24  61  85   1  82  31  62  12  57  50
[77]  75  91  14  78
[1] "Starting global iteration number : 7"
[1] "iteration number: "
[1] 1
[1] "iteration number: "
[1] 2
[1] "iteration number: "
[1] 3
[1] "iteration number: "
[1] 4
[1] "iteration number: "
[1] 5
[1] "iteration number: "
[1] 6
[1] "iteration number: "
[1] 7
[1] "iteration number: "
[1] 8
[1] "iteration number: "
[1] 9
[1] "iteration number: "
[1] 10
[1] "iteration number: "
[1] 11
[1] "iteration number: "
[1] 12
[1] "iteration number: "
[1] 13
[1] "iteration number: "
[1] 14
[1] "iteration number: "
[1] 15
[1] "iteration number: "
[1] 16
[1] "iteration number: "
[1] 17
[1] "iteration number: "
[1] 18
[1] "iteration number: "
[1] 19
[1] "iteration number: "
[1] 20
[1] "iteration number: "
[1] 21
[1] "iteration number: "
[1] 22
[1] "iteration number: "
[1] 23
[1] "iteration number: "
[1] 24
[1] "iteration number: "
[1] 25
[1] "iteration number: "
[1] 26
[1] "iteration number: "
[1] 27
[1] "iteration number: "
[1] 28
[1] "iteration number: "
[1] 29
[1] "iteration number: "
[1] 30
[1] "iteration number: "
[1] 31
[1] "iteration number: "
[1] 32
[1] "iteration number: "
[1] 33
[1] "iteration number: "
[1] 34
[1] "iteration number: "
[1] 35
[1] "iteration number: "
[1] 36
[1] "iteration number: "
[1] 37
[1] "iteration number: "
[1] 38
[1] "iteration number: "
[1] 39
[1] "iteration number: "
[1] 40
[1] "iteration number: "
[1] 41
[1] "iteration number: "
[1] 42
[1] "iteration number: "
[1] 43
[1] "iteration number: "
[1] 44
[1] "iteration number: "
[1] 45
[1] "iteration number: "
[1] 46
[1] "iteration number: "
[1] 47
[1] "iteration number: "
[1] 48
[1] "iteration number: "
[1] 49
[1] "iteration number: "
[1] 50
[1] "iteration number: "
[1] 51
[1] "iteration number: "
[1] 52
[1] "iteration number: "
[1] 53
[1] "iteration number: "
[1] 54
[1] "iteration number: "
[1] 55
[1] "iteration number: "
[1] 56
[1] "iteration number: "
[1] 57
[1] "iteration number: "
[1] 58
[1] "iteration number: "
[1] 59
[1] "iteration number: "
[1] 60
[1] "iteration number: "
[1] 61
[1] "iteration number: "
[1] 62
[1] "iteration number: "
[1] 63
[1] "iteration number: "
[1] 64
[1] "iteration number: "
[1] 65
[1] "iteration number: "
[1] 66
[1] "iteration number: "
[1] 67
[1] "iteration number: "
[1] 68
[1] "iteration number: "
[1] 69
[1] "iteration number: "
[1] 70
[1] "iteration number: "
[1] 71
[1] "iteration number: "
[1] 72
[1] "iteration number: "
[1] 73
[1] "iteration number: "
[1] 74
[1] "iteration number: "
[1] 75
[1] "iteration number: "
[1] 76
[1] "iteration number: "
[1] 77
[1] "iteration number: "
[1] 78
[1] "iteration number: "
[1] 79
[1] "iteration number: "
[1] 80
[1] "iteration number: "
[1] 81
[1] "iteration number: "
[1] 82
[1] "iteration number: "
[1] 83
[1] "iteration number: "
[1] 84
[1] "iteration number: "
[1] 85
[1] "iteration number: "
[1] 86
[1] "iteration number: "
[1] 87
[1] "iteration number: "
[1] 88
[1] "iteration number: "
[1] 89
[1] "iteration number: "
[1] 90
[1] "iteration number: "
[1] 91
[1] "iteration number: "
[1] 92
[1] "iteration number: "
[1] 93
[1] "iteration number: "
[1] 94
[1] "iteration number: "
[1] 95
[1] "iteration number: "
[1] 96
[1] "iteration number: "
[1] 97
[1] "iteration number: "
[1] 98
[1] "iteration number: "
[1] 99
[1] "iteration number: "
[1] 100
[1] "iteration number: "
[1] 101
[1] "iteration number: "
[1] 102
[1] "iteration number: "
[1] 103
[1] "iteration number: "
[1] 104
[1] "iteration number: "
[1] 105
[1] "iteration number: "
[1] 106
[1] "iteration number: "
[1] 107
[1] "iteration number: "
[1] 108
[1] "iteration number: "
[1] 109
[1] "iteration number: "
[1] 110
[1] "iteration number: "
[1] 111
[1] "iteration number: "
[1] 112
[1] "iteration number: "
[1] 113
[1] "iteration number: "
[1] 114
[1] "iteration number: "
[1] 115
[1] "iteration number: "
[1] 116
[1] "iteration number: "
[1] 117
[1] "iteration number: "
[1] 118
[1] "iteration number: "
[1] 119
[1] "iteration number: "
[1] 120
[1] "iteration number: "
[1] 121
[1] "iteration number: "
[1] 122
[1] "iteration number: "
[1] 123
[1] "iteration number: "
[1] 124
[1] "iteration number: "
[1] 125
[1] "iteration number: "
[1] 126
[1] "iteration number: "
[1] 127
[1] "iteration number: "
[1] 128
[1] "iteration number: "
[1] 129
[1] "iteration number: "
[1] 130
[1] "iteration number: "
[1] 131
[1] "iteration number: "
[1] 132
[1] "iteration number: "
[1] 133
[1] "iteration number: "
[1] 134
[1] "iteration number: "
[1] 135
[1] "iteration number: "
[1] 136
[1] "iteration number: "
[1] 137
[1] "iteration number: "
[1] 138
[1] "iteration number: "
[1] 139
[1] "iteration number: "
[1] 140
[1] "iteration number: "
[1] 141
[1] "iteration number: "
[1] 142
[1] "iteration number: "
[1] 143
[1] "iteration number: "
[1] 144
[1] "iteration number: "
[1] 145
[1] "iteration number: "
[1] 146
[1] "iteration number: "
[1] 147
[1] "iteration number: "
[1] 148
[1] "iteration number: "
[1] 149
[1] "iteration number: "
[1] 150
[1] "iteration number: "
[1] 151
[1] "iteration number: "
[1] 152
[1] "iteration number: "
[1] 153
[1] "iteration number: "
[1] 154
[1] "iteration number: "
[1] 155
[1] "iteration number: "
[1] 156
[1] "iteration number: "
[1] 157
[1] "iteration number: "
[1] 158
[1] "iteration number: "
[1] 159
[1] "iteration number: "
[1] 160
[1] "iteration number: "
[1] 161
[1] "iteration number: "
[1] 162
[1] "iteration number: "
[1] 163
[1] "iteration number: "
[1] 164
[1] "iteration number: "
[1] 165
[1] "iteration number: "
[1] 166
[1] "iteration number: "
[1] 167
[1] "iteration number: "
[1] 168
[1] "iteration number: "
[1] 169
[1] "iteration number: "
[1] 170
[1] "iteration number: "
[1] 171
[1] "iteration number: "
[1] 172
[1] "iteration number: "
[1] 173
[1] "iteration number: "
[1] 174
[1] "iteration number: "
[1] 175
[1] "iteration number: "
[1] 176
[1] "iteration number: "
[1] 177
[1] "iteration number: "
[1] 178
[1] "iteration number: "
[1] 179
[1] "iteration number: "
[1] 180
[1] "iteration number: "
[1] 181
[1] "iteration number: "
[1] 182
[1] "iteration number: "
[1] 183
[1] "iteration number: "
[1] 184
[1] "iteration number: "
[1] 185
[1] "iteration number: "
[1] 186
[1] "iteration number: "
[1] 187
[1] "iteration number: "
[1] 188
[1] "iteration number: "
[1] 189
[1] "iteration number: "
[1] 190
[1] "iteration number: "
[1] 191
[1] "iteration number: "
[1] 192
[1] "iteration number: "
[1] 193
[1] "iteration number: "
[1] 194
[1] "iteration number: "
[1] 195
[1] "iteration number: "
[1] 196
[1] "iteration number: "
[1] 197
[1] "iteration number: "
[1] 198
[1] "iteration number: "
[1] 199
[1] "iteration number: "
[1] 200
[1] "iteration number: "
[1] 201
[1] "iteration number: "
[1] 202
[1] "iteration number: "
[1] 203
[1] "iteration number: "
[1] 204
[1] "iteration number: "
[1] 205
[1] "iteration number: "
[1] 206
[1] "iteration number: "
[1] 207
[1] "iteration number: "
[1] 208
[1] "iteration number: "
[1] 209
[1] "iteration number: "
[1] 210
[1] "iteration number: "
[1] 211
[1] "iteration number: "
[1] 212
[1] "iteration number: "
[1] 213
[1] "iteration number: "
[1] 214
[1] "iteration number: "
[1] 215
[1] "iteration number: "
[1] 216
[1] "iteration number: "
[1] 217
[1] "iteration number: "
[1] 218
[1] "iteration number: "
[1] 219
[1] "iteration number: "
[1] 220
[1] "iteration number: "
[1] 221
[1] "iteration number: "
[1] 222
[1] "iteration number: "
[1] 223
[1] "iteration number: "
[1] 224
[1] "iteration number: "
[1] 225
[1] "iteration number: "
[1] 226
[1] "iteration number: "
[1] 227
[1] "iteration number: "
[1] 228
[1] "iteration number: "
[1] 229
[1] "iteration number: "
[1] 230
[1] "iteration number: "
[1] 231
[1] "iteration number: "
[1] 232
[1] "iteration number: "
[1] 233
[1] "iteration number: "
[1] 234
[1] "iteration number: "
[1] 235
[1] "iteration number: "
[1] 236
[1] "iteration number: "
[1] 237
[1] "iteration number: "
[1] 238
[1] "iteration number: "
[1] 239
[1] "iteration number: "
[1] 240
[1] "iteration number: "
[1] 241
[1] "iteration number: "
[1] 242
[1] "iteration number: "
[1] 243
[1] "iteration number: "
[1] 244
[1] "iteration number: "
[1] 245
[1] "iteration number: "
[1] 246
[1] "iteration number: "
[1] 247
[1] "iteration number: "
[1] 248
[1] "iteration number: "
[1] 249
[1] "iteration number: "
[1] 250
[1] "iteration number: "
[1] 251
[1] "iteration number: "
[1] 252
[1] "iteration number: "
[1] 253
[1] "iteration number: "
[1] 254
[1] "iteration number: "
[1] 255
[1] "iteration number: "
[1] 256
[1] "iteration number: "
[1] 257
[1] "iteration number: "
[1] 258
[1] "iteration number: "
[1] 259
[1] "iteration number: "
[1] 260
[1] "iteration number: "
[1] 261
[1] "iteration number: "
[1] 262
[1] "iteration number: "
[1] 263
[1] "iteration number: "
[1] 264
[1] "iteration number: "
[1] 265
[1] "iteration number: "
[1] 266
[1] "iteration number: "
[1] 267
[1] "iteration number: "
[1] 268
[1] "iteration number: "
[1] 269
[1] "iteration number: "
[1] 270
[1] "iteration number: "
[1] 271
[1] "iteration number: "
[1] 272
[1] "iteration number: "
[1] 273
[1] "iteration number: "
[1] 274
[1] "iteration number: "
[1] 275
[1] "iteration number: "
[1] 276
[1] "iteration number: "
[1] 277
[1] "iteration number: "
[1] 278
[1] "iteration number: "
[1] 279
[1] "iteration number: "
[1] 280
[1] "iteration number: "
[1] 281
[1] "iteration number: "
[1] 282
[1] "iteration number: "
[1] 283
[1] "iteration number: "
[1] 284
[1] "iteration number: "
[1] 285
[1] "iteration number: "
[1] 286
[1] "iteration number: "
[1] 287
[1] "iteration number: "
[1] 288
[1] "iteration number: "
[1] 289
[1] "iteration number: "
[1] 290
[1] "iteration number: "
[1] 291
[1] "iteration number: "
[1] 292
[1] "iteration number: "
[1] 293
[1] "iteration number: "
[1] 294
[1] "iteration number: "
[1] 295
[1] "iteration number: "
[1] 296
[1] "iteration number: "
[1] 297
[1] "iteration number: "
[1] 298
[1] "iteration number: "
[1] 299
[1] "iteration number: "
[1] 300
[1] "iteration number: "
[1] 301
[1] "iteration number: "
[1] 302
[1] "iteration number: "
[1] 303
[1] "iteration number: "
[1] 304
[1] "iteration number: "
[1] 305
[1] "iteration number: "
[1] 306
[1] "iteration number: "
[1] 307
[1] "iteration number: "
[1] 308
[1] "iteration number: "
[1] 309
[1] "iteration number: "
[1] 310
[1] "iteration number: "
[1] 311
[1] "iteration number: "
[1] 312
[1] "No change for 11 iterations. Exiting PSO."
[1] "##################################"
[1] "Results summary for itr:7"
[1] "number of features selected using population mean"
[1] 8
[1] "number of features selected using current global best"
[1] 6
[1] "feat ind length"
[1] 6
[1] "best accuracy"
[1] 45.88356
[1] "test acc:0.9"
[1] "##################################"
[1] "learning sets: 8"
 [1]  18  71  54  89  37  43   9  60  23  38  63  73  19  11  34  17  51  79  66
[20]  97  96  15  56  74   5  13  21  20  76  67  35  95  86  22  45   2   6  65
[39]  40  53  77  25  26  68  90   7  75  62  44  72  82  81  33  50  31   4  61
[58]   1  85  12  80  78  58  91  16  70  57  36  87  69  84  29  27  98  52   3
[77] 100  41  94  14
[1] "Starting global iteration number : 8"
[1] "iteration number: "
[1] 1
[1] "iteration number: "
[1] 2
[1] "iteration number: "
[1] 3
[1] "iteration number: "
[1] 4
[1] "iteration number: "
[1] 5
[1] "iteration number: "
[1] 6
[1] "iteration number: "
[1] 7
[1] "iteration number: "
[1] 8
[1] "iteration number: "
[1] 9
[1] "iteration number: "
[1] 10
[1] "iteration number: "
[1] 11
[1] "iteration number: "
[1] 12
[1] "iteration number: "
[1] 13
[1] "iteration number: "
[1] 14
[1] "iteration number: "
[1] 15
[1] "iteration number: "
[1] 16
[1] "iteration number: "
[1] 17
[1] "iteration number: "
[1] 18
[1] "iteration number: "
[1] 19
[1] "iteration number: "
[1] 20
[1] "iteration number: "
[1] 21
[1] "iteration number: "
[1] 22
[1] "iteration number: "
[1] 23
[1] "iteration number: "
[1] 24
[1] "iteration number: "
[1] 25
[1] "iteration number: "
[1] 26
[1] "iteration number: "
[1] 27
[1] "iteration number: "
[1] 28
[1] "iteration number: "
[1] 29
[1] "iteration number: "
[1] 30
[1] "iteration number: "
[1] 31
[1] "iteration number: "
[1] 32
[1] "iteration number: "
[1] 33
[1] "iteration number: "
[1] 34
[1] "iteration number: "
[1] 35
[1] "iteration number: "
[1] 36
[1] "iteration number: "
[1] 37
[1] "iteration number: "
[1] 38
[1] "iteration number: "
[1] 39
[1] "iteration number: "
[1] 40
[1] "iteration number: "
[1] 41
[1] "iteration number: "
[1] 42
[1] "iteration number: "
[1] 43
[1] "iteration number: "
[1] 44
[1] "iteration number: "
[1] 45
[1] "iteration number: "
[1] 46
[1] "iteration number: "
[1] 47
[1] "iteration number: "
[1] 48
[1] "iteration number: "
[1] 49
[1] "iteration number: "
[1] 50
[1] "iteration number: "
[1] 51
[1] "iteration number: "
[1] 52
[1] "iteration number: "
[1] 53
[1] "iteration number: "
[1] 54
[1] "iteration number: "
[1] 55
[1] "iteration number: "
[1] 56
[1] "iteration number: "
[1] 57
[1] "iteration number: "
[1] 58
[1] "iteration number: "
[1] 59
[1] "iteration number: "
[1] 60
[1] "iteration number: "
[1] 61
[1] "iteration number: "
[1] 62
[1] "iteration number: "
[1] 63
[1] "iteration number: "
[1] 64
[1] "iteration number: "
[1] 65
[1] "iteration number: "
[1] 66
[1] "iteration number: "
[1] 67
[1] "iteration number: "
[1] 68
[1] "iteration number: "
[1] 69
[1] "iteration number: "
[1] 70
[1] "iteration number: "
[1] 71
[1] "iteration number: "
[1] 72
[1] "iteration number: "
[1] 73
[1] "iteration number: "
[1] 74
[1] "iteration number: "
[1] 75
[1] "iteration number: "
[1] 76
[1] "iteration number: "
[1] 77
[1] "iteration number: "
[1] 78
[1] "iteration number: "
[1] 79
[1] "iteration number: "
[1] 80
[1] "iteration number: "
[1] 81
[1] "iteration number: "
[1] 82
[1] "iteration number: "
[1] 83
[1] "iteration number: "
[1] 84
[1] "iteration number: "
[1] 85
[1] "iteration number: "
[1] 86
[1] "iteration number: "
[1] 87
[1] "iteration number: "
[1] 88
[1] "iteration number: "
[1] 89
[1] "iteration number: "
[1] 90
[1] "iteration number: "
[1] 91
[1] "iteration number: "
[1] 92
[1] "iteration number: "
[1] 93
[1] "iteration number: "
[1] 94
[1] "iteration number: "
[1] 95
[1] "iteration number: "
[1] 96
[1] "iteration number: "
[1] 97
[1] "iteration number: "
[1] 98
[1] "iteration number: "
[1] 99
[1] "iteration number: "
[1] 100
[1] "iteration number: "
[1] 101
[1] "iteration number: "
[1] 102
[1] "iteration number: "
[1] 103
[1] "iteration number: "
[1] 104
[1] "iteration number: "
[1] 105
[1] "iteration number: "
[1] 106
[1] "iteration number: "
[1] 107
[1] "iteration number: "
[1] 108
[1] "iteration number: "
[1] 109
[1] "iteration number: "
[1] 110
[1] "iteration number: "
[1] 111
[1] "iteration number: "
[1] 112
[1] "iteration number: "
[1] 113
[1] "iteration number: "
[1] 114
[1] "iteration number: "
[1] 115
[1] "iteration number: "
[1] 116
[1] "iteration number: "
[1] 117
[1] "iteration number: "
[1] 118
[1] "iteration number: "
[1] 119
[1] "iteration number: "
[1] 120
[1] "iteration number: "
[1] 121
[1] "iteration number: "
[1] 122
[1] "iteration number: "
[1] 123
[1] "iteration number: "
[1] 124
[1] "iteration number: "
[1] 125
[1] "iteration number: "
[1] 126
[1] "iteration number: "
[1] 127
[1] "iteration number: "
[1] 128
[1] "iteration number: "
[1] 129
[1] "iteration number: "
[1] 130
[1] "iteration number: "
[1] 131
[1] "iteration number: "
[1] 132
[1] "iteration number: "
[1] 133
[1] "iteration number: "
[1] 134
[1] "iteration number: "
[1] 135
[1] "iteration number: "
[1] 136
[1] "iteration number: "
[1] 137
[1] "iteration number: "
[1] 138
[1] "iteration number: "
[1] 139
[1] "iteration number: "
[1] 140
[1] "iteration number: "
[1] 141
[1] "iteration number: "
[1] 142
[1] "iteration number: "
[1] 143
[1] "iteration number: "
[1] 144
[1] "iteration number: "
[1] 145
[1] "iteration number: "
[1] 146
[1] "iteration number: "
[1] 147
[1] "iteration number: "
[1] 148
[1] "iteration number: "
[1] 149
[1] "iteration number: "
[1] 150
[1] "iteration number: "
[1] 151
[1] "iteration number: "
[1] 152
[1] "iteration number: "
[1] 153
[1] "iteration number: "
[1] 154
[1] "iteration number: "
[1] 155
[1] "iteration number: "
[1] 156
[1] "iteration number: "
[1] 157
[1] "iteration number: "
[1] 158
[1] "iteration number: "
[1] 159
[1] "iteration number: "
[1] 160
[1] "iteration number: "
[1] 161
[1] "iteration number: "
[1] 162
[1] "iteration number: "
[1] 163
[1] "iteration number: "
[1] 164
[1] "iteration number: "
[1] 165
[1] "iteration number: "
[1] 166
[1] "iteration number: "
[1] 167
[1] "iteration number: "
[1] 168
[1] "iteration number: "
[1] 169
[1] "iteration number: "
[1] 170
[1] "iteration number: "
[1] 171
[1] "iteration number: "
[1] 172
[1] "iteration number: "
[1] 173
[1] "iteration number: "
[1] 174
[1] "iteration number: "
[1] 175
[1] "iteration number: "
[1] 176
[1] "iteration number: "
[1] 177
[1] "iteration number: "
[1] 178
[1] "iteration number: "
[1] 179
[1] "iteration number: "
[1] 180
[1] "iteration number: "
[1] 181
[1] "iteration number: "
[1] 182
[1] "iteration number: "
[1] 183
[1] "iteration number: "
[1] 184
[1] "iteration number: "
[1] 185
[1] "iteration number: "
[1] 186
[1] "iteration number: "
[1] 187
[1] "iteration number: "
[1] 188
[1] "iteration number: "
[1] 189
[1] "iteration number: "
[1] 190
[1] "iteration number: "
[1] 191
[1] "iteration number: "
[1] 192
[1] "iteration number: "
[1] 193
[1] "iteration number: "
[1] 194
[1] "iteration number: "
[1] 195
[1] "iteration number: "
[1] 196
[1] "iteration number: "
[1] 197
[1] "iteration number: "
[1] 198
[1] "iteration number: "
[1] 199
[1] "iteration number: "
[1] 200
[1] "iteration number: "
[1] 201
[1] "iteration number: "
[1] 202
[1] "iteration number: "
[1] 203
[1] "iteration number: "
[1] 204
[1] "iteration number: "
[1] 205
[1] "iteration number: "
[1] 206
[1] "iteration number: "
[1] 207
[1] "iteration number: "
[1] 208
[1] "iteration number: "
[1] 209
[1] "iteration number: "
[1] 210
[1] "iteration number: "
[1] 211
[1] "iteration number: "
[1] 212
[1] "iteration number: "
[1] 213
[1] "iteration number: "
[1] 214
[1] "iteration number: "
[1] 215
[1] "iteration number: "
[1] 216
[1] "iteration number: "
[1] 217
[1] "iteration number: "
[1] 218
[1] "iteration number: "
[1] 219
[1] "iteration number: "
[1] 220
[1] "iteration number: "
[1] 221
[1] "iteration number: "
[1] 222
[1] "iteration number: "
[1] 223
[1] "iteration number: "
[1] 224
[1] "iteration number: "
[1] 225
[1] "iteration number: "
[1] 226
[1] "iteration number: "
[1] 227
[1] "iteration number: "
[1] 228
[1] "iteration number: "
[1] 229
[1] "iteration number: "
[1] 230
[1] "iteration number: "
[1] 231
[1] "iteration number: "
[1] 232
[1] "iteration number: "
[1] 233
[1] "iteration number: "
[1] 234
[1] "iteration number: "
[1] 235
[1] "iteration number: "
[1] 236
[1] "iteration number: "
[1] 237
[1] "No change for 11 iterations. Exiting PSO."
[1] "##################################"
[1] "Results summary for itr:8"
[1] "number of features selected using population mean"
[1] 6
[1] "number of features selected using current global best"
[1] 4
[1] "feat ind length"
[1] 4
[1] "best accuracy"
[1] 42.85795
[1] "test acc:0.85"
[1] "##################################"
[1] "learning sets: 9"
 [1]  74   6  76  28  90  63  18  11   5  77  38  89  21  43  20  95  71  96  25
[20]  42  17  10  66  48   8  60  26  92  65  19  23  13  51  79  46  56  35  86
[39]  83  22  47  54  99  37  15 100   1  69  93   4  94  82  58  64  87  49  12
[58]  52  14   3  62  88  57  44  84  50  31  80  55  36  91  59  32  39  81  70
[77]  85  75  41  27
[1] "Starting global iteration number : 9"
[1] "iteration number: "
[1] 1
[1] "iteration number: "
[1] 2
[1] "iteration number: "
[1] 3
[1] "iteration number: "
[1] 4
[1] "iteration number: "
[1] 5
[1] "iteration number: "
[1] 6
[1] "iteration number: "
[1] 7
[1] "iteration number: "
[1] 8
[1] "iteration number: "
[1] 9
[1] "iteration number: "
[1] 10
[1] "iteration number: "
[1] 11
[1] "iteration number: "
[1] 12
[1] "iteration number: "
[1] 13
[1] "iteration number: "
[1] 14
[1] "iteration number: "
[1] 15
[1] "iteration number: "
[1] 16
[1] "iteration number: "
[1] 17
[1] "iteration number: "
[1] 18
[1] "iteration number: "
[1] 19
[1] "iteration number: "
[1] 20
[1] "iteration number: "
[1] 21
[1] "iteration number: "
[1] 22
[1] "iteration number: "
[1] 23
[1] "iteration number: "
[1] 24
[1] "iteration number: "
[1] 25
[1] "iteration number: "
[1] 26
[1] "iteration number: "
[1] 27
[1] "iteration number: "
[1] 28
[1] "iteration number: "
[1] 29
[1] "iteration number: "
[1] 30
[1] "iteration number: "
[1] 31
[1] "iteration number: "
[1] 32
[1] "iteration number: "
[1] 33
[1] "iteration number: "
[1] 34
[1] "iteration number: "
[1] 35
[1] "iteration number: "
[1] 36
[1] "iteration number: "
[1] 37
[1] "iteration number: "
[1] 38
[1] "iteration number: "
[1] 39
[1] "iteration number: "
[1] 40
[1] "iteration number: "
[1] 41
[1] "iteration number: "
[1] 42
[1] "iteration number: "
[1] 43
[1] "iteration number: "
[1] 44
[1] "iteration number: "
[1] 45
[1] "iteration number: "
[1] 46
[1] "iteration number: "
[1] 47
[1] "iteration number: "
[1] 48
[1] "iteration number: "
[1] 49
[1] "iteration number: "
[1] 50
[1] "iteration number: "
[1] 51
[1] "iteration number: "
[1] 52
[1] "iteration number: "
[1] 53
[1] "iteration number: "
[1] 54
[1] "iteration number: "
[1] 55
[1] "iteration number: "
[1] 56
[1] "iteration number: "
[1] 57
[1] "iteration number: "
[1] 58
[1] "iteration number: "
[1] 59
[1] "iteration number: "
[1] 60
[1] "iteration number: "
[1] 61
[1] "iteration number: "
[1] 62
[1] "iteration number: "
[1] 63
[1] "iteration number: "
[1] 64
[1] "iteration number: "
[1] 65
[1] "iteration number: "
[1] 66
[1] "iteration number: "
[1] 67
[1] "iteration number: "
[1] 68
[1] "iteration number: "
[1] 69
[1] "iteration number: "
[1] 70
[1] "iteration number: "
[1] 71
[1] "iteration number: "
[1] 72
[1] "iteration number: "
[1] 73
[1] "iteration number: "
[1] 74
[1] "iteration number: "
[1] 75
[1] "iteration number: "
[1] 76
[1] "iteration number: "
[1] 77
[1] "iteration number: "
[1] 78
[1] "iteration number: "
[1] 79
[1] "iteration number: "
[1] 80
[1] "iteration number: "
[1] 81
[1] "iteration number: "
[1] 82
[1] "iteration number: "
[1] 83
[1] "iteration number: "
[1] 84
[1] "iteration number: "
[1] 85
[1] "iteration number: "
[1] 86
[1] "iteration number: "
[1] 87
[1] "iteration number: "
[1] 88
[1] "iteration number: "
[1] 89
[1] "iteration number: "
[1] 90
[1] "iteration number: "
[1] 91
[1] "iteration number: "
[1] 92
[1] "iteration number: "
[1] 93
[1] "iteration number: "
[1] 94
[1] "iteration number: "
[1] 95
[1] "iteration number: "
[1] 96
[1] "iteration number: "
[1] 97
[1] "iteration number: "
[1] 98
[1] "iteration number: "
[1] 99
[1] "iteration number: "
[1] 100
[1] "iteration number: "
[1] 101
[1] "iteration number: "
[1] 102
[1] "iteration number: "
[1] 103
[1] "iteration number: "
[1] 104
[1] "iteration number: "
[1] 105
[1] "iteration number: "
[1] 106
[1] "iteration number: "
[1] 107
[1] "iteration number: "
[1] 108
[1] "iteration number: "
[1] 109
[1] "iteration number: "
[1] 110
[1] "iteration number: "
[1] 111
[1] "iteration number: "
[1] 112
[1] "iteration number: "
[1] 113
[1] "iteration number: "
[1] 114
[1] "iteration number: "
[1] 115
[1] "iteration number: "
[1] 116
[1] "iteration number: "
[1] 117
[1] "iteration number: "
[1] 118
[1] "iteration number: "
[1] 119
[1] "iteration number: "
[1] 120
[1] "iteration number: "
[1] 121
[1] "iteration number: "
[1] 122
[1] "iteration number: "
[1] 123
[1] "iteration number: "
[1] 124
[1] "iteration number: "
[1] 125
[1] "iteration number: "
[1] 126
[1] "iteration number: "
[1] 127
[1] "iteration number: "
[1] 128
[1] "iteration number: "
[1] 129
[1] "iteration number: "
[1] 130
[1] "iteration number: "
[1] 131
[1] "iteration number: "
[1] 132
[1] "iteration number: "
[1] 133
[1] "iteration number: "
[1] 134
[1] "iteration number: "
[1] 135
[1] "iteration number: "
[1] 136
[1] "iteration number: "
[1] 137
[1] "iteration number: "
[1] 138
[1] "iteration number: "
[1] 139
[1] "iteration number: "
[1] 140
[1] "iteration number: "
[1] 141
[1] "iteration number: "
[1] 142
[1] "iteration number: "
[1] 143
[1] "iteration number: "
[1] 144
[1] "iteration number: "
[1] 145
[1] "iteration number: "
[1] 146
[1] "iteration number: "
[1] 147
[1] "iteration number: "
[1] 148
[1] "iteration number: "
[1] 149
[1] "iteration number: "
[1] 150
[1] "iteration number: "
[1] 151
[1] "iteration number: "
[1] 152
[1] "iteration number: "
[1] 153
[1] "iteration number: "
[1] 154
[1] "iteration number: "
[1] 155
[1] "iteration number: "
[1] 156
[1] "iteration number: "
[1] 157
[1] "iteration number: "
[1] 158
[1] "iteration number: "
[1] 159
[1] "iteration number: "
[1] 160
[1] "iteration number: "
[1] 161
[1] "iteration number: "
[1] 162
[1] "iteration number: "
[1] 163
[1] "iteration number: "
[1] 164
[1] "iteration number: "
[1] 165
[1] "iteration number: "
[1] 166
[1] "iteration number: "
[1] 167
[1] "iteration number: "
[1] 168
[1] "iteration number: "
[1] 169
[1] "iteration number: "
[1] 170
[1] "iteration number: "
[1] 171
[1] "iteration number: "
[1] 172
[1] "iteration number: "
[1] 173
[1] "iteration number: "
[1] 174
[1] "iteration number: "
[1] 175
[1] "iteration number: "
[1] 176
[1] "iteration number: "
[1] 177
[1] "iteration number: "
[1] 178
[1] "iteration number: "
[1] 179
[1] "iteration number: "
[1] 180
[1] "iteration number: "
[1] 181
[1] "iteration number: "
[1] 182
[1] "iteration number: "
[1] 183
[1] "iteration number: "
[1] 184
[1] "iteration number: "
[1] 185
[1] "iteration number: "
[1] 186
[1] "iteration number: "
[1] 187
[1] "iteration number: "
[1] 188
[1] "iteration number: "
[1] 189
[1] "iteration number: "
[1] 190
[1] "iteration number: "
[1] 191
[1] "iteration number: "
[1] 192
[1] "iteration number: "
[1] 193
[1] "iteration number: "
[1] 194
[1] "iteration number: "
[1] 195
[1] "iteration number: "
[1] 196
[1] "iteration number: "
[1] 197
[1] "iteration number: "
[1] 198
[1] "iteration number: "
[1] 199
[1] "iteration number: "
[1] 200
[1] "iteration number: "
[1] 201
[1] "iteration number: "
[1] 202
[1] "iteration number: "
[1] 203
[1] "iteration number: "
[1] 204
[1] "iteration number: "
[1] 205
[1] "iteration number: "
[1] 206
[1] "iteration number: "
[1] 207
[1] "iteration number: "
[1] 208
[1] "iteration number: "
[1] 209
[1] "iteration number: "
[1] 210
[1] "iteration number: "
[1] 211
[1] "iteration number: "
[1] 212
[1] "iteration number: "
[1] 213
[1] "iteration number: "
[1] 214
[1] "iteration number: "
[1] 215
[1] "iteration number: "
[1] 216
[1] "iteration number: "
[1] 217
[1] "iteration number: "
[1] 218
[1] "iteration number: "
[1] 219
[1] "iteration number: "
[1] 220
[1] "iteration number: "
[1] 221
[1] "iteration number: "
[1] 222
[1] "iteration number: "
[1] 223
[1] "iteration number: "
[1] 224
[1] "iteration number: "
[1] 225
[1] "iteration number: "
[1] 226
[1] "iteration number: "
[1] 227
[1] "iteration number: "
[1] 228
[1] "iteration number: "
[1] 229
[1] "iteration number: "
[1] 230
[1] "iteration number: "
[1] 231
[1] "iteration number: "
[1] 232
[1] "iteration number: "
[1] 233
[1] "iteration number: "
[1] 234
[1] "iteration number: "
[1] 235
[1] "iteration number: "
[1] 236
[1] "iteration number: "
[1] 237
[1] "iteration number: "
[1] 238
[1] "iteration number: "
[1] 239
[1] "iteration number: "
[1] 240
[1] "iteration number: "
[1] 241
[1] "iteration number: "
[1] 242
[1] "iteration number: "
[1] 243
[1] "iteration number: "
[1] 244
[1] "iteration number: "
[1] 245
[1] "iteration number: "
[1] 246
[1] "iteration number: "
[1] 247
[1] "iteration number: "
[1] 248
[1] "iteration number: "
[1] 249
[1] "iteration number: "
[1] 250
[1] "iteration number: "
[1] 251
[1] "iteration number: "
[1] 252
[1] "iteration number: "
[1] 253
[1] "iteration number: "
[1] 254
[1] "iteration number: "
[1] 255
[1] "iteration number: "
[1] 256
[1] "iteration number: "
[1] 257
[1] "iteration number: "
[1] 258
[1] "iteration number: "
[1] 259
[1] "iteration number: "
[1] 260
[1] "iteration number: "
[1] 261
[1] "iteration number: "
[1] 262
[1] "iteration number: "
[1] 263
[1] "iteration number: "
[1] 264
[1] "iteration number: "
[1] 265
[1] "iteration number: "
[1] 266
[1] "iteration number: "
[1] 267
[1] "iteration number: "
[1] 268
[1] "iteration number: "
[1] 269
[1] "iteration number: "
[1] 270
[1] "iteration number: "
[1] 271
[1] "iteration number: "
[1] 272
[1] "iteration number: "
[1] 273
[1] "iteration number: "
[1] 274
[1] "iteration number: "
[1] 275
[1] "iteration number: "
[1] 276
[1] "iteration number: "
[1] 277
[1] "iteration number: "
[1] 278
[1] "iteration number: "
[1] 279
[1] "iteration number: "
[1] 280
[1] "iteration number: "
[1] 281
[1] "iteration number: "
[1] 282
[1] "iteration number: "
[1] 283
[1] "iteration number: "
[1] 284
[1] "iteration number: "
[1] 285
[1] "iteration number: "
[1] 286
[1] "iteration number: "
[1] 287
[1] "iteration number: "
[1] 288
[1] "iteration number: "
[1] 289
[1] "iteration number: "
[1] 290
[1] "iteration number: "
[1] 291
[1] "iteration number: "
[1] 292
[1] "iteration number: "
[1] 293
[1] "iteration number: "
[1] 294
[1] "iteration number: "
[1] 295
[1] "No change for 11 iterations. Exiting PSO."
[1] "##################################"
[1] "Results summary for itr:9"
[1] "number of features selected using population mean"
[1] 8
[1] "number of features selected using current global best"
[1] 7
[1] "feat ind length"
[1] 7
[1] "best accuracy"
[1] 44.66406
[1] "test acc:0.9"
[1] "##################################"
[1] "learning sets: 10"
 [1] 97 48 10 21 18 54 11 73 34 17 56 20 95 47 53 79  6 67 51 76 71 65 77 23 83
[26] 86 63 35 30 42 90 46 37 89 19 40 25 74 66  8  5 60 26 38 28 75 39  7 33 32
[51] 12 78 29 57 64 72 82 55  4 58 85 16 81 80 52 14 62 50 24 61 93 94  3 36 84
[76] 44 91 31 88 87
[1] "Starting global iteration number : 10"
[1] "iteration number: "
[1] 1
[1] "iteration number: "
[1] 2
[1] "iteration number: "
[1] 3
[1] "iteration number: "
[1] 4
[1] "iteration number: "
[1] 5
[1] "iteration number: "
[1] 6
[1] "iteration number: "
[1] 7
[1] "iteration number: "
[1] 8
[1] "iteration number: "
[1] 9
[1] "iteration number: "
[1] 10
[1] "iteration number: "
[1] 11
[1] "iteration number: "
[1] 12
[1] "iteration number: "
[1] 13
[1] "iteration number: "
[1] 14
[1] "iteration number: "
[1] 15
[1] "iteration number: "
[1] 16
[1] "iteration number: "
[1] 17
[1] "iteration number: "
[1] 18
[1] "iteration number: "
[1] 19
[1] "iteration number: "
[1] 20
[1] "iteration number: "
[1] 21
[1] "iteration number: "
[1] 22
[1] "iteration number: "
[1] 23
[1] "iteration number: "
[1] 24
[1] "iteration number: "
[1] 25
[1] "iteration number: "
[1] 26
[1] "iteration number: "
[1] 27
[1] "iteration number: "
[1] 28
[1] "iteration number: "
[1] 29
[1] "iteration number: "
[1] 30
[1] "iteration number: "
[1] 31
[1] "iteration number: "
[1] 32
[1] "iteration number: "
[1] 33
[1] "iteration number: "
[1] 34
[1] "iteration number: "
[1] 35
[1] "iteration number: "
[1] 36
[1] "iteration number: "
[1] 37
[1] "iteration number: "
[1] 38
[1] "iteration number: "
[1] 39
[1] "iteration number: "
[1] 40
[1] "iteration number: "
[1] 41
[1] "iteration number: "
[1] 42
[1] "iteration number: "
[1] 43
[1] "iteration number: "
[1] 44
[1] "iteration number: "
[1] 45
[1] "iteration number: "
[1] 46
[1] "iteration number: "
[1] 47
[1] "iteration number: "
[1] 48
[1] "iteration number: "
[1] 49
[1] "iteration number: "
[1] 50
[1] "iteration number: "
[1] 51
[1] "iteration number: "
[1] 52
[1] "iteration number: "
[1] 53
[1] "iteration number: "
[1] 54
[1] "iteration number: "
[1] 55
[1] "iteration number: "
[1] 56
[1] "iteration number: "
[1] 57
[1] "iteration number: "
[1] 58
[1] "iteration number: "
[1] 59
[1] "iteration number: "
[1] 60
[1] "iteration number: "
[1] 61
[1] "iteration number: "
[1] 62
[1] "iteration number: "
[1] 63
[1] "iteration number: "
[1] 64
[1] "iteration number: "
[1] 65
[1] "iteration number: "
[1] 66
[1] "iteration number: "
[1] 67
[1] "iteration number: "
[1] 68
[1] "iteration number: "
[1] 69
[1] "iteration number: "
[1] 70
[1] "iteration number: "
[1] 71
[1] "iteration number: "
[1] 72
[1] "iteration number: "
[1] 73
[1] "iteration number: "
[1] 74
[1] "iteration number: "
[1] 75
[1] "iteration number: "
[1] 76
[1] "iteration number: "
[1] 77
[1] "iteration number: "
[1] 78
[1] "iteration number: "
[1] 79
[1] "iteration number: "
[1] 80
[1] "iteration number: "
[1] 81
[1] "iteration number: "
[1] 82
[1] "iteration number: "
[1] 83
[1] "iteration number: "
[1] 84
[1] "iteration number: "
[1] 85
[1] "iteration number: "
[1] 86
[1] "iteration number: "
[1] 87
[1] "iteration number: "
[1] 88
[1] "iteration number: "
[1] 89
[1] "iteration number: "
[1] 90
[1] "iteration number: "
[1] 91
[1] "iteration number: "
[1] 92
[1] "iteration number: "
[1] 93
[1] "iteration number: "
[1] 94
[1] "iteration number: "
[1] 95
[1] "iteration number: "
[1] 96
[1] "iteration number: "
[1] 97
[1] "iteration number: "
[1] 98
[1] "iteration number: "
[1] 99
[1] "iteration number: "
[1] 100
[1] "iteration number: "
[1] 101
[1] "iteration number: "
[1] 102
[1] "iteration number: "
[1] 103
[1] "iteration number: "
[1] 104
[1] "iteration number: "
[1] 105
[1] "iteration number: "
[1] 106
[1] "iteration number: "
[1] 107
[1] "iteration number: "
[1] 108
[1] "iteration number: "
[1] 109
[1] "iteration number: "
[1] 110
[1] "iteration number: "
[1] 111
[1] "iteration number: "
[1] 112
[1] "iteration number: "
[1] 113
[1] "iteration number: "
[1] 114
[1] "iteration number: "
[1] 115
[1] "iteration number: "
[1] 116
[1] "iteration number: "
[1] 117
[1] "iteration number: "
[1] 118
[1] "iteration number: "
[1] 119
[1] "iteration number: "
[1] 120
[1] "iteration number: "
[1] 121
[1] "iteration number: "
[1] 122
[1] "iteration number: "
[1] 123
[1] "iteration number: "
[1] 124
[1] "iteration number: "
[1] 125
[1] "iteration number: "
[1] 126
[1] "iteration number: "
[1] 127
[1] "iteration number: "
[1] 128
[1] "iteration number: "
[1] 129
[1] "iteration number: "
[1] 130
[1] "iteration number: "
[1] 131
[1] "iteration number: "
[1] 132
[1] "iteration number: "
[1] 133
[1] "iteration number: "
[1] 134
[1] "iteration number: "
[1] 135
[1] "iteration number: "
[1] 136
[1] "iteration number: "
[1] 137
[1] "iteration number: "
[1] 138
[1] "iteration number: "
[1] 139
[1] "iteration number: "
[1] 140
[1] "iteration number: "
[1] 141
[1] "iteration number: "
[1] 142
[1] "iteration number: "
[1] 143
[1] "iteration number: "
[1] 144
[1] "iteration number: "
[1] 145
[1] "iteration number: "
[1] 146
[1] "iteration number: "
[1] 147
[1] "iteration number: "
[1] 148
[1] "iteration number: "
[1] 149
[1] "iteration number: "
[1] 150
[1] "iteration number: "
[1] 151
[1] "iteration number: "
[1] 152
[1] "iteration number: "
[1] 153
[1] "iteration number: "
[1] 154
[1] "iteration number: "
[1] 155
[1] "iteration number: "
[1] 156
[1] "iteration number: "
[1] 157
[1] "iteration number: "
[1] 158
[1] "iteration number: "
[1] 159
[1] "iteration number: "
[1] 160
[1] "iteration number: "
[1] 161
[1] "iteration number: "
[1] 162
[1] "iteration number: "
[1] 163
[1] "iteration number: "
[1] 164
[1] "iteration number: "
[1] 165
[1] "iteration number: "
[1] 166
[1] "iteration number: "
[1] 167
[1] "iteration number: "
[1] 168
[1] "iteration number: "
[1] 169
[1] "iteration number: "
[1] 170
[1] "iteration number: "
[1] 171
[1] "iteration number: "
[1] 172
[1] "iteration number: "
[1] 173
[1] "iteration number: "
[1] 174
[1] "iteration number: "
[1] 175
[1] "iteration number: "
[1] 176
[1] "iteration number: "
[1] 177
[1] "iteration number: "
[1] 178
[1] "iteration number: "
[1] 179
[1] "iteration number: "
[1] 180
[1] "iteration number: "
[1] 181
[1] "iteration number: "
[1] 182
[1] "iteration number: "
[1] 183
[1] "iteration number: "
[1] 184
[1] "iteration number: "
[1] 185
[1] "iteration number: "
[1] 186
[1] "iteration number: "
[1] 187
[1] "iteration number: "
[1] 188
[1] "iteration number: "
[1] 189
[1] "iteration number: "
[1] 190
[1] "iteration number: "
[1] 191
[1] "iteration number: "
[1] 192
[1] "iteration number: "
[1] 193
[1] "iteration number: "
[1] 194
[1] "iteration number: "
[1] 195
[1] "iteration number: "
[1] 196
[1] "iteration number: "
[1] 197
[1] "iteration number: "
[1] 198
[1] "iteration number: "
[1] 199
[1] "iteration number: "
[1] 200
[1] "iteration number: "
[1] 201
[1] "iteration number: "
[1] 202
[1] "iteration number: "
[1] 203
[1] "iteration number: "
[1] 204
[1] "iteration number: "
[1] 205
[1] "iteration number: "
[1] 206
[1] "iteration number: "
[1] 207
[1] "iteration number: "
[1] 208
[1] "iteration number: "
[1] 209
[1] "iteration number: "
[1] 210
[1] "iteration number: "
[1] 211
[1] "iteration number: "
[1] 212
[1] "No change for 11 iterations. Exiting PSO."
[1] "##################################"
[1] "Results summary for itr:10"
[1] "number of features selected using population mean"
[1] 11
[1] "number of features selected using current global best"
[1] 11
[1] "feat ind length"
[1] 11
[1] "best accuracy"
[1] 48.05129
[1] "test acc:0.75"
[1] "##################################"
[1] "testacc"
 [1] 0.85 0.85 0.95 0.95 0.85 0.85 0.90 0.85 0.90 0.75
[1] 0.87
   Min. 1st Qu.  Median    Mean 3rd Qu.    Max. 
   0.75    0.85    0.85    0.87    0.90    0.95 
[1] 0.05868939
      [,1] [,2] [,3] [,4] [,5] [,6] [,7] [,8] [,9] [,10]
V312     1    0    1    1    1    1    1    0    1     1
V698     1    0    1    0    0    0    0    0    0     1
V1184    1    1    1    1    1    1    1    1    1     1
V1476    0    0    0    0    0    0    0    0    0     0
V1552    1    1    0    1    0    0    1    0    0     0
V1627    0    0    0    0    0    1    0    0    0     0
V1975    1    1    0    0    1    0    0    0    1     1
V3365    1    1    0    1    0    1    0    0    1     0
V3644    1    0    0    1    0    0    1    0    0     1
V4290    0    1    0    0    1    0    0    1    0     1
V4352    1    0    1    1    0    1    0    0    0     1
V4542    0    1    0    1    1    1    0    0    0     1
V5473    0    1    0    0    0    0    0    0    0     0
V5672    0    0    0    1    0    1    1    0    0     0
V7197    1    1    0    1    1    1    1    0    1     1
V7212    0    1    1    1    1    1    0    0    0     1
V7748    1    1    0    0    0    0    0    0    0     0
V8502    0    1    0    0    0    0    0    1    1     0
V9868    0    1    1    0    1    0    0    1    1     1
[1] "dim of scoring matrix is "
[1] 19 10
[1] "DS index stage 2"
[1] 0.5165943
[1] "KI index stage 2"
[1] -Inf
[1] 1
[1] "bestgenelist"
 [1]  3  1 15 16 19  7  8 11 12  5  9 10  2 14 18 17  6 13  4
V1184  V312 V7197 V7212 V9868 V1975 V3365 V4352 V4542 V1552 V3644 V4290  V698 
   10     8     8     6     6     5     5     5     5     4     4     4     3 
V5672 V8502 V7748 V1627 V5473 V1476 
    3     3     2     1     1     0 
 [1] 1 1 1 1 1 1 1 1 1 1 1 1 1 1 1 1 1 1 1
[1] 0.8928571 0.9545455
[1] 0.8928571 0.9545455
[1] "accuracy: 86.1629897270713 num_feat:19 fitness:69.5317486745849"
$fitfunc
[1] -69.53175

$cverror
[1] 86.16299

$cvpermerror
[1] 52.37057

$testacc
[1] 94.15584

$reverseacc
[1] 92.37013

[1] -69.53175
[1] "bestgenelist"
 [1]  3  1 15 16 19  7  8 11 12  5  9 10  2 14 18 17  6 13
V1184  V312 V7197 V7212 V9868 V1975 V3365 V4352 V4542 V1552 V3644 V4290  V698 
   10     8     8     6     6     5     5     5     5     4     4     4     3 
V5672 V8502 V7748 V1627 V5473 
    3     3     2     1     1 
 [1] 1 1 1 0 1 1 1 1 1 1 1 1 1 1 1 1 1 1 1
[1] 0.8928571 0.9545455
[1] 0.8928571 0.9545455
[1] "accuracy: 87.273296049513 num_feat:18 fitness:69.5376336121637"
$fitfunc
[1] -69.53763

$cverror
[1] 87.2733

$cvpermerror
[1] 56.1904

$testacc
[1] 94.15584

$reverseacc
[1] 92.37013

[1] -69.53763
[1] "bestgenelist"
 [1]  3  1 15 16 19  7  8 11 12  5  9 10  2 14 18 17  6
V1184  V312 V7197 V7212 V9868 V1975 V3365 V4352 V4542 V1552 V3644 V4290  V698 
   10     8     8     6     6     5     5     5     5     4     4     4     3 
V5672 V8502 V7748 V1627 
    3     3     2     1 
 [1] 1 1 1 0 1 1 1 1 1 1 1 1 0 1 1 1 1 1 1
[1] 0.8928571 0.9545455
[1] 0.8928571 0.9545455
[1] "accuracy: 87.5003937151609 num_feat:17 fitness:69.6225392465562"
$fitfunc
[1] -69.62254

$cverror
[1] 87.50039

$cvpermerror
[1] 56.83224

$testacc
[1] 94.15584

$reverseacc
[1] 92.37013

[1] -69.62254
[1] "bestgenelist"
 [1]  3  1 15 16 19  7  8 11 12  5  9 10  2 14 18 17
V1184  V312 V7197 V7212 V9868 V1975 V3365 V4352 V4542 V1552 V3644 V4290  V698 
   10     8     8     6     6     5     5     5     5     4     4     4     3 
V5672 V8502 V7748 
    3     3     2 
 [1] 1 1 1 0 1 0 1 1 1 1 1 1 0 1 1 1 1 1 1
[1] 0.8750000 0.9545455
[1] 0.8750000 0.9545455
[1] "accuracy: 87.8592111220831 num_feat:16 fitness:70.2802554663844"
$fitfunc
[1] -70.28026

$cverror
[1] 87.85921

$cvpermerror
[1] 56.03727

$testacc
[1] 95.29221

$reverseacc
[1] 91.47727

[1] -70.28026
[1] "bestgenelist"
 [1]  3  1 15 16 19  7  8 11 12  5  9 10  2 14 18
V1184  V312 V7197 V7212 V9868 V1975 V3365 V4352 V4542 V1552 V3644 V4290  V698 
   10     8     8     6     6     5     5     5     5     4     4     4     3 
V5672 V8502 
    3     3 
 [1] 1 1 1 0 1 0 1 1 1 1 1 1 0 1 1 1 0 1 1
[1] 0.8750000 0.9545455
[1] 0.8750000 0.9545455
[1] "accuracy: 88.0397503261472 num_feat:15 fitness:70.367651834787"
$fitfunc
[1] -70.36765

$cverror
[1] 88.03975

$cvpermerror
[1] 56.54693

$testacc
[1] 96.18506

$reverseacc
[1] 91.47727

[1] -70.36765
[1] "bestgenelist"
 [1]  3  1 15 16 19  7  8 11 12  5  9 10  2 14
V1184  V312 V7197 V7212 V9868 V1975 V3365 V4352 V4542 V1552 V3644 V4290  V698 
   10     8     8     6     6     5     5     5     5     4     4     4     3 
V5672 
    3 
 [1] 1 1 1 0 1 0 1 1 1 1 1 1 0 1 1 1 0 0 1
[1] 0.8750000 0.9545455
[1] 0.8750000 0.9545455
[1] "accuracy: 88.1852674226834 num_feat:14 fitness:70.2305780708005"
$fitfunc
[1] -70.23058

$cverror
[1] 88.18527

$cvpermerror
[1] 57.65948

$testacc
[1] 96.18506

$reverseacc
[1] 91.47727

[1] -70.23058
[1] "bestgenelist"
 [1]  3  1 15 16 19  7  8 11 12  5  9 10  2
V1184  V312 V7197 V7212 V9868 V1975 V3365 V4352 V4542 V1552 V3644 V4290  V698 
   10     8     8     6     6     5     5     5     5     4     4     4     3 
 [1] 1 1 1 0 1 0 1 1 1 1 1 1 0 0 1 1 0 0 1
[1] 0.9107143 0.9545455
[1] 0.9107143 0.9545455
[1] "accuracy: 88.1285808083816 num_feat:13 fitness:70.9945947580531"
$fitfunc
[1] -70.99459

$cverror
[1] 88.12858

$cvpermerror
[1] 55.10113

$testacc
[1] 96.18506

$reverseacc
[1] 93.26299

[1] -70.99459
[1] "bestgenelist"
 [1]  3  1 15 16 19  7  8 11 12  5  9 10
V1184  V312 V7197 V7212 V9868 V1975 V3365 V4352 V4542 V1552 V3644 V4290 
   10     8     8     6     6     5     5     5     5     4     4     4 
 [1] 1 0 1 0 1 0 1 1 1 1 1 1 0 0 1 1 0 0 1
[1] 0.9107143 0.9545455
[1] 0.9107143 0.9545455
[1] "accuracy: 88.3866435323847 num_feat:12 fitness:71.1275672470734"
$fitfunc
[1] -71.12757

$cverror
[1] 88.38664

$cvpermerror
[1] 55.68494

$testacc
[1] 96.18506

$reverseacc
[1] 93.26299

[1] -71.12757
[1] "bestgenelist"
 [1]  3  1 15 16 19  7  8 11 12  5  9
V1184  V312 V7197 V7212 V9868 V1975 V3365 V4352 V4542 V1552 V3644 
   10     8     8     6     6     5     5     5     5     4     4 
 [1] 1 0 1 0 1 0 1 1 1 0 1 1 0 0 1 1 0 0 1
[1] 0.9107143 0.9545455
[1] 0.9107143 0.9545455
[1] "accuracy: 87.8316740381576 num_feat:11 fitness:70.5427843781371"
$fitfunc
[1] -70.54278

$cverror
[1] 87.83167

$cvpermerror
[1] 55.94038

$testacc
[1] 95.0487

$reverseacc
[1] 93.26299

[1] -70.54278
[1] "bestgenelist"
 [1]  3  1 15 16 19  7  8 11 12  5
V1184  V312 V7197 V7212 V9868 V1975 V3365 V4352 V4542 V1552 
   10     8     8     6     6     5     5     5     5     4 
 [1] 1 0 1 0 1 0 1 1 0 0 1 1 0 0 1 1 0 0 1
[1] 0.9107143 0.9318182
[1] 0.9107143 0.9318182
[1] "accuracy: 87.5674208577753 num_feat:10 fitness:70.4703048832614"
$fitfunc
[1] -70.4703

$cverror
[1] 87.56742

$cvpermerror
[1] 55.52326

$testacc
[1] 96.18506

$reverseacc
[1] 92.12662

[1] -70.4703
[1] "bestgenelist"
[1]  3  1 15 16 19  7  8 11 12
V1184  V312 V7197 V7212 V9868 V1975 V3365 V4352 V4542 
   10     8     8     6     6     5     5     5     5 
 [1] 1 0 1 0 0 0 1 1 0 0 1 1 0 0 1 1 0 0 1
[1] 0.9285714 0.9318182
[1] 0.9285714 0.9318182
[1] "accuracy: 87.4022053539448 num_feat:9 fitness:71.0903963173919"
$fitfunc
[1] -71.0904

$cverror
[1] 87.40221

$cvpermerror
[1] 53.04863

$testacc
[1] 95.0487

$reverseacc
[1] 93.01948

[1] -71.0904
[1] "bestgenelist"
[1]  3  1 15 16 19  7  8 11
V1184  V312 V7197 V7212 V9868 V1975 V3365 V4352 
   10     8     8     6     6     5     5     5 
 [1] 1 0 1 0 0 0 1 1 0 0 1 0 0 0 1 1 0 0 1
[1] 0.9285714 0.9545455
[1] 0.9285714 0.9545455
[1] "accuracy: 85.8077448046131 num_feat:8 fitness:69.216561243299"
$fitfunc
[1] -69.21656

$cverror
[1] 85.80774

$cvpermerror
[1] 54.14894

$testacc
[1] 93.26299

$reverseacc
[1] 94.15584

[1] -69.21656
[1] "bestgenelist"
[1]  3  1 15 16 19  7  8
V1184  V312 V7197 V7212 V9868 V1975 V3365 
   10     8     8     6     6     5     5 
 [1] 1 0 1 0 0 0 1 1 0 0 0 0 0 0 1 1 0 0 1
[1] 0.8928571 0.9545455
[1] 0.8928571 0.9545455
[1] "accuracy: 86.3832016744354 num_feat:7 fitness:70.933491974689"
$fitfunc
[1] -70.93349

$cverror
[1] 86.3832

$cvpermerror
[1] 50.411

$testacc
[1] 90.58442

$reverseacc
[1] 92.37013

[1] -70.93349
[1] "bestgenelist"
[1]  3  1 15 16 19  7
V1184  V312 V7197 V7212 V9868 V1975 
   10     8     8     6     6     5 
 [1] 1 0 1 0 0 0 1 0 0 0 0 0 0 0 1 1 0 0 1
[1] 0.8750000 0.9545455
[1] 0.8750000 0.9545455
[1] "accuracy: 86.3832016744354 num_feat:6 fitness:71.1842536603331"
$fitfunc
[1] -71.18425

$cverror
[1] 86.3832

$cvpermerror
[1] 49.75057

$testacc
[1] 90.58442

$reverseacc
[1] 91.47727

[1] -71.18425
[1] "bestgenelist"
[1]  3  1 15 16 19
V1184  V312 V7197 V7212 V9868 
   10     8     8     6     6 
 [1] 1 0 1 0 0 0 0 0 0 0 0 0 0 0 1 1 0 0 1
[1] 0.8928571 0.9318182
[1] 0.8928571 0.9318182
[1] "accuracy: 85.2867447908915 num_feat:5 fitness:69.6703023200325"
$fitfunc
[1] -69.6703

$cverror
[1] 85.28674

$cvpermerror
[1] 51.36232

$testacc
[1] 90.82792

$reverseacc
[1] 91.23377

[1] -69.6703
[1] "bestgenelist"
[1]  3  1 15 16
V1184  V312 V7197 V7212 
   10     8     8     6 
 [1] 1 0 1 0 0 0 0 0 0 0 0 0 0 0 1 1 0 0 0
[1] 0.8571429 0.7954545
[1] 0.8571429 0.7954545
[1] "accuracy: 82.8881816955923 num_feat:4 fitness:66.444694517867"
$fitfunc
[1] -66.44469

$cverror
[1] 82.88818

$cvpermerror
[1] 54.40429

$testacc
[1] 91.72078

$reverseacc
[1] 82.62987

[1] -66.44469
[1] "bestgenelist"
[1]  3  1 15
V1184  V312 V7197 
   10     8     8 
 [1] 1 0 1 0 0 0 0 0 0 0 0 0 0 0 1 0 0 0 0
[1] 0.8928571 0.7500000
[1] 0.8928571 0.7500000
[1] "accuracy: 79.1338498150111 num_feat:3 fitness:63.4852061219287"
$fitfunc
[1] -63.48521

$cverror
[1] 79.13385

$cvpermerror
[1] 51.912

$testacc
[1] 87.41883

$reverseacc
[1] 82.14286

[1] -63.48521
[1] "bestgenelist"
[1] 3 1
V1184  V312 
   10     8 
 [1] 1 0 1 0 0 0 0 0 0 0 0 0 0 0 0 0 0 0 0
[1] "accuracy: 1 num_feat:2 fitness:-100"
$fitfunc
[1] 100

$cverror
[1] 1

$cvpermerror
[1] 100

$testacc
[1] 1

$reverseacc
[1] 1

[1] 100
[1] "bestgenelist"
[1] 3
V1184 
   10 
 [1] 0 0 1 0 0 0 0 0 0 0 0 0 0 0 0 0 0 0 0
[1] "accuracy: 1 num_feat:1 fitness:-100"
$fitfunc
[1] 100

$cverror
[1] 1

$cvpermerror
[1] 100

$testacc
[1] 1

$reverseacc
[1] 1

[1] 100
[1] "Number of features selected in 10 iterations:"
[1] 6
[1] "Modified train 10 fold accuracy using train data is "
[1] 89
[1] "Modified train accuracy is "
[1] 0.9
[1] "train confusion matrix is "
          trainclass
pred_train -1  1
        -1 48  2
        1   8 42
[1] "Train dimension is "
[1] 100   6
[1] "Test dimension is "
[1] 100   6
[1] "Test confusion matrix is "
    
pred -1  1
  -1 37 17
  1  19 27
[1] "Test acc is "
[1] 0.64
[1] "train 10 fold"
[1] 88
[1] "Test confusion matrix is "
    
pred -1  1
  -1 37 17
  1  19 27
[1] "Test acc is "
[1] 0.64
[1] "Test AUC:"
[1] 0.6371753
[1] "Train acc is "
[1] 0.9
[1] "# of features after PSO:"
[1] 100   7
     user    system   elapsed 
  138.815   182.888 10924.534 
There were 50 or more warnings (use warnings() to see the first 50)
> 
> 
> 
> feat_ind<-psores$bestfeatlist
> feat_names<-psores$bestfeatnames
> 
> scoringmatrix<-as.data.frame(psores$scoringmatrix)
> print(scoringmatrix)
      V1 V2 V3 V4 V5 V6 V7 V8 V9 V10
V312   1  0  1  1  1  1  1  0  1   1
V698   1  0  1  0  0  0  0  0  0   1
V1184  1  1  1  1  1  1  1  1  1   1
V1476  0  0  0  0  0  0  0  0  0   0
V1552  1  1  0  1  0  0  1  0  0   0
V1627  0  0  0  0  0  1  0  0  0   0
V1975  1  1  0  0  1  0  0  0  1   1
V3365  1  1  0  1  0  1  0  0  1   0
V3644  1  0  0  1  0  0  1  0  0   1
V4290  0  1  0  0  1  0  0  1  0   1
V4352  1  0  1  1  0  1  0  0  0   1
V4542  0  1  0  1  1  1  0  0  0   1
V5473  0  1  0  0  0  0  0  0  0   0
V5672  0  0  0  1  0  1  1  0  0   0
V7197  1  1  0  1  1  1  1  0  1   1
V7212  0  1  1  1  1  1  0  0  0   1
V7748  1  1  0  0  0  0  0  0  0   0
V8502  0  1  0  0  0  0  0  1  1   0
V9868  0  1  1  0  1  0  0  1  1   1
> print(feat_names[feat_ind])
[1] "V1184" "V312"  "V7197" "V7212" "V9868" "V1975"
> 
> save(psores,file="psores.Rda")
> print("Complete")
[1] "Complete"
> 
