
R version 3.4.0 (2017-04-21) -- "You Stupid Darkness"
Copyright (C) 2017 The R Foundation for Statistical Computing
Platform: x86_64-pc-linux-gnu (64-bit)

R is free software and comes with ABSOLUTELY NO WARRANTY.
You are welcome to redistribute it under certain conditions.
Type 'license()' or 'licence()' for distribution details.

  Natural language support but running in an English locale

R is a collaborative project with many contributors.
Type 'contributors()' for more information and
'citation()' on how to cite R or R packages in publications.

Type 'demo()' for some demos, 'help()' for on-line help, or
'help.start()' for an HTML browser interface to help.
Type 'q()' to quit R.

> 
> #.libPaths("/home/kuppal3/karan_libs/Rlibs")
> library(snow)
> library(e1071)
> library(yaImpute)

Attaching package: ‘yaImpute’

The following object is masked from ‘package:e1071’:

    impute

> library(pROC)
Type 'citation("pROC")' for a citation.

Attaching package: ‘pROC’

The following objects are masked from ‘package:stats’:

    cov, smooth, var

> library(bioDist)
Loading required package: Biobase
Loading required package: BiocGenerics
Loading required package: parallel

Attaching package: ‘parallel’

The following objects are masked from ‘package:snow’:

    clusterApply, clusterApplyLB, clusterCall, clusterEvalQ,
    clusterExport, clusterMap, clusterSplit, makeCluster, parApply,
    parCapply, parLapply, parRapply, parSapply, splitIndices,
    stopCluster


Attaching package: ‘BiocGenerics’

The following objects are masked from ‘package:parallel’:

    clusterApply, clusterApplyLB, clusterCall, clusterEvalQ,
    clusterExport, clusterMap, parApply, parCapply, parLapply,
    parLapplyLB, parRapply, parSapply, parSapplyLB

The following object is masked from ‘package:pROC’:

    var

The following objects are masked from ‘package:snow’:

    clusterApply, clusterApplyLB, clusterCall, clusterEvalQ,
    clusterExport, clusterMap, parApply, parCapply, parLapply,
    parRapply, parSapply

The following objects are masked from ‘package:stats’:

    IQR, mad, sd, var, xtabs

The following objects are masked from ‘package:base’:

    anyDuplicated, append, as.data.frame, cbind, colMeans, colnames,
    colSums, do.call, duplicated, eval, evalq, Filter, Find, get, grep,
    grepl, intersect, is.unsorted, lapply, lengths, Map, mapply, match,
    mget, order, paste, pmax, pmax.int, pmin, pmin.int, Position, rank,
    rbind, Reduce, rowMeans, rownames, rowSums, sapply, setdiff, sort,
    table, tapply, union, unique, unsplit, which, which.max, which.min

Welcome to Bioconductor

    Vignettes contain introductory material; view with
    'browseVignettes()'. To cite Bioconductor, see
    'citation("Biobase")', and for packages 'citation("pkgname")'.

Loading required package: KernSmooth
KernSmooth 2.23 loaded
Copyright M. P. Wand 1997-2009
> #library(CMA, lib="/home/kuppal3/karan_libs/Rlibs/")
> library(RankAggreg)
> library(CMA)

Attaching package: ‘CMA’

The following object is masked from ‘package:pROC’:

    roc

The following object is masked from ‘package:e1071’:

    tune

> library(expm)
Loading required package: Matrix

Attaching package: ‘expm’

The following object is masked from ‘package:Matrix’:

    expm

> library(plyr)

Attaching package: ‘plyr’

The following object is masked from ‘package:CMA’:

    join

> library(doParallel)
Loading required package: foreach
Loading required package: iterators
> cl<-makeCluster(1)
> 
> 
> args<-commandArgs(trailingOnly=TRUE)
> 
> #dirloc<-"/Users/karanuppal/Documents/Gatech/Projects/Algorithms/TwostagePSO/"
> #sname<-paste("/home/stu/kuppal3/Research/Feature_selection/Rcode/versionnov2014/OCFS_",args[9],".R",sep="")
> 
> sname<-paste("/home/kuppal2/Documents/Projects/xmsPANDA/Other/scripts/OCFS_",args[9],".R",sep="")
> source(sname)
> print(sname)
[1] "/home/kuppal2/Documents/Projects/xmsPANDA/Other/scripts/OCFS_vfeb817_v5C_2018_v12.R"
> 
> dirloc<-"/home/kuppal2/Documents/Projects/xmsPANDA/Other/Datasets/ARCENE/"
> setwd(dirloc)
> 
> 
> 
> 
> outloc<-paste(dirloc,"/OCFSvmay2415_Arcene",args[9],"/",sep="")
> 
> 
> sname<-paste(dirloc,"ARCENE.Rda",sep="")
> load(sname)
> 
> trainm<-ARCENE$X
> testm<-ARCENE$Xt
> trainclass<-ARCENE$Y
> testclass<-ARCENE$Yt
> 
> 
> trainm<-trainm[,-c(10001)]
> testm<-testm[,-c(10001)]
> trainm<-apply(trainm,2,as.numeric)
> testm<-apply(testm,2,as.numeric)
> 
> trainm<-cbind(trainclass,trainm)
> testm<-cbind(testclass,testm)
> 
> trainm<-na.omit(trainm)
> testm<-na.omit(testm)
> 
> dir.create(outloc)
Warning message:
In dir.create(outloc) :
  '/home/kuppal2/Documents/Projects/xmsPANDA/Other/Datasets/ARCENE//OCFSvmay2415_Arcenevfeb817_v5C_2018_v12' already exists
> setwd(outloc)
> 
> 
> trainm<-as.matrix(trainm)
> testm<-as.matrix(testm)
> trainclass<-trainm[,1] #CMAres$modtrainclass
> testclass<-testm[,1] #CMAres$modtestclass
> trainm<-trainm[,-c(1)] #CMAres$modtrainmata
> testm<-testm[,-c(1)] #CMAres$modtestmata
> 
> #a: Confusions
> #b: Neighbors
> #c: Global
> #d: Death
> 
> a<-c(0.25,0.25,0.25,0.25)
> b<-c(0.3,0.1,0.4,0.1)
> c<-c(0.25,0.25,0.5,0)
> d<-c(0.9,0.1,0,0.1)
> 
> a<-c(0,0.4,0.1,0.5)
> b<-c(0.3,0.1,0.4,0.1)
> c<-c(0,0.5,0.5,0)
> d<-c(0.9,0.1,0,0)
> 
> a<-c(0,0.4,0.1,0.5)
> b<-c(0.2,0.3,0.4,0.1)
> c<-c(0,0.4,0.4,0.2)
> d<-c(0.9,0.1,0,0)
> 
> transition_matrix<-rbind(a,b,c,d)
> 
> 
> dir.create(outloc)
Warning message:
In dir.create(outloc) :
  '/home/kuppal2/Documents/Projects/xmsPANDA/Other/Datasets/ARCENE//OCFSvmay2415_Arcenevfeb817_v5C_2018_v12' already exists
> setwd(outloc)
> temp2=t(trainm)
> temp2=apply(temp2, 2, function(x){which(x=="MD")})
> temp2=unlist(temp2)
> temp2=unique(temp2)
> if(length(temp2)>1)
+ {
+ 	trainm=trainm[,-c(temp2)]
+ 
+ 	rm(temp2)
+ }
> 
> boostweight=rep(0,dim(trainm)[2])
> 
> print("max num")
[1] "max num"
> print(as.numeric(args[10]))
[1] 15
> 
> #if(FALSE)
> {
+ CMAres<-performCMA(trainm, trainclass, testm, testclass,outloc,
+ maxnum=as.numeric(args[10]),
+ minnum=3,
+ stepitr=1,
+ gsmethods=c("limma"), #"lasso","elasticnet","kruskal.test"), #"f.test", "f.test", "elasticnet", "wilcox.test", "welch.test"),
+ pct_train=0.40,
+ accuracyweight=1,
+ featweight=0.06,
+ minpresent=1,
+ kname="radial",
+ norm_method="none",
+ tolerance=0.5,
+ maxitrs=5,
+ classindex=1,
+ numfacts=0,
+ evalmethod="CV",
+ numfolds=10,
+ CVfoldthresh=0.7,
+ varselmethod=args[11],
+ scheme_val="one-vs-all",
+ iter_learn=1,boostweight=rep(0,dim(trainm)[2]))
+ 
+ 
+ CMAres<-performCMA(trainm, trainclass, testm, testclass,outloc,
+ maxnum=as.numeric(args[10]),
+ minnum=3,
+ stepitr=1,
+ gsmethods=c("lasso"), #"lasso","elasticnet","kruskal.test"), #"f.test", "f.test", "elasticnet", "wilcox.test", "welch.test"),
+ pct_train=0.40,
+ accuracyweight=1,
+ featweight=0.06,
+ minpresent=1,
+ kname="radial",
+ norm_method="none",
+ tolerance=0.5,
+ maxitrs=5,
+ classindex=1,
+ numfacts=0,
+ evalmethod="CV",
+ numfolds=10,
+ CVfoldthresh=0.7,
+ varselmethod=args[11],
+ scheme_val="one-vs-all",
+ iter_learn=1,boostweight=rep(0,dim(trainm)[2]))
+ 
+ CMAres<-performCMA(trainm, trainclass, testm, testclass,outloc,
+ maxnum=as.numeric(args[10]),
+ minnum=3,
+ stepitr=1,
+ gsmethods=c("rfe"), #"lasso","elasticnet","kruskal.test"), #"f.test", "f.test", "elasticnet", "wilcox.test", "welch.test"),
+ pct_train=0.40,
+ accuracyweight=1,
+ featweight=0.06,
+ minpresent=1,
+ kname="radial",
+ norm_method="none",
+ tolerance=0.5,
+ maxitrs=5,
+ classindex=1,
+ numfacts=0,
+ evalmethod="CV",
+ numfolds=10,
+ CVfoldthresh=0.7,
+ varselmethod=args[11],
+ scheme_val="one-vs-all",
+ iter_learn=1,boostweight=rep(0,dim(trainm)[2]))
+ 
+ CMAres<-performCMA(trainm, trainclass, testm, testclass,outloc,
+ maxnum=as.numeric(args[10]),
+ minnum=3,
+ stepitr=1,
+ gsmethods=c("elasticnet"), #"lasso","elasticnet","kruskal.test"), #"f.test", "f.test", "elasticnet", "wilcox.test", "welch.test"),
+ pct_train=0.40,
+ accuracyweight=1,
+ featweight=0.06,
+ minpresent=1,
+ kname="radial",
+ norm_method="none",
+ tolerance=0.5,
+ maxitrs=5,
+ classindex=1,
+ numfacts=0,
+ evalmethod="CV",
+ numfolds=10,
+ CVfoldthresh=0.7,
+ varselmethod=args[11],
+ scheme_val="one-vs-all",
+ iter_learn=1,boostweight=rep(0,dim(trainm)[2]))
+ 
+ if(FALSE){
+ CMAres<-performCMA(trainm, trainclass, testm, testclass,outloc,
+ maxnum=as.numeric(args[10]),
+ minnum=3,
+ stepitr=1,
+ gsmethods=c("rf"), #"lasso","elasticnet","kruskal.test"), #"f.test", "f.test", "elasticnet", "wilcox.test", "welch.test"),
+ pct_train=0.40,
+ accuracyweight=1,
+ featweight=0.06,
+ minpresent=1,
+ kname="radial",
+ norm_method="none",
+ tolerance=0.5,
+ maxitrs=5,
+ classindex=1,
+ numfacts=0,
+ evalmethod="CV",
+ numfolds=10,
+ CVfoldthresh=0.7,
+ varselmethod=args[11],
+ scheme_val="one-vs-all",
+ iter_learn=1,boostweight=rep(0,dim(trainm)[2]))
+ }
+ 
+ CMAres<-performCMA(trainm, trainclass, testm, testclass,outloc,
+ maxnum=as.numeric(args[10]),
+ minnum=3,
+ stepitr=1,
+ gsmethods=c("f.test"), #"lasso","elasticnet","kruskal.test"), #"f.test", "f.test", "elasticnet", "wilcox.test", "welch.test"),
+ pct_train=0.40,
+ accuracyweight=1,
+ featweight=0.06,
+ minpresent=1,
+ kname="radial",
+ norm_method="none",
+ tolerance=0.5,
+ maxitrs=5,
+ classindex=1,
+ numfacts=0,
+ evalmethod="CV",
+ numfolds=10,
+ CVfoldthresh=0.7,
+ varselmethod=args[11],
+ scheme_val="one-vs-all",
+ iter_learn=1,boostweight=rep(0,dim(trainm)[2]))
+ }
[1] "dim of trainm is "
[1]   100 10000
[1]   100 10000
[1] "length of factcols"
[1] 0
[1]   100 10000
[1]   100 10000
integer(0)
character(0)
NULL
[1] "ok"
[1] "test class"
 1  2  3  4 
-1 -1 -1  1 
Levels: -1 1
[1] "orig train matrix"
      V1 V2  V3  V4 V5  V6  V7 V8 V9 V10
[1,]   0 71   0  95  0 538 404 20  0   0
[2,]   0 41  82 165 60 554 379  0 71   0
[3,]   0  0   1  40  0 451 402  0  0   0
[4,]   0 56  44 275 14 511 470  0  0   0
[5,] 105  0 141 348  0 268 329  0  0   1
[1] "orig train matrix"
      V1 V2  V3  V4 V5  V6  V7 V8 V9 V10
[1,]   0 71   0  95  0 538 404 20  0   0
[2,]   0 41  82 165 60 554 379  0 71   0
[3,]   0  0   1  40  0 451 402  0  0   0
[4,]   0 56  44 275 14 511 470  0  0   0
[5,] 105  0 141 348  0 268 329  0  0   1
[1]  0 82  1
[1] "norm train matrix"
      V1 V2  V3  V4 V5  V6  V7 V8 V9 V10
[1,]   0 71   0  95  0 538 404 20  0   0
[2,]   0 41  82 165 60 554 379  0 71   0
[3,]   0  0   1  40  0 451 402  0  0   0
[4,]   0 56  44 275 14 511 470  0  0   0
[5,] 105  0 141 348  0 268 329  0  0   1
[1] "mean of feat 2"
[1] 35.33
[1] "sd of feat 2"
[1] 37.69094
[1] "maxnum is "
[1] 15
[1] "# of genes left after filtering:"
[1]   100 10000
GeneSelection: iteration 1 

Attaching package: ‘limma’

The following object is masked from ‘package:BiocGenerics’:

    plotMA

GeneSelection: iteration 2 
GeneSelection: iteration 3 
GeneSelection: iteration 4 
GeneSelection: iteration 5 
GeneSelection: iteration 6 
GeneSelection: iteration 7 
GeneSelection: iteration 8 
GeneSelection: iteration 9 
GeneSelection: iteration 10 
[1] "varselmethod"
[1] "forward"
[1] "limma:3:69"
[1] "limma:3:69"
[1] "limma:4:69"
[1] "limma:4:69"
[1] "limma:5:68"
[1] "limma:4:69"
[1] "limma:6:67"
[1] "limma:4:69"
[1] "limma:7:70"
[1] "limma:7:70"
[1] "limma:8:67"
[1] "limma:7:70"
[1] "limma:9:69"
[1] "limma:7:70"
[1] "limma:10:70"
[1] "limma:10:70"
[1] "limma:11:70"
[1] "limma:11:70"
[1] "limma:12:74"
[1] "limma:12:74"
[1] "limma:13:71"
[1] "limma:12:74"
[1] "limma:14:73"
[1] "limma:12:74"
[1] "limma:15:72"
[1] "limma:12:74"
[1] "dim of scoring matrix is "
[1] 10000     1
[1] 10000
[1] "DS index stage 1"
[1] NA
[1] "bestgenelist"
 [1]   86  312  436  698 1476 3365 4290 5473 6928 7197 7748 8502
     V86 V312 V436 V698 V1476 V3365 V4290 V5473 V6928 V7197 V7748 V8502
[1,]   0    3    0    0     0     1     0     6    12    10     0     1
[2,]   0   92    1   14     4    94    21    35    49    42     8    28
[3,]   0   19    0    0     0    17     0     0     0     0     0     0
     V86 V312 V436 V698 V1476 V3365 V4290 V5473 V6928 V7197 V7748 V8502
[1,]   1   21    0    0     0    25     0     0     0     0     0     0
[2,]   0  195    0    0     0   187     0     0     0     0     0     0
[3,]  39  137   41   44    43   132    45    49    55    52    44    47
[1] "numgenes selected:12"
[1] "test acc:0.72"
[1] "test AUC acc:0.730519480519481"
[1] "10 fold train73"
[1] "confusion matrix train 10 fold"
          nci_y
pred10fold -1  1
        -1 36  3
        1  20 41
[1] "confusion matrix test"
         test_y
pred_test -1  1
       -1 36  8
       1  20 36
[1] "train acc:0.77"
[1] "confusion matrix train"
          nci_y
pred_train -1  1
        -1 36  3
        1  20 41
[1] "DS index stage 1"
[1] NA
[1] "KI index stage 1"
[1] NA
[1] "dim of trainm is "
[1]   100 10000
[1]   100 10000
[1] "length of factcols"
[1] 0
[1]   100 10000
[1]   100 10000
integer(0)
character(0)
NULL
[1] "ok"
[1] "test class"
 1  2  3  4 
-1 -1 -1  1 
Levels: -1 1
[1] "orig train matrix"
      V1 V2  V3  V4 V5  V6  V7 V8 V9 V10
[1,]   0 71   0  95  0 538 404 20  0   0
[2,]   0 41  82 165 60 554 379  0 71   0
[3,]   0  0   1  40  0 451 402  0  0   0
[4,]   0 56  44 275 14 511 470  0  0   0
[5,] 105  0 141 348  0 268 329  0  0   1
[1] "orig train matrix"
      V1 V2  V3  V4 V5  V6  V7 V8 V9 V10
[1,]   0 71   0  95  0 538 404 20  0   0
[2,]   0 41  82 165 60 554 379  0 71   0
[3,]   0  0   1  40  0 451 402  0  0   0
[4,]   0 56  44 275 14 511 470  0  0   0
[5,] 105  0 141 348  0 268 329  0  0   1
[1]  0 82  1
[1] "norm train matrix"
      V1 V2  V3  V4 V5  V6  V7 V8 V9 V10
[1,]   0 71   0  95  0 538 404 20  0   0
[2,]   0 41  82 165 60 554 379  0 71   0
[3,]   0  0   1  40  0 451 402  0  0   0
[4,]   0 56  44 275 14 511 470  0  0   0
[5,] 105  0 141 348  0 268 329  0  0   1
[1] "mean of feat 2"
[1] 35.33
[1] "sd of feat 2"
[1] 37.69094
[1] "maxnum is "
[1] 15
[1] "# of genes left after filtering:"
[1]   100 10000
GeneSelection: iteration 1 
Loaded glmnet 2.0-16


Attaching package: ‘glmnet’

The following object is masked from ‘package:pROC’:

    auc

GeneSelection: iteration 2 
GeneSelection: iteration 3 
GeneSelection: iteration 4 
GeneSelection: iteration 5 
GeneSelection: iteration 6 
GeneSelection: iteration 7 
GeneSelection: iteration 8 
GeneSelection: iteration 9 
GeneSelection: iteration 10 
genelist
1184 4352 1552 9868  312 4290 5672 7212  377  698 3365 5144 5956 6033 6584 7197 
  20   18   16   14   12   12   12   10    8    8    8    8    8    8    8    8 
8135 9970  762 1975 2743 2857 5473 2462 3936 4731 4738 7513 9319  271 1289 1734 
   8    8    6    6    6    6    6    4    4    4    4    4    4    2    2    2 
1762 3257 3319 4005 4059 4158 4203 4455 4703 5520 5995 6679 7234 7437 7928 8378 
   2    2    2    2    2    2    2    2    2    2    2    2    2    2    2    2 
8506 8954 9082 9215 9234 9275 9818 
   2    2    2    2    2    2    2 
[1] "varselmethod"
[1] "forward"
[1] "lasso:3:78"
[1] "lasso:3:78"
[1] "lasso:4:78"
[1] "lasso:4:78"
[1] "lasso:5:82"
[1] "lasso:5:82"
[1] "lasso:6:83"
[1] "lasso:6:83"
[1] "lasso:7:89"
[1] "lasso:7:89"
[1] "lasso:8:91"
[1] "lasso:8:91"
[1] "lasso:9:91"
[1] "lasso:9:91"
[1] "lasso:10:91"
[1] "lasso:10:91"
[1] "lasso:11:91"
[1] "lasso:11:91"
[1] "lasso:12:90"
[1] "lasso:11:91"
[1] "lasso:13:91"
[1] "lasso:13:91"
[1] "lasso:14:89"
[1] "lasso:13:91"
[1] "lasso:15:91"
[1] "lasso:15:91"
[1] "dim of scoring matrix is "
[1] 10000     1
[1] 10000
[1] "DS index stage 1"
[1] NA
[1] "bestgenelist"
 [1]  312  377  698 1184 1552 3365 4290 4352 5144 5672 5956 6033 6584 7212 9868
     V312 V377 V698 V1184 V1552 V3365 V4290 V4352 V5144 V5672 V5956 V6033 V6584
[1,]    3    0    0     0    14     1     0     0    45     0     0     0    34
[2,]   92    0   14     0    57    94    21     0     0     0     0    49    32
[3,]   19    0    0    25    16    17     0     0   223     0     0     0    14
     V7212 V9868
[1,]     0     0
[2,]    34     0
[3,]     0    13
     V312 V377 V698 V1184 V1552 V3365 V4290 V4352 V5144 V5672 V5956 V6033 V6584
[1,]   21   23    0    35     0    25     0     0    35     0     0     8    11
[2,]  195    0    0   144    81   187     0    49    18     0     0    57     0
[3,]  137    0   44     0     9   132    45     1    15    23    57    25     0
     V7212 V9868
[1,]     0     0
[2,]     0     0
[3,]     4     7
[1] "numgenes selected:15"
[1] "test acc:0.63"
[1] "test AUC acc:0.616071428571428"
[1] "10 fold train92"
[1] "confusion matrix train 10 fold"
          nci_y
pred10fold -1  1
        -1 54  0
        1   2 44
[1] "confusion matrix test"
         test_y
pred_test -1  1
       -1 41 22
       1  15 22
[1] "train acc:0.98"
[1] "confusion matrix train"
          nci_y
pred_train -1  1
        -1 54  0
        1   2 44
[1] "DS index stage 1"
[1] NA
[1] "KI index stage 1"
[1] NA
[1] "dim of trainm is "
[1]   100 10000
[1]   100 10000
[1] "length of factcols"
[1] 0
[1]   100 10000
[1]   100 10000
integer(0)
character(0)
NULL
[1] "ok"
[1] "test class"
 1  2  3  4 
-1 -1 -1  1 
Levels: -1 1
[1] "orig train matrix"
      V1 V2  V3  V4 V5  V6  V7 V8 V9 V10
[1,]   0 71   0  95  0 538 404 20  0   0
[2,]   0 41  82 165 60 554 379  0 71   0
[3,]   0  0   1  40  0 451 402  0  0   0
[4,]   0 56  44 275 14 511 470  0  0   0
[5,] 105  0 141 348  0 268 329  0  0   1
[1] "orig train matrix"
      V1 V2  V3  V4 V5  V6  V7 V8 V9 V10
[1,]   0 71   0  95  0 538 404 20  0   0
[2,]   0 41  82 165 60 554 379  0 71   0
[3,]   0  0   1  40  0 451 402  0  0   0
[4,]   0 56  44 275 14 511 470  0  0   0
[5,] 105  0 141 348  0 268 329  0  0   1
[1]  0 82  1
[1] "norm train matrix"
      V1 V2  V3  V4 V5  V6  V7 V8 V9 V10
[1,]   0 71   0  95  0 538 404 20  0   0
[2,]   0 41  82 165 60 554 379  0 71   0
[3,]   0  0   1  40  0 451 402  0  0   0
[4,]   0 56  44 275 14 511 470  0  0   0
[5,] 105  0 141 348  0 268 329  0  0   1
[1] "mean of feat 2"
[1] 35.33
[1] "sd of feat 2"
[1] 37.69094
[1] "maxnum is "
[1] 15
[1] "# of genes left after filtering:"
[1]   100 10000
GeneSelection: iteration 1 
GeneSelection: iteration 2 
GeneSelection: iteration 3 
GeneSelection: iteration 4 
GeneSelection: iteration 5 
GeneSelection: iteration 6 
GeneSelection: iteration 7 
GeneSelection: iteration 8 
GeneSelection: iteration 9 
GeneSelection: iteration 10 
[1] "varselmethod"
[1] "forward"
[1] "rfe:3:67"
[1] "rfe:3:67"
[1] "rfe:4:67"
[1] "rfe:4:67"
[1] "rfe:5:58"
[1] "rfe:4:67"
[1] "rfe:6:60"
[1] "rfe:4:67"
[1] "rfe:7:70"
[1] "rfe:7:70"
[1] "rfe:8:72"
[1] "rfe:8:72"
[1] "rfe:9:66"
[1] "rfe:8:72"
[1] "rfe:10:71"
[1] "rfe:8:72"
[1] "rfe:11:65"
[1] "rfe:8:72"
[1] "rfe:12:67"
[1] "rfe:8:72"
[1] "rfe:13:67"
[1] "rfe:8:72"
[1] "rfe:14:64"
[1] "rfe:8:72"
[1] "rfe:15:66"
[1] "rfe:8:72"
[1] "dim of scoring matrix is "
[1] 10000     1
[1] 10000
[1] "DS index stage 1"
[1] NA
[1] "bestgenelist"
[1] 1184 1627 2573 3644 4542 7861 9244 9550
     V1184 V1627 V2573 V3644 V4542 V7861 V9244 V9550
[1,]     0     0     0     0     5   557   102    23
[2,]     0     0     0     0     0     0    10    33
[3,]    25     0     0   287     0     0    27     5
     V1184 V1627 V2573 V3644 V4542 V7861 V9244 V9550
[1,]    35    54     0     0    11     0    13    19
[2,]   144     0     0   672     0     0   100   116
[3,]     0    19     0     0     0     0    45    51
[1] "numgenes selected:8"
[1] "test acc:0.54"
[1] "test AUC acc:0.513798701298701"
[1] "10 fold train73"
[1] "confusion matrix train 10 fold"
          nci_y
pred10fold -1  1
        -1 51 16
        1   5 28
[1] "confusion matrix test"
         test_y
pred_test -1  1
       -1 41 31
       1  15 13
[1] "train acc:0.79"
[1] "confusion matrix train"
          nci_y
pred_train -1  1
        -1 51 16
        1   5 28
[1] "DS index stage 1"
[1] NA
[1] "KI index stage 1"
[1] NA
[1] "dim of trainm is "
[1]   100 10000
[1]   100 10000
[1] "length of factcols"
[1] 0
[1]   100 10000
[1]   100 10000
integer(0)
character(0)
NULL
[1] "ok"
[1] "test class"
 1  2  3  4 
-1 -1 -1  1 
Levels: -1 1
[1] "orig train matrix"
      V1 V2  V3  V4 V5  V6  V7 V8 V9 V10
[1,]   0 71   0  95  0 538 404 20  0   0
[2,]   0 41  82 165 60 554 379  0 71   0
[3,]   0  0   1  40  0 451 402  0  0   0
[4,]   0 56  44 275 14 511 470  0  0   0
[5,] 105  0 141 348  0 268 329  0  0   1
[1] "orig train matrix"
      V1 V2  V3  V4 V5  V6  V7 V8 V9 V10
[1,]   0 71   0  95  0 538 404 20  0   0
[2,]   0 41  82 165 60 554 379  0 71   0
[3,]   0  0   1  40  0 451 402  0  0   0
[4,]   0 56  44 275 14 511 470  0  0   0
[5,] 105  0 141 348  0 268 329  0  0   1
[1]  0 82  1
[1] "norm train matrix"
      V1 V2  V3  V4 V5  V6  V7 V8 V9 V10
[1,]   0 71   0  95  0 538 404 20  0   0
[2,]   0 41  82 165 60 554 379  0 71   0
[3,]   0  0   1  40  0 451 402  0  0   0
[4,]   0 56  44 275 14 511 470  0  0   0
[5,] 105  0 141 348  0 268 329  0  0   1
[1] "mean of feat 2"
[1] 35.33
[1] "sd of feat 2"
[1] 37.69094
[1] "maxnum is "
[1] 15
[1] "# of genes left after filtering:"
[1]   100 10000
GeneSelection: iteration 1 
GeneSelection: iteration 2 
GeneSelection: iteration 3 
GeneSelection: iteration 4 
GeneSelection: iteration 5 
GeneSelection: iteration 6 
GeneSelection: iteration 7 
GeneSelection: iteration 8 
GeneSelection: iteration 9 
GeneSelection: iteration 10 
[1] "varselmethod"
[1] "forward"
[1] "elasticnet:3:78"
[1] "elasticnet:3:78"
[1] "elasticnet:4:85"
[1] "elasticnet:4:85"
[1] "elasticnet:5:86"
[1] "elasticnet:5:86"
[1] "elasticnet:6:83"
[1] "elasticnet:5:86"
[1] "elasticnet:7:89"
[1] "elasticnet:7:89"
[1] "elasticnet:8:88"
[1] "elasticnet:7:89"
[1] "elasticnet:9:93"
[1] "elasticnet:9:93"
[1] "elasticnet:10:90"
[1] "elasticnet:9:93"
[1] "elasticnet:11:90"
[1] "elasticnet:9:93"
[1] "elasticnet:12:88"
[1] "elasticnet:9:93"
[1] "elasticnet:13:93"
[1] "elasticnet:13:93"
[1] "elasticnet:14:91"
[1] "elasticnet:13:93"
[1] "elasticnet:15:91"
[1] "elasticnet:13:93"
[1] "dim of scoring matrix is "
[1] 10000     1
[1] 10000
[1] "DS index stage 1"
[1] NA
[1] "bestgenelist"
 [1]  312  377  698  762 1184 1552 3365 4290 4352 5672 6033 9234 9868
     V312 V377 V698 V762 V1184 V1552 V3365 V4290 V4352 V5672 V6033 V9234 V9868
[1,]    3    0    0    0     0    14     1     0     0     0     0     0     0
[2,]   92    0   14    0     0    57    94    21     0     0    49    46     0
[3,]   19    0    0    0    25    16    17     0     0     0     0     4    13
     V312 V377 V698 V762 V1184 V1552 V3365 V4290 V4352 V5672 V6033 V9234 V9868
[1,]   21   23    0    8    35     0    25     0     0     0     8    39     0
[2,]  195    0    0   40   144    81   187     0    49     0    57     0     0
[3,]  137    0   44    0     0     9   132    45     1    23    25    37     7
[1] "numgenes selected:13"
[1] "test acc:0.67"
[1] "test AUC acc:0.656655844155844"
[1] "10 fold train92"
[1] "confusion matrix train 10 fold"
          nci_y
pred10fold -1  1
        -1 52  0
        1   4 44
[1] "confusion matrix test"
         test_y
pred_test -1  1
       -1 43 20
       1  13 24
[1] "train acc:0.96"
[1] "confusion matrix train"
          nci_y
pred_train -1  1
        -1 52  0
        1   4 44
[1] "DS index stage 1"
[1] NA
[1] "KI index stage 1"
[1] NA
[1] "dim of trainm is "
[1]   100 10000
[1]   100 10000
[1] "length of factcols"
[1] 0
[1]   100 10000
[1]   100 10000
integer(0)
character(0)
NULL
[1] "ok"
[1] "test class"
 1  2  3  4 
-1 -1 -1  1 
Levels: -1 1
[1] "orig train matrix"
      V1 V2  V3  V4 V5  V6  V7 V8 V9 V10
[1,]   0 71   0  95  0 538 404 20  0   0
[2,]   0 41  82 165 60 554 379  0 71   0
[3,]   0  0   1  40  0 451 402  0  0   0
[4,]   0 56  44 275 14 511 470  0  0   0
[5,] 105  0 141 348  0 268 329  0  0   1
[1] "orig train matrix"
      V1 V2  V3  V4 V5  V6  V7 V8 V9 V10
[1,]   0 71   0  95  0 538 404 20  0   0
[2,]   0 41  82 165 60 554 379  0 71   0
[3,]   0  0   1  40  0 451 402  0  0   0
[4,]   0 56  44 275 14 511 470  0  0   0
[5,] 105  0 141 348  0 268 329  0  0   1
[1]  0 82  1
[1] "norm train matrix"
      V1 V2  V3  V4 V5  V6  V7 V8 V9 V10
[1,]   0 71   0  95  0 538 404 20  0   0
[2,]   0 41  82 165 60 554 379  0 71   0
[3,]   0  0   1  40  0 451 402  0  0   0
[4,]   0 56  44 275 14 511 470  0  0   0
[5,] 105  0 141 348  0 268 329  0  0   1
[1] "mean of feat 2"
[1] 35.33
[1] "sd of feat 2"
[1] 37.69094
[1] "maxnum is "
[1] 15
[1] "# of genes left after filtering:"
[1]   100 10000
GeneSelection: iteration 1 
GeneSelection: iteration 2 
GeneSelection: iteration 3 
GeneSelection: iteration 4 
GeneSelection: iteration 5 
GeneSelection: iteration 6 
GeneSelection: iteration 7 
GeneSelection: iteration 8 
GeneSelection: iteration 9 
GeneSelection: iteration 10 
[1] "varselmethod"
[1] "forward"
[1] "f.test:3:69"
[1] "f.test:3:69"
[1] "f.test:4:69"
[1] "f.test:4:69"
[1] "f.test:5:68"
[1] "f.test:4:69"
[1] "f.test:6:67"
[1] "f.test:4:69"
[1] "f.test:7:70"
[1] "f.test:7:70"
[1] "f.test:8:67"
[1] "f.test:7:70"
[1] "f.test:9:69"
[1] "f.test:7:70"
[1] "f.test:10:70"
[1] "f.test:10:70"
[1] "f.test:11:70"
[1] "f.test:11:70"
[1] "f.test:12:74"
[1] "f.test:12:74"
[1] "f.test:13:70"
[1] "f.test:12:74"
[1] "f.test:14:73"
[1] "f.test:12:74"
[1] "f.test:15:73"
[1] "f.test:12:74"
[1] "dim of scoring matrix is "
[1] 10000     1
[1] 10000
[1] "DS index stage 1"
[1] NA
[1] "bestgenelist"
 [1]   86  312  436  698 1476 4290 4960 5473 6928 7197 7748 8502
     V86 V312 V436 V698 V1476 V4290 V4960 V5473 V6928 V7197 V7748 V8502
[1,]   0    3    0    0     0     0     5     6    12    10     0     1
[2,]   0   92    1   14     4    21    88    35    49    42     8    28
[3,]   0   19    0    0     0     0    21     0     0     0     0     0
     V86 V312 V436 V698 V1476 V4290 V4960 V5473 V6928 V7197 V7748 V8502
[1,]   1   21    0    0     0     0    17     0     0     0     0     0
[2,]   0  195    0    0     0     0   204     0     0     0     0     0
[3,]  39  137   41   44    43    45   141    49    55    52    44    47
[1] "numgenes selected:12"
[1] "test acc:0.72"
[1] "test AUC acc:0.732954545454545"
[1] "10 fold train74"
[1] "confusion matrix train 10 fold"
          nci_y
pred10fold -1  1
        -1 35  2
        1  21 42
[1] "confusion matrix test"
         test_y
pred_test -1  1
       -1 35  7
       1  21 37
[1] "train acc:0.77"
[1] "confusion matrix train"
          nci_y
pred_train -1  1
        -1 35  2
        1  21 42
[1] "DS index stage 1"
[1] NA
[1] "KI index stage 1"
[1] NA
There were 50 or more warnings (use warnings() to see the first 50)
> 
> 
> #1
> CMAres<-performCMA(trainm, trainclass, testm, testclass,outloc,
+ maxnum=as.numeric(args[10]),
+ minnum=3,
+ stepitr=1,
+ gsmethods=c("limma","lasso","rfe","elasticnet", "f.test"), #"lasso","elasticnet","kruskal.test"), #"f.test", "f.test", "elasticnet", "wilcox.test", "welch.test"),
+ pct_train=0.40,
+ accuracyweight=1,
+ featweight=0.06,
+ minpresent=1,
+ kname="radial",
+ norm_method="none",
+ tolerance=0.5,
+ maxitrs=5,
+ classindex=1,
+ numfacts=0,
+ evalmethod="CV",
+ numfolds=10,
+ CVfoldthresh=0.7,
+ varselmethod=args[11],
+ scheme_val="one-vs-all",
+ iter_learn=1,boostweight=rep(0,dim(trainm)[2]))
[1] "dim of trainm is "
[1]   100 10000
[1]   100 10000
[1] "length of factcols"
[1] 0
[1]   100 10000
[1]   100 10000
integer(0)
character(0)
NULL
[1] "ok"
[1] "test class"
 1  2  3  4 
-1 -1 -1  1 
Levels: -1 1
[1] "orig train matrix"
      V1 V2  V3  V4 V5  V6  V7 V8 V9 V10
[1,]   0 71   0  95  0 538 404 20  0   0
[2,]   0 41  82 165 60 554 379  0 71   0
[3,]   0  0   1  40  0 451 402  0  0   0
[4,]   0 56  44 275 14 511 470  0  0   0
[5,] 105  0 141 348  0 268 329  0  0   1
[1] "orig train matrix"
      V1 V2  V3  V4 V5  V6  V7 V8 V9 V10
[1,]   0 71   0  95  0 538 404 20  0   0
[2,]   0 41  82 165 60 554 379  0 71   0
[3,]   0  0   1  40  0 451 402  0  0   0
[4,]   0 56  44 275 14 511 470  0  0   0
[5,] 105  0 141 348  0 268 329  0  0   1
[1]  0 82  1
[1] "norm train matrix"
      V1 V2  V3  V4 V5  V6  V7 V8 V9 V10
[1,]   0 71   0  95  0 538 404 20  0   0
[2,]   0 41  82 165 60 554 379  0 71   0
[3,]   0  0   1  40  0 451 402  0  0   0
[4,]   0 56  44 275 14 511 470  0  0   0
[5,] 105  0 141 348  0 268 329  0  0   1
[1] "mean of feat 2"
[1] 35.33
[1] "sd of feat 2"
[1] 37.69094
[1] "maxnum is "
[1] 15
[1] "# of genes left after filtering:"
[1]   100 10000
GeneSelection: iteration 1 
GeneSelection: iteration 2 
GeneSelection: iteration 3 
GeneSelection: iteration 4 
GeneSelection: iteration 5 
GeneSelection: iteration 6 
GeneSelection: iteration 7 
GeneSelection: iteration 8 
GeneSelection: iteration 9 
GeneSelection: iteration 10 
[1] "varselmethod"
[1] "forward"
[1] "limma:3:69"
[1] "limma:3:69"
[1] "limma:4:69"
[1] "limma:4:69"
[1] "limma:5:68"
[1] "limma:4:69"
[1] "limma:6:67"
[1] "limma:4:69"
[1] "limma:7:70"
[1] "limma:7:70"
[1] "limma:8:67"
[1] "limma:7:70"
[1] "limma:9:69"
[1] "limma:7:70"
[1] "limma:10:70"
[1] "limma:10:70"
[1] "limma:11:70"
[1] "limma:11:70"
[1] "limma:12:74"
[1] "limma:12:74"
[1] "limma:13:71"
[1] "limma:12:74"
[1] "limma:14:73"
[1] "limma:12:74"
[1] "limma:15:72"
[1] "limma:12:74"
GeneSelection: iteration 1 
GeneSelection: iteration 2 
GeneSelection: iteration 3 
GeneSelection: iteration 4 
GeneSelection: iteration 5 
GeneSelection: iteration 6 
GeneSelection: iteration 7 
GeneSelection: iteration 8 
GeneSelection: iteration 9 
GeneSelection: iteration 10 
genelist
1184 4352 1552 9868  312 4290 5672 7212  377  698 3365 5144 5956 6033 6584 7197 
  20   18   16   14   12   12   12   10    8    8    8    8    8    8    8    8 
8135 9970  762 1975 2743 2857 5473 2462 3936 4731 4738 7513 9319  271 1289 1734 
   8    8    6    6    6    6    6    4    4    4    4    4    4    2    2    2 
1762 3257 3319 4005 4059 4158 4203 4455 4703 5520 5995 6679 7234 7437 7928 8378 
   2    2    2    2    2    2    2    2    2    2    2    2    2    2    2    2 
8506 8954 9082 9215 9234 9275 9818 
   2    2    2    2    2    2    2 
[1] "varselmethod"
[1] "forward"
[1] "lasso:3:79"
[1] "lasso:3:79"
[1] "lasso:4:79"
[1] "lasso:4:79"
[1] "lasso:5:82"
[1] "lasso:5:82"
[1] "lasso:6:86"
[1] "lasso:6:86"
[1] "lasso:7:90"
[1] "lasso:7:90"
[1] "lasso:8:90"
[1] "lasso:8:90"
[1] "lasso:9:90"
[1] "lasso:9:90"
[1] "lasso:10:91"
[1] "lasso:10:91"
[1] "lasso:11:91"
[1] "lasso:11:91"
[1] "lasso:12:89"
[1] "lasso:11:91"
[1] "lasso:13:91"
[1] "lasso:13:91"
[1] "lasso:14:90"
[1] "lasso:13:91"
[1] "lasso:15:95"
[1] "lasso:15:95"
GeneSelection: iteration 1 
GeneSelection: iteration 2 
GeneSelection: iteration 3 
GeneSelection: iteration 4 
GeneSelection: iteration 5 
GeneSelection: iteration 6 
GeneSelection: iteration 7 
GeneSelection: iteration 8 
GeneSelection: iteration 9 
GeneSelection: iteration 10 
[1] "varselmethod"
[1] "forward"
[1] "rfe:3:63"
[1] "rfe:3:63"
[1] "rfe:4:61"
[1] "rfe:3:63"
[1] "rfe:5:65"
[1] "rfe:5:65"
[1] "rfe:6:66"
[1] "rfe:6:66"
[1] "rfe:7:68"
[1] "rfe:7:68"
[1] "rfe:8:73"
[1] "rfe:8:73"
[1] "rfe:9:67"
[1] "rfe:8:73"
[1] "rfe:10:69"
[1] "rfe:8:73"
[1] "rfe:11:68"
[1] "rfe:8:73"
[1] "rfe:12:64"
[1] "rfe:8:73"
[1] "rfe:13:65"
[1] "rfe:8:73"
[1] "rfe:14:64"
[1] "rfe:8:73"
[1] "rfe:15:66"
[1] "rfe:8:73"
GeneSelection: iteration 1 
GeneSelection: iteration 2 
GeneSelection: iteration 3 
GeneSelection: iteration 4 
GeneSelection: iteration 5 
GeneSelection: iteration 6 
GeneSelection: iteration 7 
GeneSelection: iteration 8 
GeneSelection: iteration 9 
GeneSelection: iteration 10 
[1] "varselmethod"
[1] "forward"
[1] "elasticnet:3:76"
[1] "elasticnet:3:76"
[1] "elasticnet:4:85"
[1] "elasticnet:4:85"
[1] "elasticnet:5:87"
[1] "elasticnet:5:87"
[1] "elasticnet:6:85"
[1] "elasticnet:5:87"
[1] "elasticnet:7:88"
[1] "elasticnet:7:88"
[1] "elasticnet:8:90"
[1] "elasticnet:8:90"
[1] "elasticnet:9:90"
[1] "elasticnet:9:90"
[1] "elasticnet:10:89"
[1] "elasticnet:9:90"
[1] "elasticnet:11:90"
[1] "elasticnet:11:90"
[1] "elasticnet:12:89"
[1] "elasticnet:11:90"
[1] "elasticnet:13:93"
[1] "elasticnet:13:93"
[1] "elasticnet:14:93"
[1] "elasticnet:14:93"
[1] "elasticnet:15:89"
[1] "elasticnet:14:93"
GeneSelection: iteration 1 
GeneSelection: iteration 2 
GeneSelection: iteration 3 
GeneSelection: iteration 4 
GeneSelection: iteration 5 
GeneSelection: iteration 6 
GeneSelection: iteration 7 
GeneSelection: iteration 8 
GeneSelection: iteration 9 
GeneSelection: iteration 10 
[1] "varselmethod"
[1] "forward"
[1] "f.test:3:70"
[1] "f.test:3:70"
[1] "f.test:4:68"
[1] "f.test:3:70"
[1] "f.test:5:70"
[1] "f.test:5:70"
[1] "f.test:6:67"
[1] "f.test:5:70"
[1] "f.test:7:69"
[1] "f.test:5:70"
[1] "f.test:8:69"
[1] "f.test:5:70"
[1] "f.test:9:70"
[1] "f.test:9:70"
[1] "f.test:10:68"
[1] "f.test:9:70"
[1] "f.test:11:70"
[1] "f.test:11:70"
[1] "f.test:12:68"
[1] "f.test:11:70"
[1] "f.test:13:71"
[1] "f.test:13:71"
[1] "f.test:14:74"
[1] "f.test:14:74"
[1] "f.test:15:68"
[1] "f.test:14:74"
[1] "dim of scoring matrix is "
[1] 10000     5
[1] 10000
[1] "DS index stage 1"
[1] 0.3025128
[1] "bestgenelist"
 [1]   86  312  377  436  698  762 1184 1476 1552 1627 1883 1975 2573 3365 3644
[16] 4290 4352 4542 4960 5144 5473 5672 5956 6033 6584 6928 7197 7212 7748 7861
[31] 8502 9234 9244 9550 9868
     V86 V312 V377 V436 V698 V762 V1184 V1476 V1552 V1627 V1883 V1975 V2573
[1,]   0    3    0    0    0    0     0     0    14     0    13     0     0
[2,]   0   92    0    1   14    0     0     4    57     0    55    54     0
[3,]   0   19    0    0    0    0    25     0    16     0     0     0     0
     V3365 V3644 V4290 V4352 V4542 V4960 V5144 V5473 V5672 V5956 V6033 V6584
[1,]     1     0     0     0     5     5    45     6     0     0     0    34
[2,]    94     0    21     0     0    88     0    35     0     0    49    32
[3,]    17   287     0     0     0    21   223     0     0     0     0    14
     V6928 V7197 V7212 V7748 V7861 V8502 V9234 V9244 V9550 V9868
[1,]    12    10     0     0   557     1     0   102    23     0
[2,]    49    42    34     8     0    28    46    10    33     0
[3,]     0     0     0     0     0     0     4    27     5    13
     V86 V312 V377 V436 V698 V762 V1184 V1476 V1552 V1627 V1883 V1975 V2573
[1,]   1   21   23    0    0    8    35     0     0    54     0     6     0
[2,]   0  195    0    0    0   40   144     0    81     0     0     0     0
[3,]  39  137    0   41   44    0     0    43     9    19    57    52     0
     V3365 V3644 V4290 V4352 V4542 V4960 V5144 V5473 V5672 V5956 V6033 V6584
[1,]    25     0     0     0    11    17    35     0     0     0     8    11
[2,]   187   672     0    49     0   204    18     0     0     0    57     0
[3,]   132     0    45     1     0   141    15    49    23    57    25     0
     V6928 V7197 V7212 V7748 V7861 V8502 V9234 V9244 V9550 V9868
[1,]     0     0     0     0     0     0    39    13    19     0
[2,]     0     0     0     0     0     0     0   100   116     0
[3,]    55    52     4    44     0    47    37    45    51     7
[1] "numgenes selected:35"
[1] "test acc:0.72"
[1] "test AUC acc:0.711038961038961"
[1] "10 fold train96"
[1] "confusion matrix train 10 fold"
          nci_y
pred10fold -1  1
        -1 56  1
        1   0 43
[1] "confusion matrix test"
         test_y
pred_test -1  1
       -1 44 16
       1  12 28
[1] "train acc:0.99"
[1] "confusion matrix train"
          nci_y
pred_train -1  1
        -1 56  1
        1   0 43
[1] "DS index stage 1"
[1] 0.3025128
[1] "KI index stage 1"
[1] 0.6361208
There were 23 warnings (use warnings() to see them)
> 
> cma_feat_list<-colnames(trainm)
> 
> save(CMAres,file="CMAres.Rda")
> write.table(cma_feat_list,file="selected_cma_feat_list.txt",sep="t",row.names=FALSE)
> 
> # modtraindata=modtrain, modtestdata=modtest, blindtest=testacc, modtrainclass=nci_y, modtestclass=test_y
> #if(FALSE)
> {
+ trainm<-CMAres$modtraindata
+ testm<-CMAres$modtestdata
+ trainclass<-CMAres$modtrainclass
+ testclass<-CMAres$modtestclass
+ learningsets<-CMAres$learningsets
+ }
> 
> if(FALSE)
+ {
+ trainclass<-trainm[,1] #CMAres$modtrainclass
+ testclass<-testm[,1] #CMAres$modtestclass
+ trainm<-trainm[,-c(1)] #CMAres$modtrainmata
+ testm<-testm[,-c(1)] #CMAres$modtestmata
+ 
+ }
> 
> d_dim<-dim(trainm)
> 
> print("Original dimension")
[1] "Original dimension"
> print(d_dim)
[1] 100  35
> 
> 
> system.time(psores<-run_pso(outloc=outloc,trainm,trainclass,testm,testclass,transition_matrix,c1=2.05,
+ c2=2.05,
+ itr=10,
+ globalpso_maxitr=10,
+ global_max_itr=10,
+ num_part=20,
+ kname="radial",
+ errortype="BER",
+ weightA<-as.numeric(args[1]),
+ weightB<-as.numeric(args[2]),
+ weightC<-as.numeric(args[3]),
+ weightD<-as.numeric(args[4]),
+ featweight.max=0.1,
+ featweight.min=0.01,
+ numfolds=10,
+ followerprob=as.numeric(args[6]),
+ confusionprob=as.numeric(args[7]),
+ leaderprob=as.numeric(args[8]),
+ wmax=1,
+ wmin=0.1,
+ behavior_reset_itr=5,
+ maxitrreset=10,
+ num_neighbors=3,
+ minselect.pct=0.5,
+ evalMode="CV2",
+ minfitnessthresh=50,
+ maxnum=as.numeric(args[10]),minnum=3,inertia_method=args[5],particlebehav_method="randbased",constriction_factor=1,
+ select.global.best=TRUE,numnodes=4,evalFunc=eval_fit_kfold_diff,itr.terminate=FALSE,train.pct=0.8))
[1] "c1: 2.05"
[1] "c2: 2.05"
[1] "itr: 10"
[1] "globalpso_maxitr: 10"
[1] "global_max_itr: 10"
[1] "num_part: 20"
[1] "kname: radial"
[1] "errortype: BER"
[1] "weightA: 0.8"
[1] "weightB: 0.05"
[1] "weightC: 0.05"
[1] "weightD: 0.1"
[1] "featweight.max: 0.1"
[1] "featweight.min: 0.01"
[1] "numfolds: 10"
[1] "followerprob: 0.3"
[1] "confusionprob: 0.1"
[1] "leaderprob: 0.5"
[1] "wmax: 1"
[1] "wmin: 0.1"
[1] "behavior_reset_itr: 5"
[1] "maxitrreset: 10"
[1] "num_neighbors: 3"
[1] "minselect.pct: 0.5"
[1] "minfitnessthresh: 50"
[1] "maxnum: 15"
[1] "minnum: 3"
[1] "inertia_method: global"
[1] "particlebehav_method: randbased"
[1] "constriction_factor: 1"
[1] "select.global.best: TRUE"
[1] "train 10 fold"
[1] 96
[1] "here"
[1] "s"
[1] 80
[1] 100  35
[1] 10
[1] "learning sets: 1"
 [1] 96 92 20 21 34 26 37 22 35 65 45 25 54  5 40 15 42 23 19 38 89 56 51 76 28
[26] 63 47 99  8 53 10 90 43 60 86 17 83  2 46 97 95  9 11 79 18 50  1 94 81 85
[51] 82 55 69 88 24 49 36 91  4 78 27 31 75 93 41 70 44 84 33 58 12  3 72 57 16
[76] 87 52 29 59 64
[1] "Starting global iteration number : 1"
[1] "iteration number: "
[1] 1
[1] "iteration number: "
[1] 2
[1] "iteration number: "
[1] 3
[1] "iteration number: "
[1] 4
[1] "iteration number: "
[1] 5
[1] "iteration number: "
[1] 6
[1] "iteration number: "
[1] 7
[1] "iteration number: "
[1] 8
[1] "iteration number: "
[1] 9
[1] "iteration number: "
[1] 10
[1] "iteration number: "
[1] 11
[1] "iteration number: "
[1] 12
[1] "iteration number: "
[1] 13
[1] "iteration number: "
[1] 14
[1] "iteration number: "
[1] 15
[1] "iteration number: "
[1] 16
[1] "iteration number: "
[1] 17
[1] "iteration number: "
[1] 18
[1] "iteration number: "
[1] 19
[1] "iteration number: "
[1] 20
[1] "iteration number: "
[1] 21
[1] "iteration number: "
[1] 22
[1] "iteration number: "
[1] 23
[1] "iteration number: "
[1] 24
[1] "iteration number: "
[1] 25
[1] "iteration number: "
[1] 26
[1] "iteration number: "
[1] 27
[1] "iteration number: "
[1] 28
[1] "iteration number: "
[1] 29
[1] "iteration number: "
[1] 30
[1] "iteration number: "
[1] 31
[1] "iteration number: "
[1] 32
[1] "iteration number: "
[1] 33
[1] "iteration number: "
[1] 34
[1] "iteration number: "
[1] 35
[1] "iteration number: "
[1] 36
[1] "iteration number: "
[1] 37
[1] "iteration number: "
[1] 38
[1] "iteration number: "
[1] 39
[1] "iteration number: "
[1] 40
[1] "iteration number: "
[1] 41
[1] "iteration number: "
[1] 42
[1] "iteration number: "
[1] 43
[1] "iteration number: "
[1] 44
[1] "iteration number: "
[1] 45
[1] "iteration number: "
[1] 46
[1] "iteration number: "
[1] 47
[1] "iteration number: "
[1] 48
[1] "iteration number: "
[1] 49
[1] "iteration number: "
[1] 50
[1] "iteration number: "
[1] 51
[1] "iteration number: "
[1] 52
[1] "iteration number: "
[1] 53
[1] "iteration number: "
[1] 54
[1] "iteration number: "
[1] 55
[1] "iteration number: "
[1] 56
[1] "iteration number: "
[1] 57
[1] "iteration number: "
[1] 58
[1] "iteration number: "
[1] 59
[1] "iteration number: "
[1] 60
[1] "iteration number: "
[1] 61
[1] "iteration number: "
[1] 62
[1] "iteration number: "
[1] 63
[1] "iteration number: "
[1] 64
[1] "iteration number: "
[1] 65
[1] "iteration number: "
[1] 66
[1] "iteration number: "
[1] 67
[1] "iteration number: "
[1] 68
[1] "iteration number: "
[1] 69
[1] "iteration number: "
[1] 70
[1] "iteration number: "
[1] 71
[1] "iteration number: "
[1] 72
[1] "iteration number: "
[1] 73
[1] "iteration number: "
[1] 74
[1] "iteration number: "
[1] 75
[1] "iteration number: "
[1] 76
[1] "iteration number: "
[1] 77
[1] "iteration number: "
[1] 78
[1] "iteration number: "
[1] 79
[1] "iteration number: "
[1] 80
[1] "iteration number: "
[1] 81
[1] "iteration number: "
[1] 82
[1] "iteration number: "
[1] 83
[1] "iteration number: "
[1] 84
[1] "iteration number: "
[1] 85
[1] "iteration number: "
[1] 86
[1] "iteration number: "
[1] 87
[1] "iteration number: "
[1] 88
[1] "iteration number: "
[1] 89
[1] "iteration number: "
[1] 90
[1] "iteration number: "
[1] 91
[1] "iteration number: "
[1] 92
[1] "iteration number: "
[1] 93
[1] "iteration number: "
[1] 94
[1] "iteration number: "
[1] 95
[1] "iteration number: "
[1] 96
[1] "iteration number: "
[1] 97
[1] "iteration number: "
[1] 98
[1] "iteration number: "
[1] 99
[1] "iteration number: "
[1] 100
[1] "iteration number: "
[1] 101
[1] "iteration number: "
[1] 102
[1] "iteration number: "
[1] 103
[1] "iteration number: "
[1] 104
[1] "iteration number: "
[1] 105
[1] "iteration number: "
[1] 106
[1] "iteration number: "
[1] 107
[1] "iteration number: "
[1] 108
[1] "iteration number: "
[1] 109
[1] "iteration number: "
[1] 110
[1] "iteration number: "
[1] 111
[1] "iteration number: "
[1] 112
[1] "iteration number: "
[1] 113
[1] "iteration number: "
[1] 114
[1] "iteration number: "
[1] 115
[1] "iteration number: "
[1] 116
[1] "iteration number: "
[1] 117
[1] "iteration number: "
[1] 118
[1] "iteration number: "
[1] 119
[1] "iteration number: "
[1] 120
[1] "iteration number: "
[1] 121
[1] "iteration number: "
[1] 122
[1] "iteration number: "
[1] 123
[1] "iteration number: "
[1] 124
[1] "iteration number: "
[1] 125
[1] "iteration number: "
[1] 126
[1] "iteration number: "
[1] 127
[1] "iteration number: "
[1] 128
[1] "iteration number: "
[1] 129
[1] "iteration number: "
[1] 130
[1] "iteration number: "
[1] 131
[1] "iteration number: "
[1] 132
[1] "iteration number: "
[1] 133
[1] "iteration number: "
[1] 134
[1] "iteration number: "
[1] 135
[1] "iteration number: "
[1] 136
[1] "iteration number: "
[1] 137
[1] "iteration number: "
[1] 138
[1] "iteration number: "
[1] 139
[1] "iteration number: "
[1] 140
[1] "iteration number: "
[1] 141
[1] "iteration number: "
[1] 142
[1] "iteration number: "
[1] 143
[1] "iteration number: "
[1] 144
[1] "iteration number: "
[1] 145
[1] "iteration number: "
[1] 146
[1] "iteration number: "
[1] 147
[1] "iteration number: "
[1] 148
[1] "iteration number: "
[1] 149
[1] "iteration number: "
[1] 150
[1] "iteration number: "
[1] 151
[1] "iteration number: "
[1] 152
[1] "iteration number: "
[1] 153
[1] "iteration number: "
[1] 154
[1] "iteration number: "
[1] 155
[1] "iteration number: "
[1] 156
[1] "iteration number: "
[1] 157
[1] "iteration number: "
[1] 158
[1] "iteration number: "
[1] 159
[1] "iteration number: "
[1] 160
[1] "iteration number: "
[1] 161
[1] "iteration number: "
[1] 162
[1] "iteration number: "
[1] 163
[1] "iteration number: "
[1] 164
[1] "iteration number: "
[1] 165
[1] "iteration number: "
[1] 166
[1] "iteration number: "
[1] 167
[1] "iteration number: "
[1] 168
[1] "iteration number: "
[1] 169
[1] "iteration number: "
[1] 170
[1] "iteration number: "
[1] 171
[1] "iteration number: "
[1] 172
[1] "iteration number: "
[1] 173
[1] "iteration number: "
[1] 174
[1] "iteration number: "
[1] 175
[1] "iteration number: "
[1] 176
[1] "iteration number: "
[1] 177
[1] "iteration number: "
[1] 178
[1] "iteration number: "
[1] 179
[1] "iteration number: "
[1] 180
[1] "iteration number: "
[1] 181
[1] "iteration number: "
[1] 182
[1] "iteration number: "
[1] 183
[1] "iteration number: "
[1] 184
[1] "iteration number: "
[1] 185
[1] "iteration number: "
[1] 186
[1] "iteration number: "
[1] 187
[1] "iteration number: "
[1] 188
[1] "iteration number: "
[1] 189
[1] "iteration number: "
[1] 190
[1] "iteration number: "
[1] 191
[1] "iteration number: "
[1] 192
[1] "iteration number: "
[1] 193
[1] "iteration number: "
[1] 194
[1] "iteration number: "
[1] 195
[1] "iteration number: "
[1] 196
[1] "iteration number: "
[1] 197
[1] "iteration number: "
[1] 198
[1] "iteration number: "
[1] 199
[1] "iteration number: "
[1] 200
[1] "iteration number: "
[1] 201
[1] "iteration number: "
[1] 202
[1] "iteration number: "
[1] 203
[1] "iteration number: "
[1] 204
[1] "iteration number: "
[1] 205
[1] "iteration number: "
[1] 206
[1] "iteration number: "
[1] 207
[1] "iteration number: "
[1] 208
[1] "iteration number: "
[1] 209
[1] "iteration number: "
[1] 210
[1] "iteration number: "
[1] 211
[1] "iteration number: "
[1] 212
[1] "iteration number: "
[1] 213
[1] "iteration number: "
[1] 214
[1] "iteration number: "
[1] 215
[1] "iteration number: "
[1] 216
[1] "iteration number: "
[1] 217
[1] "iteration number: "
[1] 218
[1] "iteration number: "
[1] 219
[1] "iteration number: "
[1] 220
[1] "iteration number: "
[1] 221
[1] "iteration number: "
[1] 222
[1] "iteration number: "
[1] 223
[1] "iteration number: "
[1] 224
[1] "iteration number: "
[1] 225
[1] "iteration number: "
[1] 226
[1] "iteration number: "
[1] 227
[1] "iteration number: "
[1] 228
[1] "iteration number: "
[1] 229
[1] "iteration number: "
[1] 230
[1] "iteration number: "
[1] 231
[1] "iteration number: "
[1] 232
[1] "iteration number: "
[1] 233
[1] "iteration number: "
[1] 234
[1] "iteration number: "
[1] 235
[1] "iteration number: "
[1] 236
[1] "iteration number: "
[1] 237
[1] "iteration number: "
[1] 238
[1] "iteration number: "
[1] 239
[1] "iteration number: "
[1] 240
[1] "iteration number: "
[1] 241
[1] "iteration number: "
[1] 242
[1] "iteration number: "
[1] 243
[1] "iteration number: "
[1] 244
[1] "iteration number: "
[1] 245
[1] "iteration number: "
[1] 246
[1] "iteration number: "
[1] 247
[1] "iteration number: "
[1] 248
[1] "iteration number: "
[1] 249
[1] "iteration number: "
[1] 250
[1] "iteration number: "
[1] 251
[1] "iteration number: "
[1] 252
[1] "iteration number: "
[1] 253
[1] "iteration number: "
[1] 254
[1] "iteration number: "
[1] 255
[1] "iteration number: "
[1] 256
[1] "iteration number: "
[1] 257
[1] "iteration number: "
[1] 258
[1] "iteration number: "
[1] 259
[1] "iteration number: "
[1] 260
[1] "iteration number: "
[1] 261
[1] "iteration number: "
[1] 262
[1] "iteration number: "
[1] 263
[1] "iteration number: "
[1] 264
[1] "iteration number: "
[1] 265
[1] "iteration number: "
[1] 266
[1] "iteration number: "
[1] 267
[1] "iteration number: "
[1] 268
[1] "iteration number: "
[1] 269
[1] "iteration number: "
[1] 270
[1] "iteration number: "
[1] 271
[1] "iteration number: "
[1] 272
[1] "iteration number: "
[1] 273
[1] "iteration number: "
[1] 274
[1] "iteration number: "
[1] 275
[1] "iteration number: "
[1] 276
[1] "iteration number: "
[1] 277
[1] "iteration number: "
[1] 278
[1] "iteration number: "
[1] 279
[1] "iteration number: "
[1] 280
[1] "iteration number: "
[1] 281
[1] "iteration number: "
[1] 282
[1] "iteration number: "
[1] 283
[1] "iteration number: "
[1] 284
[1] "iteration number: "
[1] 285
[1] "iteration number: "
[1] 286
[1] "iteration number: "
[1] 287
[1] "iteration number: "
[1] 288
[1] "iteration number: "
[1] 289
[1] "iteration number: "
[1] 290
[1] "iteration number: "
[1] 291
[1] "iteration number: "
[1] 292
[1] "iteration number: "
[1] 293
[1] "iteration number: "
[1] 294
[1] "iteration number: "
[1] 295
[1] "iteration number: "
[1] 296
[1] "iteration number: "
[1] 297
[1] "iteration number: "
[1] 298
[1] "iteration number: "
[1] 299
[1] "iteration number: "
[1] 300
[1] "iteration number: "
[1] 301
[1] "iteration number: "
[1] 302
[1] "iteration number: "
[1] 303
[1] "iteration number: "
[1] 304
[1] "iteration number: "
[1] 305
[1] "iteration number: "
[1] 306
[1] "iteration number: "
[1] 307
[1] "iteration number: "
[1] 308
[1] "iteration number: "
[1] 309
[1] "iteration number: "
[1] 310
[1] "iteration number: "
[1] 311
[1] "iteration number: "
[1] 312
[1] "iteration number: "
[1] 313
[1] "iteration number: "
[1] 314
[1] "iteration number: "
[1] 315
[1] "iteration number: "
[1] 316
[1] "iteration number: "
[1] 317
[1] "iteration number: "
[1] 318
[1] "iteration number: "
[1] 319
[1] "iteration number: "
[1] 320
[1] "iteration number: "
[1] 321
[1] "iteration number: "
[1] 322
[1] "iteration number: "
[1] 323
[1] "iteration number: "
[1] 324
[1] "iteration number: "
[1] 325
[1] "iteration number: "
[1] 326
[1] "iteration number: "
[1] 327
[1] "iteration number: "
[1] 328
[1] "iteration number: "
[1] 329
[1] "iteration number: "
[1] 330
[1] "iteration number: "
[1] 331
[1] "iteration number: "
[1] 332
[1] "iteration number: "
[1] 333
[1] "iteration number: "
[1] 334
[1] "iteration number: "
[1] 335
[1] "iteration number: "
[1] 336
[1] "iteration number: "
[1] 337
[1] "iteration number: "
[1] 338
[1] "iteration number: "
[1] 339
[1] "iteration number: "
[1] 340
[1] "iteration number: "
[1] 341
[1] "iteration number: "
[1] 342
[1] "iteration number: "
[1] 343
[1] "iteration number: "
[1] 344
[1] "iteration number: "
[1] 345
[1] "iteration number: "
[1] 346
[1] "iteration number: "
[1] 347
[1] "iteration number: "
[1] 348
[1] "iteration number: "
[1] 349
[1] "iteration number: "
[1] 350
[1] "iteration number: "
[1] 351
[1] "iteration number: "
[1] 352
[1] "iteration number: "
[1] 353
[1] "iteration number: "
[1] 354
[1] "No change for 11 iterations. Exiting PSO."
[1] "##################################"
[1] "Results summary for itr:1"
[1] "number of features selected using population mean"
[1] 26
[1] "number of features selected using current global best"
[1] 26
[1] "feat ind length"
[1] 26
[1] "best accuracy"
[1] 50.41547
[1] "test acc:0.95"
[1] "##################################"
[1] "learning sets: 2"
 [1]  30  13  86  19  17  45  22   2   9  51  79  10  95  21  46   6  68  42   8
[20]  90  67  77  48  89  65  25  20  96  66  63  34  18  35  74  83   5  60  40
[39]  26  28  38  15  37  54  97  33  32  61  93  84  55  80  85  39  29  57  12
[58]  24  64   3  44  27  88   7  14  41  72  87 100  75   4  49  52  69  62  81
[77]  98  50  91  16
[1] "Starting global iteration number : 2"
[1] "iteration number: "
[1] 1
[1] "iteration number: "
[1] 2
[1] "iteration number: "
[1] 3
[1] "iteration number: "
[1] 4
[1] "iteration number: "
[1] 5
[1] "iteration number: "
[1] 6
[1] "iteration number: "
[1] 7
[1] "iteration number: "
[1] 8
[1] "iteration number: "
[1] 9
[1] "iteration number: "
[1] 10
[1] "iteration number: "
[1] 11
[1] "iteration number: "
[1] 12
[1] "iteration number: "
[1] 13
[1] "iteration number: "
[1] 14
[1] "iteration number: "
[1] 15
[1] "iteration number: "
[1] 16
[1] "iteration number: "
[1] 17
[1] "iteration number: "
[1] 18
[1] "iteration number: "
[1] 19
[1] "iteration number: "
[1] 20
[1] "iteration number: "
[1] 21
[1] "iteration number: "
[1] 22
[1] "iteration number: "
[1] 23
[1] "iteration number: "
[1] 24
[1] "iteration number: "
[1] 25
[1] "iteration number: "
[1] 26
[1] "iteration number: "
[1] 27
[1] "iteration number: "
[1] 28
[1] "iteration number: "
[1] 29
[1] "iteration number: "
[1] 30
[1] "iteration number: "
[1] 31
[1] "iteration number: "
[1] 32
[1] "iteration number: "
[1] 33
[1] "iteration number: "
[1] 34
[1] "iteration number: "
[1] 35
[1] "iteration number: "
[1] 36
[1] "iteration number: "
[1] 37
[1] "iteration number: "
[1] 38
[1] "iteration number: "
[1] 39
[1] "iteration number: "
[1] 40
[1] "iteration number: "
[1] 41
[1] "iteration number: "
[1] 42
[1] "iteration number: "
[1] 43
[1] "iteration number: "
[1] 44
[1] "iteration number: "
[1] 45
[1] "iteration number: "
[1] 46
[1] "iteration number: "
[1] 47
[1] "iteration number: "
[1] 48
[1] "iteration number: "
[1] 49
[1] "iteration number: "
[1] 50
[1] "iteration number: "
[1] 51
[1] "iteration number: "
[1] 52
[1] "iteration number: "
[1] 53
[1] "iteration number: "
[1] 54
[1] "iteration number: "
[1] 55
[1] "iteration number: "
[1] 56
[1] "iteration number: "
[1] 57
[1] "iteration number: "
[1] 58
[1] "iteration number: "
[1] 59
[1] "iteration number: "
[1] 60
[1] "iteration number: "
[1] 61
[1] "iteration number: "
[1] 62
[1] "iteration number: "
[1] 63
[1] "iteration number: "
[1] 64
[1] "iteration number: "
[1] 65
[1] "iteration number: "
[1] 66
[1] "iteration number: "
[1] 67
[1] "iteration number: "
[1] 68
[1] "iteration number: "
[1] 69
[1] "iteration number: "
[1] 70
[1] "iteration number: "
[1] 71
[1] "iteration number: "
[1] 72
[1] "iteration number: "
[1] 73
[1] "iteration number: "
[1] 74
[1] "iteration number: "
[1] 75
[1] "iteration number: "
[1] 76
[1] "iteration number: "
[1] 77
[1] "iteration number: "
[1] 78
[1] "iteration number: "
[1] 79
[1] "iteration number: "
[1] 80
[1] "iteration number: "
[1] 81
[1] "iteration number: "
[1] 82
[1] "iteration number: "
[1] 83
[1] "iteration number: "
[1] 84
[1] "iteration number: "
[1] 85
[1] "iteration number: "
[1] 86
[1] "iteration number: "
[1] 87
[1] "iteration number: "
[1] 88
[1] "iteration number: "
[1] 89
[1] "iteration number: "
[1] 90
[1] "iteration number: "
[1] 91
[1] "iteration number: "
[1] 92
[1] "iteration number: "
[1] 93
[1] "iteration number: "
[1] 94
[1] "iteration number: "
[1] 95
[1] "iteration number: "
[1] 96
[1] "iteration number: "
[1] 97
[1] "iteration number: "
[1] 98
[1] "iteration number: "
[1] 99
[1] "iteration number: "
[1] 100
[1] "iteration number: "
[1] 101
[1] "iteration number: "
[1] 102
[1] "iteration number: "
[1] 103
[1] "iteration number: "
[1] 104
[1] "iteration number: "
[1] 105
[1] "iteration number: "
[1] 106
[1] "iteration number: "
[1] 107
[1] "iteration number: "
[1] 108
[1] "iteration number: "
[1] 109
[1] "iteration number: "
[1] 110
[1] "iteration number: "
[1] 111
[1] "iteration number: "
[1] 112
[1] "iteration number: "
[1] 113
[1] "iteration number: "
[1] 114
[1] "iteration number: "
[1] 115
[1] "iteration number: "
[1] 116
[1] "iteration number: "
[1] 117
[1] "iteration number: "
[1] 118
[1] "iteration number: "
[1] 119
[1] "iteration number: "
[1] 120
[1] "iteration number: "
[1] 121
[1] "iteration number: "
[1] 122
[1] "iteration number: "
[1] 123
[1] "iteration number: "
[1] 124
[1] "iteration number: "
[1] 125
[1] "iteration number: "
[1] 126
[1] "iteration number: "
[1] 127
[1] "iteration number: "
[1] 128
[1] "iteration number: "
[1] 129
[1] "iteration number: "
[1] 130
[1] "iteration number: "
[1] 131
[1] "iteration number: "
[1] 132
[1] "iteration number: "
[1] 133
[1] "iteration number: "
[1] 134
[1] "iteration number: "
[1] 135
[1] "iteration number: "
[1] 136
[1] "iteration number: "
[1] 137
[1] "iteration number: "
[1] 138
[1] "iteration number: "
[1] 139
[1] "iteration number: "
[1] 140
[1] "iteration number: "
[1] 141
[1] "iteration number: "
[1] 142
[1] "iteration number: "
[1] 143
[1] "iteration number: "
[1] 144
[1] "iteration number: "
[1] 145
[1] "iteration number: "
[1] 146
[1] "iteration number: "
[1] 147
[1] "iteration number: "
[1] 148
[1] "iteration number: "
[1] 149
[1] "iteration number: "
[1] 150
[1] "iteration number: "
[1] 151
[1] "iteration number: "
[1] 152
[1] "iteration number: "
[1] 153
[1] "iteration number: "
[1] 154
[1] "iteration number: "
[1] 155
[1] "iteration number: "
[1] 156
[1] "iteration number: "
[1] 157
[1] "iteration number: "
[1] 158
[1] "iteration number: "
[1] 159
[1] "iteration number: "
[1] 160
[1] "iteration number: "
[1] 161
[1] "iteration number: "
[1] 162
[1] "iteration number: "
[1] 163
[1] "iteration number: "
[1] 164
[1] "iteration number: "
[1] 165
[1] "iteration number: "
[1] 166
[1] "iteration number: "
[1] 167
[1] "iteration number: "
[1] 168
[1] "iteration number: "
[1] 169
[1] "iteration number: "
[1] 170
[1] "iteration number: "
[1] 171
[1] "iteration number: "
[1] 172
[1] "iteration number: "
[1] 173
[1] "iteration number: "
[1] 174
[1] "iteration number: "
[1] 175
[1] "iteration number: "
[1] 176
[1] "iteration number: "
[1] 177
[1] "iteration number: "
[1] 178
[1] "iteration number: "
[1] 179
[1] "iteration number: "
[1] 180
[1] "iteration number: "
[1] 181
[1] "iteration number: "
[1] 182
[1] "iteration number: "
[1] 183
[1] "iteration number: "
[1] 184
[1] "iteration number: "
[1] 185
[1] "iteration number: "
[1] 186
[1] "iteration number: "
[1] 187
[1] "iteration number: "
[1] 188
[1] "iteration number: "
[1] 189
[1] "iteration number: "
[1] 190
[1] "iteration number: "
[1] 191
[1] "iteration number: "
[1] 192
[1] "iteration number: "
[1] 193
[1] "iteration number: "
[1] 194
[1] "iteration number: "
[1] 195
[1] "iteration number: "
[1] 196
[1] "iteration number: "
[1] 197
[1] "iteration number: "
[1] 198
[1] "iteration number: "
[1] 199
[1] "iteration number: "
[1] 200
[1] "iteration number: "
[1] 201
[1] "iteration number: "
[1] 202
[1] "iteration number: "
[1] 203
[1] "iteration number: "
[1] 204
[1] "iteration number: "
[1] 205
[1] "iteration number: "
[1] 206
[1] "iteration number: "
[1] 207
[1] "iteration number: "
[1] 208
[1] "iteration number: "
[1] 209
[1] "iteration number: "
[1] 210
[1] "iteration number: "
[1] 211
[1] "iteration number: "
[1] 212
[1] "iteration number: "
[1] 213
[1] "iteration number: "
[1] 214
[1] "iteration number: "
[1] 215
[1] "iteration number: "
[1] 216
[1] "iteration number: "
[1] 217
[1] "iteration number: "
[1] 218
[1] "iteration number: "
[1] 219
[1] "iteration number: "
[1] 220
[1] "iteration number: "
[1] 221
[1] "iteration number: "
[1] 222
[1] "iteration number: "
[1] 223
[1] "iteration number: "
[1] 224
[1] "iteration number: "
[1] 225
[1] "iteration number: "
[1] 226
[1] "iteration number: "
[1] 227
[1] "iteration number: "
[1] 228
[1] "iteration number: "
[1] 229
[1] "iteration number: "
[1] 230
[1] "iteration number: "
[1] 231
[1] "iteration number: "
[1] 232
[1] "iteration number: "
[1] 233
[1] "iteration number: "
[1] 234
[1] "iteration number: "
[1] 235
[1] "iteration number: "
[1] 236
[1] "iteration number: "
[1] 237
[1] "iteration number: "
[1] 238
[1] "iteration number: "
[1] 239
[1] "iteration number: "
[1] 240
[1] "iteration number: "
[1] 241
[1] "iteration number: "
[1] 242
[1] "iteration number: "
[1] 243
[1] "iteration number: "
[1] 244
[1] "iteration number: "
[1] 245
[1] "iteration number: "
[1] 246
[1] "iteration number: "
[1] 247
[1] "iteration number: "
[1] 248
[1] "iteration number: "
[1] 249
[1] "iteration number: "
[1] 250
[1] "iteration number: "
[1] 251
[1] "iteration number: "
[1] 252
[1] "No change for 11 iterations. Exiting PSO."
[1] "##################################"
[1] "Results summary for itr:2"
[1] "number of features selected using population mean"
[1] 22
[1] "number of features selected using current global best"
[1] 20
[1] "feat ind length"
[1] 20
[1] "best accuracy"
[1] 55.34103
[1] "test acc:0.9"
[1] "##################################"
[1] "learning sets: 3"
 [1]  60  17  53  90  74  43  92  76  13  38  15   8  77  73  25  66  42  95  97
[20]  23  10  65  35  71  34  37  46  83  96   5  40  86  20  22  30  79  67  56
[39]  63  89   2  54   9  28  99 100  84  41  55  75  31  39  12  36  62  49  78
[58]  70  85  91  58  50  33  82  88  24   3  16   1  93  87  72  64  57  94  98
[77]  81  29  52  80
[1] "Starting global iteration number : 3"
[1] "iteration number: "
[1] 1
[1] "iteration number: "
[1] 2
[1] "iteration number: "
[1] 3
[1] "iteration number: "
[1] 4
[1] "iteration number: "
[1] 5
[1] "iteration number: "
[1] 6
[1] "iteration number: "
[1] 7
[1] "iteration number: "
[1] 8
[1] "iteration number: "
[1] 9
[1] "iteration number: "
[1] 10
[1] "iteration number: "
[1] 11
[1] "iteration number: "
[1] 12
[1] "iteration number: "
[1] 13
[1] "iteration number: "
[1] 14
[1] "iteration number: "
[1] 15
[1] "iteration number: "
[1] 16
[1] "iteration number: "
[1] 17
[1] "iteration number: "
[1] 18
[1] "iteration number: "
[1] 19
[1] "iteration number: "
[1] 20
[1] "iteration number: "
[1] 21
[1] "iteration number: "
[1] 22
[1] "iteration number: "
[1] 23
[1] "iteration number: "
[1] 24
[1] "iteration number: "
[1] 25
[1] "iteration number: "
[1] 26
[1] "iteration number: "
[1] 27
[1] "iteration number: "
[1] 28
[1] "iteration number: "
[1] 29
[1] "iteration number: "
[1] 30
[1] "iteration number: "
[1] 31
[1] "iteration number: "
[1] 32
[1] "iteration number: "
[1] 33
[1] "iteration number: "
[1] 34
[1] "iteration number: "
[1] 35
[1] "iteration number: "
[1] 36
[1] "iteration number: "
[1] 37
[1] "iteration number: "
[1] 38
[1] "iteration number: "
[1] 39
[1] "iteration number: "
[1] 40
[1] "iteration number: "
[1] 41
[1] "iteration number: "
[1] 42
[1] "iteration number: "
[1] 43
[1] "iteration number: "
[1] 44
[1] "iteration number: "
[1] 45
[1] "iteration number: "
[1] 46
[1] "iteration number: "
[1] 47
[1] "iteration number: "
[1] 48
[1] "iteration number: "
[1] 49
[1] "iteration number: "
[1] 50
[1] "iteration number: "
[1] 51
[1] "iteration number: "
[1] 52
[1] "iteration number: "
[1] 53
[1] "iteration number: "
[1] 54
[1] "iteration number: "
[1] 55
[1] "iteration number: "
[1] 56
[1] "iteration number: "
[1] 57
[1] "iteration number: "
[1] 58
[1] "iteration number: "
[1] 59
[1] "iteration number: "
[1] 60
[1] "iteration number: "
[1] 61
[1] "iteration number: "
[1] 62
[1] "iteration number: "
[1] 63
[1] "iteration number: "
[1] 64
[1] "iteration number: "
[1] 65
[1] "iteration number: "
[1] 66
[1] "iteration number: "
[1] 67
[1] "iteration number: "
[1] 68
[1] "iteration number: "
[1] 69
[1] "iteration number: "
[1] 70
[1] "iteration number: "
[1] 71
[1] "iteration number: "
[1] 72
[1] "iteration number: "
[1] 73
[1] "iteration number: "
[1] 74
[1] "iteration number: "
[1] 75
[1] "iteration number: "
[1] 76
[1] "iteration number: "
[1] 77
[1] "iteration number: "
[1] 78
[1] "iteration number: "
[1] 79
[1] "iteration number: "
[1] 80
[1] "iteration number: "
[1] 81
[1] "iteration number: "
[1] 82
[1] "iteration number: "
[1] 83
[1] "iteration number: "
[1] 84
[1] "iteration number: "
[1] 85
[1] "iteration number: "
[1] 86
[1] "iteration number: "
[1] 87
[1] "iteration number: "
[1] 88
[1] "iteration number: "
[1] 89
[1] "iteration number: "
[1] 90
[1] "iteration number: "
[1] 91
[1] "iteration number: "
[1] 92
[1] "iteration number: "
[1] 93
[1] "iteration number: "
[1] 94
[1] "iteration number: "
[1] 95
[1] "iteration number: "
[1] 96
[1] "iteration number: "
[1] 97
[1] "iteration number: "
[1] 98
[1] "iteration number: "
[1] 99
[1] "iteration number: "
[1] 100
[1] "iteration number: "
[1] 101
[1] "iteration number: "
[1] 102
[1] "iteration number: "
[1] 103
[1] "iteration number: "
[1] 104
[1] "iteration number: "
[1] 105
[1] "iteration number: "
[1] 106
[1] "iteration number: "
[1] 107
[1] "iteration number: "
[1] 108
[1] "iteration number: "
[1] 109
[1] "iteration number: "
[1] 110
[1] "iteration number: "
[1] 111
[1] "iteration number: "
[1] 112
[1] "iteration number: "
[1] 113
[1] "iteration number: "
[1] 114
[1] "iteration number: "
[1] 115
[1] "iteration number: "
[1] 116
[1] "iteration number: "
[1] 117
[1] "iteration number: "
[1] 118
[1] "iteration number: "
[1] 119
[1] "iteration number: "
[1] 120
[1] "iteration number: "
[1] 121
[1] "iteration number: "
[1] 122
[1] "iteration number: "
[1] 123
[1] "iteration number: "
[1] 124
[1] "iteration number: "
[1] 125
[1] "iteration number: "
[1] 126
[1] "iteration number: "
[1] 127
[1] "iteration number: "
[1] 128
[1] "iteration number: "
[1] 129
[1] "iteration number: "
[1] 130
[1] "iteration number: "
[1] 131
[1] "iteration number: "
[1] 132
[1] "iteration number: "
[1] 133
[1] "iteration number: "
[1] 134
[1] "iteration number: "
[1] 135
[1] "iteration number: "
[1] 136
[1] "iteration number: "
[1] 137
[1] "iteration number: "
[1] 138
[1] "iteration number: "
[1] 139
[1] "iteration number: "
[1] 140
[1] "iteration number: "
[1] 141
[1] "iteration number: "
[1] 142
[1] "iteration number: "
[1] 143
[1] "iteration number: "
[1] 144
[1] "iteration number: "
[1] 145
[1] "iteration number: "
[1] 146
[1] "iteration number: "
[1] 147
[1] "iteration number: "
[1] 148
[1] "iteration number: "
[1] 149
[1] "iteration number: "
[1] 150
[1] "iteration number: "
[1] 151
[1] "iteration number: "
[1] 152
[1] "iteration number: "
[1] 153
[1] "iteration number: "
[1] 154
[1] "iteration number: "
[1] 155
[1] "iteration number: "
[1] 156
[1] "iteration number: "
[1] 157
[1] "iteration number: "
[1] 158
[1] "iteration number: "
[1] 159
[1] "iteration number: "
[1] 160
[1] "iteration number: "
[1] 161
[1] "iteration number: "
[1] 162
[1] "iteration number: "
[1] 163
[1] "iteration number: "
[1] 164
[1] "iteration number: "
[1] 165
[1] "iteration number: "
[1] 166
[1] "iteration number: "
[1] 167
[1] "iteration number: "
[1] 168
[1] "iteration number: "
[1] 169
[1] "iteration number: "
[1] 170
[1] "iteration number: "
[1] 171
[1] "iteration number: "
[1] 172
[1] "iteration number: "
[1] 173
[1] "iteration number: "
[1] 174
[1] "iteration number: "
[1] 175
[1] "iteration number: "
[1] 176
[1] "iteration number: "
[1] 177
[1] "iteration number: "
[1] 178
[1] "iteration number: "
[1] 179
[1] "iteration number: "
[1] 180
[1] "iteration number: "
[1] 181
[1] "iteration number: "
[1] 182
[1] "iteration number: "
[1] 183
[1] "iteration number: "
[1] 184
[1] "iteration number: "
[1] 185
[1] "iteration number: "
[1] 186
[1] "iteration number: "
[1] 187
[1] "iteration number: "
[1] 188
[1] "iteration number: "
[1] 189
[1] "iteration number: "
[1] 190
[1] "iteration number: "
[1] 191
[1] "iteration number: "
[1] 192
[1] "iteration number: "
[1] 193
[1] "iteration number: "
[1] 194
[1] "iteration number: "
[1] 195
[1] "iteration number: "
[1] 196
[1] "iteration number: "
[1] 197
[1] "iteration number: "
[1] 198
[1] "iteration number: "
[1] 199
[1] "iteration number: "
[1] 200
[1] "iteration number: "
[1] 201
[1] "iteration number: "
[1] 202
[1] "iteration number: "
[1] 203
[1] "iteration number: "
[1] 204
[1] "iteration number: "
[1] 205
[1] "iteration number: "
[1] 206
[1] "iteration number: "
[1] 207
[1] "iteration number: "
[1] 208
[1] "iteration number: "
[1] 209
[1] "iteration number: "
[1] 210
[1] "iteration number: "
[1] 211
[1] "iteration number: "
[1] 212
[1] "iteration number: "
[1] 213
[1] "iteration number: "
[1] 214
[1] "iteration number: "
[1] 215
[1] "iteration number: "
[1] 216
[1] "iteration number: "
[1] 217
[1] "iteration number: "
[1] 218
[1] "iteration number: "
[1] 219
[1] "iteration number: "
[1] 220
[1] "iteration number: "
[1] 221
[1] "iteration number: "
[1] 222
[1] "iteration number: "
[1] 223
[1] "iteration number: "
[1] 224
[1] "iteration number: "
[1] 225
[1] "iteration number: "
[1] 226
[1] "iteration number: "
[1] 227
[1] "iteration number: "
[1] 228
[1] "iteration number: "
[1] 229
[1] "iteration number: "
[1] 230
[1] "iteration number: "
[1] 231
[1] "iteration number: "
[1] 232
[1] "iteration number: "
[1] 233
[1] "iteration number: "
[1] 234
[1] "iteration number: "
[1] 235
[1] "iteration number: "
[1] 236
[1] "iteration number: "
[1] 237
[1] "iteration number: "
[1] 238
[1] "iteration number: "
[1] 239
[1] "iteration number: "
[1] 240
[1] "iteration number: "
[1] 241
[1] "iteration number: "
[1] 242
[1] "iteration number: "
[1] 243
[1] "iteration number: "
[1] 244
[1] "iteration number: "
[1] 245
[1] "iteration number: "
[1] 246
[1] "iteration number: "
[1] 247
[1] "iteration number: "
[1] 248
[1] "iteration number: "
[1] 249
[1] "iteration number: "
[1] 250
[1] "iteration number: "
[1] 251
[1] "iteration number: "
[1] 252
[1] "iteration number: "
[1] 253
[1] "iteration number: "
[1] 254
[1] "iteration number: "
[1] 255
[1] "iteration number: "
[1] 256
[1] "iteration number: "
[1] 257
[1] "iteration number: "
[1] 258
[1] "iteration number: "
[1] 259
[1] "iteration number: "
[1] 260
[1] "iteration number: "
[1] 261
[1] "iteration number: "
[1] 262
[1] "No change for 11 iterations. Exiting PSO."
[1] "##################################"
[1] "Results summary for itr:3"
[1] "number of features selected using population mean"
[1] 35
[1] "number of features selected using current global best"
[1] 22
[1] "feat ind length"
[1] 22
[1] "best accuracy"
[1] 48.72118
[1] "test acc:0.95"
[1] "##################################"
[1] "learning sets: 4"
 [1]  92  71  11  96  19  15  18  26  40  35  65  46  99  47  95  86  45  76  34
[20]  56  10  42  38  68  97  51  54  30  63  22  66  48   9  77  89   6  79   2
[39]  23   8  74  13  17  83  60  31  61  33  12  78  62  44  52  69  36   4  80
[58]  85  91  27   3  98  93  64  87  75  55  82  50   1   7  70  49  58  81  88
[77]  32  57 100  24
[1] "Starting global iteration number : 4"
[1] "iteration number: "
[1] 1
[1] "iteration number: "
[1] 2
[1] "iteration number: "
[1] 3
[1] "iteration number: "
[1] 4
[1] "iteration number: "
[1] 5
[1] "iteration number: "
[1] 6
[1] "iteration number: "
[1] 7
[1] "iteration number: "
[1] 8
[1] "iteration number: "
[1] 9
[1] "iteration number: "
[1] 10
[1] "iteration number: "
[1] 11
[1] "iteration number: "
[1] 12
[1] "iteration number: "
[1] 13
[1] "iteration number: "
[1] 14
[1] "iteration number: "
[1] 15
[1] "iteration number: "
[1] 16
[1] "iteration number: "
[1] 17
[1] "iteration number: "
[1] 18
[1] "iteration number: "
[1] 19
[1] "iteration number: "
[1] 20
[1] "iteration number: "
[1] 21
[1] "iteration number: "
[1] 22
[1] "iteration number: "
[1] 23
[1] "iteration number: "
[1] 24
[1] "iteration number: "
[1] 25
[1] "iteration number: "
[1] 26
[1] "iteration number: "
[1] 27
[1] "iteration number: "
[1] 28
[1] "iteration number: "
[1] 29
[1] "iteration number: "
[1] 30
[1] "iteration number: "
[1] 31
[1] "iteration number: "
[1] 32
[1] "iteration number: "
[1] 33
[1] "iteration number: "
[1] 34
[1] "iteration number: "
[1] 35
[1] "iteration number: "
[1] 36
[1] "iteration number: "
[1] 37
[1] "iteration number: "
[1] 38
[1] "iteration number: "
[1] 39
[1] "iteration number: "
[1] 40
[1] "iteration number: "
[1] 41
[1] "iteration number: "
[1] 42
[1] "iteration number: "
[1] 43
[1] "iteration number: "
[1] 44
[1] "iteration number: "
[1] 45
[1] "iteration number: "
[1] 46
[1] "iteration number: "
[1] 47
[1] "iteration number: "
[1] 48
[1] "iteration number: "
[1] 49
[1] "iteration number: "
[1] 50
[1] "iteration number: "
[1] 51
[1] "iteration number: "
[1] 52
[1] "iteration number: "
[1] 53
[1] "iteration number: "
[1] 54
[1] "iteration number: "
[1] 55
[1] "iteration number: "
[1] 56
[1] "iteration number: "
[1] 57
[1] "iteration number: "
[1] 58
[1] "iteration number: "
[1] 59
[1] "iteration number: "
[1] 60
[1] "iteration number: "
[1] 61
[1] "iteration number: "
[1] 62
[1] "iteration number: "
[1] 63
[1] "iteration number: "
[1] 64
[1] "iteration number: "
[1] 65
[1] "iteration number: "
[1] 66
[1] "iteration number: "
[1] 67
[1] "iteration number: "
[1] 68
[1] "iteration number: "
[1] 69
[1] "iteration number: "
[1] 70
[1] "iteration number: "
[1] 71
[1] "iteration number: "
[1] 72
[1] "iteration number: "
[1] 73
[1] "iteration number: "
[1] 74
[1] "iteration number: "
[1] 75
[1] "iteration number: "
[1] 76
[1] "iteration number: "
[1] 77
[1] "iteration number: "
[1] 78
[1] "iteration number: "
[1] 79
[1] "iteration number: "
[1] 80
[1] "iteration number: "
[1] 81
[1] "iteration number: "
[1] 82
[1] "iteration number: "
[1] 83
[1] "iteration number: "
[1] 84
[1] "iteration number: "
[1] 85
[1] "iteration number: "
[1] 86
[1] "iteration number: "
[1] 87
[1] "iteration number: "
[1] 88
[1] "iteration number: "
[1] 89
[1] "iteration number: "
[1] 90
[1] "iteration number: "
[1] 91
[1] "iteration number: "
[1] 92
[1] "iteration number: "
[1] 93
[1] "iteration number: "
[1] 94
[1] "iteration number: "
[1] 95
[1] "iteration number: "
[1] 96
[1] "iteration number: "
[1] 97
[1] "iteration number: "
[1] 98
[1] "iteration number: "
[1] 99
[1] "iteration number: "
[1] 100
[1] "iteration number: "
[1] 101
[1] "iteration number: "
[1] 102
[1] "iteration number: "
[1] 103
[1] "iteration number: "
[1] 104
[1] "iteration number: "
[1] 105
[1] "iteration number: "
[1] 106
[1] "iteration number: "
[1] 107
[1] "iteration number: "
[1] 108
[1] "iteration number: "
[1] 109
[1] "iteration number: "
[1] 110
[1] "iteration number: "
[1] 111
[1] "iteration number: "
[1] 112
[1] "iteration number: "
[1] 113
[1] "iteration number: "
[1] 114
[1] "iteration number: "
[1] 115
[1] "iteration number: "
[1] 116
[1] "iteration number: "
[1] 117
[1] "iteration number: "
[1] 118
[1] "iteration number: "
[1] 119
[1] "iteration number: "
[1] 120
[1] "iteration number: "
[1] 121
[1] "iteration number: "
[1] 122
[1] "iteration number: "
[1] 123
[1] "iteration number: "
[1] 124
[1] "iteration number: "
[1] 125
[1] "iteration number: "
[1] 126
[1] "iteration number: "
[1] 127
[1] "iteration number: "
[1] 128
[1] "iteration number: "
[1] 129
[1] "iteration number: "
[1] 130
[1] "iteration number: "
[1] 131
[1] "iteration number: "
[1] 132
[1] "iteration number: "
[1] 133
[1] "iteration number: "
[1] 134
[1] "iteration number: "
[1] 135
[1] "iteration number: "
[1] 136
[1] "iteration number: "
[1] 137
[1] "iteration number: "
[1] 138
[1] "iteration number: "
[1] 139
[1] "iteration number: "
[1] 140
[1] "iteration number: "
[1] 141
[1] "iteration number: "
[1] 142
[1] "iteration number: "
[1] 143
[1] "iteration number: "
[1] 144
[1] "iteration number: "
[1] 145
[1] "iteration number: "
[1] 146
[1] "iteration number: "
[1] 147
[1] "iteration number: "
[1] 148
[1] "iteration number: "
[1] 149
[1] "iteration number: "
[1] 150
[1] "iteration number: "
[1] 151
[1] "iteration number: "
[1] 152
[1] "iteration number: "
[1] 153
[1] "iteration number: "
[1] 154
[1] "iteration number: "
[1] 155
[1] "iteration number: "
[1] 156
[1] "iteration number: "
[1] 157
[1] "iteration number: "
[1] 158
[1] "iteration number: "
[1] 159
[1] "iteration number: "
[1] 160
[1] "iteration number: "
[1] 161
[1] "iteration number: "
[1] 162
[1] "iteration number: "
[1] 163
[1] "iteration number: "
[1] 164
[1] "iteration number: "
[1] 165
[1] "iteration number: "
[1] 166
[1] "iteration number: "
[1] 167
[1] "iteration number: "
[1] 168
[1] "iteration number: "
[1] 169
[1] "iteration number: "
[1] 170
[1] "iteration number: "
[1] 171
[1] "iteration number: "
[1] 172
[1] "iteration number: "
[1] 173
[1] "iteration number: "
[1] 174
[1] "iteration number: "
[1] 175
[1] "iteration number: "
[1] 176
[1] "iteration number: "
[1] 177
[1] "iteration number: "
[1] 178
[1] "iteration number: "
[1] 179
[1] "iteration number: "
[1] 180
[1] "iteration number: "
[1] 181
[1] "iteration number: "
[1] 182
[1] "iteration number: "
[1] 183
[1] "iteration number: "
[1] 184
[1] "iteration number: "
[1] 185
[1] "iteration number: "
[1] 186
[1] "iteration number: "
[1] 187
[1] "iteration number: "
[1] 188
[1] "iteration number: "
[1] 189
[1] "iteration number: "
[1] 190
[1] "iteration number: "
[1] 191
[1] "iteration number: "
[1] 192
[1] "iteration number: "
[1] 193
[1] "iteration number: "
[1] 194
[1] "iteration number: "
[1] 195
[1] "iteration number: "
[1] 196
[1] "iteration number: "
[1] 197
[1] "iteration number: "
[1] 198
[1] "iteration number: "
[1] 199
[1] "iteration number: "
[1] 200
[1] "iteration number: "
[1] 201
[1] "iteration number: "
[1] 202
[1] "iteration number: "
[1] 203
[1] "iteration number: "
[1] 204
[1] "iteration number: "
[1] 205
[1] "iteration number: "
[1] 206
[1] "iteration number: "
[1] 207
[1] "iteration number: "
[1] 208
[1] "iteration number: "
[1] 209
[1] "iteration number: "
[1] 210
[1] "iteration number: "
[1] 211
[1] "iteration number: "
[1] 212
[1] "iteration number: "
[1] 213
[1] "iteration number: "
[1] 214
[1] "iteration number: "
[1] 215
[1] "iteration number: "
[1] 216
[1] "iteration number: "
[1] 217
[1] "iteration number: "
[1] 218
[1] "iteration number: "
[1] 219
[1] "iteration number: "
[1] 220
[1] "iteration number: "
[1] 221
[1] "iteration number: "
[1] 222
[1] "iteration number: "
[1] 223
[1] "iteration number: "
[1] 224
[1] "iteration number: "
[1] 225
[1] "iteration number: "
[1] 226
[1] "iteration number: "
[1] 227
[1] "iteration number: "
[1] 228
[1] "iteration number: "
[1] 229
[1] "iteration number: "
[1] 230
[1] "iteration number: "
[1] 231
[1] "iteration number: "
[1] 232
[1] "iteration number: "
[1] 233
[1] "iteration number: "
[1] 234
[1] "iteration number: "
[1] 235
[1] "iteration number: "
[1] 236
[1] "iteration number: "
[1] 237
[1] "iteration number: "
[1] 238
[1] "iteration number: "
[1] 239
[1] "iteration number: "
[1] 240
[1] "iteration number: "
[1] 241
[1] "iteration number: "
[1] 242
[1] "iteration number: "
[1] 243
[1] "iteration number: "
[1] 244
[1] "iteration number: "
[1] 245
[1] "iteration number: "
[1] 246
[1] "iteration number: "
[1] 247
[1] "iteration number: "
[1] 248
[1] "iteration number: "
[1] 249
[1] "iteration number: "
[1] 250
[1] "iteration number: "
[1] 251
[1] "iteration number: "
[1] 252
[1] "iteration number: "
[1] 253
[1] "iteration number: "
[1] 254
[1] "iteration number: "
[1] 255
[1] "iteration number: "
[1] 256
[1] "iteration number: "
[1] 257
[1] "iteration number: "
[1] 258
[1] "iteration number: "
[1] 259
[1] "iteration number: "
[1] 260
[1] "iteration number: "
[1] 261
[1] "iteration number: "
[1] 262
[1] "iteration number: "
[1] 263
[1] "iteration number: "
[1] 264
[1] "iteration number: "
[1] 265
[1] "iteration number: "
[1] 266
[1] "iteration number: "
[1] 267
[1] "iteration number: "
[1] 268
[1] "iteration number: "
[1] 269
[1] "iteration number: "
[1] 270
[1] "iteration number: "
[1] 271
[1] "iteration number: "
[1] 272
[1] "iteration number: "
[1] 273
[1] "iteration number: "
[1] 274
[1] "iteration number: "
[1] 275
[1] "iteration number: "
[1] 276
[1] "iteration number: "
[1] 277
[1] "iteration number: "
[1] 278
[1] "iteration number: "
[1] 279
[1] "iteration number: "
[1] 280
[1] "iteration number: "
[1] 281
[1] "iteration number: "
[1] 282
[1] "iteration number: "
[1] 283
[1] "iteration number: "
[1] 284
[1] "iteration number: "
[1] 285
[1] "iteration number: "
[1] 286
[1] "iteration number: "
[1] 287
[1] "iteration number: "
[1] 288
[1] "iteration number: "
[1] 289
[1] "iteration number: "
[1] 290
[1] "iteration number: "
[1] 291
[1] "iteration number: "
[1] 292
[1] "iteration number: "
[1] 293
[1] "iteration number: "
[1] 294
[1] "iteration number: "
[1] 295
[1] "iteration number: "
[1] 296
[1] "iteration number: "
[1] 297
[1] "iteration number: "
[1] 298
[1] "iteration number: "
[1] 299
[1] "iteration number: "
[1] 300
[1] "iteration number: "
[1] 301
[1] "iteration number: "
[1] 302
[1] "iteration number: "
[1] 303
[1] "iteration number: "
[1] 304
[1] "iteration number: "
[1] 305
[1] "iteration number: "
[1] 306
[1] "iteration number: "
[1] 307
[1] "iteration number: "
[1] 308
[1] "iteration number: "
[1] 309
[1] "iteration number: "
[1] 310
[1] "iteration number: "
[1] 311
[1] "iteration number: "
[1] 312
[1] "iteration number: "
[1] 313
[1] "iteration number: "
[1] 314
[1] "iteration number: "
[1] 315
[1] "iteration number: "
[1] 316
[1] "iteration number: "
[1] 317
[1] "iteration number: "
[1] 318
[1] "iteration number: "
[1] 319
[1] "iteration number: "
[1] 320
[1] "iteration number: "
[1] 321
[1] "iteration number: "
[1] 322
[1] "iteration number: "
[1] 323
[1] "iteration number: "
[1] 324
[1] "iteration number: "
[1] 325
[1] "iteration number: "
[1] 326
[1] "iteration number: "
[1] 327
[1] "iteration number: "
[1] 328
[1] "iteration number: "
[1] 329
[1] "iteration number: "
[1] 330
[1] "iteration number: "
[1] 331
[1] "iteration number: "
[1] 332
[1] "iteration number: "
[1] 333
[1] "iteration number: "
[1] 334
[1] "iteration number: "
[1] 335
[1] "iteration number: "
[1] 336
[1] "iteration number: "
[1] 337
[1] "iteration number: "
[1] 338
[1] "iteration number: "
[1] 339
[1] "iteration number: "
[1] 340
[1] "iteration number: "
[1] 341
[1] "iteration number: "
[1] 342
[1] "iteration number: "
[1] 343
[1] "iteration number: "
[1] 344
[1] "iteration number: "
[1] 345
[1] "iteration number: "
[1] 346
[1] "iteration number: "
[1] 347
[1] "iteration number: "
[1] 348
[1] "iteration number: "
[1] 349
[1] "iteration number: "
[1] 350
[1] "iteration number: "
[1] 351
[1] "iteration number: "
[1] 352
[1] "iteration number: "
[1] 353
[1] "iteration number: "
[1] 354
[1] "iteration number: "
[1] 355
[1] "iteration number: "
[1] 356
[1] "iteration number: "
[1] 357
[1] "iteration number: "
[1] 358
[1] "iteration number: "
[1] 359
[1] "iteration number: "
[1] 360
[1] "iteration number: "
[1] 361
[1] "iteration number: "
[1] 362
[1] "iteration number: "
[1] 363
[1] "iteration number: "
[1] 364
[1] "iteration number: "
[1] 365
[1] "iteration number: "
[1] 366
[1] "iteration number: "
[1] 367
[1] "iteration number: "
[1] 368
[1] "iteration number: "
[1] 369
[1] "iteration number: "
[1] 370
[1] "iteration number: "
[1] 371
[1] "iteration number: "
[1] 372
[1] "iteration number: "
[1] 373
[1] "iteration number: "
[1] 374
[1] "iteration number: "
[1] 375
[1] "iteration number: "
[1] 376
[1] "iteration number: "
[1] 377
[1] "iteration number: "
[1] 378
[1] "iteration number: "
[1] 379
[1] "iteration number: "
[1] 380
[1] "iteration number: "
[1] 381
[1] "iteration number: "
[1] 382
[1] "iteration number: "
[1] 383
[1] "iteration number: "
[1] 384
[1] "iteration number: "
[1] 385
[1] "iteration number: "
[1] 386
[1] "iteration number: "
[1] 387
[1] "iteration number: "
[1] 388
[1] "iteration number: "
[1] 389
[1] "iteration number: "
[1] 390
[1] "iteration number: "
[1] 391
[1] "iteration number: "
[1] 392
[1] "iteration number: "
[1] 393
[1] "iteration number: "
[1] 394
[1] "iteration number: "
[1] 395
[1] "iteration number: "
[1] 396
[1] "iteration number: "
[1] 397
[1] "iteration number: "
[1] 398
[1] "iteration number: "
[1] 399
[1] "iteration number: "
[1] 400
[1] "iteration number: "
[1] 401
[1] "iteration number: "
[1] 402
[1] "iteration number: "
[1] 403
[1] "iteration number: "
[1] 404
[1] "iteration number: "
[1] 405
[1] "iteration number: "
[1] 406
[1] "iteration number: "
[1] 407
[1] "iteration number: "
[1] 408
[1] "iteration number: "
[1] 409
[1] "iteration number: "
[1] 410
[1] "iteration number: "
[1] 411
[1] "iteration number: "
[1] 412
[1] "iteration number: "
[1] 413
[1] "iteration number: "
[1] 414
[1] "iteration number: "
[1] 415
[1] "iteration number: "
[1] 416
[1] "iteration number: "
[1] 417
[1] "iteration number: "
[1] 418
[1] "iteration number: "
[1] 419
[1] "iteration number: "
[1] 420
[1] "iteration number: "
[1] 421
[1] "iteration number: "
[1] 422
[1] "iteration number: "
[1] 423
[1] "iteration number: "
[1] 424
[1] "iteration number: "
[1] 425
[1] "iteration number: "
[1] 426
[1] "iteration number: "
[1] 427
[1] "iteration number: "
[1] 428
[1] "iteration number: "
[1] 429
[1] "iteration number: "
[1] 430
[1] "iteration number: "
[1] 431
[1] "iteration number: "
[1] 432
[1] "iteration number: "
[1] 433
[1] "iteration number: "
[1] 434
[1] "iteration number: "
[1] 435
[1] "iteration number: "
[1] 436
[1] "iteration number: "
[1] 437
[1] "iteration number: "
[1] 438
[1] "iteration number: "
[1] 439
[1] "iteration number: "
[1] 440
[1] "iteration number: "
[1] 441
[1] "iteration number: "
[1] 442
[1] "iteration number: "
[1] 443
[1] "iteration number: "
[1] 444
[1] "iteration number: "
[1] 445
[1] "iteration number: "
[1] 446
[1] "iteration number: "
[1] 447
[1] "iteration number: "
[1] 448
[1] "iteration number: "
[1] 449
[1] "iteration number: "
[1] 450
[1] "iteration number: "
[1] 451
[1] "iteration number: "
[1] 452
[1] "iteration number: "
[1] 453
[1] "iteration number: "
[1] 454
[1] "iteration number: "
[1] 455
[1] "iteration number: "
[1] 456
[1] "iteration number: "
[1] 457
[1] "iteration number: "
[1] 458
[1] "iteration number: "
[1] 459
[1] "iteration number: "
[1] 460
[1] "iteration number: "
[1] 461
[1] "iteration number: "
[1] 462
[1] "iteration number: "
[1] 463
[1] "iteration number: "
[1] 464
[1] "iteration number: "
[1] 465
[1] "iteration number: "
[1] 466
[1] "iteration number: "
[1] 467
[1] "iteration number: "
[1] 468
[1] "No change for 11 iterations. Exiting PSO."
[1] "##################################"
[1] "Results summary for itr:4"
[1] "number of features selected using population mean"
[1] 22
[1] "number of features selected using current global best"
[1] 22
[1] "feat ind length"
[1] 22
[1] "best accuracy"
[1] 49.48228
[1] "test acc:1"
[1] "##################################"
[1] "learning sets: 5"
 [1]   8  26  37  51  67  43   9  97  18  38  77  20  53  63  95  76  34  92  15
[20]  56  99   2  11  28  45  47  79  83  60  23  68  66  40  19  25  10  65  89
[39]  54  13  73   6  17  21  35  29  80  91  59   1  64  70  78  55  16  14  84
[58]  94  52   3  69  87   4  27  75  81 100  39  93  44  82  33  32  61  58  41
[77]  88  57  49   7
[1] "Starting global iteration number : 5"
[1] "iteration number: "
[1] 1
[1] "iteration number: "
[1] 2
[1] "iteration number: "
[1] 3
[1] "iteration number: "
[1] 4
[1] "iteration number: "
[1] 5
[1] "iteration number: "
[1] 6
[1] "iteration number: "
[1] 7
[1] "iteration number: "
[1] 8
[1] "iteration number: "
[1] 9
[1] "iteration number: "
[1] 10
[1] "iteration number: "
[1] 11
[1] "iteration number: "
[1] 12
[1] "iteration number: "
[1] 13
[1] "iteration number: "
[1] 14
[1] "iteration number: "
[1] 15
[1] "iteration number: "
[1] 16
[1] "iteration number: "
[1] 17
[1] "iteration number: "
[1] 18
[1] "iteration number: "
[1] 19
[1] "iteration number: "
[1] 20
[1] "iteration number: "
[1] 21
[1] "iteration number: "
[1] 22
[1] "iteration number: "
[1] 23
[1] "iteration number: "
[1] 24
[1] "iteration number: "
[1] 25
[1] "iteration number: "
[1] 26
[1] "iteration number: "
[1] 27
[1] "iteration number: "
[1] 28
[1] "iteration number: "
[1] 29
[1] "iteration number: "
[1] 30
[1] "iteration number: "
[1] 31
[1] "iteration number: "
[1] 32
[1] "iteration number: "
[1] 33
[1] "iteration number: "
[1] 34
[1] "iteration number: "
[1] 35
[1] "iteration number: "
[1] 36
[1] "iteration number: "
[1] 37
[1] "iteration number: "
[1] 38
[1] "iteration number: "
[1] 39
[1] "iteration number: "
[1] 40
[1] "iteration number: "
[1] 41
[1] "iteration number: "
[1] 42
[1] "iteration number: "
[1] 43
[1] "iteration number: "
[1] 44
[1] "iteration number: "
[1] 45
[1] "iteration number: "
[1] 46
[1] "iteration number: "
[1] 47
[1] "iteration number: "
[1] 48
[1] "iteration number: "
[1] 49
[1] "iteration number: "
[1] 50
[1] "iteration number: "
[1] 51
[1] "iteration number: "
[1] 52
[1] "iteration number: "
[1] 53
[1] "iteration number: "
[1] 54
[1] "iteration number: "
[1] 55
[1] "iteration number: "
[1] 56
[1] "iteration number: "
[1] 57
[1] "iteration number: "
[1] 58
[1] "iteration number: "
[1] 59
[1] "iteration number: "
[1] 60
[1] "iteration number: "
[1] 61
[1] "iteration number: "
[1] 62
[1] "iteration number: "
[1] 63
[1] "iteration number: "
[1] 64
[1] "iteration number: "
[1] 65
[1] "iteration number: "
[1] 66
[1] "iteration number: "
[1] 67
[1] "iteration number: "
[1] 68
[1] "iteration number: "
[1] 69
[1] "iteration number: "
[1] 70
[1] "iteration number: "
[1] 71
[1] "iteration number: "
[1] 72
[1] "iteration number: "
[1] 73
[1] "iteration number: "
[1] 74
[1] "iteration number: "
[1] 75
[1] "iteration number: "
[1] 76
[1] "iteration number: "
[1] 77
[1] "iteration number: "
[1] 78
[1] "iteration number: "
[1] 79
[1] "iteration number: "
[1] 80
[1] "iteration number: "
[1] 81
[1] "iteration number: "
[1] 82
[1] "iteration number: "
[1] 83
[1] "iteration number: "
[1] 84
[1] "iteration number: "
[1] 85
[1] "iteration number: "
[1] 86
[1] "iteration number: "
[1] 87
[1] "iteration number: "
[1] 88
[1] "iteration number: "
[1] 89
[1] "iteration number: "
[1] 90
[1] "iteration number: "
[1] 91
[1] "iteration number: "
[1] 92
[1] "iteration number: "
[1] 93
[1] "iteration number: "
[1] 94
[1] "iteration number: "
[1] 95
[1] "iteration number: "
[1] 96
[1] "iteration number: "
[1] 97
[1] "iteration number: "
[1] 98
[1] "iteration number: "
[1] 99
[1] "iteration number: "
[1] 100
[1] "iteration number: "
[1] 101
[1] "iteration number: "
[1] 102
[1] "iteration number: "
[1] 103
[1] "iteration number: "
[1] 104
[1] "iteration number: "
[1] 105
[1] "iteration number: "
[1] 106
[1] "iteration number: "
[1] 107
[1] "iteration number: "
[1] 108
[1] "iteration number: "
[1] 109
[1] "iteration number: "
[1] 110
[1] "iteration number: "
[1] 111
[1] "iteration number: "
[1] 112
[1] "iteration number: "
[1] 113
[1] "iteration number: "
[1] 114
[1] "iteration number: "
[1] 115
[1] "iteration number: "
[1] 116
[1] "iteration number: "
[1] 117
[1] "iteration number: "
[1] 118
[1] "iteration number: "
[1] 119
[1] "iteration number: "
[1] 120
[1] "iteration number: "
[1] 121
[1] "iteration number: "
[1] 122
[1] "iteration number: "
[1] 123
[1] "iteration number: "
[1] 124
[1] "iteration number: "
[1] 125
[1] "iteration number: "
[1] 126
[1] "iteration number: "
[1] 127
[1] "iteration number: "
[1] 128
[1] "iteration number: "
[1] 129
[1] "iteration number: "
[1] 130
[1] "iteration number: "
[1] 131
[1] "iteration number: "
[1] 132
[1] "iteration number: "
[1] 133
[1] "iteration number: "
[1] 134
[1] "iteration number: "
[1] 135
[1] "iteration number: "
[1] 136
[1] "iteration number: "
[1] 137
[1] "iteration number: "
[1] 138
[1] "iteration number: "
[1] 139
[1] "iteration number: "
[1] 140
[1] "iteration number: "
[1] 141
[1] "iteration number: "
[1] 142
[1] "iteration number: "
[1] 143
[1] "iteration number: "
[1] 144
[1] "iteration number: "
[1] 145
[1] "iteration number: "
[1] 146
[1] "iteration number: "
[1] 147
[1] "iteration number: "
[1] 148
[1] "iteration number: "
[1] 149
[1] "iteration number: "
[1] 150
[1] "iteration number: "
[1] 151
[1] "iteration number: "
[1] 152
[1] "iteration number: "
[1] 153
[1] "iteration number: "
[1] 154
[1] "iteration number: "
[1] 155
[1] "iteration number: "
[1] 156
[1] "iteration number: "
[1] 157
[1] "iteration number: "
[1] 158
[1] "iteration number: "
[1] 159
[1] "iteration number: "
[1] 160
[1] "iteration number: "
[1] 161
[1] "iteration number: "
[1] 162
[1] "iteration number: "
[1] 163
[1] "iteration number: "
[1] 164
[1] "iteration number: "
[1] 165
[1] "iteration number: "
[1] 166
[1] "iteration number: "
[1] 167
[1] "iteration number: "
[1] 168
[1] "iteration number: "
[1] 169
[1] "iteration number: "
[1] 170
[1] "iteration number: "
[1] 171
[1] "iteration number: "
[1] 172
[1] "iteration number: "
[1] 173
[1] "iteration number: "
[1] 174
[1] "iteration number: "
[1] 175
[1] "iteration number: "
[1] 176
[1] "iteration number: "
[1] 177
[1] "iteration number: "
[1] 178
[1] "iteration number: "
[1] 179
[1] "iteration number: "
[1] 180
[1] "iteration number: "
[1] 181
[1] "iteration number: "
[1] 182
[1] "iteration number: "
[1] 183
[1] "iteration number: "
[1] 184
[1] "iteration number: "
[1] 185
[1] "iteration number: "
[1] 186
[1] "iteration number: "
[1] 187
[1] "iteration number: "
[1] 188
[1] "iteration number: "
[1] 189
[1] "iteration number: "
[1] 190
[1] "iteration number: "
[1] 191
[1] "iteration number: "
[1] 192
[1] "iteration number: "
[1] 193
[1] "iteration number: "
[1] 194
[1] "iteration number: "
[1] 195
[1] "iteration number: "
[1] 196
[1] "iteration number: "
[1] 197
[1] "iteration number: "
[1] 198
[1] "iteration number: "
[1] 199
[1] "iteration number: "
[1] 200
[1] "iteration number: "
[1] 201
[1] "iteration number: "
[1] 202
[1] "iteration number: "
[1] 203
[1] "iteration number: "
[1] 204
[1] "iteration number: "
[1] 205
[1] "iteration number: "
[1] 206
[1] "iteration number: "
[1] 207
[1] "iteration number: "
[1] 208
[1] "iteration number: "
[1] 209
[1] "iteration number: "
[1] 210
[1] "iteration number: "
[1] 211
[1] "iteration number: "
[1] 212
[1] "iteration number: "
[1] 213
[1] "iteration number: "
[1] 214
[1] "iteration number: "
[1] 215
[1] "iteration number: "
[1] 216
[1] "iteration number: "
[1] 217
[1] "iteration number: "
[1] 218
[1] "iteration number: "
[1] 219
[1] "iteration number: "
[1] 220
[1] "iteration number: "
[1] 221
[1] "iteration number: "
[1] 222
[1] "iteration number: "
[1] 223
[1] "iteration number: "
[1] 224
[1] "iteration number: "
[1] 225
[1] "No change for 11 iterations. Exiting PSO."
[1] "##################################"
[1] "Results summary for itr:5"
[1] "number of features selected using population mean"
[1] 23
[1] "number of features selected using current global best"
[1] 24
[1] "feat ind length"
[1] 24
[1] "best accuracy"
[1] 52.03131
[1] "test acc:0.9"
[1] "##################################"
[1] "learning sets: 6"
 [1]  21  63  60  89  90  53  56  30  74  43  68  11  25  83  67  95  23  15  37
[20]  66  45  10   9  38   8  42  86  26  19  92  76  22  79  48  13  18  65  28
[39]  35  40  51  46  34  99  17   3  61  24  33  98  55  16  12  94  36  88  72
[58]  78  80  87  49  39 100  62  44  69  64  57  75  93  81  29   4  70  82  31
[77]  84  59  91  32
[1] "Starting global iteration number : 6"
[1] "iteration number: "
[1] 1
[1] "iteration number: "
[1] 2
[1] "iteration number: "
[1] 3
[1] "iteration number: "
[1] 4
[1] "iteration number: "
[1] 5
[1] "iteration number: "
[1] 6
[1] "iteration number: "
[1] 7
[1] "iteration number: "
[1] 8
[1] "iteration number: "
[1] 9
[1] "iteration number: "
[1] 10
[1] "iteration number: "
[1] 11
[1] "iteration number: "
[1] 12
[1] "iteration number: "
[1] 13
[1] "iteration number: "
[1] 14
[1] "iteration number: "
[1] 15
[1] "iteration number: "
[1] 16
[1] "iteration number: "
[1] 17
[1] "iteration number: "
[1] 18
[1] "iteration number: "
[1] 19
[1] "iteration number: "
[1] 20
[1] "iteration number: "
[1] 21
[1] "iteration number: "
[1] 22
[1] "iteration number: "
[1] 23
[1] "iteration number: "
[1] 24
[1] "iteration number: "
[1] 25
[1] "iteration number: "
[1] 26
[1] "iteration number: "
[1] 27
[1] "iteration number: "
[1] 28
[1] "iteration number: "
[1] 29
[1] "iteration number: "
[1] 30
[1] "iteration number: "
[1] 31
[1] "iteration number: "
[1] 32
[1] "iteration number: "
[1] 33
[1] "iteration number: "
[1] 34
[1] "iteration number: "
[1] 35
[1] "iteration number: "
[1] 36
[1] "iteration number: "
[1] 37
[1] "iteration number: "
[1] 38
[1] "iteration number: "
[1] 39
[1] "iteration number: "
[1] 40
[1] "iteration number: "
[1] 41
[1] "iteration number: "
[1] 42
[1] "iteration number: "
[1] 43
[1] "iteration number: "
[1] 44
[1] "iteration number: "
[1] 45
[1] "iteration number: "
[1] 46
[1] "iteration number: "
[1] 47
[1] "iteration number: "
[1] 48
[1] "iteration number: "
[1] 49
[1] "iteration number: "
[1] 50
[1] "iteration number: "
[1] 51
[1] "iteration number: "
[1] 52
[1] "iteration number: "
[1] 53
[1] "iteration number: "
[1] 54
[1] "iteration number: "
[1] 55
[1] "iteration number: "
[1] 56
[1] "iteration number: "
[1] 57
[1] "iteration number: "
[1] 58
[1] "iteration number: "
[1] 59
[1] "iteration number: "
[1] 60
[1] "iteration number: "
[1] 61
[1] "iteration number: "
[1] 62
[1] "iteration number: "
[1] 63
[1] "iteration number: "
[1] 64
[1] "iteration number: "
[1] 65
[1] "iteration number: "
[1] 66
[1] "iteration number: "
[1] 67
[1] "iteration number: "
[1] 68
[1] "iteration number: "
[1] 69
[1] "iteration number: "
[1] 70
[1] "iteration number: "
[1] 71
[1] "iteration number: "
[1] 72
[1] "iteration number: "
[1] 73
[1] "iteration number: "
[1] 74
[1] "iteration number: "
[1] 75
[1] "iteration number: "
[1] 76
[1] "iteration number: "
[1] 77
[1] "iteration number: "
[1] 78
[1] "iteration number: "
[1] 79
[1] "iteration number: "
[1] 80
[1] "iteration number: "
[1] 81
[1] "iteration number: "
[1] 82
[1] "iteration number: "
[1] 83
[1] "iteration number: "
[1] 84
[1] "iteration number: "
[1] 85
[1] "iteration number: "
[1] 86
[1] "iteration number: "
[1] 87
[1] "iteration number: "
[1] 88
[1] "iteration number: "
[1] 89
[1] "iteration number: "
[1] 90
[1] "iteration number: "
[1] 91
[1] "iteration number: "
[1] 92
[1] "iteration number: "
[1] 93
[1] "iteration number: "
[1] 94
[1] "iteration number: "
[1] 95
[1] "iteration number: "
[1] 96
[1] "iteration number: "
[1] 97
[1] "iteration number: "
[1] 98
[1] "iteration number: "
[1] 99
[1] "iteration number: "
[1] 100
[1] "iteration number: "
[1] 101
[1] "iteration number: "
[1] 102
[1] "iteration number: "
[1] 103
[1] "iteration number: "
[1] 104
[1] "iteration number: "
[1] 105
[1] "iteration number: "
[1] 106
[1] "iteration number: "
[1] 107
[1] "iteration number: "
[1] 108
[1] "iteration number: "
[1] 109
[1] "iteration number: "
[1] 110
[1] "iteration number: "
[1] 111
[1] "iteration number: "
[1] 112
[1] "iteration number: "
[1] 113
[1] "iteration number: "
[1] 114
[1] "iteration number: "
[1] 115
[1] "iteration number: "
[1] 116
[1] "iteration number: "
[1] 117
[1] "iteration number: "
[1] 118
[1] "iteration number: "
[1] 119
[1] "iteration number: "
[1] 120
[1] "iteration number: "
[1] 121
[1] "iteration number: "
[1] 122
[1] "iteration number: "
[1] 123
[1] "iteration number: "
[1] 124
[1] "iteration number: "
[1] 125
[1] "iteration number: "
[1] 126
[1] "iteration number: "
[1] 127
[1] "iteration number: "
[1] 128
[1] "iteration number: "
[1] 129
[1] "iteration number: "
[1] 130
[1] "iteration number: "
[1] 131
[1] "iteration number: "
[1] 132
[1] "iteration number: "
[1] 133
[1] "iteration number: "
[1] 134
[1] "iteration number: "
[1] 135
[1] "iteration number: "
[1] 136
[1] "iteration number: "
[1] 137
[1] "iteration number: "
[1] 138
[1] "iteration number: "
[1] 139
[1] "iteration number: "
[1] 140
[1] "iteration number: "
[1] 141
[1] "iteration number: "
[1] 142
[1] "iteration number: "
[1] 143
[1] "iteration number: "
[1] 144
[1] "iteration number: "
[1] 145
[1] "iteration number: "
[1] 146
[1] "iteration number: "
[1] 147
[1] "iteration number: "
[1] 148
[1] "iteration number: "
[1] 149
[1] "iteration number: "
[1] 150
[1] "iteration number: "
[1] 151
[1] "iteration number: "
[1] 152
[1] "iteration number: "
[1] 153
[1] "iteration number: "
[1] 154
[1] "iteration number: "
[1] 155
[1] "iteration number: "
[1] 156
[1] "iteration number: "
[1] 157
[1] "iteration number: "
[1] 158
[1] "iteration number: "
[1] 159
[1] "iteration number: "
[1] 160
[1] "iteration number: "
[1] 161
[1] "iteration number: "
[1] 162
[1] "iteration number: "
[1] 163
[1] "iteration number: "
[1] 164
[1] "No change for 11 iterations. Exiting PSO."
[1] "##################################"
[1] "Results summary for itr:6"
[1] "number of features selected using population mean"
[1] 16
[1] "number of features selected using current global best"
[1] 16
[1] "feat ind length"
[1] 16
[1] "best accuracy"
[1] 53.47268
[1] "test acc:1"
[1] "##################################"
[1] "learning sets: 7"
 [1]  96  47  37  18  25  66  92  86  45  17  28  83  46   2  13  73  77  90  97
[20]  99  43  56  68  34  48  76  65  21  10   6  79   9  30  95  15  89  19  42
[39]  20  53  60  38  40  54  51  41  69  44  39   7  55  58  16  72  49  59   4
[58]  36  32  87  98  94  93  84  52 100  24  61  85   1  82  31  62  12  57  50
[77]  75  91  14  78
[1] "Starting global iteration number : 7"
[1] "iteration number: "
[1] 1
[1] "iteration number: "
[1] 2
[1] "iteration number: "
[1] 3
[1] "iteration number: "
[1] 4
[1] "iteration number: "
[1] 5
[1] "iteration number: "
[1] 6
[1] "iteration number: "
[1] 7
[1] "iteration number: "
[1] 8
[1] "iteration number: "
[1] 9
[1] "iteration number: "
[1] 10
[1] "iteration number: "
[1] 11
[1] "iteration number: "
[1] 12
[1] "iteration number: "
[1] 13
[1] "iteration number: "
[1] 14
[1] "iteration number: "
[1] 15
[1] "iteration number: "
[1] 16
[1] "iteration number: "
[1] 17
[1] "iteration number: "
[1] 18
[1] "iteration number: "
[1] 19
[1] "iteration number: "
[1] 20
[1] "iteration number: "
[1] 21
[1] "iteration number: "
[1] 22
[1] "iteration number: "
[1] 23
[1] "iteration number: "
[1] 24
[1] "iteration number: "
[1] 25
[1] "iteration number: "
[1] 26
[1] "iteration number: "
[1] 27
[1] "iteration number: "
[1] 28
[1] "iteration number: "
[1] 29
[1] "iteration number: "
[1] 30
[1] "iteration number: "
[1] 31
[1] "iteration number: "
[1] 32
[1] "iteration number: "
[1] 33
[1] "iteration number: "
[1] 34
[1] "iteration number: "
[1] 35
[1] "iteration number: "
[1] 36
[1] "iteration number: "
[1] 37
[1] "iteration number: "
[1] 38
[1] "iteration number: "
[1] 39
[1] "iteration number: "
[1] 40
[1] "iteration number: "
[1] 41
[1] "iteration number: "
[1] 42
[1] "iteration number: "
[1] 43
[1] "iteration number: "
[1] 44
[1] "iteration number: "
[1] 45
[1] "iteration number: "
[1] 46
[1] "iteration number: "
[1] 47
[1] "iteration number: "
[1] 48
[1] "iteration number: "
[1] 49
[1] "iteration number: "
[1] 50
[1] "iteration number: "
[1] 51
[1] "iteration number: "
[1] 52
[1] "iteration number: "
[1] 53
[1] "iteration number: "
[1] 54
[1] "iteration number: "
[1] 55
[1] "iteration number: "
[1] 56
[1] "iteration number: "
[1] 57
[1] "iteration number: "
[1] 58
[1] "iteration number: "
[1] 59
[1] "iteration number: "
[1] 60
[1] "iteration number: "
[1] 61
[1] "iteration number: "
[1] 62
[1] "iteration number: "
[1] 63
[1] "iteration number: "
[1] 64
[1] "iteration number: "
[1] 65
[1] "iteration number: "
[1] 66
[1] "iteration number: "
[1] 67
[1] "iteration number: "
[1] 68
[1] "iteration number: "
[1] 69
[1] "iteration number: "
[1] 70
[1] "iteration number: "
[1] 71
[1] "iteration number: "
[1] 72
[1] "iteration number: "
[1] 73
[1] "iteration number: "
[1] 74
[1] "iteration number: "
[1] 75
[1] "iteration number: "
[1] 76
[1] "iteration number: "
[1] 77
[1] "iteration number: "
[1] 78
[1] "iteration number: "
[1] 79
[1] "iteration number: "
[1] 80
[1] "iteration number: "
[1] 81
[1] "iteration number: "
[1] 82
[1] "iteration number: "
[1] 83
[1] "iteration number: "
[1] 84
[1] "iteration number: "
[1] 85
[1] "iteration number: "
[1] 86
[1] "iteration number: "
[1] 87
[1] "iteration number: "
[1] 88
[1] "iteration number: "
[1] 89
[1] "iteration number: "
[1] 90
[1] "iteration number: "
[1] 91
[1] "iteration number: "
[1] 92
[1] "iteration number: "
[1] 93
[1] "iteration number: "
[1] 94
[1] "iteration number: "
[1] 95
[1] "iteration number: "
[1] 96
[1] "iteration number: "
[1] 97
[1] "iteration number: "
[1] 98
[1] "iteration number: "
[1] 99
[1] "iteration number: "
[1] 100
[1] "iteration number: "
[1] 101
[1] "iteration number: "
[1] 102
[1] "iteration number: "
[1] 103
[1] "iteration number: "
[1] 104
[1] "iteration number: "
[1] 105
[1] "iteration number: "
[1] 106
[1] "iteration number: "
[1] 107
[1] "iteration number: "
[1] 108
[1] "iteration number: "
[1] 109
[1] "iteration number: "
[1] 110
[1] "iteration number: "
[1] 111
[1] "iteration number: "
[1] 112
[1] "iteration number: "
[1] 113
[1] "iteration number: "
[1] 114
[1] "iteration number: "
[1] 115
[1] "iteration number: "
[1] 116
[1] "iteration number: "
[1] 117
[1] "iteration number: "
[1] 118
[1] "iteration number: "
[1] 119
[1] "iteration number: "
[1] 120
[1] "iteration number: "
[1] 121
[1] "iteration number: "
[1] 122
[1] "iteration number: "
[1] 123
[1] "iteration number: "
[1] 124
[1] "iteration number: "
[1] 125
[1] "iteration number: "
[1] 126
[1] "iteration number: "
[1] 127
[1] "iteration number: "
[1] 128
[1] "iteration number: "
[1] 129
[1] "iteration number: "
[1] 130
[1] "iteration number: "
[1] 131
[1] "iteration number: "
[1] 132
[1] "iteration number: "
[1] 133
[1] "iteration number: "
[1] 134
[1] "iteration number: "
[1] 135
[1] "iteration number: "
[1] 136
[1] "iteration number: "
[1] 137
[1] "iteration number: "
[1] 138
[1] "iteration number: "
[1] 139
[1] "iteration number: "
[1] 140
[1] "iteration number: "
[1] 141
[1] "iteration number: "
[1] 142
[1] "iteration number: "
[1] 143
[1] "iteration number: "
[1] 144
[1] "iteration number: "
[1] 145
[1] "iteration number: "
[1] 146
[1] "iteration number: "
[1] 147
[1] "iteration number: "
[1] 148
[1] "iteration number: "
[1] 149
[1] "iteration number: "
[1] 150
[1] "iteration number: "
[1] 151
[1] "iteration number: "
[1] 152
[1] "iteration number: "
[1] 153
[1] "iteration number: "
[1] 154
[1] "iteration number: "
[1] 155
[1] "iteration number: "
[1] 156
[1] "iteration number: "
[1] 157
[1] "iteration number: "
[1] 158
[1] "iteration number: "
[1] 159
[1] "iteration number: "
[1] 160
[1] "iteration number: "
[1] 161
[1] "iteration number: "
[1] 162
[1] "iteration number: "
[1] 163
[1] "iteration number: "
[1] 164
[1] "iteration number: "
[1] 165
[1] "iteration number: "
[1] 166
[1] "iteration number: "
[1] 167
[1] "iteration number: "
[1] 168
[1] "iteration number: "
[1] 169
[1] "iteration number: "
[1] 170
[1] "iteration number: "
[1] 171
[1] "iteration number: "
[1] 172
[1] "iteration number: "
[1] 173
[1] "iteration number: "
[1] 174
[1] "iteration number: "
[1] 175
[1] "iteration number: "
[1] 176
[1] "iteration number: "
[1] 177
[1] "iteration number: "
[1] 178
[1] "iteration number: "
[1] 179
[1] "iteration number: "
[1] 180
[1] "iteration number: "
[1] 181
[1] "iteration number: "
[1] 182
[1] "iteration number: "
[1] 183
[1] "iteration number: "
[1] 184
[1] "iteration number: "
[1] 185
[1] "iteration number: "
[1] 186
[1] "iteration number: "
[1] 187
[1] "iteration number: "
[1] 188
[1] "iteration number: "
[1] 189
[1] "iteration number: "
[1] 190
[1] "iteration number: "
[1] 191
[1] "iteration number: "
[1] 192
[1] "iteration number: "
[1] 193
[1] "iteration number: "
[1] 194
[1] "iteration number: "
[1] 195
[1] "iteration number: "
[1] 196
[1] "iteration number: "
[1] 197
[1] "iteration number: "
[1] 198
[1] "iteration number: "
[1] 199
[1] "iteration number: "
[1] 200
[1] "iteration number: "
[1] 201
[1] "iteration number: "
[1] 202
[1] "iteration number: "
[1] 203
[1] "iteration number: "
[1] 204
[1] "iteration number: "
[1] 205
[1] "iteration number: "
[1] 206
[1] "iteration number: "
[1] 207
[1] "iteration number: "
[1] 208
[1] "iteration number: "
[1] 209
[1] "iteration number: "
[1] 210
[1] "iteration number: "
[1] 211
[1] "iteration number: "
[1] 212
[1] "iteration number: "
[1] 213
[1] "iteration number: "
[1] 214
[1] "iteration number: "
[1] 215
[1] "iteration number: "
[1] 216
[1] "iteration number: "
[1] 217
[1] "iteration number: "
[1] 218
[1] "iteration number: "
[1] 219
[1] "iteration number: "
[1] 220
[1] "iteration number: "
[1] 221
[1] "iteration number: "
[1] 222
[1] "iteration number: "
[1] 223
[1] "iteration number: "
[1] 224
[1] "iteration number: "
[1] 225
[1] "iteration number: "
[1] 226
[1] "iteration number: "
[1] 227
[1] "iteration number: "
[1] 228
[1] "iteration number: "
[1] 229
[1] "iteration number: "
[1] 230
[1] "iteration number: "
[1] 231
[1] "iteration number: "
[1] 232
[1] "iteration number: "
[1] 233
[1] "iteration number: "
[1] 234
[1] "iteration number: "
[1] 235
[1] "iteration number: "
[1] 236
[1] "iteration number: "
[1] 237
[1] "iteration number: "
[1] 238
[1] "iteration number: "
[1] 239
[1] "iteration number: "
[1] 240
[1] "iteration number: "
[1] 241
[1] "iteration number: "
[1] 242
[1] "iteration number: "
[1] 243
[1] "iteration number: "
[1] 244
[1] "iteration number: "
[1] 245
[1] "iteration number: "
[1] 246
[1] "iteration number: "
[1] 247
[1] "iteration number: "
[1] 248
[1] "iteration number: "
[1] 249
[1] "iteration number: "
[1] 250
[1] "iteration number: "
[1] 251
[1] "iteration number: "
[1] 252
[1] "iteration number: "
[1] 253
[1] "iteration number: "
[1] 254
[1] "iteration number: "
[1] 255
[1] "iteration number: "
[1] 256
[1] "iteration number: "
[1] 257
[1] "iteration number: "
[1] 258
[1] "iteration number: "
[1] 259
[1] "iteration number: "
[1] 260
[1] "iteration number: "
[1] 261
[1] "iteration number: "
[1] 262
[1] "iteration number: "
[1] 263
[1] "iteration number: "
[1] 264
[1] "iteration number: "
[1] 265
[1] "iteration number: "
[1] 266
[1] "iteration number: "
[1] 267
[1] "iteration number: "
[1] 268
[1] "iteration number: "
[1] 269
[1] "iteration number: "
[1] 270
[1] "iteration number: "
[1] 271
[1] "iteration number: "
[1] 272
[1] "iteration number: "
[1] 273
[1] "iteration number: "
[1] 274
[1] "iteration number: "
[1] 275
[1] "iteration number: "
[1] 276
[1] "iteration number: "
[1] 277
[1] "iteration number: "
[1] 278
[1] "iteration number: "
[1] 279
[1] "iteration number: "
[1] 280
[1] "iteration number: "
[1] 281
[1] "iteration number: "
[1] 282
[1] "iteration number: "
[1] 283
[1] "iteration number: "
[1] 284
[1] "iteration number: "
[1] 285
[1] "iteration number: "
[1] 286
[1] "iteration number: "
[1] 287
[1] "iteration number: "
[1] 288
[1] "iteration number: "
[1] 289
[1] "iteration number: "
[1] 290
[1] "iteration number: "
[1] 291
[1] "iteration number: "
[1] 292
[1] "iteration number: "
[1] 293
[1] "iteration number: "
[1] 294
[1] "iteration number: "
[1] 295
[1] "iteration number: "
[1] 296
[1] "iteration number: "
[1] 297
[1] "iteration number: "
[1] 298
[1] "iteration number: "
[1] 299
[1] "iteration number: "
[1] 300
[1] "iteration number: "
[1] 301
[1] "iteration number: "
[1] 302
[1] "iteration number: "
[1] 303
[1] "iteration number: "
[1] 304
[1] "iteration number: "
[1] 305
[1] "iteration number: "
[1] 306
[1] "iteration number: "
[1] 307
[1] "iteration number: "
[1] 308
[1] "iteration number: "
[1] 309
[1] "iteration number: "
[1] 310
[1] "iteration number: "
[1] 311
[1] "iteration number: "
[1] 312
[1] "iteration number: "
[1] 313
[1] "iteration number: "
[1] 314
[1] "iteration number: "
[1] 315
[1] "iteration number: "
[1] 316
[1] "iteration number: "
[1] 317
[1] "iteration number: "
[1] 318
[1] "iteration number: "
[1] 319
[1] "iteration number: "
[1] 320
[1] "iteration number: "
[1] 321
[1] "iteration number: "
[1] 322
[1] "iteration number: "
[1] 323
[1] "iteration number: "
[1] 324
[1] "iteration number: "
[1] 325
[1] "iteration number: "
[1] 326
[1] "iteration number: "
[1] 327
[1] "iteration number: "
[1] 328
[1] "iteration number: "
[1] 329
[1] "iteration number: "
[1] 330
[1] "iteration number: "
[1] 331
[1] "iteration number: "
[1] 332
[1] "iteration number: "
[1] 333
[1] "iteration number: "
[1] 334
[1] "iteration number: "
[1] 335
[1] "iteration number: "
[1] 336
[1] "iteration number: "
[1] 337
[1] "iteration number: "
[1] 338
[1] "iteration number: "
[1] 339
[1] "iteration number: "
[1] 340
[1] "iteration number: "
[1] 341
[1] "iteration number: "
[1] 342
[1] "iteration number: "
[1] 343
[1] "iteration number: "
[1] 344
[1] "iteration number: "
[1] 345
[1] "iteration number: "
[1] 346
[1] "iteration number: "
[1] 347
[1] "iteration number: "
[1] 348
[1] "iteration number: "
[1] 349
[1] "iteration number: "
[1] 350
[1] "iteration number: "
[1] 351
[1] "iteration number: "
[1] 352
[1] "iteration number: "
[1] 353
[1] "iteration number: "
[1] 354
[1] "iteration number: "
[1] 355
[1] "iteration number: "
[1] 356
[1] "iteration number: "
[1] 357
[1] "iteration number: "
[1] 358
[1] "iteration number: "
[1] 359
[1] "iteration number: "
[1] 360
[1] "iteration number: "
[1] 361
[1] "iteration number: "
[1] 362
[1] "iteration number: "
[1] 363
[1] "iteration number: "
[1] 364
[1] "iteration number: "
[1] 365
[1] "iteration number: "
[1] 366
[1] "iteration number: "
[1] 367
[1] "iteration number: "
[1] 368
[1] "iteration number: "
[1] 369
[1] "iteration number: "
[1] 370
[1] "iteration number: "
[1] 371
[1] "iteration number: "
[1] 372
[1] "iteration number: "
[1] 373
[1] "iteration number: "
[1] 374
[1] "iteration number: "
[1] 375
[1] "iteration number: "
[1] 376
[1] "iteration number: "
[1] 377
[1] "iteration number: "
[1] 378
[1] "iteration number: "
[1] 379
[1] "iteration number: "
[1] 380
[1] "iteration number: "
[1] 381
[1] "iteration number: "
[1] 382
[1] "iteration number: "
[1] 383
[1] "iteration number: "
[1] 384
[1] "iteration number: "
[1] 385
[1] "iteration number: "
[1] 386
[1] "iteration number: "
[1] 387
[1] "iteration number: "
[1] 388
[1] "iteration number: "
[1] 389
[1] "iteration number: "
[1] 390
[1] "iteration number: "
[1] 391
[1] "iteration number: "
[1] 392
[1] "iteration number: "
[1] 393
[1] "iteration number: "
[1] 394
[1] "iteration number: "
[1] 395
[1] "iteration number: "
[1] 396
[1] "iteration number: "
[1] 397
[1] "iteration number: "
[1] 398
[1] "iteration number: "
[1] 399
[1] "iteration number: "
[1] 400
[1] "iteration number: "
[1] 401
[1] "iteration number: "
[1] 402
[1] "No change for 11 iterations. Exiting PSO."
[1] "##################################"
[1] "Results summary for itr:7"
[1] "number of features selected using population mean"
[1] 16
[1] "number of features selected using current global best"
[1] 16
[1] "feat ind length"
[1] 16
[1] "best accuracy"
[1] 56.51045
[1] "test acc:0.95"
[1] "##################################"
[1] "learning sets: 8"
 [1]  18  71  54  89  37  43   9  60  23  38  63  73  19  11  34  17  51  79  66
[20]  97  96  15  56  74   5  13  21  20  76  67  35  95  86  22  45   2   6  65
[39]  40  53  77  25  26  68  90   7  75  62  44  72  82  81  33  50  31   4  61
[58]   1  85  12  80  78  58  91  16  70  57  36  87  69  84  29  27  98  52   3
[77] 100  41  94  14
[1] "Starting global iteration number : 8"
[1] "iteration number: "
[1] 1
[1] "iteration number: "
[1] 2
[1] "iteration number: "
[1] 3
[1] "iteration number: "
[1] 4
[1] "iteration number: "
[1] 5
[1] "iteration number: "
[1] 6
[1] "iteration number: "
[1] 7
[1] "iteration number: "
[1] 8
[1] "iteration number: "
[1] 9
[1] "iteration number: "
[1] 10
[1] "iteration number: "
[1] 11
[1] "iteration number: "
[1] 12
[1] "iteration number: "
[1] 13
[1] "iteration number: "
[1] 14
[1] "iteration number: "
[1] 15
[1] "iteration number: "
[1] 16
[1] "iteration number: "
[1] 17
[1] "iteration number: "
[1] 18
[1] "iteration number: "
[1] 19
[1] "iteration number: "
[1] 20
[1] "iteration number: "
[1] 21
[1] "iteration number: "
[1] 22
[1] "iteration number: "
[1] 23
[1] "iteration number: "
[1] 24
[1] "iteration number: "
[1] 25
[1] "iteration number: "
[1] 26
[1] "iteration number: "
[1] 27
[1] "iteration number: "
[1] 28
[1] "iteration number: "
[1] 29
[1] "iteration number: "
[1] 30
[1] "iteration number: "
[1] 31
[1] "iteration number: "
[1] 32
[1] "iteration number: "
[1] 33
[1] "iteration number: "
[1] 34
[1] "iteration number: "
[1] 35
[1] "iteration number: "
[1] 36
[1] "iteration number: "
[1] 37
[1] "iteration number: "
[1] 38
[1] "iteration number: "
[1] 39
[1] "iteration number: "
[1] 40
[1] "iteration number: "
[1] 41
[1] "iteration number: "
[1] 42
[1] "iteration number: "
[1] 43
[1] "iteration number: "
[1] 44
[1] "iteration number: "
[1] 45
[1] "iteration number: "
[1] 46
[1] "iteration number: "
[1] 47
[1] "iteration number: "
[1] 48
[1] "iteration number: "
[1] 49
[1] "iteration number: "
[1] 50
[1] "iteration number: "
[1] 51
[1] "iteration number: "
[1] 52
[1] "iteration number: "
[1] 53
[1] "iteration number: "
[1] 54
[1] "iteration number: "
[1] 55
[1] "iteration number: "
[1] 56
[1] "iteration number: "
[1] 57
[1] "iteration number: "
[1] 58
[1] "iteration number: "
[1] 59
[1] "iteration number: "
[1] 60
[1] "iteration number: "
[1] 61
[1] "iteration number: "
[1] 62
[1] "iteration number: "
[1] 63
[1] "iteration number: "
[1] 64
[1] "iteration number: "
[1] 65
[1] "iteration number: "
[1] 66
[1] "iteration number: "
[1] 67
[1] "iteration number: "
[1] 68
[1] "iteration number: "
[1] 69
[1] "iteration number: "
[1] 70
[1] "iteration number: "
[1] 71
[1] "iteration number: "
[1] 72
[1] "iteration number: "
[1] 73
[1] "iteration number: "
[1] 74
[1] "iteration number: "
[1] 75
[1] "iteration number: "
[1] 76
[1] "iteration number: "
[1] 77
[1] "iteration number: "
[1] 78
[1] "iteration number: "
[1] 79
[1] "iteration number: "
[1] 80
[1] "iteration number: "
[1] 81
[1] "iteration number: "
[1] 82
[1] "iteration number: "
[1] 83
[1] "iteration number: "
[1] 84
[1] "iteration number: "
[1] 85
[1] "iteration number: "
[1] 86
[1] "iteration number: "
[1] 87
[1] "iteration number: "
[1] 88
[1] "iteration number: "
[1] 89
[1] "iteration number: "
[1] 90
[1] "iteration number: "
[1] 91
[1] "iteration number: "
[1] 92
[1] "iteration number: "
[1] 93
[1] "iteration number: "
[1] 94
[1] "iteration number: "
[1] 95
[1] "iteration number: "
[1] 96
[1] "iteration number: "
[1] 97
[1] "iteration number: "
[1] 98
[1] "iteration number: "
[1] 99
[1] "iteration number: "
[1] 100
[1] "iteration number: "
[1] 101
[1] "iteration number: "
[1] 102
[1] "iteration number: "
[1] 103
[1] "iteration number: "
[1] 104
[1] "iteration number: "
[1] 105
[1] "iteration number: "
[1] 106
[1] "iteration number: "
[1] 107
[1] "iteration number: "
[1] 108
[1] "iteration number: "
[1] 109
[1] "iteration number: "
[1] 110
[1] "iteration number: "
[1] 111
[1] "iteration number: "
[1] 112
[1] "iteration number: "
[1] 113
[1] "iteration number: "
[1] 114
[1] "iteration number: "
[1] 115
[1] "iteration number: "
[1] 116
[1] "iteration number: "
[1] 117
[1] "iteration number: "
[1] 118
[1] "iteration number: "
[1] 119
[1] "iteration number: "
[1] 120
[1] "iteration number: "
[1] 121
[1] "iteration number: "
[1] 122
[1] "iteration number: "
[1] 123
[1] "iteration number: "
[1] 124
[1] "iteration number: "
[1] 125
[1] "iteration number: "
[1] 126
[1] "iteration number: "
[1] 127
[1] "iteration number: "
[1] 128
[1] "iteration number: "
[1] 129
[1] "iteration number: "
[1] 130
[1] "iteration number: "
[1] 131
[1] "iteration number: "
[1] 132
[1] "iteration number: "
[1] 133
[1] "iteration number: "
[1] 134
[1] "iteration number: "
[1] 135
[1] "iteration number: "
[1] 136
[1] "iteration number: "
[1] 137
[1] "iteration number: "
[1] 138
[1] "iteration number: "
[1] 139
[1] "iteration number: "
[1] 140
[1] "iteration number: "
[1] 141
[1] "iteration number: "
[1] 142
[1] "iteration number: "
[1] 143
[1] "iteration number: "
[1] 144
[1] "iteration number: "
[1] 145
[1] "iteration number: "
[1] 146
[1] "iteration number: "
[1] 147
[1] "iteration number: "
[1] 148
[1] "iteration number: "
[1] 149
[1] "iteration number: "
[1] 150
[1] "iteration number: "
[1] 151
[1] "iteration number: "
[1] 152
[1] "iteration number: "
[1] 153
[1] "iteration number: "
[1] 154
[1] "iteration number: "
[1] 155
[1] "iteration number: "
[1] 156
[1] "iteration number: "
[1] 157
[1] "iteration number: "
[1] 158
[1] "iteration number: "
[1] 159
[1] "iteration number: "
[1] 160
[1] "iteration number: "
[1] 161
[1] "iteration number: "
[1] 162
[1] "iteration number: "
[1] 163
[1] "iteration number: "
[1] 164
[1] "iteration number: "
[1] 165
[1] "iteration number: "
[1] 166
[1] "iteration number: "
[1] 167
[1] "iteration number: "
[1] 168
[1] "iteration number: "
[1] 169
[1] "iteration number: "
[1] 170
[1] "iteration number: "
[1] 171
[1] "iteration number: "
[1] 172
[1] "iteration number: "
[1] 173
[1] "iteration number: "
[1] 174
[1] "iteration number: "
[1] 175
[1] "iteration number: "
[1] 176
[1] "iteration number: "
[1] 177
[1] "iteration number: "
[1] 178
[1] "iteration number: "
[1] 179
[1] "iteration number: "
[1] 180
[1] "iteration number: "
[1] 181
[1] "iteration number: "
[1] 182
[1] "iteration number: "
[1] 183
[1] "iteration number: "
[1] 184
[1] "iteration number: "
[1] 185
[1] "iteration number: "
[1] 186
[1] "iteration number: "
[1] 187
[1] "iteration number: "
[1] 188
[1] "iteration number: "
[1] 189
[1] "iteration number: "
[1] 190
[1] "iteration number: "
[1] 191
[1] "iteration number: "
[1] 192
[1] "iteration number: "
[1] 193
[1] "iteration number: "
[1] 194
[1] "iteration number: "
[1] 195
[1] "iteration number: "
[1] 196
[1] "iteration number: "
[1] 197
[1] "iteration number: "
[1] 198
[1] "iteration number: "
[1] 199
[1] "iteration number: "
[1] 200
[1] "iteration number: "
[1] 201
[1] "iteration number: "
[1] 202
[1] "iteration number: "
[1] 203
[1] "iteration number: "
[1] 204
[1] "iteration number: "
[1] 205
[1] "iteration number: "
[1] 206
[1] "iteration number: "
[1] 207
[1] "iteration number: "
[1] 208
[1] "iteration number: "
[1] 209
[1] "iteration number: "
[1] 210
[1] "iteration number: "
[1] 211
[1] "iteration number: "
[1] 212
[1] "iteration number: "
[1] 213
[1] "iteration number: "
[1] 214
[1] "iteration number: "
[1] 215
[1] "iteration number: "
[1] 216
[1] "iteration number: "
[1] 217
[1] "iteration number: "
[1] 218
[1] "iteration number: "
[1] 219
[1] "iteration number: "
[1] 220
[1] "iteration number: "
[1] 221
[1] "iteration number: "
[1] 222
[1] "iteration number: "
[1] 223
[1] "iteration number: "
[1] 224
[1] "iteration number: "
[1] 225
[1] "iteration number: "
[1] 226
[1] "iteration number: "
[1] 227
[1] "iteration number: "
[1] 228
[1] "iteration number: "
[1] 229
[1] "iteration number: "
[1] 230
[1] "iteration number: "
[1] 231
[1] "iteration number: "
[1] 232
[1] "iteration number: "
[1] 233
[1] "iteration number: "
[1] 234
[1] "iteration number: "
[1] 235
[1] "iteration number: "
[1] 236
[1] "iteration number: "
[1] 237
[1] "iteration number: "
[1] 238
[1] "iteration number: "
[1] 239
[1] "iteration number: "
[1] 240
[1] "iteration number: "
[1] 241
[1] "iteration number: "
[1] 242
[1] "iteration number: "
[1] 243
[1] "iteration number: "
[1] 244
[1] "iteration number: "
[1] 245
[1] "iteration number: "
[1] 246
[1] "iteration number: "
[1] 247
[1] "iteration number: "
[1] 248
[1] "iteration number: "
[1] 249
[1] "iteration number: "
[1] 250
[1] "iteration number: "
[1] 251
[1] "iteration number: "
[1] 252
[1] "iteration number: "
[1] 253
[1] "iteration number: "
[1] 254
[1] "iteration number: "
[1] 255
[1] "iteration number: "
[1] 256
[1] "iteration number: "
[1] 257
[1] "iteration number: "
[1] 258
[1] "iteration number: "
[1] 259
[1] "iteration number: "
[1] 260
[1] "iteration number: "
[1] 261
[1] "iteration number: "
[1] 262
[1] "iteration number: "
[1] 263
[1] "iteration number: "
[1] 264
[1] "iteration number: "
[1] 265
[1] "iteration number: "
[1] 266
[1] "iteration number: "
[1] 267
[1] "iteration number: "
[1] 268
[1] "iteration number: "
[1] 269
[1] "iteration number: "
[1] 270
[1] "iteration number: "
[1] 271
[1] "iteration number: "
[1] 272
[1] "iteration number: "
[1] 273
[1] "iteration number: "
[1] 274
[1] "iteration number: "
[1] 275
[1] "iteration number: "
[1] 276
[1] "iteration number: "
[1] 277
[1] "iteration number: "
[1] 278
[1] "iteration number: "
[1] 279
[1] "iteration number: "
[1] 280
[1] "iteration number: "
[1] 281
[1] "iteration number: "
[1] 282
[1] "iteration number: "
[1] 283
[1] "iteration number: "
[1] 284
[1] "iteration number: "
[1] 285
[1] "iteration number: "
[1] 286
[1] "iteration number: "
[1] 287
[1] "iteration number: "
[1] 288
[1] "iteration number: "
[1] 289
[1] "iteration number: "
[1] 290
[1] "iteration number: "
[1] 291
[1] "iteration number: "
[1] 292
[1] "iteration number: "
[1] 293
[1] "iteration number: "
[1] 294
[1] "iteration number: "
[1] 295
[1] "iteration number: "
[1] 296
[1] "iteration number: "
[1] 297
[1] "iteration number: "
[1] 298
[1] "iteration number: "
[1] 299
[1] "iteration number: "
[1] 300
[1] "iteration number: "
[1] 301
[1] "iteration number: "
[1] 302
[1] "iteration number: "
[1] 303
[1] "iteration number: "
[1] 304
[1] "iteration number: "
[1] 305
[1] "iteration number: "
[1] 306
[1] "iteration number: "
[1] 307
[1] "iteration number: "
[1] 308
[1] "iteration number: "
[1] 309
[1] "iteration number: "
[1] 310
[1] "iteration number: "
[1] 311
[1] "iteration number: "
[1] 312
[1] "iteration number: "
[1] 313
[1] "iteration number: "
[1] 314
[1] "iteration number: "
[1] 315
[1] "iteration number: "
[1] 316
[1] "iteration number: "
[1] 317
[1] "iteration number: "
[1] 318
[1] "iteration number: "
[1] 319
[1] "iteration number: "
[1] 320
[1] "iteration number: "
[1] 321
[1] "iteration number: "
[1] 322
[1] "iteration number: "
[1] 323
[1] "iteration number: "
[1] 324
[1] "iteration number: "
[1] 325
[1] "iteration number: "
[1] 326
[1] "iteration number: "
[1] 327
[1] "iteration number: "
[1] 328
[1] "iteration number: "
[1] 329
[1] "iteration number: "
[1] 330
[1] "iteration number: "
[1] 331
[1] "iteration number: "
[1] 332
[1] "iteration number: "
[1] 333
[1] "iteration number: "
[1] 334
[1] "iteration number: "
[1] 335
[1] "iteration number: "
[1] 336
[1] "iteration number: "
[1] 337
[1] "iteration number: "
[1] 338
[1] "iteration number: "
[1] 339
[1] "iteration number: "
[1] 340
[1] "iteration number: "
[1] 341
[1] "iteration number: "
[1] 342
[1] "iteration number: "
[1] 343
[1] "iteration number: "
[1] 344
[1] "iteration number: "
[1] 345
[1] "iteration number: "
[1] 346
[1] "iteration number: "
[1] 347
[1] "iteration number: "
[1] 348
[1] "iteration number: "
[1] 349
[1] "iteration number: "
[1] 350
[1] "iteration number: "
[1] 351
[1] "iteration number: "
[1] 352
[1] "iteration number: "
[1] 353
[1] "iteration number: "
[1] 354
[1] "iteration number: "
[1] 355
[1] "iteration number: "
[1] 356
[1] "iteration number: "
[1] 357
[1] "iteration number: "
[1] 358
[1] "iteration number: "
[1] 359
[1] "iteration number: "
[1] 360
[1] "iteration number: "
[1] 361
[1] "iteration number: "
[1] 362
[1] "iteration number: "
[1] 363
[1] "iteration number: "
[1] 364
[1] "iteration number: "
[1] 365
[1] "iteration number: "
[1] 366
[1] "iteration number: "
[1] 367
[1] "iteration number: "
[1] 368
[1] "iteration number: "
[1] 369
[1] "iteration number: "
[1] 370
[1] "iteration number: "
[1] 371
[1] "iteration number: "
[1] 372
[1] "iteration number: "
[1] 373
[1] "iteration number: "
[1] 374
[1] "iteration number: "
[1] 375
[1] "iteration number: "
[1] 376
[1] "iteration number: "
[1] 377
[1] "No change for 11 iterations. Exiting PSO."
[1] "##################################"
[1] "Results summary for itr:8"
[1] "number of features selected using population mean"
[1] 21
[1] "number of features selected using current global best"
[1] 21
[1] "feat ind length"
[1] 21
[1] "best accuracy"
[1] 48.01205
[1] "test acc:1"
[1] "##################################"
[1] "learning sets: 9"
 [1]  74   6  76  28  90  63  18  11   5  77  38  89  21  43  20  95  71  96  25
[20]  42  17  10  66  48   8  60  26  92  65  19  23  13  51  79  46  56  35  86
[39]  83  22  47  54  99  37  15 100   1  69  93   4  94  82  58  64  87  49  12
[58]  52  14   3  62  88  57  44  84  50  31  80  55  36  91  59  32  39  81  70
[77]  85  75  41  27
[1] "Starting global iteration number : 9"
[1] "iteration number: "
[1] 1
[1] "iteration number: "
[1] 2
[1] "iteration number: "
[1] 3
[1] "iteration number: "
[1] 4
[1] "iteration number: "
[1] 5
[1] "iteration number: "
[1] 6
[1] "iteration number: "
[1] 7
[1] "iteration number: "
[1] 8
[1] "iteration number: "
[1] 9
[1] "iteration number: "
[1] 10
[1] "iteration number: "
[1] 11
[1] "iteration number: "
[1] 12
[1] "iteration number: "
[1] 13
[1] "iteration number: "
[1] 14
[1] "iteration number: "
[1] 15
[1] "iteration number: "
[1] 16
[1] "iteration number: "
[1] 17
[1] "iteration number: "
[1] 18
[1] "iteration number: "
[1] 19
[1] "iteration number: "
[1] 20
[1] "iteration number: "
[1] 21
[1] "iteration number: "
[1] 22
[1] "iteration number: "
[1] 23
[1] "iteration number: "
[1] 24
[1] "iteration number: "
[1] 25
[1] "iteration number: "
[1] 26
[1] "iteration number: "
[1] 27
[1] "iteration number: "
[1] 28
[1] "iteration number: "
[1] 29
[1] "iteration number: "
[1] 30
[1] "iteration number: "
[1] 31
[1] "iteration number: "
[1] 32
[1] "iteration number: "
[1] 33
[1] "iteration number: "
[1] 34
[1] "iteration number: "
[1] 35
[1] "iteration number: "
[1] 36
[1] "iteration number: "
[1] 37
[1] "iteration number: "
[1] 38
[1] "iteration number: "
[1] 39
[1] "iteration number: "
[1] 40
[1] "iteration number: "
[1] 41
[1] "iteration number: "
[1] 42
[1] "iteration number: "
[1] 43
[1] "iteration number: "
[1] 44
[1] "iteration number: "
[1] 45
[1] "iteration number: "
[1] 46
[1] "iteration number: "
[1] 47
[1] "iteration number: "
[1] 48
[1] "iteration number: "
[1] 49
[1] "iteration number: "
[1] 50
[1] "iteration number: "
[1] 51
[1] "iteration number: "
[1] 52
[1] "iteration number: "
[1] 53
[1] "iteration number: "
[1] 54
[1] "iteration number: "
[1] 55
[1] "iteration number: "
[1] 56
[1] "iteration number: "
[1] 57
[1] "iteration number: "
[1] 58
[1] "iteration number: "
[1] 59
[1] "iteration number: "
[1] 60
[1] "iteration number: "
[1] 61
[1] "iteration number: "
[1] 62
[1] "iteration number: "
[1] 63
[1] "iteration number: "
[1] 64
[1] "iteration number: "
[1] 65
[1] "iteration number: "
[1] 66
[1] "iteration number: "
[1] 67
[1] "iteration number: "
[1] 68
[1] "iteration number: "
[1] 69
[1] "iteration number: "
[1] 70
[1] "iteration number: "
[1] 71
[1] "iteration number: "
[1] 72
[1] "iteration number: "
[1] 73
[1] "iteration number: "
[1] 74
[1] "iteration number: "
[1] 75
[1] "iteration number: "
[1] 76
[1] "iteration number: "
[1] 77
[1] "iteration number: "
[1] 78
[1] "iteration number: "
[1] 79
[1] "iteration number: "
[1] 80
[1] "iteration number: "
[1] 81
[1] "iteration number: "
[1] 82
[1] "iteration number: "
[1] 83
[1] "iteration number: "
[1] 84
[1] "iteration number: "
[1] 85
[1] "iteration number: "
[1] 86
[1] "iteration number: "
[1] 87
[1] "iteration number: "
[1] 88
[1] "iteration number: "
[1] 89
[1] "iteration number: "
[1] 90
[1] "iteration number: "
[1] 91
[1] "iteration number: "
[1] 92
[1] "iteration number: "
[1] 93
[1] "iteration number: "
[1] 94
[1] "iteration number: "
[1] 95
[1] "iteration number: "
[1] 96
[1] "iteration number: "
[1] 97
[1] "iteration number: "
[1] 98
[1] "iteration number: "
[1] 99
[1] "iteration number: "
[1] 100
[1] "iteration number: "
[1] 101
[1] "iteration number: "
[1] 102
[1] "iteration number: "
[1] 103
[1] "iteration number: "
[1] 104
[1] "iteration number: "
[1] 105
[1] "iteration number: "
[1] 106
[1] "iteration number: "
[1] 107
[1] "iteration number: "
[1] 108
[1] "iteration number: "
[1] 109
[1] "iteration number: "
[1] 110
[1] "iteration number: "
[1] 111
[1] "iteration number: "
[1] 112
[1] "iteration number: "
[1] 113
[1] "iteration number: "
[1] 114
[1] "iteration number: "
[1] 115
[1] "iteration number: "
[1] 116
[1] "iteration number: "
[1] 117
[1] "iteration number: "
[1] 118
[1] "iteration number: "
[1] 119
[1] "iteration number: "
[1] 120
[1] "iteration number: "
[1] 121
[1] "iteration number: "
[1] 122
[1] "iteration number: "
[1] 123
[1] "iteration number: "
[1] 124
[1] "iteration number: "
[1] 125
[1] "iteration number: "
[1] 126
[1] "iteration number: "
[1] 127
[1] "iteration number: "
[1] 128
[1] "iteration number: "
[1] 129
[1] "iteration number: "
[1] 130
[1] "iteration number: "
[1] 131
[1] "iteration number: "
[1] 132
[1] "iteration number: "
[1] 133
[1] "iteration number: "
[1] 134
[1] "iteration number: "
[1] 135
[1] "iteration number: "
[1] 136
[1] "iteration number: "
[1] 137
[1] "iteration number: "
[1] 138
[1] "iteration number: "
[1] 139
[1] "iteration number: "
[1] 140
[1] "iteration number: "
[1] 141
[1] "iteration number: "
[1] 142
[1] "iteration number: "
[1] 143
[1] "iteration number: "
[1] 144
[1] "iteration number: "
[1] 145
[1] "iteration number: "
[1] 146
[1] "iteration number: "
[1] 147
[1] "iteration number: "
[1] 148
[1] "iteration number: "
[1] 149
[1] "iteration number: "
[1] 150
[1] "iteration number: "
[1] 151
[1] "iteration number: "
[1] 152
[1] "iteration number: "
[1] 153
[1] "iteration number: "
[1] 154
[1] "iteration number: "
[1] 155
[1] "iteration number: "
[1] 156
[1] "iteration number: "
[1] 157
[1] "iteration number: "
[1] 158
[1] "iteration number: "
[1] 159
[1] "iteration number: "
[1] 160
[1] "iteration number: "
[1] 161
[1] "iteration number: "
[1] 162
[1] "iteration number: "
[1] 163
[1] "iteration number: "
[1] 164
[1] "iteration number: "
[1] 165
[1] "iteration number: "
[1] 166
[1] "iteration number: "
[1] 167
[1] "iteration number: "
[1] 168
[1] "iteration number: "
[1] 169
[1] "iteration number: "
[1] 170
[1] "iteration number: "
[1] 171
[1] "iteration number: "
[1] 172
[1] "iteration number: "
[1] 173
[1] "iteration number: "
[1] 174
[1] "iteration number: "
[1] 175
[1] "iteration number: "
[1] 176
[1] "iteration number: "
[1] 177
[1] "iteration number: "
[1] 178
[1] "iteration number: "
[1] 179
[1] "iteration number: "
[1] 180
[1] "No change for 11 iterations. Exiting PSO."
[1] "##################################"
[1] "Results summary for itr:9"
[1] "number of features selected using population mean"
[1] 21
[1] "number of features selected using current global best"
[1] 21
[1] "feat ind length"
[1] 21
[1] "best accuracy"
[1] 47.42562
[1] "test acc:0.95"
[1] "##################################"
[1] "learning sets: 10"
 [1] 97 48 10 21 18 54 11 73 34 17 56 20 95 47 53 79  6 67 51 76 71 65 77 23 83
[26] 86 63 35 30 42 90 46 37 89 19 40 25 74 66  8  5 60 26 38 28 75 39  7 33 32
[51] 12 78 29 57 64 72 82 55  4 58 85 16 81 80 52 14 62 50 24 61 93 94  3 36 84
[76] 44 91 31 88 87
[1] "Starting global iteration number : 10"
[1] "iteration number: "
[1] 1
[1] "iteration number: "
[1] 2
[1] "iteration number: "
[1] 3
[1] "iteration number: "
[1] 4
[1] "iteration number: "
[1] 5
[1] "iteration number: "
[1] 6
[1] "iteration number: "
[1] 7
[1] "iteration number: "
[1] 8
[1] "iteration number: "
[1] 9
[1] "iteration number: "
[1] 10
[1] "iteration number: "
[1] 11
[1] "iteration number: "
[1] 12
[1] "iteration number: "
[1] 13
[1] "iteration number: "
[1] 14
[1] "iteration number: "
[1] 15
[1] "iteration number: "
[1] 16
[1] "iteration number: "
[1] 17
[1] "iteration number: "
[1] 18
[1] "iteration number: "
[1] 19
[1] "iteration number: "
[1] 20
[1] "iteration number: "
[1] 21
[1] "iteration number: "
[1] 22
[1] "iteration number: "
[1] 23
[1] "iteration number: "
[1] 24
[1] "iteration number: "
[1] 25
[1] "iteration number: "
[1] 26
[1] "iteration number: "
[1] 27
[1] "iteration number: "
[1] 28
[1] "iteration number: "
[1] 29
[1] "iteration number: "
[1] 30
[1] "iteration number: "
[1] 31
[1] "iteration number: "
[1] 32
[1] "iteration number: "
[1] 33
[1] "iteration number: "
[1] 34
[1] "iteration number: "
[1] 35
[1] "iteration number: "
[1] 36
[1] "iteration number: "
[1] 37
[1] "iteration number: "
[1] 38
[1] "iteration number: "
[1] 39
[1] "iteration number: "
[1] 40
[1] "iteration number: "
[1] 41
[1] "iteration number: "
[1] 42
[1] "iteration number: "
[1] 43
[1] "iteration number: "
[1] 44
[1] "iteration number: "
[1] 45
[1] "iteration number: "
[1] 46
[1] "iteration number: "
[1] 47
[1] "iteration number: "
[1] 48
[1] "iteration number: "
[1] 49
[1] "iteration number: "
[1] 50
[1] "iteration number: "
[1] 51
[1] "iteration number: "
[1] 52
[1] "iteration number: "
[1] 53
[1] "iteration number: "
[1] 54
[1] "iteration number: "
[1] 55
[1] "iteration number: "
[1] 56
[1] "iteration number: "
[1] 57
[1] "iteration number: "
[1] 58
[1] "iteration number: "
[1] 59
[1] "iteration number: "
[1] 60
[1] "iteration number: "
[1] 61
[1] "iteration number: "
[1] 62
[1] "iteration number: "
[1] 63
[1] "iteration number: "
[1] 64
[1] "iteration number: "
[1] 65
[1] "iteration number: "
[1] 66
[1] "iteration number: "
[1] 67
[1] "iteration number: "
[1] 68
[1] "iteration number: "
[1] 69
[1] "iteration number: "
[1] 70
[1] "iteration number: "
[1] 71
[1] "iteration number: "
[1] 72
[1] "iteration number: "
[1] 73
[1] "iteration number: "
[1] 74
[1] "iteration number: "
[1] 75
[1] "iteration number: "
[1] 76
[1] "iteration number: "
[1] 77
[1] "iteration number: "
[1] 78
[1] "iteration number: "
[1] 79
[1] "iteration number: "
[1] 80
[1] "iteration number: "
[1] 81
[1] "iteration number: "
[1] 82
[1] "iteration number: "
[1] 83
[1] "iteration number: "
[1] 84
[1] "iteration number: "
[1] 85
[1] "iteration number: "
[1] 86
[1] "iteration number: "
[1] 87
[1] "iteration number: "
[1] 88
[1] "iteration number: "
[1] 89
[1] "iteration number: "
[1] 90
[1] "iteration number: "
[1] 91
[1] "iteration number: "
[1] 92
[1] "iteration number: "
[1] 93
[1] "iteration number: "
[1] 94
[1] "iteration number: "
[1] 95
[1] "iteration number: "
[1] 96
[1] "iteration number: "
[1] 97
[1] "iteration number: "
[1] 98
[1] "iteration number: "
[1] 99
[1] "iteration number: "
[1] 100
[1] "iteration number: "
[1] 101
[1] "iteration number: "
[1] 102
[1] "iteration number: "
[1] 103
[1] "iteration number: "
[1] 104
[1] "iteration number: "
[1] 105
[1] "iteration number: "
[1] 106
[1] "iteration number: "
[1] 107
[1] "iteration number: "
[1] 108
[1] "iteration number: "
[1] 109
[1] "iteration number: "
[1] 110
[1] "iteration number: "
[1] 111
[1] "iteration number: "
[1] 112
[1] "iteration number: "
[1] 113
[1] "iteration number: "
[1] 114
[1] "iteration number: "
[1] 115
[1] "iteration number: "
[1] 116
[1] "iteration number: "
[1] 117
[1] "iteration number: "
[1] 118
[1] "iteration number: "
[1] 119
[1] "iteration number: "
[1] 120
[1] "iteration number: "
[1] 121
[1] "iteration number: "
[1] 122
[1] "iteration number: "
[1] 123
[1] "iteration number: "
[1] 124
[1] "iteration number: "
[1] 125
[1] "iteration number: "
[1] 126
[1] "iteration number: "
[1] 127
[1] "iteration number: "
[1] 128
[1] "iteration number: "
[1] 129
[1] "iteration number: "
[1] 130
[1] "iteration number: "
[1] 131
[1] "iteration number: "
[1] 132
[1] "iteration number: "
[1] 133
[1] "iteration number: "
[1] 134
[1] "iteration number: "
[1] 135
[1] "iteration number: "
[1] 136
[1] "iteration number: "
[1] 137
[1] "iteration number: "
[1] 138
[1] "iteration number: "
[1] 139
[1] "iteration number: "
[1] 140
[1] "iteration number: "
[1] 141
[1] "iteration number: "
[1] 142
[1] "iteration number: "
[1] 143
[1] "iteration number: "
[1] 144
[1] "iteration number: "
[1] 145
[1] "iteration number: "
[1] 146
[1] "iteration number: "
[1] 147
[1] "iteration number: "
[1] 148
[1] "iteration number: "
[1] 149
[1] "iteration number: "
[1] 150
[1] "iteration number: "
[1] 151
[1] "iteration number: "
[1] 152
[1] "iteration number: "
[1] 153
[1] "iteration number: "
[1] 154
[1] "iteration number: "
[1] 155
[1] "iteration number: "
[1] 156
[1] "iteration number: "
[1] 157
[1] "iteration number: "
[1] 158
[1] "iteration number: "
[1] 159
[1] "iteration number: "
[1] 160
[1] "iteration number: "
[1] 161
[1] "iteration number: "
[1] 162
[1] "iteration number: "
[1] 163
[1] "iteration number: "
[1] 164
[1] "iteration number: "
[1] 165
[1] "iteration number: "
[1] 166
[1] "iteration number: "
[1] 167
[1] "iteration number: "
[1] 168
[1] "iteration number: "
[1] 169
[1] "iteration number: "
[1] 170
[1] "iteration number: "
[1] 171
[1] "iteration number: "
[1] 172
[1] "iteration number: "
[1] 173
[1] "iteration number: "
[1] 174
[1] "iteration number: "
[1] 175
[1] "iteration number: "
[1] 176
[1] "iteration number: "
[1] 177
[1] "iteration number: "
[1] 178
[1] "iteration number: "
[1] 179
[1] "iteration number: "
[1] 180
[1] "iteration number: "
[1] 181
[1] "iteration number: "
[1] 182
[1] "iteration number: "
[1] 183
[1] "iteration number: "
[1] 184
[1] "iteration number: "
[1] 185
[1] "iteration number: "
[1] 186
[1] "iteration number: "
[1] 187
[1] "iteration number: "
[1] 188
[1] "iteration number: "
[1] 189
[1] "iteration number: "
[1] 190
[1] "iteration number: "
[1] 191
[1] "iteration number: "
[1] 192
[1] "iteration number: "
[1] 193
[1] "iteration number: "
[1] 194
[1] "iteration number: "
[1] 195
[1] "iteration number: "
[1] 196
[1] "iteration number: "
[1] 197
[1] "iteration number: "
[1] 198
[1] "iteration number: "
[1] 199
[1] "iteration number: "
[1] 200
[1] "iteration number: "
[1] 201
[1] "iteration number: "
[1] 202
[1] "iteration number: "
[1] 203
[1] "iteration number: "
[1] 204
[1] "iteration number: "
[1] 205
[1] "iteration number: "
[1] 206
[1] "iteration number: "
[1] 207
[1] "iteration number: "
[1] 208
[1] "iteration number: "
[1] 209
[1] "iteration number: "
[1] 210
[1] "iteration number: "
[1] 211
[1] "iteration number: "
[1] 212
[1] "iteration number: "
[1] 213
[1] "iteration number: "
[1] 214
[1] "iteration number: "
[1] 215
[1] "iteration number: "
[1] 216
[1] "iteration number: "
[1] 217
[1] "iteration number: "
[1] 218
[1] "iteration number: "
[1] 219
[1] "iteration number: "
[1] 220
[1] "iteration number: "
[1] 221
[1] "iteration number: "
[1] 222
[1] "iteration number: "
[1] 223
[1] "iteration number: "
[1] 224
[1] "iteration number: "
[1] 225
[1] "iteration number: "
[1] 226
[1] "iteration number: "
[1] 227
[1] "iteration number: "
[1] 228
[1] "iteration number: "
[1] 229
[1] "iteration number: "
[1] 230
[1] "iteration number: "
[1] 231
[1] "iteration number: "
[1] 232
[1] "iteration number: "
[1] 233
[1] "iteration number: "
[1] 234
[1] "iteration number: "
[1] 235
[1] "iteration number: "
[1] 236
[1] "iteration number: "
[1] 237
[1] "iteration number: "
[1] 238
[1] "iteration number: "
[1] 239
[1] "iteration number: "
[1] 240
[1] "iteration number: "
[1] 241
[1] "iteration number: "
[1] 242
[1] "iteration number: "
[1] 243
[1] "iteration number: "
[1] 244
[1] "iteration number: "
[1] 245
[1] "iteration number: "
[1] 246
[1] "iteration number: "
[1] 247
[1] "iteration number: "
[1] 248
[1] "iteration number: "
[1] 249
[1] "iteration number: "
[1] 250
[1] "iteration number: "
[1] 251
[1] "iteration number: "
[1] 252
[1] "iteration number: "
[1] 253
[1] "iteration number: "
[1] 254
[1] "iteration number: "
[1] 255
[1] "iteration number: "
[1] 256
[1] "iteration number: "
[1] 257
[1] "iteration number: "
[1] 258
[1] "iteration number: "
[1] 259
[1] "iteration number: "
[1] 260
[1] "iteration number: "
[1] 261
[1] "iteration number: "
[1] 262
[1] "iteration number: "
[1] 263
[1] "iteration number: "
[1] 264
[1] "iteration number: "
[1] 265
[1] "iteration number: "
[1] 266
[1] "iteration number: "
[1] 267
[1] "iteration number: "
[1] 268
[1] "iteration number: "
[1] 269
[1] "iteration number: "
[1] 270
[1] "iteration number: "
[1] 271
[1] "iteration number: "
[1] 272
[1] "iteration number: "
[1] 273
[1] "iteration number: "
[1] 274
[1] "iteration number: "
[1] 275
[1] "iteration number: "
[1] 276
[1] "iteration number: "
[1] 277
[1] "iteration number: "
[1] 278
[1] "iteration number: "
[1] 279
[1] "iteration number: "
[1] 280
[1] "iteration number: "
[1] 281
[1] "iteration number: "
[1] 282
[1] "iteration number: "
[1] 283
[1] "iteration number: "
[1] 284
[1] "iteration number: "
[1] 285
[1] "iteration number: "
[1] 286
[1] "iteration number: "
[1] 287
[1] "iteration number: "
[1] 288
[1] "iteration number: "
[1] 289
[1] "iteration number: "
[1] 290
[1] "iteration number: "
[1] 291
[1] "iteration number: "
[1] 292
[1] "iteration number: "
[1] 293
[1] "iteration number: "
[1] 294
[1] "iteration number: "
[1] 295
[1] "iteration number: "
[1] 296
[1] "iteration number: "
[1] 297
[1] "iteration number: "
[1] 298
[1] "iteration number: "
[1] 299
[1] "iteration number: "
[1] 300
[1] "iteration number: "
[1] 301
[1] "iteration number: "
[1] 302
[1] "iteration number: "
[1] 303
[1] "iteration number: "
[1] 304
[1] "iteration number: "
[1] 305
[1] "iteration number: "
[1] 306
[1] "iteration number: "
[1] 307
[1] "iteration number: "
[1] 308
[1] "iteration number: "
[1] 309
[1] "iteration number: "
[1] 310
[1] "iteration number: "
[1] 311
[1] "iteration number: "
[1] 312
[1] "iteration number: "
[1] 313
[1] "iteration number: "
[1] 314
[1] "iteration number: "
[1] 315
[1] "iteration number: "
[1] 316
[1] "iteration number: "
[1] 317
[1] "iteration number: "
[1] 318
[1] "iteration number: "
[1] 319
[1] "iteration number: "
[1] 320
[1] "iteration number: "
[1] 321
[1] "iteration number: "
[1] 322
[1] "iteration number: "
[1] 323
[1] "iteration number: "
[1] 324
[1] "iteration number: "
[1] 325
[1] "iteration number: "
[1] 326
[1] "iteration number: "
[1] 327
[1] "iteration number: "
[1] 328
[1] "iteration number: "
[1] 329
[1] "No change for 11 iterations. Exiting PSO."
[1] "##################################"
[1] "Results summary for itr:10"
[1] "number of features selected using population mean"
[1] 25
[1] "number of features selected using current global best"
[1] 25
[1] "feat ind length"
[1] 25
[1] "best accuracy"
[1] 55.30904
[1] "test acc:0.9"
[1] "##################################"
[1] "testacc"
 [1] 0.95 0.90 0.95 1.00 0.90 1.00 0.95 1.00 0.95 0.90
[1] 0.95
   Min. 1st Qu.  Median    Mean 3rd Qu.    Max. 
 0.9000  0.9125  0.9500  0.9500  0.9875  1.0000 
[1] 0.04082483
      [,1] [,2] [,3] [,4] [,5] [,6] [,7] [,8] [,9] [,10]
V86      0    1    1    1    1    1    1    1    0     0
V312     0    1    1    1    1    1    1    1    0     1
V377     1    1    0    1    1    0    1    1    1     1
V436     0    1    0    0    0    1    0    1    1     1
V698     1    0    0    0    0    0    0    0    1     0
V762     1    1    0    1    1    1    0    1    1     1
V1184    1    1    1    1    1    1    1    1    1     1
V1476    0    0    0    0    1    0    0    1    1     0
V1552    1    0    1    1    0    0    0    0    1     1
V1627    0    1    1    1    1    0    0    0    1     1
V1883    0    0    0    0    1    1    0    0    0     0
V1975    1    1    0    1    1    1    1    1    0     1
V2573    1    0    1    0    1    1    0    0    0     1
V3365    1    0    1    0    1    1    0    0    0     0
V3644    1    0    1    0    1    1    0    0    0     1
V4290    1    1    0    0    1    0    0    1    1     0
V4352    1    1    1    1    1    0    1    1    1     1
V4542    0    0    1    1    0    0    1    0    1     1
V4960    0    0    1    0    1    0    1    0    1     0
V5144    1    1    1    1    1    0    1    1    1     1
V5473    1    1    0    0    1    1    0    0    0     1
V5672    1    1    1    1    1    1    1    1    1     0
V5956    1    1    0    1    0    1    0    1    1     1
V6033    1    0    0    1    0    0    1    1    1     1
V6584    1    1    1    0    0    1    1    1    1     1
V6928    1    1    1    1    0    0    1    0    0     1
V7197    1    0    1    1    1    1    1    1    1     0
V7212    0    0    1    1    0    1    0    0    0     1
V7748    1    1    1    0    1    0    0    1    1     1
V7861    1    0    1    0    0    0    0    0    1     0
V8502    1    1    0    1    0    0    0    1    0     1
V9234    1    0    1    1    1    0    0    1    0     1
V9244    1    1    0    1    1    0    1    1    1     1
V9550    1    0    1    1    1    0    1    1    0     1
V9868    1    1    1    1    1    0    0    0    0     1
[1] "dim of scoring matrix is "
[1] 35 10
[1] "DS index stage 2"
[1] 0.6349669
[1] "KI index stage 2"
[1] -Inf
[1] 1
[1] "bestgenelist"
 [1]  7 17 20 22  2  3  6 12 25 27 33  1 23 29 34 10 24 26 32 35  4  9 13 15 16
[26] 18 21 31 14 19 28  8 30  5 11
V1184 V4352 V5144 V5672  V312  V377  V762 V1975 V6584 V7197 V9244   V86 V5956 
   10     9     9     9     8     8     8     8     8     8     8     7     7 
V7748 V9550 V1627 V6033 V6928 V9234 V9868  V436 V1552 V2573 V3644 V4290 V4542 
    7     7     6     6     6     6     6     5     5     5     5     5     5 
V5473 V8502 V3365 V4960 V7212 V1476 V7861  V698 V1883 
    5     5     4     4     4     3     3     2     2 
 [1] 1 1 1 1 1 1 1 1 1 1 1 1 1 1 1 1 1 1 1 1 1 1 1 1 1 1 1 1 1 1 1 1 1 1 1
[1] 0.9821429 0.9545455
[1] 0.9821429 0.9545455
[1] "accuracy: 92.4483782126227 num_feat:35 fitness:74.263283097703"
$fitfunc
[1] -74.26328

$cverror
[1] 92.44838

$cvpermerror
[1] 57.49749

$testacc
[1] 98.86364

$reverseacc
[1] 96.83442

[1] -74.26328
[1] "bestgenelist"
 [1]  7 17 20 22  2  3  6 12 25 27 33  1 23 29 34 10 24 26 32 35  4  9 13 15 16
[26] 18 21 31 14 19 28  8 30  5
V1184 V4352 V5144 V5672  V312  V377  V762 V1975 V6584 V7197 V9244   V86 V5956 
   10     9     9     9     8     8     8     8     8     8     8     7     7 
V7748 V9550 V1627 V6033 V6928 V9234 V9868  V436 V1552 V2573 V3644 V4290 V4542 
    7     7     6     6     6     6     6     5     5     5     5     5     5 
V5473 V8502 V3365 V4960 V7212 V1476 V7861  V698 
    5     5     4     4     4     3     3     2 
 [1] 1 1 1 1 1 1 1 1 1 1 0 1 1 1 1 1 1 1 1 1 1 1 1 1 1 1 1 1 1 1 1 1 1 1 1
[1] 0.9821429 0.9545455
[1] 0.9821429 0.9545455
[1] "accuracy: 93.2586759778006 num_feat:34 fitness:75.6606259965288"
$fitfunc
[1] -75.66063

$cverror
[1] 93.25868

$cvpermerror
[1] 55.6089

$testacc
[1] 98.86364

$reverseacc
[1] 96.83442

[1] -75.66063
[1] "bestgenelist"
 [1]  7 17 20 22  2  3  6 12 25 27 33  1 23 29 34 10 24 26 32 35  4  9 13 15 16
[26] 18 21 31 14 19 28  8 30
V1184 V4352 V5144 V5672  V312  V377  V762 V1975 V6584 V7197 V9244   V86 V5956 
   10     9     9     9     8     8     8     8     8     8     8     7     7 
V7748 V9550 V1627 V6033 V6928 V9234 V9868  V436 V1552 V2573 V3644 V4290 V4542 
    7     7     6     6     6     6     6     5     5     5     5     5     5 
V5473 V8502 V3365 V4960 V7212 V1476 V7861 
    5     5     4     4     4     3     3 
 [1] 1 1 1 1 0 1 1 1 1 1 0 1 1 1 1 1 1 1 1 1 1 1 1 1 1 1 1 1 1 1 1 1 1 1 1
[1] 0.9821429 0.9545455
[1] 0.9821429 0.9545455
[1] "accuracy: 93.0180572640058 num_feat:33 fitness:75.4254056385667"
$fitfunc
[1] -75.42541

$cverror
[1] 93.01806

$cvpermerror
[1] 55.69417

$testacc
[1] 98.86364

$reverseacc
[1] 96.83442

[1] -75.42541
[1] "bestgenelist"
 [1]  7 17 20 22  2  3  6 12 25 27 33  1 23 29 34 10 24 26 32 35  4  9 13 15 16
[26] 18 21 31 14 19 28  8
V1184 V4352 V5144 V5672  V312  V377  V762 V1975 V6584 V7197 V9244   V86 V5956 
   10     9     9     9     8     8     8     8     8     8     8     7     7 
V7748 V9550 V1627 V6033 V6928 V9234 V9868  V436 V1552 V2573 V3644 V4290 V4542 
    7     7     6     6     6     6     6     5     5     5     5     5     5 
V5473 V8502 V3365 V4960 V7212 V1476 
    5     5     4     4     4     3 
 [1] 1 1 1 1 0 1 1 1 1 1 0 1 1 1 1 1 1 1 1 1 1 1 1 1 1 1 1 1 1 0 1 1 1 1 1
[1] 0.9821429 0.9772727
[1] 0.9821429 0.9772727
[1] "accuracy: 94.6647641170153 num_feat:32 fitness:77.1203248203408"
$fitfunc
[1] -77.12032

$cverror
[1] 94.66476

$cvpermerror
[1] 55.57381

$testacc
[1] 98.86364

$reverseacc
[1] 97.97078

[1] -77.12032
[1] "bestgenelist"
 [1]  7 17 20 22  2  3  6 12 25 27 33  1 23 29 34 10 24 26 32 35  4  9 13 15 16
[26] 18 21 31 14 19 28
V1184 V4352 V5144 V5672  V312  V377  V762 V1975 V6584 V7197 V9244   V86 V5956 
   10     9     9     9     8     8     8     8     8     8     8     7     7 
V7748 V9550 V1627 V6033 V6928 V9234 V9868  V436 V1552 V2573 V3644 V4290 V4542 
    7     7     6     6     6     6     6     5     5     5     5     5     5 
V5473 V8502 V3365 V4960 V7212 
    5     5     4     4     4 
 [1] 1 1 1 1 0 1 1 0 1 1 0 1 1 1 1 1 1 1 1 1 1 1 1 1 1 1 1 1 1 0 1 1 1 1 1
[1] 0.9821429 0.9772727
[1] 0.9821429 0.9772727
[1] "accuracy: 94.4896545496174 num_feat:31 fitness:77.048668910845"
$fitfunc
[1] -77.04867

$cverror
[1] 94.48965

$cvpermerror
[1] 55.33004

$testacc
[1] 98.86364

$reverseacc
[1] 97.97078

[1] -77.04867
[1] "bestgenelist"
 [1]  7 17 20 22  2  3  6 12 25 27 33  1 23 29 34 10 24 26 32 35  4  9 13 15 16
[26] 18 21 31 14 19
V1184 V4352 V5144 V5672  V312  V377  V762 V1975 V6584 V7197 V9244   V86 V5956 
   10     9     9     9     8     8     8     8     8     8     8     7     7 
V7748 V9550 V1627 V6033 V6928 V9234 V9868  V436 V1552 V2573 V3644 V4290 V4542 
    7     7     6     6     6     6     6     5     5     5     5     5     5 
V5473 V8502 V3365 V4960 
    5     5     4     4 
 [1] 1 1 1 1 0 1 1 0 1 1 0 1 1 1 1 1 1 1 1 1 1 1 1 1 1 1 1 0 1 0 1 1 1 1 1
[1] 0.9821429 0.9772727
[1] 0.9821429 0.9772727
[1] "accuracy: 94.5301560626066 num_feat:30 fitness:76.9641662398758"
$fitfunc
[1] -76.96417

$cverror
[1] 94.53016

$cvpermerror
[1] 55.84061

$testacc
[1] 98.86364

$reverseacc
[1] 97.97078

[1] -76.96417
[1] "bestgenelist"
 [1]  7 17 20 22  2  3  6 12 25 27 33  1 23 29 34 10 24 26 32 35  4  9 13 15 16
[26] 18 21 31 14
V1184 V4352 V5144 V5672  V312  V377  V762 V1975 V6584 V7197 V9244   V86 V5956 
   10     9     9     9     8     8     8     8     8     8     8     7     7 
V7748 V9550 V1627 V6033 V6928 V9234 V9868  V436 V1552 V2573 V3644 V4290 V4542 
    7     7     6     6     6     6     6     5     5     5     5     5     5 
V5473 V8502 V3365 
    5     5     4 
 [1] 1 1 1 1 0 1 1 0 1 1 0 1 1 1 1 1 1 1 0 1 1 1 1 1 1 1 1 0 1 0 1 1 1 1 1
[1] 0.9821429 0.9772727
[1] 0.9821429 0.9772727
[1] "accuracy: 94.528214104963 num_feat:29 fitness:77.1111762317653"
$fitfunc
[1] -77.11118

$cverror
[1] 94.52821

$cvpermerror
[1] 55.47728

$testacc
[1] 100

$reverseacc
[1] 97.97078

[1] -77.11118
[1] "bestgenelist"
 [1]  7 17 20 22  2  3  6 12 25 27 33  1 23 29 34 10 24 26 32 35  4  9 13 15 16
[26] 18 21 31
V1184 V4352 V5144 V5672  V312  V377  V762 V1975 V6584 V7197 V9244   V86 V5956 
   10     9     9     9     8     8     8     8     8     8     8     7     7 
V7748 V9550 V1627 V6033 V6928 V9234 V9868  V436 V1552 V2573 V3644 V4290 V4542 
    7     7     6     6     6     6     6     5     5     5     5     5     5 
V5473 V8502 
    5     5 
 [1] 1 1 1 1 0 1 1 0 1 1 0 1 1 0 1 1 1 1 0 1 1 1 1 1 1 1 1 0 1 0 1 1 1 1 1
[1] 0.9821429 0.9772727
[1] 0.9821429 0.9772727
[1] "accuracy: 94.4447865146891 num_feat:28 fitness:77.2693551775925"
$fitfunc
[1] -77.26936

$cverror
[1] 94.44479

$cvpermerror
[1] 54.76994

$testacc
[1] 100

$reverseacc
[1] 97.97078

[1] -77.26936
[1] "bestgenelist"
 [1]  7 17 20 22  2  3  6 12 25 27 33  1 23 29 34 10 24 26 32 35  4  9 13 15 16
[26] 18 21
V1184 V4352 V5144 V5672  V312  V377  V762 V1975 V6584 V7197 V9244   V86 V5956 
   10     9     9     9     8     8     8     8     8     8     8     7     7 
V7748 V9550 V1627 V6033 V6928 V9234 V9868  V436 V1552 V2573 V3644 V4290 V4542 
    7     7     6     6     6     6     6     5     5     5     5     5     5 
V5473 
    5 
 [1] 1 1 1 1 0 1 1 0 1 1 0 1 1 0 1 1 1 1 0 1 1 1 1 1 1 1 1 0 1 0 0 1 1 1 1
[1] 0.9821429 0.9772727
[1] 0.9821429 0.9772727
[1] "accuracy: 94.4447865146891 num_feat:27 fitness:77.171777129295"
$fitfunc
[1] -77.17178

$cverror
[1] 94.44479

$cvpermerror
[1] 55.19044

$testacc
[1] 100

$reverseacc
[1] 97.97078

[1] -77.17178
[1] "bestgenelist"
 [1]  7 17 20 22  2  3  6 12 25 27 33  1 23 29 34 10 24 26 32 35  4  9 13 15 16
[26] 18
V1184 V4352 V5144 V5672  V312  V377  V762 V1975 V6584 V7197 V9244   V86 V5956 
   10     9     9     9     8     8     8     8     8     8     8     7     7 
V7748 V9550 V1627 V6033 V6928 V9234 V9868  V436 V1552 V2573 V3644 V4290 V4542 
    7     7     6     6     6     6     6     5     5     5     5     5     5 
 [1] 1 1 1 1 0 1 1 0 1 1 0 1 1 0 1 1 1 1 0 1 0 1 1 1 1 1 1 0 1 0 0 1 1 1 1
[1] 0.9821429 0.9772727
[1] 0.9821429 0.9772727
[1] "accuracy: 94.3814598640385 num_feat:26 fitness:77.156691596764"
$fitfunc
[1] -77.15669

$cverror
[1] 94.38146

$cvpermerror
[1] 55.12699

$testacc
[1] 100

$reverseacc
[1] 97.97078

[1] -77.15669
[1] "bestgenelist"
 [1]  7 17 20 22  2  3  6 12 25 27 33  1 23 29 34 10 24 26 32 35  4  9 13 15 16
V1184 V4352 V5144 V5672  V312  V377  V762 V1975 V6584 V7197 V9244   V86 V5956 
   10     9     9     9     8     8     8     8     8     8     8     7     7 
V7748 V9550 V1627 V6033 V6928 V9234 V9868  V436 V1552 V2573 V3644 V4290 
    7     7     6     6     6     6     6     5     5     5     5     5 
 [1] 1 1 1 1 0 1 1 0 1 1 0 1 1 0 1 1 1 0 0 1 0 1 1 1 1 1 1 0 1 0 0 1 1 1 1
[1] 0.9821429 0.9772727
[1] 0.9821429 0.9772727
[1] "accuracy: 95.8507313093805 num_feat:25 fitness:78.9481143176265"
$fitfunc
[1] -78.94811

$cverror
[1] 95.85073

$cvpermerror
[1] 54.09941

$testacc
[1] 100

$reverseacc
[1] 97.97078

[1] -78.94811
[1] "bestgenelist"
 [1]  7 17 20 22  2  3  6 12 25 27 33  1 23 29 34 10 24 26 32 35  4  9 13 15
V1184 V4352 V5144 V5672  V312  V377  V762 V1975 V6584 V7197 V9244   V86 V5956 
   10     9     9     9     8     8     8     8     8     8     8     7     7 
V7748 V9550 V1627 V6033 V6928 V9234 V9868  V436 V1552 V2573 V3644 
    7     7     6     6     6     6     6     5     5     5     5 
 [1] 1 1 1 1 0 1 1 0 1 1 0 1 1 0 1 0 1 0 0 1 0 1 1 1 1 1 1 0 1 0 0 1 1 1 1
[1] 0.9821429 0.9772727
[1] 0.9821429 0.9772727
[1] "accuracy: 95.3793388407641 num_feat:24 fitness:78.6594857009736"
$fitfunc
[1] -78.65949

$cverror
[1] 95.37934

$cvpermerror
[1] 53.60115

$testacc
[1] 100

$reverseacc
[1] 97.97078

[1] -78.65949
[1] "bestgenelist"
 [1]  7 17 20 22  2  3  6 12 25 27 33  1 23 29 34 10 24 26 32 35  4  9 13
V1184 V4352 V5144 V5672  V312  V377  V762 V1975 V6584 V7197 V9244   V86 V5956 
   10     9     9     9     8     8     8     8     8     8     8     7     7 
V7748 V9550 V1627 V6033 V6928 V9234 V9868  V436 V1552 V2573 
    7     7     6     6     6     6     6     5     5     5 
 [1] 1 1 1 1 0 1 1 0 1 1 0 1 1 0 0 0 1 0 0 1 0 1 1 1 1 1 1 0 1 0 0 1 1 1 1
[1] 0.9821429 0.9772727
[1] 0.9821429 0.9772727
[1] "accuracy: 94.7411249969317 num_feat:23 fitness:77.8090575668096"
$fitfunc
[1] -77.80906

$cverror
[1] 94.74112

$cvpermerror
[1] 54.42504

$testacc
[1] 100

$reverseacc
[1] 97.97078

[1] -77.80906
[1] "bestgenelist"
 [1]  7 17 20 22  2  3  6 12 25 27 33  1 23 29 34 10 24 26 32 35  4  9
V1184 V4352 V5144 V5672  V312  V377  V762 V1975 V6584 V7197 V9244   V86 V5956 
   10     9     9     9     8     8     8     8     8     8     8     7     7 
V7748 V9550 V1627 V6033 V6928 V9234 V9868  V436 V1552 
    7     7     6     6     6     6     6     5     5 
 [1] 1 1 1 1 0 1 1 0 1 1 0 1 0 0 0 0 1 0 0 1 0 1 1 1 1 1 1 0 1 0 0 1 1 1 1
[1] 0.9642857 0.9545455
[1] 0.9642857 0.9545455
[1] "accuracy: 93.6978531461762 num_feat:22 fitness:76.8905675245838"
$fitfunc
[1] -76.89057

$cverror
[1] 93.69785

$cvpermerror
[1] 54.13912

$testacc
[1] 100

$reverseacc
[1] 95.94156

[1] -76.89057
[1] "bestgenelist"
 [1]  7 17 20 22  2  3  6 12 25 27 33  1 23 29 34 10 24 26 32 35  4
V1184 V4352 V5144 V5672  V312  V377  V762 V1975 V6584 V7197 V9244   V86 V5956 
   10     9     9     9     8     8     8     8     8     8     8     7     7 
V7748 V9550 V1627 V6033 V6928 V9234 V9868  V436 
    7     7     6     6     6     6     6     5 
 [1] 1 1 1 1 0 1 1 0 0 1 0 1 0 0 0 0 1 0 0 1 0 1 1 1 1 1 1 0 1 0 0 1 1 1 1
[1] 0.9642857 0.9545455
[1] 0.9642857 0.9545455
[1] "accuracy: 94.5214946546739 num_feat:21 fitness:77.5121391473653"
$fitfunc
[1] -77.51214

$cverror
[1] 94.52149

$cvpermerror
[1] 54.88047

$testacc
[1] 100

$reverseacc
[1] 95.94156

[1] -77.51214
[1] "bestgenelist"
 [1]  7 17 20 22  2  3  6 12 25 27 33  1 23 29 34 10 24 26 32 35
V1184 V4352 V5144 V5672  V312  V377  V762 V1975 V6584 V7197 V9244   V86 V5956 
   10     9     9     9     8     8     8     8     8     8     8     7     7 
V7748 V9550 V1627 V6033 V6928 V9234 V9868 
    7     7     6     6     6     6     6 
 [1] 1 1 1 0 0 1 1 0 0 1 0 1 0 0 0 0 1 0 0 1 0 1 1 1 1 1 1 0 1 0 0 1 1 1 1
[1] 0.9642857 0.9545455
[1] 0.9642857 0.9545455
[1] "accuracy: 94.4202172850035 num_feat:20 fitness:77.3271284626183"
$fitfunc
[1] -77.32713

$cverror
[1] 94.42022

$cvpermerror
[1] 55.25819

$testacc
[1] 100

$reverseacc
[1] 95.94156

[1] -77.32713
[1] "bestgenelist"
 [1]  7 17 20 22  2  3  6 12 25 27 33  1 23 29 34 10 24 26 32
V1184 V4352 V5144 V5672  V312  V377  V762 V1975 V6584 V7197 V9244   V86 V5956 
   10     9     9     9     8     8     8     8     8     8     8     7     7 
V7748 V9550 V1627 V6033 V6928 V9234 
    7     7     6     6     6     6 
 [1] 1 1 1 0 0 1 1 0 0 1 0 1 0 0 0 0 1 0 0 1 0 1 1 1 1 1 1 0 1 0 0 1 1 1 0
[1] 0.9821429 0.9545455
[1] 0.9821429 0.9545455
[1] "accuracy: 93.4907884998689 num_feat:19 fitness:75.9254028467227"
$fitfunc
[1] -75.9254

$cverror
[1] 93.49079

$cvpermerror
[1] 56.95874

$testacc
[1] 100

$reverseacc
[1] 96.83442

[1] -75.9254
[1] "bestgenelist"
 [1]  7 17 20 22  2  3  6 12 25 27 33  1 23 29 34 10 24 26
V1184 V4352 V5144 V5672  V312  V377  V762 V1975 V6584 V7197 V9244   V86 V5956 
   10     9     9     9     8     8     8     8     8     8     8     7     7 
V7748 V9550 V1627 V6033 V6928 
    7     7     6     6     6 
 [1] 1 1 1 0 0 1 1 0 0 1 0 1 0 0 0 0 1 0 0 1 0 1 1 1 1 1 1 0 1 0 0 0 1 1 0
[1] 0.9821429 0.9545455
[1] 0.9821429 0.9545455
[1] "accuracy: 92.5699700858207 num_feat:18 fitness:74.9825590682422"
$fitfunc
[1] -74.98256

$cverror
[1] 92.56997

$cvpermerror
[1] 57.15809

$testacc
[1] 100

$reverseacc
[1] 96.83442

[1] -74.98256
[1] "bestgenelist"
 [1]  7 17 20 22  2  3  6 12 25 27 33  1 23 29 34 10 24
V1184 V4352 V5144 V5672  V312  V377  V762 V1975 V6584 V7197 V9244   V86 V5956 
   10     9     9     9     8     8     8     8     8     8     8     7     7 
V7748 V9550 V1627 V6033 
    7     7     6     6 
 [1] 1 1 1 0 0 1 1 0 0 1 0 1 0 0 0 0 1 0 0 1 0 1 1 1 1 0 1 0 1 0 0 0 1 1 0
[1] 0.9821429 0.9772727
[1] 0.9821429 0.9772727
[1] "accuracy: 91.94698435684 num_feat:17 fitness:74.0671882641325"
$fitfunc
[1] -74.06719

$cverror
[1] 91.94698

$cvpermerror
[1] 58.24871

$testacc
[1] 100

$reverseacc
[1] 97.97078

[1] -74.06719
[1] "bestgenelist"
 [1]  7 17 20 22  2  3  6 12 25 27 33  1 23 29 34 10
V1184 V4352 V5144 V5672  V312  V377  V762 V1975 V6584 V7197 V9244   V86 V5956 
   10     9     9     9     8     8     8     8     8     8     8     7     7 
V7748 V9550 V1627 
    7     7     6 
 [1] 1 1 1 0 0 1 1 0 0 1 0 1 0 0 0 0 1 0 0 1 0 1 1 0 1 0 1 0 1 0 0 0 1 1 0
[1] 0.9821429 0.9772727
[1] 0.9821429 0.9772727
[1] "accuracy: 92.0112178182088 num_feat:16 fitness:74.9027371922645"
$fitfunc
[1] -74.90274

$cverror
[1] 92.01122

$cvpermerror
[1] 55.73287

$testacc
[1] 98.86364

$reverseacc
[1] 97.97078

[1] -74.90274
[1] "bestgenelist"
 [1]  7 17 20 22  2  3  6 12 25 27 33  1 23 29 34
V1184 V4352 V5144 V5672  V312  V377  V762 V1975 V6584 V7197 V9244   V86 V5956 
   10     9     9     9     8     8     8     8     8     8     8     7     7 
V7748 V9550 
    7     7 
 [1] 1 1 1 0 0 1 1 0 0 0 0 1 0 0 0 0 1 0 0 1 0 1 1 0 1 0 1 0 1 0 0 0 1 1 0
[1] 0.9642857 0.9545455
[1] 0.9642857 0.9545455
[1] "accuracy: 91.4023319940857 num_feat:15 fitness:74.5961526727236"
$fitfunc
[1] -74.59615

$cverror
[1] 91.40233

$cvpermerror
[1] 54.81097

$testacc
[1] 97.97078

$reverseacc
[1] 95.94156

[1] -74.59615
[1] "bestgenelist"
 [1]  7 17 20 22  2  3  6 12 25 27 33  1 23 29
V1184 V4352 V5144 V5672  V312  V377  V762 V1975 V6584 V7197 V9244   V86 V5956 
   10     9     9     9     8     8     8     8     8     8     8     7     7 
V7748 
    7 
 [1] 1 1 1 0 0 1 1 0 0 0 0 1 0 0 0 0 1 0 0 1 0 1 1 0 1 0 1 0 1 0 0 0 1 0 0
[1] 0.9464286 0.9772727
[1] 0.9464286 0.9772727
[1] "accuracy: 93.8114671145008 num_feat:14 fitness:77.0754334646723"
$fitfunc
[1] -77.07543

$cverror
[1] 93.81147

$cvpermerror
[1] 54.59209

$testacc
[1] 97.97078

$reverseacc
[1] 96.18506

[1] -77.07543
[1] "bestgenelist"
 [1]  7 17 20 22  2  3  6 12 25 27 33  1 23
V1184 V4352 V5144 V5672  V312  V377  V762 V1975 V6584 V7197 V9244   V86 V5956 
   10     9     9     9     8     8     8     8     8     8     8     7     7 
 [1] 1 1 1 0 0 1 1 0 0 0 0 1 0 0 0 0 1 0 0 1 0 1 1 0 1 0 1 0 0 0 0 0 1 0 0
[1] 0.9464286 0.9772727
[1] 0.9464286 0.9772727
[1] "accuracy: 93.9149593855765 num_feat:13 fitness:77.3611909957219"
$fitfunc
[1] -77.36119

$cverror
[1] 93.91496

$cvpermerror
[1] 54.07633

$testacc
[1] 97.97078

$reverseacc
[1] 96.18506

[1] -77.36119
[1] "bestgenelist"
 [1]  7 17 20 22  2  3  6 12 25 27 33  1
V1184 V4352 V5144 V5672  V312  V377  V762 V1975 V6584 V7197 V9244   V86 
   10     9     9     9     8     8     8     8     8     8     8     7 
 [1] 1 1 1 0 0 1 1 0 0 0 0 1 0 0 0 0 1 0 0 1 0 1 0 0 1 0 1 0 0 0 0 0 1 0 0
[1] 0.9464286 0.9772727
[1] 0.9464286 0.9772727
[1] "accuracy: 94.1044368270679 num_feat:12 fitness:77.5394758629474"
$fitfunc
[1] -77.53948

$cverror
[1] 94.10444

$cvpermerror
[1] 54.23232

$testacc
[1] 98.86364

$reverseacc
[1] 96.18506

[1] -77.53948
[1] "bestgenelist"
 [1]  7 17 20 22  2  3  6 12 25 27 33
V1184 V4352 V5144 V5672  V312  V377  V762 V1975 V6584 V7197 V9244 
   10     9     9     9     8     8     8     8     8     8     8 
 [1] 0 1 1 0 0 1 1 0 0 0 0 1 0 0 0 0 1 0 0 1 0 1 0 0 1 0 1 0 0 0 0 0 1 0 0
[1] 0.9464286 0.9772727
[1] 0.9464286 0.9772727
[1] "accuracy: 94.0295787167099 num_feat:11 fitness:77.2250096045224"
$fitfunc
[1] -77.22501

$cverror
[1] 94.02958

$cvpermerror
[1] 55.12875

$testacc
[1] 98.86364

$reverseacc
[1] 96.18506

[1] -77.22501
[1] "bestgenelist"
 [1]  7 17 20 22  2  3  6 12 25 27
V1184 V4352 V5144 V5672  V312  V377  V762 V1975 V6584 V7197 
   10     9     9     9     8     8     8     8     8     8 
 [1] 0 1 1 0 0 1 1 0 0 0 0 1 0 0 0 0 1 0 0 1 0 1 0 0 1 0 1 0 0 0 0 0 0 0 0
[1] 0.9464286 0.9772727
[1] 0.9464286 0.9772727
[1] "accuracy: 91.8322218500613 num_feat:10 fitness:74.8601961088886"
$fitfunc
[1] -74.8602

$cverror
[1] 91.83222

$cvpermerror
[1] 55.82566

$testacc
[1] 97.97078

$reverseacc
[1] 96.18506

[1] -74.8602
[1] "bestgenelist"
[1]  7 17 20 22  2  3  6 12 25
V1184 V4352 V5144 V5672  V312  V377  V762 V1975 V6584 
   10     9     9     9     8     8     8     8     8 
 [1] 0 1 1 0 0 1 1 0 0 0 0 1 0 0 0 0 1 0 0 1 0 1 0 0 1 0 0 0 0 0 0 0 0 0 0
[1] 0.9642857 0.9545455
[1] 0.9642857 0.9545455
[1] "accuracy: 90.2434145467616 num_feat:9 fitness:73.0888132654469"
$fitfunc
[1] -73.08881

$cverror
[1] 90.24341

$cvpermerror
[1] 56.58244

$testacc
[1] 97.97078

$reverseacc
[1] 95.94156

[1] -73.08881
[1] "bestgenelist"
[1]  7 17 20 22  2  3  6 12
V1184 V4352 V5144 V5672  V312  V377  V762 V1975 
   10     9     9     9     8     8     8     8 
 [1] 0 1 1 0 0 1 1 0 0 0 0 1 0 0 0 0 1 0 0 1 0 1 0 0 0 0 0 0 0 0 0 0 0 0 0
[1] 0.8928571 0.9545455
[1] 0.8928571 0.9545455
[1] "accuracy: 85.883395109509 num_feat:8 fitness:68.3201158648436"
$fitfunc
[1] -68.32012

$cverror
[1] 85.8834

$cvpermerror
[1] 58.15551

$testacc
[1] 97.07792

$reverseacc
[1] 92.37013

[1] -68.32012
[1] "bestgenelist"
[1]  7 17 20 22  2  3  6
V1184 V4352 V5144 V5672  V312  V377  V762 
   10     9     9     9     8     8     8 
 [1] 0 1 1 0 0 1 1 0 0 0 0 0 0 0 0 0 1 0 0 1 0 1 0 0 0 0 0 0 0 0 0 0 0 0 0
[1] 0.8571429 0.9090909
[1] 0.8571429 0.9090909
[1] "accuracy: 82.1885041310725 num_feat:7 fitness:63.9980904529206"
$fitfunc
[1] -63.99809

$cverror
[1] 82.1885

$cvpermerror
[1] 60.29932

$testacc
[1] 92.12662

$reverseacc
[1] 88.31169

[1] -63.99809
[1] "bestgenelist"
[1]  7 17 20 22  2  3
V1184 V4352 V5144 V5672  V312  V377 
   10     9     9     9     8     8 
 [1] 0 1 1 0 0 0 1 0 0 0 0 0 0 0 0 0 1 0 0 1 0 1 0 0 0 0 0 0 0 0 0 0 0 0 0
[1] 0.8928571 0.8863636
[1] 0.8928571 0.8863636
[1] "accuracy: 81.3236995343341 num_feat:6 fitness:63.4597851878832"
$fitfunc
[1] -63.45979

$cverror
[1] 81.3237

$cvpermerror
[1] 59.32693

$testacc
[1] 91.88312

$reverseacc
[1] 88.96104

[1] -63.45979
[1] "bestgenelist"
[1]  7 17 20 22  2
V1184 V4352 V5144 V5672  V312 
   10     9     9     9     8 
 [1] 0 1 0 0 0 0 1 0 0 0 0 0 0 0 0 0 1 0 0 1 0 1 0 0 0 0 0 0 0 0 0 0 0 0 0
[1] 0.8392857 0.8636364
[1] 0.8392857 0.8636364
[1] "accuracy: 76.2669742751047 num_feat:5 fitness:58.173728557359"
$fitfunc
[1] -58.17373

$cverror
[1] 76.26697

$cvpermerror
[1] 60.24965

$testacc
[1] 88.71753

$reverseacc
[1] 85.1461

[1] -58.17373
[1] "bestgenelist"
[1]  7 17 20 22
V1184 V4352 V5144 V5672 
   10     9     9     9 
 [1] 0 0 0 0 0 0 1 0 0 0 0 0 0 0 0 0 1 0 0 1 0 1 0 0 0 0 0 0 0 0 0 0 0 0 0
[1] 0.6964286 0.8636364
[1] 0.6964286 0.8636364
[1] "accuracy: 67.2132298078538 num_feat:4 fitness:49.1094640192521"
$fitfunc
[1] -49.10946

$cverror
[1] 67.21323

$cvpermerror
[1] 60.38142

$testacc
[1] 79.70779

$reverseacc
[1] 78.00325

[1] -49.10946
[1] "bestgenelist"
[1]  7 17 20
V1184 V4352 V5144 
   10     9     9 
 [1] 0 0 0 0 0 0 1 0 0 0 0 0 0 0 0 0 1 0 0 1 0 0 0 0 0 0 0 0 0 0 0 0 0 0 0
[1] 0.7321429 0.9090909
[1] 0.7321429 0.9090909
[1] "accuracy: 69.8950193145842 num_feat:3 fitness:52.2233008858113"
$fitfunc
[1] -52.2233

$cverror
[1] 69.89502

$cvpermerror
[1] 58.8984

$testacc
[1] 78.24675

$reverseacc
[1] 82.06169

[1] -52.2233
[1] "bestgenelist"
[1]  7 17
V1184 V4352 
   10     9 
 [1] 0 0 0 0 0 0 1 0 0 0 0 0 0 0 0 0 1 0 0 0 0 0 0 0 0 0 0 0 0 0 0 0 0 0 0
[1] "accuracy: 1 num_feat:2 fitness:-100"
$fitfunc
[1] 100

$cverror
[1] 1

$cvpermerror
[1] 100

$testacc
[1] 1

$reverseacc
[1] 1

[1] 100
[1] "bestgenelist"
[1] 7
V1184 
   10 
 [1] 0 0 0 0 0 0 1 0 0 0 0 0 0 0 0 0 0 0 0 0 0 0 0 0 0 0 0 0 0 0 0 0 0 0 0
[1] "accuracy: 1 num_feat:1 fitness:-100"
$fitfunc
[1] 100

$cverror
[1] 1

$cvpermerror
[1] 100

$testacc
[1] 1

$reverseacc
[1] 1

[1] 100
[1] "Number of features selected in 10 iterations:"
[1] 25
[1] "Modified train 10 fold accuracy using train data is "
[1] 98
[1] "Modified train accuracy is "
[1] 1
[1] "train confusion matrix is "
          trainclass
pred_train -1  1
        -1 56  0
        1   0 44
[1] "Train dimension is "
[1] 100  25
[1] "Test dimension is "
[1] 100  25
[1] "Test confusion matrix is "
    
pred -1  1
  -1 43 19
  1  13 25
[1] "Test acc is "
[1] 0.68
[1] "train 10 fold"
[1] 98
[1] "Test confusion matrix is "
    
pred -1  1
  -1 43 19
  1  13 25
[1] "Test acc is "
[1] 0.68
[1] "Test AUC:"
[1] 0.6680195
[1] "Train acc is "
[1] 1
[1] "# of features after PSO:"
[1] 100  26
     user    system   elapsed 
  196.328   177.927 13993.367 
There were 50 or more warnings (use warnings() to see the first 50)
> 
> 
> 
> feat_ind<-psores$bestfeatlist
> feat_names<-psores$bestfeatnames
> 
> scoringmatrix<-as.data.frame(psores$scoringmatrix)
> print(scoringmatrix)
      V1 V2 V3 V4 V5 V6 V7 V8 V9 V10
V86    0  1  1  1  1  1  1  1  0   0
V312   0  1  1  1  1  1  1  1  0   1
V377   1  1  0  1  1  0  1  1  1   1
V436   0  1  0  0  0  1  0  1  1   1
V698   1  0  0  0  0  0  0  0  1   0
V762   1  1  0  1  1  1  0  1  1   1
V1184  1  1  1  1  1  1  1  1  1   1
V1476  0  0  0  0  1  0  0  1  1   0
V1552  1  0  1  1  0  0  0  0  1   1
V1627  0  1  1  1  1  0  0  0  1   1
V1883  0  0  0  0  1  1  0  0  0   0
V1975  1  1  0  1  1  1  1  1  0   1
V2573  1  0  1  0  1  1  0  0  0   1
V3365  1  0  1  0  1  1  0  0  0   0
V3644  1  0  1  0  1  1  0  0  0   1
V4290  1  1  0  0  1  0  0  1  1   0
V4352  1  1  1  1  1  0  1  1  1   1
V4542  0  0  1  1  0  0  1  0  1   1
V4960  0  0  1  0  1  0  1  0  1   0
V5144  1  1  1  1  1  0  1  1  1   1
V5473  1  1  0  0  1  1  0  0  0   1
V5672  1  1  1  1  1  1  1  1  1   0
V5956  1  1  0  1  0  1  0  1  1   1
V6033  1  0  0  1  0  0  1  1  1   1
V6584  1  1  1  0  0  1  1  1  1   1
V6928  1  1  1  1  0  0  1  0  0   1
V7197  1  0  1  1  1  1  1  1  1   0
V7212  0  0  1  1  0  1  0  0  0   1
V7748  1  1  1  0  1  0  0  1  1   1
V7861  1  0  1  0  0  0  0  0  1   0
V8502  1  1  0  1  0  0  0  1  0   1
V9234  1  0  1  1  1  0  0  1  0   1
V9244  1  1  0  1  1  0  1  1  1   1
V9550  1  0  1  1  1  0  1  1  0   1
V9868  1  1  1  1  1  0  0  0  0   1
> print(feat_names[feat_ind])
 [1] "V1184" "V4352" "V5144" "V5672" "V312"  "V377"  "V762"  "V1975" "V6584"
[10] "V7197" "V9244" "V86"   "V5956" "V7748" "V9550" "V1627" "V6033" "V6928"
[19] "V9234" "V9868" "V436"  "V1552" "V2573" "V3644" "V4290"
> 
> save(psores,file="psores.Rda")
> print("Complete")
[1] "Complete"
> 
