
R version 3.4.0 (2017-04-21) -- "You Stupid Darkness"
Copyright (C) 2017 The R Foundation for Statistical Computing
Platform: x86_64-pc-linux-gnu (64-bit)

R is free software and comes with ABSOLUTELY NO WARRANTY.
You are welcome to redistribute it under certain conditions.
Type 'license()' or 'licence()' for distribution details.

  Natural language support but running in an English locale

R is a collaborative project with many contributors.
Type 'contributors()' for more information and
'citation()' on how to cite R or R packages in publications.

Type 'demo()' for some demos, 'help()' for on-line help, or
'help.start()' for an HTML browser interface to help.
Type 'q()' to quit R.

> 
> #.libPaths("/home/stu/kuppal3/karan_libs/Rlibs")
> library(snow)
> library(e1071)
> library(yaImpute)

Attaching package: ‘yaImpute’

The following object is masked from ‘package:e1071’:

    impute

> library(pROC)
Type 'citation("pROC")' for a citation.

Attaching package: ‘pROC’

The following objects are masked from ‘package:stats’:

    cov, smooth, var

> library(bioDist)
Loading required package: Biobase
Loading required package: BiocGenerics
Loading required package: parallel

Attaching package: ‘parallel’

The following objects are masked from ‘package:snow’:

    clusterApply, clusterApplyLB, clusterCall, clusterEvalQ,
    clusterExport, clusterMap, clusterSplit, makeCluster, parApply,
    parCapply, parLapply, parRapply, parSapply, splitIndices,
    stopCluster


Attaching package: ‘BiocGenerics’

The following objects are masked from ‘package:parallel’:

    clusterApply, clusterApplyLB, clusterCall, clusterEvalQ,
    clusterExport, clusterMap, parApply, parCapply, parLapply,
    parLapplyLB, parRapply, parSapply, parSapplyLB

The following object is masked from ‘package:pROC’:

    var

The following objects are masked from ‘package:snow’:

    clusterApply, clusterApplyLB, clusterCall, clusterEvalQ,
    clusterExport, clusterMap, parApply, parCapply, parLapply,
    parRapply, parSapply

The following objects are masked from ‘package:stats’:

    IQR, mad, sd, var, xtabs

The following objects are masked from ‘package:base’:

    anyDuplicated, append, as.data.frame, cbind, colMeans, colnames,
    colSums, do.call, duplicated, eval, evalq, Filter, Find, get, grep,
    grepl, intersect, is.unsorted, lapply, lengths, Map, mapply, match,
    mget, order, paste, pmax, pmax.int, pmin, pmin.int, Position, rank,
    rbind, Reduce, rowMeans, rownames, rowSums, sapply, setdiff, sort,
    table, tapply, union, unique, unsplit, which, which.max, which.min

Welcome to Bioconductor

    Vignettes contain introductory material; view with
    'browseVignettes()'. To cite Bioconductor, see
    'citation("Biobase")', and for packages 'citation("pkgname")'.

Loading required package: KernSmooth
KernSmooth 2.23 loaded
Copyright M. P. Wand 1997-2009
> #library(CMA, lib="/home/stu/kuppal3/karan_libs/Rlibs/")
> library(RankAggreg)
> library(CMA)

Attaching package: ‘CMA’

The following object is masked from ‘package:pROC’:

    roc

The following object is masked from ‘package:e1071’:

    tune

> library(expm)
Loading required package: Matrix

Attaching package: ‘expm’

The following object is masked from ‘package:Matrix’:

    expm

> library(plyr)

Attaching package: ‘plyr’

The following object is masked from ‘package:CMA’:

    join

> library(doParallel)
Loading required package: foreach
Loading required package: iterators
> cl<-makeCluster(1)
> 
> 
> args<-commandArgs(trailingOnly=TRUE)
> #source("/home/stu/kuppal3/Research/Feature_selection/Rcode/versionnov2014/OCFS_vmay2415_v31.R")
> 
> #sname<-paste("/home/stu/kuppal3/Research/Feature_selection/Rcode/versionnov2014/OCFS_",args[9],".R",sep="")
> 
> #dirloc<-"/Users/karanuppal/Documents/Gatech/Projects/Algorithms/TwostagePSO/"
> 
> 
> sname<-paste("/home/kuppal2/Documents/Projects/xmsPANDA/Other/scripts/OCFS_",args[9],".R",sep="")
> source(sname)
> print(sname)
[1] "/home/kuppal2/Documents/Projects/xmsPANDA/Other/scripts/OCFS_vfeb817_v5C_2018_v11.R"
> 
> dirloc<-"/home/kuppal2/Documents/Projects/xmsPANDA/Other/Datasets/IRIS/"
> setwd(dirloc)
> 
> 
> outloc<-paste(dirloc,"/OCFSvmay2415_iris",args[9],"/",sep="")
> 
> sname<-paste(dirloc,"/IRIS.Rda",sep="")
> 
> 
> 
> #load("/home/stu/kuppal3/Research/Feature_selection/Datasets/IRIS_Probe/IRIS.Rda")
> load(sname)
> 
> trainm<-Iris$X
> testm<-Iris$Xt
> trainclass<-Iris$Y
> testclass<-Iris$Yt
> 
> cnames<-paste("var",seq(1,dim(trainm)[2]),sep="")
> colnames(trainm)<-cnames
> colnames(testm)<-cnames
> 
> args<-commandArgs(trailingOnly=TRUE)
> trainm<-na.omit(trainm)
> testm<-na.omit(testm)
> 
> #outloc<-paste("/home/stu/kuppal3/Research/Feature_selection/Datasets/IRIS_Probe/OCFSvmay2415_v31_sensitivity_itr",args[9],"/",sep="")
> 
> dir.create(outloc)
Warning message:
In dir.create(outloc) :
  '/home/kuppal2/Documents/Projects/xmsPANDA/Other/Datasets/IRIS//OCFSvmay2415_irisvfeb817_v5C_2018_v11' already exists
> setwd(outloc)
> 
> trainm<-as.matrix(trainm)
> testm<-as.matrix(testm)
> 
> #a: Confusions
> #b: Neighbors
> #c: Global
> #d: Death
> 
> a<-c(0.25,0.25,0.25,0.25)
> b<-c(0.3,0.1,0.4,0.1)
> c<-c(0.25,0.25,0.5,0)
> d<-c(0.9,0.1,0,0.1)
> 
> a<-c(0,0.4,0.1,0.5)
> b<-c(0.3,0.1,0.4,0.1)
> c<-c(0,0.5,0.5,0)
> d<-c(0.9,0.1,0,0)
> 
> a<-c(0,0.4,0.1,0.5)
> b<-c(0.2,0.3,0.4,0.1)
> c<-c(0,0.4,0.4,0.2)
> d<-c(0.9,0.1,0,0)
> 
> transition_matrix<-rbind(a,b,c,d)
> 
> 
> dir.create(outloc)
Warning message:
In dir.create(outloc) :
  '/home/kuppal2/Documents/Projects/xmsPANDA/Other/Datasets/IRIS//OCFSvmay2415_irisvfeb817_v5C_2018_v11' already exists
> setwd(outloc)
> temp2=t(trainm)
> temp2=apply(temp2, 2, function(x){which(x=="MD")})
> temp2=unlist(temp2)
> temp2=unique(temp2)
> if(length(temp2)>1)
+ {
+ 	trainm=trainm[,-c(temp2)]
+ 
+ 	rm(temp2)
+ }
> 
> boostweight=rep(0,dim(trainm)[2])
> 
> 
> # modtraindata=modtrain, modtestdata=modtest, blindtest=testacc, modtrainclass=nci_y, modtestclass=test_y
> if(FALSE)
+ {
+ trainm<-CMAres$modtraindata
+ testm<-CMAres$modtestdata
+ trainclass<-CMAres$modtrainclass
+ testclass<-CMAres$modtestclass
+ learningsets<-CMAres$learningsets
+ }
> 
> 
> print(apply(trainm,2,mean))
        var1         var2         var3         var4         var5         var6 
 0.049647135  0.013765690  0.037009799  0.013993886 -0.063711067 -0.140437497 
        var7         var8         var9        var10        var11        var12 
-0.244389569 -0.066747451  0.173283469  0.045440242 -0.002567537  0.056065205 
       var13        var14        var15        var16        var17        var18 
-0.121771199  0.014619353  0.195398720  0.012867617  0.163750039  0.179120885 
       var19        var20        var21        var22        var23        var24 
 0.151963336 -0.096026333  0.108363826 -0.094775201 -0.050262826  0.156814882 
       var25        var26        var27        var28        var29        var30 
-0.092870162  0.146433511  0.064873861 -0.108098662  0.047715372 -0.073731911 
       var31        var32        var33        var34        var35        var36 
 0.095984337 -0.018065316  0.020892432  0.168486709  0.112409779  0.022591805 
       var37        var38        var39        var40 
-0.092044191 -0.065853997 -0.049079894  0.063013440 
> d_dim<-dim(trainm)
> 
> print("Original dimension")
[1] "Original dimension"
> print(d_dim)
[1] 90 40
> 
> 
> system.time(psores<-run_pso(outloc=outloc,trainm,trainclass,testm,testclass,transition_matrix,c1=2.05,
+ c2=2.05,
+ itr=10,
+ globalpso_maxitr=10,
+ global_max_itr=10,
+ num_part=20,
+ kname="radial",
+ errortype="BER",
+ weightA<-as.numeric(args[1]),
+ weightB<-as.numeric(args[2]),
+ weightC<-as.numeric(args[3]),
+ weightD<-as.numeric(args[4]),
+ featweight.max=0.1,
+ featweight.min=0.01,
+ numfolds=10,
+ followerprob=as.numeric(args[6]),
+ confusionprob=as.numeric(args[7]),
+ leaderprob=as.numeric(args[8]),
+ wmax=1,
+ wmin=0.1,
+ behavior_reset_itr=5,
+ maxitrreset=10,
+ num_neighbors=3,
+ minselect.pct=0.5,
+ evalMode="CV2",
+ minfitnessthresh=50,
+ maxnum=as.numeric(args[10]),minnum=3,inertia_method=args[5],particlebehav_method="randbased",constriction_factor=1,
+ select.global.best=TRUE,numnodes=4,evalFunc=eval_fit_kfold_diff,itr.terminate=FALSE,train.pct=0.8))
[1] "c1: 2.05"
[1] "c2: 2.05"
[1] "itr: 10"
[1] "globalpso_maxitr: 10"
[1] "global_max_itr: 10"
[1] "num_part: 20"
[1] "kname: radial"
[1] "errortype: BER"
[1] "weightA: 0.6"
[1] "weightB: 0.05"
[1] "weightC: 0.05"
[1] "weightD: 0.3"
[1] "featweight.max: 0.1"
[1] "featweight.min: 0.01"
[1] "numfolds: 10"
[1] "followerprob: 0.3"
[1] "confusionprob: 0.1"
[1] "leaderprob: 0.5"
[1] "wmax: 1"
[1] "wmin: 0.1"
[1] "behavior_reset_itr: 5"
[1] "maxitrreset: 10"
[1] "num_neighbors: 3"
[1] "minselect.pct: 0.5"
[1] "minfitnessthresh: 50"
[1] "maxnum: 5"
[1] "minnum: 3"
[1] "inertia_method: global"
[1] "particlebehav_method: randbased"
[1] "constriction_factor: 1"
[1] "select.global.best: TRUE"
[1] "train 10 fold"
[1] 83.33333
[1] "here"
[1] "s"
[1] 72
[1] 90 40
[1] 10
[1] "learning sets: 1"
 [1] 29 28  7 30 11  9 26 27 10 17 13 23 14  1 22  4 25  6 15  8 19 18 24 12 55
[26] 42 36 46 37 50 34 33 57 53 47 43 41 38 44 54 39 49 45 59 35 48 60 51 88 84
[51] 82 90 66 67 85 74 87 79 71 77 78 89 65 70 62 64 80 61 86 63 81 72
[1] "Starting global iteration number : 1"
[1] "iteration number: "
[1] 1
[1] "iteration number: "
[1] 2
[1] "iteration number: "
[1] 3
[1] "iteration number: "
[1] 4
[1] "iteration number: "
[1] 5
[1] "iteration number: "
[1] 6
[1] "iteration number: "
[1] 7
[1] "iteration number: "
[1] 8
[1] "iteration number: "
[1] 9
[1] "iteration number: "
[1] 10
[1] "iteration number: "
[1] 11
[1] "iteration number: "
[1] 12
[1] "iteration number: "
[1] 13
[1] "iteration number: "
[1] 14
[1] "iteration number: "
[1] 15
[1] "iteration number: "
[1] 16
[1] "iteration number: "
[1] 17
[1] "iteration number: "
[1] 18
[1] "iteration number: "
[1] 19
[1] "iteration number: "
[1] 20
[1] "iteration number: "
[1] 21
[1] "iteration number: "
[1] 22
[1] "iteration number: "
[1] 23
[1] "iteration number: "
[1] 24
[1] "iteration number: "
[1] 25
[1] "iteration number: "
[1] 26
[1] "iteration number: "
[1] 27
[1] "iteration number: "
[1] 28
[1] "iteration number: "
[1] 29
[1] "iteration number: "
[1] 30
[1] "iteration number: "
[1] 31
[1] "iteration number: "
[1] 32
[1] "iteration number: "
[1] 33
[1] "iteration number: "
[1] 34
[1] "iteration number: "
[1] 35
[1] "iteration number: "
[1] 36
[1] "iteration number: "
[1] 37
[1] "iteration number: "
[1] 38
[1] "iteration number: "
[1] 39
[1] "iteration number: "
[1] 40
[1] "iteration number: "
[1] 41
[1] "iteration number: "
[1] 42
[1] "iteration number: "
[1] 43
[1] "iteration number: "
[1] 44
[1] "iteration number: "
[1] 45
[1] "iteration number: "
[1] 46
[1] "iteration number: "
[1] 47
[1] "iteration number: "
[1] 48
[1] "iteration number: "
[1] 49
[1] "iteration number: "
[1] 50
[1] "iteration number: "
[1] 51
[1] "iteration number: "
[1] 52
[1] "iteration number: "
[1] 53
[1] "iteration number: "
[1] 54
[1] "iteration number: "
[1] 55
[1] "iteration number: "
[1] 56
[1] "iteration number: "
[1] 57
[1] "iteration number: "
[1] 58
[1] "iteration number: "
[1] 59
[1] "iteration number: "
[1] 60
[1] "iteration number: "
[1] 61
[1] "iteration number: "
[1] 62
[1] "iteration number: "
[1] 63
[1] "iteration number: "
[1] 64
[1] "iteration number: "
[1] 65
[1] "iteration number: "
[1] 66
[1] "iteration number: "
[1] 67
[1] "iteration number: "
[1] 68
[1] "iteration number: "
[1] 69
[1] "iteration number: "
[1] 70
[1] "iteration number: "
[1] 71
[1] "iteration number: "
[1] 72
[1] "iteration number: "
[1] 73
[1] "iteration number: "
[1] 74
[1] "iteration number: "
[1] 75
[1] "iteration number: "
[1] 76
[1] "iteration number: "
[1] 77
[1] "iteration number: "
[1] 78
[1] "iteration number: "
[1] 79
[1] "iteration number: "
[1] 80
[1] "iteration number: "
[1] 81
[1] "iteration number: "
[1] 82
[1] "iteration number: "
[1] 83
[1] "iteration number: "
[1] 84
[1] "iteration number: "
[1] 85
[1] "iteration number: "
[1] 86
[1] "iteration number: "
[1] 87
[1] "iteration number: "
[1] 88
[1] "iteration number: "
[1] 89
[1] "iteration number: "
[1] 90
[1] "iteration number: "
[1] 91
[1] "iteration number: "
[1] 92
[1] "iteration number: "
[1] 93
[1] "iteration number: "
[1] 94
[1] "iteration number: "
[1] 95
[1] "iteration number: "
[1] 96
[1] "iteration number: "
[1] 97
[1] "iteration number: "
[1] 98
[1] "iteration number: "
[1] 99
[1] "iteration number: "
[1] 100
[1] "iteration number: "
[1] 101
[1] "iteration number: "
[1] 102
[1] "iteration number: "
[1] 103
[1] "iteration number: "
[1] 104
[1] "iteration number: "
[1] 105
[1] "iteration number: "
[1] 106
[1] "iteration number: "
[1] 107
[1] "iteration number: "
[1] 108
[1] "iteration number: "
[1] 109
[1] "iteration number: "
[1] 110
[1] "iteration number: "
[1] 111
[1] "iteration number: "
[1] 112
[1] "iteration number: "
[1] 113
[1] "iteration number: "
[1] 114
[1] "iteration number: "
[1] 115
[1] "iteration number: "
[1] 116
[1] "iteration number: "
[1] 117
[1] "iteration number: "
[1] 118
[1] "iteration number: "
[1] 119
[1] "iteration number: "
[1] 120
[1] "iteration number: "
[1] 121
[1] "iteration number: "
[1] 122
[1] "iteration number: "
[1] 123
[1] "iteration number: "
[1] 124
[1] "iteration number: "
[1] 125
[1] "iteration number: "
[1] 126
[1] "iteration number: "
[1] 127
[1] "iteration number: "
[1] 128
[1] "iteration number: "
[1] 129
[1] "iteration number: "
[1] 130
[1] "iteration number: "
[1] 131
[1] "iteration number: "
[1] 132
[1] "iteration number: "
[1] 133
[1] "iteration number: "
[1] 134
[1] "iteration number: "
[1] 135
[1] "iteration number: "
[1] 136
[1] "iteration number: "
[1] 137
[1] "iteration number: "
[1] 138
[1] "iteration number: "
[1] 139
[1] "iteration number: "
[1] 140
[1] "iteration number: "
[1] 141
[1] "iteration number: "
[1] 142
[1] "iteration number: "
[1] 143
[1] "iteration number: "
[1] 144
[1] "iteration number: "
[1] 145
[1] "iteration number: "
[1] 146
[1] "iteration number: "
[1] 147
[1] "iteration number: "
[1] 148
[1] "iteration number: "
[1] 149
[1] "iteration number: "
[1] 150
[1] "iteration number: "
[1] 151
[1] "iteration number: "
[1] 152
[1] "iteration number: "
[1] 153
[1] "iteration number: "
[1] 154
[1] "iteration number: "
[1] 155
[1] "iteration number: "
[1] 156
[1] "iteration number: "
[1] 157
[1] "iteration number: "
[1] 158
[1] "iteration number: "
[1] 159
[1] "iteration number: "
[1] 160
[1] "iteration number: "
[1] 161
[1] "iteration number: "
[1] 162
[1] "iteration number: "
[1] 163
[1] "iteration number: "
[1] 164
[1] "iteration number: "
[1] 165
[1] "iteration number: "
[1] 166
[1] "iteration number: "
[1] 167
[1] "iteration number: "
[1] 168
[1] "iteration number: "
[1] 169
[1] "iteration number: "
[1] 170
[1] "iteration number: "
[1] 171
[1] "iteration number: "
[1] 172
[1] "iteration number: "
[1] 173
[1] "iteration number: "
[1] 174
[1] "iteration number: "
[1] 175
[1] "iteration number: "
[1] 176
[1] "iteration number: "
[1] 177
[1] "iteration number: "
[1] 178
[1] "iteration number: "
[1] 179
[1] "iteration number: "
[1] 180
[1] "iteration number: "
[1] 181
[1] "iteration number: "
[1] 182
[1] "iteration number: "
[1] 183
[1] "iteration number: "
[1] 184
[1] "iteration number: "
[1] 185
[1] "iteration number: "
[1] 186
[1] "iteration number: "
[1] 187
[1] "iteration number: "
[1] 188
[1] "iteration number: "
[1] 189
[1] "iteration number: "
[1] 190
[1] "iteration number: "
[1] 191
[1] "iteration number: "
[1] 192
[1] "iteration number: "
[1] 193
[1] "iteration number: "
[1] 194
[1] "iteration number: "
[1] 195
[1] "iteration number: "
[1] 196
[1] "iteration number: "
[1] 197
[1] "iteration number: "
[1] 198
[1] "iteration number: "
[1] 199
[1] "iteration number: "
[1] 200
[1] "iteration number: "
[1] 201
[1] "iteration number: "
[1] 202
[1] "iteration number: "
[1] 203
[1] "iteration number: "
[1] 204
[1] "iteration number: "
[1] 205
[1] "iteration number: "
[1] 206
[1] "iteration number: "
[1] 207
[1] "iteration number: "
[1] 208
[1] "iteration number: "
[1] 209
[1] "iteration number: "
[1] 210
[1] "iteration number: "
[1] 211
[1] "iteration number: "
[1] 212
[1] "iteration number: "
[1] 213
[1] "iteration number: "
[1] 214
[1] "iteration number: "
[1] 215
[1] "iteration number: "
[1] 216
[1] "iteration number: "
[1] 217
[1] "iteration number: "
[1] 218
[1] "iteration number: "
[1] 219
[1] "iteration number: "
[1] 220
[1] "iteration number: "
[1] 221
[1] "iteration number: "
[1] 222
[1] "iteration number: "
[1] 223
[1] "iteration number: "
[1] 224
[1] "iteration number: "
[1] 225
[1] "iteration number: "
[1] 226
[1] "iteration number: "
[1] 227
[1] "iteration number: "
[1] 228
[1] "iteration number: "
[1] 229
[1] "iteration number: "
[1] 230
[1] "iteration number: "
[1] 231
[1] "iteration number: "
[1] 232
[1] "iteration number: "
[1] 233
[1] "iteration number: "
[1] 234
[1] "iteration number: "
[1] 235
[1] "iteration number: "
[1] 236
[1] "iteration number: "
[1] 237
[1] "iteration number: "
[1] 238
[1] "iteration number: "
[1] 239
[1] "iteration number: "
[1] 240
[1] "iteration number: "
[1] 241
[1] "iteration number: "
[1] 242
[1] "iteration number: "
[1] 243
[1] "iteration number: "
[1] 244
[1] "iteration number: "
[1] 245
[1] "iteration number: "
[1] 246
[1] "iteration number: "
[1] 247
[1] "iteration number: "
[1] 248
[1] "iteration number: "
[1] 249
[1] "iteration number: "
[1] 250
[1] "iteration number: "
[1] 251
[1] "iteration number: "
[1] 252
[1] "iteration number: "
[1] 253
[1] "iteration number: "
[1] 254
[1] "iteration number: "
[1] 255
[1] "iteration number: "
[1] 256
[1] "iteration number: "
[1] 257
[1] "iteration number: "
[1] 258
[1] "iteration number: "
[1] 259
[1] "iteration number: "
[1] 260
[1] "iteration number: "
[1] 261
[1] "iteration number: "
[1] 262
[1] "iteration number: "
[1] 263
[1] "iteration number: "
[1] 264
[1] "iteration number: "
[1] 265
[1] "iteration number: "
[1] 266
[1] "iteration number: "
[1] 267
[1] "iteration number: "
[1] 268
[1] "iteration number: "
[1] 269
[1] "iteration number: "
[1] 270
[1] "iteration number: "
[1] 271
[1] "iteration number: "
[1] 272
[1] "iteration number: "
[1] 273
[1] "iteration number: "
[1] 274
[1] "iteration number: "
[1] 275
[1] "iteration number: "
[1] 276
[1] "iteration number: "
[1] 277
[1] "iteration number: "
[1] 278
[1] "iteration number: "
[1] 279
[1] "iteration number: "
[1] 280
[1] "iteration number: "
[1] 281
[1] "iteration number: "
[1] 282
[1] "iteration number: "
[1] 283
[1] "iteration number: "
[1] 284
[1] "iteration number: "
[1] 285
[1] "iteration number: "
[1] 286
[1] "iteration number: "
[1] 287
[1] "iteration number: "
[1] 288
[1] "iteration number: "
[1] 289
[1] "iteration number: "
[1] 290
[1] "iteration number: "
[1] 291
[1] "iteration number: "
[1] 292
[1] "iteration number: "
[1] 293
[1] "iteration number: "
[1] 294
[1] "iteration number: "
[1] 295
[1] "iteration number: "
[1] 296
[1] "iteration number: "
[1] 297
[1] "iteration number: "
[1] 298
[1] "iteration number: "
[1] 299
[1] "iteration number: "
[1] 300
[1] "iteration number: "
[1] 301
[1] "iteration number: "
[1] 302
[1] "iteration number: "
[1] 303
[1] "iteration number: "
[1] 304
[1] "iteration number: "
[1] 305
[1] "iteration number: "
[1] 306
[1] "iteration number: "
[1] 307
[1] "iteration number: "
[1] 308
[1] "iteration number: "
[1] 309
[1] "iteration number: "
[1] 310
[1] "iteration number: "
[1] 311
[1] "iteration number: "
[1] 312
[1] "iteration number: "
[1] 313
[1] "iteration number: "
[1] 314
[1] "iteration number: "
[1] 315
[1] "iteration number: "
[1] 316
[1] "iteration number: "
[1] 317
[1] "iteration number: "
[1] 318
[1] "iteration number: "
[1] 319
[1] "iteration number: "
[1] 320
[1] "iteration number: "
[1] 321
[1] "iteration number: "
[1] 322
[1] "iteration number: "
[1] 323
[1] "iteration number: "
[1] 324
[1] "iteration number: "
[1] 325
[1] "iteration number: "
[1] 326
[1] "iteration number: "
[1] 327
[1] "iteration number: "
[1] 328
[1] "iteration number: "
[1] 329
[1] "iteration number: "
[1] 330
[1] "iteration number: "
[1] 331
[1] "iteration number: "
[1] 332
[1] "iteration number: "
[1] 333
[1] "iteration number: "
[1] 334
[1] "iteration number: "
[1] 335
[1] "iteration number: "
[1] 336
[1] "iteration number: "
[1] 337
[1] "iteration number: "
[1] 338
[1] "iteration number: "
[1] 339
[1] "iteration number: "
[1] 340
[1] "iteration number: "
[1] 341
[1] "iteration number: "
[1] 342
[1] "iteration number: "
[1] 343
[1] "iteration number: "
[1] 344
[1] "iteration number: "
[1] 345
[1] "iteration number: "
[1] 346
[1] "iteration number: "
[1] 347
[1] "iteration number: "
[1] 348
[1] "iteration number: "
[1] 349
[1] "iteration number: "
[1] 350
[1] "iteration number: "
[1] 351
[1] "iteration number: "
[1] 352
[1] "iteration number: "
[1] 353
[1] "iteration number: "
[1] 354
[1] "iteration number: "
[1] 355
[1] "iteration number: "
[1] 356
[1] "iteration number: "
[1] 357
[1] "iteration number: "
[1] 358
[1] "iteration number: "
[1] 359
[1] "iteration number: "
[1] 360
[1] "iteration number: "
[1] 361
[1] "iteration number: "
[1] 362
[1] "iteration number: "
[1] 363
[1] "iteration number: "
[1] 364
[1] "iteration number: "
[1] 365
[1] "iteration number: "
[1] 366
[1] "iteration number: "
[1] 367
[1] "iteration number: "
[1] 368
[1] "iteration number: "
[1] 369
[1] "iteration number: "
[1] 370
[1] "iteration number: "
[1] 371
[1] "iteration number: "
[1] 372
[1] "iteration number: "
[1] 373
[1] "iteration number: "
[1] 374
[1] "iteration number: "
[1] 375
[1] "iteration number: "
[1] 376
[1] "iteration number: "
[1] 377
[1] "iteration number: "
[1] 378
[1] "iteration number: "
[1] 379
[1] "iteration number: "
[1] 380
[1] "iteration number: "
[1] 381
[1] "iteration number: "
[1] 382
[1] "iteration number: "
[1] 383
[1] "iteration number: "
[1] 384
[1] "iteration number: "
[1] 385
[1] "iteration number: "
[1] 386
[1] "iteration number: "
[1] 387
[1] "iteration number: "
[1] 388
[1] "iteration number: "
[1] 389
[1] "iteration number: "
[1] 390
[1] "iteration number: "
[1] 391
[1] "iteration number: "
[1] 392
[1] "iteration number: "
[1] 393
[1] "iteration number: "
[1] 394
[1] "iteration number: "
[1] 395
[1] "iteration number: "
[1] 396
[1] "iteration number: "
[1] 397
[1] "iteration number: "
[1] 398
[1] "iteration number: "
[1] 399
[1] "iteration number: "
[1] 400
[1] "iteration number: "
[1] 401
[1] "iteration number: "
[1] 402
[1] "iteration number: "
[1] 403
[1] "iteration number: "
[1] 404
[1] "iteration number: "
[1] 405
[1] "iteration number: "
[1] 406
[1] "iteration number: "
[1] 407
[1] "iteration number: "
[1] 408
[1] "iteration number: "
[1] 409
[1] "iteration number: "
[1] 410
[1] "iteration number: "
[1] 411
[1] "iteration number: "
[1] 412
[1] "iteration number: "
[1] 413
[1] "iteration number: "
[1] 414
[1] "iteration number: "
[1] 415
[1] "iteration number: "
[1] 416
[1] "iteration number: "
[1] 417
[1] "iteration number: "
[1] 418
[1] "iteration number: "
[1] 419
[1] "iteration number: "
[1] 420
[1] "iteration number: "
[1] 421
[1] "iteration number: "
[1] 422
[1] "iteration number: "
[1] 423
[1] "iteration number: "
[1] 424
[1] "iteration number: "
[1] 425
[1] "iteration number: "
[1] 426
[1] "iteration number: "
[1] 427
[1] "iteration number: "
[1] 428
[1] "iteration number: "
[1] 429
[1] "iteration number: "
[1] 430
[1] "iteration number: "
[1] 431
[1] "iteration number: "
[1] 432
[1] "iteration number: "
[1] 433
[1] "iteration number: "
[1] 434
[1] "iteration number: "
[1] 435
[1] "iteration number: "
[1] 436
[1] "iteration number: "
[1] 437
[1] "iteration number: "
[1] 438
[1] "iteration number: "
[1] 439
[1] "iteration number: "
[1] 440
[1] "iteration number: "
[1] 441
[1] "iteration number: "
[1] 442
[1] "iteration number: "
[1] 443
[1] "iteration number: "
[1] 444
[1] "iteration number: "
[1] 445
[1] "iteration number: "
[1] 446
[1] "iteration number: "
[1] 447
[1] "iteration number: "
[1] 448
[1] "iteration number: "
[1] 449
[1] "iteration number: "
[1] 450
[1] "iteration number: "
[1] 451
[1] "iteration number: "
[1] 452
[1] "iteration number: "
[1] 453
[1] "iteration number: "
[1] 454
[1] "iteration number: "
[1] 455
[1] "iteration number: "
[1] 456
[1] "iteration number: "
[1] 457
[1] "iteration number: "
[1] 458
[1] "iteration number: "
[1] 459
[1] "iteration number: "
[1] 460
[1] "iteration number: "
[1] 461
[1] "iteration number: "
[1] 462
[1] "iteration number: "
[1] 463
[1] "iteration number: "
[1] 464
[1] "iteration number: "
[1] 465
[1] "iteration number: "
[1] 466
[1] "iteration number: "
[1] 467
[1] "iteration number: "
[1] 468
[1] "iteration number: "
[1] 469
[1] "iteration number: "
[1] 470
[1] "iteration number: "
[1] 471
[1] "iteration number: "
[1] 472
[1] "iteration number: "
[1] 473
[1] "iteration number: "
[1] 474
[1] "iteration number: "
[1] 475
[1] "iteration number: "
[1] 476
[1] "iteration number: "
[1] 477
[1] "iteration number: "
[1] 478
[1] "iteration number: "
[1] 479
[1] "iteration number: "
[1] 480
[1] "iteration number: "
[1] 481
[1] "iteration number: "
[1] 482
[1] "iteration number: "
[1] 483
[1] "iteration number: "
[1] 484
[1] "iteration number: "
[1] 485
[1] "iteration number: "
[1] 486
[1] "iteration number: "
[1] 487
[1] "iteration number: "
[1] 488
[1] "iteration number: "
[1] 489
[1] "iteration number: "
[1] 490
[1] "iteration number: "
[1] 491
[1] "iteration number: "
[1] 492
[1] "iteration number: "
[1] 493
[1] "iteration number: "
[1] 494
[1] "iteration number: "
[1] 495
[1] "iteration number: "
[1] 496
[1] "iteration number: "
[1] 497
[1] "iteration number: "
[1] 498
[1] "iteration number: "
[1] 499
[1] "iteration number: "
[1] 500
[1] "iteration number: "
[1] 501
[1] "iteration number: "
[1] 502
[1] "iteration number: "
[1] 503
[1] "iteration number: "
[1] 504
[1] "iteration number: "
[1] 505
[1] "iteration number: "
[1] 506
[1] "iteration number: "
[1] 507
[1] "iteration number: "
[1] 508
[1] "iteration number: "
[1] 509
[1] "iteration number: "
[1] 510
[1] "iteration number: "
[1] 511
[1] "iteration number: "
[1] 512
[1] "iteration number: "
[1] 513
[1] "iteration number: "
[1] 514
[1] "iteration number: "
[1] 515
[1] "iteration number: "
[1] 516
[1] "iteration number: "
[1] 517
[1] "iteration number: "
[1] 518
[1] "iteration number: "
[1] 519
[1] "iteration number: "
[1] 520
[1] "iteration number: "
[1] 521
[1] "iteration number: "
[1] 522
[1] "iteration number: "
[1] 523
[1] "iteration number: "
[1] 524
[1] "iteration number: "
[1] 525
[1] "iteration number: "
[1] 526
[1] "iteration number: "
[1] 527
[1] "iteration number: "
[1] 528
[1] "iteration number: "
[1] 529
[1] "iteration number: "
[1] 530
[1] "iteration number: "
[1] 531
[1] "iteration number: "
[1] 532
[1] "iteration number: "
[1] 533
[1] "iteration number: "
[1] 534
[1] "iteration number: "
[1] 535
[1] "iteration number: "
[1] 536
[1] "iteration number: "
[1] 537
[1] "iteration number: "
[1] 538
[1] "iteration number: "
[1] 539
[1] "iteration number: "
[1] 540
[1] "iteration number: "
[1] 541
[1] "iteration number: "
[1] 542
[1] "iteration number: "
[1] 543
[1] "iteration number: "
[1] 544
[1] "iteration number: "
[1] 545
[1] "iteration number: "
[1] 546
[1] "iteration number: "
[1] 547
[1] "iteration number: "
[1] 548
[1] "iteration number: "
[1] 549
[1] "iteration number: "
[1] 550
[1] "iteration number: "
[1] 551
[1] "iteration number: "
[1] 552
[1] "iteration number: "
[1] 553
[1] "iteration number: "
[1] 554
[1] "iteration number: "
[1] 555
[1] "iteration number: "
[1] 556
[1] "iteration number: "
[1] 557
[1] "iteration number: "
[1] 558
[1] "iteration number: "
[1] 559
[1] "iteration number: "
[1] 560
[1] "iteration number: "
[1] 561
[1] "iteration number: "
[1] 562
[1] "iteration number: "
[1] 563
[1] "iteration number: "
[1] 564
[1] "iteration number: "
[1] 565
[1] "iteration number: "
[1] 566
[1] "iteration number: "
[1] 567
[1] "iteration number: "
[1] 568
[1] "iteration number: "
[1] 569
[1] "iteration number: "
[1] 570
[1] "iteration number: "
[1] 571
[1] "iteration number: "
[1] 572
[1] "iteration number: "
[1] 573
[1] "iteration number: "
[1] 574
[1] "iteration number: "
[1] 575
[1] "iteration number: "
[1] 576
[1] "iteration number: "
[1] 577
[1] "iteration number: "
[1] 578
[1] "iteration number: "
[1] 579
[1] "iteration number: "
[1] 580
[1] "iteration number: "
[1] 581
[1] "iteration number: "
[1] 582
[1] "iteration number: "
[1] 583
[1] "iteration number: "
[1] 584
[1] "iteration number: "
[1] 585
[1] "iteration number: "
[1] 586
[1] "iteration number: "
[1] 587
[1] "iteration number: "
[1] 588
[1] "iteration number: "
[1] 589
[1] "iteration number: "
[1] 590
[1] "iteration number: "
[1] 591
[1] "iteration number: "
[1] 592
[1] "iteration number: "
[1] 593
[1] "iteration number: "
[1] 594
[1] "iteration number: "
[1] 595
[1] "iteration number: "
[1] 596
[1] "iteration number: "
[1] 597
[1] "iteration number: "
[1] 598
[1] "iteration number: "
[1] 599
[1] "iteration number: "
[1] 600
[1] "iteration number: "
[1] 601
[1] "iteration number: "
[1] 602
[1] "iteration number: "
[1] 603
[1] "iteration number: "
[1] 604
[1] "iteration number: "
[1] 605
[1] "iteration number: "
[1] 606
[1] "iteration number: "
[1] 607
[1] "iteration number: "
[1] 608
[1] "iteration number: "
[1] 609
[1] "iteration number: "
[1] 610
[1] "iteration number: "
[1] 611
[1] "iteration number: "
[1] 612
[1] "iteration number: "
[1] 613
[1] "iteration number: "
[1] 614
[1] "iteration number: "
[1] 615
[1] "iteration number: "
[1] 616
[1] "iteration number: "
[1] 617
[1] "iteration number: "
[1] 618
[1] "iteration number: "
[1] 619
[1] "iteration number: "
[1] 620
[1] "iteration number: "
[1] 621
[1] "iteration number: "
[1] 622
[1] "iteration number: "
[1] 623
[1] "No change for 11 iterations. Exiting PSO."
[1] "##################################"
[1] "Results summary for itr:1"
[1] "number of features selected using population mean"
[1] 11
[1] "number of features selected using current global best"
[1] 12
[1] "feat ind length"
[1] 12
[1] "best accuracy"
[1] 74.03145
[1] "test acc:0.777777777777778"
[1] "##################################"
[1] "learning sets: 2"
 [1] 18 22 28 12  4 15  6 17 25 21 14  9 13  1 11 19 27 26 24 10 29 30  2  7 56
[26] 38 45 50 52 57 53 43 40 35 37 58 55 47 60 34 36 39 59 31 32 41 49 48 67 79
[51] 63 90 77 76 64 83 86 71 65 66 85 80 89 70 74 81 82 78 68 88 84 61
[1] "Starting global iteration number : 2"
[1] "iteration number: "
[1] 1
[1] "iteration number: "
[1] 2
[1] "iteration number: "
[1] 3
[1] "iteration number: "
[1] 4
[1] "iteration number: "
[1] 5
[1] "iteration number: "
[1] 6
[1] "iteration number: "
[1] 7
[1] "iteration number: "
[1] 8
[1] "iteration number: "
[1] 9
[1] "iteration number: "
[1] 10
[1] "iteration number: "
[1] 11
[1] "iteration number: "
[1] 12
[1] "iteration number: "
[1] 13
[1] "iteration number: "
[1] 14
[1] "iteration number: "
[1] 15
[1] "iteration number: "
[1] 16
[1] "iteration number: "
[1] 17
[1] "iteration number: "
[1] 18
[1] "iteration number: "
[1] 19
[1] "iteration number: "
[1] 20
[1] "iteration number: "
[1] 21
[1] "iteration number: "
[1] 22
[1] "iteration number: "
[1] 23
[1] "iteration number: "
[1] 24
[1] "iteration number: "
[1] 25
[1] "iteration number: "
[1] 26
[1] "iteration number: "
[1] 27
[1] "iteration number: "
[1] 28
[1] "iteration number: "
[1] 29
[1] "iteration number: "
[1] 30
[1] "iteration number: "
[1] 31
[1] "iteration number: "
[1] 32
[1] "iteration number: "
[1] 33
[1] "iteration number: "
[1] 34
[1] "iteration number: "
[1] 35
[1] "iteration number: "
[1] 36
[1] "iteration number: "
[1] 37
[1] "iteration number: "
[1] 38
[1] "iteration number: "
[1] 39
[1] "iteration number: "
[1] 40
[1] "iteration number: "
[1] 41
[1] "iteration number: "
[1] 42
[1] "iteration number: "
[1] 43
[1] "iteration number: "
[1] 44
[1] "iteration number: "
[1] 45
[1] "iteration number: "
[1] 46
[1] "iteration number: "
[1] 47
[1] "iteration number: "
[1] 48
[1] "iteration number: "
[1] 49
[1] "iteration number: "
[1] 50
[1] "iteration number: "
[1] 51
[1] "iteration number: "
[1] 52
[1] "iteration number: "
[1] 53
[1] "iteration number: "
[1] 54
[1] "iteration number: "
[1] 55
[1] "iteration number: "
[1] 56
[1] "iteration number: "
[1] 57
[1] "iteration number: "
[1] 58
[1] "iteration number: "
[1] 59
[1] "iteration number: "
[1] 60
[1] "iteration number: "
[1] 61
[1] "iteration number: "
[1] 62
[1] "iteration number: "
[1] 63
[1] "iteration number: "
[1] 64
[1] "iteration number: "
[1] 65
[1] "iteration number: "
[1] 66
[1] "iteration number: "
[1] 67
[1] "iteration number: "
[1] 68
[1] "iteration number: "
[1] 69
[1] "iteration number: "
[1] 70
[1] "iteration number: "
[1] 71
[1] "iteration number: "
[1] 72
[1] "iteration number: "
[1] 73
[1] "iteration number: "
[1] 74
[1] "iteration number: "
[1] 75
[1] "iteration number: "
[1] 76
[1] "iteration number: "
[1] 77
[1] "iteration number: "
[1] 78
[1] "iteration number: "
[1] 79
[1] "iteration number: "
[1] 80
[1] "iteration number: "
[1] 81
[1] "iteration number: "
[1] 82
[1] "iteration number: "
[1] 83
[1] "iteration number: "
[1] 84
[1] "iteration number: "
[1] 85
[1] "iteration number: "
[1] 86
[1] "iteration number: "
[1] 87
[1] "iteration number: "
[1] 88
[1] "iteration number: "
[1] 89
[1] "iteration number: "
[1] 90
[1] "iteration number: "
[1] 91
[1] "iteration number: "
[1] 92
[1] "iteration number: "
[1] 93
[1] "iteration number: "
[1] 94
[1] "iteration number: "
[1] 95
[1] "iteration number: "
[1] 96
[1] "iteration number: "
[1] 97
[1] "iteration number: "
[1] 98
[1] "iteration number: "
[1] 99
[1] "iteration number: "
[1] 100
[1] "iteration number: "
[1] 101
[1] "iteration number: "
[1] 102
[1] "iteration number: "
[1] 103
[1] "iteration number: "
[1] 104
[1] "iteration number: "
[1] 105
[1] "iteration number: "
[1] 106
[1] "iteration number: "
[1] 107
[1] "iteration number: "
[1] 108
[1] "iteration number: "
[1] 109
[1] "iteration number: "
[1] 110
[1] "iteration number: "
[1] 111
[1] "iteration number: "
[1] 112
[1] "iteration number: "
[1] 113
[1] "iteration number: "
[1] 114
[1] "iteration number: "
[1] 115
[1] "iteration number: "
[1] 116
[1] "iteration number: "
[1] 117
[1] "iteration number: "
[1] 118
[1] "iteration number: "
[1] 119
[1] "iteration number: "
[1] 120
[1] "iteration number: "
[1] 121
[1] "iteration number: "
[1] 122
[1] "iteration number: "
[1] 123
[1] "iteration number: "
[1] 124
[1] "iteration number: "
[1] 125
[1] "iteration number: "
[1] 126
[1] "iteration number: "
[1] 127
[1] "iteration number: "
[1] 128
[1] "iteration number: "
[1] 129
[1] "iteration number: "
[1] 130
[1] "iteration number: "
[1] 131
[1] "iteration number: "
[1] 132
[1] "iteration number: "
[1] 133
[1] "iteration number: "
[1] 134
[1] "iteration number: "
[1] 135
[1] "iteration number: "
[1] 136
[1] "iteration number: "
[1] 137
[1] "iteration number: "
[1] 138
[1] "iteration number: "
[1] 139
[1] "iteration number: "
[1] 140
[1] "iteration number: "
[1] 141
[1] "iteration number: "
[1] 142
[1] "iteration number: "
[1] 143
[1] "iteration number: "
[1] 144
[1] "iteration number: "
[1] 145
[1] "iteration number: "
[1] 146
[1] "iteration number: "
[1] 147
[1] "iteration number: "
[1] 148
[1] "iteration number: "
[1] 149
[1] "iteration number: "
[1] 150
[1] "iteration number: "
[1] 151
[1] "iteration number: "
[1] 152
[1] "iteration number: "
[1] 153
[1] "iteration number: "
[1] 154
[1] "iteration number: "
[1] 155
[1] "iteration number: "
[1] 156
[1] "iteration number: "
[1] 157
[1] "iteration number: "
[1] 158
[1] "iteration number: "
[1] 159
[1] "iteration number: "
[1] 160
[1] "iteration number: "
[1] 161
[1] "iteration number: "
[1] 162
[1] "iteration number: "
[1] 163
[1] "iteration number: "
[1] 164
[1] "iteration number: "
[1] 165
[1] "iteration number: "
[1] 166
[1] "iteration number: "
[1] 167
[1] "iteration number: "
[1] 168
[1] "iteration number: "
[1] 169
[1] "iteration number: "
[1] 170
[1] "iteration number: "
[1] 171
[1] "iteration number: "
[1] 172
[1] "iteration number: "
[1] 173
[1] "iteration number: "
[1] 174
[1] "iteration number: "
[1] 175
[1] "iteration number: "
[1] 176
[1] "iteration number: "
[1] 177
[1] "iteration number: "
[1] 178
[1] "iteration number: "
[1] 179
[1] "iteration number: "
[1] 180
[1] "iteration number: "
[1] 181
[1] "iteration number: "
[1] 182
[1] "iteration number: "
[1] 183
[1] "iteration number: "
[1] 184
[1] "iteration number: "
[1] 185
[1] "iteration number: "
[1] 186
[1] "iteration number: "
[1] 187
[1] "iteration number: "
[1] 188
[1] "iteration number: "
[1] 189
[1] "iteration number: "
[1] 190
[1] "iteration number: "
[1] 191
[1] "iteration number: "
[1] 192
[1] "iteration number: "
[1] 193
[1] "iteration number: "
[1] 194
[1] "iteration number: "
[1] 195
[1] "iteration number: "
[1] 196
[1] "iteration number: "
[1] 197
[1] "iteration number: "
[1] 198
[1] "iteration number: "
[1] 199
[1] "iteration number: "
[1] 200
[1] "iteration number: "
[1] 201
[1] "iteration number: "
[1] 202
[1] "iteration number: "
[1] 203
[1] "iteration number: "
[1] 204
[1] "iteration number: "
[1] 205
[1] "iteration number: "
[1] 206
[1] "iteration number: "
[1] 207
[1] "iteration number: "
[1] 208
[1] "iteration number: "
[1] 209
[1] "iteration number: "
[1] 210
[1] "iteration number: "
[1] 211
[1] "iteration number: "
[1] 212
[1] "iteration number: "
[1] 213
[1] "iteration number: "
[1] 214
[1] "iteration number: "
[1] 215
[1] "iteration number: "
[1] 216
[1] "iteration number: "
[1] 217
[1] "iteration number: "
[1] 218
[1] "iteration number: "
[1] 219
[1] "iteration number: "
[1] 220
[1] "iteration number: "
[1] 221
[1] "iteration number: "
[1] 222
[1] "iteration number: "
[1] 223
[1] "iteration number: "
[1] 224
[1] "iteration number: "
[1] 225
[1] "iteration number: "
[1] 226
[1] "iteration number: "
[1] 227
[1] "iteration number: "
[1] 228
[1] "iteration number: "
[1] 229
[1] "iteration number: "
[1] 230
[1] "iteration number: "
[1] 231
[1] "iteration number: "
[1] 232
[1] "iteration number: "
[1] 233
[1] "iteration number: "
[1] 234
[1] "iteration number: "
[1] 235
[1] "iteration number: "
[1] 236
[1] "iteration number: "
[1] 237
[1] "iteration number: "
[1] 238
[1] "iteration number: "
[1] 239
[1] "iteration number: "
[1] 240
[1] "iteration number: "
[1] 241
[1] "iteration number: "
[1] 242
[1] "iteration number: "
[1] 243
[1] "iteration number: "
[1] 244
[1] "iteration number: "
[1] 245
[1] "iteration number: "
[1] 246
[1] "iteration number: "
[1] 247
[1] "iteration number: "
[1] 248
[1] "iteration number: "
[1] 249
[1] "iteration number: "
[1] 250
[1] "iteration number: "
[1] 251
[1] "iteration number: "
[1] 252
[1] "iteration number: "
[1] 253
[1] "iteration number: "
[1] 254
[1] "iteration number: "
[1] 255
[1] "iteration number: "
[1] 256
[1] "iteration number: "
[1] 257
[1] "iteration number: "
[1] 258
[1] "iteration number: "
[1] 259
[1] "iteration number: "
[1] 260
[1] "iteration number: "
[1] 261
[1] "iteration number: "
[1] 262
[1] "iteration number: "
[1] 263
[1] "iteration number: "
[1] 264
[1] "iteration number: "
[1] 265
[1] "iteration number: "
[1] 266
[1] "iteration number: "
[1] 267
[1] "iteration number: "
[1] 268
[1] "iteration number: "
[1] 269
[1] "iteration number: "
[1] 270
[1] "iteration number: "
[1] 271
[1] "iteration number: "
[1] 272
[1] "iteration number: "
[1] 273
[1] "iteration number: "
[1] 274
[1] "iteration number: "
[1] 275
[1] "iteration number: "
[1] 276
[1] "iteration number: "
[1] 277
[1] "iteration number: "
[1] 278
[1] "iteration number: "
[1] 279
[1] "iteration number: "
[1] 280
[1] "iteration number: "
[1] 281
[1] "iteration number: "
[1] 282
[1] "iteration number: "
[1] 283
[1] "iteration number: "
[1] 284
[1] "iteration number: "
[1] 285
[1] "iteration number: "
[1] 286
[1] "iteration number: "
[1] 287
[1] "iteration number: "
[1] 288
[1] "iteration number: "
[1] 289
[1] "iteration number: "
[1] 290
[1] "iteration number: "
[1] 291
[1] "iteration number: "
[1] 292
[1] "iteration number: "
[1] 293
[1] "iteration number: "
[1] 294
[1] "iteration number: "
[1] 295
[1] "iteration number: "
[1] 296
[1] "iteration number: "
[1] 297
[1] "iteration number: "
[1] 298
[1] "iteration number: "
[1] 299
[1] "iteration number: "
[1] 300
[1] "iteration number: "
[1] 301
[1] "iteration number: "
[1] 302
[1] "iteration number: "
[1] 303
[1] "iteration number: "
[1] 304
[1] "iteration number: "
[1] 305
[1] "iteration number: "
[1] 306
[1] "iteration number: "
[1] 307
[1] "iteration number: "
[1] 308
[1] "iteration number: "
[1] 309
[1] "iteration number: "
[1] 310
[1] "iteration number: "
[1] 311
[1] "iteration number: "
[1] 312
[1] "iteration number: "
[1] 313
[1] "iteration number: "
[1] 314
[1] "iteration number: "
[1] 315
[1] "iteration number: "
[1] 316
[1] "iteration number: "
[1] 317
[1] "iteration number: "
[1] 318
[1] "iteration number: "
[1] 319
[1] "iteration number: "
[1] 320
[1] "iteration number: "
[1] 321
[1] "iteration number: "
[1] 322
[1] "iteration number: "
[1] 323
[1] "iteration number: "
[1] 324
[1] "iteration number: "
[1] 325
[1] "iteration number: "
[1] 326
[1] "iteration number: "
[1] 327
[1] "iteration number: "
[1] 328
[1] "iteration number: "
[1] 329
[1] "iteration number: "
[1] 330
[1] "iteration number: "
[1] 331
[1] "iteration number: "
[1] 332
[1] "iteration number: "
[1] 333
[1] "iteration number: "
[1] 334
[1] "iteration number: "
[1] 335
[1] "iteration number: "
[1] 336
[1] "iteration number: "
[1] 337
[1] "iteration number: "
[1] 338
[1] "iteration number: "
[1] 339
[1] "iteration number: "
[1] 340
[1] "iteration number: "
[1] 341
[1] "iteration number: "
[1] 342
[1] "iteration number: "
[1] 343
[1] "iteration number: "
[1] 344
[1] "iteration number: "
[1] 345
[1] "iteration number: "
[1] 346
[1] "iteration number: "
[1] 347
[1] "iteration number: "
[1] 348
[1] "iteration number: "
[1] 349
[1] "iteration number: "
[1] 350
[1] "iteration number: "
[1] 351
[1] "iteration number: "
[1] 352
[1] "iteration number: "
[1] 353
[1] "iteration number: "
[1] 354
[1] "iteration number: "
[1] 355
[1] "iteration number: "
[1] 356
[1] "iteration number: "
[1] 357
[1] "iteration number: "
[1] 358
[1] "iteration number: "
[1] 359
[1] "iteration number: "
[1] 360
[1] "iteration number: "
[1] 361
[1] "iteration number: "
[1] 362
[1] "iteration number: "
[1] 363
[1] "iteration number: "
[1] 364
[1] "iteration number: "
[1] 365
[1] "iteration number: "
[1] 366
[1] "iteration number: "
[1] 367
[1] "iteration number: "
[1] 368
[1] "iteration number: "
[1] 369
[1] "iteration number: "
[1] 370
[1] "iteration number: "
[1] 371
[1] "iteration number: "
[1] 372
[1] "iteration number: "
[1] 373
[1] "iteration number: "
[1] 374
[1] "iteration number: "
[1] 375
[1] "iteration number: "
[1] 376
[1] "iteration number: "
[1] 377
[1] "iteration number: "
[1] 378
[1] "iteration number: "
[1] 379
[1] "iteration number: "
[1] 380
[1] "iteration number: "
[1] 381
[1] "iteration number: "
[1] 382
[1] "iteration number: "
[1] 383
[1] "iteration number: "
[1] 384
[1] "iteration number: "
[1] 385
[1] "iteration number: "
[1] 386
[1] "iteration number: "
[1] 387
[1] "iteration number: "
[1] 388
[1] "iteration number: "
[1] 389
[1] "iteration number: "
[1] 390
[1] "iteration number: "
[1] 391
[1] "iteration number: "
[1] 392
[1] "iteration number: "
[1] 393
[1] "iteration number: "
[1] 394
[1] "iteration number: "
[1] 395
[1] "iteration number: "
[1] 396
[1] "iteration number: "
[1] 397
[1] "iteration number: "
[1] 398
[1] "iteration number: "
[1] 399
[1] "iteration number: "
[1] 400
[1] "iteration number: "
[1] 401
[1] "iteration number: "
[1] 402
[1] "iteration number: "
[1] 403
[1] "iteration number: "
[1] 404
[1] "iteration number: "
[1] 405
[1] "iteration number: "
[1] 406
[1] "iteration number: "
[1] 407
[1] "iteration number: "
[1] 408
[1] "iteration number: "
[1] 409
[1] "iteration number: "
[1] 410
[1] "iteration number: "
[1] 411
[1] "iteration number: "
[1] 412
[1] "iteration number: "
[1] 413
[1] "iteration number: "
[1] 414
[1] "iteration number: "
[1] 415
[1] "iteration number: "
[1] 416
[1] "iteration number: "
[1] 417
[1] "iteration number: "
[1] 418
[1] "iteration number: "
[1] 419
[1] "iteration number: "
[1] 420
[1] "iteration number: "
[1] 421
[1] "iteration number: "
[1] 422
[1] "iteration number: "
[1] 423
[1] "iteration number: "
[1] 424
[1] "iteration number: "
[1] 425
[1] "iteration number: "
[1] 426
[1] "iteration number: "
[1] 427
[1] "iteration number: "
[1] 428
[1] "iteration number: "
[1] 429
[1] "iteration number: "
[1] 430
[1] "iteration number: "
[1] 431
[1] "iteration number: "
[1] 432
[1] "iteration number: "
[1] 433
[1] "iteration number: "
[1] 434
[1] "iteration number: "
[1] 435
[1] "iteration number: "
[1] 436
[1] "iteration number: "
[1] 437
[1] "iteration number: "
[1] 438
[1] "iteration number: "
[1] 439
[1] "iteration number: "
[1] 440
[1] "iteration number: "
[1] 441
[1] "iteration number: "
[1] 442
[1] "iteration number: "
[1] 443
[1] "iteration number: "
[1] 444
[1] "iteration number: "
[1] 445
[1] "iteration number: "
[1] 446
[1] "iteration number: "
[1] 447
[1] "iteration number: "
[1] 448
[1] "iteration number: "
[1] 449
[1] "iteration number: "
[1] 450
[1] "iteration number: "
[1] 451
[1] "iteration number: "
[1] 452
[1] "iteration number: "
[1] 453
[1] "iteration number: "
[1] 454
[1] "iteration number: "
[1] 455
[1] "iteration number: "
[1] 456
[1] "iteration number: "
[1] 457
[1] "iteration number: "
[1] 458
[1] "iteration number: "
[1] 459
[1] "iteration number: "
[1] 460
[1] "iteration number: "
[1] 461
[1] "iteration number: "
[1] 462
[1] "No change for 11 iterations. Exiting PSO."
[1] "##################################"
[1] "Results summary for itr:2"
[1] "number of features selected using population mean"
[1] 14
[1] "number of features selected using current global best"
[1] 13
[1] "feat ind length"
[1] 13
[1] "best accuracy"
[1] 74.49199
[1] "test acc:0.666666666666667"
[1] "##################################"
[1] "learning sets: 3"
 [1]  7  6 16  8  1  3 28 24 25 29 30 13  2 18 11 17 23 26 14 10  5 19 12 22 54
[26] 48 51 57 31 46 53 58 52 40 34 32 37 33 43 59 36 41 45 44 38 39 49 55 72 82
[51] 75 86 84 64 85 78 88 70 80 68 66 62 83 61 89 71 63 69 65 87 79 90
[1] "Starting global iteration number : 3"
[1] "iteration number: "
[1] 1
[1] "iteration number: "
[1] 2
[1] "iteration number: "
[1] 3
[1] "iteration number: "
[1] 4
[1] "iteration number: "
[1] 5
[1] "iteration number: "
[1] 6
[1] "iteration number: "
[1] 7
[1] "iteration number: "
[1] 8
[1] "iteration number: "
[1] 9
[1] "iteration number: "
[1] 10
[1] "iteration number: "
[1] 11
[1] "iteration number: "
[1] 12
[1] "iteration number: "
[1] 13
[1] "iteration number: "
[1] 14
[1] "iteration number: "
[1] 15
[1] "iteration number: "
[1] 16
[1] "iteration number: "
[1] 17
[1] "iteration number: "
[1] 18
[1] "iteration number: "
[1] 19
[1] "iteration number: "
[1] 20
[1] "iteration number: "
[1] 21
[1] "iteration number: "
[1] 22
[1] "iteration number: "
[1] 23
[1] "iteration number: "
[1] 24
[1] "iteration number: "
[1] 25
[1] "iteration number: "
[1] 26
[1] "iteration number: "
[1] 27
[1] "iteration number: "
[1] 28
[1] "iteration number: "
[1] 29
[1] "iteration number: "
[1] 30
[1] "iteration number: "
[1] 31
[1] "iteration number: "
[1] 32
[1] "iteration number: "
[1] 33
[1] "iteration number: "
[1] 34
[1] "iteration number: "
[1] 35
[1] "iteration number: "
[1] 36
[1] "iteration number: "
[1] 37
[1] "iteration number: "
[1] 38
[1] "iteration number: "
[1] 39
[1] "iteration number: "
[1] 40
[1] "iteration number: "
[1] 41
[1] "iteration number: "
[1] 42
[1] "iteration number: "
[1] 43
[1] "iteration number: "
[1] 44
[1] "iteration number: "
[1] 45
[1] "iteration number: "
[1] 46
[1] "iteration number: "
[1] 47
[1] "iteration number: "
[1] 48
[1] "iteration number: "
[1] 49
[1] "iteration number: "
[1] 50
[1] "iteration number: "
[1] 51
[1] "iteration number: "
[1] 52
[1] "iteration number: "
[1] 53
[1] "iteration number: "
[1] 54
[1] "iteration number: "
[1] 55
[1] "iteration number: "
[1] 56
[1] "iteration number: "
[1] 57
[1] "iteration number: "
[1] 58
[1] "iteration number: "
[1] 59
[1] "iteration number: "
[1] 60
[1] "iteration number: "
[1] 61
[1] "iteration number: "
[1] 62
[1] "iteration number: "
[1] 63
[1] "iteration number: "
[1] 64
[1] "iteration number: "
[1] 65
[1] "iteration number: "
[1] 66
[1] "iteration number: "
[1] 67
[1] "iteration number: "
[1] 68
[1] "iteration number: "
[1] 69
[1] "iteration number: "
[1] 70
[1] "iteration number: "
[1] 71
[1] "iteration number: "
[1] 72
[1] "iteration number: "
[1] 73
[1] "iteration number: "
[1] 74
[1] "iteration number: "
[1] 75
[1] "iteration number: "
[1] 76
[1] "iteration number: "
[1] 77
[1] "iteration number: "
[1] 78
[1] "iteration number: "
[1] 79
[1] "iteration number: "
[1] 80
[1] "iteration number: "
[1] 81
[1] "iteration number: "
[1] 82
[1] "iteration number: "
[1] 83
[1] "iteration number: "
[1] 84
[1] "iteration number: "
[1] 85
[1] "iteration number: "
[1] 86
[1] "iteration number: "
[1] 87
[1] "iteration number: "
[1] 88
[1] "iteration number: "
[1] 89
[1] "iteration number: "
[1] 90
[1] "iteration number: "
[1] 91
[1] "iteration number: "
[1] 92
[1] "iteration number: "
[1] 93
[1] "iteration number: "
[1] 94
[1] "iteration number: "
[1] 95
[1] "iteration number: "
[1] 96
[1] "iteration number: "
[1] 97
[1] "iteration number: "
[1] 98
[1] "iteration number: "
[1] 99
[1] "iteration number: "
[1] 100
[1] "iteration number: "
[1] 101
[1] "iteration number: "
[1] 102
[1] "iteration number: "
[1] 103
[1] "iteration number: "
[1] 104
[1] "iteration number: "
[1] 105
[1] "iteration number: "
[1] 106
[1] "iteration number: "
[1] 107
[1] "iteration number: "
[1] 108
[1] "iteration number: "
[1] 109
[1] "iteration number: "
[1] 110
[1] "iteration number: "
[1] 111
[1] "iteration number: "
[1] 112
[1] "iteration number: "
[1] 113
[1] "iteration number: "
[1] 114
[1] "iteration number: "
[1] 115
[1] "iteration number: "
[1] 116
[1] "iteration number: "
[1] 117
[1] "iteration number: "
[1] 118
[1] "iteration number: "
[1] 119
[1] "iteration number: "
[1] 120
[1] "iteration number: "
[1] 121
[1] "iteration number: "
[1] 122
[1] "iteration number: "
[1] 123
[1] "iteration number: "
[1] 124
[1] "iteration number: "
[1] 125
[1] "iteration number: "
[1] 126
[1] "iteration number: "
[1] 127
[1] "iteration number: "
[1] 128
[1] "iteration number: "
[1] 129
[1] "iteration number: "
[1] 130
[1] "iteration number: "
[1] 131
[1] "iteration number: "
[1] 132
[1] "iteration number: "
[1] 133
[1] "iteration number: "
[1] 134
[1] "iteration number: "
[1] 135
[1] "iteration number: "
[1] 136
[1] "iteration number: "
[1] 137
[1] "iteration number: "
[1] 138
[1] "iteration number: "
[1] 139
[1] "iteration number: "
[1] 140
[1] "iteration number: "
[1] 141
[1] "iteration number: "
[1] 142
[1] "iteration number: "
[1] 143
[1] "iteration number: "
[1] 144
[1] "iteration number: "
[1] 145
[1] "iteration number: "
[1] 146
[1] "iteration number: "
[1] 147
[1] "iteration number: "
[1] 148
[1] "iteration number: "
[1] 149
[1] "iteration number: "
[1] 150
[1] "iteration number: "
[1] 151
[1] "iteration number: "
[1] 152
[1] "iteration number: "
[1] 153
[1] "iteration number: "
[1] 154
[1] "iteration number: "
[1] 155
[1] "iteration number: "
[1] 156
[1] "iteration number: "
[1] 157
[1] "iteration number: "
[1] 158
[1] "iteration number: "
[1] 159
[1] "iteration number: "
[1] 160
[1] "iteration number: "
[1] 161
[1] "iteration number: "
[1] 162
[1] "iteration number: "
[1] 163
[1] "iteration number: "
[1] 164
[1] "iteration number: "
[1] 165
[1] "iteration number: "
[1] 166
[1] "iteration number: "
[1] 167
[1] "iteration number: "
[1] 168
[1] "iteration number: "
[1] 169
[1] "iteration number: "
[1] 170
[1] "iteration number: "
[1] 171
[1] "iteration number: "
[1] 172
[1] "iteration number: "
[1] 173
[1] "iteration number: "
[1] 174
[1] "iteration number: "
[1] 175
[1] "iteration number: "
[1] 176
[1] "iteration number: "
[1] 177
[1] "iteration number: "
[1] 178
[1] "iteration number: "
[1] 179
[1] "iteration number: "
[1] 180
[1] "iteration number: "
[1] 181
[1] "iteration number: "
[1] 182
[1] "iteration number: "
[1] 183
[1] "iteration number: "
[1] 184
[1] "iteration number: "
[1] 185
[1] "iteration number: "
[1] 186
[1] "iteration number: "
[1] 187
[1] "iteration number: "
[1] 188
[1] "iteration number: "
[1] 189
[1] "iteration number: "
[1] 190
[1] "iteration number: "
[1] 191
[1] "iteration number: "
[1] 192
[1] "iteration number: "
[1] 193
[1] "iteration number: "
[1] 194
[1] "iteration number: "
[1] 195
[1] "iteration number: "
[1] 196
[1] "iteration number: "
[1] 197
[1] "iteration number: "
[1] 198
[1] "iteration number: "
[1] 199
[1] "iteration number: "
[1] 200
[1] "iteration number: "
[1] 201
[1] "iteration number: "
[1] 202
[1] "iteration number: "
[1] 203
[1] "iteration number: "
[1] 204
[1] "iteration number: "
[1] 205
[1] "iteration number: "
[1] 206
[1] "iteration number: "
[1] 207
[1] "iteration number: "
[1] 208
[1] "iteration number: "
[1] 209
[1] "iteration number: "
[1] 210
[1] "iteration number: "
[1] 211
[1] "iteration number: "
[1] 212
[1] "iteration number: "
[1] 213
[1] "iteration number: "
[1] 214
[1] "iteration number: "
[1] 215
[1] "iteration number: "
[1] 216
[1] "iteration number: "
[1] 217
[1] "iteration number: "
[1] 218
[1] "iteration number: "
[1] 219
[1] "iteration number: "
[1] 220
[1] "iteration number: "
[1] 221
[1] "iteration number: "
[1] 222
[1] "iteration number: "
[1] 223
[1] "iteration number: "
[1] 224
[1] "iteration number: "
[1] 225
[1] "iteration number: "
[1] 226
[1] "iteration number: "
[1] 227
[1] "iteration number: "
[1] 228
[1] "iteration number: "
[1] 229
[1] "iteration number: "
[1] 230
[1] "iteration number: "
[1] 231
[1] "iteration number: "
[1] 232
[1] "iteration number: "
[1] 233
[1] "iteration number: "
[1] 234
[1] "iteration number: "
[1] 235
[1] "iteration number: "
[1] 236
[1] "iteration number: "
[1] 237
[1] "iteration number: "
[1] 238
[1] "iteration number: "
[1] 239
[1] "iteration number: "
[1] 240
[1] "iteration number: "
[1] 241
[1] "iteration number: "
[1] 242
[1] "iteration number: "
[1] 243
[1] "iteration number: "
[1] 244
[1] "iteration number: "
[1] 245
[1] "iteration number: "
[1] 246
[1] "iteration number: "
[1] 247
[1] "iteration number: "
[1] 248
[1] "iteration number: "
[1] 249
[1] "iteration number: "
[1] 250
[1] "iteration number: "
[1] 251
[1] "iteration number: "
[1] 252
[1] "iteration number: "
[1] 253
[1] "iteration number: "
[1] 254
[1] "iteration number: "
[1] 255
[1] "iteration number: "
[1] 256
[1] "iteration number: "
[1] 257
[1] "iteration number: "
[1] 258
[1] "iteration number: "
[1] 259
[1] "iteration number: "
[1] 260
[1] "iteration number: "
[1] 261
[1] "iteration number: "
[1] 262
[1] "iteration number: "
[1] 263
[1] "iteration number: "
[1] 264
[1] "iteration number: "
[1] 265
[1] "iteration number: "
[1] 266
[1] "iteration number: "
[1] 267
[1] "iteration number: "
[1] 268
[1] "iteration number: "
[1] 269
[1] "iteration number: "
[1] 270
[1] "iteration number: "
[1] 271
[1] "iteration number: "
[1] 272
[1] "iteration number: "
[1] 273
[1] "iteration number: "
[1] 274
[1] "iteration number: "
[1] 275
[1] "iteration number: "
[1] 276
[1] "iteration number: "
[1] 277
[1] "iteration number: "
[1] 278
[1] "iteration number: "
[1] 279
[1] "iteration number: "
[1] 280
[1] "iteration number: "
[1] 281
[1] "iteration number: "
[1] 282
[1] "iteration number: "
[1] 283
[1] "iteration number: "
[1] 284
[1] "iteration number: "
[1] 285
[1] "iteration number: "
[1] 286
[1] "iteration number: "
[1] 287
[1] "iteration number: "
[1] 288
[1] "iteration number: "
[1] 289
[1] "iteration number: "
[1] 290
[1] "iteration number: "
[1] 291
[1] "iteration number: "
[1] 292
[1] "iteration number: "
[1] 293
[1] "iteration number: "
[1] 294
[1] "iteration number: "
[1] 295
[1] "iteration number: "
[1] 296
[1] "iteration number: "
[1] 297
[1] "iteration number: "
[1] 298
[1] "iteration number: "
[1] 299
[1] "iteration number: "
[1] 300
[1] "iteration number: "
[1] 301
[1] "iteration number: "
[1] 302
[1] "No change for 11 iterations. Exiting PSO."
[1] "##################################"
[1] "Results summary for itr:3"
[1] "number of features selected using population mean"
[1] 21
[1] "number of features selected using current global best"
[1] 21
[1] "feat ind length"
[1] 21
[1] "best accuracy"
[1] 62.1745
[1] "test acc:0.777777777777778"
[1] "##################################"
[1] "learning sets: 4"
 [1]  1 27 29 22 12 23 13  5  2  3 11 19 20  6 10 26 15  9  8 28  7 24 16  4 40
[26] 31 43 36 50 46 53 60 42 32 45 37 54 44 56 34 51 49 33 39 57 48 35 58 83 63
[51] 65 67 75 68 89 78 86 70 71 82 87 62 76 81 69 64 61 79 77 80 66 85
[1] "Starting global iteration number : 4"
[1] "iteration number: "
[1] 1
[1] "iteration number: "
[1] 2
[1] "iteration number: "
[1] 3
[1] "iteration number: "
[1] 4
[1] "iteration number: "
[1] 5
[1] "iteration number: "
[1] 6
[1] "iteration number: "
[1] 7
[1] "iteration number: "
[1] 8
[1] "iteration number: "
[1] 9
[1] "iteration number: "
[1] 10
[1] "iteration number: "
[1] 11
[1] "iteration number: "
[1] 12
[1] "iteration number: "
[1] 13
[1] "iteration number: "
[1] 14
[1] "iteration number: "
[1] 15
[1] "iteration number: "
[1] 16
[1] "iteration number: "
[1] 17
[1] "iteration number: "
[1] 18
[1] "iteration number: "
[1] 19
[1] "iteration number: "
[1] 20
[1] "iteration number: "
[1] 21
[1] "iteration number: "
[1] 22
[1] "iteration number: "
[1] 23
[1] "iteration number: "
[1] 24
[1] "iteration number: "
[1] 25
[1] "iteration number: "
[1] 26
[1] "iteration number: "
[1] 27
[1] "iteration number: "
[1] 28
[1] "iteration number: "
[1] 29
[1] "iteration number: "
[1] 30
[1] "iteration number: "
[1] 31
[1] "iteration number: "
[1] 32
[1] "iteration number: "
[1] 33
[1] "iteration number: "
[1] 34
[1] "iteration number: "
[1] 35
[1] "iteration number: "
[1] 36
[1] "iteration number: "
[1] 37
[1] "iteration number: "
[1] 38
[1] "iteration number: "
[1] 39
[1] "iteration number: "
[1] 40
[1] "iteration number: "
[1] 41
[1] "iteration number: "
[1] 42
[1] "iteration number: "
[1] 43
[1] "iteration number: "
[1] 44
[1] "iteration number: "
[1] 45
[1] "iteration number: "
[1] 46
[1] "iteration number: "
[1] 47
[1] "iteration number: "
[1] 48
[1] "iteration number: "
[1] 49
[1] "iteration number: "
[1] 50
[1] "iteration number: "
[1] 51
[1] "iteration number: "
[1] 52
[1] "iteration number: "
[1] 53
[1] "iteration number: "
[1] 54
[1] "iteration number: "
[1] 55
[1] "iteration number: "
[1] 56
[1] "iteration number: "
[1] 57
[1] "iteration number: "
[1] 58
[1] "iteration number: "
[1] 59
[1] "iteration number: "
[1] 60
[1] "iteration number: "
[1] 61
[1] "iteration number: "
[1] 62
[1] "iteration number: "
[1] 63
[1] "iteration number: "
[1] 64
[1] "iteration number: "
[1] 65
[1] "iteration number: "
[1] 66
[1] "iteration number: "
[1] 67
[1] "iteration number: "
[1] 68
[1] "iteration number: "
[1] 69
[1] "iteration number: "
[1] 70
[1] "iteration number: "
[1] 71
[1] "iteration number: "
[1] 72
[1] "iteration number: "
[1] 73
[1] "iteration number: "
[1] 74
[1] "iteration number: "
[1] 75
[1] "iteration number: "
[1] 76
[1] "iteration number: "
[1] 77
[1] "iteration number: "
[1] 78
[1] "iteration number: "
[1] 79
[1] "iteration number: "
[1] 80
[1] "iteration number: "
[1] 81
[1] "iteration number: "
[1] 82
[1] "iteration number: "
[1] 83
[1] "iteration number: "
[1] 84
[1] "iteration number: "
[1] 85
[1] "iteration number: "
[1] 86
[1] "iteration number: "
[1] 87
[1] "iteration number: "
[1] 88
[1] "iteration number: "
[1] 89
[1] "iteration number: "
[1] 90
[1] "iteration number: "
[1] 91
[1] "iteration number: "
[1] 92
[1] "iteration number: "
[1] 93
[1] "iteration number: "
[1] 94
[1] "iteration number: "
[1] 95
[1] "iteration number: "
[1] 96
[1] "iteration number: "
[1] 97
[1] "iteration number: "
[1] 98
[1] "iteration number: "
[1] 99
[1] "iteration number: "
[1] 100
[1] "iteration number: "
[1] 101
[1] "iteration number: "
[1] 102
[1] "iteration number: "
[1] 103
[1] "iteration number: "
[1] 104
[1] "iteration number: "
[1] 105
[1] "iteration number: "
[1] 106
[1] "iteration number: "
[1] 107
[1] "iteration number: "
[1] 108
[1] "iteration number: "
[1] 109
[1] "iteration number: "
[1] 110
[1] "iteration number: "
[1] 111
[1] "iteration number: "
[1] 112
[1] "iteration number: "
[1] 113
[1] "iteration number: "
[1] 114
[1] "iteration number: "
[1] 115
[1] "iteration number: "
[1] 116
[1] "iteration number: "
[1] 117
[1] "iteration number: "
[1] 118
[1] "iteration number: "
[1] 119
[1] "iteration number: "
[1] 120
[1] "iteration number: "
[1] 121
[1] "iteration number: "
[1] 122
[1] "iteration number: "
[1] 123
[1] "iteration number: "
[1] 124
[1] "iteration number: "
[1] 125
[1] "iteration number: "
[1] 126
[1] "iteration number: "
[1] 127
[1] "iteration number: "
[1] 128
[1] "iteration number: "
[1] 129
[1] "iteration number: "
[1] 130
[1] "iteration number: "
[1] 131
[1] "iteration number: "
[1] 132
[1] "iteration number: "
[1] 133
[1] "iteration number: "
[1] 134
[1] "iteration number: "
[1] 135
[1] "iteration number: "
[1] 136
[1] "iteration number: "
[1] 137
[1] "iteration number: "
[1] 138
[1] "iteration number: "
[1] 139
[1] "iteration number: "
[1] 140
[1] "iteration number: "
[1] 141
[1] "iteration number: "
[1] 142
[1] "iteration number: "
[1] 143
[1] "iteration number: "
[1] 144
[1] "iteration number: "
[1] 145
[1] "iteration number: "
[1] 146
[1] "iteration number: "
[1] 147
[1] "iteration number: "
[1] 148
[1] "iteration number: "
[1] 149
[1] "iteration number: "
[1] 150
[1] "iteration number: "
[1] 151
[1] "iteration number: "
[1] 152
[1] "iteration number: "
[1] 153
[1] "iteration number: "
[1] 154
[1] "iteration number: "
[1] 155
[1] "iteration number: "
[1] 156
[1] "iteration number: "
[1] 157
[1] "iteration number: "
[1] 158
[1] "iteration number: "
[1] 159
[1] "iteration number: "
[1] 160
[1] "iteration number: "
[1] 161
[1] "iteration number: "
[1] 162
[1] "iteration number: "
[1] 163
[1] "iteration number: "
[1] 164
[1] "iteration number: "
[1] 165
[1] "iteration number: "
[1] 166
[1] "iteration number: "
[1] 167
[1] "iteration number: "
[1] 168
[1] "iteration number: "
[1] 169
[1] "iteration number: "
[1] 170
[1] "iteration number: "
[1] 171
[1] "iteration number: "
[1] 172
[1] "iteration number: "
[1] 173
[1] "iteration number: "
[1] 174
[1] "iteration number: "
[1] 175
[1] "iteration number: "
[1] 176
[1] "iteration number: "
[1] 177
[1] "iteration number: "
[1] 178
[1] "iteration number: "
[1] 179
[1] "iteration number: "
[1] 180
[1] "iteration number: "
[1] 181
[1] "iteration number: "
[1] 182
[1] "iteration number: "
[1] 183
[1] "iteration number: "
[1] 184
[1] "iteration number: "
[1] 185
[1] "iteration number: "
[1] 186
[1] "iteration number: "
[1] 187
[1] "iteration number: "
[1] 188
[1] "iteration number: "
[1] 189
[1] "iteration number: "
[1] 190
[1] "iteration number: "
[1] 191
[1] "iteration number: "
[1] 192
[1] "iteration number: "
[1] 193
[1] "iteration number: "
[1] 194
[1] "iteration number: "
[1] 195
[1] "iteration number: "
[1] 196
[1] "iteration number: "
[1] 197
[1] "iteration number: "
[1] 198
[1] "iteration number: "
[1] 199
[1] "iteration number: "
[1] 200
[1] "iteration number: "
[1] 201
[1] "iteration number: "
[1] 202
[1] "iteration number: "
[1] 203
[1] "iteration number: "
[1] 204
[1] "iteration number: "
[1] 205
[1] "iteration number: "
[1] 206
[1] "iteration number: "
[1] 207
[1] "iteration number: "
[1] 208
[1] "iteration number: "
[1] 209
[1] "iteration number: "
[1] 210
[1] "iteration number: "
[1] 211
[1] "iteration number: "
[1] 212
[1] "iteration number: "
[1] 213
[1] "iteration number: "
[1] 214
[1] "iteration number: "
[1] 215
[1] "iteration number: "
[1] 216
[1] "iteration number: "
[1] 217
[1] "iteration number: "
[1] 218
[1] "iteration number: "
[1] 219
[1] "iteration number: "
[1] 220
[1] "iteration number: "
[1] 221
[1] "iteration number: "
[1] 222
[1] "iteration number: "
[1] 223
[1] "iteration number: "
[1] 224
[1] "iteration number: "
[1] 225
[1] "iteration number: "
[1] 226
[1] "iteration number: "
[1] 227
[1] "iteration number: "
[1] 228
[1] "iteration number: "
[1] 229
[1] "iteration number: "
[1] 230
[1] "iteration number: "
[1] 231
[1] "iteration number: "
[1] 232
[1] "iteration number: "
[1] 233
[1] "iteration number: "
[1] 234
[1] "iteration number: "
[1] 235
[1] "iteration number: "
[1] 236
[1] "iteration number: "
[1] 237
[1] "iteration number: "
[1] 238
[1] "iteration number: "
[1] 239
[1] "iteration number: "
[1] 240
[1] "iteration number: "
[1] 241
[1] "iteration number: "
[1] 242
[1] "iteration number: "
[1] 243
[1] "iteration number: "
[1] 244
[1] "iteration number: "
[1] 245
[1] "iteration number: "
[1] 246
[1] "iteration number: "
[1] 247
[1] "iteration number: "
[1] 248
[1] "iteration number: "
[1] 249
[1] "iteration number: "
[1] 250
[1] "iteration number: "
[1] 251
[1] "iteration number: "
[1] 252
[1] "iteration number: "
[1] 253
[1] "iteration number: "
[1] 254
[1] "iteration number: "
[1] 255
[1] "iteration number: "
[1] 256
[1] "iteration number: "
[1] 257
[1] "iteration number: "
[1] 258
[1] "iteration number: "
[1] 259
[1] "iteration number: "
[1] 260
[1] "iteration number: "
[1] 261
[1] "iteration number: "
[1] 262
[1] "iteration number: "
[1] 263
[1] "iteration number: "
[1] 264
[1] "iteration number: "
[1] 265
[1] "iteration number: "
[1] 266
[1] "iteration number: "
[1] 267
[1] "iteration number: "
[1] 268
[1] "iteration number: "
[1] 269
[1] "iteration number: "
[1] 270
[1] "iteration number: "
[1] 271
[1] "iteration number: "
[1] 272
[1] "iteration number: "
[1] 273
[1] "iteration number: "
[1] 274
[1] "iteration number: "
[1] 275
[1] "iteration number: "
[1] 276
[1] "iteration number: "
[1] 277
[1] "iteration number: "
[1] 278
[1] "iteration number: "
[1] 279
[1] "iteration number: "
[1] 280
[1] "iteration number: "
[1] 281
[1] "iteration number: "
[1] 282
[1] "iteration number: "
[1] 283
[1] "iteration number: "
[1] 284
[1] "iteration number: "
[1] 285
[1] "iteration number: "
[1] 286
[1] "iteration number: "
[1] 287
[1] "iteration number: "
[1] 288
[1] "iteration number: "
[1] 289
[1] "iteration number: "
[1] 290
[1] "iteration number: "
[1] 291
[1] "iteration number: "
[1] 292
[1] "iteration number: "
[1] 293
[1] "iteration number: "
[1] 294
[1] "iteration number: "
[1] 295
[1] "iteration number: "
[1] 296
[1] "iteration number: "
[1] 297
[1] "iteration number: "
[1] 298
[1] "iteration number: "
[1] 299
[1] "iteration number: "
[1] 300
[1] "iteration number: "
[1] 301
[1] "iteration number: "
[1] 302
[1] "iteration number: "
[1] 303
[1] "iteration number: "
[1] 304
[1] "iteration number: "
[1] 305
[1] "iteration number: "
[1] 306
[1] "iteration number: "
[1] 307
[1] "iteration number: "
[1] 308
[1] "iteration number: "
[1] 309
[1] "iteration number: "
[1] 310
[1] "iteration number: "
[1] 311
[1] "iteration number: "
[1] 312
[1] "iteration number: "
[1] 313
[1] "iteration number: "
[1] 314
[1] "iteration number: "
[1] 315
[1] "iteration number: "
[1] 316
[1] "iteration number: "
[1] 317
[1] "iteration number: "
[1] 318
[1] "iteration number: "
[1] 319
[1] "iteration number: "
[1] 320
[1] "iteration number: "
[1] 321
[1] "iteration number: "
[1] 322
[1] "iteration number: "
[1] 323
[1] "iteration number: "
[1] 324
[1] "iteration number: "
[1] 325
[1] "iteration number: "
[1] 326
[1] "iteration number: "
[1] 327
[1] "iteration number: "
[1] 328
[1] "iteration number: "
[1] 329
[1] "iteration number: "
[1] 330
[1] "iteration number: "
[1] 331
[1] "iteration number: "
[1] 332
[1] "iteration number: "
[1] 333
[1] "iteration number: "
[1] 334
[1] "iteration number: "
[1] 335
[1] "iteration number: "
[1] 336
[1] "iteration number: "
[1] 337
[1] "iteration number: "
[1] 338
[1] "iteration number: "
[1] 339
[1] "iteration number: "
[1] 340
[1] "iteration number: "
[1] 341
[1] "iteration number: "
[1] 342
[1] "iteration number: "
[1] 343
[1] "iteration number: "
[1] 344
[1] "iteration number: "
[1] 345
[1] "iteration number: "
[1] 346
[1] "iteration number: "
[1] 347
[1] "iteration number: "
[1] 348
[1] "iteration number: "
[1] 349
[1] "iteration number: "
[1] 350
[1] "iteration number: "
[1] 351
[1] "iteration number: "
[1] 352
[1] "iteration number: "
[1] 353
[1] "iteration number: "
[1] 354
[1] "iteration number: "
[1] 355
[1] "iteration number: "
[1] 356
[1] "iteration number: "
[1] 357
[1] "iteration number: "
[1] 358
[1] "iteration number: "
[1] 359
[1] "iteration number: "
[1] 360
[1] "iteration number: "
[1] 361
[1] "iteration number: "
[1] 362
[1] "iteration number: "
[1] 363
[1] "iteration number: "
[1] 364
[1] "iteration number: "
[1] 365
[1] "iteration number: "
[1] 366
[1] "iteration number: "
[1] 367
[1] "iteration number: "
[1] 368
[1] "iteration number: "
[1] 369
[1] "iteration number: "
[1] 370
[1] "iteration number: "
[1] 371
[1] "iteration number: "
[1] 372
[1] "iteration number: "
[1] 373
[1] "iteration number: "
[1] 374
[1] "iteration number: "
[1] 375
[1] "iteration number: "
[1] 376
[1] "iteration number: "
[1] 377
[1] "iteration number: "
[1] 378
[1] "iteration number: "
[1] 379
[1] "iteration number: "
[1] 380
[1] "iteration number: "
[1] 381
[1] "iteration number: "
[1] 382
[1] "iteration number: "
[1] 383
[1] "iteration number: "
[1] 384
[1] "iteration number: "
[1] 385
[1] "iteration number: "
[1] 386
[1] "iteration number: "
[1] 387
[1] "iteration number: "
[1] 388
[1] "iteration number: "
[1] 389
[1] "iteration number: "
[1] 390
[1] "iteration number: "
[1] 391
[1] "iteration number: "
[1] 392
[1] "iteration number: "
[1] 393
[1] "iteration number: "
[1] 394
[1] "iteration number: "
[1] 395
[1] "iteration number: "
[1] 396
[1] "iteration number: "
[1] 397
[1] "iteration number: "
[1] 398
[1] "iteration number: "
[1] 399
[1] "iteration number: "
[1] 400
[1] "iteration number: "
[1] 401
[1] "iteration number: "
[1] 402
[1] "iteration number: "
[1] 403
[1] "iteration number: "
[1] 404
[1] "iteration number: "
[1] 405
[1] "iteration number: "
[1] 406
[1] "iteration number: "
[1] 407
[1] "iteration number: "
[1] 408
[1] "iteration number: "
[1] 409
[1] "iteration number: "
[1] 410
[1] "iteration number: "
[1] 411
[1] "iteration number: "
[1] 412
[1] "iteration number: "
[1] 413
[1] "iteration number: "
[1] 414
[1] "iteration number: "
[1] 415
[1] "iteration number: "
[1] 416
[1] "iteration number: "
[1] 417
[1] "iteration number: "
[1] 418
[1] "iteration number: "
[1] 419
[1] "iteration number: "
[1] 420
[1] "iteration number: "
[1] 421
[1] "iteration number: "
[1] 422
[1] "iteration number: "
[1] 423
[1] "iteration number: "
[1] 424
[1] "iteration number: "
[1] 425
[1] "iteration number: "
[1] 426
[1] "iteration number: "
[1] 427
[1] "iteration number: "
[1] 428
[1] "iteration number: "
[1] 429
[1] "iteration number: "
[1] 430
[1] "iteration number: "
[1] 431
[1] "iteration number: "
[1] 432
[1] "iteration number: "
[1] 433
[1] "iteration number: "
[1] 434
[1] "iteration number: "
[1] 435
[1] "iteration number: "
[1] 436
[1] "iteration number: "
[1] 437
[1] "iteration number: "
[1] 438
[1] "iteration number: "
[1] 439
[1] "iteration number: "
[1] 440
[1] "iteration number: "
[1] 441
[1] "iteration number: "
[1] 442
[1] "iteration number: "
[1] 443
[1] "iteration number: "
[1] 444
[1] "iteration number: "
[1] 445
[1] "iteration number: "
[1] 446
[1] "iteration number: "
[1] 447
[1] "iteration number: "
[1] 448
[1] "iteration number: "
[1] 449
[1] "iteration number: "
[1] 450
[1] "iteration number: "
[1] 451
[1] "iteration number: "
[1] 452
[1] "No change for 11 iterations. Exiting PSO."
[1] "##################################"
[1] "Results summary for itr:4"
[1] "number of features selected using population mean"
[1] 11
[1] "number of features selected using current global best"
[1] 11
[1] "feat ind length"
[1] 11
[1] "best accuracy"
[1] 66.84876
[1] "test acc:0.944444444444444"
[1] "##################################"
[1] "learning sets: 5"
 [1] 27 30  5 14 28  3 26 23  9 20 13 29 24  8 25  4 22  7 17 19 10 16 18  1 38
[26] 60 40 32 37 42 41 36 57 48 34 56 55 53 31 33 47 45 39 46 59 43 44 52 87 78
[51] 85 62 66 90 63 65 64 67 89 68 80 74 82 72 77 79 61 73 71 70 83 88
[1] "Starting global iteration number : 5"
[1] "iteration number: "
[1] 1
[1] "iteration number: "
[1] 2
[1] "iteration number: "
[1] 3
[1] "iteration number: "
[1] 4
[1] "iteration number: "
[1] 5
[1] "iteration number: "
[1] 6
[1] "iteration number: "
[1] 7
[1] "iteration number: "
[1] 8
[1] "iteration number: "
[1] 9
[1] "iteration number: "
[1] 10
[1] "iteration number: "
[1] 11
[1] "iteration number: "
[1] 12
[1] "iteration number: "
[1] 13
[1] "iteration number: "
[1] 14
[1] "iteration number: "
[1] 15
[1] "iteration number: "
[1] 16
[1] "iteration number: "
[1] 17
[1] "iteration number: "
[1] 18
[1] "iteration number: "
[1] 19
[1] "iteration number: "
[1] 20
[1] "iteration number: "
[1] 21
[1] "iteration number: "
[1] 22
[1] "iteration number: "
[1] 23
[1] "iteration number: "
[1] 24
[1] "iteration number: "
[1] 25
[1] "iteration number: "
[1] 26
[1] "iteration number: "
[1] 27
[1] "iteration number: "
[1] 28
[1] "iteration number: "
[1] 29
[1] "iteration number: "
[1] 30
[1] "iteration number: "
[1] 31
[1] "iteration number: "
[1] 32
[1] "iteration number: "
[1] 33
[1] "iteration number: "
[1] 34
[1] "iteration number: "
[1] 35
[1] "iteration number: "
[1] 36
[1] "iteration number: "
[1] 37
[1] "iteration number: "
[1] 38
[1] "iteration number: "
[1] 39
[1] "iteration number: "
[1] 40
[1] "iteration number: "
[1] 41
[1] "iteration number: "
[1] 42
[1] "iteration number: "
[1] 43
[1] "iteration number: "
[1] 44
[1] "iteration number: "
[1] 45
[1] "iteration number: "
[1] 46
[1] "iteration number: "
[1] 47
[1] "iteration number: "
[1] 48
[1] "iteration number: "
[1] 49
[1] "iteration number: "
[1] 50
[1] "iteration number: "
[1] 51
[1] "iteration number: "
[1] 52
[1] "iteration number: "
[1] 53
[1] "iteration number: "
[1] 54
[1] "iteration number: "
[1] 55
[1] "iteration number: "
[1] 56
[1] "iteration number: "
[1] 57
[1] "iteration number: "
[1] 58
[1] "iteration number: "
[1] 59
[1] "iteration number: "
[1] 60
[1] "iteration number: "
[1] 61
[1] "iteration number: "
[1] 62
[1] "iteration number: "
[1] 63
[1] "iteration number: "
[1] 64
[1] "iteration number: "
[1] 65
[1] "iteration number: "
[1] 66
[1] "iteration number: "
[1] 67
[1] "iteration number: "
[1] 68
[1] "iteration number: "
[1] 69
[1] "iteration number: "
[1] 70
[1] "iteration number: "
[1] 71
[1] "iteration number: "
[1] 72
[1] "iteration number: "
[1] 73
[1] "iteration number: "
[1] 74
[1] "iteration number: "
[1] 75
[1] "iteration number: "
[1] 76
[1] "iteration number: "
[1] 77
[1] "iteration number: "
[1] 78
[1] "iteration number: "
[1] 79
[1] "iteration number: "
[1] 80
[1] "iteration number: "
[1] 81
[1] "iteration number: "
[1] 82
[1] "iteration number: "
[1] 83
[1] "iteration number: "
[1] 84
[1] "iteration number: "
[1] 85
[1] "iteration number: "
[1] 86
[1] "iteration number: "
[1] 87
[1] "iteration number: "
[1] 88
[1] "iteration number: "
[1] 89
[1] "iteration number: "
[1] 90
[1] "iteration number: "
[1] 91
[1] "iteration number: "
[1] 92
[1] "iteration number: "
[1] 93
[1] "iteration number: "
[1] 94
[1] "iteration number: "
[1] 95
[1] "iteration number: "
[1] 96
[1] "iteration number: "
[1] 97
[1] "iteration number: "
[1] 98
[1] "iteration number: "
[1] 99
[1] "iteration number: "
[1] 100
[1] "iteration number: "
[1] 101
[1] "iteration number: "
[1] 102
[1] "iteration number: "
[1] 103
[1] "iteration number: "
[1] 104
[1] "iteration number: "
[1] 105
[1] "iteration number: "
[1] 106
[1] "iteration number: "
[1] 107
[1] "iteration number: "
[1] 108
[1] "iteration number: "
[1] 109
[1] "iteration number: "
[1] 110
[1] "iteration number: "
[1] 111
[1] "iteration number: "
[1] 112
[1] "iteration number: "
[1] 113
[1] "iteration number: "
[1] 114
[1] "iteration number: "
[1] 115
[1] "iteration number: "
[1] 116
[1] "iteration number: "
[1] 117
[1] "iteration number: "
[1] 118
[1] "iteration number: "
[1] 119
[1] "iteration number: "
[1] 120
[1] "iteration number: "
[1] 121
[1] "iteration number: "
[1] 122
[1] "iteration number: "
[1] 123
[1] "iteration number: "
[1] 124
[1] "iteration number: "
[1] 125
[1] "iteration number: "
[1] 126
[1] "iteration number: "
[1] 127
[1] "iteration number: "
[1] 128
[1] "iteration number: "
[1] 129
[1] "iteration number: "
[1] 130
[1] "iteration number: "
[1] 131
[1] "iteration number: "
[1] 132
[1] "iteration number: "
[1] 133
[1] "iteration number: "
[1] 134
[1] "iteration number: "
[1] 135
[1] "iteration number: "
[1] 136
[1] "iteration number: "
[1] 137
[1] "iteration number: "
[1] 138
[1] "iteration number: "
[1] 139
[1] "iteration number: "
[1] 140
[1] "iteration number: "
[1] 141
[1] "iteration number: "
[1] 142
[1] "iteration number: "
[1] 143
[1] "iteration number: "
[1] 144
[1] "iteration number: "
[1] 145
[1] "iteration number: "
[1] 146
[1] "iteration number: "
[1] 147
[1] "iteration number: "
[1] 148
[1] "iteration number: "
[1] 149
[1] "iteration number: "
[1] 150
[1] "iteration number: "
[1] 151
[1] "iteration number: "
[1] 152
[1] "iteration number: "
[1] 153
[1] "iteration number: "
[1] 154
[1] "iteration number: "
[1] 155
[1] "iteration number: "
[1] 156
[1] "iteration number: "
[1] 157
[1] "iteration number: "
[1] 158
[1] "iteration number: "
[1] 159
[1] "iteration number: "
[1] 160
[1] "iteration number: "
[1] 161
[1] "iteration number: "
[1] 162
[1] "iteration number: "
[1] 163
[1] "iteration number: "
[1] 164
[1] "iteration number: "
[1] 165
[1] "iteration number: "
[1] 166
[1] "iteration number: "
[1] 167
[1] "iteration number: "
[1] 168
[1] "iteration number: "
[1] 169
[1] "iteration number: "
[1] 170
[1] "iteration number: "
[1] 171
[1] "iteration number: "
[1] 172
[1] "iteration number: "
[1] 173
[1] "iteration number: "
[1] 174
[1] "iteration number: "
[1] 175
[1] "iteration number: "
[1] 176
[1] "iteration number: "
[1] 177
[1] "iteration number: "
[1] 178
[1] "iteration number: "
[1] 179
[1] "iteration number: "
[1] 180
[1] "iteration number: "
[1] 181
[1] "iteration number: "
[1] 182
[1] "iteration number: "
[1] 183
[1] "iteration number: "
[1] 184
[1] "iteration number: "
[1] 185
[1] "iteration number: "
[1] 186
[1] "iteration number: "
[1] 187
[1] "iteration number: "
[1] 188
[1] "iteration number: "
[1] 189
[1] "iteration number: "
[1] 190
[1] "iteration number: "
[1] 191
[1] "iteration number: "
[1] 192
[1] "iteration number: "
[1] 193
[1] "iteration number: "
[1] 194
[1] "iteration number: "
[1] 195
[1] "iteration number: "
[1] 196
[1] "iteration number: "
[1] 197
[1] "iteration number: "
[1] 198
[1] "iteration number: "
[1] 199
[1] "iteration number: "
[1] 200
[1] "iteration number: "
[1] 201
[1] "iteration number: "
[1] 202
[1] "iteration number: "
[1] 203
[1] "iteration number: "
[1] 204
[1] "iteration number: "
[1] 205
[1] "iteration number: "
[1] 206
[1] "iteration number: "
[1] 207
[1] "iteration number: "
[1] 208
[1] "iteration number: "
[1] 209
[1] "iteration number: "
[1] 210
[1] "iteration number: "
[1] 211
[1] "iteration number: "
[1] 212
[1] "iteration number: "
[1] 213
[1] "iteration number: "
[1] 214
[1] "iteration number: "
[1] 215
[1] "iteration number: "
[1] 216
[1] "iteration number: "
[1] 217
[1] "iteration number: "
[1] 218
[1] "iteration number: "
[1] 219
[1] "iteration number: "
[1] 220
[1] "iteration number: "
[1] 221
[1] "iteration number: "
[1] 222
[1] "iteration number: "
[1] 223
[1] "iteration number: "
[1] 224
[1] "iteration number: "
[1] 225
[1] "iteration number: "
[1] 226
[1] "iteration number: "
[1] 227
[1] "iteration number: "
[1] 228
[1] "iteration number: "
[1] 229
[1] "iteration number: "
[1] 230
[1] "iteration number: "
[1] 231
[1] "iteration number: "
[1] 232
[1] "iteration number: "
[1] 233
[1] "iteration number: "
[1] 234
[1] "iteration number: "
[1] 235
[1] "iteration number: "
[1] 236
[1] "iteration number: "
[1] 237
[1] "iteration number: "
[1] 238
[1] "iteration number: "
[1] 239
[1] "iteration number: "
[1] 240
[1] "iteration number: "
[1] 241
[1] "iteration number: "
[1] 242
[1] "iteration number: "
[1] 243
[1] "iteration number: "
[1] 244
[1] "iteration number: "
[1] 245
[1] "iteration number: "
[1] 246
[1] "iteration number: "
[1] 247
[1] "iteration number: "
[1] 248
[1] "iteration number: "
[1] 249
[1] "iteration number: "
[1] 250
[1] "iteration number: "
[1] 251
[1] "iteration number: "
[1] 252
[1] "iteration number: "
[1] 253
[1] "iteration number: "
[1] 254
[1] "iteration number: "
[1] 255
[1] "iteration number: "
[1] 256
[1] "iteration number: "
[1] 257
[1] "iteration number: "
[1] 258
[1] "iteration number: "
[1] 259
[1] "iteration number: "
[1] 260
[1] "iteration number: "
[1] 261
[1] "iteration number: "
[1] 262
[1] "iteration number: "
[1] 263
[1] "iteration number: "
[1] 264
[1] "iteration number: "
[1] 265
[1] "iteration number: "
[1] 266
[1] "iteration number: "
[1] 267
[1] "iteration number: "
[1] 268
[1] "iteration number: "
[1] 269
[1] "iteration number: "
[1] 270
[1] "iteration number: "
[1] 271
[1] "iteration number: "
[1] 272
[1] "iteration number: "
[1] 273
[1] "iteration number: "
[1] 274
[1] "iteration number: "
[1] 275
[1] "iteration number: "
[1] 276
[1] "iteration number: "
[1] 277
[1] "iteration number: "
[1] 278
[1] "iteration number: "
[1] 279
[1] "iteration number: "
[1] 280
[1] "iteration number: "
[1] 281
[1] "iteration number: "
[1] 282
[1] "iteration number: "
[1] 283
[1] "iteration number: "
[1] 284
[1] "iteration number: "
[1] 285
[1] "iteration number: "
[1] 286
[1] "iteration number: "
[1] 287
[1] "iteration number: "
[1] 288
[1] "iteration number: "
[1] 289
[1] "iteration number: "
[1] 290
[1] "iteration number: "
[1] 291
[1] "iteration number: "
[1] 292
[1] "iteration number: "
[1] 293
[1] "iteration number: "
[1] 294
[1] "iteration number: "
[1] 295
[1] "iteration number: "
[1] 296
[1] "iteration number: "
[1] 297
[1] "iteration number: "
[1] 298
[1] "iteration number: "
[1] 299
[1] "iteration number: "
[1] 300
[1] "iteration number: "
[1] 301
[1] "iteration number: "
[1] 302
[1] "iteration number: "
[1] 303
[1] "iteration number: "
[1] 304
[1] "iteration number: "
[1] 305
[1] "iteration number: "
[1] 306
[1] "iteration number: "
[1] 307
[1] "iteration number: "
[1] 308
[1] "iteration number: "
[1] 309
[1] "iteration number: "
[1] 310
[1] "iteration number: "
[1] 311
[1] "iteration number: "
[1] 312
[1] "iteration number: "
[1] 313
[1] "iteration number: "
[1] 314
[1] "iteration number: "
[1] 315
[1] "iteration number: "
[1] 316
[1] "iteration number: "
[1] 317
[1] "iteration number: "
[1] 318
[1] "iteration number: "
[1] 319
[1] "iteration number: "
[1] 320
[1] "iteration number: "
[1] 321
[1] "iteration number: "
[1] 322
[1] "iteration number: "
[1] 323
[1] "iteration number: "
[1] 324
[1] "iteration number: "
[1] 325
[1] "iteration number: "
[1] 326
[1] "iteration number: "
[1] 327
[1] "iteration number: "
[1] 328
[1] "iteration number: "
[1] 329
[1] "iteration number: "
[1] 330
[1] "iteration number: "
[1] 331
[1] "iteration number: "
[1] 332
[1] "iteration number: "
[1] 333
[1] "iteration number: "
[1] 334
[1] "iteration number: "
[1] 335
[1] "iteration number: "
[1] 336
[1] "iteration number: "
[1] 337
[1] "iteration number: "
[1] 338
[1] "iteration number: "
[1] 339
[1] "iteration number: "
[1] 340
[1] "iteration number: "
[1] 341
[1] "iteration number: "
[1] 342
[1] "iteration number: "
[1] 343
[1] "iteration number: "
[1] 344
[1] "iteration number: "
[1] 345
[1] "iteration number: "
[1] 346
[1] "iteration number: "
[1] 347
[1] "iteration number: "
[1] 348
[1] "iteration number: "
[1] 349
[1] "iteration number: "
[1] 350
[1] "iteration number: "
[1] 351
[1] "iteration number: "
[1] 352
[1] "iteration number: "
[1] 353
[1] "iteration number: "
[1] 354
[1] "iteration number: "
[1] 355
[1] "iteration number: "
[1] 356
[1] "iteration number: "
[1] 357
[1] "iteration number: "
[1] 358
[1] "iteration number: "
[1] 359
[1] "iteration number: "
[1] 360
[1] "iteration number: "
[1] 361
[1] "iteration number: "
[1] 362
[1] "iteration number: "
[1] 363
[1] "iteration number: "
[1] 364
[1] "iteration number: "
[1] 365
[1] "iteration number: "
[1] 366
[1] "iteration number: "
[1] 367
[1] "iteration number: "
[1] 368
[1] "iteration number: "
[1] 369
[1] "iteration number: "
[1] 370
[1] "iteration number: "
[1] 371
[1] "iteration number: "
[1] 372
[1] "iteration number: "
[1] 373
[1] "iteration number: "
[1] 374
[1] "iteration number: "
[1] 375
[1] "iteration number: "
[1] 376
[1] "iteration number: "
[1] 377
[1] "iteration number: "
[1] 378
[1] "iteration number: "
[1] 379
[1] "iteration number: "
[1] 380
[1] "iteration number: "
[1] 381
[1] "iteration number: "
[1] 382
[1] "iteration number: "
[1] 383
[1] "iteration number: "
[1] 384
[1] "iteration number: "
[1] 385
[1] "iteration number: "
[1] 386
[1] "iteration number: "
[1] 387
[1] "iteration number: "
[1] 388
[1] "iteration number: "
[1] 389
[1] "iteration number: "
[1] 390
[1] "iteration number: "
[1] 391
[1] "iteration number: "
[1] 392
[1] "iteration number: "
[1] 393
[1] "iteration number: "
[1] 394
[1] "iteration number: "
[1] 395
[1] "iteration number: "
[1] 396
[1] "iteration number: "
[1] 397
[1] "iteration number: "
[1] 398
[1] "iteration number: "
[1] 399
[1] "iteration number: "
[1] 400
[1] "iteration number: "
[1] 401
[1] "iteration number: "
[1] 402
[1] "iteration number: "
[1] 403
[1] "iteration number: "
[1] 404
[1] "iteration number: "
[1] 405
[1] "iteration number: "
[1] 406
[1] "No change for 11 iterations. Exiting PSO."
[1] "##################################"
[1] "Results summary for itr:5"
[1] "number of features selected using population mean"
[1] 7
[1] "number of features selected using current global best"
[1] 7
[1] "feat ind length"
[1] 7
[1] "best accuracy"
[1] 66.13518
[1] "test acc:0.944444444444444"
[1] "##################################"
[1] "learning sets: 6"
 [1] 28  4 15 18 24 30 29 12 20 11  1  5  7 23 27 14 21  2 13  3 17 10 25 26 54
[26] 32 60 40 56 48 35 34 31 51 41 58 36 50 49 37 46 53 55 38 33 59 57 45 66 79
[51] 61 77 62 84 85 63 67 87 65 69 73 80 78 90 71 89 76 82 68 86 74 72
[1] "Starting global iteration number : 6"
[1] "iteration number: "
[1] 1
[1] "iteration number: "
[1] 2
[1] "iteration number: "
[1] 3
[1] "iteration number: "
[1] 4
[1] "iteration number: "
[1] 5
[1] "iteration number: "
[1] 6
[1] "iteration number: "
[1] 7
[1] "iteration number: "
[1] 8
[1] "iteration number: "
[1] 9
[1] "iteration number: "
[1] 10
[1] "iteration number: "
[1] 11
[1] "iteration number: "
[1] 12
[1] "iteration number: "
[1] 13
[1] "iteration number: "
[1] 14
[1] "iteration number: "
[1] 15
[1] "iteration number: "
[1] 16
[1] "iteration number: "
[1] 17
[1] "iteration number: "
[1] 18
[1] "iteration number: "
[1] 19
[1] "iteration number: "
[1] 20
[1] "iteration number: "
[1] 21
[1] "iteration number: "
[1] 22
[1] "iteration number: "
[1] 23
[1] "iteration number: "
[1] 24
[1] "iteration number: "
[1] 25
[1] "iteration number: "
[1] 26
[1] "iteration number: "
[1] 27
[1] "iteration number: "
[1] 28
[1] "iteration number: "
[1] 29
[1] "iteration number: "
[1] 30
[1] "iteration number: "
[1] 31
[1] "iteration number: "
[1] 32
[1] "iteration number: "
[1] 33
[1] "iteration number: "
[1] 34
[1] "iteration number: "
[1] 35
[1] "iteration number: "
[1] 36
[1] "iteration number: "
[1] 37
[1] "iteration number: "
[1] 38
[1] "iteration number: "
[1] 39
[1] "iteration number: "
[1] 40
[1] "iteration number: "
[1] 41
[1] "iteration number: "
[1] 42
[1] "iteration number: "
[1] 43
[1] "iteration number: "
[1] 44
[1] "iteration number: "
[1] 45
[1] "iteration number: "
[1] 46
[1] "iteration number: "
[1] 47
[1] "iteration number: "
[1] 48
[1] "iteration number: "
[1] 49
[1] "iteration number: "
[1] 50
[1] "iteration number: "
[1] 51
[1] "iteration number: "
[1] 52
[1] "iteration number: "
[1] 53
[1] "iteration number: "
[1] 54
[1] "iteration number: "
[1] 55
[1] "iteration number: "
[1] 56
[1] "iteration number: "
[1] 57
[1] "iteration number: "
[1] 58
[1] "iteration number: "
[1] 59
[1] "iteration number: "
[1] 60
[1] "iteration number: "
[1] 61
[1] "iteration number: "
[1] 62
[1] "iteration number: "
[1] 63
[1] "iteration number: "
[1] 64
[1] "iteration number: "
[1] 65
[1] "iteration number: "
[1] 66
[1] "iteration number: "
[1] 67
[1] "iteration number: "
[1] 68
[1] "iteration number: "
[1] 69
[1] "iteration number: "
[1] 70
[1] "iteration number: "
[1] 71
[1] "iteration number: "
[1] 72
[1] "iteration number: "
[1] 73
[1] "iteration number: "
[1] 74
[1] "iteration number: "
[1] 75
[1] "iteration number: "
[1] 76
[1] "iteration number: "
[1] 77
[1] "iteration number: "
[1] 78
[1] "iteration number: "
[1] 79
[1] "iteration number: "
[1] 80
[1] "iteration number: "
[1] 81
[1] "iteration number: "
[1] 82
[1] "iteration number: "
[1] 83
[1] "iteration number: "
[1] 84
[1] "iteration number: "
[1] 85
[1] "iteration number: "
[1] 86
[1] "iteration number: "
[1] 87
[1] "iteration number: "
[1] 88
[1] "iteration number: "
[1] 89
[1] "iteration number: "
[1] 90
[1] "iteration number: "
[1] 91
[1] "iteration number: "
[1] 92
[1] "iteration number: "
[1] 93
[1] "iteration number: "
[1] 94
[1] "iteration number: "
[1] 95
[1] "iteration number: "
[1] 96
[1] "iteration number: "
[1] 97
[1] "iteration number: "
[1] 98
[1] "iteration number: "
[1] 99
[1] "iteration number: "
[1] 100
[1] "iteration number: "
[1] 101
[1] "iteration number: "
[1] 102
[1] "iteration number: "
[1] 103
[1] "iteration number: "
[1] 104
[1] "iteration number: "
[1] 105
[1] "iteration number: "
[1] 106
[1] "iteration number: "
[1] 107
[1] "iteration number: "
[1] 108
[1] "iteration number: "
[1] 109
[1] "iteration number: "
[1] 110
[1] "iteration number: "
[1] 111
[1] "iteration number: "
[1] 112
[1] "iteration number: "
[1] 113
[1] "iteration number: "
[1] 114
[1] "iteration number: "
[1] 115
[1] "iteration number: "
[1] 116
[1] "iteration number: "
[1] 117
[1] "iteration number: "
[1] 118
[1] "iteration number: "
[1] 119
[1] "iteration number: "
[1] 120
[1] "iteration number: "
[1] 121
[1] "iteration number: "
[1] 122
[1] "iteration number: "
[1] 123
[1] "iteration number: "
[1] 124
[1] "iteration number: "
[1] 125
[1] "iteration number: "
[1] 126
[1] "iteration number: "
[1] 127
[1] "iteration number: "
[1] 128
[1] "iteration number: "
[1] 129
[1] "iteration number: "
[1] 130
[1] "iteration number: "
[1] 131
[1] "iteration number: "
[1] 132
[1] "iteration number: "
[1] 133
[1] "iteration number: "
[1] 134
[1] "iteration number: "
[1] 135
[1] "iteration number: "
[1] 136
[1] "iteration number: "
[1] 137
[1] "iteration number: "
[1] 138
[1] "iteration number: "
[1] 139
[1] "iteration number: "
[1] 140
[1] "iteration number: "
[1] 141
[1] "iteration number: "
[1] 142
[1] "iteration number: "
[1] 143
[1] "iteration number: "
[1] 144
[1] "iteration number: "
[1] 145
[1] "iteration number: "
[1] 146
[1] "iteration number: "
[1] 147
[1] "iteration number: "
[1] 148
[1] "iteration number: "
[1] 149
[1] "iteration number: "
[1] 150
[1] "iteration number: "
[1] 151
[1] "iteration number: "
[1] 152
[1] "iteration number: "
[1] 153
[1] "iteration number: "
[1] 154
[1] "iteration number: "
[1] 155
[1] "iteration number: "
[1] 156
[1] "iteration number: "
[1] 157
[1] "iteration number: "
[1] 158
[1] "iteration number: "
[1] 159
[1] "iteration number: "
[1] 160
[1] "iteration number: "
[1] 161
[1] "iteration number: "
[1] 162
[1] "iteration number: "
[1] 163
[1] "iteration number: "
[1] 164
[1] "iteration number: "
[1] 165
[1] "iteration number: "
[1] 166
[1] "iteration number: "
[1] 167
[1] "iteration number: "
[1] 168
[1] "iteration number: "
[1] 169
[1] "iteration number: "
[1] 170
[1] "iteration number: "
[1] 171
[1] "iteration number: "
[1] 172
[1] "iteration number: "
[1] 173
[1] "iteration number: "
[1] 174
[1] "iteration number: "
[1] 175
[1] "iteration number: "
[1] 176
[1] "iteration number: "
[1] 177
[1] "iteration number: "
[1] 178
[1] "iteration number: "
[1] 179
[1] "iteration number: "
[1] 180
[1] "iteration number: "
[1] 181
[1] "iteration number: "
[1] 182
[1] "iteration number: "
[1] 183
[1] "iteration number: "
[1] 184
[1] "iteration number: "
[1] 185
[1] "iteration number: "
[1] 186
[1] "iteration number: "
[1] 187
[1] "iteration number: "
[1] 188
[1] "iteration number: "
[1] 189
[1] "iteration number: "
[1] 190
[1] "iteration number: "
[1] 191
[1] "iteration number: "
[1] 192
[1] "iteration number: "
[1] 193
[1] "iteration number: "
[1] 194
[1] "iteration number: "
[1] 195
[1] "iteration number: "
[1] 196
[1] "iteration number: "
[1] 197
[1] "iteration number: "
[1] 198
[1] "iteration number: "
[1] 199
[1] "iteration number: "
[1] 200
[1] "iteration number: "
[1] 201
[1] "iteration number: "
[1] 202
[1] "iteration number: "
[1] 203
[1] "iteration number: "
[1] 204
[1] "iteration number: "
[1] 205
[1] "iteration number: "
[1] 206
[1] "iteration number: "
[1] 207
[1] "iteration number: "
[1] 208
[1] "iteration number: "
[1] 209
[1] "iteration number: "
[1] 210
[1] "iteration number: "
[1] 211
[1] "iteration number: "
[1] 212
[1] "iteration number: "
[1] 213
[1] "iteration number: "
[1] 214
[1] "iteration number: "
[1] 215
[1] "iteration number: "
[1] 216
[1] "iteration number: "
[1] 217
[1] "iteration number: "
[1] 218
[1] "iteration number: "
[1] 219
[1] "iteration number: "
[1] 220
[1] "iteration number: "
[1] 221
[1] "iteration number: "
[1] 222
[1] "iteration number: "
[1] 223
[1] "iteration number: "
[1] 224
[1] "iteration number: "
[1] 225
[1] "iteration number: "
[1] 226
[1] "iteration number: "
[1] 227
[1] "iteration number: "
[1] 228
[1] "iteration number: "
[1] 229
[1] "iteration number: "
[1] 230
[1] "iteration number: "
[1] 231
[1] "iteration number: "
[1] 232
[1] "iteration number: "
[1] 233
[1] "iteration number: "
[1] 234
[1] "iteration number: "
[1] 235
[1] "No change for 11 iterations. Exiting PSO."
[1] "##################################"
[1] "Results summary for itr:6"
[1] "number of features selected using population mean"
[1] 20
[1] "number of features selected using current global best"
[1] 20
[1] "feat ind length"
[1] 20
[1] "best accuracy"
[1] 64.42314
[1] "test acc:0.944444444444444"
[1] "##################################"
[1] "learning sets: 7"
 [1] 14 24 19  8 18  4 11 16 23 12 28 25 13 21  9  3 20 29 27 26  6  7 15  2 34
[26] 39 47 54 46 41 44 37 60 52 45 36 57 49 32 43 56 40 42 33 38 59 35 31 70 62
[51] 76 66 68 88 73 65 63 83 86 72 77 78 85 64 69 67 61 71 84 87 79 90
[1] "Starting global iteration number : 7"
[1] "iteration number: "
[1] 1
[1] "iteration number: "
[1] 2
[1] "iteration number: "
[1] 3
[1] "iteration number: "
[1] 4
[1] "iteration number: "
[1] 5
[1] "iteration number: "
[1] 6
[1] "iteration number: "
[1] 7
[1] "iteration number: "
[1] 8
[1] "iteration number: "
[1] 9
[1] "iteration number: "
[1] 10
[1] "iteration number: "
[1] 11
[1] "iteration number: "
[1] 12
[1] "iteration number: "
[1] 13
[1] "iteration number: "
[1] 14
[1] "iteration number: "
[1] 15
[1] "iteration number: "
[1] 16
[1] "iteration number: "
[1] 17
[1] "iteration number: "
[1] 18
[1] "iteration number: "
[1] 19
[1] "iteration number: "
[1] 20
[1] "iteration number: "
[1] 21
[1] "iteration number: "
[1] 22
[1] "iteration number: "
[1] 23
[1] "iteration number: "
[1] 24
[1] "iteration number: "
[1] 25
[1] "iteration number: "
[1] 26
[1] "iteration number: "
[1] 27
[1] "iteration number: "
[1] 28
[1] "iteration number: "
[1] 29
[1] "iteration number: "
[1] 30
[1] "iteration number: "
[1] 31
[1] "iteration number: "
[1] 32
[1] "iteration number: "
[1] 33
[1] "iteration number: "
[1] 34
[1] "iteration number: "
[1] 35
[1] "iteration number: "
[1] 36
[1] "iteration number: "
[1] 37
[1] "iteration number: "
[1] 38
[1] "iteration number: "
[1] 39
[1] "iteration number: "
[1] 40
[1] "iteration number: "
[1] 41
[1] "iteration number: "
[1] 42
[1] "iteration number: "
[1] 43
[1] "iteration number: "
[1] 44
[1] "iteration number: "
[1] 45
[1] "iteration number: "
[1] 46
[1] "iteration number: "
[1] 47
[1] "iteration number: "
[1] 48
[1] "iteration number: "
[1] 49
[1] "iteration number: "
[1] 50
[1] "iteration number: "
[1] 51
[1] "iteration number: "
[1] 52
[1] "iteration number: "
[1] 53
[1] "iteration number: "
[1] 54
[1] "iteration number: "
[1] 55
[1] "iteration number: "
[1] 56
[1] "iteration number: "
[1] 57
[1] "iteration number: "
[1] 58
[1] "iteration number: "
[1] 59
[1] "iteration number: "
[1] 60
[1] "iteration number: "
[1] 61
[1] "iteration number: "
[1] 62
[1] "iteration number: "
[1] 63
[1] "iteration number: "
[1] 64
[1] "iteration number: "
[1] 65
[1] "iteration number: "
[1] 66
[1] "iteration number: "
[1] 67
[1] "iteration number: "
[1] 68
[1] "iteration number: "
[1] 69
[1] "iteration number: "
[1] 70
[1] "iteration number: "
[1] 71
[1] "iteration number: "
[1] 72
[1] "iteration number: "
[1] 73
[1] "iteration number: "
[1] 74
[1] "iteration number: "
[1] 75
[1] "iteration number: "
[1] 76
[1] "iteration number: "
[1] 77
[1] "iteration number: "
[1] 78
[1] "iteration number: "
[1] 79
[1] "iteration number: "
[1] 80
[1] "iteration number: "
[1] 81
[1] "iteration number: "
[1] 82
[1] "iteration number: "
[1] 83
[1] "iteration number: "
[1] 84
[1] "iteration number: "
[1] 85
[1] "iteration number: "
[1] 86
[1] "iteration number: "
[1] 87
[1] "iteration number: "
[1] 88
[1] "iteration number: "
[1] 89
[1] "iteration number: "
[1] 90
[1] "iteration number: "
[1] 91
[1] "iteration number: "
[1] 92
[1] "iteration number: "
[1] 93
[1] "iteration number: "
[1] 94
[1] "iteration number: "
[1] 95
[1] "iteration number: "
[1] 96
[1] "iteration number: "
[1] 97
[1] "iteration number: "
[1] 98
[1] "iteration number: "
[1] 99
[1] "iteration number: "
[1] 100
[1] "iteration number: "
[1] 101
[1] "iteration number: "
[1] 102
[1] "iteration number: "
[1] 103
[1] "iteration number: "
[1] 104
[1] "iteration number: "
[1] 105
[1] "iteration number: "
[1] 106
[1] "iteration number: "
[1] 107
[1] "iteration number: "
[1] 108
[1] "iteration number: "
[1] 109
[1] "iteration number: "
[1] 110
[1] "iteration number: "
[1] 111
[1] "iteration number: "
[1] 112
[1] "iteration number: "
[1] 113
[1] "iteration number: "
[1] 114
[1] "iteration number: "
[1] 115
[1] "iteration number: "
[1] 116
[1] "iteration number: "
[1] 117
[1] "iteration number: "
[1] 118
[1] "iteration number: "
[1] 119
[1] "iteration number: "
[1] 120
[1] "iteration number: "
[1] 121
[1] "iteration number: "
[1] 122
[1] "iteration number: "
[1] 123
[1] "iteration number: "
[1] 124
[1] "iteration number: "
[1] 125
[1] "iteration number: "
[1] 126
[1] "iteration number: "
[1] 127
[1] "iteration number: "
[1] 128
[1] "iteration number: "
[1] 129
[1] "iteration number: "
[1] 130
[1] "iteration number: "
[1] 131
[1] "iteration number: "
[1] 132
[1] "iteration number: "
[1] 133
[1] "iteration number: "
[1] 134
[1] "iteration number: "
[1] 135
[1] "iteration number: "
[1] 136
[1] "iteration number: "
[1] 137
[1] "iteration number: "
[1] 138
[1] "iteration number: "
[1] 139
[1] "iteration number: "
[1] 140
[1] "iteration number: "
[1] 141
[1] "iteration number: "
[1] 142
[1] "iteration number: "
[1] 143
[1] "iteration number: "
[1] 144
[1] "iteration number: "
[1] 145
[1] "iteration number: "
[1] 146
[1] "iteration number: "
[1] 147
[1] "iteration number: "
[1] 148
[1] "iteration number: "
[1] 149
[1] "iteration number: "
[1] 150
[1] "iteration number: "
[1] 151
[1] "iteration number: "
[1] 152
[1] "iteration number: "
[1] 153
[1] "iteration number: "
[1] 154
[1] "iteration number: "
[1] 155
[1] "iteration number: "
[1] 156
[1] "iteration number: "
[1] 157
[1] "iteration number: "
[1] 158
[1] "iteration number: "
[1] 159
[1] "iteration number: "
[1] 160
[1] "iteration number: "
[1] 161
[1] "iteration number: "
[1] 162
[1] "iteration number: "
[1] 163
[1] "iteration number: "
[1] 164
[1] "iteration number: "
[1] 165
[1] "iteration number: "
[1] 166
[1] "iteration number: "
[1] 167
[1] "iteration number: "
[1] 168
[1] "iteration number: "
[1] 169
[1] "iteration number: "
[1] 170
[1] "iteration number: "
[1] 171
[1] "iteration number: "
[1] 172
[1] "iteration number: "
[1] 173
[1] "iteration number: "
[1] 174
[1] "iteration number: "
[1] 175
[1] "iteration number: "
[1] 176
[1] "iteration number: "
[1] 177
[1] "iteration number: "
[1] 178
[1] "iteration number: "
[1] 179
[1] "iteration number: "
[1] 180
[1] "iteration number: "
[1] 181
[1] "iteration number: "
[1] 182
[1] "iteration number: "
[1] 183
[1] "iteration number: "
[1] 184
[1] "iteration number: "
[1] 185
[1] "iteration number: "
[1] 186
[1] "iteration number: "
[1] 187
[1] "iteration number: "
[1] 188
[1] "iteration number: "
[1] 189
[1] "iteration number: "
[1] 190
[1] "iteration number: "
[1] 191
[1] "iteration number: "
[1] 192
[1] "iteration number: "
[1] 193
[1] "iteration number: "
[1] 194
[1] "iteration number: "
[1] 195
[1] "iteration number: "
[1] 196
[1] "iteration number: "
[1] 197
[1] "iteration number: "
[1] 198
[1] "iteration number: "
[1] 199
[1] "iteration number: "
[1] 200
[1] "iteration number: "
[1] 201
[1] "iteration number: "
[1] 202
[1] "iteration number: "
[1] 203
[1] "iteration number: "
[1] 204
[1] "iteration number: "
[1] 205
[1] "iteration number: "
[1] 206
[1] "iteration number: "
[1] 207
[1] "iteration number: "
[1] 208
[1] "iteration number: "
[1] 209
[1] "iteration number: "
[1] 210
[1] "iteration number: "
[1] 211
[1] "iteration number: "
[1] 212
[1] "iteration number: "
[1] 213
[1] "iteration number: "
[1] 214
[1] "iteration number: "
[1] 215
[1] "iteration number: "
[1] 216
[1] "iteration number: "
[1] 217
[1] "iteration number: "
[1] 218
[1] "iteration number: "
[1] 219
[1] "iteration number: "
[1] 220
[1] "iteration number: "
[1] 221
[1] "iteration number: "
[1] 222
[1] "iteration number: "
[1] 223
[1] "iteration number: "
[1] 224
[1] "iteration number: "
[1] 225
[1] "iteration number: "
[1] 226
[1] "iteration number: "
[1] 227
[1] "iteration number: "
[1] 228
[1] "iteration number: "
[1] 229
[1] "iteration number: "
[1] 230
[1] "iteration number: "
[1] 231
[1] "iteration number: "
[1] 232
[1] "iteration number: "
[1] 233
[1] "iteration number: "
[1] 234
[1] "iteration number: "
[1] 235
[1] "iteration number: "
[1] 236
[1] "iteration number: "
[1] 237
[1] "iteration number: "
[1] 238
[1] "iteration number: "
[1] 239
[1] "iteration number: "
[1] 240
[1] "iteration number: "
[1] 241
[1] "iteration number: "
[1] 242
[1] "iteration number: "
[1] 243
[1] "iteration number: "
[1] 244
[1] "iteration number: "
[1] 245
[1] "iteration number: "
[1] 246
[1] "iteration number: "
[1] 247
[1] "iteration number: "
[1] 248
[1] "iteration number: "
[1] 249
[1] "iteration number: "
[1] 250
[1] "iteration number: "
[1] 251
[1] "iteration number: "
[1] 252
[1] "iteration number: "
[1] 253
[1] "iteration number: "
[1] 254
[1] "iteration number: "
[1] 255
[1] "iteration number: "
[1] 256
[1] "No change for 11 iterations. Exiting PSO."
[1] "##################################"
[1] "Results summary for itr:7"
[1] "number of features selected using population mean"
[1] 9
[1] "number of features selected using current global best"
[1] 9
[1] "feat ind length"
[1] 9
[1] "best accuracy"
[1] 72.19092
[1] "test acc:0.944444444444444"
[1] "##################################"
[1] "learning sets: 8"
 [1] 28 14  4 15  1 22  6 16 11 27 10  9  2 24  7 19 25 23 18 30  3  5  8 12 38
[26] 37 49 34 53 41 35 48 36 59 44 45 54 32 47 43 56 42 55 58 50 52 60 33 69 79
[51] 70 75 65 76 83 78 73 89 86 80 67 71 84 66 62 85 68 74 90 81 87 61
[1] "Starting global iteration number : 8"
[1] "iteration number: "
[1] 1
[1] "iteration number: "
[1] 2
[1] "iteration number: "
[1] 3
[1] "iteration number: "
[1] 4
[1] "iteration number: "
[1] 5
[1] "iteration number: "
[1] 6
[1] "iteration number: "
[1] 7
[1] "iteration number: "
[1] 8
[1] "iteration number: "
[1] 9
[1] "iteration number: "
[1] 10
[1] "iteration number: "
[1] 11
[1] "iteration number: "
[1] 12
[1] "iteration number: "
[1] 13
[1] "iteration number: "
[1] 14
[1] "iteration number: "
[1] 15
[1] "iteration number: "
[1] 16
[1] "iteration number: "
[1] 17
[1] "iteration number: "
[1] 18
[1] "iteration number: "
[1] 19
[1] "iteration number: "
[1] 20
[1] "iteration number: "
[1] 21
[1] "iteration number: "
[1] 22
[1] "iteration number: "
[1] 23
[1] "iteration number: "
[1] 24
[1] "iteration number: "
[1] 25
[1] "iteration number: "
[1] 26
[1] "iteration number: "
[1] 27
[1] "iteration number: "
[1] 28
[1] "iteration number: "
[1] 29
[1] "iteration number: "
[1] 30
[1] "iteration number: "
[1] 31
[1] "iteration number: "
[1] 32
[1] "iteration number: "
[1] 33
[1] "iteration number: "
[1] 34
[1] "iteration number: "
[1] 35
[1] "iteration number: "
[1] 36
[1] "iteration number: "
[1] 37
[1] "iteration number: "
[1] 38
[1] "iteration number: "
[1] 39
[1] "iteration number: "
[1] 40
[1] "iteration number: "
[1] 41
[1] "iteration number: "
[1] 42
[1] "iteration number: "
[1] 43
[1] "iteration number: "
[1] 44
[1] "iteration number: "
[1] 45
[1] "iteration number: "
[1] 46
[1] "iteration number: "
[1] 47
[1] "iteration number: "
[1] 48
[1] "iteration number: "
[1] 49
[1] "iteration number: "
[1] 50
[1] "iteration number: "
[1] 51
[1] "iteration number: "
[1] 52
[1] "iteration number: "
[1] 53
[1] "iteration number: "
[1] 54
[1] "iteration number: "
[1] 55
[1] "iteration number: "
[1] 56
[1] "iteration number: "
[1] 57
[1] "iteration number: "
[1] 58
[1] "iteration number: "
[1] 59
[1] "iteration number: "
[1] 60
[1] "iteration number: "
[1] 61
[1] "iteration number: "
[1] 62
[1] "iteration number: "
[1] 63
[1] "iteration number: "
[1] 64
[1] "iteration number: "
[1] 65
[1] "iteration number: "
[1] 66
[1] "iteration number: "
[1] 67
[1] "iteration number: "
[1] 68
[1] "iteration number: "
[1] 69
[1] "iteration number: "
[1] 70
[1] "iteration number: "
[1] 71
[1] "iteration number: "
[1] 72
[1] "iteration number: "
[1] 73
[1] "iteration number: "
[1] 74
[1] "iteration number: "
[1] 75
[1] "iteration number: "
[1] 76
[1] "iteration number: "
[1] 77
[1] "iteration number: "
[1] 78
[1] "iteration number: "
[1] 79
[1] "iteration number: "
[1] 80
[1] "iteration number: "
[1] 81
[1] "iteration number: "
[1] 82
[1] "iteration number: "
[1] 83
[1] "iteration number: "
[1] 84
[1] "iteration number: "
[1] 85
[1] "iteration number: "
[1] 86
[1] "iteration number: "
[1] 87
[1] "iteration number: "
[1] 88
[1] "iteration number: "
[1] 89
[1] "iteration number: "
[1] 90
[1] "iteration number: "
[1] 91
[1] "iteration number: "
[1] 92
[1] "iteration number: "
[1] 93
[1] "iteration number: "
[1] 94
[1] "iteration number: "
[1] 95
[1] "iteration number: "
[1] 96
[1] "iteration number: "
[1] 97
[1] "iteration number: "
[1] 98
[1] "iteration number: "
[1] 99
[1] "iteration number: "
[1] 100
[1] "iteration number: "
[1] 101
[1] "iteration number: "
[1] 102
[1] "iteration number: "
[1] 103
[1] "iteration number: "
[1] 104
[1] "iteration number: "
[1] 105
[1] "iteration number: "
[1] 106
[1] "iteration number: "
[1] 107
[1] "iteration number: "
[1] 108
[1] "iteration number: "
[1] 109
[1] "iteration number: "
[1] 110
[1] "iteration number: "
[1] 111
[1] "iteration number: "
[1] 112
[1] "iteration number: "
[1] 113
[1] "iteration number: "
[1] 114
[1] "iteration number: "
[1] 115
[1] "iteration number: "
[1] 116
[1] "iteration number: "
[1] 117
[1] "iteration number: "
[1] 118
[1] "iteration number: "
[1] 119
[1] "iteration number: "
[1] 120
[1] "iteration number: "
[1] 121
[1] "iteration number: "
[1] 122
[1] "iteration number: "
[1] 123
[1] "iteration number: "
[1] 124
[1] "iteration number: "
[1] 125
[1] "iteration number: "
[1] 126
[1] "iteration number: "
[1] 127
[1] "iteration number: "
[1] 128
[1] "iteration number: "
[1] 129
[1] "iteration number: "
[1] 130
[1] "iteration number: "
[1] 131
[1] "iteration number: "
[1] 132
[1] "iteration number: "
[1] 133
[1] "iteration number: "
[1] 134
[1] "iteration number: "
[1] 135
[1] "iteration number: "
[1] 136
[1] "iteration number: "
[1] 137
[1] "iteration number: "
[1] 138
[1] "iteration number: "
[1] 139
[1] "iteration number: "
[1] 140
[1] "iteration number: "
[1] 141
[1] "iteration number: "
[1] 142
[1] "iteration number: "
[1] 143
[1] "iteration number: "
[1] 144
[1] "iteration number: "
[1] 145
[1] "iteration number: "
[1] 146
[1] "iteration number: "
[1] 147
[1] "iteration number: "
[1] 148
[1] "iteration number: "
[1] 149
[1] "iteration number: "
[1] 150
[1] "iteration number: "
[1] 151
[1] "iteration number: "
[1] 152
[1] "iteration number: "
[1] 153
[1] "iteration number: "
[1] 154
[1] "iteration number: "
[1] 155
[1] "iteration number: "
[1] 156
[1] "iteration number: "
[1] 157
[1] "iteration number: "
[1] 158
[1] "iteration number: "
[1] 159
[1] "iteration number: "
[1] 160
[1] "iteration number: "
[1] 161
[1] "iteration number: "
[1] 162
[1] "iteration number: "
[1] 163
[1] "iteration number: "
[1] 164
[1] "iteration number: "
[1] 165
[1] "iteration number: "
[1] 166
[1] "iteration number: "
[1] 167
[1] "iteration number: "
[1] 168
[1] "iteration number: "
[1] 169
[1] "iteration number: "
[1] 170
[1] "iteration number: "
[1] 171
[1] "iteration number: "
[1] 172
[1] "iteration number: "
[1] 173
[1] "iteration number: "
[1] 174
[1] "iteration number: "
[1] 175
[1] "iteration number: "
[1] 176
[1] "iteration number: "
[1] 177
[1] "iteration number: "
[1] 178
[1] "iteration number: "
[1] 179
[1] "iteration number: "
[1] 180
[1] "iteration number: "
[1] 181
[1] "iteration number: "
[1] 182
[1] "iteration number: "
[1] 183
[1] "iteration number: "
[1] 184
[1] "iteration number: "
[1] 185
[1] "iteration number: "
[1] 186
[1] "iteration number: "
[1] 187
[1] "iteration number: "
[1] 188
[1] "iteration number: "
[1] 189
[1] "iteration number: "
[1] 190
[1] "iteration number: "
[1] 191
[1] "iteration number: "
[1] 192
[1] "iteration number: "
[1] 193
[1] "iteration number: "
[1] 194
[1] "iteration number: "
[1] 195
[1] "iteration number: "
[1] 196
[1] "iteration number: "
[1] 197
[1] "iteration number: "
[1] 198
[1] "iteration number: "
[1] 199
[1] "iteration number: "
[1] 200
[1] "iteration number: "
[1] 201
[1] "iteration number: "
[1] 202
[1] "iteration number: "
[1] 203
[1] "iteration number: "
[1] 204
[1] "iteration number: "
[1] 205
[1] "iteration number: "
[1] 206
[1] "iteration number: "
[1] 207
[1] "iteration number: "
[1] 208
[1] "iteration number: "
[1] 209
[1] "iteration number: "
[1] 210
[1] "iteration number: "
[1] 211
[1] "iteration number: "
[1] 212
[1] "iteration number: "
[1] 213
[1] "iteration number: "
[1] 214
[1] "iteration number: "
[1] 215
[1] "iteration number: "
[1] 216
[1] "iteration number: "
[1] 217
[1] "iteration number: "
[1] 218
[1] "iteration number: "
[1] 219
[1] "iteration number: "
[1] 220
[1] "iteration number: "
[1] 221
[1] "iteration number: "
[1] 222
[1] "iteration number: "
[1] 223
[1] "iteration number: "
[1] 224
[1] "iteration number: "
[1] 225
[1] "iteration number: "
[1] 226
[1] "iteration number: "
[1] 227
[1] "iteration number: "
[1] 228
[1] "iteration number: "
[1] 229
[1] "iteration number: "
[1] 230
[1] "iteration number: "
[1] 231
[1] "iteration number: "
[1] 232
[1] "iteration number: "
[1] 233
[1] "iteration number: "
[1] 234
[1] "iteration number: "
[1] 235
[1] "iteration number: "
[1] 236
[1] "iteration number: "
[1] 237
[1] "iteration number: "
[1] 238
[1] "iteration number: "
[1] 239
[1] "iteration number: "
[1] 240
[1] "iteration number: "
[1] 241
[1] "iteration number: "
[1] 242
[1] "iteration number: "
[1] 243
[1] "iteration number: "
[1] 244
[1] "iteration number: "
[1] 245
[1] "iteration number: "
[1] 246
[1] "iteration number: "
[1] 247
[1] "iteration number: "
[1] 248
[1] "iteration number: "
[1] 249
[1] "iteration number: "
[1] 250
[1] "iteration number: "
[1] 251
[1] "iteration number: "
[1] 252
[1] "iteration number: "
[1] 253
[1] "iteration number: "
[1] 254
[1] "iteration number: "
[1] 255
[1] "iteration number: "
[1] 256
[1] "iteration number: "
[1] 257
[1] "iteration number: "
[1] 258
[1] "iteration number: "
[1] 259
[1] "iteration number: "
[1] 260
[1] "iteration number: "
[1] 261
[1] "iteration number: "
[1] 262
[1] "iteration number: "
[1] 263
[1] "iteration number: "
[1] 264
[1] "iteration number: "
[1] 265
[1] "iteration number: "
[1] 266
[1] "iteration number: "
[1] 267
[1] "iteration number: "
[1] 268
[1] "iteration number: "
[1] 269
[1] "iteration number: "
[1] 270
[1] "iteration number: "
[1] 271
[1] "iteration number: "
[1] 272
[1] "iteration number: "
[1] 273
[1] "iteration number: "
[1] 274
[1] "iteration number: "
[1] 275
[1] "iteration number: "
[1] 276
[1] "iteration number: "
[1] 277
[1] "iteration number: "
[1] 278
[1] "iteration number: "
[1] 279
[1] "iteration number: "
[1] 280
[1] "iteration number: "
[1] 281
[1] "iteration number: "
[1] 282
[1] "iteration number: "
[1] 283
[1] "iteration number: "
[1] 284
[1] "iteration number: "
[1] 285
[1] "iteration number: "
[1] 286
[1] "iteration number: "
[1] 287
[1] "iteration number: "
[1] 288
[1] "iteration number: "
[1] 289
[1] "iteration number: "
[1] 290
[1] "iteration number: "
[1] 291
[1] "iteration number: "
[1] 292
[1] "iteration number: "
[1] 293
[1] "iteration number: "
[1] 294
[1] "iteration number: "
[1] 295
[1] "iteration number: "
[1] 296
[1] "iteration number: "
[1] 297
[1] "iteration number: "
[1] 298
[1] "iteration number: "
[1] 299
[1] "iteration number: "
[1] 300
[1] "iteration number: "
[1] 301
[1] "iteration number: "
[1] 302
[1] "iteration number: "
[1] 303
[1] "iteration number: "
[1] 304
[1] "iteration number: "
[1] 305
[1] "iteration number: "
[1] 306
[1] "iteration number: "
[1] 307
[1] "iteration number: "
[1] 308
[1] "iteration number: "
[1] 309
[1] "iteration number: "
[1] 310
[1] "iteration number: "
[1] 311
[1] "iteration number: "
[1] 312
[1] "iteration number: "
[1] 313
[1] "iteration number: "
[1] 314
[1] "iteration number: "
[1] 315
[1] "iteration number: "
[1] 316
[1] "iteration number: "
[1] 317
[1] "iteration number: "
[1] 318
[1] "iteration number: "
[1] 319
[1] "iteration number: "
[1] 320
[1] "iteration number: "
[1] 321
[1] "iteration number: "
[1] 322
[1] "iteration number: "
[1] 323
[1] "iteration number: "
[1] 324
[1] "iteration number: "
[1] 325
[1] "iteration number: "
[1] 326
[1] "iteration number: "
[1] 327
[1] "iteration number: "
[1] 328
[1] "iteration number: "
[1] 329
[1] "iteration number: "
[1] 330
[1] "iteration number: "
[1] 331
[1] "iteration number: "
[1] 332
[1] "iteration number: "
[1] 333
[1] "iteration number: "
[1] 334
[1] "iteration number: "
[1] 335
[1] "iteration number: "
[1] 336
[1] "iteration number: "
[1] 337
[1] "iteration number: "
[1] 338
[1] "iteration number: "
[1] 339
[1] "iteration number: "
[1] 340
[1] "iteration number: "
[1] 341
[1] "iteration number: "
[1] 342
[1] "iteration number: "
[1] 343
[1] "iteration number: "
[1] 344
[1] "iteration number: "
[1] 345
[1] "iteration number: "
[1] 346
[1] "iteration number: "
[1] 347
[1] "iteration number: "
[1] 348
[1] "iteration number: "
[1] 349
[1] "iteration number: "
[1] 350
[1] "iteration number: "
[1] 351
[1] "iteration number: "
[1] 352
[1] "iteration number: "
[1] 353
[1] "iteration number: "
[1] 354
[1] "iteration number: "
[1] 355
[1] "iteration number: "
[1] 356
[1] "iteration number: "
[1] 357
[1] "iteration number: "
[1] 358
[1] "iteration number: "
[1] 359
[1] "iteration number: "
[1] 360
[1] "iteration number: "
[1] 361
[1] "iteration number: "
[1] 362
[1] "iteration number: "
[1] 363
[1] "iteration number: "
[1] 364
[1] "iteration number: "
[1] 365
[1] "iteration number: "
[1] 366
[1] "iteration number: "
[1] 367
[1] "iteration number: "
[1] 368
[1] "iteration number: "
[1] 369
[1] "iteration number: "
[1] 370
[1] "iteration number: "
[1] 371
[1] "iteration number: "
[1] 372
[1] "iteration number: "
[1] 373
[1] "iteration number: "
[1] 374
[1] "iteration number: "
[1] 375
[1] "iteration number: "
[1] 376
[1] "iteration number: "
[1] 377
[1] "iteration number: "
[1] 378
[1] "iteration number: "
[1] 379
[1] "iteration number: "
[1] 380
[1] "iteration number: "
[1] 381
[1] "iteration number: "
[1] 382
[1] "iteration number: "
[1] 383
[1] "iteration number: "
[1] 384
[1] "iteration number: "
[1] 385
[1] "iteration number: "
[1] 386
[1] "iteration number: "
[1] 387
[1] "iteration number: "
[1] 388
[1] "iteration number: "
[1] 389
[1] "iteration number: "
[1] 390
[1] "iteration number: "
[1] 391
[1] "iteration number: "
[1] 392
[1] "iteration number: "
[1] 393
[1] "iteration number: "
[1] 394
[1] "iteration number: "
[1] 395
[1] "iteration number: "
[1] 396
[1] "iteration number: "
[1] 397
[1] "iteration number: "
[1] 398
[1] "iteration number: "
[1] 399
[1] "iteration number: "
[1] 400
[1] "iteration number: "
[1] 401
[1] "iteration number: "
[1] 402
[1] "iteration number: "
[1] 403
[1] "iteration number: "
[1] 404
[1] "iteration number: "
[1] 405
[1] "iteration number: "
[1] 406
[1] "iteration number: "
[1] 407
[1] "iteration number: "
[1] 408
[1] "iteration number: "
[1] 409
[1] "iteration number: "
[1] 410
[1] "iteration number: "
[1] 411
[1] "iteration number: "
[1] 412
[1] "iteration number: "
[1] 413
[1] "iteration number: "
[1] 414
[1] "iteration number: "
[1] 415
[1] "iteration number: "
[1] 416
[1] "iteration number: "
[1] 417
[1] "iteration number: "
[1] 418
[1] "iteration number: "
[1] 419
[1] "iteration number: "
[1] 420
[1] "iteration number: "
[1] 421
[1] "iteration number: "
[1] 422
[1] "iteration number: "
[1] 423
[1] "iteration number: "
[1] 424
[1] "iteration number: "
[1] 425
[1] "iteration number: "
[1] 426
[1] "iteration number: "
[1] 427
[1] "iteration number: "
[1] 428
[1] "iteration number: "
[1] 429
[1] "iteration number: "
[1] 430
[1] "iteration number: "
[1] 431
[1] "iteration number: "
[1] 432
[1] "iteration number: "
[1] 433
[1] "iteration number: "
[1] 434
[1] "iteration number: "
[1] 435
[1] "iteration number: "
[1] 436
[1] "iteration number: "
[1] 437
[1] "iteration number: "
[1] 438
[1] "iteration number: "
[1] 439
[1] "iteration number: "
[1] 440
[1] "iteration number: "
[1] 441
[1] "iteration number: "
[1] 442
[1] "iteration number: "
[1] 443
[1] "iteration number: "
[1] 444
[1] "iteration number: "
[1] 445
[1] "iteration number: "
[1] 446
[1] "iteration number: "
[1] 447
[1] "iteration number: "
[1] 448
[1] "iteration number: "
[1] 449
[1] "iteration number: "
[1] 450
[1] "iteration number: "
[1] 451
[1] "iteration number: "
[1] 452
[1] "iteration number: "
[1] 453
[1] "iteration number: "
[1] 454
[1] "iteration number: "
[1] 455
[1] "iteration number: "
[1] 456
[1] "iteration number: "
[1] 457
[1] "iteration number: "
[1] 458
[1] "iteration number: "
[1] 459
[1] "iteration number: "
[1] 460
[1] "iteration number: "
[1] 461
[1] "iteration number: "
[1] 462
[1] "iteration number: "
[1] 463
[1] "iteration number: "
[1] 464
[1] "iteration number: "
[1] 465
[1] "iteration number: "
[1] 466
[1] "iteration number: "
[1] 467
[1] "iteration number: "
[1] 468
[1] "iteration number: "
[1] 469
[1] "iteration number: "
[1] 470
[1] "iteration number: "
[1] 471
[1] "iteration number: "
[1] 472
[1] "iteration number: "
[1] 473
[1] "iteration number: "
[1] 474
[1] "iteration number: "
[1] 475
[1] "iteration number: "
[1] 476
[1] "iteration number: "
[1] 477
[1] "iteration number: "
[1] 478
[1] "iteration number: "
[1] 479
[1] "iteration number: "
[1] 480
[1] "iteration number: "
[1] 481
[1] "iteration number: "
[1] 482
[1] "iteration number: "
[1] 483
[1] "iteration number: "
[1] 484
[1] "iteration number: "
[1] 485
[1] "iteration number: "
[1] 486
[1] "iteration number: "
[1] 487
[1] "iteration number: "
[1] 488
[1] "iteration number: "
[1] 489
[1] "iteration number: "
[1] 490
[1] "iteration number: "
[1] 491
[1] "iteration number: "
[1] 492
[1] "iteration number: "
[1] 493
[1] "iteration number: "
[1] 494
[1] "iteration number: "
[1] 495
[1] "iteration number: "
[1] 496
[1] "No change for 11 iterations. Exiting PSO."
[1] "##################################"
[1] "Results summary for itr:8"
[1] "number of features selected using population mean"
[1] 13
[1] "number of features selected using current global best"
[1] 13
[1] "feat ind length"
[1] 13
[1] "best accuracy"
[1] 62.086
[1] "test acc:0.944444444444444"
[1] "##################################"
[1] "learning sets: 9"
 [1] 23 25 22  9 14 13  6 28  3  1  4 11 16 17 29 24  2  8 15 10 27  5 12 26 53
[26] 51 57 59 60 54 37 43 42 48 44 33 34 32 47 49 55 45 36 31 40 38 39 50 73 71
[51] 82 86 76 74 81 79 75 67 83 66 61 87 70 84 65 78 69 77 64 85 72 90
[1] "Starting global iteration number : 9"
[1] "iteration number: "
[1] 1
[1] "iteration number: "
[1] 2
[1] "iteration number: "
[1] 3
[1] "iteration number: "
[1] 4
[1] "iteration number: "
[1] 5
[1] "iteration number: "
[1] 6
[1] "iteration number: "
[1] 7
[1] "iteration number: "
[1] 8
[1] "iteration number: "
[1] 9
[1] "iteration number: "
[1] 10
[1] "iteration number: "
[1] 11
[1] "iteration number: "
[1] 12
[1] "iteration number: "
[1] 13
[1] "iteration number: "
[1] 14
[1] "iteration number: "
[1] 15
[1] "iteration number: "
[1] 16
[1] "iteration number: "
[1] 17
[1] "iteration number: "
[1] 18
[1] "iteration number: "
[1] 19
[1] "iteration number: "
[1] 20
[1] "iteration number: "
[1] 21
[1] "iteration number: "
[1] 22
[1] "iteration number: "
[1] 23
[1] "iteration number: "
[1] 24
[1] "iteration number: "
[1] 25
[1] "iteration number: "
[1] 26
[1] "iteration number: "
[1] 27
[1] "iteration number: "
[1] 28
[1] "iteration number: "
[1] 29
[1] "iteration number: "
[1] 30
[1] "iteration number: "
[1] 31
[1] "iteration number: "
[1] 32
[1] "iteration number: "
[1] 33
[1] "iteration number: "
[1] 34
[1] "iteration number: "
[1] 35
[1] "iteration number: "
[1] 36
[1] "iteration number: "
[1] 37
[1] "iteration number: "
[1] 38
[1] "iteration number: "
[1] 39
[1] "iteration number: "
[1] 40
[1] "iteration number: "
[1] 41
[1] "iteration number: "
[1] 42
[1] "iteration number: "
[1] 43
[1] "iteration number: "
[1] 44
[1] "iteration number: "
[1] 45
[1] "iteration number: "
[1] 46
[1] "iteration number: "
[1] 47
[1] "iteration number: "
[1] 48
[1] "iteration number: "
[1] 49
[1] "iteration number: "
[1] 50
[1] "iteration number: "
[1] 51
[1] "iteration number: "
[1] 52
[1] "iteration number: "
[1] 53
[1] "iteration number: "
[1] 54
[1] "iteration number: "
[1] 55
[1] "iteration number: "
[1] 56
[1] "iteration number: "
[1] 57
[1] "iteration number: "
[1] 58
[1] "iteration number: "
[1] 59
[1] "iteration number: "
[1] 60
[1] "iteration number: "
[1] 61
[1] "iteration number: "
[1] 62
[1] "iteration number: "
[1] 63
[1] "iteration number: "
[1] 64
[1] "iteration number: "
[1] 65
[1] "iteration number: "
[1] 66
[1] "iteration number: "
[1] 67
[1] "iteration number: "
[1] 68
[1] "iteration number: "
[1] 69
[1] "iteration number: "
[1] 70
[1] "iteration number: "
[1] 71
[1] "iteration number: "
[1] 72
[1] "iteration number: "
[1] 73
[1] "iteration number: "
[1] 74
[1] "iteration number: "
[1] 75
[1] "iteration number: "
[1] 76
[1] "iteration number: "
[1] 77
[1] "iteration number: "
[1] 78
[1] "iteration number: "
[1] 79
[1] "iteration number: "
[1] 80
[1] "iteration number: "
[1] 81
[1] "iteration number: "
[1] 82
[1] "iteration number: "
[1] 83
[1] "iteration number: "
[1] 84
[1] "iteration number: "
[1] 85
[1] "iteration number: "
[1] 86
[1] "iteration number: "
[1] 87
[1] "iteration number: "
[1] 88
[1] "iteration number: "
[1] 89
[1] "iteration number: "
[1] 90
[1] "iteration number: "
[1] 91
[1] "iteration number: "
[1] 92
[1] "iteration number: "
[1] 93
[1] "iteration number: "
[1] 94
[1] "iteration number: "
[1] 95
[1] "iteration number: "
[1] 96
[1] "iteration number: "
[1] 97
[1] "iteration number: "
[1] 98
[1] "iteration number: "
[1] 99
[1] "iteration number: "
[1] 100
[1] "iteration number: "
[1] 101
[1] "iteration number: "
[1] 102
[1] "iteration number: "
[1] 103
[1] "iteration number: "
[1] 104
[1] "iteration number: "
[1] 105
[1] "iteration number: "
[1] 106
[1] "iteration number: "
[1] 107
[1] "iteration number: "
[1] 108
[1] "iteration number: "
[1] 109
[1] "iteration number: "
[1] 110
[1] "iteration number: "
[1] 111
[1] "iteration number: "
[1] 112
[1] "iteration number: "
[1] 113
[1] "iteration number: "
[1] 114
[1] "iteration number: "
[1] 115
[1] "iteration number: "
[1] 116
[1] "iteration number: "
[1] 117
[1] "iteration number: "
[1] 118
[1] "iteration number: "
[1] 119
[1] "iteration number: "
[1] 120
[1] "iteration number: "
[1] 121
[1] "iteration number: "
[1] 122
[1] "iteration number: "
[1] 123
[1] "iteration number: "
[1] 124
[1] "iteration number: "
[1] 125
[1] "iteration number: "
[1] 126
[1] "iteration number: "
[1] 127
[1] "iteration number: "
[1] 128
[1] "iteration number: "
[1] 129
[1] "iteration number: "
[1] 130
[1] "iteration number: "
[1] 131
[1] "iteration number: "
[1] 132
[1] "iteration number: "
[1] 133
[1] "iteration number: "
[1] 134
[1] "iteration number: "
[1] 135
[1] "iteration number: "
[1] 136
[1] "iteration number: "
[1] 137
[1] "iteration number: "
[1] 138
[1] "iteration number: "
[1] 139
[1] "iteration number: "
[1] 140
[1] "iteration number: "
[1] 141
[1] "iteration number: "
[1] 142
[1] "iteration number: "
[1] 143
[1] "iteration number: "
[1] 144
[1] "iteration number: "
[1] 145
[1] "iteration number: "
[1] 146
[1] "iteration number: "
[1] 147
[1] "iteration number: "
[1] 148
[1] "iteration number: "
[1] 149
[1] "iteration number: "
[1] 150
[1] "iteration number: "
[1] 151
[1] "iteration number: "
[1] 152
[1] "iteration number: "
[1] 153
[1] "iteration number: "
[1] 154
[1] "iteration number: "
[1] 155
[1] "iteration number: "
[1] 156
[1] "iteration number: "
[1] 157
[1] "iteration number: "
[1] 158
[1] "iteration number: "
[1] 159
[1] "iteration number: "
[1] 160
[1] "iteration number: "
[1] 161
[1] "iteration number: "
[1] 162
[1] "iteration number: "
[1] 163
[1] "iteration number: "
[1] 164
[1] "iteration number: "
[1] 165
[1] "iteration number: "
[1] 166
[1] "iteration number: "
[1] 167
[1] "iteration number: "
[1] 168
[1] "iteration number: "
[1] 169
[1] "iteration number: "
[1] 170
[1] "iteration number: "
[1] 171
[1] "iteration number: "
[1] 172
[1] "iteration number: "
[1] 173
[1] "iteration number: "
[1] 174
[1] "iteration number: "
[1] 175
[1] "iteration number: "
[1] 176
[1] "iteration number: "
[1] 177
[1] "iteration number: "
[1] 178
[1] "iteration number: "
[1] 179
[1] "iteration number: "
[1] 180
[1] "iteration number: "
[1] 181
[1] "iteration number: "
[1] 182
[1] "iteration number: "
[1] 183
[1] "iteration number: "
[1] 184
[1] "iteration number: "
[1] 185
[1] "iteration number: "
[1] 186
[1] "iteration number: "
[1] 187
[1] "iteration number: "
[1] 188
[1] "iteration number: "
[1] 189
[1] "iteration number: "
[1] 190
[1] "iteration number: "
[1] 191
[1] "iteration number: "
[1] 192
[1] "iteration number: "
[1] 193
[1] "iteration number: "
[1] 194
[1] "iteration number: "
[1] 195
[1] "iteration number: "
[1] 196
[1] "iteration number: "
[1] 197
[1] "iteration number: "
[1] 198
[1] "iteration number: "
[1] 199
[1] "iteration number: "
[1] 200
[1] "iteration number: "
[1] 201
[1] "iteration number: "
[1] 202
[1] "iteration number: "
[1] 203
[1] "iteration number: "
[1] 204
[1] "iteration number: "
[1] 205
[1] "iteration number: "
[1] 206
[1] "iteration number: "
[1] 207
[1] "iteration number: "
[1] 208
[1] "iteration number: "
[1] 209
[1] "iteration number: "
[1] 210
[1] "iteration number: "
[1] 211
[1] "iteration number: "
[1] 212
[1] "iteration number: "
[1] 213
[1] "iteration number: "
[1] 214
[1] "iteration number: "
[1] 215
[1] "iteration number: "
[1] 216
[1] "iteration number: "
[1] 217
[1] "iteration number: "
[1] 218
[1] "iteration number: "
[1] 219
[1] "iteration number: "
[1] 220
[1] "iteration number: "
[1] 221
[1] "iteration number: "
[1] 222
[1] "iteration number: "
[1] 223
[1] "iteration number: "
[1] 224
[1] "iteration number: "
[1] 225
[1] "iteration number: "
[1] 226
[1] "iteration number: "
[1] 227
[1] "iteration number: "
[1] 228
[1] "iteration number: "
[1] 229
[1] "iteration number: "
[1] 230
[1] "iteration number: "
[1] 231
[1] "iteration number: "
[1] 232
[1] "iteration number: "
[1] 233
[1] "iteration number: "
[1] 234
[1] "iteration number: "
[1] 235
[1] "iteration number: "
[1] 236
[1] "iteration number: "
[1] 237
[1] "iteration number: "
[1] 238
[1] "iteration number: "
[1] 239
[1] "iteration number: "
[1] 240
[1] "iteration number: "
[1] 241
[1] "iteration number: "
[1] 242
[1] "iteration number: "
[1] 243
[1] "iteration number: "
[1] 244
[1] "iteration number: "
[1] 245
[1] "No change for 11 iterations. Exiting PSO."
[1] "##################################"
[1] "Results summary for itr:9"
[1] "number of features selected using population mean"
[1] 14
[1] "number of features selected using current global best"
[1] 14
[1] "feat ind length"
[1] 14
[1] "best accuracy"
[1] 64.06744
[1] "test acc:0.944444444444444"
[1] "##################################"
[1] "learning sets: 10"
 [1] 13  8 11 12  2  5 17 24 14  6 22 30 23 18 28 16 21 27  7 10 26  4  9 19 47
[26] 52 57 36 44 41 51 32 54 37 38 33 43 55 58 60 46 50 40 49 31 56 34 48 82 78
[51] 72 80 84 90 69 88 67 62 75 61 68 63 74 79 83 77 64 76 70 66 87 89
[1] "Starting global iteration number : 10"
[1] "iteration number: "
[1] 1
[1] "iteration number: "
[1] 2
[1] "iteration number: "
[1] 3
[1] "iteration number: "
[1] 4
[1] "iteration number: "
[1] 5
[1] "iteration number: "
[1] 6
[1] "iteration number: "
[1] 7
[1] "iteration number: "
[1] 8
[1] "iteration number: "
[1] 9
[1] "iteration number: "
[1] 10
[1] "iteration number: "
[1] 11
[1] "iteration number: "
[1] 12
[1] "iteration number: "
[1] 13
[1] "iteration number: "
[1] 14
[1] "iteration number: "
[1] 15
[1] "iteration number: "
[1] 16
[1] "iteration number: "
[1] 17
[1] "iteration number: "
[1] 18
[1] "iteration number: "
[1] 19
[1] "iteration number: "
[1] 20
[1] "iteration number: "
[1] 21
[1] "iteration number: "
[1] 22
[1] "iteration number: "
[1] 23
[1] "iteration number: "
[1] 24
[1] "iteration number: "
[1] 25
[1] "iteration number: "
[1] 26
[1] "iteration number: "
[1] 27
[1] "iteration number: "
[1] 28
[1] "iteration number: "
[1] 29
[1] "iteration number: "
[1] 30
[1] "iteration number: "
[1] 31
[1] "iteration number: "
[1] 32
[1] "iteration number: "
[1] 33
[1] "iteration number: "
[1] 34
[1] "iteration number: "
[1] 35
[1] "iteration number: "
[1] 36
[1] "iteration number: "
[1] 37
[1] "iteration number: "
[1] 38
[1] "iteration number: "
[1] 39
[1] "iteration number: "
[1] 40
[1] "iteration number: "
[1] 41
[1] "iteration number: "
[1] 42
[1] "iteration number: "
[1] 43
[1] "iteration number: "
[1] 44
[1] "iteration number: "
[1] 45
[1] "iteration number: "
[1] 46
[1] "iteration number: "
[1] 47
[1] "iteration number: "
[1] 48
[1] "iteration number: "
[1] 49
[1] "iteration number: "
[1] 50
[1] "iteration number: "
[1] 51
[1] "iteration number: "
[1] 52
[1] "iteration number: "
[1] 53
[1] "iteration number: "
[1] 54
[1] "iteration number: "
[1] 55
[1] "iteration number: "
[1] 56
[1] "iteration number: "
[1] 57
[1] "iteration number: "
[1] 58
[1] "iteration number: "
[1] 59
[1] "iteration number: "
[1] 60
[1] "iteration number: "
[1] 61
[1] "iteration number: "
[1] 62
[1] "iteration number: "
[1] 63
[1] "iteration number: "
[1] 64
[1] "iteration number: "
[1] 65
[1] "iteration number: "
[1] 66
[1] "iteration number: "
[1] 67
[1] "iteration number: "
[1] 68
[1] "iteration number: "
[1] 69
[1] "iteration number: "
[1] 70
[1] "iteration number: "
[1] 71
[1] "iteration number: "
[1] 72
[1] "iteration number: "
[1] 73
[1] "iteration number: "
[1] 74
[1] "iteration number: "
[1] 75
[1] "iteration number: "
[1] 76
[1] "iteration number: "
[1] 77
[1] "iteration number: "
[1] 78
[1] "iteration number: "
[1] 79
[1] "iteration number: "
[1] 80
[1] "iteration number: "
[1] 81
[1] "iteration number: "
[1] 82
[1] "iteration number: "
[1] 83
[1] "iteration number: "
[1] 84
[1] "iteration number: "
[1] 85
[1] "iteration number: "
[1] 86
[1] "iteration number: "
[1] 87
[1] "iteration number: "
[1] 88
[1] "iteration number: "
[1] 89
[1] "iteration number: "
[1] 90
[1] "iteration number: "
[1] 91
[1] "iteration number: "
[1] 92
[1] "iteration number: "
[1] 93
[1] "iteration number: "
[1] 94
[1] "iteration number: "
[1] 95
[1] "iteration number: "
[1] 96
[1] "iteration number: "
[1] 97
[1] "iteration number: "
[1] 98
[1] "iteration number: "
[1] 99
[1] "iteration number: "
[1] 100
[1] "iteration number: "
[1] 101
[1] "iteration number: "
[1] 102
[1] "iteration number: "
[1] 103
[1] "iteration number: "
[1] 104
[1] "iteration number: "
[1] 105
[1] "iteration number: "
[1] 106
[1] "iteration number: "
[1] 107
[1] "iteration number: "
[1] 108
[1] "iteration number: "
[1] 109
[1] "iteration number: "
[1] 110
[1] "iteration number: "
[1] 111
[1] "iteration number: "
[1] 112
[1] "iteration number: "
[1] 113
[1] "iteration number: "
[1] 114
[1] "iteration number: "
[1] 115
[1] "iteration number: "
[1] 116
[1] "iteration number: "
[1] 117
[1] "iteration number: "
[1] 118
[1] "iteration number: "
[1] 119
[1] "iteration number: "
[1] 120
[1] "iteration number: "
[1] 121
[1] "iteration number: "
[1] 122
[1] "iteration number: "
[1] 123
[1] "iteration number: "
[1] 124
[1] "iteration number: "
[1] 125
[1] "iteration number: "
[1] 126
[1] "iteration number: "
[1] 127
[1] "iteration number: "
[1] 128
[1] "iteration number: "
[1] 129
[1] "iteration number: "
[1] 130
[1] "iteration number: "
[1] 131
[1] "iteration number: "
[1] 132
[1] "iteration number: "
[1] 133
[1] "iteration number: "
[1] 134
[1] "iteration number: "
[1] 135
[1] "iteration number: "
[1] 136
[1] "iteration number: "
[1] 137
[1] "iteration number: "
[1] 138
[1] "iteration number: "
[1] 139
[1] "iteration number: "
[1] 140
[1] "iteration number: "
[1] 141
[1] "iteration number: "
[1] 142
[1] "iteration number: "
[1] 143
[1] "iteration number: "
[1] 144
[1] "iteration number: "
[1] 145
[1] "iteration number: "
[1] 146
[1] "iteration number: "
[1] 147
[1] "iteration number: "
[1] 148
[1] "iteration number: "
[1] 149
[1] "iteration number: "
[1] 150
[1] "iteration number: "
[1] 151
[1] "iteration number: "
[1] 152
[1] "iteration number: "
[1] 153
[1] "iteration number: "
[1] 154
[1] "iteration number: "
[1] 155
[1] "iteration number: "
[1] 156
[1] "iteration number: "
[1] 157
[1] "iteration number: "
[1] 158
[1] "iteration number: "
[1] 159
[1] "iteration number: "
[1] 160
[1] "iteration number: "
[1] 161
[1] "iteration number: "
[1] 162
[1] "iteration number: "
[1] 163
[1] "iteration number: "
[1] 164
[1] "iteration number: "
[1] 165
[1] "iteration number: "
[1] 166
[1] "iteration number: "
[1] 167
[1] "iteration number: "
[1] 168
[1] "iteration number: "
[1] 169
[1] "iteration number: "
[1] 170
[1] "iteration number: "
[1] 171
[1] "iteration number: "
[1] 172
[1] "iteration number: "
[1] 173
[1] "iteration number: "
[1] 174
[1] "iteration number: "
[1] 175
[1] "iteration number: "
[1] 176
[1] "iteration number: "
[1] 177
[1] "iteration number: "
[1] 178
[1] "iteration number: "
[1] 179
[1] "iteration number: "
[1] 180
[1] "iteration number: "
[1] 181
[1] "iteration number: "
[1] 182
[1] "iteration number: "
[1] 183
[1] "iteration number: "
[1] 184
[1] "iteration number: "
[1] 185
[1] "iteration number: "
[1] 186
[1] "iteration number: "
[1] 187
[1] "iteration number: "
[1] 188
[1] "iteration number: "
[1] 189
[1] "iteration number: "
[1] 190
[1] "iteration number: "
[1] 191
[1] "iteration number: "
[1] 192
[1] "iteration number: "
[1] 193
[1] "iteration number: "
[1] 194
[1] "iteration number: "
[1] 195
[1] "iteration number: "
[1] 196
[1] "iteration number: "
[1] 197
[1] "iteration number: "
[1] 198
[1] "iteration number: "
[1] 199
[1] "iteration number: "
[1] 200
[1] "iteration number: "
[1] 201
[1] "iteration number: "
[1] 202
[1] "iteration number: "
[1] 203
[1] "iteration number: "
[1] 204
[1] "iteration number: "
[1] 205
[1] "iteration number: "
[1] 206
[1] "iteration number: "
[1] 207
[1] "iteration number: "
[1] 208
[1] "iteration number: "
[1] 209
[1] "iteration number: "
[1] 210
[1] "No change for 11 iterations. Exiting PSO."
[1] "##################################"
[1] "Results summary for itr:10"
[1] "number of features selected using population mean"
[1] 13
[1] "number of features selected using current global best"
[1] 13
[1] "feat ind length"
[1] 13
[1] "best accuracy"
[1] 68.84939
[1] "test acc:0.888888888888889"
[1] "##################################"
[1] "testacc"
 [1] 0.7777778 0.6666667 0.7777778 0.9444444 0.9444444 0.9444444 0.9444444
 [8] 0.9444444 0.9444444 0.8888889
[1] 0.8777778
   Min. 1st Qu.  Median    Mean 3rd Qu.    Max. 
 0.6667  0.8056  0.9444  0.8778  0.9444  0.9444 
[1] 0.1007516
      [,1] [,2] [,3] [,4] [,5] [,6] [,7] [,8] [,9] [,10]
var1     1    1    0    1    1    1    0    1    1     1
var2     1    1    1    1    1    1    0    1    1     1
var3     0    0    1    1    0    1    1    1    1     1
var4     1    1    1    1    1    1    1    1    1     1
var5     0    0    0    0    0    1    0    0    0     0
var6     0    0    0    0    0    0    0    0    0     0
var7     0    0    0    0    0    0    0    0    0     0
var8     0    1    0    1    0    1    0    1    1     0
var9     0    1    1    0    0    0    0    0    0     1
var10    1    0    1    0    0    1    0    0    0     0
var11    0    0    0    0    0    1    0    0    0     0
var12    0    0    0    0    0    1    0    0    0     1
var13    1    0    0    0    0    0    0    0    0     0
var14    0    1    1    0    0    0    0    0    0     0
var15    0    0    1    0    0    1    0    0    0     0
var16    0    0    1    0    0    0    0    0    1     0
var17    0    0    1    0    0    1    0    1    0     0
var18    0    1    1    0    0    0    0    0    0     0
var19    0    0    1    1    0    1    1    1    1     0
var20    1    0    0    0    0    0    0    0    0     0
var21    1    0    0    1    0    0    0    0    0     0
var22    1    0    1    0    0    0    0    1    0     0
var23    0    0    0    0    0    1    0    0    1     0
var24    0    0    1    0    0    0    0    0    0     0
var25    0    0    0    0    0    1    0    0    0     0
var26    0    0    0    0    0    0    0    0    1     1
var27    1    1    1    0    1    0    1    1    1     0
var28    0    0    1    0    0    0    0    0    0     1
var29    0    0    0    1    0    0    0    0    1     0
var30    1    0    0    0    1    1    0    0    0     1
var31    0    0    1    0    0    0    0    0    0     0
var32    0    0    1    0    0    0    1    0    0     0
var33    0    0    0    0    0    1    0    1    0     1
var34    1    1    1    1    1    1    1    0    1     1
var35    0    0    0    0    0    1    0    0    0     0
var36    0    1    0    0    0    0    1    1    0     0
var37    0    1    0    0    0    1    0    1    1     0
var38    0    0    1    1    0    0    1    1    0     0
var39    1    1    1    1    0    0    0    0    0     1
var40    0    1    1    0    1    1    1    0    1     1
[1] "dim of scoring matrix is "
[1] 40 10
[1] "DS index stage 2"
[1] 0.4869271
[1] "KI index stage 2"
[1] -Inf
[1] 1
[1] "bestgenelist"
 [1]  4  2 34  1  3 27 40 19  8 39 30 37 38  9 10 17 22 33 36 12 14 15 16 18 21
[26] 23 26 28 29 32  5 11 13 20 24 25 31 35  6  7
 var4  var2 var34  var1  var3 var27 var40 var19  var8 var39 var30 var37 var38 
   10     9     9     8     7     7     7     6     5     5     4     4     4 
 var9 var10 var17 var22 var33 var36 var12 var14 var15 var16 var18 var21 var23 
    3     3     3     3     3     3     2     2     2     2     2     2     2 
var26 var28 var29 var32  var5 var11 var13 var20 var24 var25 var31 var35  var6 
    2     2     2     2     1     1     1     1     1     1     1     1     0 
 var7 
    0 
 [1] 1 1 1 1 1 1 1 1 1 1 1 1 1 1 1 1 1 1 1 1 1 1 1 1 1 1 1 1 1 1 1 1 1 1 1 1 1 1
[39] 1 1
[1] 1.0000000 0.8666667 0.9333333
[1] 1.0000000 0.8666667 0.9333333
[1] "accuracy: 79.651434684396 num_feat:40 fitness:67.316386907197"
$fitfunc
[1] -67.31639

$cverror
[1] 79.65143

$cvpermerror
[1] 38.46178

$testacc
[1] 100

$reverseacc
[1] 93.33333

[1] -67.31639
[1] "bestgenelist"
 [1]  4  2 34  1  3 27 40 19  8 39 30 37 38  9 10 17 22 33 36 12 14 15 16 18 21
[26] 23 26 28 29 32  5 11 13 20 24 25 31 35  6
 var4  var2 var34  var1  var3 var27 var40 var19  var8 var39 var30 var37 var38 
   10     9     9     8     7     7     7     6     5     5     4     4     4 
 var9 var10 var17 var22 var33 var36 var12 var14 var15 var16 var18 var21 var23 
    3     3     3     3     3     3     2     2     2     2     2     2     2 
var26 var28 var29 var32  var5 var11 var13 var20 var24 var25 var31 var35  var6 
    2     2     2     2     1     1     1     1     1     1     1     1     0 
 [1] 1 1 1 1 1 1 0 1 1 1 1 1 1 1 1 1 1 1 1 1 1 1 1 1 1 1 1 1 1 1 1 1 1 1 1 1 1 1
[39] 1 1
[1] 1.0000000 0.8666667 0.9333333
[1] 1.0000000 0.8666667 0.9333333
[1] "accuracy: 80.4399784390992 num_feat:39 fitness:67.9411424333707"
$fitfunc
[1] -67.94114

$cverror
[1] 80.43998

$cvpermerror
[1] 39.06479

$testacc
[1] 100

$reverseacc
[1] 93.33333

[1] -67.94114
[1] "bestgenelist"
 [1]  4  2 34  1  3 27 40 19  8 39 30 37 38  9 10 17 22 33 36 12 14 15 16 18 21
[26] 23 26 28 29 32  5 11 13 20 24 25 31 35
 var4  var2 var34  var1  var3 var27 var40 var19  var8 var39 var30 var37 var38 
   10     9     9     8     7     7     7     6     5     5     4     4     4 
 var9 var10 var17 var22 var33 var36 var12 var14 var15 var16 var18 var21 var23 
    3     3     3     3     3     3     2     2     2     2     2     2     2 
var26 var28 var29 var32  var5 var11 var13 var20 var24 var25 var31 var35 
    2     2     2     2     1     1     1     1     1     1     1     1 
 [1] 1 1 1 1 1 0 0 1 1 1 1 1 1 1 1 1 1 1 1 1 1 1 1 1 1 1 1 1 1 1 1 1 1 1 1 1 1 1
[39] 1 1
[1] 1.0000000 0.8666667 0.9333333
[1] 1.0000000 0.8666667 0.9333333
[1] "accuracy: 80.6195999858085 num_feat:38 fitness:68.3480632832604"
$fitfunc
[1] -68.34806

$cverror
[1] 80.6196

$cvpermerror
[1] 38.38447

$testacc
[1] 100

$reverseacc
[1] 93.33333

[1] -68.34806
[1] "bestgenelist"
 [1]  4  2 34  1  3 27 40 19  8 39 30 37 38  9 10 17 22 33 36 12 14 15 16 18 21
[26] 23 26 28 29 32  5 11 13 20 24 25 31
 var4  var2 var34  var1  var3 var27 var40 var19  var8 var39 var30 var37 var38 
   10     9     9     8     7     7     7     6     5     5     4     4     4 
 var9 var10 var17 var22 var33 var36 var12 var14 var15 var16 var18 var21 var23 
    3     3     3     3     3     3     2     2     2     2     2     2     2 
var26 var28 var29 var32  var5 var11 var13 var20 var24 var25 var31 
    2     2     2     2     1     1     1     1     1     1     1 
 [1] 1 1 1 1 1 0 0 1 1 1 1 1 1 1 1 1 1 1 1 1 1 1 1 1 1 1 1 1 1 1 1 1 1 1 0 1 1 1
[39] 1 1
[1] 1.0000000 0.8666667 0.9333333
[1] 1.0000000 0.8666667 0.9333333
[1] "accuracy: 80.1820025910923 num_feat:37 fitness:67.7045031320182"
$fitfunc
[1] -67.7045

$cverror
[1] 80.182

$cvpermerror
[1] 39.16893

$testacc
[1] 100

$reverseacc
[1] 93.33333

[1] -67.7045
[1] "bestgenelist"
 [1]  4  2 34  1  3 27 40 19  8 39 30 37 38  9 10 17 22 33 36 12 14 15 16 18 21
[26] 23 26 28 29 32  5 11 13 20 24 25
 var4  var2 var34  var1  var3 var27 var40 var19  var8 var39 var30 var37 var38 
   10     9     9     8     7     7     7     6     5     5     4     4     4 
 var9 var10 var17 var22 var33 var36 var12 var14 var15 var16 var18 var21 var23 
    3     3     3     3     3     3     2     2     2     2     2     2     2 
var26 var28 var29 var32  var5 var11 var13 var20 var24 var25 
    2     2     2     2     1     1     1     1     1     1 
 [1] 1 1 1 1 1 0 0 1 1 1 1 1 1 1 1 1 1 1 1 1 1 1 1 1 1 1 1 1 1 1 0 1 1 1 0 1 1 1
[39] 1 1
[1] 1.0000000 0.8666667 0.9333333
[1] 1.0000000 0.8666667 0.9333333
[1] "accuracy: 80.3513380436301 num_feat:36 fitness:68.099940714036"
$fitfunc
[1] -68.09994

$cverror
[1] 80.35134

$cvpermerror
[1] 38.49295

$testacc
[1] 100

$reverseacc
[1] 93.33333

[1] -68.09994
[1] "bestgenelist"
 [1]  4  2 34  1  3 27 40 19  8 39 30 37 38  9 10 17 22 33 36 12 14 15 16 18 21
[26] 23 26 28 29 32  5 11 13 20 24
 var4  var2 var34  var1  var3 var27 var40 var19  var8 var39 var30 var37 var38 
   10     9     9     8     7     7     7     6     5     5     4     4     4 
 var9 var10 var17 var22 var33 var36 var12 var14 var15 var16 var18 var21 var23 
    3     3     3     3     3     3     2     2     2     2     2     2     2 
var26 var28 var29 var32  var5 var11 var13 var20 var24 
    2     2     2     2     1     1     1     1     1 
 [1] 1 1 1 1 1 0 0 1 1 1 1 1 1 1 1 1 1 1 1 1 1 1 1 1 0 1 1 1 1 1 0 1 1 1 0 1 1 1
[39] 1 1
[1] 1.0000000 0.8666667 0.9666667
[1] 1.0000000 0.8666667 0.9666667
[1] "accuracy: 81.668480549819 num_feat:35 fitness:69.1579958702291"
$fitfunc
[1] -69.158

$cverror
[1] 81.66848

$cvpermerror
[1] 39.396

$testacc
[1] 100

$reverseacc
[1] 94.44444

[1] -69.158
[1] "bestgenelist"
 [1]  4  2 34  1  3 27 40 19  8 39 30 37 38  9 10 17 22 33 36 12 14 15 16 18 21
[26] 23 26 28 29 32  5 11 13 20
 var4  var2 var34  var1  var3 var27 var40 var19  var8 var39 var30 var37 var38 
   10     9     9     8     7     7     7     6     5     5     4     4     4 
 var9 var10 var17 var22 var33 var36 var12 var14 var15 var16 var18 var21 var23 
    3     3     3     3     3     3     2     2     2     2     2     2     2 
var26 var28 var29 var32  var5 var11 var13 var20 
    2     2     2     2     1     1     1     1 
 [1] 1 1 1 1 1 0 0 1 1 1 1 1 1 1 1 1 1 1 1 1 1 1 1 0 0 1 1 1 1 1 0 1 1 1 0 1 1 1
[39] 1 1
[1] 1.0000000 0.8666667 0.9666667
[1] 1.0000000 0.8666667 0.9666667
[1] "accuracy: 81.8756356017552 num_feat:34 fitness:69.2968118233596"
$fitfunc
[1] -69.29681

$cverror
[1] 81.87564

$cvpermerror
[1] 39.70022

$testacc
[1] 100

$reverseacc
[1] 94.44444

[1] -69.29681
[1] "bestgenelist"
 [1]  4  2 34  1  3 27 40 19  8 39 30 37 38  9 10 17 22 33 36 12 14 15 16 18 21
[26] 23 26 28 29 32  5 11 13
 var4  var2 var34  var1  var3 var27 var40 var19  var8 var39 var30 var37 var38 
   10     9     9     8     7     7     7     6     5     5     4     4     4 
 var9 var10 var17 var22 var33 var36 var12 var14 var15 var16 var18 var21 var23 
    3     3     3     3     3     3     2     2     2     2     2     2     2 
var26 var28 var29 var32  var5 var11 var13 
    2     2     2     2     1     1     1 
 [1] 1 1 1 1 1 0 0 1 1 1 1 1 1 1 1 1 1 1 1 0 1 1 1 0 0 1 1 1 1 1 0 1 1 1 0 1 1 1
[39] 1 1
[1] 1.0000000 0.8666667 0.9666667
[1] 1.0000000 0.8666667 0.9666667
[1] "accuracy: 83.5634764429124 num_feat:33 fitness:70.6145895123309"
$fitfunc
[1] -70.61459

$cverror
[1] 83.56348

$cvpermerror
[1] 40.96084

$testacc
[1] 100

$reverseacc
[1] 94.44444

[1] -70.61459
[1] "bestgenelist"
 [1]  4  2 34  1  3 27 40 19  8 39 30 37 38  9 10 17 22 33 36 12 14 15 16 18 21
[26] 23 26 28 29 32  5 11
 var4  var2 var34  var1  var3 var27 var40 var19  var8 var39 var30 var37 var38 
   10     9     9     8     7     7     7     6     5     5     4     4     4 
 var9 var10 var17 var22 var33 var36 var12 var14 var15 var16 var18 var21 var23 
    3     3     3     3     3     3     2     2     2     2     2     2     2 
var26 var28 var29 var32  var5 var11 
    2     2     2     2     1     1 
 [1] 1 1 1 1 1 0 0 1 1 1 1 1 0 1 1 1 1 1 1 0 1 1 1 0 0 1 1 1 1 1 0 1 1 1 0 1 1 1
[39] 1 1
[1] 1.0000000 0.8666667 0.9666667
[1] 1.0000000 0.8666667 0.9666667
[1] "accuracy: 83.4310181325088 num_feat:32 fitness:70.5836596218745"
$fitfunc
[1] -70.58366

$cverror
[1] 83.43102

$cvpermerror
[1] 40.71016

$testacc
[1] 100

$reverseacc
[1] 94.44444

[1] -70.58366
[1] "bestgenelist"
 [1]  4  2 34  1  3 27 40 19  8 39 30 37 38  9 10 17 22 33 36 12 14 15 16 18 21
[26] 23 26 28 29 32  5
 var4  var2 var34  var1  var3 var27 var40 var19  var8 var39 var30 var37 var38 
   10     9     9     8     7     7     7     6     5     5     4     4     4 
 var9 var10 var17 var22 var33 var36 var12 var14 var15 var16 var18 var21 var23 
    3     3     3     3     3     3     2     2     2     2     2     2     2 
var26 var28 var29 var32  var5 
    2     2     2     2     1 
 [1] 1 1 1 1 1 0 0 1 1 1 0 1 0 1 1 1 1 1 1 0 1 1 1 0 0 1 1 1 1 1 0 1 1 1 0 1 1 1
[39] 1 1
[1] 1.0000000 0.8666667 0.9666667
[1] 1.0000000 0.8666667 0.9666667
[1] "accuracy: 84.3743079252356 num_feat:31 fitness:71.6413176167843"
$fitfunc
[1] -71.64132

$cverror
[1] 84.37431

$cvpermerror
[1] 40.38082

$testacc
[1] 100

$reverseacc
[1] 94.44444

[1] -71.64132
[1] "bestgenelist"
 [1]  4  2 34  1  3 27 40 19  8 39 30 37 38  9 10 17 22 33 36 12 14 15 16 18 21
[26] 23 26 28 29 32
 var4  var2 var34  var1  var3 var27 var40 var19  var8 var39 var30 var37 var38 
   10     9     9     8     7     7     7     6     5     5     4     4     4 
 var9 var10 var17 var22 var33 var36 var12 var14 var15 var16 var18 var21 var23 
    3     3     3     3     3     3     2     2     2     2     2     2     2 
var26 var28 var29 var32 
    2     2     2     2 
 [1] 1 1 1 1 0 0 0 1 1 1 0 1 0 1 1 1 1 1 1 0 1 1 1 0 0 1 1 1 1 1 0 1 1 1 0 1 1 1
[39] 1 1
[1] 1.0000000 0.8666667 0.9666667
[1] 1.0000000 0.8666667 0.9666667
[1] "accuracy: 83.9376305400852 num_feat:30 fitness:71.2950246278804"
$fitfunc
[1] -71.29502

$cverror
[1] 83.93763

$cvpermerror
[1] 40.17743

$testacc
[1] 100

$reverseacc
[1] 94.44444

[1] -71.29502
[1] "bestgenelist"
 [1]  4  2 34  1  3 27 40 19  8 39 30 37 38  9 10 17 22 33 36 12 14 15 16 18 21
[26] 23 26 28 29
 var4  var2 var34  var1  var3 var27 var40 var19  var8 var39 var30 var37 var38 
   10     9     9     8     7     7     7     6     5     5     4     4     4 
 var9 var10 var17 var22 var33 var36 var12 var14 var15 var16 var18 var21 var23 
    3     3     3     3     3     3     2     2     2     2     2     2     2 
var26 var28 var29 
    2     2     2 
 [1] 1 1 1 1 0 0 0 1 1 1 0 1 0 1 1 1 1 1 1 0 1 1 1 0 0 1 1 1 1 1 0 0 1 1 0 1 1 1
[39] 1 1
[1] 1.0000000 0.9000000 0.9666667
[1] 1.0000000 0.9000000 0.9666667
[1] "accuracy: 85.4037040043702 num_feat:29 fitness:72.6688898495647"
$fitfunc
[1] -72.66889

$cverror
[1] 85.4037

$cvpermerror
[1] 40.51926

$testacc
[1] 100

$reverseacc
[1] 95.55556

[1] -72.66889
[1] "bestgenelist"
 [1]  4  2 34  1  3 27 40 19  8 39 30 37 38  9 10 17 22 33 36 12 14 15 16 18 21
[26] 23 26 28
 var4  var2 var34  var1  var3 var27 var40 var19  var8 var39 var30 var37 var38 
   10     9     9     8     7     7     7     6     5     5     4     4     4 
 var9 var10 var17 var22 var33 var36 var12 var14 var15 var16 var18 var21 var23 
    3     3     3     3     3     3     2     2     2     2     2     2     2 
var26 var28 
    2     2 
 [1] 1 1 1 1 0 0 0 1 1 1 0 1 0 1 1 1 1 1 1 0 1 1 1 0 0 1 1 1 0 1 0 0 1 1 0 1 1 1
[39] 1 1
[1] 1.0000000 0.9000000 0.9666667
[1] 1.0000000 0.9000000 0.9666667
[1] "accuracy: 85.9264108631732 num_feat:28 fitness:73.1039604978527"
$fitfunc
[1] -73.10396

$cverror
[1] 85.92641

$cvpermerror
[1] 40.87729

$testacc
[1] 100

$reverseacc
[1] 95.55556

[1] -73.10396
[1] "bestgenelist"
 [1]  4  2 34  1  3 27 40 19  8 39 30 37 38  9 10 17 22 33 36 12 14 15 16 18 21
[26] 23 26
 var4  var2 var34  var1  var3 var27 var40 var19  var8 var39 var30 var37 var38 
   10     9     9     8     7     7     7     6     5     5     4     4     4 
 var9 var10 var17 var22 var33 var36 var12 var14 var15 var16 var18 var21 var23 
    3     3     3     3     3     3     2     2     2     2     2     2     2 
var26 
    2 
 [1] 1 1 1 1 0 0 0 1 1 1 0 1 0 1 1 1 1 1 1 0 1 1 1 0 0 1 1 0 0 1 0 0 1 1 0 1 1 1
[39] 1 1
[1] 1.0000000 0.9000000 0.9666667
[1] 1.0000000 0.9000000 0.9666667
[1] "accuracy: 87.7855145204248 num_feat:27 fitness:75.0870212610469"
$fitfunc
[1] -75.08702

$cverror
[1] 87.78551

$cvpermerror
[1] 40.48546

$testacc
[1] 100

$reverseacc
[1] 95.55556

[1] -75.08702
[1] "bestgenelist"
 [1]  4  2 34  1  3 27 40 19  8 39 30 37 38  9 10 17 22 33 36 12 14 15 16 18 21
[26] 23
 var4  var2 var34  var1  var3 var27 var40 var19  var8 var39 var30 var37 var38 
   10     9     9     8     7     7     7     6     5     5     4     4     4 
 var9 var10 var17 var22 var33 var36 var12 var14 var15 var16 var18 var21 var23 
    3     3     3     3     3     3     2     2     2     2     2     2     2 
 [1] 1 1 1 1 0 0 0 1 1 1 0 1 0 1 1 1 1 1 1 0 1 1 1 0 0 0 1 0 0 1 0 0 1 1 0 1 1 1
[39] 1 1
[1] 1.0000000 0.9333333 0.9666667
[1] 1.0000000 0.9333333 0.9666667
[1] "accuracy: 87.4367282053101 num_feat:26 fitness:75.5377098893405"
$fitfunc
[1] -75.53771

$cverror
[1] 87.43673

$cvpermerror
[1] 37.9155

$testacc
[1] 100

$reverseacc
[1] 96.66667

[1] -75.53771
[1] "bestgenelist"
 [1]  4  2 34  1  3 27 40 19  8 39 30 37 38  9 10 17 22 33 36 12 14 15 16 18 21
 var4  var2 var34  var1  var3 var27 var40 var19  var8 var39 var30 var37 var38 
   10     9     9     8     7     7     7     6     5     5     4     4     4 
 var9 var10 var17 var22 var33 var36 var12 var14 var15 var16 var18 var21 
    3     3     3     3     3     3     2     2     2     2     2     2 
 [1] 1 1 1 1 0 0 0 1 1 1 0 1 0 1 1 1 1 1 1 0 1 1 0 0 0 0 1 0 0 1 0 0 1 1 0 1 1 1
[39] 1 1
[1] 1.0000000 0.9666667 1.0000000
[1] 1.0000000 0.9666667 1.0000000
[1] "accuracy: 88.3342207832312 num_feat:25 fitness:75.6145777661844"
$fitfunc
[1] -75.61458

$cverror
[1] 88.33422

$cvpermerror
[1] 40.70434

$testacc
[1] 100

$reverseacc
[1] 98.88889

[1] -75.61458
[1] "bestgenelist"
 [1]  4  2 34  1  3 27 40 19  8 39 30 37 38  9 10 17 22 33 36 12 14 15 16 18
 var4  var2 var34  var1  var3 var27 var40 var19  var8 var39 var30 var37 var38 
   10     9     9     8     7     7     7     6     5     5     4     4     4 
 var9 var10 var17 var22 var33 var36 var12 var14 var15 var16 var18 
    3     3     3     3     3     3     2     2     2     2     2 
 [1] 1 1 1 1 0 0 0 1 1 1 0 1 0 1 1 1 1 1 1 0 0 1 0 0 0 0 1 0 0 1 0 0 1 1 0 1 1 1
[39] 1 1
[1] 1.0000000 0.9666667 0.9666667
[1] 1.0000000 0.9666667 0.9666667
[1] "accuracy: 88.2393200360352 num_feat:24 fitness:75.6365801342568"
$fitfunc
[1] -75.63658

$cverror
[1] 88.23932

$cvpermerror
[1] 40.40116

$testacc
[1] 100

$reverseacc
[1] 97.77778

[1] -75.63658
[1] "bestgenelist"
 [1]  4  2 34  1  3 27 40 19  8 39 30 37 38  9 10 17 22 33 36 12 14 15 16
 var4  var2 var34  var1  var3 var27 var40 var19  var8 var39 var30 var37 var38 
   10     9     9     8     7     7     7     6     5     5     4     4     4 
 var9 var10 var17 var22 var33 var36 var12 var14 var15 var16 
    3     3     3     3     3     3     2     2     2     2 
 [1] 1 1 1 1 0 0 0 1 1 1 0 1 0 1 1 1 1 0 1 0 0 1 0 0 0 0 1 0 0 1 0 0 1 1 0 1 1 1
[39] 1 1
[1] 1.0000000 0.9333333 0.9666667
[1] 1.0000000 0.9333333 0.9666667
[1] "accuracy: 87.9251606159103 num_feat:23 fitness:75.6675661552401"
$fitfunc
[1] -75.66757

$cverror
[1] 87.92516

$cvpermerror
[1] 39.34448

$testacc
[1] 100

$reverseacc
[1] 96.66667

[1] -75.66757
[1] "bestgenelist"
 [1]  4  2 34  1  3 27 40 19  8 39 30 37 38  9 10 17 22 33 36 12 14 15
 var4  var2 var34  var1  var3 var27 var40 var19  var8 var39 var30 var37 var38 
   10     9     9     8     7     7     7     6     5     5     4     4     4 
 var9 var10 var17 var22 var33 var36 var12 var14 var15 
    3     3     3     3     3     3     2     2     2 
 [1] 1 1 1 1 0 0 0 1 1 1 0 1 0 1 1 0 1 0 1 0 0 1 0 0 0 0 1 0 0 1 0 0 1 1 0 1 1 1
[39] 1 1
[1] 1.0000000 0.9333333 0.9666667
[1] 1.0000000 0.9333333 0.9666667
[1] "accuracy: 88.4363122269334 num_feat:22 fitness:76.4540600289432"
$fitfunc
[1] -76.45406

$cverror
[1] 88.43631

$cvpermerror
[1] 38.49296

$testacc
[1] 100

$reverseacc
[1] 96.66667

[1] -76.45406
[1] "bestgenelist"
 [1]  4  2 34  1  3 27 40 19  8 39 30 37 38  9 10 17 22 33 36 12 14
 var4  var2 var34  var1  var3 var27 var40 var19  var8 var39 var30 var37 var38 
   10     9     9     8     7     7     7     6     5     5     4     4     4 
 var9 var10 var17 var22 var33 var36 var12 var14 
    3     3     3     3     3     3     2     2 
 [1] 1 1 1 1 0 0 0 1 1 1 0 1 0 1 0 0 1 0 1 0 0 1 0 0 0 0 1 0 0 1 0 0 1 1 0 1 1 1
[39] 1 1
[1] 1.0000000 0.9333333 1.0000000
[1] 1.0000000 0.9333333 1.0000000
[1] "accuracy: 85.1534381425212 num_feat:21 fitness:72.9752516603834"
$fitfunc
[1] -72.97525

$cverror
[1] 85.15344

$cvpermerror
[1] 39.33884

$testacc
[1] 100

$reverseacc
[1] 97.77778

[1] -72.97525
[1] "bestgenelist"
 [1]  4  2 34  1  3 27 40 19  8 39 30 37 38  9 10 17 22 33 36 12
 var4  var2 var34  var1  var3 var27 var40 var19  var8 var39 var30 var37 var38 
   10     9     9     8     7     7     7     6     5     5     4     4     4 
 var9 var10 var17 var22 var33 var36 var12 
    3     3     3     3     3     3     2 
 [1] 1 1 1 1 0 0 0 1 1 1 0 1 0 0 0 0 1 0 1 0 0 1 0 0 0 0 1 0 0 1 0 0 1 1 0 1 1 1
[39] 1 1
[1] 1.0000000 0.9333333 1.0000000
[1] 1.0000000 0.9333333 1.0000000
[1] "accuracy: 85.4100851720037 num_feat:20 fitness:73.0881104269519"
$fitfunc
[1] -73.08811

$cverror
[1] 85.41009

$cvpermerror
[1] 39.89291

$testacc
[1] 100

$reverseacc
[1] 97.77778

[1] -73.08811
[1] "bestgenelist"
 [1]  4  2 34  1  3 27 40 19  8 39 30 37 38  9 10 17 22 33 36
 var4  var2 var34  var1  var3 var27 var40 var19  var8 var39 var30 var37 var38 
   10     9     9     8     7     7     7     6     5     5     4     4     4 
 var9 var10 var17 var22 var33 var36 
    3     3     3     3     3     3 
 [1] 1 1 1 1 0 0 0 1 1 1 0 0 0 0 0 0 1 0 1 0 0 1 0 0 0 0 1 0 0 1 0 0 1 1 0 1 1 1
[39] 1 1
[1] 1.0000000 0.9333333 1.0000000
[1] 1.0000000 0.9333333 1.0000000
[1] "accuracy: 86.8972429095151 num_feat:19 fitness:74.3929241088941"
$fitfunc
[1] -74.39292

$cverror
[1] 86.89724

$cvpermerror
[1] 40.53449

$testacc
[1] 100

$reverseacc
[1] 97.77778

[1] -74.39292
[1] "bestgenelist"
 [1]  4  2 34  1  3 27 40 19  8 39 30 37 38  9 10 17 22 33
 var4  var2 var34  var1  var3 var27 var40 var19  var8 var39 var30 var37 var38 
   10     9     9     8     7     7     7     6     5     5     4     4     4 
 var9 var10 var17 var22 var33 
    3     3     3     3     3 
 [1] 1 1 1 1 0 0 0 1 1 1 0 0 0 0 0 0 1 0 1 0 0 1 0 0 0 0 1 0 0 1 0 0 1 1 0 0 1 1
[39] 1 1
[1] 1.0000000 0.9666667 1.0000000
[1] 1.0000000 0.9666667 1.0000000
[1] "accuracy: 86.5026357642203 num_feat:18 fitness:74.3438370152313"
$fitfunc
[1] -74.34384

$cverror
[1] 86.50264

$cvpermerror
[1] 39.47924

$testacc
[1] 100

$reverseacc
[1] 98.88889

[1] -74.34384
[1] "bestgenelist"
 [1]  4  2 34  1  3 27 40 19  8 39 30 37 38  9 10 17 22
 var4  var2 var34  var1  var3 var27 var40 var19  var8 var39 var30 var37 var38 
   10     9     9     8     7     7     7     6     5     5     4     4     4 
 var9 var10 var17 var22 
    3     3     3     3 
 [1] 1 1 1 1 0 0 0 1 1 1 0 0 0 0 0 0 1 0 1 0 0 1 0 0 0 0 1 0 0 1 0 0 0 1 0 0 1 1
[39] 1 1
[1] 1 1 1
[1] 1 1 1
[1] "accuracy: 85.9442529092409 num_feat:17 fitness:74.025301115317"
$fitfunc
[1] -74.0253

$cverror
[1] 85.94425

$cvpermerror
[1] 38.7817

$testacc
[1] 100

$reverseacc
[1] 100

[1] -74.0253
[1] "bestgenelist"
 [1]  4  2 34  1  3 27 40 19  8 39 30 37 38  9 10 17
 var4  var2 var34  var1  var3 var27 var40 var19  var8 var39 var30 var37 var38 
   10     9     9     8     7     7     7     6     5     5     4     4     4 
 var9 var10 var17 
    3     3     3 
 [1] 1 1 1 1 0 0 0 1 1 1 0 0 0 0 0 0 1 0 1 0 0 0 0 0 0 0 1 0 0 1 0 0 0 1 0 0 1 1
[39] 1 1
[1] 1 1 1
[1] 1 1 1
[1] "accuracy: 86.9277086670101 num_feat:16 fitness:74.4217945193094"
$fitfunc
[1] -74.42179

$cverror
[1] 86.92771

$cvpermerror
[1] 40.78879

$testacc
[1] 100

$reverseacc
[1] 100

[1] -74.42179
[1] "bestgenelist"
 [1]  4  2 34  1  3 27 40 19  8 39 30 37 38  9 10
 var4  var2 var34  var1  var3 var27 var40 var19  var8 var39 var30 var37 var38 
   10     9     9     8     7     7     7     6     5     5     4     4     4 
 var9 var10 
    3     3 
 [1] 1 1 1 1 0 0 0 1 1 1 0 0 0 0 0 0 0 0 1 0 0 0 0 0 0 0 1 0 0 1 0 0 0 1 0 0 1 1
[39] 1 1
[1] 1 1 1
[1] 1 1 1
[1] "accuracy: 88.9048124813187 num_feat:15 fitness:76.1723796657886"
$fitfunc
[1] -76.17238

$cverror
[1] 88.90481

$cvpermerror
[1] 41.56128

$testacc
[1] 100

$reverseacc
[1] 100

[1] -76.17238
[1] "bestgenelist"
 [1]  4  2 34  1  3 27 40 19  8 39 30 37 38  9
 var4  var2 var34  var1  var3 var27 var40 var19  var8 var39 var30 var37 var38 
   10     9     9     8     7     7     7     6     5     5     4     4     4 
 var9 
    3 
 [1] 1 1 1 1 0 0 0 1 1 0 0 0 0 0 0 0 0 0 1 0 0 0 0 0 0 0 1 0 0 1 0 0 0 1 0 0 1 1
[39] 1 1
[1] 1 1 1
[1] 1 1 1
[1] "accuracy: 90.1291752855868 num_feat:14 fitness:77.4650041624685"
$fitfunc
[1] -77.465

$cverror
[1] 90.12918

$cvpermerror
[1] 41.37626

$testacc
[1] 100

$reverseacc
[1] 100

[1] -77.465
[1] "bestgenelist"
 [1]  4  2 34  1  3 27 40 19  8 39 30 37 38
 var4  var2 var34  var1  var3 var27 var40 var19  var8 var39 var30 var37 var38 
   10     9     9     8     7     7     7     6     5     5     4     4     4 
 [1] 1 1 1 1 0 0 0 1 0 0 0 0 0 0 0 0 0 0 1 0 0 0 0 0 0 0 1 0 0 1 0 0 0 1 0 0 1 1
[39] 1 1
[1] 1 1 1
[1] 1 1 1
[1] "accuracy: 91.243836340231 num_feat:13 fitness:78.9019276437749"
$fitfunc
[1] -78.90193

$cverror
[1] 91.24384

$cvpermerror
[1] 40.34823

$testacc
[1] 100

$reverseacc
[1] 100

[1] -78.90193
[1] "bestgenelist"
 [1]  4  2 34  1  3 27 40 19  8 39 30 37
 var4  var2 var34  var1  var3 var27 var40 var19  var8 var39 var30 var37 
   10     9     9     8     7     7     7     6     5     5     4     4 
 [1] 1 1 1 1 0 0 0 1 0 0 0 0 0 0 0 0 0 0 1 0 0 0 0 0 0 0 1 0 0 1 0 0 0 1 0 0 1 0
[39] 1 1
[1] 1 1 1
[1] 1 1 1
[1] "accuracy: 91.2937980640638 num_feat:12 fitness:79.1813126942036"
$fitfunc
[1] -79.18131

$cverror
[1] 91.2938

$cvpermerror
[1] 39.62812

$testacc
[1] 98.88889

$reverseacc
[1] 100

[1] -79.18131
[1] "bestgenelist"
 [1]  4  2 34  1  3 27 40 19  8 39 30
 var4  var2 var34  var1  var3 var27 var40 var19  var8 var39 var30 
   10     9     9     8     7     7     7     6     5     5     4 
 [1] 1 1 1 1 0 0 0 1 0 0 0 0 0 0 0 0 0 0 1 0 0 0 0 0 0 0 1 0 0 1 0 0 0 1 0 0 0 0
[39] 1 1
[1] 1 1 1
[1] 1 1 1
[1] "accuracy: 92.4022142351834 num_feat:11 fitness:80.5950640187537"
$fitfunc
[1] -80.59506

$cverror
[1] 92.40221

$cvpermerror
[1] 38.65672

$testacc
[1] 98.88889

$reverseacc
[1] 100

[1] -80.59506
[1] "bestgenelist"
 [1]  4  2 34  1  3 27 40 19  8 39
 var4  var2 var34  var1  var3 var27 var40 var19  var8 var39 
   10     9     9     8     7     7     7     6     5     5 
 [1] 1 1 1 1 0 0 0 1 0 0 0 0 0 0 0 0 0 0 1 0 0 0 0 0 0 0 1 0 0 0 0 0 0 1 0 0 0 0
[39] 1 1
[1] 1 1 1
[1] 1 1 1
[1] "accuracy: 91.997003869767 num_feat:10 fitness:80.2469971793456"
$fitfunc
[1] -80.247

$cverror
[1] 91.997

$cvpermerror
[1] 38.52605

$testacc
[1] 97.77778

$reverseacc
[1] 100

[1] -80.247
[1] "bestgenelist"
[1]  4  2 34  1  3 27 40 19  8
 var4  var2 var34  var1  var3 var27 var40 var19  var8 
   10     9     9     8     7     7     7     6     5 
 [1] 1 1 1 1 0 0 0 1 0 0 0 0 0 0 0 0 0 0 1 0 0 0 0 0 0 0 1 0 0 0 0 0 0 1 0 0 0 0
[39] 0 1
[1] 1 1 1
[1] 1 1 1
[1] "accuracy: 92.356812366368 num_feat:9 fitness:80.8977043950099"
$fitfunc
[1] -80.8977

$cverror
[1] 92.35681

$cvpermerror
[1] 37.66476

$testacc
[1] 98.88889

$reverseacc
[1] 100

[1] -80.8977
[1] "bestgenelist"
[1]  4  2 34  1  3 27 40 19
 var4  var2 var34  var1  var3 var27 var40 var19 
   10     9     9     8     7     7     7     6 
 [1] 1 1 1 1 0 0 0 0 0 0 0 0 0 0 0 0 0 0 1 0 0 0 0 0 0 0 1 0 0 0 0 0 0 1 0 0 0 0
[39] 0 1
[1] 1.0000000 0.9666667 1.0000000
[1] 1.0000000 0.9666667 1.0000000
[1] "accuracy: 90.0534272184138 num_feat:8 fitness:77.9554386722759"
$fitfunc
[1] -77.95544

$cverror
[1] 90.05343

$cvpermerror
[1] 39.95448

$testacc
[1] 98.88889

$reverseacc
[1] 98.88889

[1] -77.95544
[1] "bestgenelist"
[1]  4  2 34  1  3 27 40
 var4  var2 var34  var1  var3 var27 var40 
   10     9     9     8     7     7     7 
 [1] 1 1 1 1 0 0 0 0 0 0 0 0 0 0 0 0 0 0 0 0 0 0 0 0 0 0 1 0 0 0 0 0 0 1 0 0 0 0
[39] 0 1
[1] 1.0000000 0.9666667 0.9333333
[1] 1.0000000 0.9666667 0.9333333
[1] "accuracy: 87.4363138460136 num_feat:7 fitness:75.6203575265894"
$fitfunc
[1] -75.62036

$cverror
[1] 87.43631

$cvpermerror
[1] 39.22198

$testacc
[1] 100

$reverseacc
[1] 96.66667

[1] -75.62036
[1] "bestgenelist"
[1]  4  2 34  1  3 27
 var4  var2 var34  var1  var3 var27 
   10     9     9     8     7     7 
 [1] 1 1 1 1 0 0 0 0 0 0 0 0 0 0 0 0 0 0 0 0 0 0 0 0 0 0 1 0 0 0 0 0 0 1 0 0 0 0
[39] 0 0
[1] 1.0000000 0.9333333 0.9333333
[1] 1.0000000 0.9333333 0.9333333
[1] "accuracy: 87.7446895031009 num_feat:6 fitness:76.267970364714"
$fitfunc
[1] -76.26797

$cverror
[1] 87.74469

$cvpermerror
[1] 38.05313

$testacc
[1] 96.66667

$reverseacc
[1] 95.55556

[1] -76.26797
[1] "bestgenelist"
[1]  4  2 34  1  3
 var4  var2 var34  var1  var3 
   10     9     9     8     7 
 [1] 1 1 1 1 0 0 0 0 0 0 0 0 0 0 0 0 0 0 0 0 0 0 0 0 0 0 0 0 0 0 0 0 0 1 0 0 0 0
[39] 0 0
[1] 1.0000000 0.9333333 0.9333333
[1] 1.0000000 0.9333333 0.9333333
[1] "accuracy: 90.8845200321502 num_feat:5 fitness:79.9181682191803"
$fitfunc
[1] -79.91817

$cverror
[1] 90.88452

$cvpermerror
[1] 36.33058

$testacc
[1] 96.66667

$reverseacc
[1] 95.55556

[1] -79.91817
[1] "bestgenelist"
[1]  4  2 34  1
 var4  var2 var34  var1 
   10     9     9     8 
 [1] 1 1 0 1 0 0 0 0 0 0 0 0 0 0 0 0 0 0 0 0 0 0 0 0 0 0 0 0 0 0 0 0 0 1 0 0 0 0
[39] 0 0
[1] 1.0000000 0.9666667 0.9000000
[1] 1.0000000 0.9666667 0.9000000
[1] "accuracy: 89.1071987318124 num_feat:4 fitness:77.9294333114639"
$fitfunc
[1] -77.92943

$cverror
[1] 89.1072

$cvpermerror
[1] 37.2149

$testacc
[1] 97.77778

$reverseacc
[1] 95.55556

[1] -77.92943
[1] "bestgenelist"
[1]  4  2 34
 var4  var2 var34 
   10     9     9 
 [1] 0 1 0 1 0 0 0 0 0 0 0 0 0 0 0 0 0 0 0 0 0 0 0 0 0 0 0 0 0 0 0 0 0 1 0 0 0 0
[39] 0 0
[1] 1.0000000 0.9666667 0.9333333
[1] 1.0000000 0.9666667 0.9333333
[1] "accuracy: 90.4837962277076 num_feat:3 fitness:78.8707996637645"
$fitfunc
[1] -78.8708

$cverror
[1] 90.4838

$cvpermerror
[1] 38.66608

$testacc
[1] 96.66667

$reverseacc
[1] 96.66667

[1] -78.8708
[1] "bestgenelist"
[1] 4 2
var4 var2 
  10    9 
 [1] 0 1 0 1 0 0 0 0 0 0 0 0 0 0 0 0 0 0 0 0 0 0 0 0 0 0 0 0 0 0 0 0 0 0 0 0 0 0
[39] 0 0
[1] "accuracy: 1 num_feat:2 fitness:-100"
$fitfunc
[1] 100

$cverror
[1] 1

$cvpermerror
[1] 100

$testacc
[1] 1

$reverseacc
[1] 1

[1] 100
[1] "bestgenelist"
[1] 4
var4 
  10 
 [1] 0 0 0 1 0 0 0 0 0 0 0 0 0 0 0 0 0 0 0 0 0 0 0 0 0 0 0 0 0 0 0 0 0 0 0 0 0 0
[39] 0 0
[1] "accuracy: 1 num_feat:1 fitness:-100"
$fitfunc
[1] 100

$cverror
[1] 1

$cvpermerror
[1] 100

$testacc
[1] 1

$reverseacc
[1] 1

[1] 100
[1] "Number of features selected in 10 iterations:"
[1] 9
[1] "Modified train 10 fold accuracy using train data is "
[1] 95.55556
[1] "Modified train accuracy is "
[1] 0.9888889
[1] "train confusion matrix is "
            trainclass
pred_train   setosa versicolor virginica
  setosa         30          0         0
  versicolor      0         30         1
  virginica       0          0        29
[1] "Train dimension is "
[1] 90  9
[1] "Test dimension is "
[1] 60  9
[1] "Test confusion matrix is "
            
pred         setosa versicolor virginica
  setosa         20          0         0
  versicolor      0         16         9
  virginica       0          4        11
[1] "Test acc is "
[1] 0.7833333
[1] "train 10 fold"
[1] 95.55556
[1] "Test confusion matrix is "
            
pred         setosa versicolor virginica
  setosa         20          0         0
  versicolor      0         16         9
  virginica       0          4        11
[1] "Test acc is "
[1] 0.7833333
[1] "Test AUC:"
[1] 0.8916667
[1] "Train acc is "
[1] 0.9888889
[1] "# of features after PSO:"
[1] 90 10
     user    system   elapsed 
  253.589   161.311 15692.380 
There were 50 or more warnings (use warnings() to see the first 50)
> 
> 
> 
> feat_ind<-psores$bestfeatlist
> feat_names<-psores$bestfeatnames
> 
> scoringmatrix<-as.data.frame(psores$scoringmatrix)
> print(scoringmatrix)
      V1 V2 V3 V4 V5 V6 V7 V8 V9 V10
var1   1  1  0  1  1  1  0  1  1   1
var2   1  1  1  1  1  1  0  1  1   1
var3   0  0  1  1  0  1  1  1  1   1
var4   1  1  1  1  1  1  1  1  1   1
var5   0  0  0  0  0  1  0  0  0   0
var6   0  0  0  0  0  0  0  0  0   0
var7   0  0  0  0  0  0  0  0  0   0
var8   0  1  0  1  0  1  0  1  1   0
var9   0  1  1  0  0  0  0  0  0   1
var10  1  0  1  0  0  1  0  0  0   0
var11  0  0  0  0  0  1  0  0  0   0
var12  0  0  0  0  0  1  0  0  0   1
var13  1  0  0  0  0  0  0  0  0   0
var14  0  1  1  0  0  0  0  0  0   0
var15  0  0  1  0  0  1  0  0  0   0
var16  0  0  1  0  0  0  0  0  1   0
var17  0  0  1  0  0  1  0  1  0   0
var18  0  1  1  0  0  0  0  0  0   0
var19  0  0  1  1  0  1  1  1  1   0
var20  1  0  0  0  0  0  0  0  0   0
var21  1  0  0  1  0  0  0  0  0   0
var22  1  0  1  0  0  0  0  1  0   0
var23  0  0  0  0  0  1  0  0  1   0
var24  0  0  1  0  0  0  0  0  0   0
var25  0  0  0  0  0  1  0  0  0   0
var26  0  0  0  0  0  0  0  0  1   1
var27  1  1  1  0  1  0  1  1  1   0
var28  0  0  1  0  0  0  0  0  0   1
var29  0  0  0  1  0  0  0  0  1   0
var30  1  0  0  0  1  1  0  0  0   1
var31  0  0  1  0  0  0  0  0  0   0
var32  0  0  1  0  0  0  1  0  0   0
var33  0  0  0  0  0  1  0  1  0   1
var34  1  1  1  1  1  1  1  0  1   1
var35  0  0  0  0  0  1  0  0  0   0
var36  0  1  0  0  0  0  1  1  0   0
var37  0  1  0  0  0  1  0  1  1   0
var38  0  0  1  1  0  0  1  1  0   0
var39  1  1  1  1  0  0  0  0  0   1
var40  0  1  1  0  1  1  1  0  1   1
> print(feat_names[feat_ind])
[1] "var4"  "var2"  "var34" "var1"  "var3"  "var27" "var40" "var19" "var8" 
> 
> save(psores,file="psores.Rda")
> print("Complete")
[1] "Complete"
> 
