
R version 3.4.0 (2017-04-21) -- "You Stupid Darkness"
Copyright (C) 2017 The R Foundation for Statistical Computing
Platform: x86_64-pc-linux-gnu (64-bit)

R is free software and comes with ABSOLUTELY NO WARRANTY.
You are welcome to redistribute it under certain conditions.
Type 'license()' or 'licence()' for distribution details.

  Natural language support but running in an English locale

R is a collaborative project with many contributors.
Type 'contributors()' for more information and
'citation()' on how to cite R or R packages in publications.

Type 'demo()' for some demos, 'help()' for on-line help, or
'help.start()' for an HTML browser interface to help.
Type 'q()' to quit R.

> 
> #.libPaths("/home/kuppal3/karan_libs/Rlibs")
> library(snow)
> library(e1071)
> library(yaImpute)

Attaching package: ‘yaImpute’

The following object is masked from ‘package:e1071’:

    impute

> library(pROC)
Type 'citation("pROC")' for a citation.

Attaching package: ‘pROC’

The following objects are masked from ‘package:stats’:

    cov, smooth, var

> library(bioDist)
Loading required package: Biobase
Loading required package: BiocGenerics
Loading required package: parallel

Attaching package: ‘parallel’

The following objects are masked from ‘package:snow’:

    clusterApply, clusterApplyLB, clusterCall, clusterEvalQ,
    clusterExport, clusterMap, clusterSplit, makeCluster, parApply,
    parCapply, parLapply, parRapply, parSapply, splitIndices,
    stopCluster


Attaching package: ‘BiocGenerics’

The following objects are masked from ‘package:parallel’:

    clusterApply, clusterApplyLB, clusterCall, clusterEvalQ,
    clusterExport, clusterMap, parApply, parCapply, parLapply,
    parLapplyLB, parRapply, parSapply, parSapplyLB

The following object is masked from ‘package:pROC’:

    var

The following objects are masked from ‘package:snow’:

    clusterApply, clusterApplyLB, clusterCall, clusterEvalQ,
    clusterExport, clusterMap, parApply, parCapply, parLapply,
    parRapply, parSapply

The following objects are masked from ‘package:stats’:

    IQR, mad, sd, var, xtabs

The following objects are masked from ‘package:base’:

    anyDuplicated, append, as.data.frame, cbind, colMeans, colnames,
    colSums, do.call, duplicated, eval, evalq, Filter, Find, get, grep,
    grepl, intersect, is.unsorted, lapply, lengths, Map, mapply, match,
    mget, order, paste, pmax, pmax.int, pmin, pmin.int, Position, rank,
    rbind, Reduce, rowMeans, rownames, rowSums, sapply, setdiff, sort,
    table, tapply, union, unique, unsplit, which, which.max, which.min

Welcome to Bioconductor

    Vignettes contain introductory material; view with
    'browseVignettes()'. To cite Bioconductor, see
    'citation("Biobase")', and for packages 'citation("pkgname")'.

Loading required package: KernSmooth
KernSmooth 2.23 loaded
Copyright M. P. Wand 1997-2009
> #library(CMA, lib="/home/kuppal3/karan_libs/Rlibs/")
> library(RankAggreg)
> library(CMA)

Attaching package: ‘CMA’

The following object is masked from ‘package:pROC’:

    roc

The following object is masked from ‘package:e1071’:

    tune

> library(expm)
Loading required package: Matrix

Attaching package: ‘expm’

The following object is masked from ‘package:Matrix’:

    expm

> library(plyr)

Attaching package: ‘plyr’

The following object is masked from ‘package:CMA’:

    join

> library(doParallel)
Loading required package: foreach
Loading required package: iterators
> cl<-makeCluster(1)
> 
> 
> args<-commandArgs(trailingOnly=TRUE)
> 
> #dirloc<-"/Users/karanuppal/Documents/Gatech/Projects/Algorithms/TwostagePSO/"
> #sname<-paste("/home/stu/kuppal3/Research/Feature_selection/Rcode/versionnov2014/OCFS_",args[9],".R",sep="")
> 
> sname<-paste("/home/kuppal2/Documents/Projects/xmsPANDA/Other/scripts/OCFS_",args[9],".R",sep="")
> source(sname)
> print(sname)
[1] "/home/kuppal2/Documents/Projects/xmsPANDA/Other/scripts/OCFS_vmay2415_v32_FINAL_92118.R"
> 
> dirloc<-"/home/kuppal2/Documents/Projects/xmsPANDA/Other/Datasets/MAQCII_BreastCancer/"
> setwd(dirloc)
> 
> 
> 
> outloc<-paste(dirloc,"/OCFSvmay2415_MAQCER",args[9],"/",sep="")
> 
> 
> sname<-paste(dirloc,"MaqcIIbr.Rda",sep="")
> load(sname)
> 
> trainm<-MaqcIIbr$trainx
> testm<-MaqcIIbr$testx
> trainclass<-MaqcIIbr$trainER #PCRvsRD
> testclass<-MaqcIIbr$testER #PCRvsRD
> 
> trainm<-trainm[,-c(22284)]
> testm<-testm[,-c(22284)]
> trainm<-apply(trainm,2,as.numeric)
> testm<-apply(testm,2,as.numeric)
> 
> trainm<-cbind(trainclass,trainm)
> testm<-cbind(testclass,testm)
> 
> trainm<-na.omit(trainm)
> testm<-na.omit(testm)
> 
> dir.create(outloc)
Warning message:
In dir.create(outloc) :
  '/home/kuppal2/Documents/Projects/xmsPANDA/Other/Datasets/MAQCII_BreastCancer//OCFSvmay2415_MAQCERvmay2415_v32_FINAL_92118' already exists
> setwd(outloc)
> 
> 
> trainm<-as.matrix(trainm)
> testm<-as.matrix(testm)
> trainclass<-trainm[,1] #CMAres$modtrainclass
> testclass<-testm[,1] #CMAres$modtestclass
> trainm<-trainm[,-c(1)] #CMAres$modtrainmata
> testm<-testm[,-c(1)] #CMAres$modtestmata
> 
> #a: Confusions
> #b: Neighbors
> #c: Global
> #d: Death
> 
> a<-c(0.25,0.25,0.25,0.25)
> b<-c(0.3,0.1,0.4,0.1)
> c<-c(0.25,0.25,0.5,0)
> d<-c(0.9,0.1,0,0.1)
> 
> a<-c(0,0.4,0.1,0.5)
> b<-c(0.3,0.1,0.4,0.1)
> c<-c(0,0.5,0.5,0)
> d<-c(0.9,0.1,0,0)
> 
> a<-c(0,0.4,0.1,0.5)
> b<-c(0.2,0.3,0.4,0.1)
> c<-c(0,0.4,0.4,0.2)
> d<-c(0.9,0.1,0,0)
> 
> transition_matrix<-rbind(a,b,c,d)
> 
> 
> dir.create(outloc)
Warning message:
In dir.create(outloc) :
  '/home/kuppal2/Documents/Projects/xmsPANDA/Other/Datasets/MAQCII_BreastCancer//OCFSvmay2415_MAQCERvmay2415_v32_FINAL_92118' already exists
> setwd(outloc)
> temp2=t(trainm)
> temp2=apply(temp2, 2, function(x){which(x=="MD")})
> temp2=unlist(temp2)
> temp2=unique(temp2)
> if(length(temp2)>1)
+ {
+ 	trainm=trainm[,-c(temp2)]
+ 
+ 	rm(temp2)
+ }
> 
> boostweight=rep(0,dim(trainm)[2])
> 
> print("max num")
[1] "max num"
> print(as.numeric(args[10]))
[1] 3
> 
> #if(FALSE)
> {
+ CMAres<-performCMA(trainm, trainclass, testm, testclass,outloc,
+ maxnum=as.numeric(args[10]),
+ minnum=3,
+ stepitr=1,
+ gsmethods=c("limma"), #"lasso","elasticnet","kruskal.test"), #"f.test", "f.test", "elasticnet", "wilcox.test", "welch.test"),
+ pct_train=0.40,
+ accuracyweight=1,
+ featweight=0.06,
+ minpresent=1,
+ kname="radial",
+ norm_method="none",
+ tolerance=0.5,
+ maxitrs=5,
+ classindex=1,
+ numfacts=0,
+ evalmethod="CV",
+ numfolds=10,
+ CVfoldthresh=0.7,
+ varselmethod=args[11],
+ scheme_val="one-vs-all",
+ iter_learn=1,boostweight=rep(0,dim(trainm)[2]))
+ 
+ 
+ CMAres<-performCMA(trainm, trainclass, testm, testclass,outloc,
+ maxnum=as.numeric(args[10]),
+ minnum=3,
+ stepitr=1,
+ gsmethods=c("lasso"), #"lasso","elasticnet","kruskal.test"), #"f.test", "f.test", "elasticnet", "wilcox.test", "welch.test"),
+ pct_train=0.40,
+ accuracyweight=1,
+ featweight=0.06,
+ minpresent=1,
+ kname="radial",
+ norm_method="none",
+ tolerance=0.5,
+ maxitrs=5,
+ classindex=1,
+ numfacts=0,
+ evalmethod="CV",
+ numfolds=10,
+ CVfoldthresh=0.7,
+ varselmethod=args[11],
+ scheme_val="one-vs-all",
+ iter_learn=1,boostweight=rep(0,dim(trainm)[2]))
+ 
+ CMAres<-performCMA(trainm, trainclass, testm, testclass,outloc,
+ maxnum=as.numeric(args[10]),
+ minnum=3,
+ stepitr=1,
+ gsmethods=c("rfe"), #"lasso","elasticnet","kruskal.test"), #"f.test", "f.test", "elasticnet", "wilcox.test", "welch.test"),
+ pct_train=0.40,
+ accuracyweight=1,
+ featweight=0.06,
+ minpresent=1,
+ kname="radial",
+ norm_method="none",
+ tolerance=0.5,
+ maxitrs=5,
+ classindex=1,
+ numfacts=0,
+ evalmethod="CV",
+ numfolds=10,
+ CVfoldthresh=0.7,
+ varselmethod=args[11],
+ scheme_val="one-vs-all",
+ iter_learn=1,boostweight=rep(0,dim(trainm)[2]))
+ 
+ CMAres<-performCMA(trainm, trainclass, testm, testclass,outloc,
+ maxnum=as.numeric(args[10]),
+ minnum=3,
+ stepitr=1,
+ gsmethods=c("elasticnet"), #"lasso","elasticnet","kruskal.test"), #"f.test", "f.test", "elasticnet", "wilcox.test", "welch.test"),
+ pct_train=0.40,
+ accuracyweight=1,
+ featweight=0.06,
+ minpresent=1,
+ kname="radial",
+ norm_method="none",
+ tolerance=0.5,
+ maxitrs=5,
+ classindex=1,
+ numfacts=0,
+ evalmethod="CV",
+ numfolds=10,
+ CVfoldthresh=0.7,
+ varselmethod=args[11],
+ scheme_val="one-vs-all",
+ iter_learn=1,boostweight=rep(0,dim(trainm)[2]))
+ 
+ if(FALSE){
+ CMAres<-performCMA(trainm, trainclass, testm, testclass,outloc,
+ maxnum=as.numeric(args[10]),
+ minnum=3,
+ stepitr=1,
+ gsmethods=c("rf"), #"lasso","elasticnet","kruskal.test"), #"f.test", "f.test", "elasticnet", "wilcox.test", "welch.test"),
+ pct_train=0.40,
+ accuracyweight=1,
+ featweight=0.06,
+ minpresent=1,
+ kname="radial",
+ norm_method="none",
+ tolerance=0.5,
+ maxitrs=5,
+ classindex=1,
+ numfacts=0,
+ evalmethod="CV",
+ numfolds=10,
+ CVfoldthresh=0.7,
+ varselmethod=args[11],
+ scheme_val="one-vs-all",
+ iter_learn=1,boostweight=rep(0,dim(trainm)[2]))
+ }
+ 
+ CMAres<-performCMA(trainm, trainclass, testm, testclass,outloc,
+ maxnum=as.numeric(args[10]),
+ minnum=3,
+ stepitr=1,
+ gsmethods=c("f.test"), #"lasso","elasticnet","kruskal.test"), #"f.test", "f.test", "elasticnet", "wilcox.test", "welch.test"),
+ pct_train=0.40,
+ accuracyweight=1,
+ featweight=0.06,
+ minpresent=1,
+ kname="radial",
+ norm_method="none",
+ tolerance=0.5,
+ maxitrs=5,
+ classindex=1,
+ numfacts=0,
+ evalmethod="CV",
+ numfolds=10,
+ CVfoldthresh=0.7,
+ varselmethod=args[11],
+ scheme_val="one-vs-all",
+ iter_learn=1,boostweight=rep(0,dim(trainm)[2]))
+ }
[1] "dim of trainm is "
[1]   130 22283
[1]   130 22283
[1] "length of factcols"
[1] 0
[1]   130 22283
[1]   100 22283
integer(0)
character(0)
NULL
[1] "ok"
[1] "test class"
[1] 2 1 2 2
Levels: 1 2
[1] "orig train matrix"
     1007_s_at 1053_at 117_at  121_at 1255_g_at 1294_at 1316_at 1320_at
[1,]   12.4440  8.3774 6.7866 10.2851    5.9064  8.3767  8.0356  6.6745
[2,]   12.2005  7.8592 8.0963 10.4624    4.9582  9.2973  7.0581  6.4607
[3,]   12.6709  8.6762 7.4812 10.1887    5.2332  9.1721  8.6061  7.0932
[4,]   11.6619  8.2557 7.9923 10.7705    6.3296  9.3777  8.4776  6.5878
[5,]   11.8397  8.7971 7.8321 10.2869    5.8389  7.0841  7.3419  7.3167
     1405_i_at 1431_at
[1,]    6.2325  6.8450
[2,]    6.9047  5.8878
[3,]    6.5940  5.6843
[4,]    6.0877  6.5169
[5,]    6.3456  6.1708
[1] "orig train matrix"
     1007_s_at 1053_at 117_at  121_at 1255_g_at 1294_at 1316_at 1320_at
[1,]   12.4440  8.3774 6.7866 10.2851    5.9064  8.3767  8.0356  6.6745
[2,]   12.2005  7.8592 8.0963 10.4624    4.9582  9.2973  7.0581  6.4607
[3,]   12.6709  8.6762 7.4812 10.1887    5.2332  9.1721  8.6061  7.0932
[4,]   11.6619  8.2557 7.9923 10.7705    6.3296  9.3777  8.4776  6.5878
[5,]   11.8397  8.7971 7.8321 10.2869    5.8389  7.0841  7.3419  7.3167
     1405_i_at 1431_at
[1,]    6.2325  6.8450
[2,]    6.9047  5.8878
[3,]    6.5940  5.6843
[4,]    6.0877  6.5169
[5,]    6.3456  6.1708
[1] 6.7866 8.0963 7.4812
[1] "norm train matrix"
     1007_s_at 1053_at 117_at  121_at 1255_g_at 1294_at 1316_at 1320_at
[1,]   12.4440  8.3774 6.7866 10.2851    5.9064  8.3767  8.0356  6.6745
[2,]   12.2005  7.8592 8.0963 10.4624    4.9582  9.2973  7.0581  6.4607
[3,]   12.6709  8.6762 7.4812 10.1887    5.2332  9.1721  8.6061  7.0932
[4,]   11.6619  8.2557 7.9923 10.7705    6.3296  9.3777  8.4776  6.5878
[5,]   11.8397  8.7971 7.8321 10.2869    5.8389  7.0841  7.3419  7.3167
     1405_i_at 1431_at
[1,]    6.2325  6.8450
[2,]    6.9047  5.8878
[3,]    6.5940  5.6843
[4,]    6.0877  6.5169
[5,]    6.3456  6.1708
[1] "mean of feat 2"
[1] 8.273493
[1] "sd of feat 2"
[1] 0.7010279
[1] "maxnum is "
[1] 3
[1] "# of genes left after filtering:"
[1]   130 22283
GeneSelection: iteration 1 

Attaching package: ‘limma’

The following object is masked from ‘package:BiocGenerics’:

    plotMA

GeneSelection: iteration 2 
GeneSelection: iteration 3 
GeneSelection: iteration 4 
GeneSelection: iteration 5 
GeneSelection: iteration 6 
GeneSelection: iteration 7 
GeneSelection: iteration 8 
GeneSelection: iteration 9 
GeneSelection: iteration 10 
[1] "varselmethod"
[1] "none"
[1] "dim of scoring matrix is "
[1] 22283     1
[1] 22283
[1] "DS index stage 1"
[1] NA
[1] "bestgenelist"
[1] 4752 9093 9094
     205225_at 209603_at 209604_s_at
[1,]   13.0759   10.5793     14.3763
[2,]   13.7616   10.5772     14.0214
[3,]   12.7360   11.1181     14.5222
     205225_at 209603_at 209604_s_at
[1,]   13.8754   11.9790     15.0625
[2,]   11.7217   10.8744     14.4978
[3,]   10.9960    8.0211     12.4583
[1] "numgenes selected:3"
[1] "test acc:0.88"
[1] "test AUC acc:0.883144178226145"
[1] "10 fold train93.0769230769231"
[1] "confusion matrix train 10 fold"
          nci_y
pred10fold  1  2
         1 44  1
         2  6 79
[1] "confusion matrix test"
         test_y
pred_test  1  2
        1 35  8
        2  4 53
[1] "train acc:0.946153846153846"
[1] "confusion matrix train"
          nci_y
pred_train  1  2
         1 44  1
         2  6 79
[1] "DS index stage 1"
[1] NA
[1] "KI index stage 1"
[1] NA
[1] "dim of trainm is "
[1]   130 22283
[1]   130 22283
[1] "length of factcols"
[1] 0
[1]   130 22283
[1]   100 22283
integer(0)
character(0)
NULL
[1] "ok"
[1] "test class"
[1] 2 1 2 2
Levels: 1 2
[1] "orig train matrix"
     1007_s_at 1053_at 117_at  121_at 1255_g_at 1294_at 1316_at 1320_at
[1,]   12.4440  8.3774 6.7866 10.2851    5.9064  8.3767  8.0356  6.6745
[2,]   12.2005  7.8592 8.0963 10.4624    4.9582  9.2973  7.0581  6.4607
[3,]   12.6709  8.6762 7.4812 10.1887    5.2332  9.1721  8.6061  7.0932
[4,]   11.6619  8.2557 7.9923 10.7705    6.3296  9.3777  8.4776  6.5878
[5,]   11.8397  8.7971 7.8321 10.2869    5.8389  7.0841  7.3419  7.3167
     1405_i_at 1431_at
[1,]    6.2325  6.8450
[2,]    6.9047  5.8878
[3,]    6.5940  5.6843
[4,]    6.0877  6.5169
[5,]    6.3456  6.1708
[1] "orig train matrix"
     1007_s_at 1053_at 117_at  121_at 1255_g_at 1294_at 1316_at 1320_at
[1,]   12.4440  8.3774 6.7866 10.2851    5.9064  8.3767  8.0356  6.6745
[2,]   12.2005  7.8592 8.0963 10.4624    4.9582  9.2973  7.0581  6.4607
[3,]   12.6709  8.6762 7.4812 10.1887    5.2332  9.1721  8.6061  7.0932
[4,]   11.6619  8.2557 7.9923 10.7705    6.3296  9.3777  8.4776  6.5878
[5,]   11.8397  8.7971 7.8321 10.2869    5.8389  7.0841  7.3419  7.3167
     1405_i_at 1431_at
[1,]    6.2325  6.8450
[2,]    6.9047  5.8878
[3,]    6.5940  5.6843
[4,]    6.0877  6.5169
[5,]    6.3456  6.1708
[1] 6.7866 8.0963 7.4812
[1] "norm train matrix"
     1007_s_at 1053_at 117_at  121_at 1255_g_at 1294_at 1316_at 1320_at
[1,]   12.4440  8.3774 6.7866 10.2851    5.9064  8.3767  8.0356  6.6745
[2,]   12.2005  7.8592 8.0963 10.4624    4.9582  9.2973  7.0581  6.4607
[3,]   12.6709  8.6762 7.4812 10.1887    5.2332  9.1721  8.6061  7.0932
[4,]   11.6619  8.2557 7.9923 10.7705    6.3296  9.3777  8.4776  6.5878
[5,]   11.8397  8.7971 7.8321 10.2869    5.8389  7.0841  7.3419  7.3167
     1405_i_at 1431_at
[1,]    6.2325  6.8450
[2,]    6.9047  5.8878
[3,]    6.5940  5.6843
[4,]    6.0877  6.5169
[5,]    6.3456  6.1708
[1] "mean of feat 2"
[1] 8.273493
[1] "sd of feat 2"
[1] 0.7010279
[1] "maxnum is "
[1] 3
[1] "# of genes left after filtering:"
[1]   130 22283
GeneSelection: iteration 1 
Loaded glmnet 2.0-16


Attaching package: ‘glmnet’

The following object is masked from ‘package:pROC’:

    auc

GeneSelection: iteration 2 
GeneSelection: iteration 3 
GeneSelection: iteration 4 
GeneSelection: iteration 5 
GeneSelection: iteration 6 
GeneSelection: iteration 7 
GeneSelection: iteration 8 
GeneSelection: iteration 9 
GeneSelection: iteration 10 
genelist
 4752 15102  4035  9093 12339  7147 
   20    12    10    10     6     2 
[1] "varselmethod"
[1] "none"
[1] "dim of scoring matrix is "
[1] 22283     1
[1] 22283
[1] "DS index stage 1"
[1] NA
[1] "bestgenelist"
[1]  4035  4752 15102
     204508_s_at 205225_at 215729_s_at
[1,]     10.1763   13.0759      2.9565
[2,]      9.3275   13.7616      1.5807
[3,]      9.9200   12.7360      5.6368
     204508_s_at 205225_at 215729_s_at
[1,]      9.8038   13.8754      1.9565
[2,]      7.9689   11.7217      5.3426
[3,]      7.6789   10.9960      5.3609
[1] "numgenes selected:3"
[1] "test acc:0.89"
[1] "test AUC acc:0.895964691046658"
[1] "10 fold train96.1538461538462"
[1] "confusion matrix train 10 fold"
          nci_y
pred10fold  1  2
         1 47  1
         2  3 79
[1] "confusion matrix test"
         test_y
pred_test  1  2
        1 36  8
        2  3 53
[1] "train acc:0.969230769230769"
[1] "confusion matrix train"
          nci_y
pred_train  1  2
         1 47  1
         2  3 79
[1] "DS index stage 1"
[1] NA
[1] "KI index stage 1"
[1] NA
[1] "dim of trainm is "
[1]   130 22283
[1]   130 22283
[1] "length of factcols"
[1] 0
[1]   130 22283
[1]   100 22283
integer(0)
character(0)
NULL
[1] "ok"
[1] "test class"
[1] 2 1 2 2
Levels: 1 2
[1] "orig train matrix"
     1007_s_at 1053_at 117_at  121_at 1255_g_at 1294_at 1316_at 1320_at
[1,]   12.4440  8.3774 6.7866 10.2851    5.9064  8.3767  8.0356  6.6745
[2,]   12.2005  7.8592 8.0963 10.4624    4.9582  9.2973  7.0581  6.4607
[3,]   12.6709  8.6762 7.4812 10.1887    5.2332  9.1721  8.6061  7.0932
[4,]   11.6619  8.2557 7.9923 10.7705    6.3296  9.3777  8.4776  6.5878
[5,]   11.8397  8.7971 7.8321 10.2869    5.8389  7.0841  7.3419  7.3167
     1405_i_at 1431_at
[1,]    6.2325  6.8450
[2,]    6.9047  5.8878
[3,]    6.5940  5.6843
[4,]    6.0877  6.5169
[5,]    6.3456  6.1708
[1] "orig train matrix"
     1007_s_at 1053_at 117_at  121_at 1255_g_at 1294_at 1316_at 1320_at
[1,]   12.4440  8.3774 6.7866 10.2851    5.9064  8.3767  8.0356  6.6745
[2,]   12.2005  7.8592 8.0963 10.4624    4.9582  9.2973  7.0581  6.4607
[3,]   12.6709  8.6762 7.4812 10.1887    5.2332  9.1721  8.6061  7.0932
[4,]   11.6619  8.2557 7.9923 10.7705    6.3296  9.3777  8.4776  6.5878
[5,]   11.8397  8.7971 7.8321 10.2869    5.8389  7.0841  7.3419  7.3167
     1405_i_at 1431_at
[1,]    6.2325  6.8450
[2,]    6.9047  5.8878
[3,]    6.5940  5.6843
[4,]    6.0877  6.5169
[5,]    6.3456  6.1708
[1] 6.7866 8.0963 7.4812
[1] "norm train matrix"
     1007_s_at 1053_at 117_at  121_at 1255_g_at 1294_at 1316_at 1320_at
[1,]   12.4440  8.3774 6.7866 10.2851    5.9064  8.3767  8.0356  6.6745
[2,]   12.2005  7.8592 8.0963 10.4624    4.9582  9.2973  7.0581  6.4607
[3,]   12.6709  8.6762 7.4812 10.1887    5.2332  9.1721  8.6061  7.0932
[4,]   11.6619  8.2557 7.9923 10.7705    6.3296  9.3777  8.4776  6.5878
[5,]   11.8397  8.7971 7.8321 10.2869    5.8389  7.0841  7.3419  7.3167
     1405_i_at 1431_at
[1,]    6.2325  6.8450
[2,]    6.9047  5.8878
[3,]    6.5940  5.6843
[4,]    6.0877  6.5169
[5,]    6.3456  6.1708
[1] "mean of feat 2"
[1] 8.273493
[1] "sd of feat 2"
[1] 0.7010279
[1] "maxnum is "
[1] 3
[1] "# of genes left after filtering:"
[1]   130 22283
GeneSelection: iteration 1 
GeneSelection: iteration 2 
GeneSelection: iteration 3 
GeneSelection: iteration 4 
GeneSelection: iteration 5 
GeneSelection: iteration 6 
GeneSelection: iteration 7 
GeneSelection: iteration 8 
GeneSelection: iteration 9 
GeneSelection: iteration 10 
[1] "varselmethod"
[1] "none"
[1] "dim of scoring matrix is "
[1] 22283     1
[1] 22283
[1] "DS index stage 1"
[1] NA
[1] "bestgenelist"
[1]  4752  6280 15102
     205225_at 206754_s_at 215729_s_at
[1,]   13.0759     12.4854      2.9565
[2,]   13.7616     10.5188      1.5807
[3,]   12.7360     11.6232      5.6368
     205225_at 206754_s_at 215729_s_at
[1,]   13.8754     11.4867      1.9565
[2,]   11.7217      7.4297      5.3426
[3,]   10.9960      5.9013      5.3609
[1] "numgenes selected:3"
[1] "test acc:0.88"
[1] "test AUC acc:0.883144178226145"
[1] "10 fold train95.3846153846154"
[1] "confusion matrix train 10 fold"
          nci_y
pred10fold  1  2
         1 48  1
         2  2 79
[1] "confusion matrix test"
         test_y
pred_test  1  2
        1 35  8
        2  4 53
[1] "train acc:0.976923076923077"
[1] "confusion matrix train"
          nci_y
pred_train  1  2
         1 48  1
         2  2 79
[1] "DS index stage 1"
[1] NA
[1] "KI index stage 1"
[1] NA
[1] "dim of trainm is "
[1]   130 22283
[1]   130 22283
[1] "length of factcols"
[1] 0
[1]   130 22283
[1]   100 22283
integer(0)
character(0)
NULL
[1] "ok"
[1] "test class"
[1] 2 1 2 2
Levels: 1 2
[1] "orig train matrix"
     1007_s_at 1053_at 117_at  121_at 1255_g_at 1294_at 1316_at 1320_at
[1,]   12.4440  8.3774 6.7866 10.2851    5.9064  8.3767  8.0356  6.6745
[2,]   12.2005  7.8592 8.0963 10.4624    4.9582  9.2973  7.0581  6.4607
[3,]   12.6709  8.6762 7.4812 10.1887    5.2332  9.1721  8.6061  7.0932
[4,]   11.6619  8.2557 7.9923 10.7705    6.3296  9.3777  8.4776  6.5878
[5,]   11.8397  8.7971 7.8321 10.2869    5.8389  7.0841  7.3419  7.3167
     1405_i_at 1431_at
[1,]    6.2325  6.8450
[2,]    6.9047  5.8878
[3,]    6.5940  5.6843
[4,]    6.0877  6.5169
[5,]    6.3456  6.1708
[1] "orig train matrix"
     1007_s_at 1053_at 117_at  121_at 1255_g_at 1294_at 1316_at 1320_at
[1,]   12.4440  8.3774 6.7866 10.2851    5.9064  8.3767  8.0356  6.6745
[2,]   12.2005  7.8592 8.0963 10.4624    4.9582  9.2973  7.0581  6.4607
[3,]   12.6709  8.6762 7.4812 10.1887    5.2332  9.1721  8.6061  7.0932
[4,]   11.6619  8.2557 7.9923 10.7705    6.3296  9.3777  8.4776  6.5878
[5,]   11.8397  8.7971 7.8321 10.2869    5.8389  7.0841  7.3419  7.3167
     1405_i_at 1431_at
[1,]    6.2325  6.8450
[2,]    6.9047  5.8878
[3,]    6.5940  5.6843
[4,]    6.0877  6.5169
[5,]    6.3456  6.1708
[1] 6.7866 8.0963 7.4812
[1] "norm train matrix"
     1007_s_at 1053_at 117_at  121_at 1255_g_at 1294_at 1316_at 1320_at
[1,]   12.4440  8.3774 6.7866 10.2851    5.9064  8.3767  8.0356  6.6745
[2,]   12.2005  7.8592 8.0963 10.4624    4.9582  9.2973  7.0581  6.4607
[3,]   12.6709  8.6762 7.4812 10.1887    5.2332  9.1721  8.6061  7.0932
[4,]   11.6619  8.2557 7.9923 10.7705    6.3296  9.3777  8.4776  6.5878
[5,]   11.8397  8.7971 7.8321 10.2869    5.8389  7.0841  7.3419  7.3167
     1405_i_at 1431_at
[1,]    6.2325  6.8450
[2,]    6.9047  5.8878
[3,]    6.5940  5.6843
[4,]    6.0877  6.5169
[5,]    6.3456  6.1708
[1] "mean of feat 2"
[1] 8.273493
[1] "sd of feat 2"
[1] 0.7010279
[1] "maxnum is "
[1] 3
[1] "# of genes left after filtering:"
[1]   130 22283
GeneSelection: iteration 1 
GeneSelection: iteration 2 
GeneSelection: iteration 3 
GeneSelection: iteration 4 
GeneSelection: iteration 5 
GeneSelection: iteration 6 
GeneSelection: iteration 7 
GeneSelection: iteration 8 
GeneSelection: iteration 9 
GeneSelection: iteration 10 
[1] "varselmethod"
[1] "none"
[1] "dim of scoring matrix is "
[1] 22283     1
[1] 22283
[1] "DS index stage 1"
[1] NA
[1] "bestgenelist"
[1] 4035 4752 9093
     204508_s_at 205225_at 209603_at
[1,]     10.1763   13.0759   10.5793
[2,]      9.3275   13.7616   10.5772
[3,]      9.9200   12.7360   11.1181
     204508_s_at 205225_at 209603_at
[1,]      9.8038   13.8754   11.9790
[2,]      7.9689   11.7217   10.8744
[3,]      7.6789   10.9960    8.0211
[1] "numgenes selected:3"
[1] "test acc:0.87"
[1] "test AUC acc:0.87494745691467"
[1] "10 fold train94.6153846153846"
[1] "confusion matrix train 10 fold"
          nci_y
pred10fold  1  2
         1 44  1
         2  6 79
[1] "confusion matrix test"
         test_y
pred_test  1  2
        1 35  9
        2  4 52
[1] "train acc:0.946153846153846"
[1] "confusion matrix train"
          nci_y
pred_train  1  2
         1 44  1
         2  6 79
[1] "DS index stage 1"
[1] NA
[1] "KI index stage 1"
[1] NA
[1] "dim of trainm is "
[1]   130 22283
[1]   130 22283
[1] "length of factcols"
[1] 0
[1]   130 22283
[1]   100 22283
integer(0)
character(0)
NULL
[1] "ok"
[1] "test class"
[1] 2 1 2 2
Levels: 1 2
[1] "orig train matrix"
     1007_s_at 1053_at 117_at  121_at 1255_g_at 1294_at 1316_at 1320_at
[1,]   12.4440  8.3774 6.7866 10.2851    5.9064  8.3767  8.0356  6.6745
[2,]   12.2005  7.8592 8.0963 10.4624    4.9582  9.2973  7.0581  6.4607
[3,]   12.6709  8.6762 7.4812 10.1887    5.2332  9.1721  8.6061  7.0932
[4,]   11.6619  8.2557 7.9923 10.7705    6.3296  9.3777  8.4776  6.5878
[5,]   11.8397  8.7971 7.8321 10.2869    5.8389  7.0841  7.3419  7.3167
     1405_i_at 1431_at
[1,]    6.2325  6.8450
[2,]    6.9047  5.8878
[3,]    6.5940  5.6843
[4,]    6.0877  6.5169
[5,]    6.3456  6.1708
[1] "orig train matrix"
     1007_s_at 1053_at 117_at  121_at 1255_g_at 1294_at 1316_at 1320_at
[1,]   12.4440  8.3774 6.7866 10.2851    5.9064  8.3767  8.0356  6.6745
[2,]   12.2005  7.8592 8.0963 10.4624    4.9582  9.2973  7.0581  6.4607
[3,]   12.6709  8.6762 7.4812 10.1887    5.2332  9.1721  8.6061  7.0932
[4,]   11.6619  8.2557 7.9923 10.7705    6.3296  9.3777  8.4776  6.5878
[5,]   11.8397  8.7971 7.8321 10.2869    5.8389  7.0841  7.3419  7.3167
     1405_i_at 1431_at
[1,]    6.2325  6.8450
[2,]    6.9047  5.8878
[3,]    6.5940  5.6843
[4,]    6.0877  6.5169
[5,]    6.3456  6.1708
[1] 6.7866 8.0963 7.4812
[1] "norm train matrix"
     1007_s_at 1053_at 117_at  121_at 1255_g_at 1294_at 1316_at 1320_at
[1,]   12.4440  8.3774 6.7866 10.2851    5.9064  8.3767  8.0356  6.6745
[2,]   12.2005  7.8592 8.0963 10.4624    4.9582  9.2973  7.0581  6.4607
[3,]   12.6709  8.6762 7.4812 10.1887    5.2332  9.1721  8.6061  7.0932
[4,]   11.6619  8.2557 7.9923 10.7705    6.3296  9.3777  8.4776  6.5878
[5,]   11.8397  8.7971 7.8321 10.2869    5.8389  7.0841  7.3419  7.3167
     1405_i_at 1431_at
[1,]    6.2325  6.8450
[2,]    6.9047  5.8878
[3,]    6.5940  5.6843
[4,]    6.0877  6.5169
[5,]    6.3456  6.1708
[1] "mean of feat 2"
[1] 8.273493
[1] "sd of feat 2"
[1] 0.7010279
[1] "maxnum is "
[1] 3
[1] "# of genes left after filtering:"
[1]   130 22283
GeneSelection: iteration 1 
GeneSelection: iteration 2 
GeneSelection: iteration 3 
GeneSelection: iteration 4 
GeneSelection: iteration 5 
GeneSelection: iteration 6 
GeneSelection: iteration 7 
GeneSelection: iteration 8 
GeneSelection: iteration 9 
GeneSelection: iteration 10 
[1] "varselmethod"
[1] "none"
[1] "dim of scoring matrix is "
[1] 22283     1
[1] 22283
[1] "DS index stage 1"
[1] NA
[1] "bestgenelist"
[1] 4752 9093 9094
     205225_at 209603_at 209604_s_at
[1,]   13.0759   10.5793     14.3763
[2,]   13.7616   10.5772     14.0214
[3,]   12.7360   11.1181     14.5222
     205225_at 209603_at 209604_s_at
[1,]   13.8754   11.9790     15.0625
[2,]   11.7217   10.8744     14.4978
[3,]   10.9960    8.0211     12.4583
[1] "numgenes selected:3"
[1] "test acc:0.88"
[1] "test AUC acc:0.883144178226145"
[1] "10 fold train93.0769230769231"
[1] "confusion matrix train 10 fold"
          nci_y
pred10fold  1  2
         1 44  1
         2  6 79
[1] "confusion matrix test"
         test_y
pred_test  1  2
        1 35  8
        2  4 53
[1] "train acc:0.946153846153846"
[1] "confusion matrix train"
          nci_y
pred_train  1  2
         1 44  1
         2  6 79
[1] "DS index stage 1"
[1] NA
[1] "KI index stage 1"
[1] NA
There were 30 warnings (use warnings() to see them)
> 
> 
> #1
> CMAres<-performCMA(trainm, trainclass, testm, testclass,outloc,
+ maxnum=as.numeric(args[10]),
+ minnum=3,
+ stepitr=1,
+ gsmethods=c("limma","lasso","rfe","elasticnet", "f.test"), #"lasso","elasticnet","kruskal.test"), #"f.test", "f.test", "elasticnet", "wilcox.test", "welch.test"),
+ pct_train=0.40,
+ accuracyweight=1,
+ featweight=0.06,
+ minpresent=1,
+ kname="radial",
+ norm_method="none",
+ tolerance=0.5,
+ maxitrs=5,
+ classindex=1,
+ numfacts=0,
+ evalmethod="CV",
+ numfolds=10,
+ CVfoldthresh=0.7,
+ varselmethod=args[11],
+ scheme_val="one-vs-all",
+ iter_learn=1,boostweight=rep(0,dim(trainm)[2]))
[1] "dim of trainm is "
[1]   130 22283
[1]   130 22283
[1] "length of factcols"
[1] 0
[1]   130 22283
[1]   100 22283
integer(0)
character(0)
NULL
[1] "ok"
[1] "test class"
[1] 2 1 2 2
Levels: 1 2
[1] "orig train matrix"
     1007_s_at 1053_at 117_at  121_at 1255_g_at 1294_at 1316_at 1320_at
[1,]   12.4440  8.3774 6.7866 10.2851    5.9064  8.3767  8.0356  6.6745
[2,]   12.2005  7.8592 8.0963 10.4624    4.9582  9.2973  7.0581  6.4607
[3,]   12.6709  8.6762 7.4812 10.1887    5.2332  9.1721  8.6061  7.0932
[4,]   11.6619  8.2557 7.9923 10.7705    6.3296  9.3777  8.4776  6.5878
[5,]   11.8397  8.7971 7.8321 10.2869    5.8389  7.0841  7.3419  7.3167
     1405_i_at 1431_at
[1,]    6.2325  6.8450
[2,]    6.9047  5.8878
[3,]    6.5940  5.6843
[4,]    6.0877  6.5169
[5,]    6.3456  6.1708
[1] "orig train matrix"
     1007_s_at 1053_at 117_at  121_at 1255_g_at 1294_at 1316_at 1320_at
[1,]   12.4440  8.3774 6.7866 10.2851    5.9064  8.3767  8.0356  6.6745
[2,]   12.2005  7.8592 8.0963 10.4624    4.9582  9.2973  7.0581  6.4607
[3,]   12.6709  8.6762 7.4812 10.1887    5.2332  9.1721  8.6061  7.0932
[4,]   11.6619  8.2557 7.9923 10.7705    6.3296  9.3777  8.4776  6.5878
[5,]   11.8397  8.7971 7.8321 10.2869    5.8389  7.0841  7.3419  7.3167
     1405_i_at 1431_at
[1,]    6.2325  6.8450
[2,]    6.9047  5.8878
[3,]    6.5940  5.6843
[4,]    6.0877  6.5169
[5,]    6.3456  6.1708
[1] 6.7866 8.0963 7.4812
[1] "norm train matrix"
     1007_s_at 1053_at 117_at  121_at 1255_g_at 1294_at 1316_at 1320_at
[1,]   12.4440  8.3774 6.7866 10.2851    5.9064  8.3767  8.0356  6.6745
[2,]   12.2005  7.8592 8.0963 10.4624    4.9582  9.2973  7.0581  6.4607
[3,]   12.6709  8.6762 7.4812 10.1887    5.2332  9.1721  8.6061  7.0932
[4,]   11.6619  8.2557 7.9923 10.7705    6.3296  9.3777  8.4776  6.5878
[5,]   11.8397  8.7971 7.8321 10.2869    5.8389  7.0841  7.3419  7.3167
     1405_i_at 1431_at
[1,]    6.2325  6.8450
[2,]    6.9047  5.8878
[3,]    6.5940  5.6843
[4,]    6.0877  6.5169
[5,]    6.3456  6.1708
[1] "mean of feat 2"
[1] 8.273493
[1] "sd of feat 2"
[1] 0.7010279
[1] "maxnum is "
[1] 3
[1] "# of genes left after filtering:"
[1]   130 22283
GeneSelection: iteration 1 
GeneSelection: iteration 2 
GeneSelection: iteration 3 
GeneSelection: iteration 4 
GeneSelection: iteration 5 
GeneSelection: iteration 6 
GeneSelection: iteration 7 
GeneSelection: iteration 8 
GeneSelection: iteration 9 
GeneSelection: iteration 10 
[1] "varselmethod"
[1] "none"
GeneSelection: iteration 1 
GeneSelection: iteration 2 
GeneSelection: iteration 3 
GeneSelection: iteration 4 
GeneSelection: iteration 5 
GeneSelection: iteration 6 
GeneSelection: iteration 7 
GeneSelection: iteration 8 
GeneSelection: iteration 9 
GeneSelection: iteration 10 
genelist
 4752 15102  4035  9093 12339  7147 
   20    12    10    10     6     2 
[1] "varselmethod"
[1] "none"
GeneSelection: iteration 1 
GeneSelection: iteration 2 
GeneSelection: iteration 3 
GeneSelection: iteration 4 
GeneSelection: iteration 5 
GeneSelection: iteration 6 
GeneSelection: iteration 7 
GeneSelection: iteration 8 
GeneSelection: iteration 9 
GeneSelection: iteration 10 
[1] "varselmethod"
[1] "none"
GeneSelection: iteration 1 
GeneSelection: iteration 2 
GeneSelection: iteration 3 
GeneSelection: iteration 4 
GeneSelection: iteration 5 
GeneSelection: iteration 6 
GeneSelection: iteration 7 
GeneSelection: iteration 8 
GeneSelection: iteration 9 
GeneSelection: iteration 10 
[1] "varselmethod"
[1] "none"
GeneSelection: iteration 1 
GeneSelection: iteration 2 
GeneSelection: iteration 3 
GeneSelection: iteration 4 
GeneSelection: iteration 5 
GeneSelection: iteration 6 
GeneSelection: iteration 7 
GeneSelection: iteration 8 
GeneSelection: iteration 9 
GeneSelection: iteration 10 
[1] "varselmethod"
[1] "none"
[1] "dim of scoring matrix is "
[1] 22283     5
[1] 22283
[1] "DS index stage 1"
[1] 0.5333333
[1] "bestgenelist"
[1]  4035  4752  6280  9093  9094 15102
     204508_s_at 205225_at 206754_s_at 209603_at 209604_s_at 215729_s_at
[1,]     10.1763   13.0759     12.4854   10.5793     14.3763      2.9565
[2,]      9.3275   13.7616     10.5188   10.5772     14.0214      1.5807
[3,]      9.9200   12.7360     11.6232   11.1181     14.5222      5.6368
     204508_s_at 205225_at 206754_s_at 209603_at 209604_s_at 215729_s_at
[1,]      9.8038   13.8754     11.4867   11.9790     15.0625      1.9565
[2,]      7.9689   11.7217      7.4297   10.8744     14.4978      5.3426
[3,]      7.6789   10.9960      5.9013    8.0211     12.4583      5.3609
[1] "numgenes selected:6"
[1] "test acc:0.89"
[1] "test AUC acc:0.895964691046658"
[1] "10 fold train95.3846153846154"
[1] "confusion matrix train 10 fold"
          nci_y
pred10fold  1  2
         1 47  1
         2  3 79
[1] "confusion matrix test"
         test_y
pred_test  1  2
        1 36  8
        2  3 53
[1] "train acc:0.969230769230769"
[1] "confusion matrix train"
          nci_y
pred_train  1  2
         1 47  1
         2  3 79
[1] "DS index stage 1"
[1] 0.5333333
[1] "KI index stage 1"
[1] 0.5332705
[[1]]
[1] "var4752" "var9093" "var9094"

[[2]]
[1] "var4035"  "var4752"  "var15102"

[[3]]
[1] "var4752"  "var6280"  "var15102"

[[4]]
[1] "var4035" "var4752" "var9093"

[[5]]
[1] "var4752" "var9093" "var9094"


 Iteration 1 :  Optimal value:  4 
 Optimal List:   var4752,var4035,var9093 

 Iteration 2 :  Optimal value:  4 
 Optimal List:   var4752,var9093,var9094 

 Iteration 3 :  Optimal value:  4 
 Optimal List:   var4752,var9093,var9094 

 Iteration 4 :  Optimal value:  4 
 Optimal List:   var4752,var9093,var9094 

 Iteration 5 :  Optimal value:  4 
 Optimal List:   var4752,var9093,var9094 

 Iteration 6 :  Optimal value:  4 
 Optimal List:   var4752,var9093,var9094 

 Iteration 7 :  Optimal value:  4 
 Optimal List:   var4752,var9093,var9094 
[1] "test acc rank aggreg CE:0.88"
[1] "test AUC acc rank aggreg CE:0.883144178226145"
[1] "10 fold train rank aggreg res CE94.6153846153846"
[1] "confusion matrix train 10 fold rank aggreg CE"
            nci_y
pred10foldRA  1  2
           1 44  1
           2  6 79
[1] "Num itr RA CE"
[1] 7
[1] "Test BER aggreg CE is"
[1] 0.8831442

 Iteration 1 :  Optimal value:  4 
 Optimal List:   var4752,var9093,var9094 

 Iteration 2 :  Optimal value:  4 
 Optimal List:   var4752,var9093,var9094 

 Iteration 3 :  Optimal value:  4 
 Optimal List:   var4752,var9093,var9094 

 Iteration 4 :  Optimal value:  4 
 Optimal List:   var4752,var9093,var9094 

 Iteration 5 :  Optimal value:  4 
 Optimal List:   var4752,var9093,var9094 

 Iteration 6 :  Optimal value:  4 
 Optimal List:   var4752,var9093,var9094 

 Iteration 7 :  Optimal value:  4 
 Optimal List:   var4752,var9093,var9094 

 Iteration 8 :  Optimal value:  4 
 Optimal List:   var4752,var9093,var9094 

 Iteration 9 :  Optimal value:  4 
 Optimal List:   var4752,var9093,var9094 

 Iteration 10 :  Optimal value:  4 
 Optimal List:   var4752,var9093,var9094 

 Iteration 11 :  Optimal value:  4 
 Optimal List:   var4752,var9093,var9094 

 Iteration 12 :  Optimal value:  4 
 Optimal List:   var4752,var9093,var9094 

 Iteration 13 :  Optimal value:  4 
 Optimal List:   var4752,var9093,var9094 

 Iteration 14 :  Optimal value:  4 
 Optimal List:   var4752,var9093,var9094 

 Iteration 15 :  Optimal value:  4 
 Optimal List:   var4752,var9093,var9094 

 Iteration 16 :  Optimal value:  4 
 Optimal List:   var4752,var9093,var9094 

 Iteration 17 :  Optimal value:  4 
 Optimal List:   var4752,var9093,var9094 

 Iteration 18 :  Optimal value:  4 
 Optimal List:   var4752,var9093,var9094 

 Iteration 19 :  Optimal value:  4 
 Optimal List:   var4752,var9093,var9094 

 Iteration 20 :  Optimal value:  4 
 Optimal List:   var4752,var9093,var9094 

 Iteration 21 :  Optimal value:  4 
 Optimal List:   var4752,var9093,var9094 

 Iteration 22 :  Optimal value:  4 
 Optimal List:   var4752,var9093,var9094 

 Iteration 23 :  Optimal value:  4 
 Optimal List:   var4752,var9093,var9094 

 Iteration 24 :  Optimal value:  4 
 Optimal List:   var4752,var9093,var9094 

 Iteration 25 :  Optimal value:  4 
 Optimal List:   var4752,var9093,var9094 

 Iteration 26 :  Optimal value:  4 
 Optimal List:   var4752,var9093,var9094 

 Iteration 27 :  Optimal value:  4 
 Optimal List:   var4752,var9093,var9094 

 Iteration 28 :  Optimal value:  4 
 Optimal List:   var4752,var9093,var9094 

 Iteration 29 :  Optimal value:  4 
 Optimal List:   var4752,var9093,var9094 

 Iteration 30 :  Optimal value:  4 
 Optimal List:   var4752,var9093,var9094 
[1] "test acc rank aggreg GA:0.88"
[1] "test AUC acc rank aggreg GA:0.883144178226145"
[1] "10 fold train rank aggreg res GA93.8461538461538"
[1] "confusion matrix train 10 fold rank aggreg GA"
            nci_y
pred10foldRA  1  2
           1 44  1
           2  6 79
[1] "Num itr RA GA"
[1] 31
[1] "Test BER aggreg GA is"
[1] 0.8831442
Warning messages:
1: In if (is.na(boostweight) == TRUE) { :
  the condition has length > 1 and only the first element will be used
2: In if (is.na(testm) == TRUE) { :
  the condition has length > 1 and only the first element will be used
3: In if (is.na(testclass) == TRUE) { :
  the condition has length > 1 and only the first element will be used
> 
> cma_feat_list<-colnames(trainm)
> 
> save(CMAres,file="CMAres.Rda")
> write.table(cma_feat_list,file="selected_cma_feat_list.txt",sep="t",row.names=FALSE)
> 
> # modtraindata=modtrain, modtestdata=modtest, blindtest=testacc, modtrainclass=nci_y, modtestclass=test_y
> #if(FALSE)
> {
+ trainm<-CMAres$modtraindata
+ testm<-CMAres$modtestdata
+ trainclass<-CMAres$modtrainclass
+ testclass<-CMAres$modtestclass
+ learningsets<-CMAres$learningsets
+ }
> 
> if(FALSE)
+ {
+ trainclass<-trainm[,1] #CMAres$modtrainclass
+ testclass<-testm[,1] #CMAres$modtestclass
+ trainm<-trainm[,-c(1)] #CMAres$modtrainmata
+ testm<-testm[,-c(1)] #CMAres$modtestmata
+ 
+ }
> 
> d_dim<-dim(trainm)
> 
> print("Original dimension")
[1] "Original dimension"
> print(d_dim)
[1] 130   6
> 
> 
> system.time(psores<-run_pso(outloc=outloc,trainm,trainclass,testm,testclass,transition_matrix,c1=2.05,
+ c2=2.05,
+ itr=10,
+ globalpso_maxitr=10,
+ global_max_itr=10,
+ num_part=20,
+ kname="radial",
+ errortype="BER",
+ weightA<-as.numeric(args[1]),
+ weightB<-as.numeric(args[2]),
+ weightC<-as.numeric(args[3]),
+ weightD<-as.numeric(args[4]),
+ featweight.max=0.1,
+ featweight.min=0.01,
+ numfolds=10,
+ followerprob=as.numeric(args[6]),
+ confusionprob=as.numeric(args[7]),
+ leaderprob=as.numeric(args[8]),
+ wmax=1,
+ wmin=0.1,
+ behavior_reset_itr=5,
+ maxitrreset=10,
+ num_neighbors=3,
+ minselect.pct=0.5,
+ evalMode="CV2",
+ minfitnessthresh=50,
+ maxnum=as.numeric(args[10]),minnum=3,inertia_method=args[5],particlebehav_method="randbased",constriction_factor=1,
+ select.global.best=TRUE,numnodes=4,evalFunc=eval_fit_kfold_diff,itr.terminate=FALSE,train.pct=0.8))
[1] "c1: 2.05"
[1] "c2: 2.05"
[1] "itr: 10"
[1] "globalpso_maxitr: 10"
[1] "global_max_itr: 10"
[1] "num_part: 20"
[1] "kname: radial"
[1] "errortype: BER"
[1] "weightA: 0.75"
[1] "weightB: 0.05"
[1] "weightC: 0.05"
[1] "weightD: 0.15"
[1] "featweight.max: 0.1"
[1] "featweight.min: 0.01"
[1] "numfolds: 10"
[1] "followerprob: 0.3"
[1] "confusionprob: 0.1"
[1] "leaderprob: 0.5"
[1] "wmax: 1"
[1] "wmin: 0.1"
[1] "behavior_reset_itr: 5"
[1] "maxitrreset: 10"
[1] "num_neighbors: 3"
[1] "minselect.pct: 0.5"
[1] "minfitnessthresh: 50"
[1] "maxnum: 3"
[1] "minnum: 3"
[1] "inertia_method: global"
[1] "particlebehav_method: randbased"
[1] "constriction_factor: 1"
[1] "select.global.best: TRUE"
[1] "train 10 fold"
[1] 93.84615
[1] "here"
[1] "s"
[1] 104
[1] 130   6
[1] 10
[1] "here"
[1] "learning sets: 1"
  [1] 125 121  31  33  50  43  57  36  55  98  73  44  91   6  69  24 120  46
 [19] 127  72  70 108 101  52  61  79 104  45  13 106  22  71  67  97  64  42
 [37]  68   3  62 126  74  25  41  76 114  30  12  87  19  15 119  23   1   8
 [55]  51  83  10  20 105  49   5 110 103  77  99 116  58 124  28 117 112 115
 [73]  78  53  54  80  59  66  27  11   4   7  26 113  92  14 107  35  34 122
 [91]  48  63 111 123  85  82  37 128 109  16  32  93  95  88
[1] "Starting global iteration number : 1"
[1] "iteration number: "
[1] 1
[1] "Best fitness updated to:"
[1] -56.74963
[1] "Best solution:"
[1] NA NA NA NA NA NA
[1] 0
[1] "iteration number: "
[1] 2
[1] "iteration number: "
[1] 3
[1] "iteration number: "
[1] 4
[1] "iteration number: "
[1] 5
[1] "iteration number: "
[1] 6
[1] "iteration number: "
[1] 7
[1] "iteration number: "
[1] 8
[1] "iteration number: "
[1] 9
[1] "iteration number: "
[1] 10
[1] "iteration number: "
[1] 11
[1] "Minimum fitness threshold not reached after 11 iterations! Continuing PSO."
[1] "iteration number: "
[1] 12
[1] "RE-INITIALIZING..."
[1] 1
[1] 10
[1] 6
 [1] 2 2 3 3 1 3 3 2 4 1 3 3 2 3 3 3 3 2 2 4
[1] "Minimum fitness threshold not reached after 12 iterations! Continuing PSO."
[1] "iteration number: "
[1] 13
[1] "Minimum fitness threshold not reached after 13 iterations! Continuing PSO."
[1] "iteration number: "
[1] 14
[1] "Minimum fitness threshold not reached after 14 iterations! Continuing PSO."
[1] "iteration number: "
[1] 15
[1] "Minimum fitness threshold not reached after 15 iterations! Continuing PSO."
[1] "iteration number: "
[1] 16
[1] "Minimum fitness threshold not reached after 16 iterations! Continuing PSO."
[1] "iteration number: "
[1] 17
[1] "Minimum fitness threshold not reached after 17 iterations! Continuing PSO."
[1] "iteration number: "
[1] 18
[1] "Minimum fitness threshold not reached after 18 iterations! Continuing PSO."
[1] "iteration number: "
[1] 19
[1] "Minimum fitness threshold not reached after 19 iterations! Continuing PSO."
[1] "iteration number: "
[1] 20
[1] "Minimum fitness threshold not reached after 20 iterations! Continuing PSO."
[1] "iteration number: "
[1] 21
[1] "Minimum fitness threshold not reached after 21 iterations! Continuing PSO."
[1] "iteration number: "
[1] 22
[1] "Minimum fitness threshold not reached after 22 iterations! Continuing PSO."
[1] "iteration number: "
[1] 23
[1] "RE-INITIALIZING..."
[1] 2
[1] 10
[1] 6
 [1] 2 4 2 3 3 3 2 3 1 3 3 2 3 3 2 2 3 3 3 1
[1] "Minimum fitness threshold not reached after 23 iterations! Continuing PSO."
[1] "iteration number: "
[1] 24
[1] "Minimum fitness threshold not reached after 24 iterations! Continuing PSO."
[1] "iteration number: "
[1] 25
[1] "Minimum fitness threshold not reached after 25 iterations! Continuing PSO."
[1] "iteration number: "
[1] 26
[1] "Minimum fitness threshold not reached after 26 iterations! Continuing PSO."
[1] "iteration number: "
[1] 27
[1] "Minimum fitness threshold not reached after 27 iterations! Continuing PSO."
[1] "iteration number: "
[1] 28
[1] "Minimum fitness threshold not reached after 28 iterations! Continuing PSO."
[1] "iteration number: "
[1] 29
[1] "Minimum fitness threshold not reached after 29 iterations! Continuing PSO."
[1] "iteration number: "
[1] 30
[1] "Minimum fitness threshold not reached after 30 iterations! Continuing PSO."
[1] "iteration number: "
[1] 31
[1] "Minimum fitness threshold not reached after 31 iterations! Continuing PSO."
[1] "iteration number: "
[1] 32
[1] "Minimum fitness threshold not reached after 32 iterations! Continuing PSO."
[1] "iteration number: "
[1] 33
[1] "Minimum fitness threshold not reached after 33 iterations! Continuing PSO."
[1] "iteration number: "
[1] 34
[1] "RE-INITIALIZING..."
[1] 3
[1] 10
[1] 6
 [1] 2 4 4 3 3 2 2 3 4 3 3 3 3 3 3 2 3 2 3 3
[1] "Minimum fitness threshold not reached after 34 iterations! Continuing PSO."
[1] "iteration number: "
[1] 35
[1] "Minimum fitness threshold not reached after 35 iterations! Continuing PSO."
[1] "iteration number: "
[1] 36
[1] "Minimum fitness threshold not reached after 36 iterations! Continuing PSO."
[1] "iteration number: "
[1] 37
[1] "Minimum fitness threshold not reached after 37 iterations! Continuing PSO."
[1] "iteration number: "
[1] 38
[1] "Minimum fitness threshold not reached after 38 iterations! Continuing PSO."
[1] "iteration number: "
[1] 39
[1] "Minimum fitness threshold not reached after 39 iterations! Continuing PSO."
[1] "iteration number: "
[1] 40
[1] "Minimum fitness threshold not reached after 40 iterations! Continuing PSO."
[1] "iteration number: "
[1] 41
[1] "Minimum fitness threshold not reached after 41 iterations! Continuing PSO."
[1] "iteration number: "
[1] 42
[1] "Minimum fitness threshold not reached after 42 iterations! Continuing PSO."
[1] "iteration number: "
[1] 43
[1] "Minimum fitness threshold not reached after 43 iterations! Continuing PSO."
[1] "iteration number: "
[1] 44
[1] "Minimum fitness threshold not reached after 44 iterations! Continuing PSO."
[1] "iteration number: "
[1] 45
[1] "RE-INITIALIZING..."
[1] 4
[1] 10
[1] 6
 [1] 1 3 1 3 3 3 4 2 3 3 4 2 2 2 3 3 3 3 3 2
[1] "Minimum fitness threshold not reached after 45 iterations! Continuing PSO."
[1] "iteration number: "
[1] 46
[1] "Minimum fitness threshold not reached after 46 iterations! Continuing PSO."
[1] "iteration number: "
[1] 47
[1] "Minimum fitness threshold not reached after 47 iterations! Continuing PSO."
[1] "iteration number: "
[1] 48
[1] "Minimum fitness threshold not reached after 48 iterations! Continuing PSO."
[1] "iteration number: "
[1] 49
[1] "Minimum fitness threshold not reached after 49 iterations! Continuing PSO."
[1] "iteration number: "
[1] 50
[1] "Minimum fitness threshold not reached after 50 iterations! Continuing PSO."
[1] "iteration number: "
[1] 51
[1] "Minimum fitness threshold not reached after 51 iterations! Continuing PSO."
[1] "iteration number: "
[1] 52
[1] "Minimum fitness threshold not reached after 52 iterations! Continuing PSO."
[1] "iteration number: "
[1] 53
[1] "Minimum fitness threshold not reached after 53 iterations! Continuing PSO."
[1] "iteration number: "
[1] 54
[1] "Minimum fitness threshold not reached after 54 iterations! Continuing PSO."
[1] "iteration number: "
[1] 55
[1] "Minimum fitness threshold not reached after 55 iterations! Continuing PSO."
[1] "iteration number: "
[1] 56
[1] "RE-INITIALIZING..."
[1] 5
[1] 10
[1] 6
 [1] 2 4 2 3 3 3 2 3 1 3 3 2 3 3 2 2 3 3 3 1
[1] "Minimum fitness threshold not reached after 56 iterations! Continuing PSO."
[1] "iteration number: "
[1] 57
[1] "Minimum fitness threshold not reached after 57 iterations! Continuing PSO."
[1] "iteration number: "
[1] 58
[1] "Minimum fitness threshold not reached after 58 iterations! Continuing PSO."
[1] "iteration number: "
[1] 59
[1] "Minimum fitness threshold not reached after 59 iterations! Continuing PSO."
[1] "iteration number: "
[1] 60
[1] "Minimum fitness threshold not reached after 60 iterations! Continuing PSO."
[1] "iteration number: "
[1] 61
[1] "Minimum fitness threshold not reached after 61 iterations! Continuing PSO."
[1] "iteration number: "
[1] 62
[1] "Minimum fitness threshold not reached after 62 iterations! Continuing PSO."
[1] "iteration number: "
[1] 63
[1] "Minimum fitness threshold not reached after 63 iterations! Continuing PSO."
[1] "iteration number: "
[1] 64
[1] "Minimum fitness threshold not reached after 64 iterations! Continuing PSO."
[1] "iteration number: "
[1] 65
[1] "Minimum fitness threshold not reached after 65 iterations! Continuing PSO."
[1] "iteration number: "
[1] 66
[1] "Minimum fitness threshold not reached after 66 iterations! Continuing PSO."
[1] "iteration number: "
[1] 67
[1] "RE-INITIALIZING..."
[1] 6
[1] 10
[1] 6
 [1] 2 4 4 3 3 2 2 3 4 3 3 3 3 3 3 2 3 2 3 3
[1] "Minimum fitness threshold not reached after 67 iterations! Continuing PSO."
[1] "iteration number: "
[1] 68
[1] "Minimum fitness threshold not reached after 68 iterations! Continuing PSO."
[1] "iteration number: "
[1] 69
[1] "Minimum fitness threshold not reached after 69 iterations! Continuing PSO."
[1] "iteration number: "
[1] 70
[1] "Minimum fitness threshold not reached after 70 iterations! Continuing PSO."
[1] "iteration number: "
[1] 71
[1] "Minimum fitness threshold not reached after 71 iterations! Continuing PSO."
[1] "iteration number: "
[1] 72
[1] "Minimum fitness threshold not reached after 72 iterations! Continuing PSO."
[1] "iteration number: "
[1] 73
[1] "Minimum fitness threshold not reached after 73 iterations! Continuing PSO."
[1] "iteration number: "
[1] 74
[1] "Minimum fitness threshold not reached after 74 iterations! Continuing PSO."
[1] "iteration number: "
[1] 75
[1] "Minimum fitness threshold not reached after 75 iterations! Continuing PSO."
[1] "iteration number: "
[1] 76
[1] "Minimum fitness threshold not reached after 76 iterations! Continuing PSO."
[1] "iteration number: "
[1] 77
[1] "Minimum fitness threshold not reached after 77 iterations! Continuing PSO."
[1] "iteration number: "
[1] 78
[1] "RE-INITIALIZING..."
[1] 7
[1] 10
[1] 6
 [1] 2 1 3 3 3 2 3 3 3 2 2 3 1 2 2 3 3 3 2 4
[1] "Minimum fitness threshold not reached after 78 iterations! Continuing PSO."
[1] "iteration number: "
[1] 79
[1] "Minimum fitness threshold not reached after 79 iterations! Continuing PSO."
[1] "iteration number: "
[1] 80
[1] "Minimum fitness threshold not reached after 80 iterations! Continuing PSO."
[1] "iteration number: "
[1] 81
[1] "Minimum fitness threshold not reached after 81 iterations! Continuing PSO."
[1] "iteration number: "
[1] 82
[1] "Minimum fitness threshold not reached after 82 iterations! Continuing PSO."
[1] "iteration number: "
[1] 83
[1] "Minimum fitness threshold not reached after 83 iterations! Continuing PSO."
[1] "iteration number: "
[1] 84
[1] "Minimum fitness threshold not reached after 84 iterations! Continuing PSO."
[1] "iteration number: "
[1] 85
[1] "Minimum fitness threshold not reached after 85 iterations! Continuing PSO."
[1] "iteration number: "
[1] 86
[1] "Minimum fitness threshold not reached after 86 iterations! Continuing PSO."
[1] "iteration number: "
[1] 87
[1] "Minimum fitness threshold not reached after 87 iterations! Continuing PSO."
[1] "iteration number: "
[1] 88
[1] "Minimum fitness threshold not reached after 88 iterations! Continuing PSO."
[1] "iteration number: "
[1] 89
[1] "RE-INITIALIZING..."
[1] 8
[1] 10
[1] 6
 [1] 2 1 3 3 2 3 3 3 3 2 1 3 4 2 3 2 3 2 3 4
[1] "Minimum fitness threshold not reached after 89 iterations! Continuing PSO."
[1] "iteration number: "
[1] 90
[1] "Minimum fitness threshold not reached after 90 iterations! Continuing PSO."
[1] "iteration number: "
[1] 91
[1] "Minimum fitness threshold not reached after 91 iterations! Continuing PSO."
[1] "iteration number: "
[1] 92
[1] "Minimum fitness threshold not reached after 92 iterations! Continuing PSO."
[1] "iteration number: "
[1] 93
[1] "Minimum fitness threshold not reached after 93 iterations! Continuing PSO."
[1] "iteration number: "
[1] 94
[1] "Minimum fitness threshold not reached after 94 iterations! Continuing PSO."
[1] "iteration number: "
[1] 95
[1] "Minimum fitness threshold not reached after 95 iterations! Continuing PSO."
[1] "iteration number: "
[1] 96
[1] "Minimum fitness threshold not reached after 96 iterations! Continuing PSO."
[1] "iteration number: "
[1] 97
[1] "Minimum fitness threshold not reached after 97 iterations! Continuing PSO."
[1] "iteration number: "
[1] 98
[1] "Minimum fitness threshold not reached after 98 iterations! Continuing PSO."
[1] "iteration number: "
[1] 99
[1] "Minimum fitness threshold not reached after 99 iterations! Continuing PSO."
[1] "iteration number: "
[1] 100
[1] "RE-INITIALIZING..."
[1] 9
[1] 10
[1] 6
 [1] 3 2 1 3 3 2 3 3 3 3 2 1 3 4 2 3 2 3 2 3
[1] "Minimum fitness threshold not reached after 100 iterations! Continuing PSO."
[1] "iteration number: "
[1] 101
[1] "Minimum fitness threshold not reached after 101 iterations! Continuing PSO."
[1] "iteration number: "
[1] 102
[1] "Minimum fitness threshold not reached after 102 iterations! Continuing PSO."
[1] "iteration number: "
[1] 103
[1] "Minimum fitness threshold not reached after 103 iterations! Continuing PSO."
[1] "iteration number: "
[1] 104
[1] "Minimum fitness threshold not reached after 104 iterations! Continuing PSO."
[1] "iteration number: "
[1] 105
[1] "Minimum fitness threshold not reached after 105 iterations! Continuing PSO."
[1] "iteration number: "
[1] 106
[1] "Minimum fitness threshold not reached after 106 iterations! Continuing PSO."
[1] "iteration number: "
[1] 107
[1] "Minimum fitness threshold not reached after 107 iterations! Continuing PSO."
[1] "iteration number: "
[1] 108
[1] "Minimum fitness threshold not reached after 108 iterations! Continuing PSO."
[1] "iteration number: "
[1] 109
[1] "Minimum fitness threshold not reached after 109 iterations! Continuing PSO."
[1] "iteration number: "
[1] 110
[1] "Minimum fitness threshold not reached after 110 iterations! Continuing PSO."
[1] "iteration number: "
[1] 111
[1] "RE-INITIALIZING..."
[1] 10
[1] 10
[1] 6
 [1] 2 4 2 3 3 3 2 3 1 3 3 2 3 3 2 2 3 3 3 1
[1] "Minimum fitness threshold not reached after 111 iterations! Continuing PSO."
[1] "iteration number: "
[1] 112
[1] "Minimum fitness threshold not reached after 112 iterations! Continuing PSO."
[1] "iteration number: "
[1] 113
[1] "Minimum fitness threshold not reached after 113 iterations! Continuing PSO."
[1] "iteration number: "
[1] 114
[1] "Minimum fitness threshold not reached after 114 iterations! Continuing PSO."
[1] "iteration number: "
[1] 115
[1] "Minimum fitness threshold not reached after 115 iterations! Continuing PSO."
[1] "iteration number: "
[1] 116
[1] "Minimum fitness threshold not reached after 116 iterations! Continuing PSO."
[1] "iteration number: "
[1] 117
[1] "Minimum fitness threshold not reached after 117 iterations! Continuing PSO."
[1] "iteration number: "
[1] 118
[1] "Minimum fitness threshold not reached after 118 iterations! Continuing PSO."
[1] "iteration number: "
[1] 119
[1] "Minimum fitness threshold not reached after 119 iterations! Continuing PSO."
[1] "iteration number: "
[1] 120
[1] "Minimum fitness threshold not reached after 120 iterations! Continuing PSO."
[1] "iteration number: "
[1] 121
[1] "Minimum fitness threshold not reached after 121 iterations! Continuing PSO."
[1] "iteration number: "
[1] 122
[1] "RE-INITIALIZING..."
[1] 11
[1] 10
[1] 6
[1] "No change for 11 iterations. Exiting PSO."
[1] 1 2 3 4 5 6
[1] 1
[1] "##################################"
[1] "Results summary for itr:1"
[1] "number of features selected using population mean"
[1] 6
[1] "number of features selected using current global best"
[1] 6
[1] "feat ind length"
[1] 6
[1] "best accuracy"
[1] 56.74963
[1] "test acc:0.923076923076923"
[1] "##################################"
[1] "learning sets: 2"
  [1]  53 122  81  88  32  52  20  33  78  62  79 127 114 126  68   5 106  15
 [19]  59  72  99  64  18  54  94 130   1  25  36  71  44  92  75  12  97  22
 [37]  16 124 123  46  42 111  57  23  60  13  37  58  86 100  74  85  56 105
 [55]  41 113  17  83  48  66  39 125 108  96  82 117   8  35   3  69  14  76
 [73]  28  40  27  24   4  80  95  30  70  26 115 116  11  87 128  67  31  63
 [91]  90  43  93  38   9 110 107 104   6  47 129  73  45  10
[1] "Starting global iteration number : 2"
[1] "iteration number: "
[1] 1
[1] "Best fitness updated to:"
[1] -55.29908
[1] "Best solution:"
[1] NA NA NA NA NA NA
[1] 0
[1] "iteration number: "
[1] 2
[1] "iteration number: "
[1] 3
[1] "iteration number: "
[1] 4
[1] "iteration number: "
[1] 5
[1] "iteration number: "
[1] 6
[1] "iteration number: "
[1] 7
[1] "iteration number: "
[1] 8
[1] "iteration number: "
[1] 9
[1] "iteration number: "
[1] 10
[1] "iteration number: "
[1] 11
[1] "Minimum fitness threshold not reached after 11 iterations! Continuing PSO."
[1] "iteration number: "
[1] 12
[1] "RE-INITIALIZING..."
[1] 1
[1] 10
[1] 6
 [1] 2 2 3 3 1 3 3 2 4 1 3 3 2 3 3 3 3 2 2 4
[1] "Minimum fitness threshold not reached after 12 iterations! Continuing PSO."
[1] "iteration number: "
[1] 13
[1] "Minimum fitness threshold not reached after 13 iterations! Continuing PSO."
[1] "iteration number: "
[1] 14
[1] "Minimum fitness threshold not reached after 14 iterations! Continuing PSO."
[1] "iteration number: "
[1] 15
[1] "Minimum fitness threshold not reached after 15 iterations! Continuing PSO."
[1] "iteration number: "
[1] 16
[1] "Minimum fitness threshold not reached after 16 iterations! Continuing PSO."
[1] "iteration number: "
[1] 17
[1] "Minimum fitness threshold not reached after 17 iterations! Continuing PSO."
[1] "iteration number: "
[1] 18
[1] "Minimum fitness threshold not reached after 18 iterations! Continuing PSO."
[1] "iteration number: "
[1] 19
[1] "Minimum fitness threshold not reached after 19 iterations! Continuing PSO."
[1] "iteration number: "
[1] 20
[1] "Minimum fitness threshold not reached after 20 iterations! Continuing PSO."
[1] "iteration number: "
[1] 21
[1] "Minimum fitness threshold not reached after 21 iterations! Continuing PSO."
[1] "iteration number: "
[1] 22
[1] "Minimum fitness threshold not reached after 22 iterations! Continuing PSO."
[1] "iteration number: "
[1] 23
[1] "RE-INITIALIZING..."
[1] 2
[1] 10
[1] 6
 [1] 2 4 2 3 3 3 2 3 1 3 3 2 3 3 2 2 3 3 3 1
[1] "Minimum fitness threshold not reached after 23 iterations! Continuing PSO."
[1] "iteration number: "
[1] 24
[1] "Minimum fitness threshold not reached after 24 iterations! Continuing PSO."
[1] "iteration number: "
[1] 25
[1] "Minimum fitness threshold not reached after 25 iterations! Continuing PSO."
[1] "iteration number: "
[1] 26
[1] "Minimum fitness threshold not reached after 26 iterations! Continuing PSO."
[1] "iteration number: "
[1] 27
[1] "Minimum fitness threshold not reached after 27 iterations! Continuing PSO."
[1] "iteration number: "
[1] 28
[1] "Minimum fitness threshold not reached after 28 iterations! Continuing PSO."
[1] "iteration number: "
[1] 29
[1] "Minimum fitness threshold not reached after 29 iterations! Continuing PSO."
[1] "iteration number: "
[1] 30
[1] "Minimum fitness threshold not reached after 30 iterations! Continuing PSO."
[1] "iteration number: "
[1] 31
[1] "Minimum fitness threshold not reached after 31 iterations! Continuing PSO."
[1] "iteration number: "
[1] 32
[1] "Minimum fitness threshold not reached after 32 iterations! Continuing PSO."
[1] "iteration number: "
[1] 33
[1] "Minimum fitness threshold not reached after 33 iterations! Continuing PSO."
[1] "iteration number: "
[1] 34
[1] "RE-INITIALIZING..."
[1] 3
[1] 10
[1] 6
 [1] 2 4 4 3 3 2 2 3 4 3 3 3 3 3 3 2 3 2 3 3
[1] "Minimum fitness threshold not reached after 34 iterations! Continuing PSO."
[1] "iteration number: "
[1] 35
[1] "Minimum fitness threshold not reached after 35 iterations! Continuing PSO."
[1] "iteration number: "
[1] 36
[1] "Minimum fitness threshold not reached after 36 iterations! Continuing PSO."
[1] "iteration number: "
[1] 37
[1] "Minimum fitness threshold not reached after 37 iterations! Continuing PSO."
[1] "iteration number: "
[1] 38
[1] "Minimum fitness threshold not reached after 38 iterations! Continuing PSO."
[1] "iteration number: "
[1] 39
[1] "Minimum fitness threshold not reached after 39 iterations! Continuing PSO."
[1] "iteration number: "
[1] 40
[1] "Minimum fitness threshold not reached after 40 iterations! Continuing PSO."
[1] "iteration number: "
[1] 41
[1] "Minimum fitness threshold not reached after 41 iterations! Continuing PSO."
[1] "iteration number: "
[1] 42
[1] "Minimum fitness threshold not reached after 42 iterations! Continuing PSO."
[1] "iteration number: "
[1] 43
[1] "Minimum fitness threshold not reached after 43 iterations! Continuing PSO."
[1] "iteration number: "
[1] 44
[1] "Minimum fitness threshold not reached after 44 iterations! Continuing PSO."
[1] "iteration number: "
[1] 45
[1] "RE-INITIALIZING..."
[1] 4
[1] 10
[1] 6
 [1] 3 1 3 1 4 4 3 2 4 3 2 2 4 2 1 4 3 2 2 1
[1] "Minimum fitness threshold not reached after 45 iterations! Continuing PSO."
[1] "iteration number: "
[1] 46
[1] "Minimum fitness threshold not reached after 46 iterations! Continuing PSO."
[1] "iteration number: "
[1] 47
[1] "Minimum fitness threshold not reached after 47 iterations! Continuing PSO."
[1] "iteration number: "
[1] 48
[1] "Minimum fitness threshold not reached after 48 iterations! Continuing PSO."
[1] "iteration number: "
[1] 49
[1] "Minimum fitness threshold not reached after 49 iterations! Continuing PSO."
[1] "iteration number: "
[1] 50
[1] "Minimum fitness threshold not reached after 50 iterations! Continuing PSO."
[1] "iteration number: "
[1] 51
[1] "Minimum fitness threshold not reached after 51 iterations! Continuing PSO."
[1] "iteration number: "
[1] 52
[1] "Minimum fitness threshold not reached after 52 iterations! Continuing PSO."
[1] "iteration number: "
[1] 53
[1] "Minimum fitness threshold not reached after 53 iterations! Continuing PSO."
[1] "iteration number: "
[1] 54
[1] "Minimum fitness threshold not reached after 54 iterations! Continuing PSO."
[1] "iteration number: "
[1] 55
[1] "Minimum fitness threshold not reached after 55 iterations! Continuing PSO."
[1] "iteration number: "
[1] 56
[1] "RE-INITIALIZING..."
[1] 5
[1] 10
[1] 6
 [1] 2 4 2 2 1 2 2 3 4 3 3 4 2 3 3 3 2 1 3 2
[1] "Minimum fitness threshold not reached after 56 iterations! Continuing PSO."
[1] "iteration number: "
[1] 57
[1] "Minimum fitness threshold not reached after 57 iterations! Continuing PSO."
[1] "iteration number: "
[1] 58
[1] "Minimum fitness threshold not reached after 58 iterations! Continuing PSO."
[1] "iteration number: "
[1] 59
[1] "Minimum fitness threshold not reached after 59 iterations! Continuing PSO."
[1] "iteration number: "
[1] 60
[1] "Minimum fitness threshold not reached after 60 iterations! Continuing PSO."
[1] "iteration number: "
[1] 61
[1] "Minimum fitness threshold not reached after 61 iterations! Continuing PSO."
[1] "iteration number: "
[1] 62
[1] "Minimum fitness threshold not reached after 62 iterations! Continuing PSO."
[1] "iteration number: "
[1] 63
[1] "Minimum fitness threshold not reached after 63 iterations! Continuing PSO."
[1] "iteration number: "
[1] 64
[1] "Minimum fitness threshold not reached after 64 iterations! Continuing PSO."
[1] "iteration number: "
[1] 65
[1] "Minimum fitness threshold not reached after 65 iterations! Continuing PSO."
[1] "iteration number: "
[1] 66
[1] "Minimum fitness threshold not reached after 66 iterations! Continuing PSO."
[1] "iteration number: "
[1] 67
[1] "RE-INITIALIZING..."
[1] 6
[1] 10
[1] 6
 [1] 3 2 3 3 4 1 2 1 3 3 3 2 4 1 2 1 4 3 3 2
[1] "Minimum fitness threshold not reached after 67 iterations! Continuing PSO."
[1] "iteration number: "
[1] 68
[1] "Minimum fitness threshold not reached after 68 iterations! Continuing PSO."
[1] "iteration number: "
[1] 69
[1] "Minimum fitness threshold not reached after 69 iterations! Continuing PSO."
[1] "iteration number: "
[1] 70
[1] "Minimum fitness threshold not reached after 70 iterations! Continuing PSO."
[1] "iteration number: "
[1] 71
[1] "Minimum fitness threshold not reached after 71 iterations! Continuing PSO."
[1] "iteration number: "
[1] 72
[1] "Minimum fitness threshold not reached after 72 iterations! Continuing PSO."
[1] "iteration number: "
[1] 73
[1] "Minimum fitness threshold not reached after 73 iterations! Continuing PSO."
[1] "iteration number: "
[1] 74
[1] "Minimum fitness threshold not reached after 74 iterations! Continuing PSO."
[1] "iteration number: "
[1] 75
[1] "Minimum fitness threshold not reached after 75 iterations! Continuing PSO."
[1] "iteration number: "
[1] 76
[1] "Minimum fitness threshold not reached after 76 iterations! Continuing PSO."
[1] "iteration number: "
[1] 77
[1] "Minimum fitness threshold not reached after 77 iterations! Continuing PSO."
[1] "iteration number: "
[1] 78
[1] "RE-INITIALIZING..."
[1] 7
[1] 10
[1] 6
 [1] 2 4 2 3 3 3 2 3 1 3 3 2 3 3 2 2 3 3 3 1
[1] "Minimum fitness threshold not reached after 78 iterations! Continuing PSO."
[1] "iteration number: "
[1] 79
[1] "Minimum fitness threshold not reached after 79 iterations! Continuing PSO."
[1] "iteration number: "
[1] 80
[1] "Minimum fitness threshold not reached after 80 iterations! Continuing PSO."
[1] "iteration number: "
[1] 81
[1] "Minimum fitness threshold not reached after 81 iterations! Continuing PSO."
[1] "iteration number: "
[1] 82
[1] "Minimum fitness threshold not reached after 82 iterations! Continuing PSO."
[1] "iteration number: "
[1] 83
[1] "Minimum fitness threshold not reached after 83 iterations! Continuing PSO."
[1] "iteration number: "
[1] 84
[1] "Minimum fitness threshold not reached after 84 iterations! Continuing PSO."
[1] "iteration number: "
[1] 85
[1] "Minimum fitness threshold not reached after 85 iterations! Continuing PSO."
[1] "iteration number: "
[1] 86
[1] "Minimum fitness threshold not reached after 86 iterations! Continuing PSO."
[1] "iteration number: "
[1] 87
[1] "Minimum fitness threshold not reached after 87 iterations! Continuing PSO."
[1] "iteration number: "
[1] 88
[1] "Minimum fitness threshold not reached after 88 iterations! Continuing PSO."
[1] "iteration number: "
[1] 89
[1] "RE-INITIALIZING..."
[1] 8
[1] 10
[1] 6
 [1] 2 4 2 3 3 3 2 3 1 3 3 2 3 3 2 2 3 3 3 1
[1] "Minimum fitness threshold not reached after 89 iterations! Continuing PSO."
[1] "iteration number: "
[1] 90
[1] "Minimum fitness threshold not reached after 90 iterations! Continuing PSO."
[1] "iteration number: "
[1] 91
[1] "Minimum fitness threshold not reached after 91 iterations! Continuing PSO."
[1] "iteration number: "
[1] 92
[1] "Minimum fitness threshold not reached after 92 iterations! Continuing PSO."
[1] "iteration number: "
[1] 93
[1] "Minimum fitness threshold not reached after 93 iterations! Continuing PSO."
[1] "iteration number: "
[1] 94
[1] "Minimum fitness threshold not reached after 94 iterations! Continuing PSO."
[1] "iteration number: "
[1] 95
[1] "Minimum fitness threshold not reached after 95 iterations! Continuing PSO."
[1] "iteration number: "
[1] 96
[1] "Minimum fitness threshold not reached after 96 iterations! Continuing PSO."
[1] "iteration number: "
[1] 97
[1] "Minimum fitness threshold not reached after 97 iterations! Continuing PSO."
[1] "iteration number: "
[1] 98
[1] "Minimum fitness threshold not reached after 98 iterations! Continuing PSO."
[1] "iteration number: "
[1] 99
[1] "Minimum fitness threshold not reached after 99 iterations! Continuing PSO."
[1] "iteration number: "
[1] 100
[1] "RE-INITIALIZING..."
[1] 9
[1] 10
[1] 6
 [1] 3 3 2 3 3 3 3 2 1 3 4 2 3 2 3 2 3 4 2 4
[1] "Minimum fitness threshold not reached after 100 iterations! Continuing PSO."
[1] "iteration number: "
[1] 101
[1] "Minimum fitness threshold not reached after 101 iterations! Continuing PSO."
[1] "iteration number: "
[1] 102
[1] "Minimum fitness threshold not reached after 102 iterations! Continuing PSO."
[1] "iteration number: "
[1] 103
[1] "Minimum fitness threshold not reached after 103 iterations! Continuing PSO."
[1] "iteration number: "
[1] 104
[1] "Minimum fitness threshold not reached after 104 iterations! Continuing PSO."
[1] "iteration number: "
[1] 105
[1] "Minimum fitness threshold not reached after 105 iterations! Continuing PSO."
[1] "iteration number: "
[1] 106
[1] "Minimum fitness threshold not reached after 106 iterations! Continuing PSO."
[1] "iteration number: "
[1] 107
[1] "Minimum fitness threshold not reached after 107 iterations! Continuing PSO."
[1] "iteration number: "
[1] 108
[1] "Minimum fitness threshold not reached after 108 iterations! Continuing PSO."
[1] "iteration number: "
[1] 109
[1] "Minimum fitness threshold not reached after 109 iterations! Continuing PSO."
[1] "iteration number: "
[1] 110
[1] "Minimum fitness threshold not reached after 110 iterations! Continuing PSO."
[1] "iteration number: "
[1] 111
[1] "RE-INITIALIZING..."
[1] 10
[1] 10
[1] 6
 [1] 2 4 2 3 3 3 2 3 1 3 3 2 3 3 2 2 3 3 3 1
[1] "Minimum fitness threshold not reached after 111 iterations! Continuing PSO."
[1] "iteration number: "
[1] 112
[1] "Minimum fitness threshold not reached after 112 iterations! Continuing PSO."
[1] "iteration number: "
[1] 113
[1] "Minimum fitness threshold not reached after 113 iterations! Continuing PSO."
[1] "iteration number: "
[1] 114
[1] "Minimum fitness threshold not reached after 114 iterations! Continuing PSO."
[1] "iteration number: "
[1] 115
[1] "Minimum fitness threshold not reached after 115 iterations! Continuing PSO."
[1] "iteration number: "
[1] 116
[1] "Minimum fitness threshold not reached after 116 iterations! Continuing PSO."
[1] "iteration number: "
[1] 117
[1] "Minimum fitness threshold not reached after 117 iterations! Continuing PSO."
[1] "iteration number: "
[1] 118
[1] "Minimum fitness threshold not reached after 118 iterations! Continuing PSO."
[1] "iteration number: "
[1] 119
[1] "Minimum fitness threshold not reached after 119 iterations! Continuing PSO."
[1] "iteration number: "
[1] 120
[1] "Minimum fitness threshold not reached after 120 iterations! Continuing PSO."
[1] "iteration number: "
[1] 121
[1] "Minimum fitness threshold not reached after 121 iterations! Continuing PSO."
[1] "iteration number: "
[1] 122
[1] "RE-INITIALIZING..."
[1] 11
[1] 10
[1] 6
[1] "No change for 11 iterations. Exiting PSO."
[1] 1 2 3 4 5 6
[1] 2
[1] "##################################"
[1] "Results summary for itr:2"
[1] "number of features selected using population mean"
[1] 6
[1] "number of features selected using current global best"
[1] 6
[1] "feat ind length"
[1] 6
[1] "best accuracy"
[1] 55.29908
[1] "test acc:0.961538461538462"
[1] "##################################"
[1] "learning sets: 3"
  [1]  16  75  60 106 127  64  93  32  51  31  44 122   7  23  82  85  69  27
 [19] 129  74 104 126 114 111  42  96  59  91 130  39 101 124 116 100  21  57
 [37] 117  73  14  11  66 103  99  56  52  36 107 105  49  79  94  26  97 113
 [55]  84 123  63  19  38  53  95  71  65  37  28  13  83  98 125  61  34  68
 [73]  24 115  67   1  10  55  25 119  40  30  70  47 108  29  43  72 109  88
 [91]   8   3  92 118  76  17 110  81  18 102  22  90   5  62
[1] "Starting global iteration number : 3"
[1] "iteration number: "
[1] 1
[1] "Best fitness updated to:"
[1] -59.06759
[1] "Best solution:"
[1] NA NA NA NA NA NA
[1] 0
[1] "iteration number: "
[1] 2
[1] "iteration number: "
[1] 3
[1] "iteration number: "
[1] 4
[1] "iteration number: "
[1] 5
[1] "iteration number: "
[1] 6
[1] "iteration number: "
[1] 7
[1] "iteration number: "
[1] 8
[1] "iteration number: "
[1] 9
[1] "iteration number: "
[1] 10
[1] "iteration number: "
[1] 11
[1] "Minimum fitness threshold not reached after 11 iterations! Continuing PSO."
[1] "iteration number: "
[1] 12
[1] "RE-INITIALIZING..."
[1] 1
[1] 10
[1] 6
 [1] 2 2 3 3 1 3 3 2 4 1 3 3 2 3 3 3 3 2 2 4
[1] "Minimum fitness threshold not reached after 12 iterations! Continuing PSO."
[1] "iteration number: "
[1] 13
[1] "Minimum fitness threshold not reached after 13 iterations! Continuing PSO."
[1] "iteration number: "
[1] 14
[1] "Minimum fitness threshold not reached after 14 iterations! Continuing PSO."
[1] "iteration number: "
[1] 15
[1] "Minimum fitness threshold not reached after 15 iterations! Continuing PSO."
[1] "iteration number: "
[1] 16
[1] "Minimum fitness threshold not reached after 16 iterations! Continuing PSO."
[1] "iteration number: "
[1] 17
[1] "Minimum fitness threshold not reached after 17 iterations! Continuing PSO."
[1] "iteration number: "
[1] 18
[1] "Minimum fitness threshold not reached after 18 iterations! Continuing PSO."
[1] "iteration number: "
[1] 19
[1] "Minimum fitness threshold not reached after 19 iterations! Continuing PSO."
[1] "iteration number: "
[1] 20
[1] "Minimum fitness threshold not reached after 20 iterations! Continuing PSO."
[1] "iteration number: "
[1] 21
[1] "Minimum fitness threshold not reached after 21 iterations! Continuing PSO."
[1] "iteration number: "
[1] 22
[1] "Minimum fitness threshold not reached after 22 iterations! Continuing PSO."
[1] "iteration number: "
[1] 23
[1] "RE-INITIALIZING..."
[1] 2
[1] 10
[1] 6
 [1] 2 4 2 3 3 3 2 3 1 3 3 2 3 3 2 2 3 3 3 1
[1] "Minimum fitness threshold not reached after 23 iterations! Continuing PSO."
[1] "iteration number: "
[1] 24
[1] "Minimum fitness threshold not reached after 24 iterations! Continuing PSO."
[1] "iteration number: "
[1] 25
[1] "Minimum fitness threshold not reached after 25 iterations! Continuing PSO."
[1] "iteration number: "
[1] 26
[1] "Minimum fitness threshold not reached after 26 iterations! Continuing PSO."
[1] "iteration number: "
[1] 27
[1] "Minimum fitness threshold not reached after 27 iterations! Continuing PSO."
[1] "iteration number: "
[1] 28
[1] "Minimum fitness threshold not reached after 28 iterations! Continuing PSO."
[1] "iteration number: "
[1] 29
[1] "Minimum fitness threshold not reached after 29 iterations! Continuing PSO."
[1] "iteration number: "
[1] 30
[1] "Minimum fitness threshold not reached after 30 iterations! Continuing PSO."
[1] "iteration number: "
[1] 31
[1] "Minimum fitness threshold not reached after 31 iterations! Continuing PSO."
[1] "iteration number: "
[1] 32
[1] "Minimum fitness threshold not reached after 32 iterations! Continuing PSO."
[1] "iteration number: "
[1] 33
[1] "Minimum fitness threshold not reached after 33 iterations! Continuing PSO."
[1] "iteration number: "
[1] 34
[1] "RE-INITIALIZING..."
[1] 3
[1] 10
[1] 6
 [1] 2 4 4 3 3 2 2 3 4 3 3 3 3 3 3 2 3 2 3 3
[1] "Minimum fitness threshold not reached after 34 iterations! Continuing PSO."
[1] "iteration number: "
[1] 35
[1] "Minimum fitness threshold not reached after 35 iterations! Continuing PSO."
[1] "iteration number: "
[1] 36
[1] "Minimum fitness threshold not reached after 36 iterations! Continuing PSO."
[1] "iteration number: "
[1] 37
[1] "Minimum fitness threshold not reached after 37 iterations! Continuing PSO."
[1] "iteration number: "
[1] 38
[1] "Minimum fitness threshold not reached after 38 iterations! Continuing PSO."
[1] "iteration number: "
[1] 39
[1] "Minimum fitness threshold not reached after 39 iterations! Continuing PSO."
[1] "iteration number: "
[1] 40
[1] "Minimum fitness threshold not reached after 40 iterations! Continuing PSO."
[1] "iteration number: "
[1] 41
[1] "Minimum fitness threshold not reached after 41 iterations! Continuing PSO."
[1] "iteration number: "
[1] 42
[1] "Minimum fitness threshold not reached after 42 iterations! Continuing PSO."
[1] "iteration number: "
[1] 43
[1] "Minimum fitness threshold not reached after 43 iterations! Continuing PSO."
[1] "iteration number: "
[1] 44
[1] "Minimum fitness threshold not reached after 44 iterations! Continuing PSO."
[1] "iteration number: "
[1] 45
[1] "RE-INITIALIZING..."
[1] 4
[1] 10
[1] 6
 [1] 2 4 2 3 3 3 2 3 1 3 3 2 3 3 2 2 3 3 3 1
[1] "Minimum fitness threshold not reached after 45 iterations! Continuing PSO."
[1] "iteration number: "
[1] 46
[1] "Minimum fitness threshold not reached after 46 iterations! Continuing PSO."
[1] "iteration number: "
[1] 47
[1] "Minimum fitness threshold not reached after 47 iterations! Continuing PSO."
[1] "iteration number: "
[1] 48
[1] "Minimum fitness threshold not reached after 48 iterations! Continuing PSO."
[1] "iteration number: "
[1] 49
[1] "Minimum fitness threshold not reached after 49 iterations! Continuing PSO."
[1] "iteration number: "
[1] 50
[1] "Minimum fitness threshold not reached after 50 iterations! Continuing PSO."
[1] "iteration number: "
[1] 51
[1] "Minimum fitness threshold not reached after 51 iterations! Continuing PSO."
[1] "iteration number: "
[1] 52
[1] "Minimum fitness threshold not reached after 52 iterations! Continuing PSO."
[1] "iteration number: "
[1] 53
[1] "Minimum fitness threshold not reached after 53 iterations! Continuing PSO."
[1] "iteration number: "
[1] 54
[1] "Minimum fitness threshold not reached after 54 iterations! Continuing PSO."
[1] "iteration number: "
[1] 55
[1] "Minimum fitness threshold not reached after 55 iterations! Continuing PSO."
[1] "iteration number: "
[1] 56
[1] "RE-INITIALIZING..."
[1] 5
[1] 10
[1] 6
 [1] 2 4 2 3 3 3 2 3 1 3 3 2 3 3 2 2 3 3 3 1
[1] "Minimum fitness threshold not reached after 56 iterations! Continuing PSO."
[1] "iteration number: "
[1] 57
[1] "Minimum fitness threshold not reached after 57 iterations! Continuing PSO."
[1] "iteration number: "
[1] 58
[1] "Minimum fitness threshold not reached after 58 iterations! Continuing PSO."
[1] "iteration number: "
[1] 59
[1] "Minimum fitness threshold not reached after 59 iterations! Continuing PSO."
[1] "iteration number: "
[1] 60
[1] "Minimum fitness threshold not reached after 60 iterations! Continuing PSO."
[1] "iteration number: "
[1] 61
[1] "Minimum fitness threshold not reached after 61 iterations! Continuing PSO."
[1] "iteration number: "
[1] 62
[1] "Minimum fitness threshold not reached after 62 iterations! Continuing PSO."
[1] "iteration number: "
[1] 63
[1] "Minimum fitness threshold not reached after 63 iterations! Continuing PSO."
[1] "iteration number: "
[1] 64
[1] "Minimum fitness threshold not reached after 64 iterations! Continuing PSO."
[1] "iteration number: "
[1] 65
[1] "Minimum fitness threshold not reached after 65 iterations! Continuing PSO."
[1] "iteration number: "
[1] 66
[1] "Minimum fitness threshold not reached after 66 iterations! Continuing PSO."
[1] "iteration number: "
[1] 67
[1] "RE-INITIALIZING..."
[1] 6
[1] 10
[1] 6
 [1] 2 4 4 3 3 2 2 3 4 3 3 3 3 3 3 2 3 2 3 3
[1] "Minimum fitness threshold not reached after 67 iterations! Continuing PSO."
[1] "iteration number: "
[1] 68
[1] "Minimum fitness threshold not reached after 68 iterations! Continuing PSO."
[1] "iteration number: "
[1] 69
[1] "Minimum fitness threshold not reached after 69 iterations! Continuing PSO."
[1] "iteration number: "
[1] 70
[1] "Minimum fitness threshold not reached after 70 iterations! Continuing PSO."
[1] "iteration number: "
[1] 71
[1] "Minimum fitness threshold not reached after 71 iterations! Continuing PSO."
[1] "iteration number: "
[1] 72
[1] "Minimum fitness threshold not reached after 72 iterations! Continuing PSO."
[1] "iteration number: "
[1] 73
[1] "Minimum fitness threshold not reached after 73 iterations! Continuing PSO."
[1] "iteration number: "
[1] 74
[1] "Minimum fitness threshold not reached after 74 iterations! Continuing PSO."
[1] "iteration number: "
[1] 75
[1] "Minimum fitness threshold not reached after 75 iterations! Continuing PSO."
[1] "iteration number: "
[1] 76
[1] "Minimum fitness threshold not reached after 76 iterations! Continuing PSO."
[1] "iteration number: "
[1] 77
[1] "Minimum fitness threshold not reached after 77 iterations! Continuing PSO."
[1] "iteration number: "
[1] 78
[1] "RE-INITIALIZING..."
[1] 7
[1] 10
[1] 6
 [1] 4 2 2 1 2 3 3 4 2 3 3 2 1 3 2 1 3 3 1 2
[1] "Minimum fitness threshold not reached after 78 iterations! Continuing PSO."
[1] "iteration number: "
[1] 79
[1] "Minimum fitness threshold not reached after 79 iterations! Continuing PSO."
[1] "iteration number: "
[1] 80
[1] "Minimum fitness threshold not reached after 80 iterations! Continuing PSO."
[1] "iteration number: "
[1] 81
[1] "Minimum fitness threshold not reached after 81 iterations! Continuing PSO."
[1] "iteration number: "
[1] 82
[1] "Minimum fitness threshold not reached after 82 iterations! Continuing PSO."
[1] "iteration number: "
[1] 83
[1] "Minimum fitness threshold not reached after 83 iterations! Continuing PSO."
[1] "iteration number: "
[1] 84
[1] "Minimum fitness threshold not reached after 84 iterations! Continuing PSO."
[1] "iteration number: "
[1] 85
[1] "Minimum fitness threshold not reached after 85 iterations! Continuing PSO."
[1] "iteration number: "
[1] 86
[1] "Minimum fitness threshold not reached after 86 iterations! Continuing PSO."
[1] "iteration number: "
[1] 87
[1] "Minimum fitness threshold not reached after 87 iterations! Continuing PSO."
[1] "iteration number: "
[1] 88
[1] "Minimum fitness threshold not reached after 88 iterations! Continuing PSO."
[1] "iteration number: "
[1] 89
[1] "RE-INITIALIZING..."
[1] 8
[1] 10
[1] 6
 [1] 2 4 2 3 3 3 2 3 1 3 3 2 3 3 2 2 3 3 3 1
[1] "Minimum fitness threshold not reached after 89 iterations! Continuing PSO."
[1] "iteration number: "
[1] 90
[1] "Minimum fitness threshold not reached after 90 iterations! Continuing PSO."
[1] "iteration number: "
[1] 91
[1] "Minimum fitness threshold not reached after 91 iterations! Continuing PSO."
[1] "iteration number: "
[1] 92
[1] "Minimum fitness threshold not reached after 92 iterations! Continuing PSO."
[1] "iteration number: "
[1] 93
[1] "Minimum fitness threshold not reached after 93 iterations! Continuing PSO."
[1] "iteration number: "
[1] 94
[1] "Minimum fitness threshold not reached after 94 iterations! Continuing PSO."
[1] "iteration number: "
[1] 95
[1] "Minimum fitness threshold not reached after 95 iterations! Continuing PSO."
[1] "iteration number: "
[1] 96
[1] "Minimum fitness threshold not reached after 96 iterations! Continuing PSO."
[1] "iteration number: "
[1] 97
[1] "Minimum fitness threshold not reached after 97 iterations! Continuing PSO."
[1] "iteration number: "
[1] 98
[1] "Minimum fitness threshold not reached after 98 iterations! Continuing PSO."
[1] "iteration number: "
[1] 99
[1] "Minimum fitness threshold not reached after 99 iterations! Continuing PSO."
[1] "iteration number: "
[1] 100
[1] "RE-INITIALIZING..."
[1] 9
[1] 10
[1] 6
 [1] 2 4 2 3 3 3 2 3 1 3 3 2 3 3 2 2 3 3 3 1
[1] "Minimum fitness threshold not reached after 100 iterations! Continuing PSO."
[1] "iteration number: "
[1] 101
[1] "Minimum fitness threshold not reached after 101 iterations! Continuing PSO."
[1] "iteration number: "
[1] 102
[1] "Minimum fitness threshold not reached after 102 iterations! Continuing PSO."
[1] "iteration number: "
[1] 103
[1] "Minimum fitness threshold not reached after 103 iterations! Continuing PSO."
[1] "iteration number: "
[1] 104
[1] "Minimum fitness threshold not reached after 104 iterations! Continuing PSO."
[1] "iteration number: "
[1] 105
[1] "Minimum fitness threshold not reached after 105 iterations! Continuing PSO."
[1] "iteration number: "
[1] 106
[1] "Minimum fitness threshold not reached after 106 iterations! Continuing PSO."
[1] "iteration number: "
[1] 107
[1] "Minimum fitness threshold not reached after 107 iterations! Continuing PSO."
[1] "iteration number: "
[1] 108
[1] "Minimum fitness threshold not reached after 108 iterations! Continuing PSO."
[1] "iteration number: "
[1] 109
[1] "Minimum fitness threshold not reached after 109 iterations! Continuing PSO."
[1] "iteration number: "
[1] 110
[1] "Minimum fitness threshold not reached after 110 iterations! Continuing PSO."
[1] "iteration number: "
[1] 111
[1] "RE-INITIALIZING..."
[1] 10
[1] 10
[1] 6
 [1] 2 4 2 3 3 3 2 3 1 3 3 2 3 3 2 2 3 3 3 1
[1] "iteration number: "
[1] 112
[1] "iteration number: "
[1] 113
[1] "iteration number: "
[1] 114
[1] "iteration number: "
[1] 115
[1] "iteration number: "
[1] 116
[1] "iteration number: "
[1] 117
[1] "iteration number: "
[1] 118
[1] "iteration number: "
[1] 119
[1] "iteration number: "
[1] 120
[1] "iteration number: "
[1] 121
[1] "iteration number: "
[1] 122
[1] "RE-INITIALIZING..."
[1] 11
[1] 10
[1] 6
[1] "No change for 11 iterations. Exiting PSO."
[1] 1 2 3 4 5 6
[1] 3
[1] "##################################"
[1] "Results summary for itr:3"
[1] "number of features selected using population mean"
[1] 6
[1] "number of features selected using current global best"
[1] 6
[1] "feat ind length"
[1] 6
[1] "best accuracy"
[1] 59.06759
[1] "test acc:0.923076923076923"
[1] "##################################"
[1] "learning sets: 4"
  [1]  41   4  59  25  95  78 117  53  65  11  87  39  60  93 109  31  17  55
 [19]  27 120  66  67  62 101 112 106  37   5  26  47  43  22 103  80  18  34
 [37] 118  28   2  13 119  21 128  92 110 127 108  14  64 129 116 124  76  56
 [55]  16 121   3  72 104 114  99 100  89  30  70  96  79  69  71   9 122 113
 [73]   7  84  33  49  77  23 115 125   8  50  35  91  36  15  98  73  44  29
 [91]  40  75 105  63  68  81  61  58  86  48 102 107   6  46
[1] "Starting global iteration number : 4"
[1] "iteration number: "
[1] 1
[1] "Best fitness updated to:"
[1] -60.43837
[1] "Best solution:"
[1] NA NA NA NA NA NA
[1] 0
[1] "iteration number: "
[1] 2
[1] "iteration number: "
[1] 3
[1] "iteration number: "
[1] 4
[1] "iteration number: "
[1] 5
[1] "iteration number: "
[1] 6
[1] "iteration number: "
[1] 7
[1] "iteration number: "
[1] 8
[1] "iteration number: "
[1] 9
[1] "iteration number: "
[1] 10
[1] "iteration number: "
[1] 11
[1] "Minimum fitness threshold not reached after 11 iterations! Continuing PSO."
[1] "iteration number: "
[1] 12
[1] "RE-INITIALIZING..."
[1] 1
[1] 10
[1] 6
 [1] 2 2 3 3 1 3 3 2 4 1 3 3 2 3 3 3 3 2 2 4
[1] "Minimum fitness threshold not reached after 12 iterations! Continuing PSO."
[1] "iteration number: "
[1] 13
[1] "Minimum fitness threshold not reached after 13 iterations! Continuing PSO."
[1] "iteration number: "
[1] 14
[1] "Minimum fitness threshold not reached after 14 iterations! Continuing PSO."
[1] "iteration number: "
[1] 15
[1] "Minimum fitness threshold not reached after 15 iterations! Continuing PSO."
[1] "iteration number: "
[1] 16
[1] "Minimum fitness threshold not reached after 16 iterations! Continuing PSO."
[1] "iteration number: "
[1] 17
[1] "Minimum fitness threshold not reached after 17 iterations! Continuing PSO."
[1] "iteration number: "
[1] 18
[1] "Minimum fitness threshold not reached after 18 iterations! Continuing PSO."
[1] "iteration number: "
[1] 19
[1] "Minimum fitness threshold not reached after 19 iterations! Continuing PSO."
[1] "iteration number: "
[1] 20
[1] "Minimum fitness threshold not reached after 20 iterations! Continuing PSO."
[1] "iteration number: "
[1] 21
[1] "Minimum fitness threshold not reached after 21 iterations! Continuing PSO."
[1] "iteration number: "
[1] 22
[1] "Minimum fitness threshold not reached after 22 iterations! Continuing PSO."
[1] "iteration number: "
[1] 23
[1] "RE-INITIALIZING..."
[1] 2
[1] 10
[1] 6
 [1] 2 4 2 3 3 3 2 3 1 3 3 2 3 3 2 2 3 3 3 1
[1] "Minimum fitness threshold not reached after 23 iterations! Continuing PSO."
[1] "iteration number: "
[1] 24
[1] "Minimum fitness threshold not reached after 24 iterations! Continuing PSO."
[1] "iteration number: "
[1] 25
[1] "Minimum fitness threshold not reached after 25 iterations! Continuing PSO."
[1] "iteration number: "
[1] 26
[1] "Minimum fitness threshold not reached after 26 iterations! Continuing PSO."
[1] "iteration number: "
[1] 27
[1] "Minimum fitness threshold not reached after 27 iterations! Continuing PSO."
[1] "iteration number: "
[1] 28
[1] "Minimum fitness threshold not reached after 28 iterations! Continuing PSO."
[1] "iteration number: "
[1] 29
[1] "Minimum fitness threshold not reached after 29 iterations! Continuing PSO."
[1] "iteration number: "
[1] 30
[1] "Minimum fitness threshold not reached after 30 iterations! Continuing PSO."
[1] "iteration number: "
[1] 31
[1] "Minimum fitness threshold not reached after 31 iterations! Continuing PSO."
[1] "iteration number: "
[1] 32
[1] "Minimum fitness threshold not reached after 32 iterations! Continuing PSO."
[1] "iteration number: "
[1] 33
[1] "Minimum fitness threshold not reached after 33 iterations! Continuing PSO."
[1] "iteration number: "
[1] 34
[1] "RE-INITIALIZING..."
[1] 3
[1] 10
[1] 6
 [1] 2 4 2 3 3 3 2 3 1 3 3 2 3 3 2 2 3 3 3 1
[1] "Minimum fitness threshold not reached after 34 iterations! Continuing PSO."
[1] "iteration number: "
[1] 35
[1] "Minimum fitness threshold not reached after 35 iterations! Continuing PSO."
[1] "iteration number: "
[1] 36
[1] "Minimum fitness threshold not reached after 36 iterations! Continuing PSO."
[1] "iteration number: "
[1] 37
[1] "Minimum fitness threshold not reached after 37 iterations! Continuing PSO."
[1] "iteration number: "
[1] 38
[1] "Minimum fitness threshold not reached after 38 iterations! Continuing PSO."
[1] "iteration number: "
[1] 39
[1] "Minimum fitness threshold not reached after 39 iterations! Continuing PSO."
[1] "iteration number: "
[1] 40
[1] "Minimum fitness threshold not reached after 40 iterations! Continuing PSO."
[1] "iteration number: "
[1] 41
[1] "Minimum fitness threshold not reached after 41 iterations! Continuing PSO."
[1] "iteration number: "
[1] 42
[1] "Minimum fitness threshold not reached after 42 iterations! Continuing PSO."
[1] "iteration number: "
[1] 43
[1] "Minimum fitness threshold not reached after 43 iterations! Continuing PSO."
[1] "iteration number: "
[1] 44
[1] "Minimum fitness threshold not reached after 44 iterations! Continuing PSO."
[1] "iteration number: "
[1] 45
[1] "RE-INITIALIZING..."
[1] 4
[1] 10
[1] 6
 [1] 2 4 2 3 3 3 2 3 1 3 3 2 3 3 2 2 3 3 3 1
[1] "Minimum fitness threshold not reached after 45 iterations! Continuing PSO."
[1] "iteration number: "
[1] 46
[1] "Minimum fitness threshold not reached after 46 iterations! Continuing PSO."
[1] "iteration number: "
[1] 47
[1] "Minimum fitness threshold not reached after 47 iterations! Continuing PSO."
[1] "iteration number: "
[1] 48
[1] "Minimum fitness threshold not reached after 48 iterations! Continuing PSO."
[1] "iteration number: "
[1] 49
[1] "Minimum fitness threshold not reached after 49 iterations! Continuing PSO."
[1] "iteration number: "
[1] 50
[1] "Minimum fitness threshold not reached after 50 iterations! Continuing PSO."
[1] "iteration number: "
[1] 51
[1] "Minimum fitness threshold not reached after 51 iterations! Continuing PSO."
[1] "iteration number: "
[1] 52
[1] "Minimum fitness threshold not reached after 52 iterations! Continuing PSO."
[1] "iteration number: "
[1] 53
[1] "Minimum fitness threshold not reached after 53 iterations! Continuing PSO."
[1] "iteration number: "
[1] 54
[1] "Minimum fitness threshold not reached after 54 iterations! Continuing PSO."
[1] "iteration number: "
[1] 55
[1] "Minimum fitness threshold not reached after 55 iterations! Continuing PSO."
[1] "iteration number: "
[1] 56
[1] "RE-INITIALIZING..."
[1] 5
[1] 10
[1] 6
 [1] 2 4 2 3 3 3 2 3 1 3 3 2 3 3 2 2 3 3 3 1
[1] "Minimum fitness threshold not reached after 56 iterations! Continuing PSO."
[1] "iteration number: "
[1] 57
[1] "Minimum fitness threshold not reached after 57 iterations! Continuing PSO."
[1] "iteration number: "
[1] 58
[1] "Minimum fitness threshold not reached after 58 iterations! Continuing PSO."
[1] "iteration number: "
[1] 59
[1] "Minimum fitness threshold not reached after 59 iterations! Continuing PSO."
[1] "iteration number: "
[1] 60
[1] "Minimum fitness threshold not reached after 60 iterations! Continuing PSO."
[1] "iteration number: "
[1] 61
[1] "Minimum fitness threshold not reached after 61 iterations! Continuing PSO."
[1] "iteration number: "
[1] 62
[1] "Minimum fitness threshold not reached after 62 iterations! Continuing PSO."
[1] "iteration number: "
[1] 63
[1] "Minimum fitness threshold not reached after 63 iterations! Continuing PSO."
[1] "iteration number: "
[1] 64
[1] "Minimum fitness threshold not reached after 64 iterations! Continuing PSO."
[1] "iteration number: "
[1] 65
[1] "Minimum fitness threshold not reached after 65 iterations! Continuing PSO."
[1] "iteration number: "
[1] 66
[1] "Minimum fitness threshold not reached after 66 iterations! Continuing PSO."
[1] "iteration number: "
[1] 67
[1] "RE-INITIALIZING..."
[1] 6
[1] 10
[1] 6
 [1] 2 4 2 3 3 3 2 3 1 3 3 2 3 3 2 2 3 3 3 1
[1] "Minimum fitness threshold not reached after 67 iterations! Continuing PSO."
[1] "iteration number: "
[1] 68
[1] "Minimum fitness threshold not reached after 68 iterations! Continuing PSO."
[1] "iteration number: "
[1] 69
[1] "Minimum fitness threshold not reached after 69 iterations! Continuing PSO."
[1] "iteration number: "
[1] 70
[1] "Minimum fitness threshold not reached after 70 iterations! Continuing PSO."
[1] "iteration number: "
[1] 71
[1] "Minimum fitness threshold not reached after 71 iterations! Continuing PSO."
[1] "iteration number: "
[1] 72
[1] "Minimum fitness threshold not reached after 72 iterations! Continuing PSO."
[1] "iteration number: "
[1] 73
[1] "Minimum fitness threshold not reached after 73 iterations! Continuing PSO."
[1] "iteration number: "
[1] 74
[1] "Minimum fitness threshold not reached after 74 iterations! Continuing PSO."
[1] "iteration number: "
[1] 75
[1] "Minimum fitness threshold not reached after 75 iterations! Continuing PSO."
[1] "iteration number: "
[1] 76
[1] "Minimum fitness threshold not reached after 76 iterations! Continuing PSO."
[1] "iteration number: "
[1] 77
[1] "Minimum fitness threshold not reached after 77 iterations! Continuing PSO."
[1] "iteration number: "
[1] 78
[1] "RE-INITIALIZING..."
[1] 7
[1] 10
[1] 6
 [1] 2 4 2 3 3 3 2 3 1 3 3 2 3 3 2 2 3 3 3 1
[1] "Minimum fitness threshold not reached after 78 iterations! Continuing PSO."
[1] "iteration number: "
[1] 79
[1] "Minimum fitness threshold not reached after 79 iterations! Continuing PSO."
[1] "iteration number: "
[1] 80
[1] "Minimum fitness threshold not reached after 80 iterations! Continuing PSO."
[1] "iteration number: "
[1] 81
[1] "Minimum fitness threshold not reached after 81 iterations! Continuing PSO."
[1] "iteration number: "
[1] 82
[1] "Minimum fitness threshold not reached after 82 iterations! Continuing PSO."
[1] "iteration number: "
[1] 83
[1] "Minimum fitness threshold not reached after 83 iterations! Continuing PSO."
[1] "iteration number: "
[1] 84
[1] "Minimum fitness threshold not reached after 84 iterations! Continuing PSO."
[1] "iteration number: "
[1] 85
[1] "Minimum fitness threshold not reached after 85 iterations! Continuing PSO."
[1] "iteration number: "
[1] 86
[1] "Minimum fitness threshold not reached after 86 iterations! Continuing PSO."
[1] "iteration number: "
[1] 87
[1] "Minimum fitness threshold not reached after 87 iterations! Continuing PSO."
[1] "iteration number: "
[1] 88
[1] "Minimum fitness threshold not reached after 88 iterations! Continuing PSO."
[1] "iteration number: "
[1] 89
[1] "RE-INITIALIZING..."
[1] 8
[1] 10
[1] 6
 [1] 2 4 2 3 3 3 2 3 1 3 3 2 3 3 2 2 3 3 3 1
[1] "Minimum fitness threshold not reached after 89 iterations! Continuing PSO."
[1] "iteration number: "
[1] 90
[1] "Minimum fitness threshold not reached after 90 iterations! Continuing PSO."
[1] "iteration number: "
[1] 91
[1] "Minimum fitness threshold not reached after 91 iterations! Continuing PSO."
[1] "iteration number: "
[1] 92
[1] "Minimum fitness threshold not reached after 92 iterations! Continuing PSO."
[1] "iteration number: "
[1] 93
[1] "Minimum fitness threshold not reached after 93 iterations! Continuing PSO."
[1] "iteration number: "
[1] 94
[1] "Minimum fitness threshold not reached after 94 iterations! Continuing PSO."
[1] "iteration number: "
[1] 95
[1] "Minimum fitness threshold not reached after 95 iterations! Continuing PSO."
[1] "iteration number: "
[1] 96
[1] "Minimum fitness threshold not reached after 96 iterations! Continuing PSO."
[1] "iteration number: "
[1] 97
[1] "Minimum fitness threshold not reached after 97 iterations! Continuing PSO."
[1] "iteration number: "
[1] 98
[1] "Minimum fitness threshold not reached after 98 iterations! Continuing PSO."
[1] "iteration number: "
[1] 99
[1] "Minimum fitness threshold not reached after 99 iterations! Continuing PSO."
[1] "iteration number: "
[1] 100
[1] "RE-INITIALIZING..."
[1] 9
[1] 10
[1] 6
 [1] 2 4 2 3 3 3 2 3 1 3 3 2 3 3 2 2 3 3 3 1
[1] "Minimum fitness threshold not reached after 100 iterations! Continuing PSO."
[1] "iteration number: "
[1] 101
[1] "Minimum fitness threshold not reached after 101 iterations! Continuing PSO."
[1] "iteration number: "
[1] 102
[1] "Minimum fitness threshold not reached after 102 iterations! Continuing PSO."
[1] "iteration number: "
[1] 103
[1] "Minimum fitness threshold not reached after 103 iterations! Continuing PSO."
[1] "iteration number: "
[1] 104
[1] "Minimum fitness threshold not reached after 104 iterations! Continuing PSO."
[1] "iteration number: "
[1] 105
[1] "Minimum fitness threshold not reached after 105 iterations! Continuing PSO."
[1] "iteration number: "
[1] 106
[1] "Minimum fitness threshold not reached after 106 iterations! Continuing PSO."
[1] "iteration number: "
[1] 107
[1] "Minimum fitness threshold not reached after 107 iterations! Continuing PSO."
[1] "iteration number: "
[1] 108
[1] "Minimum fitness threshold not reached after 108 iterations! Continuing PSO."
[1] "iteration number: "
[1] 109
[1] "Minimum fitness threshold not reached after 109 iterations! Continuing PSO."
[1] "iteration number: "
[1] 110
[1] "Minimum fitness threshold not reached after 110 iterations! Continuing PSO."
[1] "iteration number: "
[1] 111
[1] "RE-INITIALIZING..."
[1] 10
[1] 10
[1] 6
 [1] 2 4 2 3 3 3 2 3 1 3 3 2 3 3 2 2 3 3 3 1
[1] "iteration number: "
[1] 112
[1] "iteration number: "
[1] 113
[1] "iteration number: "
[1] 114
[1] "iteration number: "
[1] 115
[1] "iteration number: "
[1] 116
[1] "iteration number: "
[1] 117
[1] "iteration number: "
[1] 118
[1] "iteration number: "
[1] 119
[1] "iteration number: "
[1] 120
[1] "iteration number: "
[1] 121
[1] "iteration number: "
[1] 122
[1] "RE-INITIALIZING..."
[1] 11
[1] 10
[1] 6
[1] "No change for 11 iterations. Exiting PSO."
[1] 1 2 3 4 5 6
[1] 4
[1] "##################################"
[1] "Results summary for itr:4"
[1] "number of features selected using population mean"
[1] 6
[1] "number of features selected using current global best"
[1] 6
[1] "feat ind length"
[1] 6
[1] "best accuracy"
[1] 60.43837
[1] "test acc:1"
[1] "##################################"
[1] "learning sets: 5"
  [1]  35  40  89 100  30   8   9 103  41 109 110 111  55  75 121  47  85  79
 [19] 105  86  96 104  31  57 107  87  73  15  20 125  11 123  46  17 122   1
 [37]  94  76 114  81  49  66  92 102  45 130 116   7  77  24 108 124  54 115
 [55]  27 118  93  43  60  18   6  44  34  80  62  53  90  51  14  97  16  88
 [73] 106  63 126  48  78  22  99  32  83  12  42   3  74 128  68  70 113  98
 [91]   4 117  91  38  84  69  26  71 101  10 120  58  67  33
[1] "Starting global iteration number : 5"
[1] "iteration number: "
[1] 1
[1] "Best fitness updated to:"
[1] -53.20246
[1] "Best solution:"
[1] NA NA NA NA NA NA
[1] 0
[1] "iteration number: "
[1] 2
[1] "iteration number: "
[1] 3
[1] "iteration number: "
[1] 4
[1] "iteration number: "
[1] 5
[1] "iteration number: "
[1] 6
[1] "iteration number: "
[1] 7
[1] "iteration number: "
[1] 8
[1] "iteration number: "
[1] 9
[1] "iteration number: "
[1] 10
[1] "iteration number: "
[1] 11
[1] "Minimum fitness threshold not reached after 11 iterations! Continuing PSO."
[1] "iteration number: "
[1] 12
[1] "RE-INITIALIZING..."
[1] 1
[1] 10
[1] 6
 [1] 2 2 3 3 1 3 3 2 4 1 3 3 2 3 3 3 3 2 2 4
[1] "Minimum fitness threshold not reached after 12 iterations! Continuing PSO."
[1] "iteration number: "
[1] 13
[1] "Minimum fitness threshold not reached after 13 iterations! Continuing PSO."
[1] "iteration number: "
[1] 14
[1] "Minimum fitness threshold not reached after 14 iterations! Continuing PSO."
[1] "iteration number: "
[1] 15
[1] "Minimum fitness threshold not reached after 15 iterations! Continuing PSO."
[1] "iteration number: "
[1] 16
[1] "Minimum fitness threshold not reached after 16 iterations! Continuing PSO."
[1] "iteration number: "
[1] 17
[1] "Minimum fitness threshold not reached after 17 iterations! Continuing PSO."
[1] "iteration number: "
[1] 18
[1] "Minimum fitness threshold not reached after 18 iterations! Continuing PSO."
[1] "iteration number: "
[1] 19
[1] "Minimum fitness threshold not reached after 19 iterations! Continuing PSO."
[1] "iteration number: "
[1] 20
[1] "Minimum fitness threshold not reached after 20 iterations! Continuing PSO."
[1] "iteration number: "
[1] 21
[1] "Minimum fitness threshold not reached after 21 iterations! Continuing PSO."
[1] "iteration number: "
[1] 22
[1] "Minimum fitness threshold not reached after 22 iterations! Continuing PSO."
[1] "iteration number: "
[1] 23
[1] "RE-INITIALIZING..."
[1] 2
[1] 10
[1] 6
 [1] 2 4 2 3 3 3 2 3 1 3 3 2 3 3 2 2 3 3 3 1
[1] "Minimum fitness threshold not reached after 23 iterations! Continuing PSO."
[1] "iteration number: "
[1] 24
[1] "Minimum fitness threshold not reached after 24 iterations! Continuing PSO."
[1] "iteration number: "
[1] 25
[1] "Minimum fitness threshold not reached after 25 iterations! Continuing PSO."
[1] "iteration number: "
[1] 26
[1] "Minimum fitness threshold not reached after 26 iterations! Continuing PSO."
[1] "iteration number: "
[1] 27
[1] "Minimum fitness threshold not reached after 27 iterations! Continuing PSO."
[1] "iteration number: "
[1] 28
[1] "Minimum fitness threshold not reached after 28 iterations! Continuing PSO."
[1] "iteration number: "
[1] 29
[1] "Minimum fitness threshold not reached after 29 iterations! Continuing PSO."
[1] "iteration number: "
[1] 30
[1] "Minimum fitness threshold not reached after 30 iterations! Continuing PSO."
[1] "iteration number: "
[1] 31
[1] "Minimum fitness threshold not reached after 31 iterations! Continuing PSO."
[1] "iteration number: "
[1] 32
[1] "Minimum fitness threshold not reached after 32 iterations! Continuing PSO."
[1] "iteration number: "
[1] 33
[1] "Minimum fitness threshold not reached after 33 iterations! Continuing PSO."
[1] "iteration number: "
[1] 34
[1] "RE-INITIALIZING..."
[1] 3
[1] 10
[1] 6
 [1] 2 4 2 3 3 3 2 3 1 3 3 2 3 3 2 2 3 3 3 1
[1] "Minimum fitness threshold not reached after 34 iterations! Continuing PSO."
[1] "iteration number: "
[1] 35
[1] "Minimum fitness threshold not reached after 35 iterations! Continuing PSO."
[1] "iteration number: "
[1] 36
[1] "Minimum fitness threshold not reached after 36 iterations! Continuing PSO."
[1] "iteration number: "
[1] 37
[1] "Minimum fitness threshold not reached after 37 iterations! Continuing PSO."
[1] "iteration number: "
[1] 38
[1] "Minimum fitness threshold not reached after 38 iterations! Continuing PSO."
[1] "iteration number: "
[1] 39
[1] "Minimum fitness threshold not reached after 39 iterations! Continuing PSO."
[1] "iteration number: "
[1] 40
[1] "Minimum fitness threshold not reached after 40 iterations! Continuing PSO."
[1] "iteration number: "
[1] 41
[1] "Minimum fitness threshold not reached after 41 iterations! Continuing PSO."
[1] "iteration number: "
[1] 42
[1] "Minimum fitness threshold not reached after 42 iterations! Continuing PSO."
[1] "iteration number: "
[1] 43
[1] "Minimum fitness threshold not reached after 43 iterations! Continuing PSO."
[1] "iteration number: "
[1] 44
[1] "Minimum fitness threshold not reached after 44 iterations! Continuing PSO."
[1] "iteration number: "
[1] 45
[1] "RE-INITIALIZING..."
[1] 4
[1] 10
[1] 6
 [1] 2 4 2 3 3 3 2 3 1 3 3 2 3 3 2 2 3 3 3 1
[1] "Minimum fitness threshold not reached after 45 iterations! Continuing PSO."
[1] "iteration number: "
[1] 46
[1] "Minimum fitness threshold not reached after 46 iterations! Continuing PSO."
[1] "iteration number: "
[1] 47
[1] "Minimum fitness threshold not reached after 47 iterations! Continuing PSO."
[1] "iteration number: "
[1] 48
[1] "Minimum fitness threshold not reached after 48 iterations! Continuing PSO."
[1] "iteration number: "
[1] 49
[1] "Minimum fitness threshold not reached after 49 iterations! Continuing PSO."
[1] "iteration number: "
[1] 50
[1] "Minimum fitness threshold not reached after 50 iterations! Continuing PSO."
[1] "iteration number: "
[1] 51
[1] "Minimum fitness threshold not reached after 51 iterations! Continuing PSO."
[1] "iteration number: "
[1] 52
[1] "Minimum fitness threshold not reached after 52 iterations! Continuing PSO."
[1] "iteration number: "
[1] 53
[1] "Minimum fitness threshold not reached after 53 iterations! Continuing PSO."
[1] "iteration number: "
[1] 54
[1] "Minimum fitness threshold not reached after 54 iterations! Continuing PSO."
[1] "iteration number: "
[1] 55
[1] "Minimum fitness threshold not reached after 55 iterations! Continuing PSO."
[1] "iteration number: "
[1] 56
[1] "RE-INITIALIZING..."
[1] 5
[1] 10
[1] 6
 [1] 2 4 4 3 3 2 2 3 4 3 3 3 3 3 3 2 3 2 3 3
[1] "Minimum fitness threshold not reached after 56 iterations! Continuing PSO."
[1] "iteration number: "
[1] 57
[1] "Minimum fitness threshold not reached after 57 iterations! Continuing PSO."
[1] "iteration number: "
[1] 58
[1] "Minimum fitness threshold not reached after 58 iterations! Continuing PSO."
[1] "iteration number: "
[1] 59
[1] "Minimum fitness threshold not reached after 59 iterations! Continuing PSO."
[1] "iteration number: "
[1] 60
[1] "Minimum fitness threshold not reached after 60 iterations! Continuing PSO."
[1] "iteration number: "
[1] 61
[1] "Minimum fitness threshold not reached after 61 iterations! Continuing PSO."
[1] "iteration number: "
[1] 62
[1] "Minimum fitness threshold not reached after 62 iterations! Continuing PSO."
[1] "iteration number: "
[1] 63
[1] "Minimum fitness threshold not reached after 63 iterations! Continuing PSO."
[1] "iteration number: "
[1] 64
[1] "Minimum fitness threshold not reached after 64 iterations! Continuing PSO."
[1] "iteration number: "
[1] 65
[1] "Minimum fitness threshold not reached after 65 iterations! Continuing PSO."
[1] "iteration number: "
[1] 66
[1] "Minimum fitness threshold not reached after 66 iterations! Continuing PSO."
[1] "iteration number: "
[1] 67
[1] "RE-INITIALIZING..."
[1] 6
[1] 10
[1] 6
 [1] 2 1 3 3 3 2 3 3 3 2 2 3 1 2 2 3 3 3 2 4
[1] "Minimum fitness threshold not reached after 67 iterations! Continuing PSO."
[1] "iteration number: "
[1] 68
[1] "Minimum fitness threshold not reached after 68 iterations! Continuing PSO."
[1] "iteration number: "
[1] 69
[1] "Minimum fitness threshold not reached after 69 iterations! Continuing PSO."
[1] "iteration number: "
[1] 70
[1] "Minimum fitness threshold not reached after 70 iterations! Continuing PSO."
[1] "iteration number: "
[1] 71
[1] "Minimum fitness threshold not reached after 71 iterations! Continuing PSO."
[1] "iteration number: "
[1] 72
[1] "Minimum fitness threshold not reached after 72 iterations! Continuing PSO."
[1] "iteration number: "
[1] 73
[1] "Minimum fitness threshold not reached after 73 iterations! Continuing PSO."
[1] "iteration number: "
[1] 74
[1] "Minimum fitness threshold not reached after 74 iterations! Continuing PSO."
[1] "iteration number: "
[1] 75
[1] "Minimum fitness threshold not reached after 75 iterations! Continuing PSO."
[1] "iteration number: "
[1] 76
[1] "Minimum fitness threshold not reached after 76 iterations! Continuing PSO."
[1] "iteration number: "
[1] 77
[1] "Minimum fitness threshold not reached after 77 iterations! Continuing PSO."
[1] "iteration number: "
[1] 78
[1] "RE-INITIALIZING..."
[1] 7
[1] 10
[1] 6
 [1] 1 3 3 2 3 3 3 3 2 1 3 4 2 3 2 3 2 3 4 2
[1] "Minimum fitness threshold not reached after 78 iterations! Continuing PSO."
[1] "iteration number: "
[1] 79
[1] "Minimum fitness threshold not reached after 79 iterations! Continuing PSO."
[1] "iteration number: "
[1] 80
[1] "Minimum fitness threshold not reached after 80 iterations! Continuing PSO."
[1] "iteration number: "
[1] 81
[1] "Minimum fitness threshold not reached after 81 iterations! Continuing PSO."
[1] "iteration number: "
[1] 82
[1] "Minimum fitness threshold not reached after 82 iterations! Continuing PSO."
[1] "iteration number: "
[1] 83
[1] "Minimum fitness threshold not reached after 83 iterations! Continuing PSO."
[1] "iteration number: "
[1] 84
[1] "Minimum fitness threshold not reached after 84 iterations! Continuing PSO."
[1] "iteration number: "
[1] 85
[1] "Minimum fitness threshold not reached after 85 iterations! Continuing PSO."
[1] "iteration number: "
[1] 86
[1] "Minimum fitness threshold not reached after 86 iterations! Continuing PSO."
[1] "iteration number: "
[1] 87
[1] "Minimum fitness threshold not reached after 87 iterations! Continuing PSO."
[1] "iteration number: "
[1] 88
[1] "Minimum fitness threshold not reached after 88 iterations! Continuing PSO."
[1] "iteration number: "
[1] 89
[1] "RE-INITIALIZING..."
[1] 8
[1] 10
[1] 6
 [1] 2 4 2 3 3 3 2 3 1 3 3 2 3 3 2 2 3 3 3 1
[1] "Minimum fitness threshold not reached after 89 iterations! Continuing PSO."
[1] "iteration number: "
[1] 90
[1] "Minimum fitness threshold not reached after 90 iterations! Continuing PSO."
[1] "iteration number: "
[1] 91
[1] "Minimum fitness threshold not reached after 91 iterations! Continuing PSO."
[1] "iteration number: "
[1] 92
[1] "Minimum fitness threshold not reached after 92 iterations! Continuing PSO."
[1] "iteration number: "
[1] 93
[1] "Minimum fitness threshold not reached after 93 iterations! Continuing PSO."
[1] "iteration number: "
[1] 94
[1] "Minimum fitness threshold not reached after 94 iterations! Continuing PSO."
[1] "iteration number: "
[1] 95
[1] "Minimum fitness threshold not reached after 95 iterations! Continuing PSO."
[1] "iteration number: "
[1] 96
[1] "Minimum fitness threshold not reached after 96 iterations! Continuing PSO."
[1] "iteration number: "
[1] 97
[1] "Minimum fitness threshold not reached after 97 iterations! Continuing PSO."
[1] "iteration number: "
[1] 98
[1] "Minimum fitness threshold not reached after 98 iterations! Continuing PSO."
[1] "iteration number: "
[1] 99
[1] "Minimum fitness threshold not reached after 99 iterations! Continuing PSO."
[1] "iteration number: "
[1] 100
[1] "RE-INITIALIZING..."
[1] 9
[1] 10
[1] 6
 [1] 2 4 2 3 3 3 2 3 1 3 3 2 3 3 2 2 3 3 3 1
[1] "Minimum fitness threshold not reached after 100 iterations! Continuing PSO."
[1] "iteration number: "
[1] 101
[1] "Minimum fitness threshold not reached after 101 iterations! Continuing PSO."
[1] "iteration number: "
[1] 102
[1] "Minimum fitness threshold not reached after 102 iterations! Continuing PSO."
[1] "iteration number: "
[1] 103
[1] "Minimum fitness threshold not reached after 103 iterations! Continuing PSO."
[1] "iteration number: "
[1] 104
[1] "Minimum fitness threshold not reached after 104 iterations! Continuing PSO."
[1] "iteration number: "
[1] 105
[1] "Minimum fitness threshold not reached after 105 iterations! Continuing PSO."
[1] "iteration number: "
[1] 106
[1] "Minimum fitness threshold not reached after 106 iterations! Continuing PSO."
[1] "iteration number: "
[1] 107
[1] "Minimum fitness threshold not reached after 107 iterations! Continuing PSO."
[1] "iteration number: "
[1] 108
[1] "Minimum fitness threshold not reached after 108 iterations! Continuing PSO."
[1] "iteration number: "
[1] 109
[1] "Minimum fitness threshold not reached after 109 iterations! Continuing PSO."
[1] "iteration number: "
[1] 110
[1] "Minimum fitness threshold not reached after 110 iterations! Continuing PSO."
[1] "iteration number: "
[1] 111
[1] "RE-INITIALIZING..."
[1] 10
[1] 10
[1] 6
 [1] 2 4 2 3 3 3 2 3 1 3 3 2 3 3 2 2 3 3 3 1
[1] "Minimum fitness threshold not reached after 111 iterations! Continuing PSO."
[1] "iteration number: "
[1] 112
[1] "Minimum fitness threshold not reached after 112 iterations! Continuing PSO."
[1] "iteration number: "
[1] 113
[1] "Minimum fitness threshold not reached after 113 iterations! Continuing PSO."
[1] "iteration number: "
[1] 114
[1] "Minimum fitness threshold not reached after 114 iterations! Continuing PSO."
[1] "iteration number: "
[1] 115
[1] "Minimum fitness threshold not reached after 115 iterations! Continuing PSO."
[1] "iteration number: "
[1] 116
[1] "Minimum fitness threshold not reached after 116 iterations! Continuing PSO."
[1] "iteration number: "
[1] 117
[1] "Minimum fitness threshold not reached after 117 iterations! Continuing PSO."
[1] "iteration number: "
[1] 118
[1] "Minimum fitness threshold not reached after 118 iterations! Continuing PSO."
[1] "iteration number: "
[1] 119
[1] "Minimum fitness threshold not reached after 119 iterations! Continuing PSO."
[1] "iteration number: "
[1] 120
[1] "Minimum fitness threshold not reached after 120 iterations! Continuing PSO."
[1] "iteration number: "
[1] 121
[1] "Minimum fitness threshold not reached after 121 iterations! Continuing PSO."
[1] "iteration number: "
[1] 122
[1] "RE-INITIALIZING..."
[1] 11
[1] 10
[1] 6
[1] "No change for 11 iterations. Exiting PSO."
[1] 1 2 3 4 5 6
[1] 5
[1] "##################################"
[1] "Results summary for itr:5"
[1] "number of features selected using population mean"
[1] 6
[1] "number of features selected using current global best"
[1] 6
[1] "feat ind length"
[1] 6
[1] "best accuracy"
[1] 53.20246
[1] "test acc:1"
[1] "##################################"
[1] "learning sets: 6"
  [1] 129 107  48  64  97  35  47  15  46  90  61 114 130  16  18  89  75  53
 [19] 109 124  33   7 125   5   2  81  25  77  45  42 126  38 119   8 117  23
 [37] 113  29  11  71  60  40 122  68 110   6  83  51  52  95  85  69  14  13
 [55]  82  62  66 102 127   4  78 118 112  70  12  19  56  26 120 111 103  73
 [73]  55  86   1  37  41  59  30  10   9  31 106  76 128  43  44  79  67  57
 [91]  84  17  63  92  98 121 104  22  24  65  32  87 105  80
[1] "Starting global iteration number : 6"
[1] "iteration number: "
[1] 1
[1] "Best fitness updated to:"
[1] -52.17137
[1] "Best solution:"
[1] NA NA NA NA NA NA
[1] 0
[1] "iteration number: "
[1] 2
[1] "Best fitness updated to:"
[1] -55.00203
[1] "Best solution:"
[1] 1 1 0 1 0 0
[1] 3
[1] "iteration number: "
[1] 3
[1] "iteration number: "
[1] 4
[1] "iteration number: "
[1] 5
[1] "iteration number: "
[1] 6
[1] "iteration number: "
[1] 7
[1] "iteration number: "
[1] 8
[1] "iteration number: "
[1] 9
[1] "iteration number: "
[1] 10
[1] "iteration number: "
[1] 11
[1] "Minimum fitness threshold not reached after 11 iterations! Continuing PSO."
[1] "iteration number: "
[1] 12
[1] "Minimum fitness threshold not reached after 12 iterations! Continuing PSO."
[1] "iteration number: "
[1] 13
[1] "RE-INITIALIZING..."
[1] 1
[1] 10
[1] 6
 [1] 2 2 3 3 1 3 3 2 4 1 3 3 2 3 3 3 3 2 2 4
[1] "Minimum fitness threshold not reached after 13 iterations! Continuing PSO."
[1] "iteration number: "
[1] 14
[1] "Minimum fitness threshold not reached after 14 iterations! Continuing PSO."
[1] "iteration number: "
[1] 15
[1] "Minimum fitness threshold not reached after 15 iterations! Continuing PSO."
[1] "iteration number: "
[1] 16
[1] "Minimum fitness threshold not reached after 16 iterations! Continuing PSO."
[1] "iteration number: "
[1] 17
[1] "Minimum fitness threshold not reached after 17 iterations! Continuing PSO."
[1] "iteration number: "
[1] 18
[1] "Minimum fitness threshold not reached after 18 iterations! Continuing PSO."
[1] "iteration number: "
[1] 19
[1] "Minimum fitness threshold not reached after 19 iterations! Continuing PSO."
[1] "iteration number: "
[1] 20
[1] "Minimum fitness threshold not reached after 20 iterations! Continuing PSO."
[1] "iteration number: "
[1] 21
[1] "Minimum fitness threshold not reached after 21 iterations! Continuing PSO."
[1] "iteration number: "
[1] 22
[1] "Minimum fitness threshold not reached after 22 iterations! Continuing PSO."
[1] "iteration number: "
[1] 23
[1] "Minimum fitness threshold not reached after 23 iterations! Continuing PSO."
[1] "iteration number: "
[1] 24
[1] "RE-INITIALIZING..."
[1] 2
[1] 10
[1] 6
 [1] 2 4 2 3 3 3 2 3 1 3 3 2 3 3 2 2 3 3 3 1
[1] "Minimum fitness threshold not reached after 24 iterations! Continuing PSO."
[1] "iteration number: "
[1] 25
[1] "Minimum fitness threshold not reached after 25 iterations! Continuing PSO."
[1] "iteration number: "
[1] 26
[1] "Minimum fitness threshold not reached after 26 iterations! Continuing PSO."
[1] "iteration number: "
[1] 27
[1] "Minimum fitness threshold not reached after 27 iterations! Continuing PSO."
[1] "iteration number: "
[1] 28
[1] "Minimum fitness threshold not reached after 28 iterations! Continuing PSO."
[1] "iteration number: "
[1] 29
[1] "Minimum fitness threshold not reached after 29 iterations! Continuing PSO."
[1] "iteration number: "
[1] 30
[1] "Minimum fitness threshold not reached after 30 iterations! Continuing PSO."
[1] "iteration number: "
[1] 31
[1] "Minimum fitness threshold not reached after 31 iterations! Continuing PSO."
[1] "iteration number: "
[1] 32
[1] "Minimum fitness threshold not reached after 32 iterations! Continuing PSO."
[1] "iteration number: "
[1] 33
[1] "Minimum fitness threshold not reached after 33 iterations! Continuing PSO."
[1] "iteration number: "
[1] 34
[1] "Minimum fitness threshold not reached after 34 iterations! Continuing PSO."
[1] "iteration number: "
[1] 35
[1] "RE-INITIALIZING..."
[1] 3
[1] 10
[1] 5
 [1] 3 3 2 3 3 3 3 2 1 3 4 2 3 2 3 2 3 4 2 4
[1] "Minimum fitness threshold not reached after 35 iterations! Continuing PSO."
[1] "iteration number: "
[1] 36
[1] "Minimum fitness threshold not reached after 36 iterations! Continuing PSO."
[1] "iteration number: "
[1] 37
[1] "Minimum fitness threshold not reached after 37 iterations! Continuing PSO."
[1] "iteration number: "
[1] 38
[1] "Minimum fitness threshold not reached after 38 iterations! Continuing PSO."
[1] "iteration number: "
[1] 39
[1] "Minimum fitness threshold not reached after 39 iterations! Continuing PSO."
[1] "iteration number: "
[1] 40
[1] "Minimum fitness threshold not reached after 40 iterations! Continuing PSO."
[1] "iteration number: "
[1] 41
[1] "Minimum fitness threshold not reached after 41 iterations! Continuing PSO."
[1] "iteration number: "
[1] 42
[1] "Minimum fitness threshold not reached after 42 iterations! Continuing PSO."
[1] "iteration number: "
[1] 43
[1] "Minimum fitness threshold not reached after 43 iterations! Continuing PSO."
[1] "iteration number: "
[1] 44
[1] "Minimum fitness threshold not reached after 44 iterations! Continuing PSO."
[1] "iteration number: "
[1] 45
[1] "Minimum fitness threshold not reached after 45 iterations! Continuing PSO."
[1] "iteration number: "
[1] 46
[1] "RE-INITIALIZING..."
[1] 4
[1] 10
[1] 4
 [1] 2 4 2 3 3 3 2 3 1 3 3 2 3 3 2 2 3 3 3 1
[1] "Minimum fitness threshold not reached after 46 iterations! Continuing PSO."
[1] "iteration number: "
[1] 47
[1] "Minimum fitness threshold not reached after 47 iterations! Continuing PSO."
[1] "iteration number: "
[1] 48
[1] "Minimum fitness threshold not reached after 48 iterations! Continuing PSO."
[1] "iteration number: "
[1] 49
[1] "Minimum fitness threshold not reached after 49 iterations! Continuing PSO."
[1] "iteration number: "
[1] 50
[1] "Minimum fitness threshold not reached after 50 iterations! Continuing PSO."
[1] "iteration number: "
[1] 51
[1] "Minimum fitness threshold not reached after 51 iterations! Continuing PSO."
[1] "iteration number: "
[1] 52
[1] "Minimum fitness threshold not reached after 52 iterations! Continuing PSO."
[1] "iteration number: "
[1] 53
[1] "Minimum fitness threshold not reached after 53 iterations! Continuing PSO."
[1] "iteration number: "
[1] 54
[1] "Minimum fitness threshold not reached after 54 iterations! Continuing PSO."
[1] "iteration number: "
[1] 55
[1] "Minimum fitness threshold not reached after 55 iterations! Continuing PSO."
[1] "iteration number: "
[1] 56
[1] "Minimum fitness threshold not reached after 56 iterations! Continuing PSO."
[1] "iteration number: "
[1] 57
[1] "RE-INITIALIZING..."
[1] 5
[1] 10
[1] 5
 [1] 2 4 2 3 3 3 2 3 1 3 3 2 3 3 2 2 3 3 3 1
[1] "Minimum fitness threshold not reached after 57 iterations! Continuing PSO."
[1] "iteration number: "
[1] 58
[1] "Minimum fitness threshold not reached after 58 iterations! Continuing PSO."
[1] "iteration number: "
[1] 59
[1] "Minimum fitness threshold not reached after 59 iterations! Continuing PSO."
[1] "iteration number: "
[1] 60
[1] "Minimum fitness threshold not reached after 60 iterations! Continuing PSO."
[1] "iteration number: "
[1] 61
[1] "Minimum fitness threshold not reached after 61 iterations! Continuing PSO."
[1] "iteration number: "
[1] 62
[1] "Minimum fitness threshold not reached after 62 iterations! Continuing PSO."
[1] "iteration number: "
[1] 63
[1] "Minimum fitness threshold not reached after 63 iterations! Continuing PSO."
[1] "iteration number: "
[1] 64
[1] "Minimum fitness threshold not reached after 64 iterations! Continuing PSO."
[1] "iteration number: "
[1] 65
[1] "Minimum fitness threshold not reached after 65 iterations! Continuing PSO."
[1] "iteration number: "
[1] 66
[1] "Minimum fitness threshold not reached after 66 iterations! Continuing PSO."
[1] "iteration number: "
[1] 67
[1] "Minimum fitness threshold not reached after 67 iterations! Continuing PSO."
[1] "iteration number: "
[1] 68
[1] "RE-INITIALIZING..."
[1] 6
[1] 10
[1] 5
 [1] 2 4 2 3 3 3 2 3 1 3 3 2 3 3 2 2 3 3 3 1
[1] "Minimum fitness threshold not reached after 68 iterations! Continuing PSO."
[1] "iteration number: "
[1] 69
[1] "Minimum fitness threshold not reached after 69 iterations! Continuing PSO."
[1] "iteration number: "
[1] 70
[1] "Minimum fitness threshold not reached after 70 iterations! Continuing PSO."
[1] "iteration number: "
[1] 71
[1] "Minimum fitness threshold not reached after 71 iterations! Continuing PSO."
[1] "iteration number: "
[1] 72
[1] "Minimum fitness threshold not reached after 72 iterations! Continuing PSO."
[1] "iteration number: "
[1] 73
[1] "Minimum fitness threshold not reached after 73 iterations! Continuing PSO."
[1] "iteration number: "
[1] 74
[1] "Minimum fitness threshold not reached after 74 iterations! Continuing PSO."
[1] "iteration number: "
[1] 75
[1] "Minimum fitness threshold not reached after 75 iterations! Continuing PSO."
[1] "iteration number: "
[1] 76
[1] "Minimum fitness threshold not reached after 76 iterations! Continuing PSO."
[1] "iteration number: "
[1] 77
[1] "Minimum fitness threshold not reached after 77 iterations! Continuing PSO."
[1] "iteration number: "
[1] 78
[1] "Minimum fitness threshold not reached after 78 iterations! Continuing PSO."
[1] "iteration number: "
[1] 79
[1] "RE-INITIALIZING..."
[1] 7
[1] 10
[1] 5
 [1] 2 4 2 3 3 3 2 3 1 3 3 2 3 3 2 2 3 3 3 1
[1] "Minimum fitness threshold not reached after 79 iterations! Continuing PSO."
[1] "iteration number: "
[1] 80
[1] "Minimum fitness threshold not reached after 80 iterations! Continuing PSO."
[1] "iteration number: "
[1] 81
[1] "Minimum fitness threshold not reached after 81 iterations! Continuing PSO."
[1] "iteration number: "
[1] 82
[1] "Minimum fitness threshold not reached after 82 iterations! Continuing PSO."
[1] "iteration number: "
[1] 83
[1] "Minimum fitness threshold not reached after 83 iterations! Continuing PSO."
[1] "iteration number: "
[1] 84
[1] "Minimum fitness threshold not reached after 84 iterations! Continuing PSO."
[1] "iteration number: "
[1] 85
[1] "Minimum fitness threshold not reached after 85 iterations! Continuing PSO."
[1] "iteration number: "
[1] 86
[1] "Minimum fitness threshold not reached after 86 iterations! Continuing PSO."
[1] "iteration number: "
[1] 87
[1] "Minimum fitness threshold not reached after 87 iterations! Continuing PSO."
[1] "iteration number: "
[1] 88
[1] "Minimum fitness threshold not reached after 88 iterations! Continuing PSO."
[1] "iteration number: "
[1] 89
[1] "Minimum fitness threshold not reached after 89 iterations! Continuing PSO."
[1] "iteration number: "
[1] 90
[1] "RE-INITIALIZING..."
[1] 8
[1] 10
[1] 5
 [1] 2 4 2 3 3 3 2 3 1 3 3 2 3 3 2 2 3 3 3 1
[1] "Minimum fitness threshold not reached after 90 iterations! Continuing PSO."
[1] "iteration number: "
[1] 91
[1] "Minimum fitness threshold not reached after 91 iterations! Continuing PSO."
[1] "iteration number: "
[1] 92
[1] "Minimum fitness threshold not reached after 92 iterations! Continuing PSO."
[1] "iteration number: "
[1] 93
[1] "Minimum fitness threshold not reached after 93 iterations! Continuing PSO."
[1] "iteration number: "
[1] 94
[1] "Minimum fitness threshold not reached after 94 iterations! Continuing PSO."
[1] "iteration number: "
[1] 95
[1] "Minimum fitness threshold not reached after 95 iterations! Continuing PSO."
[1] "iteration number: "
[1] 96
[1] "Minimum fitness threshold not reached after 96 iterations! Continuing PSO."
[1] "iteration number: "
[1] 97
[1] "Minimum fitness threshold not reached after 97 iterations! Continuing PSO."
[1] "iteration number: "
[1] 98
[1] "Minimum fitness threshold not reached after 98 iterations! Continuing PSO."
[1] "iteration number: "
[1] 99
[1] "Minimum fitness threshold not reached after 99 iterations! Continuing PSO."
[1] "iteration number: "
[1] 100
[1] "Minimum fitness threshold not reached after 100 iterations! Continuing PSO."
[1] "iteration number: "
[1] 101
[1] "RE-INITIALIZING..."
[1] 9
[1] 10
[1] 5
 [1] 2 4 4 3 3 2 2 3 4 3 3 3 3 3 3 2 3 2 3 3
[1] "Minimum fitness threshold not reached after 101 iterations! Continuing PSO."
[1] "iteration number: "
[1] 102
[1] "Minimum fitness threshold not reached after 102 iterations! Continuing PSO."
[1] "iteration number: "
[1] 103
[1] "Minimum fitness threshold not reached after 103 iterations! Continuing PSO."
[1] "iteration number: "
[1] 104
[1] "Minimum fitness threshold not reached after 104 iterations! Continuing PSO."
[1] "iteration number: "
[1] 105
[1] "Minimum fitness threshold not reached after 105 iterations! Continuing PSO."
[1] "iteration number: "
[1] 106
[1] "Minimum fitness threshold not reached after 106 iterations! Continuing PSO."
[1] "iteration number: "
[1] 107
[1] "Minimum fitness threshold not reached after 107 iterations! Continuing PSO."
[1] "iteration number: "
[1] 108
[1] "Minimum fitness threshold not reached after 108 iterations! Continuing PSO."
[1] "iteration number: "
[1] 109
[1] "Minimum fitness threshold not reached after 109 iterations! Continuing PSO."
[1] "iteration number: "
[1] 110
[1] "Minimum fitness threshold not reached after 110 iterations! Continuing PSO."
[1] "iteration number: "
[1] 111
[1] "Minimum fitness threshold not reached after 111 iterations! Continuing PSO."
[1] "iteration number: "
[1] 112
[1] "RE-INITIALIZING..."
[1] 10
[1] 10
[1] 5
 [1] 1 3 1 3 3 3 4 2 3 3 4 2 2 2 3 3 3 3 3 2
[1] "iteration number: "
[1] 113
[1] "iteration number: "
[1] 114
[1] "iteration number: "
[1] 115
[1] "iteration number: "
[1] 116
[1] "iteration number: "
[1] 117
[1] "iteration number: "
[1] 118
[1] "iteration number: "
[1] 119
[1] "iteration number: "
[1] 120
[1] "iteration number: "
[1] 121
[1] "iteration number: "
[1] 122
[1] "iteration number: "
[1] 123
[1] "RE-INITIALIZING..."
[1] 11
[1] 10
[1] 5
[1] "No change for 11 iterations. Exiting PSO."
[1] 1 2 5 6
[1] 6
[1] "##################################"
[1] "Results summary for itr:6"
[1] "number of features selected using population mean"
[1] 4
[1] "number of features selected using current global best"
[1] 4
[1] "feat ind length"
[1] 4
[1] "best accuracy"
[1] 55.00203
[1] "test acc:1"
[1] "##################################"
[1] "learning sets: 7"
  [1]  42   6  72  24  38  76  66  23  14  26  46  73 108 114 111  25  68  57
 [19]   7 116 128  67 129 103  31 117  35 113  17  62  92  75  55  85 123  22
 [37]  34  61  36  33   8  47  53  15  71  44  58 112  94 106  93 125  89  41
 [55] 109  59  50  96 124  95   1  65  39  30  20   3  78  56  21  81  91   5
 [73]  77 104 127  40  49  64  18 121  16   4 100  70  19  83  37   2 107  90
 [91]  11  98  48 119  99  88  60 120 102 115 130  54  45  84
[1] "Starting global iteration number : 7"
[1] "iteration number: "
[1] 1
[1] "Best fitness updated to:"
[1] -60.90806
[1] "Best solution:"
[1] NA NA NA NA NA NA
[1] 0
[1] "iteration number: "
[1] 2
[1] "iteration number: "
[1] 3
[1] "iteration number: "
[1] 4
[1] "iteration number: "
[1] 5
[1] "iteration number: "
[1] 6
[1] "iteration number: "
[1] 7
[1] "iteration number: "
[1] 8
[1] "iteration number: "
[1] 9
[1] "iteration number: "
[1] 10
[1] "iteration number: "
[1] 11
[1] "Minimum fitness threshold not reached after 11 iterations! Continuing PSO."
[1] "iteration number: "
[1] 12
[1] "RE-INITIALIZING..."
[1] 1
[1] 10
[1] 6
 [1] 2 2 3 3 1 3 3 2 4 1 3 3 2 3 3 3 3 2 2 4
[1] "Minimum fitness threshold not reached after 12 iterations! Continuing PSO."
[1] "iteration number: "
[1] 13
[1] "Minimum fitness threshold not reached after 13 iterations! Continuing PSO."
[1] "iteration number: "
[1] 14
[1] "Minimum fitness threshold not reached after 14 iterations! Continuing PSO."
[1] "iteration number: "
[1] 15
[1] "Minimum fitness threshold not reached after 15 iterations! Continuing PSO."
[1] "iteration number: "
[1] 16
[1] "Minimum fitness threshold not reached after 16 iterations! Continuing PSO."
[1] "iteration number: "
[1] 17
[1] "Minimum fitness threshold not reached after 17 iterations! Continuing PSO."
[1] "iteration number: "
[1] 18
[1] "Minimum fitness threshold not reached after 18 iterations! Continuing PSO."
[1] "iteration number: "
[1] 19
[1] "Minimum fitness threshold not reached after 19 iterations! Continuing PSO."
[1] "iteration number: "
[1] 20
[1] "Minimum fitness threshold not reached after 20 iterations! Continuing PSO."
[1] "iteration number: "
[1] 21
[1] "Minimum fitness threshold not reached after 21 iterations! Continuing PSO."
[1] "iteration number: "
[1] 22
[1] "Minimum fitness threshold not reached after 22 iterations! Continuing PSO."
[1] "iteration number: "
[1] 23
[1] "RE-INITIALIZING..."
[1] 2
[1] 10
[1] 6
 [1] 2 4 2 3 3 3 2 3 1 3 3 2 3 3 2 2 3 3 3 1
[1] "Minimum fitness threshold not reached after 23 iterations! Continuing PSO."
[1] "iteration number: "
[1] 24
[1] "Minimum fitness threshold not reached after 24 iterations! Continuing PSO."
[1] "iteration number: "
[1] 25
[1] "Minimum fitness threshold not reached after 25 iterations! Continuing PSO."
[1] "iteration number: "
[1] 26
[1] "Minimum fitness threshold not reached after 26 iterations! Continuing PSO."
[1] "iteration number: "
[1] 27
[1] "Minimum fitness threshold not reached after 27 iterations! Continuing PSO."
[1] "iteration number: "
[1] 28
[1] "Minimum fitness threshold not reached after 28 iterations! Continuing PSO."
[1] "iteration number: "
[1] 29
[1] "Minimum fitness threshold not reached after 29 iterations! Continuing PSO."
[1] "iteration number: "
[1] 30
[1] "Minimum fitness threshold not reached after 30 iterations! Continuing PSO."
[1] "iteration number: "
[1] 31
[1] "Minimum fitness threshold not reached after 31 iterations! Continuing PSO."
[1] "iteration number: "
[1] 32
[1] "Minimum fitness threshold not reached after 32 iterations! Continuing PSO."
[1] "iteration number: "
[1] 33
[1] "Minimum fitness threshold not reached after 33 iterations! Continuing PSO."
[1] "iteration number: "
[1] 34
[1] "RE-INITIALIZING..."
[1] 3
[1] 10
[1] 6
 [1] 2 4 4 3 3 2 2 3 4 3 3 3 3 3 3 2 3 2 3 3
[1] "Minimum fitness threshold not reached after 34 iterations! Continuing PSO."
[1] "iteration number: "
[1] 35
[1] "Minimum fitness threshold not reached after 35 iterations! Continuing PSO."
[1] "iteration number: "
[1] 36
[1] "Minimum fitness threshold not reached after 36 iterations! Continuing PSO."
[1] "iteration number: "
[1] 37
[1] "Minimum fitness threshold not reached after 37 iterations! Continuing PSO."
[1] "iteration number: "
[1] 38
[1] "Minimum fitness threshold not reached after 38 iterations! Continuing PSO."
[1] "iteration number: "
[1] 39
[1] "Minimum fitness threshold not reached after 39 iterations! Continuing PSO."
[1] "iteration number: "
[1] 40
[1] "Minimum fitness threshold not reached after 40 iterations! Continuing PSO."
[1] "iteration number: "
[1] 41
[1] "Minimum fitness threshold not reached after 41 iterations! Continuing PSO."
[1] "iteration number: "
[1] 42
[1] "Minimum fitness threshold not reached after 42 iterations! Continuing PSO."
[1] "iteration number: "
[1] 43
[1] "Minimum fitness threshold not reached after 43 iterations! Continuing PSO."
[1] "iteration number: "
[1] 44
[1] "Minimum fitness threshold not reached after 44 iterations! Continuing PSO."
[1] "iteration number: "
[1] 45
[1] "RE-INITIALIZING..."
[1] 4
[1] 10
[1] 6
 [1] 3 1 3 1 4 4 3 2 4 3 2 2 4 2 1 4 3 2 2 1
[1] "Minimum fitness threshold not reached after 45 iterations! Continuing PSO."
[1] "iteration number: "
[1] 46
[1] "Minimum fitness threshold not reached after 46 iterations! Continuing PSO."
[1] "iteration number: "
[1] 47
[1] "Minimum fitness threshold not reached after 47 iterations! Continuing PSO."
[1] "iteration number: "
[1] 48
[1] "Minimum fitness threshold not reached after 48 iterations! Continuing PSO."
[1] "iteration number: "
[1] 49
[1] "Minimum fitness threshold not reached after 49 iterations! Continuing PSO."
[1] "iteration number: "
[1] 50
[1] "Minimum fitness threshold not reached after 50 iterations! Continuing PSO."
[1] "iteration number: "
[1] 51
[1] "Minimum fitness threshold not reached after 51 iterations! Continuing PSO."
[1] "iteration number: "
[1] 52
[1] "Minimum fitness threshold not reached after 52 iterations! Continuing PSO."
[1] "iteration number: "
[1] 53
[1] "Minimum fitness threshold not reached after 53 iterations! Continuing PSO."
[1] "iteration number: "
[1] 54
[1] "Minimum fitness threshold not reached after 54 iterations! Continuing PSO."
[1] "iteration number: "
[1] 55
[1] "Minimum fitness threshold not reached after 55 iterations! Continuing PSO."
[1] "iteration number: "
[1] 56
[1] "RE-INITIALIZING..."
[1] 5
[1] 10
[1] 6
 [1] 2 4 2 2 1 2 2 3 4 3 3 4 2 3 3 3 2 1 3 2
[1] "Minimum fitness threshold not reached after 56 iterations! Continuing PSO."
[1] "iteration number: "
[1] 57
[1] "Minimum fitness threshold not reached after 57 iterations! Continuing PSO."
[1] "iteration number: "
[1] 58
[1] "Minimum fitness threshold not reached after 58 iterations! Continuing PSO."
[1] "iteration number: "
[1] 59
[1] "Minimum fitness threshold not reached after 59 iterations! Continuing PSO."
[1] "iteration number: "
[1] 60
[1] "Minimum fitness threshold not reached after 60 iterations! Continuing PSO."
[1] "iteration number: "
[1] 61
[1] "Minimum fitness threshold not reached after 61 iterations! Continuing PSO."
[1] "iteration number: "
[1] 62
[1] "Minimum fitness threshold not reached after 62 iterations! Continuing PSO."
[1] "iteration number: "
[1] 63
[1] "Minimum fitness threshold not reached after 63 iterations! Continuing PSO."
[1] "iteration number: "
[1] 64
[1] "Minimum fitness threshold not reached after 64 iterations! Continuing PSO."
[1] "iteration number: "
[1] 65
[1] "Minimum fitness threshold not reached after 65 iterations! Continuing PSO."
[1] "iteration number: "
[1] 66
[1] "Minimum fitness threshold not reached after 66 iterations! Continuing PSO."
[1] "iteration number: "
[1] 67
[1] "RE-INITIALIZING..."
[1] 6
[1] 10
[1] 6
 [1] 3 2 3 3 4 1 2 1 3 3 3 2 4 1 2 1 4 3 3 2
[1] "Minimum fitness threshold not reached after 67 iterations! Continuing PSO."
[1] "iteration number: "
[1] 68
[1] "Minimum fitness threshold not reached after 68 iterations! Continuing PSO."
[1] "iteration number: "
[1] 69
[1] "Minimum fitness threshold not reached after 69 iterations! Continuing PSO."
[1] "iteration number: "
[1] 70
[1] "Minimum fitness threshold not reached after 70 iterations! Continuing PSO."
[1] "iteration number: "
[1] 71
[1] "Minimum fitness threshold not reached after 71 iterations! Continuing PSO."
[1] "iteration number: "
[1] 72
[1] "Minimum fitness threshold not reached after 72 iterations! Continuing PSO."
[1] "iteration number: "
[1] 73
[1] "Minimum fitness threshold not reached after 73 iterations! Continuing PSO."
[1] "iteration number: "
[1] 74
[1] "Minimum fitness threshold not reached after 74 iterations! Continuing PSO."
[1] "iteration number: "
[1] 75
[1] "Minimum fitness threshold not reached after 75 iterations! Continuing PSO."
[1] "iteration number: "
[1] 76
[1] "Minimum fitness threshold not reached after 76 iterations! Continuing PSO."
[1] "iteration number: "
[1] 77
[1] "Minimum fitness threshold not reached after 77 iterations! Continuing PSO."
[1] "iteration number: "
[1] 78
[1] "RE-INITIALIZING..."
[1] 7
[1] 10
[1] 6
 [1] 2 4 2 3 3 3 2 3 1 3 3 2 3 3 2 2 3 3 3 1
[1] "Minimum fitness threshold not reached after 78 iterations! Continuing PSO."
[1] "iteration number: "
[1] 79
[1] "Minimum fitness threshold not reached after 79 iterations! Continuing PSO."
[1] "iteration number: "
[1] 80
[1] "Minimum fitness threshold not reached after 80 iterations! Continuing PSO."
[1] "iteration number: "
[1] 81
[1] "Minimum fitness threshold not reached after 81 iterations! Continuing PSO."
[1] "iteration number: "
[1] 82
[1] "Minimum fitness threshold not reached after 82 iterations! Continuing PSO."
[1] "iteration number: "
[1] 83
[1] "Minimum fitness threshold not reached after 83 iterations! Continuing PSO."
[1] "iteration number: "
[1] 84
[1] "Minimum fitness threshold not reached after 84 iterations! Continuing PSO."
[1] "iteration number: "
[1] 85
[1] "Minimum fitness threshold not reached after 85 iterations! Continuing PSO."
[1] "iteration number: "
[1] 86
[1] "Minimum fitness threshold not reached after 86 iterations! Continuing PSO."
[1] "iteration number: "
[1] 87
[1] "Minimum fitness threshold not reached after 87 iterations! Continuing PSO."
[1] "iteration number: "
[1] 88
[1] "Minimum fitness threshold not reached after 88 iterations! Continuing PSO."
[1] "iteration number: "
[1] 89
[1] "RE-INITIALIZING..."
[1] 8
[1] 10
[1] 6
 [1] 2 4 2 3 3 3 2 3 1 3 3 2 3 3 2 2 3 3 3 1
[1] "Minimum fitness threshold not reached after 89 iterations! Continuing PSO."
[1] "iteration number: "
[1] 90
[1] "Minimum fitness threshold not reached after 90 iterations! Continuing PSO."
[1] "iteration number: "
[1] 91
[1] "Minimum fitness threshold not reached after 91 iterations! Continuing PSO."
[1] "iteration number: "
[1] 92
[1] "Minimum fitness threshold not reached after 92 iterations! Continuing PSO."
[1] "iteration number: "
[1] 93
[1] "Minimum fitness threshold not reached after 93 iterations! Continuing PSO."
[1] "iteration number: "
[1] 94
[1] "Minimum fitness threshold not reached after 94 iterations! Continuing PSO."
[1] "iteration number: "
[1] 95
[1] "Minimum fitness threshold not reached after 95 iterations! Continuing PSO."
[1] "iteration number: "
[1] 96
[1] "Minimum fitness threshold not reached after 96 iterations! Continuing PSO."
[1] "iteration number: "
[1] 97
[1] "Minimum fitness threshold not reached after 97 iterations! Continuing PSO."
[1] "iteration number: "
[1] 98
[1] "Minimum fitness threshold not reached after 98 iterations! Continuing PSO."
[1] "iteration number: "
[1] 99
[1] "Minimum fitness threshold not reached after 99 iterations! Continuing PSO."
[1] "iteration number: "
[1] 100
[1] "RE-INITIALIZING..."
[1] 9
[1] 10
[1] 6
 [1] 2 4 2 3 3 3 2 3 1 3 3 2 3 3 2 2 3 3 3 1
[1] "Minimum fitness threshold not reached after 100 iterations! Continuing PSO."
[1] "iteration number: "
[1] 101
[1] "Minimum fitness threshold not reached after 101 iterations! Continuing PSO."
[1] "iteration number: "
[1] 102
[1] "Minimum fitness threshold not reached after 102 iterations! Continuing PSO."
[1] "iteration number: "
[1] 103
[1] "Minimum fitness threshold not reached after 103 iterations! Continuing PSO."
[1] "iteration number: "
[1] 104
[1] "Minimum fitness threshold not reached after 104 iterations! Continuing PSO."
[1] "iteration number: "
[1] 105
[1] "Minimum fitness threshold not reached after 105 iterations! Continuing PSO."
[1] "iteration number: "
[1] 106
[1] "Minimum fitness threshold not reached after 106 iterations! Continuing PSO."
[1] "iteration number: "
[1] 107
[1] "Minimum fitness threshold not reached after 107 iterations! Continuing PSO."
[1] "iteration number: "
[1] 108
[1] "Minimum fitness threshold not reached after 108 iterations! Continuing PSO."
[1] "iteration number: "
[1] 109
[1] "Minimum fitness threshold not reached after 109 iterations! Continuing PSO."
[1] "iteration number: "
[1] 110
[1] "Minimum fitness threshold not reached after 110 iterations! Continuing PSO."
[1] "iteration number: "
[1] 111
[1] "RE-INITIALIZING..."
[1] 10
[1] 10
[1] 6
 [1] 2 4 4 3 3 2 2 3 4 3 3 3 3 3 3 2 3 2 3 3
[1] "Minimum fitness threshold not reached after 111 iterations! Continuing PSO."
[1] "iteration number: "
[1] 112
[1] "iteration number: "
[1] 113
[1] "Minimum fitness threshold not reached after 113 iterations! Continuing PSO."
[1] "iteration number: "
[1] 114
[1] "Minimum fitness threshold not reached after 114 iterations! Continuing PSO."
[1] "iteration number: "
[1] 115
[1] "Minimum fitness threshold not reached after 115 iterations! Continuing PSO."
[1] "iteration number: "
[1] 116
[1] "Minimum fitness threshold not reached after 116 iterations! Continuing PSO."
[1] "iteration number: "
[1] 117
[1] "Minimum fitness threshold not reached after 117 iterations! Continuing PSO."
[1] "iteration number: "
[1] 118
[1] "Minimum fitness threshold not reached after 118 iterations! Continuing PSO."
[1] "iteration number: "
[1] 119
[1] "Minimum fitness threshold not reached after 119 iterations! Continuing PSO."
[1] "iteration number: "
[1] 120
[1] "Minimum fitness threshold not reached after 120 iterations! Continuing PSO."
[1] "iteration number: "
[1] 121
[1] "Minimum fitness threshold not reached after 121 iterations! Continuing PSO."
[1] "iteration number: "
[1] 122
[1] "RE-INITIALIZING..."
[1] 11
[1] 10
[1] 6
[1] "No change for 11 iterations. Exiting PSO."
[1] 1 2 3 4 5 6
[1] 7
[1] "##################################"
[1] "Results summary for itr:7"
[1] "number of features selected using population mean"
[1] 6
[1] "number of features selected using current global best"
[1] 6
[1] "feat ind length"
[1] 6
[1] "best accuracy"
[1] 60.90806
[1] "test acc:0.923076923076923"
[1] "##################################"
[1] "learning sets: 8"
  [1]  54  74 128   2  84 123   8  88 111  75  89 119  62  18  70  19   6 102
 [19] 112 120 116  95  86  50  24 104  73  12  14 110  90  16  79  82  47 115
 [37]  98  66  32   9  29  26  11  72  22  52  64 105  67  53 114  61 122 109
 [55]  63  65  59  17  69 129  25  97  46 113   5  55  81  91  57  85  28  45
 [73] 101 121  39  42  33  44  80  21  10 118  87  58 103  30  31  56 106  43
 [91]  40  99 126  15  93 130  48  23  71 125 100  96  68 117
[1] "Starting global iteration number : 8"
[1] "iteration number: "
[1] 1
[1] "Best fitness updated to:"
[1] -58.83013
[1] "Best solution:"
[1] NA NA NA NA NA NA
[1] 0
[1] "iteration number: "
[1] 2
[1] "iteration number: "
[1] 3
[1] "iteration number: "
[1] 4
[1] "iteration number: "
[1] 5
[1] "iteration number: "
[1] 6
[1] "iteration number: "
[1] 7
[1] "iteration number: "
[1] 8
[1] "iteration number: "
[1] 9
[1] "iteration number: "
[1] 10
[1] "iteration number: "
[1] 11
[1] "Minimum fitness threshold not reached after 11 iterations! Continuing PSO."
[1] "iteration number: "
[1] 12
[1] "RE-INITIALIZING..."
[1] 1
[1] 10
[1] 6
 [1] 2 2 3 3 1 3 3 2 4 1 3 3 2 3 3 3 3 2 2 4
[1] "Minimum fitness threshold not reached after 12 iterations! Continuing PSO."
[1] "iteration number: "
[1] 13
[1] "Minimum fitness threshold not reached after 13 iterations! Continuing PSO."
[1] "iteration number: "
[1] 14
[1] "Minimum fitness threshold not reached after 14 iterations! Continuing PSO."
[1] "iteration number: "
[1] 15
[1] "Minimum fitness threshold not reached after 15 iterations! Continuing PSO."
[1] "iteration number: "
[1] 16
[1] "Minimum fitness threshold not reached after 16 iterations! Continuing PSO."
[1] "iteration number: "
[1] 17
[1] "Minimum fitness threshold not reached after 17 iterations! Continuing PSO."
[1] "iteration number: "
[1] 18
[1] "Minimum fitness threshold not reached after 18 iterations! Continuing PSO."
[1] "iteration number: "
[1] 19
[1] "Minimum fitness threshold not reached after 19 iterations! Continuing PSO."
[1] "iteration number: "
[1] 20
[1] "Minimum fitness threshold not reached after 20 iterations! Continuing PSO."
[1] "iteration number: "
[1] 21
[1] "Minimum fitness threshold not reached after 21 iterations! Continuing PSO."
[1] "iteration number: "
[1] 22
[1] "Minimum fitness threshold not reached after 22 iterations! Continuing PSO."
[1] "iteration number: "
[1] 23
[1] "RE-INITIALIZING..."
[1] 2
[1] 10
[1] 6
 [1] 2 4 2 3 3 3 2 3 1 3 3 2 3 3 2 2 3 3 3 1
[1] "Minimum fitness threshold not reached after 23 iterations! Continuing PSO."
[1] "iteration number: "
[1] 24
[1] "Minimum fitness threshold not reached after 24 iterations! Continuing PSO."
[1] "iteration number: "
[1] 25
[1] "Minimum fitness threshold not reached after 25 iterations! Continuing PSO."
[1] "iteration number: "
[1] 26
[1] "Minimum fitness threshold not reached after 26 iterations! Continuing PSO."
[1] "iteration number: "
[1] 27
[1] "Minimum fitness threshold not reached after 27 iterations! Continuing PSO."
[1] "iteration number: "
[1] 28
[1] "Minimum fitness threshold not reached after 28 iterations! Continuing PSO."
[1] "iteration number: "
[1] 29
[1] "Minimum fitness threshold not reached after 29 iterations! Continuing PSO."
[1] "iteration number: "
[1] 30
[1] "Minimum fitness threshold not reached after 30 iterations! Continuing PSO."
[1] "iteration number: "
[1] 31
[1] "Minimum fitness threshold not reached after 31 iterations! Continuing PSO."
[1] "iteration number: "
[1] 32
[1] "Minimum fitness threshold not reached after 32 iterations! Continuing PSO."
[1] "iteration number: "
[1] 33
[1] "Minimum fitness threshold not reached after 33 iterations! Continuing PSO."
[1] "iteration number: "
[1] 34
[1] "RE-INITIALIZING..."
[1] 3
[1] 10
[1] 6
 [1] 2 4 2 3 3 3 2 3 1 3 3 2 3 3 2 2 3 3 3 1
[1] "Minimum fitness threshold not reached after 34 iterations! Continuing PSO."
[1] "iteration number: "
[1] 35
[1] "Minimum fitness threshold not reached after 35 iterations! Continuing PSO."
[1] "iteration number: "
[1] 36
[1] "Minimum fitness threshold not reached after 36 iterations! Continuing PSO."
[1] "iteration number: "
[1] 37
[1] "Minimum fitness threshold not reached after 37 iterations! Continuing PSO."
[1] "iteration number: "
[1] 38
[1] "Minimum fitness threshold not reached after 38 iterations! Continuing PSO."
[1] "iteration number: "
[1] 39
[1] "Minimum fitness threshold not reached after 39 iterations! Continuing PSO."
[1] "iteration number: "
[1] 40
[1] "Minimum fitness threshold not reached after 40 iterations! Continuing PSO."
[1] "iteration number: "
[1] 41
[1] "Minimum fitness threshold not reached after 41 iterations! Continuing PSO."
[1] "iteration number: "
[1] 42
[1] "Minimum fitness threshold not reached after 42 iterations! Continuing PSO."
[1] "iteration number: "
[1] 43
[1] "Minimum fitness threshold not reached after 43 iterations! Continuing PSO."
[1] "iteration number: "
[1] 44
[1] "Minimum fitness threshold not reached after 44 iterations! Continuing PSO."
[1] "iteration number: "
[1] 45
[1] "RE-INITIALIZING..."
[1] 4
[1] 10
[1] 6
 [1] 2 4 2 3 3 3 2 3 1 3 3 2 3 3 2 2 3 3 3 1
[1] "Minimum fitness threshold not reached after 45 iterations! Continuing PSO."
[1] "iteration number: "
[1] 46
[1] "Minimum fitness threshold not reached after 46 iterations! Continuing PSO."
[1] "iteration number: "
[1] 47
[1] "Minimum fitness threshold not reached after 47 iterations! Continuing PSO."
[1] "iteration number: "
[1] 48
[1] "Minimum fitness threshold not reached after 48 iterations! Continuing PSO."
[1] "iteration number: "
[1] 49
[1] "Minimum fitness threshold not reached after 49 iterations! Continuing PSO."
[1] "iteration number: "
[1] 50
[1] "Minimum fitness threshold not reached after 50 iterations! Continuing PSO."
[1] "iteration number: "
[1] 51
[1] "Minimum fitness threshold not reached after 51 iterations! Continuing PSO."
[1] "iteration number: "
[1] 52
[1] "Minimum fitness threshold not reached after 52 iterations! Continuing PSO."
[1] "iteration number: "
[1] 53
[1] "Minimum fitness threshold not reached after 53 iterations! Continuing PSO."
[1] "iteration number: "
[1] 54
[1] "Minimum fitness threshold not reached after 54 iterations! Continuing PSO."
[1] "iteration number: "
[1] 55
[1] "Minimum fitness threshold not reached after 55 iterations! Continuing PSO."
[1] "iteration number: "
[1] 56
[1] "RE-INITIALIZING..."
[1] 5
[1] 10
[1] 6
 [1] 2 4 2 3 3 3 2 3 1 3 3 2 3 3 2 2 3 3 3 1
[1] "Minimum fitness threshold not reached after 56 iterations! Continuing PSO."
[1] "iteration number: "
[1] 57
[1] "Minimum fitness threshold not reached after 57 iterations! Continuing PSO."
[1] "iteration number: "
[1] 58
[1] "Minimum fitness threshold not reached after 58 iterations! Continuing PSO."
[1] "iteration number: "
[1] 59
[1] "Minimum fitness threshold not reached after 59 iterations! Continuing PSO."
[1] "iteration number: "
[1] 60
[1] "Minimum fitness threshold not reached after 60 iterations! Continuing PSO."
[1] "iteration number: "
[1] 61
[1] "Minimum fitness threshold not reached after 61 iterations! Continuing PSO."
[1] "iteration number: "
[1] 62
[1] "Minimum fitness threshold not reached after 62 iterations! Continuing PSO."
[1] "iteration number: "
[1] 63
[1] "Minimum fitness threshold not reached after 63 iterations! Continuing PSO."
[1] "iteration number: "
[1] 64
[1] "Minimum fitness threshold not reached after 64 iterations! Continuing PSO."
[1] "iteration number: "
[1] 65
[1] "Minimum fitness threshold not reached after 65 iterations! Continuing PSO."
[1] "iteration number: "
[1] 66
[1] "Minimum fitness threshold not reached after 66 iterations! Continuing PSO."
[1] "iteration number: "
[1] 67
[1] "RE-INITIALIZING..."
[1] 6
[1] 10
[1] 6
 [1] 2 4 2 3 3 3 2 3 1 3 3 2 3 3 2 2 3 3 3 1
[1] "Minimum fitness threshold not reached after 67 iterations! Continuing PSO."
[1] "iteration number: "
[1] 68
[1] "Minimum fitness threshold not reached after 68 iterations! Continuing PSO."
[1] "iteration number: "
[1] 69
[1] "Minimum fitness threshold not reached after 69 iterations! Continuing PSO."
[1] "iteration number: "
[1] 70
[1] "Minimum fitness threshold not reached after 70 iterations! Continuing PSO."
[1] "iteration number: "
[1] 71
[1] "Minimum fitness threshold not reached after 71 iterations! Continuing PSO."
[1] "iteration number: "
[1] 72
[1] "Minimum fitness threshold not reached after 72 iterations! Continuing PSO."
[1] "iteration number: "
[1] 73
[1] "Minimum fitness threshold not reached after 73 iterations! Continuing PSO."
[1] "iteration number: "
[1] 74
[1] "Minimum fitness threshold not reached after 74 iterations! Continuing PSO."
[1] "iteration number: "
[1] 75
[1] "Minimum fitness threshold not reached after 75 iterations! Continuing PSO."
[1] "iteration number: "
[1] 76
[1] "Minimum fitness threshold not reached after 76 iterations! Continuing PSO."
[1] "iteration number: "
[1] 77
[1] "Minimum fitness threshold not reached after 77 iterations! Continuing PSO."
[1] "iteration number: "
[1] 78
[1] "RE-INITIALIZING..."
[1] 7
[1] 10
[1] 6
 [1] 2 4 2 3 3 3 2 3 1 3 3 2 3 3 2 2 3 3 3 1
[1] "Minimum fitness threshold not reached after 78 iterations! Continuing PSO."
[1] "iteration number: "
[1] 79
[1] "Minimum fitness threshold not reached after 79 iterations! Continuing PSO."
[1] "iteration number: "
[1] 80
[1] "Minimum fitness threshold not reached after 80 iterations! Continuing PSO."
[1] "iteration number: "
[1] 81
[1] "Minimum fitness threshold not reached after 81 iterations! Continuing PSO."
[1] "iteration number: "
[1] 82
[1] "Minimum fitness threshold not reached after 82 iterations! Continuing PSO."
[1] "iteration number: "
[1] 83
[1] "Minimum fitness threshold not reached after 83 iterations! Continuing PSO."
[1] "iteration number: "
[1] 84
[1] "Minimum fitness threshold not reached after 84 iterations! Continuing PSO."
[1] "iteration number: "
[1] 85
[1] "Minimum fitness threshold not reached after 85 iterations! Continuing PSO."
[1] "iteration number: "
[1] 86
[1] "Minimum fitness threshold not reached after 86 iterations! Continuing PSO."
[1] "iteration number: "
[1] 87
[1] "Minimum fitness threshold not reached after 87 iterations! Continuing PSO."
[1] "iteration number: "
[1] 88
[1] "Minimum fitness threshold not reached after 88 iterations! Continuing PSO."
[1] "iteration number: "
[1] 89
[1] "RE-INITIALIZING..."
[1] 8
[1] 10
[1] 6
 [1] 2 4 2 3 3 3 2 3 1 3 3 2 3 3 2 2 3 3 3 1
[1] "Minimum fitness threshold not reached after 89 iterations! Continuing PSO."
[1] "iteration number: "
[1] 90
[1] "Minimum fitness threshold not reached after 90 iterations! Continuing PSO."
[1] "iteration number: "
[1] 91
[1] "Minimum fitness threshold not reached after 91 iterations! Continuing PSO."
[1] "iteration number: "
[1] 92
[1] "Minimum fitness threshold not reached after 92 iterations! Continuing PSO."
[1] "iteration number: "
[1] 93
[1] "Minimum fitness threshold not reached after 93 iterations! Continuing PSO."
[1] "iteration number: "
[1] 94
[1] "Minimum fitness threshold not reached after 94 iterations! Continuing PSO."
[1] "iteration number: "
[1] 95
[1] "Minimum fitness threshold not reached after 95 iterations! Continuing PSO."
[1] "iteration number: "
[1] 96
[1] "Minimum fitness threshold not reached after 96 iterations! Continuing PSO."
[1] "iteration number: "
[1] 97
[1] "Minimum fitness threshold not reached after 97 iterations! Continuing PSO."
[1] "iteration number: "
[1] 98
[1] "Minimum fitness threshold not reached after 98 iterations! Continuing PSO."
[1] "iteration number: "
[1] 99
[1] "Minimum fitness threshold not reached after 99 iterations! Continuing PSO."
[1] "iteration number: "
[1] 100
[1] "RE-INITIALIZING..."
[1] 9
[1] 10
[1] 6
 [1] 2 4 2 3 3 3 2 3 1 3 3 2 3 3 2 2 3 3 3 1
[1] "Minimum fitness threshold not reached after 100 iterations! Continuing PSO."
[1] "iteration number: "
[1] 101
[1] "Minimum fitness threshold not reached after 101 iterations! Continuing PSO."
[1] "iteration number: "
[1] 102
[1] "Minimum fitness threshold not reached after 102 iterations! Continuing PSO."
[1] "iteration number: "
[1] 103
[1] "Minimum fitness threshold not reached after 103 iterations! Continuing PSO."
[1] "iteration number: "
[1] 104
[1] "Minimum fitness threshold not reached after 104 iterations! Continuing PSO."
[1] "iteration number: "
[1] 105
[1] "Minimum fitness threshold not reached after 105 iterations! Continuing PSO."
[1] "iteration number: "
[1] 106
[1] "Minimum fitness threshold not reached after 106 iterations! Continuing PSO."
[1] "iteration number: "
[1] 107
[1] "Minimum fitness threshold not reached after 107 iterations! Continuing PSO."
[1] "iteration number: "
[1] 108
[1] "Minimum fitness threshold not reached after 108 iterations! Continuing PSO."
[1] "iteration number: "
[1] 109
[1] "Minimum fitness threshold not reached after 109 iterations! Continuing PSO."
[1] "iteration number: "
[1] 110
[1] "Minimum fitness threshold not reached after 110 iterations! Continuing PSO."
[1] "iteration number: "
[1] 111
[1] "RE-INITIALIZING..."
[1] 10
[1] 10
[1] 6
 [1] 2 4 2 3 3 3 2 3 1 3 3 2 3 3 2 2 3 3 3 1
[1] "iteration number: "
[1] 112
[1] "iteration number: "
[1] 113
[1] "iteration number: "
[1] 114
[1] "iteration number: "
[1] 115
[1] "iteration number: "
[1] 116
[1] "iteration number: "
[1] 117
[1] "iteration number: "
[1] 118
[1] "iteration number: "
[1] 119
[1] "iteration number: "
[1] 120
[1] "iteration number: "
[1] 121
[1] "iteration number: "
[1] 122
[1] "RE-INITIALIZING..."
[1] 11
[1] 10
[1] 6
[1] "No change for 11 iterations. Exiting PSO."
[1] 1 2 3 4 5 6
[1] 8
[1] "##################################"
[1] "Results summary for itr:8"
[1] "number of features selected using population mean"
[1] 6
[1] "number of features selected using current global best"
[1] 6
[1] "feat ind length"
[1] 6
[1] "best accuracy"
[1] 58.83013
[1] "test acc:0.961538461538462"
[1] "##################################"
[1] "learning sets: 9"
  [1] 120 114  92  65  49 117  13  63  88  96  39  60 101 100 106  89 122  38
 [19]  18  95 108  77  70  83  97  40  48  91  90  55  56  74  87  25  32 115
 [37]   7  28  45 113   9  21  24 123  52  43   6  10 130 127  86  14  15  22
 [55]  99  33  80   1  61  68  78  26 110  93  64  57  29  42  47  81  20  27
 [73]  37 124  36  34  94  30 112  75 102 103 119  59  11  79  53  31  67   4
 [91] 109 105   5  16  69 116 121  98 129  71  58  76  19   3
[1] "Starting global iteration number : 9"
[1] "iteration number: "
[1] 1
[1] "Best fitness updated to:"
[1] -60.5967
[1] "Best solution:"
[1] NA NA NA NA NA NA
[1] 0
[1] "iteration number: "
[1] 2
[1] "iteration number: "
[1] 3
[1] "iteration number: "
[1] 4
[1] "iteration number: "
[1] 5
[1] "iteration number: "
[1] 6
[1] "iteration number: "
[1] 7
[1] "iteration number: "
[1] 8
[1] "iteration number: "
[1] 9
[1] "iteration number: "
[1] 10
[1] "iteration number: "
[1] 11
[1] "Minimum fitness threshold not reached after 11 iterations! Continuing PSO."
[1] "iteration number: "
[1] 12
[1] "RE-INITIALIZING..."
[1] 1
[1] 10
[1] 6
 [1] 2 2 3 3 1 3 3 2 4 1 3 3 2 3 3 3 3 2 2 4
[1] "Minimum fitness threshold not reached after 12 iterations! Continuing PSO."
[1] "iteration number: "
[1] 13
[1] "Minimum fitness threshold not reached after 13 iterations! Continuing PSO."
[1] "iteration number: "
[1] 14
[1] "Minimum fitness threshold not reached after 14 iterations! Continuing PSO."
[1] "iteration number: "
[1] 15
[1] "Minimum fitness threshold not reached after 15 iterations! Continuing PSO."
[1] "iteration number: "
[1] 16
[1] "Minimum fitness threshold not reached after 16 iterations! Continuing PSO."
[1] "iteration number: "
[1] 17
[1] "Minimum fitness threshold not reached after 17 iterations! Continuing PSO."
[1] "iteration number: "
[1] 18
[1] "Minimum fitness threshold not reached after 18 iterations! Continuing PSO."
[1] "iteration number: "
[1] 19
[1] "Minimum fitness threshold not reached after 19 iterations! Continuing PSO."
[1] "iteration number: "
[1] 20
[1] "Minimum fitness threshold not reached after 20 iterations! Continuing PSO."
[1] "iteration number: "
[1] 21
[1] "Minimum fitness threshold not reached after 21 iterations! Continuing PSO."
[1] "iteration number: "
[1] 22
[1] "Minimum fitness threshold not reached after 22 iterations! Continuing PSO."
[1] "iteration number: "
[1] 23
[1] "RE-INITIALIZING..."
[1] 2
[1] 10
[1] 6
 [1] 2 4 2 3 3 3 2 3 1 3 3 2 3 3 2 2 3 3 3 1
[1] "Minimum fitness threshold not reached after 23 iterations! Continuing PSO."
[1] "iteration number: "
[1] 24
[1] "Minimum fitness threshold not reached after 24 iterations! Continuing PSO."
[1] "iteration number: "
[1] 25
[1] "Minimum fitness threshold not reached after 25 iterations! Continuing PSO."
[1] "iteration number: "
[1] 26
[1] "Minimum fitness threshold not reached after 26 iterations! Continuing PSO."
[1] "iteration number: "
[1] 27
[1] "Minimum fitness threshold not reached after 27 iterations! Continuing PSO."
[1] "iteration number: "
[1] 28
[1] "Minimum fitness threshold not reached after 28 iterations! Continuing PSO."
[1] "iteration number: "
[1] 29
[1] "Minimum fitness threshold not reached after 29 iterations! Continuing PSO."
[1] "iteration number: "
[1] 30
[1] "Minimum fitness threshold not reached after 30 iterations! Continuing PSO."
[1] "iteration number: "
[1] 31
[1] "Minimum fitness threshold not reached after 31 iterations! Continuing PSO."
[1] "iteration number: "
[1] 32
[1] "Minimum fitness threshold not reached after 32 iterations! Continuing PSO."
[1] "iteration number: "
[1] 33
[1] "Minimum fitness threshold not reached after 33 iterations! Continuing PSO."
[1] "iteration number: "
[1] 34
[1] "RE-INITIALIZING..."
[1] 3
[1] 10
[1] 6
 [1] 2 4 2 3 3 3 2 3 1 3 3 2 3 3 2 2 3 3 3 1
[1] "Minimum fitness threshold not reached after 34 iterations! Continuing PSO."
[1] "iteration number: "
[1] 35
[1] "Minimum fitness threshold not reached after 35 iterations! Continuing PSO."
[1] "iteration number: "
[1] 36
[1] "Minimum fitness threshold not reached after 36 iterations! Continuing PSO."
[1] "iteration number: "
[1] 37
[1] "Minimum fitness threshold not reached after 37 iterations! Continuing PSO."
[1] "iteration number: "
[1] 38
[1] "Minimum fitness threshold not reached after 38 iterations! Continuing PSO."
[1] "iteration number: "
[1] 39
[1] "Minimum fitness threshold not reached after 39 iterations! Continuing PSO."
[1] "iteration number: "
[1] 40
[1] "Minimum fitness threshold not reached after 40 iterations! Continuing PSO."
[1] "iteration number: "
[1] 41
[1] "Minimum fitness threshold not reached after 41 iterations! Continuing PSO."
[1] "iteration number: "
[1] 42
[1] "Minimum fitness threshold not reached after 42 iterations! Continuing PSO."
[1] "iteration number: "
[1] 43
[1] "Minimum fitness threshold not reached after 43 iterations! Continuing PSO."
[1] "iteration number: "
[1] 44
[1] "Minimum fitness threshold not reached after 44 iterations! Continuing PSO."
[1] "iteration number: "
[1] 45
[1] "RE-INITIALIZING..."
[1] 4
[1] 10
[1] 6
 [1] 2 4 2 3 3 3 2 3 1 3 3 2 3 3 2 2 3 3 3 1
[1] "Minimum fitness threshold not reached after 45 iterations! Continuing PSO."
[1] "iteration number: "
[1] 46
[1] "Minimum fitness threshold not reached after 46 iterations! Continuing PSO."
[1] "iteration number: "
[1] 47
[1] "Minimum fitness threshold not reached after 47 iterations! Continuing PSO."
[1] "iteration number: "
[1] 48
[1] "Minimum fitness threshold not reached after 48 iterations! Continuing PSO."
[1] "iteration number: "
[1] 49
[1] "Minimum fitness threshold not reached after 49 iterations! Continuing PSO."
[1] "iteration number: "
[1] 50
[1] "Minimum fitness threshold not reached after 50 iterations! Continuing PSO."
[1] "iteration number: "
[1] 51
[1] "Minimum fitness threshold not reached after 51 iterations! Continuing PSO."
[1] "iteration number: "
[1] 52
[1] "Minimum fitness threshold not reached after 52 iterations! Continuing PSO."
[1] "iteration number: "
[1] 53
[1] "Minimum fitness threshold not reached after 53 iterations! Continuing PSO."
[1] "iteration number: "
[1] 54
[1] "Minimum fitness threshold not reached after 54 iterations! Continuing PSO."
[1] "iteration number: "
[1] 55
[1] "Minimum fitness threshold not reached after 55 iterations! Continuing PSO."
[1] "iteration number: "
[1] 56
[1] "RE-INITIALIZING..."
[1] 5
[1] 10
[1] 6
 [1] 2 4 4 3 3 2 2 3 4 3 3 3 3 3 3 2 3 2 3 3
[1] "Minimum fitness threshold not reached after 56 iterations! Continuing PSO."
[1] "iteration number: "
[1] 57
[1] "Minimum fitness threshold not reached after 57 iterations! Continuing PSO."
[1] "iteration number: "
[1] 58
[1] "Minimum fitness threshold not reached after 58 iterations! Continuing PSO."
[1] "iteration number: "
[1] 59
[1] "Minimum fitness threshold not reached after 59 iterations! Continuing PSO."
[1] "iteration number: "
[1] 60
[1] "Minimum fitness threshold not reached after 60 iterations! Continuing PSO."
[1] "iteration number: "
[1] 61
[1] "Minimum fitness threshold not reached after 61 iterations! Continuing PSO."
[1] "iteration number: "
[1] 62
[1] "Minimum fitness threshold not reached after 62 iterations! Continuing PSO."
[1] "iteration number: "
[1] 63
[1] "Minimum fitness threshold not reached after 63 iterations! Continuing PSO."
[1] "iteration number: "
[1] 64
[1] "Minimum fitness threshold not reached after 64 iterations! Continuing PSO."
[1] "iteration number: "
[1] 65
[1] "Minimum fitness threshold not reached after 65 iterations! Continuing PSO."
[1] "iteration number: "
[1] 66
[1] "Minimum fitness threshold not reached after 66 iterations! Continuing PSO."
[1] "iteration number: "
[1] 67
[1] "RE-INITIALIZING..."
[1] 6
[1] 10
[1] 6
 [1] 4 2 2 1 2 3 3 4 2 3 3 2 1 3 2 1 3 3 1 2
[1] "Minimum fitness threshold not reached after 67 iterations! Continuing PSO."
[1] "iteration number: "
[1] 68
[1] "Minimum fitness threshold not reached after 68 iterations! Continuing PSO."
[1] "iteration number: "
[1] 69
[1] "Minimum fitness threshold not reached after 69 iterations! Continuing PSO."
[1] "iteration number: "
[1] 70
[1] "Minimum fitness threshold not reached after 70 iterations! Continuing PSO."
[1] "iteration number: "
[1] 71
[1] "Minimum fitness threshold not reached after 71 iterations! Continuing PSO."
[1] "iteration number: "
[1] 72
[1] "Minimum fitness threshold not reached after 72 iterations! Continuing PSO."
[1] "iteration number: "
[1] 73
[1] "Minimum fitness threshold not reached after 73 iterations! Continuing PSO."
[1] "iteration number: "
[1] 74
[1] "Minimum fitness threshold not reached after 74 iterations! Continuing PSO."
[1] "iteration number: "
[1] 75
[1] "Minimum fitness threshold not reached after 75 iterations! Continuing PSO."
[1] "iteration number: "
[1] 76
[1] "Minimum fitness threshold not reached after 76 iterations! Continuing PSO."
[1] "iteration number: "
[1] 77
[1] "Minimum fitness threshold not reached after 77 iterations! Continuing PSO."
[1] "iteration number: "
[1] 78
[1] "RE-INITIALIZING..."
[1] 7
[1] 10
[1] 6
 [1] 2 4 2 3 3 3 2 3 1 3 3 2 3 3 2 2 3 3 3 1
[1] "Minimum fitness threshold not reached after 78 iterations! Continuing PSO."
[1] "iteration number: "
[1] 79
[1] "Minimum fitness threshold not reached after 79 iterations! Continuing PSO."
[1] "iteration number: "
[1] 80
[1] "Minimum fitness threshold not reached after 80 iterations! Continuing PSO."
[1] "iteration number: "
[1] 81
[1] "Minimum fitness threshold not reached after 81 iterations! Continuing PSO."
[1] "iteration number: "
[1] 82
[1] "Minimum fitness threshold not reached after 82 iterations! Continuing PSO."
[1] "iteration number: "
[1] 83
[1] "Minimum fitness threshold not reached after 83 iterations! Continuing PSO."
[1] "iteration number: "
[1] 84
[1] "Minimum fitness threshold not reached after 84 iterations! Continuing PSO."
[1] "iteration number: "
[1] 85
[1] "Minimum fitness threshold not reached after 85 iterations! Continuing PSO."
[1] "iteration number: "
[1] 86
[1] "Minimum fitness threshold not reached after 86 iterations! Continuing PSO."
[1] "iteration number: "
[1] 87
[1] "Minimum fitness threshold not reached after 87 iterations! Continuing PSO."
[1] "iteration number: "
[1] 88
[1] "Minimum fitness threshold not reached after 88 iterations! Continuing PSO."
[1] "iteration number: "
[1] 89
[1] "RE-INITIALIZING..."
[1] 8
[1] 10
[1] 6
 [1] 2 4 2 3 3 3 2 3 1 3 3 2 3 3 2 2 3 3 3 1
[1] "Minimum fitness threshold not reached after 89 iterations! Continuing PSO."
[1] "iteration number: "
[1] 90
[1] "Minimum fitness threshold not reached after 90 iterations! Continuing PSO."
[1] "iteration number: "
[1] 91
[1] "Minimum fitness threshold not reached after 91 iterations! Continuing PSO."
[1] "iteration number: "
[1] 92
[1] "Minimum fitness threshold not reached after 92 iterations! Continuing PSO."
[1] "iteration number: "
[1] 93
[1] "Minimum fitness threshold not reached after 93 iterations! Continuing PSO."
[1] "iteration number: "
[1] 94
[1] "Minimum fitness threshold not reached after 94 iterations! Continuing PSO."
[1] "iteration number: "
[1] 95
[1] "Minimum fitness threshold not reached after 95 iterations! Continuing PSO."
[1] "iteration number: "
[1] 96
[1] "Minimum fitness threshold not reached after 96 iterations! Continuing PSO."
[1] "iteration number: "
[1] 97
[1] "Minimum fitness threshold not reached after 97 iterations! Continuing PSO."
[1] "iteration number: "
[1] 98
[1] "Minimum fitness threshold not reached after 98 iterations! Continuing PSO."
[1] "iteration number: "
[1] 99
[1] "Minimum fitness threshold not reached after 99 iterations! Continuing PSO."
[1] "iteration number: "
[1] 100
[1] "RE-INITIALIZING..."
[1] 9
[1] 10
[1] 6
 [1] 3 2 3 3 3 3 2 1 3 4 2 3 2 3 2 3 4 2 4 3
[1] "Minimum fitness threshold not reached after 100 iterations! Continuing PSO."
[1] "iteration number: "
[1] 101
[1] "Minimum fitness threshold not reached after 101 iterations! Continuing PSO."
[1] "iteration number: "
[1] 102
[1] "Minimum fitness threshold not reached after 102 iterations! Continuing PSO."
[1] "iteration number: "
[1] 103
[1] "Minimum fitness threshold not reached after 103 iterations! Continuing PSO."
[1] "iteration number: "
[1] 104
[1] "Minimum fitness threshold not reached after 104 iterations! Continuing PSO."
[1] "iteration number: "
[1] 105
[1] "Minimum fitness threshold not reached after 105 iterations! Continuing PSO."
[1] "iteration number: "
[1] 106
[1] "Minimum fitness threshold not reached after 106 iterations! Continuing PSO."
[1] "iteration number: "
[1] 107
[1] "Minimum fitness threshold not reached after 107 iterations! Continuing PSO."
[1] "iteration number: "
[1] 108
[1] "Minimum fitness threshold not reached after 108 iterations! Continuing PSO."
[1] "iteration number: "
[1] 109
[1] "Minimum fitness threshold not reached after 109 iterations! Continuing PSO."
[1] "iteration number: "
[1] 110
[1] "Minimum fitness threshold not reached after 110 iterations! Continuing PSO."
[1] "iteration number: "
[1] 111
[1] "RE-INITIALIZING..."
[1] 10
[1] 10
[1] 6
 [1] 2 4 2 3 3 3 2 3 1 3 3 2 3 3 2 2 3 3 3 1
[1] "iteration number: "
[1] 112
[1] "iteration number: "
[1] 113
[1] "iteration number: "
[1] 114
[1] "iteration number: "
[1] 115
[1] "iteration number: "
[1] 116
[1] "iteration number: "
[1] 117
[1] "iteration number: "
[1] 118
[1] "iteration number: "
[1] 119
[1] "iteration number: "
[1] 120
[1] "iteration number: "
[1] 121
[1] "iteration number: "
[1] 122
[1] "RE-INITIALIZING..."
[1] 11
[1] 10
[1] 6
[1] "No change for 11 iterations. Exiting PSO."
[1] 1 2 3 4 5 6
[1] 9
[1] "##################################"
[1] "Results summary for itr:9"
[1] "number of features selected using population mean"
[1] 6
[1] "number of features selected using current global best"
[1] 6
[1] "feat ind length"
[1] 6
[1] "best accuracy"
[1] 60.5967
[1] "test acc:0.923076923076923"
[1] "##################################"
[1] "learning sets: 10"
  [1]  95  80 124 128  46  67 120  18  88  77  79 114  58 101  26  33  89  56
 [19]  20  28  36  90  97 111  76  16  94  10  39  72  29  15  27  87 110 121
 [37]   5  24  75 108 102   8 113  54  38  64  43  81 103   3  63  30   7 119
 [55] 129 115  25   4  82 130 118  48  17  14  13  47 116 104  78  44  91  45
 [73]  60  66  53  70  93  69  50 122  61  51 126  65   6  12   1  37 117 109
 [91]  73  98 127   2  55  21  40  68  83 112  34 107  57   9
[1] "Starting global iteration number : 10"
[1] "iteration number: "
[1] 1
[1] "Best fitness updated to:"
[1] -54.73847
[1] "Best solution:"
[1] NA NA NA NA NA NA
[1] 0
[1] "iteration number: "
[1] 2
[1] "iteration number: "
[1] 3
[1] "iteration number: "
[1] 4
[1] "iteration number: "
[1] 5
[1] "iteration number: "
[1] 6
[1] "iteration number: "
[1] 7
[1] "iteration number: "
[1] 8
[1] "iteration number: "
[1] 9
[1] "iteration number: "
[1] 10
[1] "iteration number: "
[1] 11
[1] "Minimum fitness threshold not reached after 11 iterations! Continuing PSO."
[1] "iteration number: "
[1] 12
[1] "RE-INITIALIZING..."
[1] 1
[1] 10
[1] 6
 [1] 2 2 3 3 1 3 3 2 4 1 3 3 2 3 3 3 3 2 2 4
[1] "Minimum fitness threshold not reached after 12 iterations! Continuing PSO."
[1] "iteration number: "
[1] 13
[1] "Minimum fitness threshold not reached after 13 iterations! Continuing PSO."
[1] "iteration number: "
[1] 14
[1] "Minimum fitness threshold not reached after 14 iterations! Continuing PSO."
[1] "iteration number: "
[1] 15
[1] "Minimum fitness threshold not reached after 15 iterations! Continuing PSO."
[1] "iteration number: "
[1] 16
[1] "Minimum fitness threshold not reached after 16 iterations! Continuing PSO."
[1] "iteration number: "
[1] 17
[1] "Minimum fitness threshold not reached after 17 iterations! Continuing PSO."
[1] "iteration number: "
[1] 18
[1] "Minimum fitness threshold not reached after 18 iterations! Continuing PSO."
[1] "iteration number: "
[1] 19
[1] "Minimum fitness threshold not reached after 19 iterations! Continuing PSO."
[1] "iteration number: "
[1] 20
[1] "Minimum fitness threshold not reached after 20 iterations! Continuing PSO."
[1] "iteration number: "
[1] 21
[1] "Minimum fitness threshold not reached after 21 iterations! Continuing PSO."
[1] "iteration number: "
[1] 22
[1] "Minimum fitness threshold not reached after 22 iterations! Continuing PSO."
[1] "iteration number: "
[1] 23
[1] "RE-INITIALIZING..."
[1] 2
[1] 10
[1] 6
 [1] 2 4 2 3 3 3 2 3 1 3 3 2 3 3 2 2 3 3 3 1
[1] "Minimum fitness threshold not reached after 23 iterations! Continuing PSO."
[1] "iteration number: "
[1] 24
[1] "Minimum fitness threshold not reached after 24 iterations! Continuing PSO."
[1] "iteration number: "
[1] 25
[1] "Minimum fitness threshold not reached after 25 iterations! Continuing PSO."
[1] "iteration number: "
[1] 26
[1] "Minimum fitness threshold not reached after 26 iterations! Continuing PSO."
[1] "iteration number: "
[1] 27
[1] "Minimum fitness threshold not reached after 27 iterations! Continuing PSO."
[1] "iteration number: "
[1] 28
[1] "Minimum fitness threshold not reached after 28 iterations! Continuing PSO."
[1] "iteration number: "
[1] 29
[1] "Minimum fitness threshold not reached after 29 iterations! Continuing PSO."
[1] "iteration number: "
[1] 30
[1] "Minimum fitness threshold not reached after 30 iterations! Continuing PSO."
[1] "iteration number: "
[1] 31
[1] "Minimum fitness threshold not reached after 31 iterations! Continuing PSO."
[1] "iteration number: "
[1] 32
[1] "Minimum fitness threshold not reached after 32 iterations! Continuing PSO."
[1] "iteration number: "
[1] 33
[1] "Minimum fitness threshold not reached after 33 iterations! Continuing PSO."
[1] "iteration number: "
[1] 34
[1] "RE-INITIALIZING..."
[1] 3
[1] 10
[1] 6
 [1] 2 4 4 3 3 2 2 3 4 3 3 3 3 3 3 2 3 2 3 3
[1] "Minimum fitness threshold not reached after 34 iterations! Continuing PSO."
[1] "iteration number: "
[1] 35
[1] "Minimum fitness threshold not reached after 35 iterations! Continuing PSO."
[1] "iteration number: "
[1] 36
[1] "Minimum fitness threshold not reached after 36 iterations! Continuing PSO."
[1] "iteration number: "
[1] 37
[1] "Minimum fitness threshold not reached after 37 iterations! Continuing PSO."
[1] "iteration number: "
[1] 38
[1] "Minimum fitness threshold not reached after 38 iterations! Continuing PSO."
[1] "iteration number: "
[1] 39
[1] "Minimum fitness threshold not reached after 39 iterations! Continuing PSO."
[1] "iteration number: "
[1] 40
[1] "Minimum fitness threshold not reached after 40 iterations! Continuing PSO."
[1] "iteration number: "
[1] 41
[1] "Minimum fitness threshold not reached after 41 iterations! Continuing PSO."
[1] "iteration number: "
[1] 42
[1] "Minimum fitness threshold not reached after 42 iterations! Continuing PSO."
[1] "iteration number: "
[1] 43
[1] "Minimum fitness threshold not reached after 43 iterations! Continuing PSO."
[1] "iteration number: "
[1] 44
[1] "Minimum fitness threshold not reached after 44 iterations! Continuing PSO."
[1] "iteration number: "
[1] 45
[1] "RE-INITIALIZING..."
[1] 4
[1] 10
[1] 6
 [1] 1 3 1 3 3 3 4 2 3 3 4 2 2 2 3 3 3 3 3 2
[1] "Minimum fitness threshold not reached after 45 iterations! Continuing PSO."
[1] "iteration number: "
[1] 46
[1] "Minimum fitness threshold not reached after 46 iterations! Continuing PSO."
[1] "iteration number: "
[1] 47
[1] "Minimum fitness threshold not reached after 47 iterations! Continuing PSO."
[1] "iteration number: "
[1] 48
[1] "Minimum fitness threshold not reached after 48 iterations! Continuing PSO."
[1] "iteration number: "
[1] 49
[1] "Minimum fitness threshold not reached after 49 iterations! Continuing PSO."
[1] "iteration number: "
[1] 50
[1] "Minimum fitness threshold not reached after 50 iterations! Continuing PSO."
[1] "iteration number: "
[1] 51
[1] "Minimum fitness threshold not reached after 51 iterations! Continuing PSO."
[1] "iteration number: "
[1] 52
[1] "Minimum fitness threshold not reached after 52 iterations! Continuing PSO."
[1] "iteration number: "
[1] 53
[1] "Minimum fitness threshold not reached after 53 iterations! Continuing PSO."
[1] "iteration number: "
[1] 54
[1] "Minimum fitness threshold not reached after 54 iterations! Continuing PSO."
[1] "iteration number: "
[1] 55
[1] "Minimum fitness threshold not reached after 55 iterations! Continuing PSO."
[1] "iteration number: "
[1] 56
[1] "RE-INITIALIZING..."
[1] 5
[1] 10
[1] 6
 [1] 1 3 1 3 3 3 4 2 3 3 4 2 2 2 3 3 3 3 3 2
[1] "Minimum fitness threshold not reached after 56 iterations! Continuing PSO."
[1] "iteration number: "
[1] 57
[1] "Minimum fitness threshold not reached after 57 iterations! Continuing PSO."
[1] "iteration number: "
[1] 58
[1] "Minimum fitness threshold not reached after 58 iterations! Continuing PSO."
[1] "iteration number: "
[1] 59
[1] "Minimum fitness threshold not reached after 59 iterations! Continuing PSO."
[1] "iteration number: "
[1] 60
[1] "Minimum fitness threshold not reached after 60 iterations! Continuing PSO."
[1] "iteration number: "
[1] 61
[1] "Minimum fitness threshold not reached after 61 iterations! Continuing PSO."
[1] "iteration number: "
[1] 62
[1] "Minimum fitness threshold not reached after 62 iterations! Continuing PSO."
[1] "iteration number: "
[1] 63
[1] "Minimum fitness threshold not reached after 63 iterations! Continuing PSO."
[1] "iteration number: "
[1] 64
[1] "Minimum fitness threshold not reached after 64 iterations! Continuing PSO."
[1] "iteration number: "
[1] 65
[1] "Minimum fitness threshold not reached after 65 iterations! Continuing PSO."
[1] "iteration number: "
[1] 66
[1] "Minimum fitness threshold not reached after 66 iterations! Continuing PSO."
[1] "iteration number: "
[1] 67
[1] "RE-INITIALIZING..."
[1] 6
[1] 10
[1] 6
 [1] 2 4 2 3 3 3 2 3 1 3 3 2 3 3 2 2 3 3 3 1
[1] "Minimum fitness threshold not reached after 67 iterations! Continuing PSO."
[1] "iteration number: "
[1] 68
[1] "Minimum fitness threshold not reached after 68 iterations! Continuing PSO."
[1] "iteration number: "
[1] 69
[1] "Minimum fitness threshold not reached after 69 iterations! Continuing PSO."
[1] "iteration number: "
[1] 70
[1] "Minimum fitness threshold not reached after 70 iterations! Continuing PSO."
[1] "iteration number: "
[1] 71
[1] "Minimum fitness threshold not reached after 71 iterations! Continuing PSO."
[1] "iteration number: "
[1] 72
[1] "Minimum fitness threshold not reached after 72 iterations! Continuing PSO."
[1] "iteration number: "
[1] 73
[1] "Minimum fitness threshold not reached after 73 iterations! Continuing PSO."
[1] "iteration number: "
[1] 74
[1] "Minimum fitness threshold not reached after 74 iterations! Continuing PSO."
[1] "iteration number: "
[1] 75
[1] "Minimum fitness threshold not reached after 75 iterations! Continuing PSO."
[1] "iteration number: "
[1] 76
[1] "Minimum fitness threshold not reached after 76 iterations! Continuing PSO."
[1] "iteration number: "
[1] 77
[1] "Minimum fitness threshold not reached after 77 iterations! Continuing PSO."
[1] "iteration number: "
[1] 78
[1] "RE-INITIALIZING..."
[1] 7
[1] 10
[1] 6
 [1] 2 4 2 3 3 3 2 3 1 3 3 2 3 3 2 2 3 3 3 1
[1] "Minimum fitness threshold not reached after 78 iterations! Continuing PSO."
[1] "iteration number: "
[1] 79
[1] "Minimum fitness threshold not reached after 79 iterations! Continuing PSO."
[1] "iteration number: "
[1] 80
[1] "Minimum fitness threshold not reached after 80 iterations! Continuing PSO."
[1] "iteration number: "
[1] 81
[1] "Minimum fitness threshold not reached after 81 iterations! Continuing PSO."
[1] "iteration number: "
[1] 82
[1] "Minimum fitness threshold not reached after 82 iterations! Continuing PSO."
[1] "iteration number: "
[1] 83
[1] "Minimum fitness threshold not reached after 83 iterations! Continuing PSO."
[1] "iteration number: "
[1] 84
[1] "Minimum fitness threshold not reached after 84 iterations! Continuing PSO."
[1] "iteration number: "
[1] 85
[1] "Minimum fitness threshold not reached after 85 iterations! Continuing PSO."
[1] "iteration number: "
[1] 86
[1] "Minimum fitness threshold not reached after 86 iterations! Continuing PSO."
[1] "iteration number: "
[1] 87
[1] "Minimum fitness threshold not reached after 87 iterations! Continuing PSO."
[1] "iteration number: "
[1] 88
[1] "Minimum fitness threshold not reached after 88 iterations! Continuing PSO."
[1] "iteration number: "
[1] 89
[1] "RE-INITIALIZING..."
[1] 8
[1] 10
[1] 6
 [1] 2 4 2 3 3 3 2 3 1 3 3 2 3 3 2 2 3 3 3 1
[1] "Minimum fitness threshold not reached after 89 iterations! Continuing PSO."
[1] "iteration number: "
[1] 90
[1] "Minimum fitness threshold not reached after 90 iterations! Continuing PSO."
[1] "iteration number: "
[1] 91
[1] "Minimum fitness threshold not reached after 91 iterations! Continuing PSO."
[1] "iteration number: "
[1] 92
[1] "Minimum fitness threshold not reached after 92 iterations! Continuing PSO."
[1] "iteration number: "
[1] 93
[1] "Minimum fitness threshold not reached after 93 iterations! Continuing PSO."
[1] "iteration number: "
[1] 94
[1] "Minimum fitness threshold not reached after 94 iterations! Continuing PSO."
[1] "iteration number: "
[1] 95
[1] "Minimum fitness threshold not reached after 95 iterations! Continuing PSO."
[1] "iteration number: "
[1] 96
[1] "Minimum fitness threshold not reached after 96 iterations! Continuing PSO."
[1] "iteration number: "
[1] 97
[1] "Minimum fitness threshold not reached after 97 iterations! Continuing PSO."
[1] "iteration number: "
[1] 98
[1] "Minimum fitness threshold not reached after 98 iterations! Continuing PSO."
[1] "iteration number: "
[1] 99
[1] "Minimum fitness threshold not reached after 99 iterations! Continuing PSO."
[1] "iteration number: "
[1] 100
[1] "RE-INITIALIZING..."
[1] 9
[1] 10
[1] 6
 [1] 2 4 2 3 3 3 2 3 1 3 3 2 3 3 2 2 3 3 3 1
[1] "Minimum fitness threshold not reached after 100 iterations! Continuing PSO."
[1] "iteration number: "
[1] 101
[1] "Minimum fitness threshold not reached after 101 iterations! Continuing PSO."
[1] "iteration number: "
[1] 102
[1] "Minimum fitness threshold not reached after 102 iterations! Continuing PSO."
[1] "iteration number: "
[1] 103
[1] "Minimum fitness threshold not reached after 103 iterations! Continuing PSO."
[1] "iteration number: "
[1] 104
[1] "Minimum fitness threshold not reached after 104 iterations! Continuing PSO."
[1] "iteration number: "
[1] 105
[1] "Minimum fitness threshold not reached after 105 iterations! Continuing PSO."
[1] "iteration number: "
[1] 106
[1] "Minimum fitness threshold not reached after 106 iterations! Continuing PSO."
[1] "iteration number: "
[1] 107
[1] "Minimum fitness threshold not reached after 107 iterations! Continuing PSO."
[1] "iteration number: "
[1] 108
[1] "Minimum fitness threshold not reached after 108 iterations! Continuing PSO."
[1] "iteration number: "
[1] 109
[1] "Minimum fitness threshold not reached after 109 iterations! Continuing PSO."
[1] "iteration number: "
[1] 110
[1] "Minimum fitness threshold not reached after 110 iterations! Continuing PSO."
[1] "iteration number: "
[1] 111
[1] "RE-INITIALIZING..."
[1] 10
[1] 10
[1] 6
 [1] 2 4 2 3 3 3 2 3 1 3 3 2 3 3 2 2 3 3 3 1
[1] "Minimum fitness threshold not reached after 111 iterations! Continuing PSO."
[1] "iteration number: "
[1] 112
[1] "Minimum fitness threshold not reached after 112 iterations! Continuing PSO."
[1] "iteration number: "
[1] 113
[1] "Minimum fitness threshold not reached after 113 iterations! Continuing PSO."
[1] "iteration number: "
[1] 114
[1] "Minimum fitness threshold not reached after 114 iterations! Continuing PSO."
[1] "iteration number: "
[1] 115
[1] "Minimum fitness threshold not reached after 115 iterations! Continuing PSO."
[1] "iteration number: "
[1] 116
[1] "Minimum fitness threshold not reached after 116 iterations! Continuing PSO."
[1] "iteration number: "
[1] 117
[1] "Minimum fitness threshold not reached after 117 iterations! Continuing PSO."
[1] "iteration number: "
[1] 118
[1] "Minimum fitness threshold not reached after 118 iterations! Continuing PSO."
[1] "iteration number: "
[1] 119
[1] "Minimum fitness threshold not reached after 119 iterations! Continuing PSO."
[1] "iteration number: "
[1] 120
[1] "Minimum fitness threshold not reached after 120 iterations! Continuing PSO."
[1] "iteration number: "
[1] 121
[1] "Minimum fitness threshold not reached after 121 iterations! Continuing PSO."
[1] "iteration number: "
[1] 122
[1] "RE-INITIALIZING..."
[1] 11
[1] 10
[1] 6
[1] "No change for 11 iterations. Exiting PSO."
[1] 1 2 3 4 5 6
[1] 10
[1] "##################################"
[1] "Results summary for itr:10"
[1] "number of features selected using population mean"
[1] 6
[1] "number of features selected using current global best"
[1] 6
[1] "feat ind length"
[1] 6
[1] "best accuracy"
[1] 54.73847
[1] "test acc:1"
[1] "##################################"
[1] "testacc"
 [1] 0.9230769 0.9615385 0.9230769 1.0000000 1.0000000 1.0000000 0.9230769
 [8] 0.9615385 0.9230769 1.0000000
[1] 0.9615385
   Min. 1st Qu.  Median    Mean 3rd Qu.    Max. 
 0.9231  0.9231  0.9615  0.9615  1.0000  1.0000 
[1] 0.03626189
     [,1] [,2] [,3] [,4] [,5] [,6] [,7] [,8] [,9] [,10]
[1,]    1    1    1    1    1    1    1    1    1     1
[2,]    1    1    1    1    1    1    1    1    1     1
[3,]    1    1    1    1    1    0    1    1    1     1
[4,]    1    1    1    1    1    0    1    1    1     1
[5,]    1    1    1    1    1    1    1    1    1     1
[6,]    1    1    1    1    1    1    1    1    1     1
[1] "dim of scoring matrix is "
[1]  6 10
[1] "DS index stage 2"
[1] 0.96
[1] "KI index stage 2"
[1] -Inf
[1] 1
   Min. 1st Qu.  Median    Mean 3rd Qu.    Max. 
  9.000   9.250  10.000   9.667  10.000  10.000 
[1] "bestgenelist"
[1] 1 2 5 6 3 4
[1] 10 10 10 10  9  9
[1] 1 1 1 1 1 1
[1] 0.9400 0.9875
[1] 0.9400 0.9875
[1] 0.0400 0.9875
[1] 0.0400 0.9875
[1] 0.51375 0.06000 1.00000
[1] 0.51375 0.06000 1.00000
[1] 0.5245833 0.2400000 0.9875000
[1] 0.5245833 0.2400000 0.9875000
[1] 0.940 0.975
[1] 0.940 0.975
[1] "accuracy: 92.4157651964867 num_feat:6 fitness:53.001429814594"
$fitfunc
[1] -53.00143

$cverror
[1] 92.41577

$cvpermerror
[1] 50.48132

[1] -53.00143
[1] "bestgenelist"
[1] 1 2 5 6 3
[1] 10 10 10 10  9
[1] 1 1 1 0 1 1
[1] 0.9400 0.9875
[1] 0.9400 0.9875
[1] 0.060 0.975
[1] 0.060 0.975
[1] 0.5175 0.0600 1.0000
[1] 0.5175 0.0600 1.0000
[1] 0.5258333 0.2200000 1.0000000
[1] 0.5258333 0.2200000 1.0000000
[1] 0.960 0.975
[1] 0.960 0.975
[1] "accuracy: 92.8746365909087 num_feat:5 fitness:53.8344954554371"
$fitfunc
[1] -53.8345

$cverror
[1] 92.87464

$cvpermerror
[1] 50.00242

[1] -53.8345
[1] "bestgenelist"
[1] 1 2 5 6
[1] 10 10 10 10
[1] 1 1 0 0 1 1
[1] 0.9600 0.9875
[1] 0.9600 0.9875
[1] 0 1
[1] 0 1
[1] 0.5 0.0 1.0
[1] 0.5 0.0 1.0
[1] 0.5 0.3 1.0
[1] 0.5 0.3 1.0
[1] 0.9200 0.9875
[1] 0.9200 0.9875
[1] "accuracy: 92.3632120329579 num_feat:4 fitness:52.3357263653202"
$fitfunc
[1] -52.33573

$cverror
[1] 92.36321

$cvpermerror
[1] 51.24711

[1] -52.33573
[1] "bestgenelist"
[1] 1 2 5
[1] 10 10 10
[1] 1 1 0 0 1 0
[1] 0.8800 0.9875
[1] 0.8800 0.9875
[1] 0 1
[1] 0 1
[1] 0.5 0.0 1.0
[1] 0.5 0.0 1.0
[1] 0.5000 0.2600 0.9875
[1] 0.5000 0.2600 0.9875
[1] 0.9400 0.9625
[1] 0.9400 0.9625
[1] "accuracy: 91.263396175416 num_feat:3 fitness:49.6880453016533"
$fitfunc
[1] -49.68805

$cverror
[1] 91.2634

$cvpermerror
[1] 53.28935

[1] -49.68805
[1] "bestgenelist"
[1] 1 2
[1] 10 10
[1] 1 1 0 0 0 0
[1] "accuracy: 1 num_feat:2 fitness:-100"
$fitfunc
[1] 100

$cverror
[1] 1

$cvpermerror
[1] 100

[1] 100
[1] "bestgenelist"
[1] 1
[1] 10
[1] 1 0 0 0 0 0
[1] "accuracy: 1 num_feat:1 fitness:-100"
$fitfunc
[1] 100

$cverror
[1] 1

$cvpermerror
[1] 100

[1] 100
   Min. 1st Qu.  Median    Mean 3rd Qu.    Max. 
 0.9231  0.9231  0.9615  0.9615  1.0000  1.0000 
[1] "Number of features selected in 10 iterations:"
[1] 5
[1] "Modified train 10 fold accuracy using train data is "
[1] 95.38462
[1] "Modified train accuracy is "
[1] 0.9692308
[1] "train confusion matrix is "
          trainclass
pred_train  1  2
         1 47  1
         2  3 79
[1] "Train dimension is "
[1] 130   5
[1] "Test dimension is "
[1] 100   5
[1] "Test confusion matrix is "
    
pred  1  2
   1 36  8
   2  3 53
[1] "Test acc is "
[1] 0.89
[1] "train 10 fold"
[1] 96.15385
[1] "Test confusion matrix is "
    
pred  1  2
   1 36  8
   2  3 53
[1] "Test acc is "
[1] 0.89
[1] "Test AUC:"
[1] 0.8959647
[1] "Train acc is "
[1] 0.9692308
[1] "# of features after CMA:"
NULL
[1] "# of features after PSO:"
[1] 130   6
    user   system  elapsed 
  56.723    7.800 3528.447 
There were 50 or more warnings (use warnings() to see the first 50)
> 
> 
> 
> feat_ind<-psores$bestfeatlist
> feat_names<-psores$bestfeatnames
> 
> scoringmatrix<-as.data.frame(psores$scoringmatrix)
> print(scoringmatrix)
  V1 V2 V3 V4 V5 V6 V7 V8 V9 V10
1  1  1  1  1  1  1  1  1  1   1
2  1  1  1  1  1  1  1  1  1   1
3  1  1  1  1  1  0  1  1  1   1
4  1  1  1  1  1  0  1  1  1   1
5  1  1  1  1  1  1  1  1  1   1
6  1  1  1  1  1  1  1  1  1   1
> print(feat_names[feat_ind])
[1] "204508_s_at" "205225_at"   "209604_s_at" "215729_s_at" "206754_s_at"
> 
> save(psores,file="psores.Rda")
> print("Complete")
[1] "Complete"
> 
