
R version 3.2.2 (2015-08-14) -- "Fire Safety"
Copyright (C) 2015 The R Foundation for Statistical Computing
Platform: x86_64-pc-linux-gnu (64-bit)

R is free software and comes with ABSOLUTELY NO WARRANTY.
You are welcome to redistribute it under certain conditions.
Type 'license()' or 'licence()' for distribution details.

  Natural language support but running in an English locale

R is a collaborative project with many contributors.
Type 'contributors()' for more information and
'citation()' on how to cite R or R packages in publications.

Type 'demo()' for some demos, 'help()' for on-line help, or
'help.start()' for an HTML browser interface to help.
Type 'q()' to quit R.

> 
> #.libPaths("/home/kuppal3/karan_libs/Rlibs")
> library(snow)
> library(e1071)
> library(yaImpute)

Attaching package: ‘yaImpute’

The following object is masked from ‘package:e1071’:

    impute

> library(pROC)
Type 'citation("pROC")' for a citation.

Attaching package: ‘pROC’

The following objects are masked from ‘package:stats’:

    cov, smooth, var

> library(bioDist)
Loading required package: Biobase
Loading required package: BiocGenerics
Loading required package: parallel

Attaching package: ‘parallel’

The following objects are masked from ‘package:snow’:

    clusterApply, clusterApplyLB, clusterCall, clusterEvalQ,
    clusterExport, clusterMap, clusterSplit, makeCluster, parApply,
    parCapply, parLapply, parRapply, parSapply, splitIndices,
    stopCluster


Attaching package: ‘BiocGenerics’

The following objects are masked from ‘package:parallel’:

    clusterApply, clusterApplyLB, clusterCall, clusterEvalQ,
    clusterExport, clusterMap, parApply, parCapply, parLapply,
    parLapplyLB, parRapply, parSapply, parSapplyLB

The following objects are masked from ‘package:snow’:

    clusterApply, clusterApplyLB, clusterCall, clusterEvalQ,
    clusterExport, clusterMap, parApply, parCapply, parLapply,
    parRapply, parSapply

The following objects are masked from ‘package:stats’:

    IQR, mad, xtabs

The following objects are masked from ‘package:base’:

    anyDuplicated, append, as.data.frame, as.vector, cbind, colnames,
    do.call, duplicated, eval, evalq, Filter, Find, get, grep, grepl,
    intersect, is.unsorted, lapply, lengths, Map, mapply, match, mget,
    order, paste, pmax, pmax.int, pmin, pmin.int, Position, rank,
    rbind, Reduce, rownames, sapply, setdiff, sort, table, tapply,
    union, unique, unlist, unsplit

Welcome to Bioconductor

    Vignettes contain introductory material; view with
    'browseVignettes()'. To cite Bioconductor, see
    'citation("Biobase")', and for packages 'citation("pkgname")'.

Loading required package: KernSmooth
KernSmooth 2.23 loaded
Copyright M. P. Wand 1997-2009
> #library(CMA, lib="/home/kuppal3/karan_libs/Rlibs/")
> library(RankAggreg)
> library(CMA)

Attaching package: ‘CMA’

The following object is masked from ‘package:pROC’:

    roc

The following object is masked from ‘package:e1071’:

    tune

> library(expm)
Loading required package: Matrix

Attaching package: ‘expm’

The following object is masked from ‘package:Matrix’:

    expm

> 
> cl<-makeCluster(1)
> 
> 
> args<-commandArgs(trailingOnly=TRUE)
> #source("/home/kuppal3/Research/Feature_selection/Rcode/versionnov2014/OCFS_vmay2415_v31.R")
> 
> #sname<-paste("/home/kuppal3/Research/Feature_selection/Rcode/versionnov2014/OCFS_",args[9],".R",sep="")
> sname<-paste("/home/kuppal2/Documents/Projects/xmsPANDA/Other/scripts/OCFS_",args[9],".R",sep="")
> source(sname)
> print(sname)
[1] "/home/kuppal2/Documents/Projects/xmsPANDA/Other/scripts/OCFS_vfeb817_v4.R"
> 
> #data_loc<-"/home/stu/kuppal3/Research/Feature_selection/Datasets/Golub/" 
> #data_loc<-"/Users/karanuppal/Documents/Gatech/Projects/Algorithms/TwostagePSO/Datasets/Golub/"
> data_loc<-"/home/kuppal2/Documents/Projects/xmsPANDA/Other/Datasets/IRIS/"
> setwd(data_loc)
> 
> load("IRIS.Rda")
> 
> trainm<-Iris$X
> testm<-Iris$Xt
> trainclass<-Iris$Y
> testclass<-Iris$Yt
> 
> cnames<-paste("var",seq(1,dim(trainm)[2]),sep="")
> colnames(trainm)<-cnames
> colnames(testm)<-cnames
> 
> args<-commandArgs(trailingOnly=TRUE)
> trainm<-na.omit(trainm)
> testm<-na.omit(testm)
> 
> #outloc<-paste("/home/kuppal3/Research/Feature_selection/Datasets/IRIS_Probe/OCFSv062016_v32_sensitivity_itr",args[9],"/",sep="")
> 
> weightA<-as.numeric(args[1])
> weightB<-as.numeric(args[2])
> weightC<-as.numeric(args[3])
> weightD<-as.numeric(args[4])
> 
> #outloc<-paste(data_loc,"OCFSv062016_v32_sensitivity_itr",args[9],"/",sep="")
> outloc<-paste(data_loc,"OCFS_iris",args[9],"_",args[10],"_",weightA,"_",args[11],"_",args[5],"/",sep="")
> 
> dir.create(outloc)
> setwd(outloc)
> 
> trainm<-as.matrix(trainm)
> testm<-as.matrix(testm)
> 
> #a: Confusions
> #b: Neighbors
> #c: Global
> #d: Death
> 
> a<-c(0.25,0.25,0.25,0.25)
> b<-c(0.3,0.1,0.4,0.1)
> c<-c(0.25,0.25,0.5,0)
> d<-c(0.9,0.1,0,0.1)
> 
> a<-c(0,0.4,0.1,0.5)
> b<-c(0.3,0.1,0.4,0.1)
> c<-c(0,0.5,0.5,0)
> d<-c(0.9,0.1,0,0)
> 
> a<-c(0,0.4,0.1,0.5)
> b<-c(0.2,0.3,0.4,0.1)
> c<-c(0,0.4,0.4,0.2)
> d<-c(0.9,0.1,0,0)
> 
> transition_matrix<-rbind(a,b,c,d)
> 
> 
> dir.create(outloc)
Warning message:
In dir.create(outloc) :
  '/home/kuppal2/Documents/Projects/xmsPANDA/Other/Datasets/IRIS/OCFS_irisvfeb817_v4_3_0.3_0.7_rankbased' already exists
> setwd(outloc)
> temp2=t(trainm)
> temp2=apply(temp2, 2, function(x){which(x=="MD")})
> temp2=unlist(temp2)
> temp2=unique(temp2)
> if(length(temp2)>1)
+ {
+ 	trainm=trainm[,-c(temp2)]
+ 
+ 	rm(temp2)
+ }
> 
> boostweight=rep(0,dim(trainm)[2])
> 
> 
> # modtraindata=modtrain, modtestdata=modtest, blindtest=testacc, modtrainclass=nci_y, modtestclass=test_y
> if(FALSE)
+ {
+ trainm<-CMAres$modtraindata
+ testm<-CMAres$modtestdata
+ trainclass<-CMAres$modtrainclass
+ testclass<-CMAres$modtestclass
+ learningsets<-CMAres$learningsets
+ }
> 
> 
> print(apply(trainm,2,mean))
        var1         var2         var3         var4         var5         var6 
 0.049647135  0.013765690  0.037009799  0.013993886 -0.063711067 -0.140437497 
        var7         var8         var9        var10        var11        var12 
-0.244389569 -0.066747451  0.173283469  0.045440242 -0.002567537  0.056065205 
       var13        var14        var15        var16        var17        var18 
-0.121771199  0.014619353  0.195398720  0.012867617  0.163750039  0.179120885 
       var19        var20        var21        var22        var23        var24 
 0.151963336 -0.096026333  0.108363826 -0.094775201 -0.050262826  0.156814882 
       var25        var26        var27        var28        var29        var30 
-0.092870162  0.146433511  0.064873861 -0.108098662  0.047715372 -0.073731911 
       var31        var32        var33        var34        var35        var36 
 0.095984337 -0.018065316  0.020892432  0.168486709  0.112409779  0.022591805 
       var37        var38        var39        var40 
-0.092044191 -0.065853997 -0.049079894  0.063013440 
> d_dim<-dim(trainm)
> 
> print("Original dimension")
[1] "Original dimension"
> print(d_dim)
[1] 90 40
> 
> #2 call run_pso function()
> system.time(psores<-run_pso(outloc=outloc,trainm,trainclass,testm,testclass,transition_matrix,c1=2.05,
+ c2=2.05,
+ itr=10,
+ globalpso_maxitr=10,
+ global_max_itr=3,
+ num_part=20,
+ kname="radial",
+ errortype="BER",
+ weightA<-as.numeric(args[1]),
+ weightB<-as.numeric(args[2]),
+ weightC<-as.numeric(args[3]),
+ weightD<-as.numeric(args[4]),
+ featweight.max=0.01,
+ featweight.min=0.01,
+ numfolds=10,
+ followerprob=as.numeric(args[6]),
+ confusionprob=as.numeric(args[7]),
+ leaderprob=as.numeric(args[8]),
+ wmax=1,
+ wmin=1,
+ behavior_reset_itr=5,
+ maxitrreset=3,
+ num_neighbors=3,
+ minselect.pct=0.5,
+ evalMode="CV2",
+ minfitnessthresh=50,
+ maxnum=as.numeric(args[10]),minnum=3,inertia_method=args[5],particlebehav_method="randbased",constriction_factor=1,
+ select.global.best=TRUE,numnodes=30,evalFunc=eval_fit_kfold_diff,itr.terminate=FALSE,train.pct=as.numeric(args[11])))
[1] "c1: 2.05"
[1] "c2: 2.05"
[1] "itr: 10"
[1] "globalpso_maxitr: 10"
[1] "global_max_itr: 3"
[1] "num_part: 20"
[1] "kname: radial"
[1] "errortype: BER"
[1] "weightA: 0.3"
[1] "weightB: 0.5"
[1] "weightC: 0.1"
[1] "weightD: 0.1"
[1] "featweight.max: 0.01"
[1] "featweight.min: 0.01"
[1] "numfolds: 10"
[1] "followerprob: 0.45"
[1] "confusionprob: 0.2"
[1] "leaderprob: 0.25"
[1] "wmax: 1"
[1] "wmin: 1"
[1] "behavior_reset_itr: 5"
[1] "maxitrreset: 3"
[1] "num_neighbors: 3"
[1] "minselect.pct: 0.5"
[1] "minfitnessthresh: 50"
[1] "maxnum: 3"
[1] "minnum: 3"
[1] "inertia_method: rankbased"
[1] "particlebehav_method: randbased"
[1] "constriction_factor: 1"
[1] "select.global.best: TRUE"
[1] "train 10 fold"
[1] 82.22222
[1] "here"
[1] "s"
[1] 63
[1] 90 40
[1] 10
[1] "learning sets: 1"
 [1] 48 17 10 19 33 52 77 81 79 18 90 40  5 84 50 46  4 71 22 75 24 39 11 41 61
[26] 49 36 56 15 14 72 69 23 21 78 29 86 88 43 27 35 74 20 83 76 85 51 58 37 54
[51] 44 13 73 12  1 67 80 62 53  2 45 26
[1] "Starting global iteration number : 1"
[1] "iteration number: "
[1] 1
[1] "Best fitness updated to:"
[1] -65.55194
[1] "Best solution:"
 [1] NA NA NA NA NA NA NA NA NA NA NA NA NA NA NA NA NA NA NA NA NA NA NA NA NA
[26] NA NA NA NA NA NA NA NA NA NA NA NA NA NA NA
[1] 0
[1] "iteration number: "
[1] 2
[1] "Best fitness updated to:"
[1] -66.6855
[1] "Best solution:"
 [1] 0 0 0 0 1 1 1 0 0 0 0 0 0 1 0 0 1 0 0 1 0 0 0 1 1 0 1 1 0 0 1 0 0 0 0 1 0 1
[39] 0 0
[1] 13
[1] "iteration number: "
[1] 3
[1] "Best fitness updated to:"
[1] -69.39941
[1] "Best solution:"
 [1] 1 0 1 0 0 1 0 1 1 0 1 0 0 1 1 1 1 1 0 1 0 1 1 0 0 0 1 0 0 1 1 0 0 0 0 1 1 0
[39] 0 1
[1] 20
[1] "iteration number: "
[1] 4
[1] "Best fitness updated to:"
[1] -73.12954
[1] "Best solution:"
 [1] 0 1 1 1 0 1 1 1 1 1 0 0 1 1 1 1 1 1 1 0 0 0 0 1 0 1 0 1 0 1 1 0 0 1 1 0 1 1
[39] 1 1
[1] 26
[1] "Minimum fitness threshold not reached after 4 iterations! Continuing PSO."
[1] "iteration number: "
[1] 5
[1] "Minimum fitness threshold not reached after 5 iterations! Continuing PSO."
[1] "iteration number: "
[1] 6
[1] "Minimum fitness threshold not reached after 6 iterations! Continuing PSO."
[1] "iteration number: "
[1] 7
[1] "Best fitness updated to:"
[1] -73.55654
[1] "Best solution:"
 [1] 1 1 1 1 0 0 0 1 1 0 1 0 1 0 1 1 0 0 0 0 1 1 1 0 1 0 0 0 0 1 1 0 1 1 0 0 1 1
[39] 1 1
[1] 22
[1] "Minimum fitness threshold not reached after 7 iterations! Continuing PSO."
[1] "iteration number: "
[1] 8
[1] "Minimum fitness threshold not reached after 8 iterations! Continuing PSO."
[1] "iteration number: "
[1] 9
[1] "Best fitness updated to:"
[1] -74.32742
[1] "Best solution:"
 [1] 1 1 1 1 0 1 0 1 1 0 1 0 0 1 1 1 1 1 1 0 1 1 1 0 1 0 0 0 0 1 1 0 0 0 1 0 1 0
[39] 1 1
[1] 24
[1] "Minimum fitness threshold not reached after 9 iterations! Continuing PSO."
[1] "iteration number: "
[1] 10
[1] "Minimum fitness threshold not reached after 10 iterations! Continuing PSO."
[1] "iteration number: "
[1] 11
[1] "Best fitness updated to:"
[1] -74.65476
[1] "Best solution:"
 [1] 1 1 1 1 0 1 0 1 0 0 1 1 0 0 1 1 1 0 0 0 1 1 1 0 1 1 0 0 0 1 1 0 0 0 0 0 0 1
[39] 1 1
[1] 21
[1] "Minimum fitness threshold not reached after 11 iterations! Continuing PSO."
[1] "iteration number: "
[1] 12
[1] "Best fitness updated to:"
[1] -77.46705
[1] "Best solution:"
 [1] 1 1 1 1 0 1 0 1 1 0 1 0 0 1 1 1 1 1 0 0 1 1 1 0 0 1 1 0 0 1 1 0 0 0 0 0 1 0
[39] 1 1
[1] 23
[1] "Minimum fitness threshold not reached after 12 iterations! Continuing PSO."
[1] "iteration number: "
[1] 13
[1] "Minimum fitness threshold not reached after 13 iterations! Continuing PSO."
[1] "iteration number: "
[1] 14
[1] "Best fitness updated to:"
[1] -79.25936
[1] "Best solution:"
 [1] 1 1 1 1 0 1 1 1 0 0 1 0 0 0 1 1 0 0 1 0 0 1 1 0 1 0 0 0 0 1 1 0 0 0 0 0 1 0
[39] 0 1
[1] 18
[1] "Minimum fitness threshold not reached after 14 iterations! Continuing PSO."
[1] "iteration number: "
[1] 15
[1] "Minimum fitness threshold not reached after 15 iterations! Continuing PSO."
[1] "iteration number: "
[1] 16
[1] "Minimum fitness threshold not reached after 16 iterations! Continuing PSO."
[1] "iteration number: "
[1] 17
[1] "Minimum fitness threshold not reached after 17 iterations! Continuing PSO."
[1] "iteration number: "
[1] 18
[1] "RE-INITIALIZING..."
[1] 1
[1] 3
[1] 40
 [1] 2 2 1 1 1 2 4 1 2 4 3 2 2 1 1 2 4 1 3 1
[1] "Minimum fitness threshold not reached after 18 iterations! Continuing PSO."
[1] "iteration number: "
[1] 19
[1] "Minimum fitness threshold not reached after 19 iterations! Continuing PSO."
[1] "iteration number: "
[1] 20
[1] "Minimum fitness threshold not reached after 20 iterations! Continuing PSO."
[1] "iteration number: "
[1] 21
[1] "Minimum fitness threshold not reached after 21 iterations! Continuing PSO."
[1] "iteration number: "
[1] 22
[1] "RE-INITIALIZING..."
[1] 2
[1] 3
[1] 40
 [1] 2 2 1 1 1 2 4 1 2 4 3 2 2 1 1 2 4 1 3 1
[1] "Minimum fitness threshold not reached after 22 iterations! Continuing PSO."
[1] "iteration number: "
[1] 23
[1] "Minimum fitness threshold not reached after 23 iterations! Continuing PSO."
[1] "iteration number: "
[1] 24
[1] "Minimum fitness threshold not reached after 24 iterations! Continuing PSO."
[1] "iteration number: "
[1] 25
[1] "Minimum fitness threshold not reached after 25 iterations! Continuing PSO."
[1] "iteration number: "
[1] 26
[1] "RE-INITIALIZING..."
[1] 3
[1] 3
[1] 38
 [1] 2 2 1 1 1 2 4 1 2 4 3 2 2 1 1 2 4 1 3 1
[1] "Minimum fitness threshold not reached after 26 iterations! Continuing PSO."
[1] "iteration number: "
[1] 27
[1] "Minimum fitness threshold not reached after 27 iterations! Continuing PSO."
[1] "iteration number: "
[1] 28
[1] "Minimum fitness threshold not reached after 28 iterations! Continuing PSO."
[1] "iteration number: "
[1] 29
[1] "Minimum fitness threshold not reached after 29 iterations! Continuing PSO."
[1] "iteration number: "
[1] 30
[1] "RE-INITIALIZING..."
[1] 4
[1] 3
[1] 37
 [1] 2 2 2 2 2 1 2 1 2 2 4 2 1 2 2 2 3 2 2 1
[1] "Minimum fitness threshold not reached after 30 iterations! Continuing PSO."
[1] "iteration number: "
[1] 31
[1] "Minimum fitness threshold not reached after 31 iterations! Continuing PSO."
[1] "iteration number: "
[1] 32
[1] "Minimum fitness threshold not reached after 32 iterations! Continuing PSO."
[1] "iteration number: "
[1] 33
[1] "Minimum fitness threshold not reached after 33 iterations! Continuing PSO."
[1] "iteration number: "
[1] 34
[1] "RE-INITIALIZING..."
[1] 5
[1] 3
[1] 39
 [1] 2 2 2 2 2 1 2 1 2 2 4 2 1 2 2 2 3 2 2 1
[1] "No change for 5 iterations. Exiting PSO."
 [1]  2  3  4  6  8 15 19 21 22 23 25 30 31 37 40
[1] 1
[1] "##################################"
[1] "Results summary for itr:1"
[1] "number of features selected using population mean"
[1] 17
[1] "number of features selected using current global best"
[1] 15
[1] "feat ind length"
[1] 15
[1] "best accuracy"
[1] 79.25936
[1] "test acc:0.964285714285714"
[1] "##################################"
[1] "learning sets: 2"
 [1] 30 46 48  7 61 51 35 86 73 71 28 40 24 87 56  1 90 11 60  2 59 13 19 68 62
[26] 79  8 75 70 34 31 88 81 64 69 16 23 72 52 63 83 66  3 50 42 80 33 43 22 77
[51] 78 41 58 47 36 45 89 29 26 15 39 44
[1] "Starting global iteration number : 2"
[1] "iteration number: "
[1] 1
[1] "Best fitness updated to:"
[1] -68.18293
[1] "Best solution:"
 [1] NA NA NA NA NA NA NA NA NA NA NA NA NA NA NA NA NA NA NA NA NA NA NA NA NA
[26] NA NA NA NA NA NA NA NA NA NA NA NA NA NA NA
[1] 0
[1] "iteration number: "
[1] 2
[1] "Best fitness updated to:"
[1] -69.84051
[1] "Best solution:"
 [1] 0 0 0 0 1 1 1 0 0 0 0 0 0 1 0 0 1 0 0 1 0 0 0 1 1 0 1 1 0 0 1 0 0 0 0 1 0 1
[39] 0 0
[1] 13
[1] "iteration number: "
[1] 3
[1] "Best fitness updated to:"
[1] -75.43158
[1] "Best solution:"
 [1] 0 1 1 1 1 0 1 1 0 1 0 0 0 1 0 1 0 0 1 0 1 1 0 1 0 1 0 0 0 0 0 0 0 0 0 0 1 0
[39] 0 1
[1] 16
[1] "iteration number: "
[1] 4
[1] "Best fitness updated to:"
[1] -76.42321
[1] "Best solution:"
 [1] 0 1 1 1 1 0 1 1 0 1 0 0 0 1 0 1 0 0 1 0 1 1 0 1 0 1 0 0 0 0 0 0 0 0 0 0 1 0
[39] 0 1
[1] 16
[1] "Minimum fitness threshold not reached after 4 iterations! Continuing PSO."
[1] "iteration number: "
[1] 5
[1] "Minimum fitness threshold not reached after 5 iterations! Continuing PSO."
[1] "iteration number: "
[1] 6
[1] "Minimum fitness threshold not reached after 6 iterations! Continuing PSO."
[1] "iteration number: "
[1] 7
[1] "Minimum fitness threshold not reached after 7 iterations! Continuing PSO."
[1] "iteration number: "
[1] 8
[1] "Best fitness updated to:"
[1] -77.65052
[1] "Best solution:"
 [1] 0 1 1 1 1 0 1 1 0 1 0 1 0 0 0 0 0 0 1 0 1 1 0 1 0 1 0 0 1 0 0 0 0 0 1 1 1 0
[39] 0 1
[1] 18
[1] "Minimum fitness threshold not reached after 8 iterations! Continuing PSO."
[1] "iteration number: "
[1] 9
[1] "Best fitness updated to:"
[1] -78.6092
[1] "Best solution:"
 [1] 1 1 0 0 0 0 0 0 0 0 1 0 0 0 0 0 0 0 1 0 1 1 1 0 0 0 1 0 0 0 0 0 0 1 0 0 0 0
[39] 0 1
[1] 10
[1] "Minimum fitness threshold not reached after 9 iterations! Continuing PSO."
[1] "iteration number: "
[1] 10
[1] "Minimum fitness threshold not reached after 10 iterations! Continuing PSO."
[1] "iteration number: "
[1] 11
[1] "Minimum fitness threshold not reached after 11 iterations! Continuing PSO."
[1] "iteration number: "
[1] 12
[1] "Best fitness updated to:"
[1] -78.90605
[1] "Best solution:"
 [1] 0 1 1 1 0 0 0 1 1 1 0 0 1 1 0 1 0 1 1 0 0 1 1 0 0 0 0 0 0 1 0 1 0 0 0 1 1 1
[39] 0 1
[1] 19
[1] "Minimum fitness threshold not reached after 12 iterations! Continuing PSO."
[1] "iteration number: "
[1] 13
[1] "Minimum fitness threshold not reached after 13 iterations! Continuing PSO."
[1] "iteration number: "
[1] 14
[1] "Minimum fitness threshold not reached after 14 iterations! Continuing PSO."
[1] "iteration number: "
[1] 15
[1] "Minimum fitness threshold not reached after 15 iterations! Continuing PSO."
[1] "iteration number: "
[1] 16
[1] "RE-INITIALIZING..."
[1] 1
[1] 3
[1] 38
 [1] 2 2 1 1 1 2 4 1 2 4 3 2 2 1 1 2 4 1 3 1
[1] "Minimum fitness threshold not reached after 16 iterations! Continuing PSO."
[1] "iteration number: "
[1] 17
[1] "Best fitness updated to:"
[1] -79.9719
[1] "Best solution:"
 [1] 0 1 1 1 1 0 0 1 0 1 0 0 1 0 0 1 0 0 1 0 1 1 0 0 0 1 0 0 0 0 0 0 0 1 1 0 1 0
[39] 0 1
[1] 16
[1] "Minimum fitness threshold not reached after 17 iterations! Continuing PSO."
[1] "iteration number: "
[1] 18
[1] "Minimum fitness threshold not reached after 18 iterations! Continuing PSO."
[1] "iteration number: "
[1] 19
[1] "Minimum fitness threshold not reached after 19 iterations! Continuing PSO."
[1] "iteration number: "
[1] 20
[1] "Minimum fitness threshold not reached after 20 iterations! Continuing PSO."
[1] "iteration number: "
[1] 21
[1] "RE-INITIALIZING..."
[1] 1
[1] 3
[1] 36
 [1] 2 2 1 1 1 2 4 1 2 4 3 2 2 1 1 2 4 1 3 1
[1] "Minimum fitness threshold not reached after 21 iterations! Continuing PSO."
[1] "iteration number: "
[1] 22
[1] "Best fitness updated to:"
[1] -81.80267
[1] "Best solution:"
 [1] 0 1 1 1 0 0 0 1 0 1 1 0 1 1 0 1 0 0 1 0 1 1 0 0 1 1 0 0 0 0 0 0 0 1 0 1 1 0
[39] 0 1
[1] 18
[1] "Minimum fitness threshold not reached after 22 iterations! Continuing PSO."
[1] "iteration number: "
[1] 23
[1] "Minimum fitness threshold not reached after 23 iterations! Continuing PSO."
[1] "iteration number: "
[1] 24
[1] "Minimum fitness threshold not reached after 24 iterations! Continuing PSO."
[1] "iteration number: "
[1] 25
[1] "Minimum fitness threshold not reached after 25 iterations! Continuing PSO."
[1] "iteration number: "
[1] 26
[1] "RE-INITIALIZING..."
[1] 1
[1] 3
[1] 35
 [1] 2 2 2 2 2 1 2 1 2 2 4 2 1 2 2 2 3 2 2 1
[1] "Minimum fitness threshold not reached after 26 iterations! Continuing PSO."
[1] "iteration number: "
[1] 27
[1] "Minimum fitness threshold not reached after 27 iterations! Continuing PSO."
[1] "iteration number: "
[1] 28
[1] "Minimum fitness threshold not reached after 28 iterations! Continuing PSO."
[1] "iteration number: "
[1] 29
[1] "Best fitness updated to:"
[1] -83.81549
[1] "Best solution:"
 [1] 1 1 1 1 0 0 0 1 0 1 1 0 1 1 1 1 0 0 1 0 1 1 0 1 0 1 0 0 0 0 0 0 0 1 0 1 1 0
[39] 0 1
[1] 20
[1] "Minimum fitness threshold not reached after 29 iterations! Continuing PSO."
[1] "iteration number: "
[1] 30
[1] "Minimum fitness threshold not reached after 30 iterations! Continuing PSO."
[1] "iteration number: "
[1] 31
[1] "Minimum fitness threshold not reached after 31 iterations! Continuing PSO."
[1] "iteration number: "
[1] 32
[1] "Minimum fitness threshold not reached after 32 iterations! Continuing PSO."
[1] "iteration number: "
[1] 33
[1] "RE-INITIALIZING..."
[1] 1
[1] 3
[1] 33
 [1] 1 1 3 4 2 2 2 2 2 3 3 3 1 2 1 3 3 3 4 2
[1] "Minimum fitness threshold not reached after 33 iterations! Continuing PSO."
[1] "iteration number: "
[1] 34
[1] "Minimum fitness threshold not reached after 34 iterations! Continuing PSO."
[1] "iteration number: "
[1] 35
[1] "Minimum fitness threshold not reached after 35 iterations! Continuing PSO."
[1] "iteration number: "
[1] 36
[1] "Minimum fitness threshold not reached after 36 iterations! Continuing PSO."
[1] "iteration number: "
[1] 37
[1] "RE-INITIALIZING..."
[1] 2
[1] 3
[1] 35
 [1] 2 2 2 2 2 1 2 1 2 2 4 2 1 2 2 2 3 2 2 1
[1] "Minimum fitness threshold not reached after 37 iterations! Continuing PSO."
[1] "iteration number: "
[1] 38
[1] "Best fitness updated to:"
[1] -83.84274
[1] "Best solution:"
 [1] 0 1 1 1 0 0 0 0 0 1 0 0 0 1 1 1 0 0 1 0 1 1 0 1 0 1 0 0 0 0 0 0 0 1 0 0 1 0
[39] 0 1
[1] 15
[1] "Minimum fitness threshold not reached after 38 iterations! Continuing PSO."
[1] "iteration number: "
[1] 39
[1] "Minimum fitness threshold not reached after 39 iterations! Continuing PSO."
[1] "iteration number: "
[1] 40
[1] "Minimum fitness threshold not reached after 40 iterations! Continuing PSO."
[1] "iteration number: "
[1] 41
[1] "Minimum fitness threshold not reached after 41 iterations! Continuing PSO."
[1] "iteration number: "
[1] 42
[1] "RE-INITIALIZING..."
[1] 1
[1] 3
[1] 31
 [1] 2 2 2 2 2 1 2 1 2 2 4 2 1 2 2 2 3 2 2 1
[1] "Minimum fitness threshold not reached after 42 iterations! Continuing PSO."
[1] "iteration number: "
[1] 43
[1] "Minimum fitness threshold not reached after 43 iterations! Continuing PSO."
[1] "iteration number: "
[1] 44
[1] "Minimum fitness threshold not reached after 44 iterations! Continuing PSO."
[1] "iteration number: "
[1] 45
[1] "Minimum fitness threshold not reached after 45 iterations! Continuing PSO."
[1] "iteration number: "
[1] 46
[1] "RE-INITIALIZING..."
[1] 2
[1] 3
[1] 31
 [1] 1 1 3 4 2 2 2 2 2 3 3 3 1 2 1 3 3 3 4 2
[1] "Minimum fitness threshold not reached after 46 iterations! Continuing PSO."
[1] "iteration number: "
[1] 47
[1] "Minimum fitness threshold not reached after 47 iterations! Continuing PSO."
[1] "iteration number: "
[1] 48
[1] "Minimum fitness threshold not reached after 48 iterations! Continuing PSO."
[1] "iteration number: "
[1] 49
[1] "Minimum fitness threshold not reached after 49 iterations! Continuing PSO."
[1] "iteration number: "
[1] 50
[1] "RE-INITIALIZING..."
[1] 3
[1] 3
[1] 30
 [1] 2 2 2 2 2 1 2 1 2 2 4 2 1 2 2 2 3 2 2 1
[1] "Minimum fitness threshold not reached after 50 iterations! Continuing PSO."
[1] "iteration number: "
[1] 51
[1] "Best fitness updated to:"
[1] -85.00969
[1] "Best solution:"
 [1] 0 1 1 1 0 0 0 0 0 1 0 0 0 1 0 1 0 0 1 0 1 1 0 1 0 1 1 0 0 0 0 0 0 1 0 0 1 0
[39] 0 1
[1] 15
[1] "Minimum fitness threshold not reached after 51 iterations! Continuing PSO."
[1] "iteration number: "
[1] 52
[1] "Minimum fitness threshold not reached after 52 iterations! Continuing PSO."
[1] "iteration number: "
[1] 53
[1] "Minimum fitness threshold not reached after 53 iterations! Continuing PSO."
[1] "iteration number: "
[1] 54
[1] "Minimum fitness threshold not reached after 54 iterations! Continuing PSO."
[1] "iteration number: "
[1] 55
[1] "RE-INITIALIZING..."
[1] 1
[1] 3
[1] 31
 [1] 1 1 3 4 2 2 2 2 2 3 3 3 1 2 1 3 3 3 4 2
[1] "Minimum fitness threshold not reached after 55 iterations! Continuing PSO."
[1] "iteration number: "
[1] 56
[1] "Minimum fitness threshold not reached after 56 iterations! Continuing PSO."
[1] "iteration number: "
[1] 57
[1] "Minimum fitness threshold not reached after 57 iterations! Continuing PSO."
[1] "iteration number: "
[1] 58
[1] "Minimum fitness threshold not reached after 58 iterations! Continuing PSO."
[1] "iteration number: "
[1] 59
[1] "RE-INITIALIZING..."
[1] 2
[1] 3
[1] 29
 [1] 1 1 3 4 2 2 2 2 2 3 3 3 1 2 1 3 3 3 4 4
[1] "Minimum fitness threshold not reached after 59 iterations! Continuing PSO."
[1] "iteration number: "
[1] 60
[1] "Minimum fitness threshold not reached after 60 iterations! Continuing PSO."
[1] "iteration number: "
[1] 61
[1] "Minimum fitness threshold not reached after 61 iterations! Continuing PSO."
[1] "iteration number: "
[1] 62
[1] "Minimum fitness threshold not reached after 62 iterations! Continuing PSO."
[1] "iteration number: "
[1] 63
[1] "RE-INITIALIZING..."
[1] 3
[1] 3
[1] 27
 [1] 2 2 2 2 2 1 2 1 2 2 4 2 1 2 2 2 3 2 2 1
[1] "Minimum fitness threshold not reached after 63 iterations! Continuing PSO."
[1] "iteration number: "
[1] 64
[1] "Minimum fitness threshold not reached after 64 iterations! Continuing PSO."
[1] "iteration number: "
[1] 65
[1] "Minimum fitness threshold not reached after 65 iterations! Continuing PSO."
[1] "iteration number: "
[1] 66
[1] "Minimum fitness threshold not reached after 66 iterations! Continuing PSO."
[1] "iteration number: "
[1] 67
[1] "RE-INITIALIZING..."
[1] 4
[1] 3
[1] 26
 [1] 2 2 2 2 2 1 2 1 2 2 4 2 1 2 2 2 3 2 2 1
[1] "Minimum fitness threshold not reached after 67 iterations! Continuing PSO."
[1] "iteration number: "
[1] 68
[1] "Minimum fitness threshold not reached after 68 iterations! Continuing PSO."
[1] "iteration number: "
[1] 69
[1] "Minimum fitness threshold not reached after 69 iterations! Continuing PSO."
[1] "iteration number: "
[1] 70
[1] "Minimum fitness threshold not reached after 70 iterations! Continuing PSO."
[1] "iteration number: "
[1] 71
[1] "RE-INITIALIZING..."
[1] 5
[1] 3
[1] 26
 [1] 2 2 2 2 2 1 2 1 2 2 4 2 1 2 2 2 3 2 2 1
[1] "No change for 5 iterations. Exiting PSO."
 [1]  2  3  4 10 14 15 16 19 21 22 24 26 34 36 37 40
[1] 2
[1] "##################################"
[1] "Results summary for itr:2"
[1] "number of features selected using population mean"
[1] 11
[1] "number of features selected using current global best"
[1] 16
[1] "feat ind length"
[1] 16
[1] "best accuracy"
[1] 85.00969
[1] "test acc:1"
[1] "##################################"
[1] "learning sets: 3"
 [1] 63 10 13 61 78 88 68 70 40 16 67 56 27  8 25 22 89 87 18 43 53 73 79 44  5
[26] 50 21 15 52 83 48 14 84 60 20 69 37 11  4 71 41  7 45 82 64 34 19 42 29 31
[51] 24 33 62 90 49 30 74 72  9 46 65 86
[1] "Starting global iteration number : 3"
[1] "iteration number: "
[1] 1
[1] "Best fitness updated to:"
[1] -67.33355
[1] "Best solution:"
 [1] NA NA NA NA NA NA NA NA NA NA NA NA NA NA NA NA NA NA NA NA NA NA NA NA NA
[26] NA NA NA NA NA NA NA NA NA NA NA NA NA NA NA
[1] 0
[1] "iteration number: "
[1] 2
[1] "iteration number: "
[1] 3
[1] "Best fitness updated to:"
[1] -71.2493
[1] "Best solution:"
 [1] 0 1 1 0 1 1 1 1 0 0 1 0 0 1 1 1 1 1 0 1 1 1 0 1 1 1 1 1 0 1 1 0 0 1 1 0 0 1
[39] 1 1
[1] 27
[1] "iteration number: "
[1] 4
[1] "Best fitness updated to:"
[1] -73.33061
[1] "Best solution:"
 [1] 1 1 1 1 1 1 1 1 1 1 1 0 1 0 1 0 1 1 1 1 1 1 0 0 1 1 0 0 1 1 1 0 1 1 1 1 1 1
[39] 1 0
[1] 31
[1] "Minimum fitness threshold not reached after 4 iterations! Continuing PSO."
[1] "iteration number: "
[1] 5
[1] "Minimum fitness threshold not reached after 5 iterations! Continuing PSO."
[1] "iteration number: "
[1] 6
[1] "Minimum fitness threshold not reached after 6 iterations! Continuing PSO."
[1] "iteration number: "
[1] 7
[1] "Minimum fitness threshold not reached after 7 iterations! Continuing PSO."
[1] "iteration number: "
[1] 8
[1] "RE-INITIALIZING..."
[1] 1
[1] 3
[1] 40
 [1] 1 1 3 4 2 2 2 2 2 3 3 3 1 2 1 3 3 3 4 2
[1] "Minimum fitness threshold not reached after 8 iterations! Continuing PSO."
[1] "iteration number: "
[1] 9
[1] "Minimum fitness threshold not reached after 9 iterations! Continuing PSO."
[1] "iteration number: "
[1] 10
[1] "Minimum fitness threshold not reached after 10 iterations! Continuing PSO."
[1] "iteration number: "
[1] 11
[1] "Minimum fitness threshold not reached after 11 iterations! Continuing PSO."
[1] "iteration number: "
[1] 12
[1] "RE-INITIALIZING..."
[1] 2
[1] 3
[1] 40
 [1] 2 2 2 2 2 1 2 1 2 2 4 2 1 2 2 2 3 2 2 1
[1] "Minimum fitness threshold not reached after 12 iterations! Continuing PSO."
[1] "iteration number: "
[1] 13
[1] "Minimum fitness threshold not reached after 13 iterations! Continuing PSO."
[1] "iteration number: "
[1] 14
[1] "Minimum fitness threshold not reached after 14 iterations! Continuing PSO."
[1] "iteration number: "
[1] 15
[1] "Minimum fitness threshold not reached after 15 iterations! Continuing PSO."
[1] "iteration number: "
[1] 16
[1] "Best fitness updated to:"
[1] -74.00297
[1] "Best solution:"
 [1] 1 1 1 0 1 1 0 1 1 1 0 1 1 0 1 0 1 0 1 1 1 1 1 1 1 1 1 0 1 0 0 1 1 1 1 1 1 1
[39] 1 1
[1] 31
[1] "Minimum fitness threshold not reached after 16 iterations! Continuing PSO."
[1] "iteration number: "
[1] 17
[1] "Minimum fitness threshold not reached after 17 iterations! Continuing PSO."
[1] "iteration number: "
[1] 18
[1] "Minimum fitness threshold not reached after 18 iterations! Continuing PSO."
[1] "iteration number: "
[1] 19
[1] "Minimum fitness threshold not reached after 19 iterations! Continuing PSO."
[1] "iteration number: "
[1] 20
[1] "RE-INITIALIZING..."
[1] 1
[1] 3
[1] 40
 [1] 2 3 2 2 2 2 3 2 3 3 2 2 2 2 3 2 3 1 4 3
[1] "Minimum fitness threshold not reached after 20 iterations! Continuing PSO."
[1] "iteration number: "
[1] 21
[1] "Minimum fitness threshold not reached after 21 iterations! Continuing PSO."
[1] "iteration number: "
[1] 22
[1] "Minimum fitness threshold not reached after 22 iterations! Continuing PSO."
[1] "iteration number: "
[1] 23
[1] "Best fitness updated to:"
[1] -75.10007
[1] "Best solution:"
 [1] 1 1 1 1 1 1 0 1 1 1 0 1 1 1 1 0 1 1 1 0 1 1 1 1 0 1 0 1 1 0 0 1 1 0 1 1 1 0
[39] 1 1
[1] 30
[1] "Minimum fitness threshold not reached after 23 iterations! Continuing PSO."
[1] "iteration number: "
[1] 24
[1] "Minimum fitness threshold not reached after 24 iterations! Continuing PSO."
[1] "iteration number: "
[1] 25
[1] "Minimum fitness threshold not reached after 25 iterations! Continuing PSO."
[1] "iteration number: "
[1] 26
[1] "Best fitness updated to:"
[1] -75.93219
[1] "Best solution:"
 [1] 1 1 1 1 1 1 0 1 1 1 0 1 1 1 1 1 1 1 1 1 1 1 1 1 0 1 1 1 1 0 0 1 1 1 1 1 1 1
[39] 1 1
[1] 35
[1] "Minimum fitness threshold not reached after 26 iterations! Continuing PSO."
[1] "iteration number: "
[1] 27
[1] "Minimum fitness threshold not reached after 27 iterations! Continuing PSO."
[1] "iteration number: "
[1] 28
[1] "Minimum fitness threshold not reached after 28 iterations! Continuing PSO."
[1] "iteration number: "
[1] 29
[1] "Minimum fitness threshold not reached after 29 iterations! Continuing PSO."
[1] "iteration number: "
[1] 30
[1] "RE-INITIALIZING..."
[1] 1
[1] 3
[1] 40
 [1] 2 2 2 2 2 1 2 1 2 2 4 2 1 2 2 2 3 2 2 1
[1] "Minimum fitness threshold not reached after 30 iterations! Continuing PSO."
[1] "iteration number: "
[1] 31
[1] "Minimum fitness threshold not reached after 31 iterations! Continuing PSO."
[1] "iteration number: "
[1] 32
[1] "Minimum fitness threshold not reached after 32 iterations! Continuing PSO."
[1] "iteration number: "
[1] 33
[1] "Minimum fitness threshold not reached after 33 iterations! Continuing PSO."
[1] "iteration number: "
[1] 34
[1] "RE-INITIALIZING..."
[1] 2
[1] 3
[1] 37
 [1] 2 2 2 2 2 1 2 1 2 2 4 2 1 2 2 2 3 2 2 4
[1] "Minimum fitness threshold not reached after 34 iterations! Continuing PSO."
[1] "iteration number: "
[1] 35
[1] "Minimum fitness threshold not reached after 35 iterations! Continuing PSO."
[1] "iteration number: "
[1] 36
[1] "Minimum fitness threshold not reached after 36 iterations! Continuing PSO."
[1] "iteration number: "
[1] 37
[1] "Minimum fitness threshold not reached after 37 iterations! Continuing PSO."
[1] "iteration number: "
[1] 38
[1] "RE-INITIALIZING..."
[1] 3
[1] 3
[1] 37
 [1] 1 1 3 4 2 2 2 2 2 3 3 3 1 2 1 3 3 3 4 2
[1] "Minimum fitness threshold not reached after 38 iterations! Continuing PSO."
[1] "iteration number: "
[1] 39
[1] "Minimum fitness threshold not reached after 39 iterations! Continuing PSO."
[1] "iteration number: "
[1] 40
[1] "Minimum fitness threshold not reached after 40 iterations! Continuing PSO."
[1] "iteration number: "
[1] 41
[1] "Minimum fitness threshold not reached after 41 iterations! Continuing PSO."
[1] "iteration number: "
[1] 42
[1] "RE-INITIALIZING..."
[1] 4
[1] 3
[1] 37
 [1] 2 2 2 2 2 1 2 1 2 2 4 2 1 2 2 2 3 2 2 1
[1] "Minimum fitness threshold not reached after 42 iterations! Continuing PSO."
[1] "iteration number: "
[1] 43
[1] "Minimum fitness threshold not reached after 43 iterations! Continuing PSO."
[1] "iteration number: "
[1] 44
[1] "Minimum fitness threshold not reached after 44 iterations! Continuing PSO."
[1] "iteration number: "
[1] 45
[1] "Minimum fitness threshold not reached after 45 iterations! Continuing PSO."
[1] "iteration number: "
[1] 46
[1] "RE-INITIALIZING..."
[1] 5
[1] 3
[1] 37
 [1] 2 2 2 2 2 1 2 1 2 2 4 2 1 2 2 2 3 2 2 1
[1] "No change for 5 iterations. Exiting PSO."
 [1]  1  2  3  4  5 10 23 29 34 35
[1] 3
[1] "##################################"
[1] "Results summary for itr:3"
[1] "number of features selected using population mean"
[1] 14
[1] "number of features selected using current global best"
[1] 10
[1] "feat ind length"
[1] 10
[1] "best accuracy"
[1] 75.93219
[1] "test acc:0.892857142857143"
[1] "##################################"
[1] "learning sets: 4"
 [1] 52 84 87 36 70 33 11 78 34 57 75 27 80 65 30 48 69 77 90 88 79 73  8 35 83
[26] 72 21 32 53 74 55 46 45 19  9 47 62 38 82 40 59 81 22 42 41 25 58 63 54 89
[51] 14 37  3 50 18 15  4 68 56 23 49 67
[1] "Starting global iteration number : 4"
[1] "iteration number: "
[1] 1
[1] "Best fitness updated to:"
[1] -64.00636
[1] "Best solution:"
 [1] NA NA NA NA NA NA NA NA NA NA NA NA NA NA NA NA NA NA NA NA NA NA NA NA NA
[26] NA NA NA NA NA NA NA NA NA NA NA NA NA NA NA
[1] 0
[1] "iteration number: "
[1] 2
[1] "Best fitness updated to:"
[1] -64.53415
[1] "Best solution:"
 [1] 0 0 0 0 1 1 1 0 0 0 0 0 0 1 0 0 1 0 0 1 0 0 0 1 1 0 1 1 0 0 1 0 0 0 0 1 0 1
[39] 0 0
[1] 13
[1] "iteration number: "
[1] 3
[1] "Best fitness updated to:"
[1] -73.69254
[1] "Best solution:"
 [1] 0 1 0 0 1 1 0 0 1 1 0 0 1 0 0 0 1 1 0 0 0 0 0 0 1 0 0 0 0 1 0 1 1 0 1 0 1 0
[39] 0 1
[1] 15
[1] "iteration number: "
[1] 4
[1] "Minimum fitness threshold not reached after 4 iterations! Continuing PSO."
[1] "iteration number: "
[1] 5
[1] "Minimum fitness threshold not reached after 5 iterations! Continuing PSO."
[1] "iteration number: "
[1] 6
[1] "Minimum fitness threshold not reached after 6 iterations! Continuing PSO."
[1] "iteration number: "
[1] 7
[1] "RE-INITIALIZING..."
[1] 1
[1] 3
[1] 40
 [1] 1 1 3 4 2 2 2 2 2 3 3 3 1 2 1 3 3 3 4 2
[1] "Minimum fitness threshold not reached after 7 iterations! Continuing PSO."
[1] "iteration number: "
[1] 8
[1] "Minimum fitness threshold not reached after 8 iterations! Continuing PSO."
[1] "iteration number: "
[1] 9
[1] "Minimum fitness threshold not reached after 9 iterations! Continuing PSO."
[1] "iteration number: "
[1] 10
[1] "Minimum fitness threshold not reached after 10 iterations! Continuing PSO."
[1] "iteration number: "
[1] 11
[1] "Best fitness updated to:"
[1] -74.45143
[1] "Best solution:"
 [1] 1 1 1 0 0 0 1 0 1 0 0 0 0 0 0 0 0 0 1 0 0 0 0 0 1 0 1 0 0 0 0 1 0 1 0 0 0 1
[39] 0 0
[1] 11
[1] "Minimum fitness threshold not reached after 11 iterations! Continuing PSO."
[1] "iteration number: "
[1] 12
[1] "Minimum fitness threshold not reached after 12 iterations! Continuing PSO."
[1] "iteration number: "
[1] 13
[1] "Minimum fitness threshold not reached after 13 iterations! Continuing PSO."
[1] "iteration number: "
[1] 14
[1] "Minimum fitness threshold not reached after 14 iterations! Continuing PSO."
[1] "iteration number: "
[1] 15
[1] "Best fitness updated to:"
[1] -76.18383
[1] "Best solution:"
 [1] 0 0 1 1 1 1 0 1 0 1 1 0 0 0 1 0 1 0 0 0 1 1 0 0 1 1 0 0 1 1 1 0 1 1 0 1 0 1
[39] 1 0
[1] 21
[1] "Minimum fitness threshold not reached after 15 iterations! Continuing PSO."
[1] "iteration number: "
[1] 16
[1] "Minimum fitness threshold not reached after 16 iterations! Continuing PSO."
[1] "iteration number: "
[1] 17
[1] "Minimum fitness threshold not reached after 17 iterations! Continuing PSO."
[1] "iteration number: "
[1] 18
[1] "Minimum fitness threshold not reached after 18 iterations! Continuing PSO."
[1] "iteration number: "
[1] 19
[1] "RE-INITIALIZING..."
[1] 1
[1] 3
[1] 40
 [1] 2 2 2 2 2 1 2 1 2 2 4 2 1 2 2 2 3 2 2 1
[1] "Minimum fitness threshold not reached after 19 iterations! Continuing PSO."
[1] "iteration number: "
[1] 20
[1] "Minimum fitness threshold not reached after 20 iterations! Continuing PSO."
[1] "iteration number: "
[1] 21
[1] "Minimum fitness threshold not reached after 21 iterations! Continuing PSO."
[1] "iteration number: "
[1] 22
[1] "Minimum fitness threshold not reached after 22 iterations! Continuing PSO."
[1] "iteration number: "
[1] 23
[1] "RE-INITIALIZING..."
[1] 2
[1] 3
[1] 40
 [1] 1 1 3 4 2 2 2 2 2 3 3 3 1 2 1 3 3 3 4 2
[1] "Minimum fitness threshold not reached after 23 iterations! Continuing PSO."
[1] "iteration number: "
[1] 24
[1] "Minimum fitness threshold not reached after 24 iterations! Continuing PSO."
[1] "iteration number: "
[1] 25
[1] "Minimum fitness threshold not reached after 25 iterations! Continuing PSO."
[1] "iteration number: "
[1] 26
[1] "Best fitness updated to:"
[1] -76.2889
[1] "Best solution:"
 [1] 1 1 1 1 1 1 0 1 0 1 1 0 1 0 1 0 0 1 1 1 1 1 0 0 1 1 0 0 1 1 1 0 1 0 1 1 0 1
[39] 1 0
[1] 26
[1] "Minimum fitness threshold not reached after 26 iterations! Continuing PSO."
[1] "iteration number: "
[1] 27
[1] "Best fitness updated to:"
[1] -76.56717
[1] "Best solution:"
 [1] 1 1 1 0 0 0 0 0 0 1 0 0 1 0 0 0 0 0 0 0 0 1 1 0 0 0 1 0 0 0 1 0 0 1 0 0 0 0
[39] 0 0
[1] 10
[1] "Minimum fitness threshold not reached after 27 iterations! Continuing PSO."
[1] "iteration number: "
[1] 28
[1] "Minimum fitness threshold not reached after 28 iterations! Continuing PSO."
[1] "iteration number: "
[1] 29
[1] "Minimum fitness threshold not reached after 29 iterations! Continuing PSO."
[1] "iteration number: "
[1] 30
[1] "Minimum fitness threshold not reached after 30 iterations! Continuing PSO."
[1] "iteration number: "
[1] 31
[1] "RE-INITIALIZING..."
[1] 1
[1] 3
[1] 39
 [1] 2 2 2 2 2 1 2 1 2 2 4 2 1 2 2 2 3 2 2 1
[1] "Minimum fitness threshold not reached after 31 iterations! Continuing PSO."
[1] "iteration number: "
[1] 32
[1] "Best fitness updated to:"
[1] -76.57995
[1] "Best solution:"
 [1] 1 1 1 1 1 1 0 1 1 1 1 0 0 0 1 0 0 1 1 1 1 0 0 0 1 1 0 0 1 1 1 0 1 0 1 1 1 1
[39] 1 0
[1] 26
[1] "Minimum fitness threshold not reached after 32 iterations! Continuing PSO."
[1] "iteration number: "
[1] 33
[1] "Minimum fitness threshold not reached after 33 iterations! Continuing PSO."
[1] "iteration number: "
[1] 34
[1] "Minimum fitness threshold not reached after 34 iterations! Continuing PSO."
[1] "iteration number: "
[1] 35
[1] "Minimum fitness threshold not reached after 35 iterations! Continuing PSO."
[1] "iteration number: "
[1] 36
[1] "RE-INITIALIZING..."
[1] 1
[1] 3
[1] 39
 [1] 1 1 3 4 2 2 2 2 2 3 3 3 1 2 1 3 3 3 4 2
[1] "Minimum fitness threshold not reached after 36 iterations! Continuing PSO."
[1] "iteration number: "
[1] 37
[1] "Best fitness updated to:"
[1] -77.70577
[1] "Best solution:"
 [1] 1 1 1 1 1 1 0 1 1 1 1 0 1 0 1 0 0 0 1 1 1 0 0 0 1 1 0 0 1 1 1 0 1 0 1 1 1 0
[39] 1 0
[1] 25
[1] "Minimum fitness threshold not reached after 37 iterations! Continuing PSO."
[1] "iteration number: "
[1] 38
[1] "Minimum fitness threshold not reached after 38 iterations! Continuing PSO."
[1] "iteration number: "
[1] 39
[1] "Minimum fitness threshold not reached after 39 iterations! Continuing PSO."
[1] "iteration number: "
[1] 40
[1] "Minimum fitness threshold not reached after 40 iterations! Continuing PSO."
[1] "iteration number: "
[1] 41
[1] "RE-INITIALIZING..."
[1] 1
[1] 3
[1] 39
 [1] 2 2 2 2 2 1 2 1 2 2 4 2 1 2 2 2 3 2 2 1
[1] "Minimum fitness threshold not reached after 41 iterations! Continuing PSO."
[1] "iteration number: "
[1] 42
[1] "Minimum fitness threshold not reached after 42 iterations! Continuing PSO."
[1] "iteration number: "
[1] 43
[1] "Minimum fitness threshold not reached after 43 iterations! Continuing PSO."
[1] "iteration number: "
[1] 44
[1] "Minimum fitness threshold not reached after 44 iterations! Continuing PSO."
[1] "iteration number: "
[1] 45
[1] "RE-INITIALIZING..."
[1] 2
[1] 3
[1] 39
 [1] 1 1 3 4 2 2 2 2 2 3 3 3 1 2 1 3 3 3 4 2
[1] "Minimum fitness threshold not reached after 45 iterations! Continuing PSO."
[1] "iteration number: "
[1] 46
[1] "Minimum fitness threshold not reached after 46 iterations! Continuing PSO."
[1] "iteration number: "
[1] 47
[1] "Best fitness updated to:"
[1] -78.54857
[1] "Best solution:"
 [1] 1 1 1 1 1 1 0 1 1 1 1 0 0 0 1 0 0 1 1 1 1 0 0 0 1 1 0 0 1 1 1 0 1 0 1 0 1 1
[39] 1 0
[1] 25
[1] "Minimum fitness threshold not reached after 47 iterations! Continuing PSO."
[1] "iteration number: "
[1] 48
[1] "Minimum fitness threshold not reached after 48 iterations! Continuing PSO."
[1] "iteration number: "
[1] 49
[1] "Minimum fitness threshold not reached after 49 iterations! Continuing PSO."
[1] "iteration number: "
[1] 50
[1] "Minimum fitness threshold not reached after 50 iterations! Continuing PSO."
[1] "iteration number: "
[1] 51
[1] "RE-INITIALIZING..."
[1] 1
[1] 3
[1] 40
 [1] 2 3 2 2 2 2 3 2 3 3 2 2 2 2 3 2 3 1 4 3
[1] "Minimum fitness threshold not reached after 51 iterations! Continuing PSO."
[1] "iteration number: "
[1] 52
[1] "Minimum fitness threshold not reached after 52 iterations! Continuing PSO."
[1] "iteration number: "
[1] 53
[1] "Minimum fitness threshold not reached after 53 iterations! Continuing PSO."
[1] "iteration number: "
[1] 54
[1] "Minimum fitness threshold not reached after 54 iterations! Continuing PSO."
[1] "iteration number: "
[1] 55
[1] "RE-INITIALIZING..."
[1] 2
[1] 3
[1] 40
 [1] 2 2 1 1 1 2 4 1 2 4 3 2 2 1 1 2 4 1 3 1
[1] "Minimum fitness threshold not reached after 55 iterations! Continuing PSO."
[1] "iteration number: "
[1] 56
[1] "Minimum fitness threshold not reached after 56 iterations! Continuing PSO."
[1] "iteration number: "
[1] 57
[1] "Minimum fitness threshold not reached after 57 iterations! Continuing PSO."
[1] "iteration number: "
[1] 58
[1] "Minimum fitness threshold not reached after 58 iterations! Continuing PSO."
[1] "iteration number: "
[1] 59
[1] "RE-INITIALIZING..."
[1] 3
[1] 3
[1] 40
 [1] 2 2 1 1 1 2 4 1 2 4 3 2 2 1 1 2 4 1 3 3
[1] "Minimum fitness threshold not reached after 59 iterations! Continuing PSO."
[1] "iteration number: "
[1] 60
[1] "Minimum fitness threshold not reached after 60 iterations! Continuing PSO."
[1] "iteration number: "
[1] 61
[1] "Minimum fitness threshold not reached after 61 iterations! Continuing PSO."
[1] "iteration number: "
[1] 62
[1] "Minimum fitness threshold not reached after 62 iterations! Continuing PSO."
[1] "iteration number: "
[1] 63
[1] "RE-INITIALIZING..."
[1] 4
[1] 3
[1] 37
 [1] 2 2 1 1 1 2 4 1 2 4 3 2 2 1 1 2 4 1 3 1
[1] "Minimum fitness threshold not reached after 63 iterations! Continuing PSO."
[1] "iteration number: "
[1] 64
[1] "Minimum fitness threshold not reached after 64 iterations! Continuing PSO."
[1] "iteration number: "
[1] 65
[1] "Minimum fitness threshold not reached after 65 iterations! Continuing PSO."
[1] "iteration number: "
[1] 66
[1] "Minimum fitness threshold not reached after 66 iterations! Continuing PSO."
[1] "iteration number: "
[1] 67
[1] "RE-INITIALIZING..."
[1] 5
[1] 3
[1] 38
 [1] 2 2 2 2 2 1 2 1 2 2 4 2 1 2 2 2 3 2 2 1
[1] "No change for 5 iterations. Exiting PSO."
 [1]  1  2  3  4  5  6  8  9 10 15 18 19 20 21 25 26 29 30 31 33 35 36 37 38 39
[1] 4
[1] "##################################"
[1] "Results summary for itr:4"
[1] "number of features selected using population mean"
[1] 10
[1] "number of features selected using current global best"
[1] 25
[1] "feat ind length"
[1] 25
[1] "best accuracy"
[1] 78.54857
[1] "test acc:0.928571428571429"
[1] "##################################"
[1] "learning sets: 5"
 [1]  6 10 42 70 56 15 16 24 80 36 86  2 66 73 84 28 17 30 69 62 32 46 52 63 22
[26] 77 41 14 40 38  8 34 20 37 89 43 78 65 12 85 59 35 87  5 25 26 90 18 31 29
[51] 61 33 75 55 19 54 49  3 83 58 64 53
[1] "Starting global iteration number : 5"
[1] "iteration number: "
[1] 1
[1] "Best fitness updated to:"
[1] -63.16249
[1] "Best solution:"
 [1] NA NA NA NA NA NA NA NA NA NA NA NA NA NA NA NA NA NA NA NA NA NA NA NA NA
[26] NA NA NA NA NA NA NA NA NA NA NA NA NA NA NA
[1] 0
[1] "iteration number: "
[1] 2
[1] "Best fitness updated to:"
[1] -65.24144
[1] "Best solution:"
 [1] 0 0 0 0 1 1 1 0 0 0 0 0 0 1 0 0 1 0 0 1 0 0 0 1 1 0 1 1 0 0 1 0 0 0 0 1 0 1
[39] 0 0
[1] 13
[1] "iteration number: "
[1] 3
[1] "Best fitness updated to:"
[1] -70.75826
[1] "Best solution:"
 [1] 1 0 1 0 0 1 0 1 1 0 1 0 0 1 1 1 1 1 0 1 0 1 1 0 0 0 1 0 0 1 1 0 0 0 0 1 1 0
[39] 0 1
[1] 20
[1] "iteration number: "
[1] 4
[1] "Best fitness updated to:"
[1] -74.13266
[1] "Best solution:"
 [1] 1 1 1 1 1 1 1 1 1 1 1 0 1 0 1 0 1 1 1 1 1 1 0 0 1 1 0 0 1 1 1 0 1 1 1 1 1 1
[39] 1 0
[1] 31
[1] "Minimum fitness threshold not reached after 4 iterations! Continuing PSO."
[1] "iteration number: "
[1] 5
[1] "Minimum fitness threshold not reached after 5 iterations! Continuing PSO."
[1] "iteration number: "
[1] 6
[1] "Best fitness updated to:"
[1] -74.24924
[1] "Best solution:"
 [1] 0 1 0 1 0 0 1 1 1 0 0 0 1 0 1 1 0 1 0 0 1 1 1 0 1 0 0 0 0 1 0 1 1 1 0 0 0 1
[39] 1 0
[1] 19
[1] "Minimum fitness threshold not reached after 6 iterations! Continuing PSO."
[1] "iteration number: "
[1] 7
[1] "Best fitness updated to:"
[1] -75.66599
[1] "Best solution:"
 [1] 1 1 1 1 1 1 1 1 1 0 0 1 0 0 1 0 0 0 1 0 1 1 0 1 1 1 0 0 0 0 0 0 0 0 0 1 1 1
[39] 0 0
[1] 20
[1] "Minimum fitness threshold not reached after 7 iterations! Continuing PSO."
[1] "iteration number: "
[1] 8
[1] "Minimum fitness threshold not reached after 8 iterations! Continuing PSO."
[1] "iteration number: "
[1] 9
[1] "Best fitness updated to:"
[1] -75.78205
[1] "Best solution:"
 [1] 1 1 1 1 1 1 1 1 1 0 0 1 0 0 1 1 0 0 1 0 1 1 0 1 0 1 0 1 0 0 0 0 0 0 0 1 1 0
[39] 1 0
[1] 21
[1] "Minimum fitness threshold not reached after 9 iterations! Continuing PSO."
[1] "iteration number: "
[1] 10
[1] "Best fitness updated to:"
[1] -78.23424
[1] "Best solution:"
 [1] 0 1 1 1 1 1 1 1 1 0 0 0 0 0 1 1 0 0 1 0 1 1 0 1 0 1 0 1 0 0 0 0 0 0 0 1 1 0
[39] 1 1
[1] 20
[1] "Minimum fitness threshold not reached after 10 iterations! Continuing PSO."
[1] "iteration number: "
[1] 11
[1] "Minimum fitness threshold not reached after 11 iterations! Continuing PSO."
[1] "iteration number: "
[1] 12
[1] "Minimum fitness threshold not reached after 12 iterations! Continuing PSO."
[1] "iteration number: "
[1] 13
[1] "Minimum fitness threshold not reached after 13 iterations! Continuing PSO."
[1] "iteration number: "
[1] 14
[1] "Best fitness updated to:"
[1] -79.24554
[1] "Best solution:"
 [1] 1 1 1 1 1 1 1 1 1 0 0 1 0 0 1 1 0 0 1 0 1 1 0 1 1 0 0 1 0 0 0 0 0 0 0 1 1 0
[39] 1 1
[1] 22
[1] "Minimum fitness threshold not reached after 14 iterations! Continuing PSO."
[1] "iteration number: "
[1] 15
[1] "Minimum fitness threshold not reached after 15 iterations! Continuing PSO."
[1] "iteration number: "
[1] 16
[1] "Minimum fitness threshold not reached after 16 iterations! Continuing PSO."
[1] "iteration number: "
[1] 17
[1] "Minimum fitness threshold not reached after 17 iterations! Continuing PSO."
[1] "iteration number: "
[1] 18
[1] "RE-INITIALIZING..."
[1] 1
[1] 3
[1] 39
 [1] 2 2 1 1 1 2 4 1 2 4 3 2 2 1 1 2 4 1 3 1
[1] "Minimum fitness threshold not reached after 18 iterations! Continuing PSO."
[1] "iteration number: "
[1] 19
[1] "Minimum fitness threshold not reached after 19 iterations! Continuing PSO."
[1] "iteration number: "
[1] 20
[1] "Minimum fitness threshold not reached after 20 iterations! Continuing PSO."
[1] "iteration number: "
[1] 21
[1] "Minimum fitness threshold not reached after 21 iterations! Continuing PSO."
[1] "iteration number: "
[1] 22
[1] "RE-INITIALIZING..."
[1] 2
[1] 3
[1] 40
 [1] 2 2 1 1 1 2 4 1 2 4 3 2 2 1 1 2 4 1 3 1
[1] "Minimum fitness threshold not reached after 22 iterations! Continuing PSO."
[1] "iteration number: "
[1] 23
[1] "Minimum fitness threshold not reached after 23 iterations! Continuing PSO."
[1] "iteration number: "
[1] 24
[1] "Best fitness updated to:"
[1] -79.38952
[1] "Best solution:"
 [1] 1 1 1 1 1 1 1 1 1 0 0 0 0 0 1 1 0 0 1 1 1 1 0 1 0 1 0 1 0 0 0 0 0 0 0 1 1 0
[39] 1 1
[1] 22
[1] "Minimum fitness threshold not reached after 24 iterations! Continuing PSO."
[1] "iteration number: "
[1] 25
[1] "Minimum fitness threshold not reached after 25 iterations! Continuing PSO."
[1] "iteration number: "
[1] 26
[1] "Best fitness updated to:"
[1] -80.04124
[1] "Best solution:"
 [1] 1 1 1 1 1 1 1 1 1 1 0 0 0 0 1 1 0 0 1 0 1 1 0 1 0 1 0 1 0 0 1 0 0 0 1 1 1 0
[39] 1 1
[1] 24
[1] "Minimum fitness threshold not reached after 26 iterations! Continuing PSO."
[1] "iteration number: "
[1] 27
[1] "Minimum fitness threshold not reached after 27 iterations! Continuing PSO."
[1] "iteration number: "
[1] 28
[1] "Minimum fitness threshold not reached after 28 iterations! Continuing PSO."
[1] "iteration number: "
[1] 29
[1] "Minimum fitness threshold not reached after 29 iterations! Continuing PSO."
[1] "iteration number: "
[1] 30
[1] "RE-INITIALIZING..."
[1] 1
[1] 3
[1] 33
 [1] 2 2 2 2 2 1 2 1 2 2 4 2 1 2 2 2 3 2 2 1
[1] "Minimum fitness threshold not reached after 30 iterations! Continuing PSO."
[1] "iteration number: "
[1] 31
[1] "Minimum fitness threshold not reached after 31 iterations! Continuing PSO."
[1] "iteration number: "
[1] 32
[1] "Minimum fitness threshold not reached after 32 iterations! Continuing PSO."
[1] "iteration number: "
[1] 33
[1] "Minimum fitness threshold not reached after 33 iterations! Continuing PSO."
[1] "iteration number: "
[1] 34
[1] "Best fitness updated to:"
[1] -80.19661
[1] "Best solution:"
 [1] 1 1 1 1 1 1 0 1 1 0 1 0 0 0 1 1 0 0 1 1 1 1 0 1 0 1 0 1 0 0 1 0 0 0 0 1 1 1
[39] 1 1
[1] 24
[1] "Minimum fitness threshold not reached after 34 iterations! Continuing PSO."
[1] "iteration number: "
[1] 35
[1] "Minimum fitness threshold not reached after 35 iterations! Continuing PSO."
[1] "iteration number: "
[1] 36
[1] "Minimum fitness threshold not reached after 36 iterations! Continuing PSO."
[1] "iteration number: "
[1] 37
[1] "Minimum fitness threshold not reached after 37 iterations! Continuing PSO."
[1] "iteration number: "
[1] 38
[1] "RE-INITIALIZING..."
[1] 1
[1] 3
[1] 39
 [1] 1 1 3 4 2 2 2 2 2 3 3 3 1 2 1 3 3 3 4 2
[1] "Minimum fitness threshold not reached after 38 iterations! Continuing PSO."
[1] "iteration number: "
[1] 39
[1] "Minimum fitness threshold not reached after 39 iterations! Continuing PSO."
[1] "iteration number: "
[1] 40
[1] "Minimum fitness threshold not reached after 40 iterations! Continuing PSO."
[1] "iteration number: "
[1] 41
[1] "Minimum fitness threshold not reached after 41 iterations! Continuing PSO."
[1] "iteration number: "
[1] 42
[1] "Best fitness updated to:"
[1] -80.31657
[1] "Best solution:"
 [1] 1 1 1 1 1 0 0 1 1 1 1 0 0 1 1 1 0 0 1 0 0 1 0 1 0 1 0 1 0 0 0 0 0 0 0 1 1 0
[39] 1 1
[1] 21
[1] "Minimum fitness threshold not reached after 42 iterations! Continuing PSO."
[1] "iteration number: "
[1] 43
[1] "Minimum fitness threshold not reached after 43 iterations! Continuing PSO."
[1] "iteration number: "
[1] 44
[1] "Minimum fitness threshold not reached after 44 iterations! Continuing PSO."
[1] "iteration number: "
[1] 45
[1] "Minimum fitness threshold not reached after 45 iterations! Continuing PSO."
[1] "iteration number: "
[1] 46
[1] "RE-INITIALIZING..."
[1] 1
[1] 3
[1] 37
 [1] 2 2 2 2 2 1 2 1 2 2 4 2 1 2 2 2 3 2 2 1
[1] "Minimum fitness threshold not reached after 46 iterations! Continuing PSO."
[1] "iteration number: "
[1] 47
[1] "Minimum fitness threshold not reached after 47 iterations! Continuing PSO."
[1] "iteration number: "
[1] 48
[1] "Minimum fitness threshold not reached after 48 iterations! Continuing PSO."
[1] "iteration number: "
[1] 49
[1] "Minimum fitness threshold not reached after 49 iterations! Continuing PSO."
[1] "iteration number: "
[1] 50
[1] "RE-INITIALIZING..."
[1] 2
[1] 3
[1] 38
 [1] 1 1 3 4 2 2 2 2 2 3 3 3 1 2 1 3 3 3 4 2
[1] "Minimum fitness threshold not reached after 50 iterations! Continuing PSO."
[1] "iteration number: "
[1] 51
[1] "Minimum fitness threshold not reached after 51 iterations! Continuing PSO."
[1] "iteration number: "
[1] 52
[1] "Minimum fitness threshold not reached after 52 iterations! Continuing PSO."
[1] "iteration number: "
[1] 53
[1] "Minimum fitness threshold not reached after 53 iterations! Continuing PSO."
[1] "iteration number: "
[1] 54
[1] "RE-INITIALIZING..."
[1] 3
[1] 3
[1] 34
 [1] 1 1 3 4 2 2 2 2 2 3 3 3 1 2 1 3 3 3 4 1
[1] "Minimum fitness threshold not reached after 54 iterations! Continuing PSO."
[1] "iteration number: "
[1] 55
[1] "Minimum fitness threshold not reached after 55 iterations! Continuing PSO."
[1] "iteration number: "
[1] 56
[1] "Minimum fitness threshold not reached after 56 iterations! Continuing PSO."
[1] "iteration number: "
[1] 57
[1] "Minimum fitness threshold not reached after 57 iterations! Continuing PSO."
[1] "iteration number: "
[1] 58
[1] "RE-INITIALIZING..."
[1] 4
[1] 3
[1] 35
 [1] 2 3 2 2 2 2 3 2 3 3 2 2 2 2 3 2 3 1 4 3
[1] "Minimum fitness threshold not reached after 58 iterations! Continuing PSO."
[1] "iteration number: "
[1] 59
[1] "Minimum fitness threshold not reached after 59 iterations! Continuing PSO."
[1] "iteration number: "
[1] 60
[1] "Minimum fitness threshold not reached after 60 iterations! Continuing PSO."
[1] "iteration number: "
[1] 61
[1] "Minimum fitness threshold not reached after 61 iterations! Continuing PSO."
[1] "iteration number: "
[1] 62
[1] "RE-INITIALIZING..."
[1] 5
[1] 3
[1] 35
 [1] 2 2 2 2 2 1 2 1 2 2 4 2 1 2 2 2 3 2 2 1
[1] "No change for 5 iterations. Exiting PSO."
 [1]  1  2  3  4  5  8  9 11 14 15 16 19 22 24 26 28 36 37 39 40
[1] 5
[1] "##################################"
[1] "Results summary for itr:5"
[1] "number of features selected using population mean"
[1] 15
[1] "number of features selected using current global best"
[1] 20
[1] "feat ind length"
[1] 20
[1] "best accuracy"
[1] 80.31657
[1] "test acc:0.964285714285714"
[1] "##################################"
[1] "learning sets: 6"
 [1] 33 48 85 13 62 54 55 79 41 70 18 23 61 39 14 19 25 60 65 75 51 11 86  7 26
[26] 46 71 10 80 84 83 89  3 15 72 53 24  5 90 32 22 37 74 56  6  2 35 16  4 42
[51] 52 17 87 58 78 82 29 73  8 67 47 21
[1] "Starting global iteration number : 6"
[1] "iteration number: "
[1] 1
[1] "Best fitness updated to:"
[1] -63.20345
[1] "Best solution:"
 [1] NA NA NA NA NA NA NA NA NA NA NA NA NA NA NA NA NA NA NA NA NA NA NA NA NA
[26] NA NA NA NA NA NA NA NA NA NA NA NA NA NA NA
[1] 0
[1] "iteration number: "
[1] 2
[1] "Best fitness updated to:"
[1] -64.91945
[1] "Best solution:"
 [1] 0 0 0 0 1 1 1 0 0 0 0 0 0 1 0 0 1 0 0 1 0 0 0 1 1 0 1 1 0 0 1 0 0 0 0 1 0 1
[39] 0 0
[1] 13
[1] "iteration number: "
[1] 3
[1] "Best fitness updated to:"
[1] -69.62336
[1] "Best solution:"
 [1] 0 1 0 1 1 0 1 1 1 0 1 0 1 1 0 0 1 1 0 0 1 0 0 0 1 1 0 1 1 1 0 1 1 1 1 1 0 0
[39] 1 1
[1] 24
[1] "iteration number: "
[1] 4
[1] "Best fitness updated to:"
[1] -74.38708
[1] "Best solution:"
 [1] 1 1 1 1 1 1 1 1 1 1 1 0 1 0 1 0 1 1 1 1 1 1 0 0 1 1 0 0 1 1 1 0 1 1 1 1 1 1
[39] 1 0
[1] 31
[1] "Minimum fitness threshold not reached after 4 iterations! Continuing PSO."
[1] "iteration number: "
[1] 5
[1] "Best fitness updated to:"
[1] -75.03352
[1] "Best solution:"
 [1] 1 1 1 1 0 1 0 0 1 0 1 0 0 1 0 1 1 1 0 0 0 1 1 0 0 0 0 0 0 1 1 0 0 0 0 1 1 0
[39] 1 1
[1] 19
[1] "Minimum fitness threshold not reached after 5 iterations! Continuing PSO."
[1] "iteration number: "
[1] 6
[1] "Minimum fitness threshold not reached after 6 iterations! Continuing PSO."
[1] "iteration number: "
[1] 7
[1] "Minimum fitness threshold not reached after 7 iterations! Continuing PSO."
[1] "iteration number: "
[1] 8
[1] "Best fitness updated to:"
[1] -76.70704
[1] "Best solution:"
 [1] 0 1 1 1 0 1 1 1 1 0 1 0 0 1 0 1 1 1 0 0 0 1 1 0 0 1 0 0 0 1 1 0 0 0 0 1 1 0
[39] 1 1
[1] 21
[1] "Minimum fitness threshold not reached after 8 iterations! Continuing PSO."
[1] "iteration number: "
[1] 9
[1] "Minimum fitness threshold not reached after 9 iterations! Continuing PSO."
[1] "iteration number: "
[1] 10
[1] "Best fitness updated to:"
[1] -77.40532
[1] "Best solution:"
 [1] 0 1 1 1 0 1 0 1 1 0 1 0 0 1 0 0 1 0 0 0 0 0 0 0 0 0 1 0 1 1 1 0 0 0 0 0 1 0
[39] 0 1
[1] 15
[1] "Minimum fitness threshold not reached after 10 iterations! Continuing PSO."
[1] "iteration number: "
[1] 11
[1] "Minimum fitness threshold not reached after 11 iterations! Continuing PSO."
[1] "iteration number: "
[1] 12
[1] "Minimum fitness threshold not reached after 12 iterations! Continuing PSO."
[1] "iteration number: "
[1] 13
[1] "Best fitness updated to:"
[1] -79.91843
[1] "Best solution:"
 [1] 0 1 1 1 1 1 0 1 0 0 0 0 0 0 0 1 1 0 0 0 1 1 0 0 1 0 0 0 1 1 1 0 0 0 0 0 1 0
[39] 1 1
[1] 17
[1] "Minimum fitness threshold not reached after 13 iterations! Continuing PSO."
[1] "iteration number: "
[1] 14
[1] "Minimum fitness threshold not reached after 14 iterations! Continuing PSO."
[1] "iteration number: "
[1] 15
[1] "Minimum fitness threshold not reached after 15 iterations! Continuing PSO."
[1] "iteration number: "
[1] 16
[1] "Minimum fitness threshold not reached after 16 iterations! Continuing PSO."
[1] "iteration number: "
[1] 17
[1] "RE-INITIALIZING..."
[1] 1
[1] 3
[1] 40
 [1] 2 2 1 1 1 2 4 1 2 4 3 2 2 1 1 2 4 1 3 1
[1] "Minimum fitness threshold not reached after 17 iterations! Continuing PSO."
[1] "iteration number: "
[1] 18
[1] "Minimum fitness threshold not reached after 18 iterations! Continuing PSO."
[1] "iteration number: "
[1] 19
[1] "Minimum fitness threshold not reached after 19 iterations! Continuing PSO."
[1] "iteration number: "
[1] 20
[1] "Minimum fitness threshold not reached after 20 iterations! Continuing PSO."
[1] "iteration number: "
[1] 21
[1] "RE-INITIALIZING..."
[1] 2
[1] 3
[1] 37
 [1] 2 2 1 1 1 2 4 1 2 4 3 2 2 1 1 2 4 1 3 1
[1] "Minimum fitness threshold not reached after 21 iterations! Continuing PSO."
[1] "iteration number: "
[1] 22
[1] "Minimum fitness threshold not reached after 22 iterations! Continuing PSO."
[1] "iteration number: "
[1] 23
[1] "Minimum fitness threshold not reached after 23 iterations! Continuing PSO."
[1] "iteration number: "
[1] 24
[1] "Minimum fitness threshold not reached after 24 iterations! Continuing PSO."
[1] "iteration number: "
[1] 25
[1] "RE-INITIALIZING..."
[1] 3
[1] 3
[1] 35
 [1] 2 2 1 1 1 2 4 1 2 4 3 2 2 1 1 2 4 1 3 1
[1] "Minimum fitness threshold not reached after 25 iterations! Continuing PSO."
[1] "iteration number: "
[1] 26
[1] "Minimum fitness threshold not reached after 26 iterations! Continuing PSO."
[1] "iteration number: "
[1] 27
[1] "Minimum fitness threshold not reached after 27 iterations! Continuing PSO."
[1] "iteration number: "
[1] 28
[1] "Minimum fitness threshold not reached after 28 iterations! Continuing PSO."
[1] "iteration number: "
[1] 29
[1] "RE-INITIALIZING..."
[1] 4
[1] 3
[1] 35
 [1] 2 2 1 1 1 2 4 1 2 4 3 2 2 1 1 2 4 1 3 3
[1] "Minimum fitness threshold not reached after 29 iterations! Continuing PSO."
[1] "iteration number: "
[1] 30
[1] "Minimum fitness threshold not reached after 30 iterations! Continuing PSO."
[1] "iteration number: "
[1] 31
[1] "Minimum fitness threshold not reached after 31 iterations! Continuing PSO."
[1] "iteration number: "
[1] 32
[1] "Minimum fitness threshold not reached after 32 iterations! Continuing PSO."
[1] "iteration number: "
[1] 33
[1] "RE-INITIALIZING..."
[1] 5
[1] 3
[1] 38
 [1] 2 2 2 2 2 1 2 1 2 2 4 2 1 2 2 2 3 2 2 1
[1] "No change for 5 iterations. Exiting PSO."
 [1]  2  3  4  6  8 11 16 21 22 30 31 37 39 40
[1] 6
[1] "##################################"
[1] "Results summary for itr:6"
[1] "number of features selected using population mean"
[1] 12
[1] "number of features selected using current global best"
[1] 14
[1] "feat ind length"
[1] 14
[1] "best accuracy"
[1] 79.91843
[1] "test acc:1"
[1] "##################################"
[1] "learning sets: 7"
 [1] 36  6  9 62 78 65 79 19 86 84 35 71 75 73 67 77 81 72 88 83  2 58 16 64  7
[26] 44 51  3 41 90 89 30  4 37 66 52 24 18 32 27 47 11 46 22 33 29 20 26 49  8
[51] 69 45 42 76 54 10  1 80 38 82 21 25
[1] "Starting global iteration number : 7"
[1] "iteration number: "
[1] 1
[1] "Best fitness updated to:"
[1] -61.41606
[1] "Best solution:"
 [1] NA NA NA NA NA NA NA NA NA NA NA NA NA NA NA NA NA NA NA NA NA NA NA NA NA
[26] NA NA NA NA NA NA NA NA NA NA NA NA NA NA NA
[1] 0
[1] "iteration number: "
[1] 2
[1] "Best fitness updated to:"
[1] -65.54325
[1] "Best solution:"
 [1] 0 0 0 0 1 1 1 0 0 0 0 0 0 1 0 0 1 0 0 1 0 0 0 1 1 0 1 1 0 0 1 0 0 0 0 1 0 1
[39] 0 0
[1] 13
[1] "iteration number: "
[1] 3
[1] "Best fitness updated to:"
[1] -67.24276
[1] "Best solution:"
 [1] 1 0 1 0 0 1 0 1 1 0 1 0 0 1 1 1 1 1 0 1 0 1 1 0 0 0 1 0 0 1 1 0 0 0 0 1 1 0
[39] 0 1
[1] 20
[1] "iteration number: "
[1] 4
[1] "Best fitness updated to:"
[1] -73.8857
[1] "Best solution:"
 [1] 1 1 1 1 1 1 0 0 1 0 1 1 0 0 1 0 1 0 0 0 1 0 0 0 1 0 0 0 0 1 1 0 1 0 0 0 0 0
[39] 1 1
[1] 18
[1] "Minimum fitness threshold not reached after 4 iterations! Continuing PSO."
[1] "iteration number: "
[1] 5
[1] "Minimum fitness threshold not reached after 5 iterations! Continuing PSO."
[1] "iteration number: "
[1] 6
[1] "Minimum fitness threshold not reached after 6 iterations! Continuing PSO."
[1] "iteration number: "
[1] 7
[1] "Best fitness updated to:"
[1] -74.7713
[1] "Best solution:"
 [1] 0 1 0 1 0 0 1 0 0 0 1 1 0 0 0 0 0 0 1 0 1 1 1 0 0 0 1 0 0 1 1 0 0 0 0 1 0 0
[39] 0 1
[1] 14
[1] "Minimum fitness threshold not reached after 7 iterations! Continuing PSO."
[1] "iteration number: "
[1] 8
[1] "Minimum fitness threshold not reached after 8 iterations! Continuing PSO."
[1] "iteration number: "
[1] 9
[1] "Minimum fitness threshold not reached after 9 iterations! Continuing PSO."
[1] "iteration number: "
[1] 10
[1] "Best fitness updated to:"
[1] -77.69363
[1] "Best solution:"
 [1] 1 1 1 1 0 1 0 0 1 0 1 0 0 1 0 1 1 1 0 0 1 1 1 0 0 0 0 0 0 1 1 0 0 0 0 1 1 0
[39] 1 1
[1] 20
[1] "Minimum fitness threshold not reached after 10 iterations! Continuing PSO."
[1] "iteration number: "
[1] 11
[1] "Minimum fitness threshold not reached after 11 iterations! Continuing PSO."
[1] "iteration number: "
[1] 12
[1] "Minimum fitness threshold not reached after 12 iterations! Continuing PSO."
[1] "iteration number: "
[1] 13
[1] "Minimum fitness threshold not reached after 13 iterations! Continuing PSO."
[1] "iteration number: "
[1] 14
[1] "RE-INITIALIZING..."
[1] 1
[1] 3
[1] 39
 [1] 2 3 2 2 2 2 3 2 3 3 2 2 2 2 3 2 3 1 4 3
[1] "Minimum fitness threshold not reached after 14 iterations! Continuing PSO."
[1] "iteration number: "
[1] 15
[1] "Minimum fitness threshold not reached after 15 iterations! Continuing PSO."
[1] "iteration number: "
[1] 16
[1] "Minimum fitness threshold not reached after 16 iterations! Continuing PSO."
[1] "iteration number: "
[1] 17
[1] "Minimum fitness threshold not reached after 17 iterations! Continuing PSO."
[1] "iteration number: "
[1] 18
[1] "RE-INITIALIZING..."
[1] 2
[1] 3
[1] 38
 [1] 2 2 1 1 1 2 4 1 2 4 3 2 2 1 1 2 4 1 3 1
[1] "Minimum fitness threshold not reached after 18 iterations! Continuing PSO."
[1] "iteration number: "
[1] 19
[1] "Minimum fitness threshold not reached after 19 iterations! Continuing PSO."
[1] "iteration number: "
[1] 20
[1] "Minimum fitness threshold not reached after 20 iterations! Continuing PSO."
[1] "iteration number: "
[1] 21
[1] "Minimum fitness threshold not reached after 21 iterations! Continuing PSO."
[1] "iteration number: "
[1] 22
[1] "RE-INITIALIZING..."
[1] 3
[1] 3
[1] 37
 [1] 2 2 1 1 1 2 4 1 2 4 3 2 2 1 1 2 4 1 3 1
[1] "Minimum fitness threshold not reached after 22 iterations! Continuing PSO."
[1] "iteration number: "
[1] 23
[1] "Minimum fitness threshold not reached after 23 iterations! Continuing PSO."
[1] "iteration number: "
[1] 24
[1] "Minimum fitness threshold not reached after 24 iterations! Continuing PSO."
[1] "iteration number: "
[1] 25
[1] "Minimum fitness threshold not reached after 25 iterations! Continuing PSO."
[1] "iteration number: "
[1] 26
[1] "RE-INITIALIZING..."
[1] 4
[1] 3
[1] 37
 [1] 2 2 1 1 1 2 4 1 2 4 3 2 2 1 1 2 4 1 3 1
[1] "Minimum fitness threshold not reached after 26 iterations! Continuing PSO."
[1] "iteration number: "
[1] 27
[1] "Minimum fitness threshold not reached after 27 iterations! Continuing PSO."
[1] "iteration number: "
[1] 28
[1] "Minimum fitness threshold not reached after 28 iterations! Continuing PSO."
[1] "iteration number: "
[1] 29
[1] "Minimum fitness threshold not reached after 29 iterations! Continuing PSO."
[1] "iteration number: "
[1] 30
[1] "RE-INITIALIZING..."
[1] 5
[1] 3
[1] 36
 [1] 2 2 2 2 2 1 2 1 2 2 4 2 1 2 2 2 3 2 2 1
[1] "No change for 5 iterations. Exiting PSO."
 [1]  2  3  4  6  8 11 17 21 22 23 30 31 36 37 39 40
[1] 7
[1] "##################################"
[1] "Results summary for itr:7"
[1] "number of features selected using population mean"
[1] 10
[1] "number of features selected using current global best"
[1] 16
[1] "feat ind length"
[1] 16
[1] "best accuracy"
[1] 77.69363
[1] "test acc:0.928571428571429"
[1] "##################################"
[1] "learning sets: 8"
 [1] 52 22 18 79 57 60 14 86 45 73  3  6 62 81 36 66 23 34 13 87 33 74 20 30 50
[26] 19 84 48 40 35 71 77 16 25 46 67  7 11 43 44 83 64 90 78 15 21 68 42 88  2
[51]  5 82 54 49  4 65 28 10  1 26 75 29
[1] "Starting global iteration number : 8"
[1] "iteration number: "
[1] 1
[1] "Best fitness updated to:"
[1] -63.53313
[1] "Best solution:"
 [1] NA NA NA NA NA NA NA NA NA NA NA NA NA NA NA NA NA NA NA NA NA NA NA NA NA
[26] NA NA NA NA NA NA NA NA NA NA NA NA NA NA NA
[1] 0
[1] "iteration number: "
[1] 2
[1] "Best fitness updated to:"
[1] -67.32287
[1] "Best solution:"
 [1] 0 0 0 0 1 1 1 0 0 0 0 0 0 1 0 0 1 0 0 1 0 0 0 1 1 0 1 1 0 0 1 0 0 0 0 1 0 1
[39] 0 0
[1] 13
[1] "iteration number: "
[1] 3
[1] "Best fitness updated to:"
[1] -75.96666
[1] "Best solution:"
 [1] 0 1 0 0 1 1 0 0 1 1 0 0 1 0 0 0 1 1 0 0 0 0 0 0 1 0 0 0 0 1 0 1 1 0 1 0 1 0
[39] 0 1
[1] 15
[1] "iteration number: "
[1] 4
[1] "Minimum fitness threshold not reached after 4 iterations! Continuing PSO."
[1] "iteration number: "
[1] 5
[1] "Minimum fitness threshold not reached after 5 iterations! Continuing PSO."
[1] "iteration number: "
[1] 6
[1] "Minimum fitness threshold not reached after 6 iterations! Continuing PSO."
[1] "iteration number: "
[1] 7
[1] "Best fitness updated to:"
[1] -76.29339
[1] "Best solution:"
 [1] 0 1 0 0 0 0 1 1 0 0 1 1 0 0 0 0 0 1 1 1 1 1 0 0 1 0 0 0 0 1 1 0 0 1 0 0 0 1
[39] 1 1
[1] 17
[1] "Minimum fitness threshold not reached after 7 iterations! Continuing PSO."
[1] "iteration number: "
[1] 8
[1] "Minimum fitness threshold not reached after 8 iterations! Continuing PSO."
[1] "iteration number: "
[1] 9
[1] "Minimum fitness threshold not reached after 9 iterations! Continuing PSO."
[1] "iteration number: "
[1] 10
[1] "Minimum fitness threshold not reached after 10 iterations! Continuing PSO."
[1] "iteration number: "
[1] 11
[1] "Best fitness updated to:"
[1] -78.36202
[1] "Best solution:"
 [1] 0 0 1 1 1 1 0 1 1 0 1 0 0 0 1 0 1 0 0 0 1 0 1 0 1 0 0 1 0 0 0 1 0 0 0 1 0 1
[39] 0 1
[1] 17
[1] "Minimum fitness threshold not reached after 11 iterations! Continuing PSO."
[1] "iteration number: "
[1] 12
[1] "Minimum fitness threshold not reached after 12 iterations! Continuing PSO."
[1] "iteration number: "
[1] 13
[1] "Minimum fitness threshold not reached after 13 iterations! Continuing PSO."
[1] "iteration number: "
[1] 14
[1] "Minimum fitness threshold not reached after 14 iterations! Continuing PSO."
[1] "iteration number: "
[1] 15
[1] "RE-INITIALIZING..."
[1] 1
[1] 3
[1] 39
 [1] 2 2 1 1 1 2 4 1 2 4 3 2 2 1 1 2 4 1 3 1
[1] "Minimum fitness threshold not reached after 15 iterations! Continuing PSO."
[1] "iteration number: "
[1] 16
[1] "Best fitness updated to:"
[1] -79.65831
[1] "Best solution:"
 [1] 1 0 1 1 1 0 0 1 1 0 0 0 1 0 1 0 0 0 0 0 0 1 0 0 0 1 0 0 0 0 0 0 1 1 1 0 0 1
[39] 0 0
[1] 14
[1] "Minimum fitness threshold not reached after 16 iterations! Continuing PSO."
[1] "iteration number: "
[1] 17
[1] "Minimum fitness threshold not reached after 17 iterations! Continuing PSO."
[1] "iteration number: "
[1] 18
[1] "Minimum fitness threshold not reached after 18 iterations! Continuing PSO."
[1] "iteration number: "
[1] 19
[1] "Minimum fitness threshold not reached after 19 iterations! Continuing PSO."
[1] "iteration number: "
[1] 20
[1] "RE-INITIALIZING..."
[1] 1
[1] 3
[1] 40
 [1] 2 2 1 1 1 2 4 1 2 4 3 2 2 1 1 2 4 1 3 1
[1] "Minimum fitness threshold not reached after 20 iterations! Continuing PSO."
[1] "iteration number: "
[1] 21
[1] "Minimum fitness threshold not reached after 21 iterations! Continuing PSO."
[1] "iteration number: "
[1] 22
[1] "Minimum fitness threshold not reached after 22 iterations! Continuing PSO."
[1] "iteration number: "
[1] 23
[1] "Minimum fitness threshold not reached after 23 iterations! Continuing PSO."
[1] "iteration number: "
[1] 24
[1] "RE-INITIALIZING..."
[1] 2
[1] 3
[1] 39
 [1] 2 2 1 1 1 2 4 1 2 4 3 2 2 1 1 2 4 1 3 3
[1] "Minimum fitness threshold not reached after 24 iterations! Continuing PSO."
[1] "iteration number: "
[1] 25
[1] "Minimum fitness threshold not reached after 25 iterations! Continuing PSO."
[1] "iteration number: "
[1] 26
[1] "Minimum fitness threshold not reached after 26 iterations! Continuing PSO."
[1] "iteration number: "
[1] 27
[1] "Minimum fitness threshold not reached after 27 iterations! Continuing PSO."
[1] "iteration number: "
[1] 28
[1] "RE-INITIALIZING..."
[1] 3
[1] 3
[1] 39
 [1] 2 2 1 1 1 2 4 1 2 4 3 2 2 1 1 2 4 1 3 1
[1] "Minimum fitness threshold not reached after 28 iterations! Continuing PSO."
[1] "iteration number: "
[1] 29
[1] "Minimum fitness threshold not reached after 29 iterations! Continuing PSO."
[1] "iteration number: "
[1] 30
[1] "Minimum fitness threshold not reached after 30 iterations! Continuing PSO."
[1] "iteration number: "
[1] 31
[1] "Minimum fitness threshold not reached after 31 iterations! Continuing PSO."
[1] "iteration number: "
[1] 32
[1] "RE-INITIALIZING..."
[1] 4
[1] 3
[1] 39
 [1] 2 2 1 1 1 2 4 1 2 4 3 2 2 1 1 2 4 1 3 1
[1] "Minimum fitness threshold not reached after 32 iterations! Continuing PSO."
[1] "iteration number: "
[1] 33
[1] "Minimum fitness threshold not reached after 33 iterations! Continuing PSO."
[1] "iteration number: "
[1] 34
[1] "Minimum fitness threshold not reached after 34 iterations! Continuing PSO."
[1] "iteration number: "
[1] 35
[1] "Minimum fitness threshold not reached after 35 iterations! Continuing PSO."
[1] "iteration number: "
[1] 36
[1] "RE-INITIALIZING..."
[1] 5
[1] 3
[1] 39
 [1] 2 2 2 2 2 1 2 1 2 2 4 2 1 2 2 2 3 2 2 1
[1] "No change for 5 iterations. Exiting PSO."
 [1]  2  3  4  8  9 10 13 17 19 21 25 26 29 30 33 37 39 40
[1] 8
[1] "##################################"
[1] "Results summary for itr:8"
[1] "number of features selected using population mean"
[1] 12
[1] "number of features selected using current global best"
[1] 18
[1] "feat ind length"
[1] 18
[1] "best accuracy"
[1] 79.65831
[1] "test acc:0.892857142857143"
[1] "##################################"
[1] "learning sets: 9"
 [1] 68 71 80 53 79 12 73 17 33 65  1  2 75 76 28 38 26 22 85 15 39 10 32 35  5
[26] 69 16 25 37 27 31 42 54 82 78 66 48  4  9 21  6 56 89 18 50 43  8  3 77 90
[51] 51 24 72 29 45 83 19 46 11 14 49 88
[1] "Starting global iteration number : 9"
[1] "iteration number: "
[1] 1
[1] "Best fitness updated to:"
[1] -61.61856
[1] "Best solution:"
 [1] NA NA NA NA NA NA NA NA NA NA NA NA NA NA NA NA NA NA NA NA NA NA NA NA NA
[26] NA NA NA NA NA NA NA NA NA NA NA NA NA NA NA
[1] 0
[1] "iteration number: "
[1] 2
[1] "Best fitness updated to:"
[1] -66.47539
[1] "Best solution:"
 [1] 0 0 0 0 1 1 1 0 0 0 0 0 0 1 0 0 1 0 0 1 0 0 0 1 1 0 1 1 0 0 1 0 0 0 0 1 0 1
[39] 0 0
[1] 13
[1] "iteration number: "
[1] 3
[1] "Best fitness updated to:"
[1] -69.75958
[1] "Best solution:"
 [1] 0 1 0 1 0 0 1 0 1 1 0 1 0 0 0 1 0 1 0 0 0 0 0 1 0 1 0 0 1 1 0 1 0 0 0 0 0 1
[39] 0 1
[1] 15
[1] "iteration number: "
[1] 4
[1] "Best fitness updated to:"
[1] -72.67526
[1] "Best solution:"
 [1] 0 1 1 1 1 0 1 1 0 1 0 0 0 0 0 1 0 0 1 0 1 1 0 0 0 1 0 0 0 0 0 0 0 0 1 0 1 0
[39] 0 0
[1] 14
[1] "Minimum fitness threshold not reached after 4 iterations! Continuing PSO."
[1] "iteration number: "
[1] 5
[1] "Minimum fitness threshold not reached after 5 iterations! Continuing PSO."
[1] "iteration number: "
[1] 6
[1] "Minimum fitness threshold not reached after 6 iterations! Continuing PSO."
[1] "iteration number: "
[1] 7
[1] "Minimum fitness threshold not reached after 7 iterations! Continuing PSO."
[1] "iteration number: "
[1] 8
[1] "Best fitness updated to:"
[1] -74.28874
[1] "Best solution:"
 [1] 0 1 1 1 1 0 0 1 1 0 0 1 1 1 0 0 0 0 0 0 0 1 0 0 1 1 0 0 0 1 0 1 0 0 0 0 0 0
[39] 0 0
[1] 14
[1] "Minimum fitness threshold not reached after 8 iterations! Continuing PSO."
[1] "iteration number: "
[1] 9
[1] "Minimum fitness threshold not reached after 9 iterations! Continuing PSO."
[1] "iteration number: "
[1] 10
[1] "Minimum fitness threshold not reached after 10 iterations! Continuing PSO."
[1] "iteration number: "
[1] 11
[1] "Minimum fitness threshold not reached after 11 iterations! Continuing PSO."
[1] "iteration number: "
[1] 12
[1] "RE-INITIALIZING..."
[1] 1
[1] 3
[1] 40
 [1] 2 3 2 2 2 2 3 2 3 3 2 2 2 2 3 2 3 1 4 3
[1] "Minimum fitness threshold not reached after 12 iterations! Continuing PSO."
[1] "iteration number: "
[1] 13
[1] "Minimum fitness threshold not reached after 13 iterations! Continuing PSO."
[1] "iteration number: "
[1] 14
[1] "Minimum fitness threshold not reached after 14 iterations! Continuing PSO."
[1] "iteration number: "
[1] 15
[1] "Best fitness updated to:"
[1] -75.93051
[1] "Best solution:"
 [1] 0 1 1 1 1 0 0 1 0 0 0 1 0 1 1 1 0 0 1 0 1 0 0 1 1 1 1 0 0 0 0 0 0 0 0 0 1 0
[39] 0 0
[1] 16
[1] "Minimum fitness threshold not reached after 15 iterations! Continuing PSO."
[1] "iteration number: "
[1] 16
[1] "Minimum fitness threshold not reached after 16 iterations! Continuing PSO."
[1] "iteration number: "
[1] 17
[1] "Best fitness updated to:"
[1] -76.76754
[1] "Best solution:"
 [1] 0 1 0 1 0 0 0 1 1 0 0 1 1 0 1 1 0 0 1 0 1 1 0 1 1 1 0 0 0 0 0 0 0 1 0 0 1 0
[39] 0 0
[1] 16
[1] "Minimum fitness threshold not reached after 17 iterations! Continuing PSO."
[1] "iteration number: "
[1] 18
[1] "Minimum fitness threshold not reached after 18 iterations! Continuing PSO."
[1] "iteration number: "
[1] 19
[1] "Minimum fitness threshold not reached after 19 iterations! Continuing PSO."
[1] "iteration number: "
[1] 20
[1] "Minimum fitness threshold not reached after 20 iterations! Continuing PSO."
[1] "iteration number: "
[1] 21
[1] "RE-INITIALIZING..."
[1] 1
[1] 3
[1] 38
 [1] 2 2 2 2 2 1 2 1 2 2 4 2 1 2 2 2 3 2 2 1
[1] "Minimum fitness threshold not reached after 21 iterations! Continuing PSO."
[1] "iteration number: "
[1] 22
[1] "Minimum fitness threshold not reached after 22 iterations! Continuing PSO."
[1] "iteration number: "
[1] 23
[1] "Minimum fitness threshold not reached after 23 iterations! Continuing PSO."
[1] "iteration number: "
[1] 24
[1] "Minimum fitness threshold not reached after 24 iterations! Continuing PSO."
[1] "iteration number: "
[1] 25
[1] "RE-INITIALIZING..."
[1] 2
[1] 3
[1] 38
 [1] 1 1 3 4 2 2 2 2 2 3 3 3 1 2 1 3 3 3 4 2
[1] "Minimum fitness threshold not reached after 25 iterations! Continuing PSO."
[1] "iteration number: "
[1] 26
[1] "Minimum fitness threshold not reached after 26 iterations! Continuing PSO."
[1] "iteration number: "
[1] 27
[1] "Minimum fitness threshold not reached after 27 iterations! Continuing PSO."
[1] "iteration number: "
[1] 28
[1] "Minimum fitness threshold not reached after 28 iterations! Continuing PSO."
[1] "iteration number: "
[1] 29
[1] "RE-INITIALIZING..."
[1] 3
[1] 3
[1] 37
 [1] 1 1 3 4 2 2 2 2 2 3 3 3 1 2 1 3 3 3 4 4
[1] "Minimum fitness threshold not reached after 29 iterations! Continuing PSO."
[1] "iteration number: "
[1] 30
[1] "Minimum fitness threshold not reached after 30 iterations! Continuing PSO."
[1] "iteration number: "
[1] 31
[1] "Best fitness updated to:"
[1] -76.80926
[1] "Best solution:"
 [1] 0 1 0 0 0 0 0 0 0 0 0 1 0 0 0 0 0 0 1 0 1 0 1 0 0 0 1 0 1 0 0 0 0 0 0 0 0 1
[39] 0 1
[1] 9
[1] "Minimum fitness threshold not reached after 31 iterations! Continuing PSO."
[1] "iteration number: "
[1] 32
[1] "Minimum fitness threshold not reached after 32 iterations! Continuing PSO."
[1] "iteration number: "
[1] 33
[1] "Minimum fitness threshold not reached after 33 iterations! Continuing PSO."
[1] "iteration number: "
[1] 34
[1] "Minimum fitness threshold not reached after 34 iterations! Continuing PSO."
[1] "iteration number: "
[1] 35
[1] "RE-INITIALIZING..."
[1] 1
[1] 3
[1] 33
 [1] 2 2 2 2 2 1 2 1 2 2 4 2 1 2 2 2 3 2 2 1
[1] "Minimum fitness threshold not reached after 35 iterations! Continuing PSO."
[1] "iteration number: "
[1] 36
[1] "Minimum fitness threshold not reached after 36 iterations! Continuing PSO."
[1] "iteration number: "
[1] 37
[1] "Minimum fitness threshold not reached after 37 iterations! Continuing PSO."
[1] "iteration number: "
[1] 38
[1] "Minimum fitness threshold not reached after 38 iterations! Continuing PSO."
[1] "iteration number: "
[1] 39
[1] "RE-INITIALIZING..."
[1] 2
[1] 3
[1] 35
 [1] 2 2 2 2 2 1 2 1 2 2 4 2 1 2 2 2 3 2 2 4
[1] "Minimum fitness threshold not reached after 39 iterations! Continuing PSO."
[1] "iteration number: "
[1] 40
[1] "Minimum fitness threshold not reached after 40 iterations! Continuing PSO."
[1] "iteration number: "
[1] 41
[1] "Best fitness updated to:"
[1] -77.51305
[1] "Best solution:"
 [1] 0 1 1 1 0 0 0 0 0 0 0 1 1 1 0 0 0 0 1 0 1 0 1 0 0 0 0 0 0 0 0 0 0 0 0 0 0 0
[39] 0 1
[1] 10
[1] "Minimum fitness threshold not reached after 41 iterations! Continuing PSO."
[1] "iteration number: "
[1] 42
[1] "Minimum fitness threshold not reached after 42 iterations! Continuing PSO."
[1] "iteration number: "
[1] 43
[1] "Minimum fitness threshold not reached after 43 iterations! Continuing PSO."
[1] "iteration number: "
[1] 44
[1] "Minimum fitness threshold not reached after 44 iterations! Continuing PSO."
[1] "iteration number: "
[1] 45
[1] "RE-INITIALIZING..."
[1] 1
[1] 3
[1] 34
 [1] 2 3 2 2 2 2 3 2 3 3 2 2 2 2 3 2 3 1 4 3
[1] "Minimum fitness threshold not reached after 45 iterations! Continuing PSO."
[1] "iteration number: "
[1] 46
[1] "Minimum fitness threshold not reached after 46 iterations! Continuing PSO."
[1] "iteration number: "
[1] 47
[1] "Minimum fitness threshold not reached after 47 iterations! Continuing PSO."
[1] "iteration number: "
[1] 48
[1] "Minimum fitness threshold not reached after 48 iterations! Continuing PSO."
[1] "iteration number: "
[1] 49
[1] "RE-INITIALIZING..."
[1] 2
[1] 3
[1] 38
 [1] 2 3 2 2 2 2 3 2 3 3 2 2 2 2 3 2 3 1 4 4
[1] "Minimum fitness threshold not reached after 49 iterations! Continuing PSO."
[1] "iteration number: "
[1] 50
[1] "Minimum fitness threshold not reached after 50 iterations! Continuing PSO."
[1] "iteration number: "
[1] 51
[1] "Minimum fitness threshold not reached after 51 iterations! Continuing PSO."
[1] "iteration number: "
[1] 52
[1] "Minimum fitness threshold not reached after 52 iterations! Continuing PSO."
[1] "iteration number: "
[1] 53
[1] "RE-INITIALIZING..."
[1] 3
[1] 3
[1] 34
 [1] 2 2 1 1 1 2 4 1 2 4 3 2 2 1 1 2 4 1 3 1
[1] "Minimum fitness threshold not reached after 53 iterations! Continuing PSO."
[1] "iteration number: "
[1] 54
[1] "Minimum fitness threshold not reached after 54 iterations! Continuing PSO."
[1] "iteration number: "
[1] 55
[1] "Minimum fitness threshold not reached after 55 iterations! Continuing PSO."
[1] "iteration number: "
[1] 56
[1] "Minimum fitness threshold not reached after 56 iterations! Continuing PSO."
[1] "iteration number: "
[1] 57
[1] "RE-INITIALIZING..."
[1] 4
[1] 3
[1] 32
 [1] 2 2 1 1 1 2 4 1 2 4 3 2 2 1 1 2 4 1 3 1
[1] "Minimum fitness threshold not reached after 57 iterations! Continuing PSO."
[1] "iteration number: "
[1] 58
[1] "Minimum fitness threshold not reached after 58 iterations! Continuing PSO."
[1] "iteration number: "
[1] 59
[1] "Minimum fitness threshold not reached after 59 iterations! Continuing PSO."
[1] "iteration number: "
[1] 60
[1] "Minimum fitness threshold not reached after 60 iterations! Continuing PSO."
[1] "iteration number: "
[1] 61
[1] "RE-INITIALIZING..."
[1] 5
[1] 3
[1] 33
 [1] 2 2 2 2 2 1 2 1 2 2 4 2 1 2 2 2 3 2 2 1
[1] "No change for 5 iterations. Exiting PSO."
 [1]  2  3  4  9 12 15 19 21 23 24 26 37 40
[1] 9
[1] "##################################"
[1] "Results summary for itr:9"
[1] "number of features selected using population mean"
[1] 8
[1] "number of features selected using current global best"
[1] 13
[1] "feat ind length"
[1] 13
[1] "best accuracy"
[1] 77.51305
[1] "test acc:0.964285714285714"
[1] "##################################"
[1] "learning sets: 10"
 [1] 45 75 27 64 33 31 24 80 67 77 71 50 17 40 29 90 73 23 62 84  8 72  7 54 57
[26]  1 88 68 12 83 56 21 39  6  2 32 53 41 74 38 55 70 18 79 42 34 26 10 20 37
[51] 59 19 69 81  3 25 52 76 43 89 13 51
[1] "Starting global iteration number : 10"
[1] "iteration number: "
[1] 1
[1] "Best fitness updated to:"
[1] -65.16772
[1] "Best solution:"
 [1] NA NA NA NA NA NA NA NA NA NA NA NA NA NA NA NA NA NA NA NA NA NA NA NA NA
[26] NA NA NA NA NA NA NA NA NA NA NA NA NA NA NA
[1] 0
[1] "iteration number: "
[1] 2
[1] "Best fitness updated to:"
[1] -66.37721
[1] "Best solution:"
 [1] 0 0 0 0 1 1 1 0 0 0 0 0 0 1 0 0 1 0 0 1 0 0 0 1 1 0 1 1 0 0 1 0 0 0 0 1 0 1
[39] 0 0
[1] 13
[1] "iteration number: "
[1] 3
[1] "Best fitness updated to:"
[1] -71.38082
[1] "Best solution:"
 [1] 1 0 1 0 0 1 0 1 1 0 1 0 0 1 1 1 1 1 0 1 0 1 1 0 0 0 1 0 0 1 1 0 0 0 0 1 1 0
[39] 0 1
[1] 20
[1] "iteration number: "
[1] 4
[1] "Best fitness updated to:"
[1] -72.36502
[1] "Best solution:"
 [1] 1 1 1 1 1 1 0 0 1 0 1 1 0 0 1 1 1 0 0 0 1 0 0 0 1 0 0 0 0 1 1 0 1 0 0 0 0 0
[39] 1 1
[1] 19
[1] "Minimum fitness threshold not reached after 4 iterations! Continuing PSO."
[1] "iteration number: "
[1] 5
[1] "Best fitness updated to:"
[1] -74.14091
[1] "Best solution:"
 [1] 1 1 1 1 0 1 0 0 1 0 1 0 0 1 0 1 1 1 0 0 0 1 1 0 0 0 0 0 0 1 1 0 0 0 0 1 1 0
[39] 1 1
[1] 19
[1] "Minimum fitness threshold not reached after 5 iterations! Continuing PSO."
[1] "iteration number: "
[1] 6
[1] "Best fitness updated to:"
[1] -75.5878
[1] "Best solution:"
 [1] 0 0 1 0 0 0 0 0 0 1 1 0 0 1 0 0 0 1 0 0 0 0 0 0 0 1 1 0 1 1 1 1 1 1 0 0 0 1
[39] 1 1
[1] 16
[1] "Minimum fitness threshold not reached after 6 iterations! Continuing PSO."
[1] "iteration number: "
[1] 7
[1] "Minimum fitness threshold not reached after 7 iterations! Continuing PSO."
[1] "iteration number: "
[1] 8
[1] "Best fitness updated to:"
[1] -77.26052
[1] "Best solution:"
 [1] 1 1 1 1 1 1 0 0 0 0 1 0 0 1 0 1 1 1 0 1 1 0 0 1 1 1 1 1 0 1 1 0 0 1 1 0 0 1
[39] 1 0
[1] 24
[1] "Minimum fitness threshold not reached after 8 iterations! Continuing PSO."
[1] "iteration number: "
[1] 9
[1] "Minimum fitness threshold not reached after 9 iterations! Continuing PSO."
[1] "iteration number: "
[1] 10
[1] "Minimum fitness threshold not reached after 10 iterations! Continuing PSO."
[1] "iteration number: "
[1] 11
[1] "Best fitness updated to:"
[1] -78.28396
[1] "Best solution:"
 [1] 1 1 1 1 1 1 0 0 0 0 0 0 0 0 0 1 0 0 0 0 0 0 1 1 1 0 0 0 1 0 1 1 0 1 0 0 1 0
[39] 0 1
[1] 16
[1] "Minimum fitness threshold not reached after 11 iterations! Continuing PSO."
[1] "iteration number: "
[1] 12
[1] "Best fitness updated to:"
[1] -78.44569
[1] "Best solution:"
 [1] 1 1 1 1 0 1 0 1 0 1 1 0 0 1 0 0 0 0 1 0 0 0 0 1 0 1 1 0 0 0 1 0 0 1 1 1 1 1
[39] 1 0
[1] 20
[1] "Minimum fitness threshold not reached after 12 iterations! Continuing PSO."
[1] "iteration number: "
[1] 13
[1] "Minimum fitness threshold not reached after 13 iterations! Continuing PSO."
[1] "iteration number: "
[1] 14
[1] "Best fitness updated to:"
[1] -78.54504
[1] "Best solution:"
 [1] 1 1 1 1 0 1 0 1 0 1 1 0 0 1 0 0 0 0 1 0 0 0 0 1 0 1 1 0 0 0 1 0 0 1 1 1 1 1
[39] 1 0
[1] 20
[1] "Minimum fitness threshold not reached after 14 iterations! Continuing PSO."
[1] "iteration number: "
[1] 15
[1] "Best fitness updated to:"
[1] -82.493
[1] "Best solution:"
 [1] 0 1 1 1 0 1 0 0 0 0 1 0 0 1 0 0 0 0 1 0 0 0 0 1 0 1 1 0 0 0 0 0 1 1 1 0 1 0
[39] 1 0
[1] 15
[1] "Minimum fitness threshold not reached after 15 iterations! Continuing PSO."
[1] "iteration number: "
[1] 16
[1] "Minimum fitness threshold not reached after 16 iterations! Continuing PSO."
[1] "iteration number: "
[1] 17
[1] "Minimum fitness threshold not reached after 17 iterations! Continuing PSO."
[1] "iteration number: "
[1] 18
[1] "Minimum fitness threshold not reached after 18 iterations! Continuing PSO."
[1] "iteration number: "
[1] 19
[1] "RE-INITIALIZING..."
[1] 1
[1] 3
[1] 40
 [1] 2 2 1 1 1 2 4 1 2 4 3 2 2 1 1 2 4 1 3 1
[1] "Minimum fitness threshold not reached after 19 iterations! Continuing PSO."
[1] "iteration number: "
[1] 20
[1] "Minimum fitness threshold not reached after 20 iterations! Continuing PSO."
[1] "iteration number: "
[1] 21
[1] "Minimum fitness threshold not reached after 21 iterations! Continuing PSO."
[1] "iteration number: "
[1] 22
[1] "Minimum fitness threshold not reached after 22 iterations! Continuing PSO."
[1] "iteration number: "
[1] 23
[1] "RE-INITIALIZING..."
[1] 2
[1] 3
[1] 35
 [1] 2 2 1 1 1 2 4 1 2 4 3 2 2 1 1 2 4 1 3 1
[1] "Minimum fitness threshold not reached after 23 iterations! Continuing PSO."
[1] "iteration number: "
[1] 24
[1] "Minimum fitness threshold not reached after 24 iterations! Continuing PSO."
[1] "iteration number: "
[1] 25
[1] "Minimum fitness threshold not reached after 25 iterations! Continuing PSO."
[1] "iteration number: "
[1] 26
[1] "Minimum fitness threshold not reached after 26 iterations! Continuing PSO."
[1] "iteration number: "
[1] 27
[1] "RE-INITIALIZING..."
[1] 3
[1] 3
[1] 35
 [1] 2 2 1 1 1 2 4 1 2 4 3 2 2 1 1 2 4 1 3 1
[1] "Minimum fitness threshold not reached after 27 iterations! Continuing PSO."
[1] "iteration number: "
[1] 28
[1] "Minimum fitness threshold not reached after 28 iterations! Continuing PSO."
[1] "iteration number: "
[1] 29
[1] "Minimum fitness threshold not reached after 29 iterations! Continuing PSO."
[1] "iteration number: "
[1] 30
[1] "Minimum fitness threshold not reached after 30 iterations! Continuing PSO."
[1] "iteration number: "
[1] 31
[1] "RE-INITIALIZING..."
[1] 4
[1] 3
[1] 35
 [1] 2 2 1 1 1 2 4 1 2 4 3 2 2 1 1 2 4 1 3 1
[1] "Minimum fitness threshold not reached after 31 iterations! Continuing PSO."
[1] "iteration number: "
[1] 32
[1] "Minimum fitness threshold not reached after 32 iterations! Continuing PSO."
[1] "iteration number: "
[1] 33
[1] "Minimum fitness threshold not reached after 33 iterations! Continuing PSO."
[1] "iteration number: "
[1] 34
[1] "Minimum fitness threshold not reached after 34 iterations! Continuing PSO."
[1] "iteration number: "
[1] 35
[1] "RE-INITIALIZING..."
[1] 5
[1] 3
[1] 35
 [1] 2 2 2 2 2 1 2 1 2 2 4 2 1 2 2 2 3 2 2 1
[1] "No change for 5 iterations. Exiting PSO."
 [1]  1  2  3  4  6 11 14 16 19 24 26 27 31 34 35 37 38 39
[1] 10
[1] "##################################"
[1] "Results summary for itr:10"
[1] "number of features selected using population mean"
[1] 16
[1] "number of features selected using current global best"
[1] 18
[1] "feat ind length"
[1] 18
[1] "best accuracy"
[1] 82.493
[1] "test acc:0.964285714285714"
[1] "##################################"
[1] "testacc"
 [1] 0.9642857 1.0000000 0.8928571 0.9285714 0.9642857 1.0000000 0.9285714
 [8] 0.8928571 0.9642857 0.9642857
[1] 0.95
   Min. 1st Qu.  Median    Mean 3rd Qu.    Max. 
 0.8929  0.9286  0.9643  0.9500  0.9643  1.0000 
[1] 0.0383917
      [,1] [,2] [,3] [,4] [,5] [,6] [,7] [,8] [,9] [,10]
 [1,]    0    0    1    1    1    0    0    0    0     1
 [2,]    1    1    1    1    1    1    1    1    1     1
 [3,]    1    1    1    1    1    1    1    1    1     1
 [4,]    1    1    1    1    1    1    1    1    1     1
 [5,]    0    0    1    1    1    0    0    0    0     0
 [6,]    1    0    0    1    0    1    1    0    0     1
 [7,]    0    0    0    0    0    0    0    0    0     0
 [8,]    1    0    0    1    1    1    1    1    0     0
 [9,]    0    0    0    1    1    0    0    1    1     0
[10,]    0    1    1    1    0    0    0    1    0     0
[11,]    0    0    0    0    1    1    1    0    0     1
[12,]    0    0    0    0    0    0    0    0    1     0
[13,]    0    0    0    0    0    0    0    1    0     0
[14,]    0    1    0    0    1    0    0    0    0     1
[15,]    1    1    0    1    1    0    0    0    1     0
[16,]    0    1    0    0    1    1    0    0    0     1
[17,]    0    0    0    0    0    0    1    1    0     0
[18,]    0    0    0    1    0    0    0    0    0     0
[19,]    1    1    0    1    1    0    0    1    1     1
[20,]    0    0    0    1    0    0    0    0    0     0
[21,]    1    1    0    1    0    1    1    1    1     0
[22,]    1    1    0    0    1    1    1    0    0     0
[23,]    1    0    1    0    0    0    1    0    1     0
[24,]    0    1    0    0    1    0    0    0    1     1
[25,]    1    0    0    1    0    0    0    1    0     0
[26,]    0    1    0    1    1    0    0    1    1     1
[27,]    0    0    0    0    0    0    0    0    0     1
[28,]    0    0    0    0    1    0    0    0    0     0
[29,]    0    0    1    1    0    0    0    1    0     0
[30,]    1    0    0    1    0    1    1    1    0     0
[31,]    1    0    0    1    0    1    1    0    0     1
[32,]    0    0    0    0    0    0    0    0    0     0
[33,]    0    0    0    1    0    0    0    1    0     0
[34,]    0    1    1    0    0    0    0    0    0     1
[35,]    0    0    1    1    0    0    0    0    0     1
[36,]    0    1    0    1    1    0    1    0    0     0
[37,]    1    1    0    1    1    1    1    1    1     1
[38,]    0    0    0    1    0    0    0    0    0     1
[39,]    0    0    0    1    1    1    1    1    0     1
[40,]    1    1    0    0    1    1    1    1    1     0
[1] "dim of scoring matrix is "
[1] 40 10
[1] "DS index stage 2"
[1] 0.5289147
[1] "KI index stage 2"
[1] -Inf
[1] 1
   Min. 1st Qu.  Median    Mean 3rd Qu.    Max. 
  0.000   2.000   4.000   4.125   5.250  10.000 
[1] "Number of features selected in 1 iterations:"
[1] 38
[1] 1.0000000 0.8666667 0.9333333
[1] 1.0000000 0.8666667 0.9333333
[1] "accuracy: 80.4337132624953 num_feat:38 fitness:53.5277121185678"
[1] -53.52771
[1] "Number of features selected in 2 iterations:"
[1] 32
[1] 1.0000000 0.8666667 0.9333333
[1] 1.0000000 0.8666667 0.9333333
[1] "accuracy: 83.0586002324118 num_feat:32 fitness:51.9848541287553"
[1] -51.98485
[1] "Number of features selected in 3 iterations:"
[1] 29
[1] 1.0000000 0.8666667 0.9666667
[1] 1.0000000 0.8666667 0.9666667
[1] "accuracy: 84.2495535511335 num_feat:29 fitness:51.6061099269863"
[1] -51.60611
[1] "Number of features selected in 4 iterations:"
[1] 23
[1] 1.0000000 1.0000000 0.9666667
[1] 1.0000000 1.0000000 0.9666667
[1] "accuracy: 83.1439136668888 num_feat:23 fitness:53.8698932669202"
[1] -53.86989
[1] "Number of features selected in 5 iterations:"
[1] 15
[1] 1.0000000 1.0000000 0.9666667
[1] 1.0000000 1.0000000 0.9666667
[1] "accuracy: 91.3199423427261 num_feat:15 fitness:59.1787751815211"
[1] -59.17878
[1] "Number of features selected in 6 iterations:"
[1] 10
[1] 1.0000000 0.9666667 1.0000000
[1] 1.0000000 0.9666667 1.0000000
[1] "accuracy: 89.2707375077315 num_feat:10 fitness:62.2552072815698"
[1] -62.25521
[1] "Number of features selected in 7 iterations:"
[1] 7
[1] 1.0000000 0.9666667 0.9666667
[1] 1.0000000 0.9666667 0.9666667
[1] "accuracy: 86.9124492356304 num_feat:7 fitness:54.1365974703357"
[1] -54.1366
[1] "Number of features selected in 8 iterations:"
[1] 4
[1] 1.0000000 1.0000000 0.9333333
[1] 1.0000000 1.0000000 0.9333333
[1] "accuracy: 93.2299970183258 num_feat:4 fitness:67.9638071038851"
[1] -67.96381
[1] "Number of features selected in 9 iterations:"
[1] 4
[1] 1.0000000 1.0000000 0.9333333
[1] 1.0000000 1.0000000 0.9333333
[1] "accuracy: 93.2299970183258 num_feat:4 fitness:67.9638071038851"
[1] -67.96381
[1] "Number of features selected in 10 iterations:"
[1] 3
[1] 1.0000000 0.9666667 0.9333333
[1] 1.0000000 0.9666667 0.9333333
[1] "accuracy: 91.6552482330482 num_feat:3 fitness:65.9316183335137"
[1] -65.93162
   Min. 1st Qu.  Median    Mean 3rd Qu.    Max. 
 0.8929  0.9286  0.9643  0.9500  0.9643  1.0000 
[1] "Number of features selected in 9 iterations:"
[1] 4
[1] "Modified train 10 fold accuracy using train data is "
[1] 95.55556
[1] "Modified train accuracy is "
[1] 0.9777778
[1] "train confusion matrix is "
            trainclass
pred_train   setosa versicolor virginica
  setosa         30          0         0
  versicolor      0         29         1
  virginica       0          1        29
[1] "Train dimension is "
[1] 90  4
[1] "Test dimension is "
[1] 60  4
[1] "Test confusion matrix is "
            
pred         setosa versicolor virginica
  setosa         20          0         0
  versicolor      0         18         4
  virginica       0          2        16
[1] "Test acc is "
[1] 0.9
[1] "train 10 fold"
[1] 96.66667
[1] "Test confusion matrix is "
            
pred         setosa versicolor virginica
  setosa         20          0         0
  versicolor      0         18         4
  virginica       0          2        16
[1] "Test acc is "
[1] 0.9
[1] "Test AUC:"
[1] 0.95
[1] "Train acc is "
[1] 0.9777778
[1] "# of features after CMA:"
There were 50 or more warnings (use warnings() to see the first 50)
Error in print(dim(CMAres$modtrainmata)) : 
  error in evaluating the argument 'x' in selecting a method for function 'print': Error: object 'CMAres' not found
Calls: system.time -> run_pso -> print
Timing stopped at: 136.911 8.168 3748.827 
Execution halted
